=== nextday pipeline start: 2026-05-18T18:29:59 ===
symbol=605499.SH, out_root=/root/stock_realtime_v021_full/saved_data/605499_pipeline_out_v2_new27_full

[2026-05-18T18:29:59] RUN update_data
  /usr/bin/python3 bootstrap/ashare_xgb_dual_opportunity_regression_baostock_full_v19_compressed_trading_axis.py --mode update_data --symbol 605499 --benchmark_symbol 000300 --daily_start 2018-01-01 --daily_end 2026-05-15 --intraday_start '2018-01-01 09:30:00' --intraday_end '2026-05-15 15:00:00' --output_dir /root/stock_realtime_v021_full/saved_data/605499_pipeline_out_v2_new27_full/00_base --cache_mode incremental --feature_cache_mode incremental --adjust qfq
/root/stock_realtime_v021_full/bootstrap/ashare_fetch_and_train_xgb_sell_signal_baostock_state_cache_helper_fix2.py:246: FutureWarning: The behavior of DataFrame concatenation with empty or all-NA entries is deprecated. In a future version, this will no longer exclude empty or all-NA columns when determining the result dtypes. To retain the old behavior, exclude the relevant entries before the concat operation.
  merged = _normalize_daily_df(pd.concat([df_old, df_new], axis=0, ignore_index=True))
/root/stock_realtime_v021_full/bootstrap/ashare_fetch_and_train_xgb_sell_signal_baostock_state_cache_helper_fix2.py:248: FutureWarning: The behavior of DataFrame concatenation with empty or all-NA entries is deprecated. In a future version, this will no longer exclude empty or all-NA columns when determining the result dtypes. To retain the old behavior, exclude the relevant entries before the concat operation.
  merged = _normalize_intraday_df(pd.concat([df_old, df_new], axis=0, ignore_index=True))
/root/stock_realtime_v021_full/bootstrap/ashare_fetch_and_train_xgb_sell_signal_baostock_state_cache_helper_fix2.py:254: FutureWarning: The behavior of DataFrame concatenation with empty or all-NA entries is deprecated. In a future version, this will no longer exclude empty or all-NA columns when determining the result dtypes. To retain the old behavior, exclude the relevant entries before the concat operation.
  merged = _normalize_bench_df(pd.concat([df_old, df_new], axis=0, ignore_index=True))
/root/stock_realtime_v021_full/bootstrap/ashare_fetch_and_train_xgb_sell_signal_baostock_state_cache_helper_fix2.py:250: FutureWarning: The behavior of DataFrame concatenation with empty or all-NA entries is deprecated. In a future version, this will no longer exclude empty or all-NA columns when determining the result dtypes. To retain the old behavior, exclude the relevant entries before the concat operation.
  merged = _normalize_daily_feature_df(pd.concat([df_old, df_new], axis=0, ignore_index=True))
/root/stock_realtime_v021_full/bootstrap/ashare_fetch_and_train_xgb_sell_signal_baostock_state_cache_helper_fix2.py:252: FutureWarning: The behavior of DataFrame concatenation with empty or all-NA entries is deprecated. In a future version, this will no longer exclude empty or all-NA columns when determining the result dtypes. To retain the old behavior, exclude the relevant entries before the concat operation.
  merged = _normalize_intraday_feature_df(pd.concat([df_old, df_new], axis=0, ignore_index=True))
login success!
logout success!
login success!
logout success!
login success!
logout success!
{
  "mode": "update_data",
  "symbol": "605499",
  "data_source": "baostock",
  "daily_rows": 1203,
  "intraday_rows": 57744,
  "daily_min": "2021-05-27 00:00:00",
  "daily_max": "2026-05-15 00:00:00",
  "intraday_min": "2021-05-27 09:35:00",
  "intraday_max": "2026-05-15 15:00:00",
  "base_paths": {
    "daily_csv": "/root/stock_realtime_v021_full/saved_data/605499_pipeline_out_v2_new27_full/00_base/605499_daily.csv",
    "intraday_csv": "/root/stock_realtime_v021_full/saved_data/605499_pipeline_out_v2_new27_full/00_base/605499_5m.csv",
    "benchmark_csv": "/root/stock_realtime_v021_full/saved_data/605499_pipeline_out_v2_new27_full/00_base/000300_benchmark_daily.csv",
    "raw_daily_cache_csv": "/root/stock_realtime_v021_full/saved_data/605499_pipeline_out_v2_new27_full/00_base/raw_cache/605499_daily_raw.csv",
    "raw_intraday_cache_csv": "/root/stock_realtime_v021_full/saved_data/605499_pipeline_out_v2_new27_full/00_base/raw_cache/605499_5m_raw.csv",
    "raw_benchmark_cache_csv": "/root/stock_realtime_v021_full/saved_data/605499_pipeline_out_v2_new27_full/00_base/raw_cache/000300_benchmark_daily_raw.csv",
    "daily_features_csv": "/root/stock_realtime_v021_full/saved_data/605499_pipeline_out_v2_new27_full/00_base/daily_features.csv",
    "intraday_features_csv": "/root/stock_realtime_v021_full/saved_data/605499_pipeline_out_v2_new27_full/00_base/intraday_features.csv",
    "daily_features_cache_csv": "/root/stock_realtime_v021_full/saved_data/605499_pipeline_out_v2_new27_full/00_base/feature_cache/daily_features_cache.csv",
    "intraday_features_cache_csv": "/root/stock_realtime_v021_full/saved_data/605499_pipeline_out_v2_new27_full/00_base/feature_cache/intraday_features_cache.csv",
    "feature_state_json": "/root/stock_realtime_v021_full/saved_data/605499_pipeline_out_v2_new27_full/00_base/feature_cache/feature_state.json"
  },
  "fetch_logs": {
    "symbol": "605499",
    "benchmark_symbol": "000300",
    "daily_start": "2018-01-01",
    "daily_end": "2026-05-15",
    "intraday_start": "2018-01-01 09:30:00",
    "intraday_end": "2026-05-15 15:00:00",
    "perf_start": "2018-01-01",
    "data_source": "baostock",
    "cache_mode": "incremental",
    "force_refresh": false,
    "raw_cache_dir": "/root/stock_realtime_v021_full/saved_data/605499_pipeline_out_v2_new27_full/00_base/raw_cache",
    "feature_cache_dir": "/root/stock_realtime_v021_full/saved_data/605499_pipeline_out_v2_new27_full/00_base/feature_cache",
    "feature_cache_mode": "incremental",
    "daily": {
      "cache_path": "/root/stock_realtime_v021_full/saved_data/605499_pipeline_out_v2_new27_full/00_base/raw_cache/605499_daily_raw.csv",
      "requested_start": "2018-01-01",
      "requested_end": "2026-05-15",
      "mode": "initial_fetch",
      "fetch_segments": [
        {
          "provider": "baostock",
          "code": "sh.605499",
          "adjustflag": "2",
          "rows": 1203,
          "start": "2018-01-01",
          "end": "2026-05-15"
        }
      ],
      "cache_after": {
        "rows": 1203,
        "min": "2021-05-27 00:00:00",
        "max": "2026-05-15 00:00:00"
      }
    },
    "intraday_5m": {
      "cache_path": "/root/stock_realtime_v021_full/saved_data/605499_pipeline_out_v2_new27_full/00_base/raw_cache/605499_5m_raw.csv",
      "requested_start": "2018-01-01 09:30:00",
      "requested_end": "2026-05-15 15:00:00",
      "mode": "initial_fetch",
      "fetch_segments": [
        {
          "provider": "baostock",
          "code": "sh.605499",
          "adjustflag": "2",
          "requested_start": "2018-01-01 09:30:00",
          "effective_start": "2018-01-01 09:30:00",
          "requested_end": "2026-05-15 15:00:00",
          "rows": 57744
        }
      ],
      "cache_after": {
        "rows": 57744,
        "min": "2021-05-27 09:35:00",
        "max": "2026-05-15 15:00:00"
      }
    },
    "benchmark_daily": {
      "cache_path": "/root/stock_realtime_v021_full/saved_data/605499_pipeline_out_v2_new27_full/00_base/raw_cache/000300_benchmark_daily_raw.csv",
      "requested_start": "2018-01-01",
      "requested_end": "2026-05-15",
      "mode": "initial_fetch",
      "fetch_segments": [
        {
          "provider": "baostock",
          "code": "sh.000300",
          "rows": 2027,
          "start": "2018-01-01",
          "end": "2026-05-15"
        }
      ],
      "cache_after": {
        "rows": 2027,
        "min": "2018-01-02 00:00:00",
        "max": "2026-05-15 00:00:00"
      }
    },
    "feature_build": {
      "mode": "full_rebuild",
      "reason": "feature_cache_missing",
      "daily_cache_after": {
        "rows": 1203,
        "min": "2021-05-27 00:00:00",
        "max": "2026-05-15 00:00:00"
      },
      "intraday_cache_after": {
        "rows": 57744,
        "min": "2021-05-27 09:35:00",
        "max": "2026-05-15 15:00:00"
      },
      "daily_context_days": 260,
      "intraday_context_days": 40,
      "daily_appended_rows": 1203,
      "intraday_appended_rows": 57744
    },
    "feature_state": {
      "daily_feature_max": "2026-05-15 00:00:00",
      "intraday_feature_max": "2026-05-15 15:00:00",
      "daily_context_days": 260,
      "intraday_context_days": 40,
      "feature_build_mode": "full_rebuild"
    }
  }
}

[2026-05-18T18:32:39] RUN samples
  /usr/bin/python3 feature_building/build_nextday_samples_from_baostock.py --daily-features /root/stock_realtime_v021_full/saved_data/605499_pipeline_out_v2_new27_full/00_base/daily_features.csv --intraday-bars /root/stock_realtime_v021_full/saved_data/605499_pipeline_out_v2_new27_full/00_base/605499_5m.csv --out-dir /root/stock_realtime_v021_full/saved_data/605499_pipeline_out_v2_new27_full/01_samples --min-bars 40 --keep-unlabeled-tail
{
  "rows": 1203,
  "date_min": "2021-05-27",
  "date_max": "2026-05-15",
  "out": "/root/stock_realtime_v021_full/saved_data/605499_pipeline_out_v2_new27_full/01_samples/training_samples.csv"
}

[2026-05-18T18:32:40] RUN fundamental
  /usr/bin/python3 feature_building/build_fundamental_features.py --symbol 605499.SH --daily-samples /root/stock_realtime_v021_full/saved_data/605499_pipeline_out_v2_new27_full/01_samples/training_samples.csv --out-dir /root/stock_realtime_v021_full/saved_data/605499_pipeline_out_v2_new27_full/02_fundamental --start-date 2018-01-01 --end-date 2026-05-15 --fallback-lag-days 120
login success!
logout success!
{
  "rows": 1203,
  "date_min": "2021-05-27",
  "date_max": "2026-05-15",
  "source_errors": [],
  "top_missing_rates": {
    "ak_fund_小单净流入-净额_sum10": 0.9035743973399833,
    "ak_fund_主力净流入-净额_sum10": 0.9035743973399833,
    "ak_fund_主力净流入-净占比_sum10": 0.9035743973399833,
    "ak_fund_涨跌幅_sum10": 0.9035743973399833,
    "ak_fund_收盘价_sum10": 0.9035743973399833,
    "ak_fund_中单净流入-净额_sum10": 0.9035743973399833,
    "ak_fund_中单净流入-净占比_sum10": 0.9035743973399833,
    "ak_fund_小单净流入-净占比_sum10": 0.9035743973399833,
    "ak_fund_超大单净流入-净额_sum10": 0.9035743973399833,
    "ak_fund_大单净流入-净额_sum10": 0.9035743973399833,
    "ak_fund_大单净流入-净占比_sum10": 0.9035743973399833,
    "ak_fund_超大单净流入-净占比_sum10": 0.9035743973399833,
    "ak_fund_涨跌幅_sum5": 0.9019118869492935,
    "ak_fund_主力净流入-净占比_sum5": 0.9019118869492935,
    "ak_fund_主力净流入-净额_sum5": 0.9019118869492935,
    "ak_fund_收盘价_sum5": 0.9019118869492935,
    "ak_fund_超大单净流入-净占比_sum5": 0.9019118869492935,
    "ak_fund_中单净流入-净占比_sum5": 0.9019118869492935,
    "ak_fund_中单净流入-净额_sum5": 0.9019118869492935,
    "ak_fund_小单净流入-净额_sum5": 0.9019118869492935,
    "ak_fund_小单净流入-净占比_sum5": 0.9019118869492935,
    "ak_fund_大单净流入-净占比_sum5": 0.9019118869492935,
    "ak_fund_大单净流入-净额_sum5": 0.9019118869492935,
    "ak_fund_超大单净流入-净额_sum5": 0.9019118869492935,
    "ak_fund_大单净流入-净额": 0.9002493765586035,
    "ak_fund_超大单净流入-净占比": 0.9002493765586035,
    "ak_fund_超大单净流入-净额": 0.9002493765586035,
    "ak_fund_收盘价": 0.9002493765586035,
    "ak_fund_涨跌幅": 0.9002493765586035,
    "ak_fund_中单净流入-净额": 0.9002493765586035
  },
  "valuation_non_null": {
    "peTTM": 1203,
    "pbMRQ": 1203,
    "psTTM": 1203,
    "pcfNcfTTM": 1203
  },
  "future_effective_date_violations": 0,
  "rows_with_quarterly": 1203,
  "sample_rows": 1203,
  "quarterly_raw_rows": 25,
  "quarterly_used_pubDate_rows": 25,
  "quarterly_fallback_rows": 0,
  "elapsed_seconds": 127.53,
  "symbol": "605499",
  "baostock_code": "sh.605499",
  "valuation_rows": 1203,
  "fund_flow_rows": 121,
  "feature_columns": 125,
  "merged_columns": 194,
  "outputs": {
    "daily_valuation": "/root/stock_realtime_v021_full/saved_data/605499_pipeline_out_v2_new27_full/02_fundamental/baostock_daily_valuation.csv",
    "quarterly_fundamentals": "/root/stock_realtime_v021_full/saved_data/605499_pipeline_out_v2_new27_full/02_fundamental/baostock_quarterly_fundamentals_pit.csv",
    "fundamental_features": "/root/stock_realtime_v021_full/saved_data/605499_pipeline_out_v2_new27_full/02_fundamental/fundamental_features.csv",
    "merged_samples": "/root/stock_realtime_v021_full/saved_data/605499_pipeline_out_v2_new27_full/02_fundamental/training_samples_with_fundamentals.csv"
  }
}

[2026-05-18T18:34:48] RUN sector
  /usr/bin/python3 feature_building/build_sector_features.py --samples /root/stock_realtime_v021_full/saved_data/605499_pipeline_out_v2_new27_full/02_fundamental/training_samples_with_fundamentals.csv --out-dir /root/stock_realtime_v021_full/saved_data/605499_pipeline_out_v2_new27_full/03_sector --sector-symbol '饮料制造' --start-date 2018-01-01 --end-date 2026-05-15

  0%|          | 0/9 [00:00<?, ?it/s]
 11%|█         | 1/9 [00:00<00:01,  4.15it/s]
 22%|██▏       | 2/9 [00:00<00:01,  4.22it/s]
 33%|███▎      | 3/9 [00:00<00:01,  4.43it/s]
 44%|████▍     | 4/9 [00:00<00:01,  4.47it/s]
 56%|█████▌    | 5/9 [00:01<00:00,  4.45it/s]
 67%|██████▋   | 6/9 [00:01<00:00,  4.23it/s]
 78%|███████▊  | 7/9 [00:01<00:00,  4.20it/s]
 89%|████████▉ | 8/9 [00:01<00:00,  4.27it/s]
100%|██████████| 9/9 [00:02<00:00,  4.46it/s]
                                             
{
  "sector_symbol": "饮料制造",
  "sector_rows": 2027,
  "sector_date_min": "2018-01-02",
  "sector_date_max": "2026-05-15",
  "sample_rows": 1203,
  "merged_rows": 1203,
  "sector_feature_cols": 23,
  "top_missing": {
    "sector_ret60": 0.04987531172069826,
    "sector_ma60_gap": 0.02493765586034913,
    "stock_vs_sector_ret20": 0.01662510390689942,
    "sector_ret20": 0.01662510390689942,
    "sector_vol20": 0.00914380714879468,
    "sector_ma20_gap": 0.00831255195344971,
    "sector_range_z20": 0.00831255195344971,
    "sector_volume_shock20": 0.00831255195344971,
    "sector_amount_z20": 0.00831255195344971,
    "sector_volume_z20": 0.00831255195344971,
    "sector_amount_shock20": 0.00831255195344971,
    "sector_ret5": 0.004156275976724855,
    "stock_vs_sector_ret5": 0.004156275976724855,
    "sector_vs_bench_ret5": 0.004156275976724855,
    "stock_vs_sector_ret1": 0.0008312551953449709,
    "sector_ret1": 0.0008312551953449709,
    "sector_amount": 0.0,
    "sector_volume": 0.0,
    "sector_close": 0.0,
    "sector_low": 0.0
  },
  "outputs": {
    "sector_index": "/root/stock_realtime_v021_full/saved_data/605499_pipeline_out_v2_new27_full/03_sector/sector_index_ths.csv",
    "sector_features": "/root/stock_realtime_v021_full/saved_data/605499_pipeline_out_v2_new27_full/03_sector/sector_features.csv",
    "merged_samples": "/root/stock_realtime_v021_full/saved_data/605499_pipeline_out_v2_new27_full/03_sector/training_samples_with_sector.csv"
  }
}
[INFO] final samples for search: /root/stock_realtime_v021_full/saved_data/605499_pipeline_out_v2_new27_full/03_sector/training_samples_with_sector.csv

[2026-05-18T18:34:53] RUN search_vwap_low_hit_50bps
  /usr/bin/python3 model_training/search_walk_forward_model_complexity.py --samples /root/stock_realtime_v021_full/saved_data/605499_pipeline_out_v2_new27_full/03_sector/training_samples_with_sector.csv --intraday-bars /root/stock_realtime_v021_full/saved_data/605499_pipeline_out_v2_new27_full/00_base/605499_5m.csv --out-dir /root/stock_realtime_v021_full/saved_data/605499_pipeline_out_v2_new27_full/10_search/search_vwap_low_hit_50bps --round-trip-cost-bps 1.7 --target-hit-bps 50.0 --label-mode hit --entry-policy vwap_low --entry-vwap-premium-bps 50.0 --max-missing 0.35 --groups reversal_fundamental_regime,reversal_fundamental_regime_sector,reversal_fundamental_regime_sector_external,all_no_ak --models xgb_d2_200_lr003_mcw5,xgb_d3_400_lr003_mcw3,xgb_d3_600_lr002_mcw3,xgb_d4_500_lr002_mcw5,lgbm_leaves7_400,lgbm_leaves15_700,extra_trees_600_d3,random_forest_600_d4 --quantiles 0.5,0.6,0.7,0.8 --train-rows 756 --valid-rows 126 --test-rows 63 --min-valid-trades 8 --min-train-entries 80
{
  "rows": 1202,
  "target_hit_bps": 50.0,
  "label_mode": "hit",
  "entry_policy": "vwap_low",
  "entry_vwap_premium_bps": 50.0,
  "groups": {
    "reversal_fundamental_regime": 135,
    "reversal_fundamental_regime_sector": 158,
    "reversal_fundamental_regime_sector_external": 158,
    "all_no_ak": 199
  },
  "models": [
    "xgb_d2_200_lr003_mcw5",
    "xgb_d3_400_lr003_mcw3",
    "xgb_d3_600_lr002_mcw3",
    "xgb_d4_500_lr002_mcw5",
    "extra_trees_600_d3",
    "random_forest_600_d4",
    "lgbm_leaves7_400",
    "lgbm_leaves15_700"
  ],
  "top": [
    {
      "entry_policy": "vwap_low",
      "feature_group": "all_no_ak",
      "model_name": "lgbm_leaves15_700",
      "target_hit_bps": 50.0,
      "trades": 55,
      "win_rate": 0.7818181818181819,
      "avg_return": -0.0010159804637201206,
      "median_return": 0.005,
      "compound_return": -0.058255011306940885,
      "max_drawdown": -0.09449284579552386,
      "profit_factor": 0.7937125400194475,
      "windows": 5
    },
    {
      "entry_policy": "vwap_low",
      "feature_group": "reversal_fundamental_regime",
      "model_name": "xgb_d3_600_lr002_mcw3",
      "target_hit_bps": 50.0,
      "trades": 69,
      "win_rate": 0.7971014492753623,
      "avg_return": -0.0010377042083925994,
      "median_return": 0.005,
      "compound_return": -0.07465532193250157,
      "max_drawdown": -0.09824779565288377,
      "profit_factor": 0.7934181712762011,
      "windows": 5
    },
    {
      "entry_policy": "vwap_low",
      "feature_group": "reversal_fundamental_regime",
      "model_name": "random_forest_600_d4",
      "target_hit_bps": 50.0,
      "trades": 66,
      "win_rate": 0.7575757575757576,
      "avg_return": -0.0011351460316529462,
      "median_return": 0.005,
      "compound_return": -0.07636673304123331,
      "max_drawdown": -0.1268018050790587,
      "profit_factor": 0.7694210219803609,
      "windows": 5
    },
    {
      "entry_policy": "vwap_low",
      "feature_group": "reversal_fundamental_regime",
      "model_name": "xgb_d4_500_lr002_mcw5",
      "target_hit_bps": 50.0,
      "trades": 60,
      "win_rate": 0.7666666666666667,
      "avg_return": -0.0013430343084599584,
      "median_return": 0.005,
      "compound_return": -0.0818672517705914,
      "max_drawdown": -0.10244083089310652,
      "profit_factor": 0.7405450305313555,
      "windows": 5
    },
    {
      "entry_policy": "vwap_low",
      "feature_group": "all_no_ak",
      "model_name": "extra_trees_600_d3",
      "target_hit_bps": 50.0,
      "trades": 68,
      "win_rate": 0.7794117647058824,
      "avg_return": -0.0011844467283924948,
      "median_return": 0.005,
      "compound_return": -0.08261575066909677,
      "max_drawdown": -0.16462233108527924,
      "profit_factor": 0.7669102756476339,
      "windows": 5
    },
    {
      "entry_policy": "vwap_low",
      "feature_group": "all_no_ak",
      "model_name": "xgb_d3_400_lr003_mcw3",
      "target_hit_bps": 50.0,
      "trades": 67,
      "win_rate": 0.746268656716418,
      "avg_return": -0.0014792305321092167,
      "median_return": 0.005,
      "compound_return": -0.09937021428254056,
      "max_drawdown": -0.11633072052897253,
      "profit_factor": 0.7161098595984555,
      "windows": 5
    },
    {
      "entry_policy": "vwap_low",
      "feature_group": "all_no_ak",
      "model_name": "xgb_d4_500_lr002_mcw5",
      "target_hit_bps": 50.0,
      "trades": 77,
      "win_rate": 0.7402597402597403,
      "avg_return": -0.0016770800542278282,
      "median_return": 0.005,
      "compound_return": -0.12672114197816553,
      "max_drawdown": -0.13481718472896742,
      "profit_factor": 0.68818111731076,
      "windows": 5
    },
    {
      "entry_policy": "vwap_low",
      "feature_group": "all_no_ak",
      "model_name": "xgb_d2_200_lr003_mcw5",
      "target_hit_bps": 50.0,
      "trades": 67,
      "win_rate": 0.746268656716418,
      "avg_return": -0.0019641216902071676,
      "median_return": 0.005,
      "compound_return": -0.12861589831267195,
      "max_drawdown": -0.13629732611149448,
      "profit_factor": 0.6551428725756143,
      "windows": 5
    },
    {
      "entry_policy": "vwap_low",
      "feature_group": "all_no_ak",
      "model_name": "random_forest_600_d4",
      "target_hit_bps": 50.0,
      "trades": 87,
      "win_rate": 0.7586206896551724,
      "avg_return": -0.0015298537928374397,
      "median_return": 0.005,
      "compound_return": -0.1308903554645613,
      "max_drawdown": -0.16579754766716626,
      "profit_factor": 0.7125932590588556,
      "windows": 5
    },
    {
      "entry_policy": "vwap_low",
      "feature_group": "reversal_fundamental_regime_sector",
      "model_name": "xgb_d2_200_lr003_mcw5",
      "target_hit_bps": 50.0,
      "trades": 82,
      "win_rate": 0.7439024390243902,
      "avg_return": -0.0017007794027721341,
      "median_return": 0.005,
      "compound_return": -0.13562062803547836,
      "max_drawdown": -0.13504909743385418,
      "profit_factor": 0.686219943695847,
      "windows": 5
    },
    {
      "entry_policy": "vwap_low",
      "feature_group": "reversal_fundamental_regime_sector_external",
      "model_name": "xgb_d2_200_lr003_mcw5",
      "target_hit_bps": 50.0,
      "trades": 82,
      "win_rate": 0.7439024390243902,
      "avg_return": -0.0017007794027721341,
      "median_return": 0.005,
      "compound_return": -0.13562062803547836,
      "max_drawdown": -0.13504909743385418,
      "profit_factor": 0.686219943695847,
      "windows": 5
    },
    {
      "entry_policy": "vwap_low",
      "feature_group": "reversal_fundamental_regime_sector",
      "model_name": "xgb_d4_500_lr002_mcw5",
      "target_hit_bps": 50.0,
      "trades": 66,
      "win_rate": 0.7575757575757576,
      "avg_return": -0.0021639495530256883,
      "median_return": 0.005,
      "compound_return": -0.13860343736099168,
      "max_drawdown": -0.13372404839812657,
      "profit_factor": 0.6364227210395587,
      "windows": 5
    },
    {
      "entry_policy": "vwap_low",
      "feature_group": "reversal_fundamental_regime_sector_external",
      "model_name": "xgb_d4_500_lr002_mcw5",
      "target_hit_bps": 50.0,
      "trades": 66,
      "win_rate": 0.7575757575757576,
      "avg_return": -0.0021639495530256883,
      "median_return": 0.005,
      "compound_return": -0.13860343736099168,
      "max_drawdown": -0.13372404839812657,
      "profit_factor": 0.6364227210395587,
      "windows": 5
    },
    {
      "entry_policy": "vwap_low",
      "feature_group": "reversal_fundamental_regime",
      "model_name": "xgb_d3_400_lr003_mcw3",
      "target_hit_bps": 50.0,
      "trades": 93,
      "win_rate": 0.7419354838709677,
      "avg_return": -0.001639547297620625,
      "median_return": 0.005,
      "compound_return": -0.14984405394340805,
      "max_drawdown": -0.12426519613910392,
      "profit_factor": 0.6934981451765124,
      "windows": 5
    },
    {
      "entry_policy": "vwap_low",
      "feature_group": "reversal_fundamental_regime",
      "model_name": "xgb_d2_200_lr003_mcw5",
      "target_hit_bps": 50.0,
      "trades": 86,
      "win_rate": 0.7325581395348837,
      "avg_return": -0.0018638001831152566,
      "median_return": 0.005,
      "compound_return": -0.15402696543699157,
      "max_drawdown": -0.1921837257292237,
      "profit_factor": 0.6627577066372345,
      "windows": 5
    },
    {
      "entry_policy": "vwap_low",
      "feature_group": "reversal_fundamental_regime",
      "model_name": "lgbm_leaves15_700",
      "target_hit_bps": 50.0,
      "trades": 68,
      "win_rate": 0.75,
      "avg_return": -0.002497210570611462,
      "median_return": 0.005,
      "compound_return": -0.1638544101588233,
      "max_drawdown": -0.11033149191852354,
      "profit_factor": 0.6002679047895385,
      "windows": 5
    },
    {
      "entry_policy": "vwap_low",
      "feature_group": "all_no_ak",
      "model_name": "xgb_d3_600_lr002_mcw3",
      "target_hit_bps": 50.0,
      "trades": 85,
      "win_rate": 0.7411764705882353,
      "avg_return": -0.002371466511812085,
      "median_return": 0.005,
      "compound_return": -0.19209120133407886,
      "max_drawdown": -0.2184294495312301,
      "profit_factor": 0.6097860161417005,
      "windows": 5
    },
    {
      "entry_policy": "vwap_low",
      "feature_group": "reversal_fundamental_regime_sector",
      "model_name": "xgb_d3_400_lr003_mcw3",
      "target_hit_bps": 50.0,
      "trades": 84,
      "win_rate": 0.7380952380952381,
      "avg_return": -0.0024931061754584777,
      "median_return": 0.005,
      "compound_return": -0.19569437223609942,
      "max_drawdown": -0.18986919957768866,
      "profit_factor": 0.5968184738359774,
      "windows": 5
    },
    {
      "entry_policy": "vwap_low",
      "feature_group": "reversal_fundamental_regime_sector_external",
      "model_name": "xgb_d3_400_lr003_mcw3",
      "target_hit_bps": 50.0,
      "trades": 84,
      "win_rate": 0.7380952380952381,
      "avg_return": -0.0024931061754584777,
      "median_return": 0.005,
      "compound_return": -0.19569437223609942,
      "max_drawdown": -0.18986919957768866,
      "profit_factor": 0.5968184738359774,
      "windows": 5
    },
    {
      "entry_policy": "vwap_low",
      "feature_group": "reversal_fundamental_regime_sector",
      "model_name": "extra_trees_600_d3",
      "target_hit_bps": 50.0,
      "trades": 100,
      "win_rate": 0.73,
      "avg_return": -0.0022239884498882713,
      "median_return": 0.005,
      "compound_return": -0.20671835883717293,
      "max_drawdown": -0.2271897486541643,
      "profit_factor": 0.6213835847888715,
      "windows": 5
    }
  ]
}

[2026-05-18T18:40:04] RUN search_vwap_low_hit_80bps
  /usr/bin/python3 model_training/search_walk_forward_model_complexity.py --samples /root/stock_realtime_v021_full/saved_data/605499_pipeline_out_v2_new27_full/03_sector/training_samples_with_sector.csv --intraday-bars /root/stock_realtime_v021_full/saved_data/605499_pipeline_out_v2_new27_full/00_base/605499_5m.csv --out-dir /root/stock_realtime_v021_full/saved_data/605499_pipeline_out_v2_new27_full/10_search/search_vwap_low_hit_80bps --round-trip-cost-bps 1.7 --target-hit-bps 80.0 --label-mode hit --entry-policy vwap_low --entry-vwap-premium-bps 50.0 --max-missing 0.35 --groups reversal_fundamental_regime,reversal_fundamental_regime_sector,reversal_fundamental_regime_sector_external,all_no_ak --models xgb_d2_200_lr003_mcw5,xgb_d3_400_lr003_mcw3,xgb_d3_600_lr002_mcw3,xgb_d4_500_lr002_mcw5,lgbm_leaves7_400,lgbm_leaves15_700,extra_trees_600_d3,random_forest_600_d4 --quantiles 0.5,0.6,0.7,0.8 --train-rows 756 --valid-rows 126 --test-rows 63 --min-valid-trades 8 --min-train-entries 80
{
  "rows": 1202,
  "target_hit_bps": 80.0,
  "label_mode": "hit",
  "entry_policy": "vwap_low",
  "entry_vwap_premium_bps": 50.0,
  "groups": {
    "reversal_fundamental_regime": 135,
    "reversal_fundamental_regime_sector": 158,
    "reversal_fundamental_regime_sector_external": 158,
    "all_no_ak": 199
  },
  "models": [
    "xgb_d2_200_lr003_mcw5",
    "xgb_d3_400_lr003_mcw3",
    "xgb_d3_600_lr002_mcw3",
    "xgb_d4_500_lr002_mcw5",
    "extra_trees_600_d3",
    "random_forest_600_d4",
    "lgbm_leaves7_400",
    "lgbm_leaves15_700"
  ],
  "top": [
    {
      "entry_policy": "vwap_low",
      "feature_group": "all_no_ak",
      "model_name": "xgb_d2_200_lr003_mcw5",
      "target_hit_bps": 80.0,
      "trades": 73,
      "win_rate": 0.6712328767123288,
      "avg_return": -0.0013202901007314809,
      "median_return": 0.008,
      "compound_return": -0.09919897080091389,
      "max_drawdown": -0.13983795280052702,
      "profit_factor": 0.7987478485102415,
      "windows": 5
    },
    {
      "entry_policy": "vwap_low",
      "feature_group": "all_no_ak",
      "model_name": "xgb_d3_600_lr002_mcw3",
      "target_hit_bps": 80.0,
      "trades": 86,
      "win_rate": 0.6976744186046512,
      "avg_return": -0.0016720479209938637,
      "median_return": 0.008,
      "compound_return": -0.14673673950805033,
      "max_drawdown": -0.22422284527952607,
      "profit_factor": 0.7659273106922351,
      "windows": 5
    },
    {
      "entry_policy": "vwap_low",
      "feature_group": "reversal_fundamental_regime_sector",
      "model_name": "xgb_d2_200_lr003_mcw5",
      "target_hit_bps": 80.0,
      "trades": 90,
      "win_rate": 0.6666666666666666,
      "avg_return": -0.0016536147258982385,
      "median_return": 0.008,
      "compound_return": -0.14758928986213427,
      "max_drawdown": -0.15222233413022335,
      "profit_factor": 0.7590895139565832,
      "windows": 5
    },
    {
      "entry_policy": "vwap_low",
      "feature_group": "reversal_fundamental_regime_sector_external",
      "model_name": "xgb_d2_200_lr003_mcw5",
      "target_hit_bps": 80.0,
      "trades": 90,
      "win_rate": 0.6666666666666666,
      "avg_return": -0.0016536147258982385,
      "median_return": 0.008,
      "compound_return": -0.14758928986213427,
      "max_drawdown": -0.15222233413022335,
      "profit_factor": 0.7590895139565832,
      "windows": 5
    },
    {
      "entry_policy": "vwap_low",
      "feature_group": "reversal_fundamental_regime_sector",
      "model_name": "xgb_d3_600_lr002_mcw3",
      "target_hit_bps": 80.0,
      "trades": 89,
      "win_rate": 0.651685393258427,
      "avg_return": -0.0020601793193918603,
      "median_return": 0.008,
      "compound_return": -0.17658894087132093,
      "max_drawdown": -0.1660313277031198,
      "profit_factor": 0.7087434967737128,
      "windows": 5
    },
    {
      "entry_policy": "vwap_low",
      "feature_group": "reversal_fundamental_regime_sector_external",
      "model_name": "xgb_d3_600_lr002_mcw3",
      "target_hit_bps": 80.0,
      "trades": 89,
      "win_rate": 0.651685393258427,
      "avg_return": -0.0020601793193918603,
      "median_return": 0.008,
      "compound_return": -0.17658894087132093,
      "max_drawdown": -0.1660313277031198,
      "profit_factor": 0.7087434967737128,
      "windows": 5
    },
    {
      "entry_policy": "vwap_low",
      "feature_group": "reversal_fundamental_regime",
      "model_name": "lgbm_leaves7_400",
      "target_hit_bps": 80.0,
      "trades": 136,
      "win_rate": 0.6544117647058824,
      "avg_return": -0.001337201472234747,
      "median_return": 0.008,
      "compound_return": -0.17828761509314295,
      "max_drawdown": -0.2499832182534103,
      "profit_factor": 0.7898072427773835,
      "windows": 5
    },
    {
      "entry_policy": "vwap_low",
      "feature_group": "reversal_fundamental_regime",
      "model_name": "random_forest_600_d4",
      "target_hit_bps": 80.0,
      "trades": 101,
      "win_rate": 0.6336633663366337,
      "avg_return": -0.0020910192854148297,
      "median_return": 0.008,
      "compound_return": -0.2005176577640876,
      "max_drawdown": -0.14479120757425357,
      "profit_factor": 0.7002903644706292,
      "windows": 5
    },
    {
      "entry_policy": "vwap_low",
      "feature_group": "all_no_ak",
      "model_name": "xgb_d3_400_lr003_mcw3",
      "target_hit_bps": 80.0,
      "trades": 92,
      "win_rate": 0.6739130434782609,
      "avg_return": -0.002271659140485015,
      "median_return": 0.008,
      "compound_return": -0.20132689315757557,
      "max_drawdown": -0.24238587941907364,
      "profit_factor": 0.6995155660197131,
      "windows": 5
    },
    {
      "entry_policy": "vwap_low",
      "feature_group": "reversal_fundamental_regime_sector",
      "model_name": "xgb_d4_500_lr002_mcw5",
      "target_hit_bps": 80.0,
      "trades": 101,
      "win_rate": 0.6534653465346535,
      "avg_return": -0.0023453020879594033,
      "median_return": 0.008,
      "compound_return": -0.22251244195732478,
      "max_drawdown": -0.17945940197897303,
      "profit_factor": 0.6803799360359459,
      "windows": 5
    },
    {
      "entry_policy": "vwap_low",
      "feature_group": "reversal_fundamental_regime_sector_external",
      "model_name": "xgb_d4_500_lr002_mcw5",
      "target_hit_bps": 80.0,
      "trades": 101,
      "win_rate": 0.6534653465346535,
      "avg_return": -0.0023453020879594033,
      "median_return": 0.008,
      "compound_return": -0.22251244195732478,
      "max_drawdown": -0.17945940197897303,
      "profit_factor": 0.6803799360359459,
      "windows": 5
    },
    {
      "entry_policy": "vwap_low",
      "feature_group": "reversal_fundamental_regime_sector",
      "model_name": "xgb_d3_400_lr003_mcw3",
      "target_hit_bps": 80.0,
      "trades": 93,
      "win_rate": 0.6774193548387096,
      "avg_return": -0.002656620430209089,
      "median_return": 0.008,
      "compound_return": -0.2332326836976999,
      "max_drawdown": -0.21993619044895962,
      "profit_factor": 0.6630512002795786,
      "windows": 5
    },
    {
      "entry_policy": "vwap_low",
      "feature_group": "reversal_fundamental_regime_sector_external",
      "model_name": "xgb_d3_400_lr003_mcw3",
      "target_hit_bps": 80.0,
      "trades": 93,
      "win_rate": 0.6774193548387096,
      "avg_return": -0.002656620430209089,
      "median_return": 0.008,
      "compound_return": -0.2332326836976999,
      "max_drawdown": -0.21993619044895962,
      "profit_factor": 0.6630512002795786,
      "windows": 5
    },
    {
      "entry_policy": "vwap_low",
      "feature_group": "reversal_fundamental_regime_sector",
      "model_name": "lgbm_leaves15_700",
      "target_hit_bps": 80.0,
      "trades": 95,
      "win_rate": 0.6631578947368421,
      "avg_return": -0.002637325003615628,
      "median_return": 0.008,
      "compound_return": -0.234914966172469,
      "max_drawdown": -0.24296666331399375,
      "profit_factor": 0.6630103813396164,
      "windows": 5
    },
    {
      "entry_policy": "vwap_low",
      "feature_group": "reversal_fundamental_regime_sector_external",
      "model_name": "lgbm_leaves15_700",
      "target_hit_bps": 80.0,
      "trades": 95,
      "win_rate": 0.6631578947368421,
      "avg_return": -0.002637325003615628,
      "median_return": 0.008,
      "compound_return": -0.234914966172469,
      "max_drawdown": -0.24296666331399375,
      "profit_factor": 0.6630103813396164,
      "windows": 5
    },
    {
      "entry_policy": "vwap_low",
      "feature_group": "all_no_ak",
      "model_name": "extra_trees_600_d3",
      "target_hit_bps": 80.0,
      "trades": 85,
      "win_rate": 0.611764705882353,
      "avg_return": -0.003029160241745676,
      "median_return": 0.008,
      "compound_return": -0.23691714309562684,
      "max_drawdown": -0.18585130949960527,
      "profit_factor": 0.6143453577127912,
      "windows": 5
    },
    {
      "entry_policy": "vwap_low",
      "feature_group": "reversal_fundamental_regime_sector",
      "model_name": "lgbm_leaves7_400",
      "target_hit_bps": 80.0,
      "trades": 97,
      "win_rate": 0.6804123711340206,
      "avg_return": -0.0026388216183372074,
      "median_return": 0.008,
      "compound_return": -0.23953803659817396,
      "max_drawdown": -0.2347021430125822,
      "profit_factor": 0.6688252855842249,
      "windows": 5
    },
    {
      "entry_policy": "vwap_low",
      "feature_group": "reversal_fundamental_regime_sector_external",
      "model_name": "lgbm_leaves7_400",
      "target_hit_bps": 80.0,
      "trades": 97,
      "win_rate": 0.6804123711340206,
      "avg_return": -0.0026388216183372074,
      "median_return": 0.008,
      "compound_return": -0.23953803659817396,
      "max_drawdown": -0.2347021430125822,
      "profit_factor": 0.6688252855842249,
      "windows": 5
    },
    {
      "entry_policy": "vwap_low",
      "feature_group": "all_no_ak",
      "model_name": "random_forest_600_d4",
      "target_hit_bps": 80.0,
      "trades": 126,
      "win_rate": 0.6507936507936508,
      "avg_return": -0.0021642932562156067,
      "median_return": 0.008,
      "compound_return": -0.2517442964051123,
      "max_drawdown": -0.21668083202896093,
      "profit_factor": 0.7014517962747963,
      "windows": 5
    },
    {
      "entry_policy": "vwap_low",
      "feature_group": "all_no_ak",
      "model_name": "lgbm_leaves15_700",
      "target_hit_bps": 80.0,
      "trades": 94,
      "win_rate": 0.6808510638297872,
      "avg_return": -0.0029048076586223655,
      "median_return": 0.008,
      "compound_return": -0.25332855768102835,
      "max_drawdown": -0.25729279502499003,
      "profit_factor": 0.6420784785294942,
      "windows": 5
    }
  ]
}

[2026-05-18T18:45:16] RUN search_vwap_low_close_profit_50bps
  /usr/bin/python3 model_training/search_walk_forward_model_complexity.py --samples /root/stock_realtime_v021_full/saved_data/605499_pipeline_out_v2_new27_full/03_sector/training_samples_with_sector.csv --intraday-bars /root/stock_realtime_v021_full/saved_data/605499_pipeline_out_v2_new27_full/00_base/605499_5m.csv --out-dir /root/stock_realtime_v021_full/saved_data/605499_pipeline_out_v2_new27_full/10_search/search_vwap_low_close_profit_50bps --round-trip-cost-bps 1.7 --target-hit-bps 50.0 --label-mode close_profit --entry-policy vwap_low --entry-vwap-premium-bps 50.0 --max-missing 0.35 --groups reversal_fundamental_regime,reversal_fundamental_regime_sector,reversal_fundamental_regime_sector_external,all_no_ak --models xgb_d2_200_lr003_mcw5,xgb_d3_400_lr003_mcw3,xgb_d3_600_lr002_mcw3,xgb_d4_500_lr002_mcw5,lgbm_leaves7_400,lgbm_leaves15_700,extra_trees_600_d3,random_forest_600_d4 --quantiles 0.5,0.6,0.7,0.8 --train-rows 756 --valid-rows 126 --test-rows 63 --min-valid-trades 8 --min-train-entries 80
{
  "rows": 1202,
  "target_hit_bps": 50.0,
  "label_mode": "close_profit",
  "entry_policy": "vwap_low",
  "entry_vwap_premium_bps": 50.0,
  "groups": {
    "reversal_fundamental_regime": 135,
    "reversal_fundamental_regime_sector": 158,
    "reversal_fundamental_regime_sector_external": 158,
    "all_no_ak": 199
  },
  "models": [
    "xgb_d2_200_lr003_mcw5",
    "xgb_d3_400_lr003_mcw3",
    "xgb_d3_600_lr002_mcw3",
    "xgb_d4_500_lr002_mcw5",
    "extra_trees_600_d3",
    "random_forest_600_d4",
    "lgbm_leaves7_400",
    "lgbm_leaves15_700"
  ],
  "top": [
    {
      "entry_policy": "vwap_low",
      "feature_group": "all_no_ak",
      "model_name": "xgb_d2_200_lr003_mcw5",
      "target_hit_bps": 50.0,
      "trades": 102,
      "win_rate": 0.49019607843137253,
      "avg_return": 0.001924626073450598,
      "median_return": -0.00013572172899600427,
      "compound_return": 0.1882291166443546,
      "max_drawdown": -0.22417293735601918,
      "profit_factor": 1.2525073964705518,
      "windows": 5
    },
    {
      "entry_policy": "vwap_low",
      "feature_group": "reversal_fundamental_regime_sector",
      "model_name": "random_forest_600_d4",
      "target_hit_bps": 50.0,
      "trades": 114,
      "win_rate": 0.4649122807017544,
      "avg_return": 0.0017218459798347522,
      "median_return": -0.0013576364703831133,
      "compound_return": 0.18658186536751153,
      "max_drawdown": -0.1720065618022233,
      "profit_factor": 1.2292489819639811,
      "windows": 5
    },
    {
      "entry_policy": "vwap_low",
      "feature_group": "reversal_fundamental_regime_sector_external",
      "model_name": "random_forest_600_d4",
      "target_hit_bps": 50.0,
      "trades": 114,
      "win_rate": 0.4649122807017544,
      "avg_return": 0.0017218459798347522,
      "median_return": -0.0013576364703831133,
      "compound_return": 0.18658186536751153,
      "max_drawdown": -0.1720065618022233,
      "profit_factor": 1.2292489819639811,
      "windows": 5
    },
    {
      "entry_policy": "vwap_low",
      "feature_group": "reversal_fundamental_regime",
      "model_name": "lgbm_leaves7_400",
      "target_hit_bps": 50.0,
      "trades": 128,
      "win_rate": 0.46875,
      "avg_return": 0.0013141288686077466,
      "median_return": -0.00022983909343298956,
      "compound_return": 0.15103128526639753,
      "max_drawdown": -0.22335848485037124,
      "profit_factor": 1.1748169811574543,
      "windows": 5
    },
    {
      "entry_policy": "vwap_low",
      "feature_group": "all_no_ak",
      "model_name": "extra_trees_600_d3",
      "target_hit_bps": 50.0,
      "trades": 127,
      "win_rate": 0.47244094488188976,
      "avg_return": 0.000908777388261319,
      "median_return": -0.0009639085561691206,
      "compound_return": 0.0922795570697601,
      "max_drawdown": -0.19972660582247193,
      "profit_factor": 1.1178872147691123,
      "windows": 5
    },
    {
      "entry_policy": "vwap_low",
      "feature_group": "all_no_ak",
      "model_name": "random_forest_600_d4",
      "target_hit_bps": 50.0,
      "trades": 93,
      "win_rate": 0.4731182795698925,
      "avg_return": 0.0009183704504836556,
      "median_return": -0.00020730925642653203,
      "compound_return": 0.06896858574501041,
      "max_drawdown": -0.22631731189546467,
      "profit_factor": 1.119696648386106,
      "windows": 5
    },
    {
      "entry_policy": "vwap_low",
      "feature_group": "reversal_fundamental_regime_sector",
      "model_name": "extra_trees_600_d3",
      "target_hit_bps": 50.0,
      "trades": 100,
      "win_rate": 0.49,
      "avg_return": 0.0008330001504000677,
      "median_return": -0.000188654628213266,
      "compound_return": 0.0676541519433922,
      "max_drawdown": -0.1933899063163823,
      "profit_factor": 1.1162500528126476,
      "windows": 5
    },
    {
      "entry_policy": "vwap_low",
      "feature_group": "reversal_fundamental_regime_sector_external",
      "model_name": "extra_trees_600_d3",
      "target_hit_bps": 50.0,
      "trades": 100,
      "win_rate": 0.49,
      "avg_return": 0.0008330001504000677,
      "median_return": -0.000188654628213266,
      "compound_return": 0.0676541519433922,
      "max_drawdown": -0.1933899063163823,
      "profit_factor": 1.1162500528126476,
      "windows": 5
    },
    {
      "entry_policy": "vwap_low",
      "feature_group": "reversal_fundamental_regime",
      "model_name": "xgb_d2_200_lr003_mcw5",
      "target_hit_bps": 50.0,
      "trades": 116,
      "win_rate": 0.47413793103448276,
      "avg_return": 0.0004951848475827024,
      "median_return": -0.0005856089062978263,
      "compound_return": 0.032236634119096275,
      "max_drawdown": -0.2724964351925384,
      "profit_factor": 1.0609972095852291,
      "windows": 5
    },
    {
      "entry_policy": "vwap_low",
      "feature_group": "reversal_fundamental_regime",
      "model_name": "extra_trees_600_d3",
      "target_hit_bps": 50.0,
      "trades": 111,
      "win_rate": 0.45045045045045046,
      "avg_return": 0.00026715002917695416,
      "median_return": -0.0014272466298803597,
      "compound_return": 0.009657529142204968,
      "max_drawdown": -0.18885420517328222,
      "profit_factor": 1.0360794056383995,
      "windows": 5
    },
    {
      "entry_policy": "vwap_low",
      "feature_group": "all_no_ak",
      "model_name": "lgbm_leaves7_400",
      "target_hit_bps": 50.0,
      "trades": 87,
      "win_rate": 0.4827586206896552,
      "avg_return": -5.20879032588879e-05,
      "median_return": -0.00016999999999999999,
      "compound_return": -0.022158318276713773,
      "max_drawdown": -0.22433939339859454,
      "profit_factor": 0.9935093835961203,
      "windows": 5
    },
    {
      "entry_policy": "vwap_low",
      "feature_group": "reversal_fundamental_regime_sector",
      "model_name": "xgb_d3_400_lr003_mcw3",
      "target_hit_bps": 50.0,
      "trades": 85,
      "win_rate": 0.4470588235294118,
      "avg_return": -0.0001247316221018593,
      "median_return": -0.0012880263108858668,
      "compound_return": -0.02646364484538466,
      "max_drawdown": -0.17621360961111732,
      "profit_factor": 0.98372000200283,
      "windows": 5
    },
    {
      "entry_policy": "vwap_low",
      "feature_group": "reversal_fundamental_regime_sector_external",
      "model_name": "xgb_d3_400_lr003_mcw3",
      "target_hit_bps": 50.0,
      "trades": 85,
      "win_rate": 0.4470588235294118,
      "avg_return": -0.0001247316221018593,
      "median_return": -0.0012880263108858668,
      "compound_return": -0.02646364484538466,
      "max_drawdown": -0.17621360961111732,
      "profit_factor": 0.98372000200283,
      "windows": 5
    },
    {
      "entry_policy": "vwap_low",
      "feature_group": "reversal_fundamental_regime",
      "model_name": "lgbm_leaves15_700",
      "target_hit_bps": 50.0,
      "trades": 98,
      "win_rate": 0.4489795918367347,
      "avg_return": -6.321260465323258e-05,
      "median_return": -0.0006184528876221305,
      "compound_return": -0.030315385498454805,
      "max_drawdown": -0.17580131182966563,
      "profit_factor": 0.9925867583164559,
      "windows": 5
    },
    {
      "entry_policy": "vwap_low",
      "feature_group": "all_no_ak",
      "model_name": "xgb_d3_400_lr003_mcw3",
      "target_hit_bps": 50.0,
      "trades": 90,
      "win_rate": 0.45555555555555555,
      "avg_return": -0.0005345157405854513,
      "median_return": -0.0011259674335274937,
      "compound_return": -0.07037409185734267,
      "max_drawdown": -0.2469583480514168,
      "profit_factor": 0.9411193888509136,
      "windows": 5
    },
    {
      "entry_policy": "vwap_low",
      "feature_group": "reversal_fundamental_regime",
      "model_name": "xgb_d3_400_lr003_mcw3",
      "target_hit_bps": 50.0,
      "trades": 103,
      "win_rate": 0.4077669902912621,
      "avg_return": -0.000763231958789564,
      "median_return": -0.002371411698930733,
      "compound_return": -0.09444110269622452,
      "max_drawdown": -0.23262422233529512,
      "profit_factor": 0.9094451575514175,
      "windows": 5
    },
    {
      "entry_policy": "vwap_low",
      "feature_group": "reversal_fundamental_regime",
      "model_name": "random_forest_600_d4",
      "target_hit_bps": 50.0,
      "trades": 147,
      "win_rate": 0.4217687074829932,
      "avg_return": -0.00045609299667793166,
      "median_return": -0.0025044134350720136,
      "compound_return": -0.09491115972482145,
      "max_drawdown": -0.29467677238116075,
      "profit_factor": 0.9461650428827624,
      "windows": 5
    },
    {
      "entry_policy": "vwap_low",
      "feature_group": "all_no_ak",
      "model_name": "lgbm_leaves15_700",
      "target_hit_bps": 50.0,
      "trades": 83,
      "win_rate": 0.46987951807228917,
      "avg_return": -0.0010492675925059963,
      "median_return": -0.00025236893043944705,
      "compound_return": -0.09843957057448671,
      "max_drawdown": -0.21029713145379847,
      "profit_factor": 0.8749724302016607,
      "windows": 5
    },
    {
      "entry_policy": "vwap_low",
      "feature_group": "reversal_fundamental_regime_sector",
      "model_name": "lgbm_leaves15_700",
      "target_hit_bps": 50.0,
      "trades": 61,
      "win_rate": 0.4262295081967213,
      "avg_return": -0.00169383062970865,
      "median_return": -0.0012880263108858668,
      "compound_return": -0.10677755506614461,
      "max_drawdown": -0.15734057886805664,
      "profit_factor": 0.7808780145549736,
      "windows": 5
    },
    {
      "entry_policy": "vwap_low",
      "feature_group": "reversal_fundamental_regime_sector_external",
      "model_name": "lgbm_leaves15_700",
      "target_hit_bps": 50.0,
      "trades": 61,
      "win_rate": 0.4262295081967213,
      "avg_return": -0.00169383062970865,
      "median_return": -0.0012880263108858668,
      "compound_return": -0.10677755506614461,
      "max_drawdown": -0.15734057886805664,
      "profit_factor": 0.7808780145549736,
      "windows": 5
    }
  ]
}

[2026-05-18T18:50:25] RUN search_all_days_hit_50bps
  /usr/bin/python3 model_training/search_walk_forward_model_complexity.py --samples /root/stock_realtime_v021_full/saved_data/605499_pipeline_out_v2_new27_full/03_sector/training_samples_with_sector.csv --intraday-bars /root/stock_realtime_v021_full/saved_data/605499_pipeline_out_v2_new27_full/00_base/605499_5m.csv --out-dir /root/stock_realtime_v021_full/saved_data/605499_pipeline_out_v2_new27_full/10_search/search_all_days_hit_50bps --round-trip-cost-bps 1.7 --target-hit-bps 50.0 --label-mode hit --entry-policy all_days --entry-vwap-premium-bps 50.0 --max-missing 0.35 --groups reversal_fundamental_regime,reversal_fundamental_regime_sector,reversal_fundamental_regime_sector_external,all_no_ak --models xgb_d2_200_lr003_mcw5,xgb_d3_400_lr003_mcw3,xgb_d3_600_lr002_mcw3,xgb_d4_500_lr002_mcw5,lgbm_leaves7_400,lgbm_leaves15_700,extra_trees_600_d3,random_forest_600_d4 --quantiles 0.5,0.6,0.7,0.8 --train-rows 756 --valid-rows 126 --test-rows 63 --min-valid-trades 8 --min-train-entries 80
{
  "rows": 1202,
  "target_hit_bps": 50.0,
  "label_mode": "hit",
  "entry_policy": "all_days",
  "entry_vwap_premium_bps": 50.0,
  "groups": {
    "reversal_fundamental_regime": 135,
    "reversal_fundamental_regime_sector": 158,
    "reversal_fundamental_regime_sector_external": 158,
    "all_no_ak": 199
  },
  "models": [
    "xgb_d2_200_lr003_mcw5",
    "xgb_d3_400_lr003_mcw3",
    "xgb_d3_600_lr002_mcw3",
    "xgb_d4_500_lr002_mcw5",
    "extra_trees_600_d3",
    "random_forest_600_d4",
    "lgbm_leaves7_400",
    "lgbm_leaves15_700"
  ],
  "top": [
    {
      "entry_policy": "all_days",
      "feature_group": "all_no_ak",
      "model_name": "xgb_d3_600_lr002_mcw3",
      "target_hit_bps": 50.0,
      "trades": 80,
      "win_rate": 0.775,
      "avg_return": -0.00022282679502688392,
      "median_return": 0.005,
      "compound_return": -0.022388316713998213,
      "max_drawdown": -0.0498999880088401,
      "profit_factor": 0.9456231787792239,
      "windows": 5
    },
    {
      "entry_policy": "all_days",
      "feature_group": "all_no_ak",
      "model_name": "xgb_d3_400_lr003_mcw3",
      "target_hit_bps": 50.0,
      "trades": 73,
      "win_rate": 0.7397260273972602,
      "avg_return": -0.0008404213895120707,
      "median_return": 0.005,
      "compound_return": -0.06385143376648206,
      "max_drawdown": -0.08148082361898801,
      "profit_factor": 0.8148464751709021,
      "windows": 5
    },
    {
      "entry_policy": "all_days",
      "feature_group": "reversal_fundamental_regime",
      "model_name": "xgb_d4_500_lr002_mcw5",
      "target_hit_bps": 50.0,
      "trades": 75,
      "win_rate": 0.7466666666666667,
      "avg_return": -0.0008851848822034608,
      "median_return": 0.005,
      "compound_return": -0.06902871268020916,
      "max_drawdown": -0.11271298296622667,
      "profit_factor": 0.8083400690668102,
      "windows": 5
    },
    {
      "entry_policy": "all_days",
      "feature_group": "reversal_fundamental_regime",
      "model_name": "xgb_d3_600_lr002_mcw3",
      "target_hit_bps": 50.0,
      "trades": 79,
      "win_rate": 0.7721518987341772,
      "avg_return": -0.0010058068697456736,
      "median_return": 0.005,
      "compound_return": -0.08220969920263199,
      "max_drawdown": -0.11175858847413078,
      "profit_factor": 0.7933230958676275,
      "windows": 5
    },
    {
      "entry_policy": "all_days",
      "feature_group": "reversal_fundamental_regime",
      "model_name": "xgb_d2_200_lr003_mcw5",
      "target_hit_bps": 50.0,
      "trades": 73,
      "win_rate": 0.7397260273972602,
      "avg_return": -0.0012181094622251071,
      "median_return": 0.005,
      "compound_return": -0.08997264109296732,
      "max_drawdown": -0.13343423063138204,
      "profit_factor": 0.7522525979572972,
      "windows": 5
    },
    {
      "entry_policy": "all_days",
      "feature_group": "reversal_fundamental_regime",
      "model_name": "xgb_d3_400_lr003_mcw3",
      "target_hit_bps": 50.0,
      "trades": 93,
      "win_rate": 0.7849462365591398,
      "avg_return": -0.0011390669287705006,
      "median_return": 0.005,
      "compound_return": -0.10932474008887838,
      "max_drawdown": -0.08752028742504758,
      "profit_factor": 0.7750568044628866,
      "windows": 5
    },
    {
      "entry_policy": "all_days",
      "feature_group": "reversal_fundamental_regime",
      "model_name": "random_forest_600_d4",
      "target_hit_bps": 50.0,
      "trades": 83,
      "win_rate": 0.7228915662650602,
      "avg_return": -0.001674900768389496,
      "median_return": 0.005,
      "compound_return": -0.13540600669265745,
      "max_drawdown": -0.18551193960911994,
      "profit_factor": 0.6808941620309933,
      "windows": 5
    },
    {
      "entry_policy": "all_days",
      "feature_group": "all_no_ak",
      "model_name": "extra_trees_600_d3",
      "target_hit_bps": 50.0,
      "trades": 78,
      "win_rate": 0.7435897435897436,
      "avg_return": -0.0018296925825725004,
      "median_return": 0.005,
      "compound_return": -0.1388087895724972,
      "max_drawdown": -0.19589921115135245,
      "profit_factor": 0.6675951243673799,
      "windows": 5
    },
    {
      "entry_policy": "all_days",
      "feature_group": "all_no_ak",
      "model_name": "lgbm_leaves7_400",
      "target_hit_bps": 50.0,
      "trades": 68,
      "win_rate": 0.75,
      "avg_return": -0.00215216429392195,
      "median_return": 0.005,
      "compound_return": -0.14300644929665562,
      "max_drawdown": -0.08693322525681846,
      "profit_factor": 0.6353601515060756,
      "windows": 5
    },
    {
      "entry_policy": "all_days",
      "feature_group": "reversal_fundamental_regime_sector",
      "model_name": "xgb_d4_500_lr002_mcw5",
      "target_hit_bps": 50.0,
      "trades": 85,
      "win_rate": 0.7411764705882353,
      "avg_return": -0.001787096705803409,
      "median_return": 0.005,
      "compound_return": -0.14710978974486077,
      "max_drawdown": -0.14756644299680666,
      "profit_factor": 0.6746580158614609,
      "windows": 5
    },
    {
      "entry_policy": "all_days",
      "feature_group": "reversal_fundamental_regime_sector_external",
      "model_name": "xgb_d4_500_lr002_mcw5",
      "target_hit_bps": 50.0,
      "trades": 85,
      "win_rate": 0.7411764705882353,
      "avg_return": -0.001787096705803409,
      "median_return": 0.005,
      "compound_return": -0.14710978974486077,
      "max_drawdown": -0.14756644299680666,
      "profit_factor": 0.6746580158614609,
      "windows": 5
    },
    {
      "entry_policy": "all_days",
      "feature_group": "all_no_ak",
      "model_name": "xgb_d2_200_lr003_mcw5",
      "target_hit_bps": 50.0,
      "trades": 90,
      "win_rate": 0.7222222222222222,
      "avg_return": -0.0018044034656643023,
      "median_return": 0.005,
      "compound_return": -0.15598409946614544,
      "max_drawdown": -0.176227325583313,
      "profit_factor": 0.6668084925110281,
      "windows": 5
    },
    {
      "entry_policy": "all_days",
      "feature_group": "reversal_fundamental_regime_sector",
      "model_name": "xgb_d2_200_lr003_mcw5",
      "target_hit_bps": 50.0,
      "trades": 86,
      "win_rate": 0.7209302325581395,
      "avg_return": -0.00205153957387928,
      "median_return": 0.005,
      "compound_return": -0.16771653760075678,
      "max_drawdown": -0.17939360884880273,
      "profit_factor": 0.6372930706564006,
      "windows": 5
    },
    {
      "entry_policy": "all_days",
      "feature_group": "reversal_fundamental_regime_sector_external",
      "model_name": "xgb_d2_200_lr003_mcw5",
      "target_hit_bps": 50.0,
      "trades": 86,
      "win_rate": 0.7209302325581395,
      "avg_return": -0.00205153957387928,
      "median_return": 0.005,
      "compound_return": -0.16771653760075678,
      "max_drawdown": -0.17939360884880273,
      "profit_factor": 0.6372930706564006,
      "windows": 5
    },
    {
      "entry_policy": "all_days",
      "feature_group": "reversal_fundamental_regime_sector",
      "model_name": "xgb_d3_400_lr003_mcw3",
      "target_hit_bps": 50.0,
      "trades": 107,
      "win_rate": 0.7383177570093458,
      "avg_return": -0.001649203273270607,
      "median_return": 0.005,
      "compound_return": -0.16906152325021795,
      "max_drawdown": -0.1639703369015515,
      "profit_factor": 0.6893733053925024,
      "windows": 5
    },
    {
      "entry_policy": "all_days",
      "feature_group": "reversal_fundamental_regime_sector_external",
      "model_name": "xgb_d3_400_lr003_mcw3",
      "target_hit_bps": 50.0,
      "trades": 107,
      "win_rate": 0.7383177570093458,
      "avg_return": -0.001649203273270607,
      "median_return": 0.005,
      "compound_return": -0.16906152325021795,
      "max_drawdown": -0.1639703369015515,
      "profit_factor": 0.6893733053925024,
      "windows": 5
    },
    {
      "entry_policy": "all_days",
      "feature_group": "all_no_ak",
      "model_name": "random_forest_600_d4",
      "target_hit_bps": 50.0,
      "trades": 62,
      "win_rate": 0.7096774193548387,
      "avg_return": -0.0032202575145366306,
      "median_return": 0.005,
      "compound_return": -0.18669270105825497,
      "max_drawdown": -0.20726937756202646,
      "profit_factor": 0.5203850790222266,
      "windows": 5
    },
    {
      "entry_policy": "all_days",
      "feature_group": "reversal_fundamental_regime_sector",
      "model_name": "xgb_d3_600_lr002_mcw3",
      "target_hit_bps": 50.0,
      "trades": 108,
      "win_rate": 0.7222222222222222,
      "avg_return": -0.0019235722117649057,
      "median_return": 0.005,
      "compound_return": -0.1947693775378767,
      "max_drawdown": -0.19084047296934148,
      "profit_factor": 0.6482554049931949,
      "windows": 5
    },
    {
      "entry_policy": "all_days",
      "feature_group": "reversal_fundamental_regime_sector_external",
      "model_name": "xgb_d3_600_lr002_mcw3",
      "target_hit_bps": 50.0,
      "trades": 108,
      "win_rate": 0.7222222222222222,
      "avg_return": -0.0019235722117649057,
      "median_return": 0.005,
      "compound_return": -0.1947693775378767,
      "max_drawdown": -0.19084047296934148,
      "profit_factor": 0.6482554049931949,
      "windows": 5
    },
    {
      "entry_policy": "all_days",
      "feature_group": "all_no_ak",
      "model_name": "xgb_d4_500_lr002_mcw5",
      "target_hit_bps": 50.0,
      "trades": 96,
      "win_rate": 0.7291666666666666,
      "avg_return": -0.0026225343128512216,
      "median_return": 0.005,
      "compound_return": -0.23249231274942728,
      "max_drawdown": -0.24339081212098856,
      "profit_factor": 0.5816240429918765,
      "windows": 5
    }
  ]
}

[2026-05-18T18:55:31] RUN search_all_days_hit_80bps
  /usr/bin/python3 model_training/search_walk_forward_model_complexity.py --samples /root/stock_realtime_v021_full/saved_data/605499_pipeline_out_v2_new27_full/03_sector/training_samples_with_sector.csv --intraday-bars /root/stock_realtime_v021_full/saved_data/605499_pipeline_out_v2_new27_full/00_base/605499_5m.csv --out-dir /root/stock_realtime_v021_full/saved_data/605499_pipeline_out_v2_new27_full/10_search/search_all_days_hit_80bps --round-trip-cost-bps 1.7 --target-hit-bps 80.0 --label-mode hit --entry-policy all_days --entry-vwap-premium-bps 50.0 --max-missing 0.35 --groups reversal_fundamental_regime,reversal_fundamental_regime_sector,reversal_fundamental_regime_sector_external,all_no_ak --models xgb_d2_200_lr003_mcw5,xgb_d3_400_lr003_mcw3,xgb_d3_600_lr002_mcw3,xgb_d4_500_lr002_mcw5,lgbm_leaves7_400,lgbm_leaves15_700,extra_trees_600_d3,random_forest_600_d4 --quantiles 0.5,0.6,0.7,0.8 --train-rows 756 --valid-rows 126 --test-rows 63 --min-valid-trades 8 --min-train-entries 80
{
  "rows": 1202,
  "target_hit_bps": 80.0,
  "label_mode": "hit",
  "entry_policy": "all_days",
  "entry_vwap_premium_bps": 50.0,
  "groups": {
    "reversal_fundamental_regime": 135,
    "reversal_fundamental_regime_sector": 158,
    "reversal_fundamental_regime_sector_external": 158,
    "all_no_ak": 199
  },
  "models": [
    "xgb_d2_200_lr003_mcw5",
    "xgb_d3_400_lr003_mcw3",
    "xgb_d3_600_lr002_mcw3",
    "xgb_d4_500_lr002_mcw5",
    "extra_trees_600_d3",
    "random_forest_600_d4",
    "lgbm_leaves7_400",
    "lgbm_leaves15_700"
  ],
  "top": [
    {
      "entry_policy": "all_days",
      "feature_group": "all_no_ak",
      "model_name": "xgb_d3_600_lr002_mcw3",
      "target_hit_bps": 80.0,
      "trades": 88,
      "win_rate": 0.6704545454545454,
      "avg_return": -0.002206731974506724,
      "median_return": 0.008,
      "compound_return": -0.1889211666564179,
      "max_drawdown": -0.21447659026062982,
      "profit_factor": 0.7014017196081089,
      "windows": 5
    },
    {
      "entry_policy": "all_days",
      "feature_group": "reversal_fundamental_regime_sector",
      "model_name": "lgbm_leaves15_700",
      "target_hit_bps": 80.0,
      "trades": 108,
      "win_rate": 0.6666666666666666,
      "avg_return": -0.0018984816551694456,
      "median_return": 0.008,
      "compound_return": -0.19788780808924378,
      "max_drawdown": -0.15175113362865367,
      "profit_factor": 0.7290901655034535,
      "windows": 5
    },
    {
      "entry_policy": "all_days",
      "feature_group": "reversal_fundamental_regime_sector_external",
      "model_name": "lgbm_leaves15_700",
      "target_hit_bps": 80.0,
      "trades": 108,
      "win_rate": 0.6666666666666666,
      "avg_return": -0.0018984816551694456,
      "median_return": 0.008,
      "compound_return": -0.19788780808924378,
      "max_drawdown": -0.15175113362865367,
      "profit_factor": 0.7290901655034535,
      "windows": 5
    },
    {
      "entry_policy": "all_days",
      "feature_group": "reversal_fundamental_regime_sector",
      "model_name": "xgb_d2_200_lr003_mcw5",
      "target_hit_bps": 80.0,
      "trades": 86,
      "win_rate": 0.6046511627906976,
      "avg_return": -0.0025649181707267945,
      "median_return": 0.008,
      "compound_return": -0.20632180667000333,
      "max_drawdown": -0.18616074586240328,
      "profit_factor": 0.6502817271039697,
      "windows": 5
    },
    {
      "entry_policy": "all_days",
      "feature_group": "reversal_fundamental_regime_sector_external",
      "model_name": "xgb_d2_200_lr003_mcw5",
      "target_hit_bps": 80.0,
      "trades": 86,
      "win_rate": 0.6046511627906976,
      "avg_return": -0.0025649181707267945,
      "median_return": 0.008,
      "compound_return": -0.20632180667000333,
      "max_drawdown": -0.18616074586240328,
      "profit_factor": 0.6502817271039697,
      "windows": 5
    },
    {
      "entry_policy": "all_days",
      "feature_group": "all_no_ak",
      "model_name": "xgb_d2_200_lr003_mcw5",
      "target_hit_bps": 80.0,
      "trades": 96,
      "win_rate": 0.65625,
      "avg_return": -0.0023087351559612514,
      "median_return": 0.008,
      "compound_return": -0.21302184340925434,
      "max_drawdown": -0.19847533421936125,
      "profit_factor": 0.6898316885357478,
      "windows": 5
    },
    {
      "entry_policy": "all_days",
      "feature_group": "all_no_ak",
      "model_name": "extra_trees_600_d3",
      "target_hit_bps": 80.0,
      "trades": 95,
      "win_rate": 0.6210526315789474,
      "avg_return": -0.0024019140422257695,
      "median_return": 0.008,
      "compound_return": -0.21430711134490565,
      "max_drawdown": -0.16172820468147564,
      "profit_factor": 0.6683266383098496,
      "windows": 5
    },
    {
      "entry_policy": "all_days",
      "feature_group": "reversal_fundamental_regime_sector",
      "model_name": "xgb_d3_400_lr003_mcw3",
      "target_hit_bps": 80.0,
      "trades": 102,
      "win_rate": 0.6568627450980392,
      "avg_return": -0.0023720573032513935,
      "median_return": 0.008,
      "compound_return": -0.228842209416403,
      "max_drawdown": -0.1748217938375256,
      "profit_factor": 0.6790077842856006,
      "windows": 5
    },
    {
      "entry_policy": "all_days",
      "feature_group": "reversal_fundamental_regime_sector_external",
      "model_name": "xgb_d3_400_lr003_mcw3",
      "target_hit_bps": 80.0,
      "trades": 102,
      "win_rate": 0.6568627450980392,
      "avg_return": -0.0023720573032513935,
      "median_return": 0.008,
      "compound_return": -0.228842209416403,
      "max_drawdown": -0.1748217938375256,
      "profit_factor": 0.6790077842856006,
      "windows": 5
    },
    {
      "entry_policy": "all_days",
      "feature_group": "reversal_fundamental_regime_sector",
      "model_name": "random_forest_600_d4",
      "target_hit_bps": 80.0,
      "trades": 119,
      "win_rate": 0.6302521008403361,
      "avg_return": -0.002231680950536201,
      "median_return": 0.008,
      "compound_return": -0.24574996097294144,
      "max_drawdown": -0.22097226171615447,
      "profit_factor": 0.6887947481126495,
      "windows": 5
    },
    {
      "entry_policy": "all_days",
      "feature_group": "reversal_fundamental_regime_sector_external",
      "model_name": "random_forest_600_d4",
      "target_hit_bps": 80.0,
      "trades": 119,
      "win_rate": 0.6302521008403361,
      "avg_return": -0.002231680950536201,
      "median_return": 0.008,
      "compound_return": -0.24574996097294144,
      "max_drawdown": -0.22097226171615447,
      "profit_factor": 0.6887947481126495,
      "windows": 5
    },
    {
      "entry_policy": "all_days",
      "feature_group": "all_no_ak",
      "model_name": "lgbm_leaves15_700",
      "target_hit_bps": 80.0,
      "trades": 114,
      "win_rate": 0.6403508771929824,
      "avg_return": -0.002364830134845268,
      "median_return": 0.008,
      "compound_return": -0.24850108630539114,
      "max_drawdown": -0.23690076906810043,
      "profit_factor": 0.6751258655034063,
      "windows": 5
    },
    {
      "entry_policy": "all_days",
      "feature_group": "reversal_fundamental_regime",
      "model_name": "lgbm_leaves7_400",
      "target_hit_bps": 80.0,
      "trades": 138,
      "win_rate": 0.6376811594202898,
      "avg_return": -0.0020484183359988305,
      "median_return": 0.008,
      "compound_return": -0.2607511394212152,
      "max_drawdown": -0.2879092367856396,
      "profit_factor": 0.7049329209230045,
      "windows": 5
    },
    {
      "entry_policy": "all_days",
      "feature_group": "reversal_fundamental_regime_sector",
      "model_name": "xgb_d3_600_lr002_mcw3",
      "target_hit_bps": 80.0,
      "trades": 101,
      "win_rate": 0.6336633663366337,
      "avg_return": -0.002924895504590974,
      "median_return": 0.008,
      "compound_return": -0.26823200747150433,
      "max_drawdown": -0.25884942351378804,
      "profit_factor": 0.6228209487567442,
      "windows": 5
    },
    {
      "entry_policy": "all_days",
      "feature_group": "reversal_fundamental_regime_sector_external",
      "model_name": "xgb_d3_600_lr002_mcw3",
      "target_hit_bps": 80.0,
      "trades": 101,
      "win_rate": 0.6336633663366337,
      "avg_return": -0.002924895504590974,
      "median_return": 0.008,
      "compound_return": -0.26823200747150433,
      "max_drawdown": -0.25884942351378804,
      "profit_factor": 0.6228209487567442,
      "windows": 5
    },
    {
      "entry_policy": "all_days",
      "feature_group": "all_no_ak",
      "model_name": "xgb_d3_400_lr003_mcw3",
      "target_hit_bps": 80.0,
      "trades": 102,
      "win_rate": 0.6274509803921569,
      "avg_return": -0.003031233160071483,
      "median_return": 0.008,
      "compound_return": -0.2783172520381366,
      "max_drawdown": -0.29453200436929394,
      "profit_factor": 0.6160804798136958,
      "windows": 5
    },
    {
      "entry_policy": "all_days",
      "feature_group": "reversal_fundamental_regime_sector",
      "model_name": "lgbm_leaves7_400",
      "target_hit_bps": 80.0,
      "trades": 109,
      "win_rate": 0.6605504587155964,
      "avg_return": -0.0029378347312431293,
      "median_return": 0.008,
      "compound_return": -0.288076548400483,
      "max_drawdown": -0.27485494462254056,
      "profit_factor": 0.6356074504874124,
      "windows": 5
    },
    {
      "entry_policy": "all_days",
      "feature_group": "reversal_fundamental_regime_sector_external",
      "model_name": "lgbm_leaves7_400",
      "target_hit_bps": 80.0,
      "trades": 109,
      "win_rate": 0.6605504587155964,
      "avg_return": -0.0029378347312431293,
      "median_return": 0.008,
      "compound_return": -0.288076548400483,
      "max_drawdown": -0.27485494462254056,
      "profit_factor": 0.6356074504874124,
      "windows": 5
    },
    {
      "entry_policy": "all_days",
      "feature_group": "reversal_fundamental_regime_sector",
      "model_name": "xgb_d4_500_lr002_mcw5",
      "target_hit_bps": 80.0,
      "trades": 112,
      "win_rate": 0.6517857142857143,
      "avg_return": -0.0029114112123541395,
      "median_return": 0.008,
      "compound_return": -0.2930461399247959,
      "max_drawdown": -0.2598203107260746,
      "profit_factor": 0.6294341710634034,
      "windows": 5
    },
    {
      "entry_policy": "all_days",
      "feature_group": "reversal_fundamental_regime_sector_external",
      "model_name": "xgb_d4_500_lr002_mcw5",
      "target_hit_bps": 80.0,
      "trades": 112,
      "win_rate": 0.6517857142857143,
      "avg_return": -0.0029114112123541395,
      "median_return": 0.008,
      "compound_return": -0.2930461399247959,
      "max_drawdown": -0.2598203107260746,
      "profit_factor": 0.6294341710634034,
      "windows": 5
    }
  ]
}

[2026-05-18T19:00:43] RUN search_all_days_close_profit_50bps
  /usr/bin/python3 model_training/search_walk_forward_model_complexity.py --samples /root/stock_realtime_v021_full/saved_data/605499_pipeline_out_v2_new27_full/03_sector/training_samples_with_sector.csv --intraday-bars /root/stock_realtime_v021_full/saved_data/605499_pipeline_out_v2_new27_full/00_base/605499_5m.csv --out-dir /root/stock_realtime_v021_full/saved_data/605499_pipeline_out_v2_new27_full/10_search/search_all_days_close_profit_50bps --round-trip-cost-bps 1.7 --target-hit-bps 50.0 --label-mode close_profit --entry-policy all_days --entry-vwap-premium-bps 50.0 --max-missing 0.35 --groups reversal_fundamental_regime,reversal_fundamental_regime_sector,reversal_fundamental_regime_sector_external,all_no_ak --models xgb_d2_200_lr003_mcw5,xgb_d3_400_lr003_mcw3,xgb_d3_600_lr002_mcw3,xgb_d4_500_lr002_mcw5,lgbm_leaves7_400,lgbm_leaves15_700,extra_trees_600_d3,random_forest_600_d4 --quantiles 0.5,0.6,0.7,0.8 --train-rows 756 --valid-rows 126 --test-rows 63 --min-valid-trades 8 --min-train-entries 80
{
  "rows": 1202,
  "target_hit_bps": 50.0,
  "label_mode": "close_profit",
  "entry_policy": "all_days",
  "entry_vwap_premium_bps": 50.0,
  "groups": {
    "reversal_fundamental_regime": 135,
    "reversal_fundamental_regime_sector": 158,
    "reversal_fundamental_regime_sector_external": 158,
    "all_no_ak": 199
  },
  "models": [
    "xgb_d2_200_lr003_mcw5",
    "xgb_d3_400_lr003_mcw3",
    "xgb_d3_600_lr002_mcw3",
    "xgb_d4_500_lr002_mcw5",
    "extra_trees_600_d3",
    "random_forest_600_d4",
    "lgbm_leaves7_400",
    "lgbm_leaves15_700"
  ],
  "top": [
    {
      "entry_policy": "all_days",
      "feature_group": "all_no_ak",
      "model_name": "xgb_d2_200_lr003_mcw5",
      "target_hit_bps": 50.0,
      "trades": 113,
      "win_rate": 0.5398230088495575,
      "avg_return": 0.0023514529300594513,
      "median_return": 0.0027748166958303545,
      "compound_return": 0.2724022996069335,
      "max_drawdown": -0.2303270176235097,
      "profit_factor": 1.3300894608171605,
      "windows": 5
    },
    {
      "entry_policy": "all_days",
      "feature_group": "reversal_fundamental_regime",
      "model_name": "extra_trees_600_d3",
      "target_hit_bps": 50.0,
      "trades": 137,
      "win_rate": 0.4744525547445255,
      "avg_return": 0.000861539167053162,
      "median_return": -0.0009639085561691206,
      "compound_return": 0.0975373366195631,
      "max_drawdown": -0.20426624860776832,
      "profit_factor": 1.1200575336040322,
      "windows": 5
    },
    {
      "entry_policy": "all_days",
      "feature_group": "reversal_fundamental_regime",
      "model_name": "lgbm_leaves7_400",
      "target_hit_bps": 50.0,
      "trades": 112,
      "win_rate": 0.4642857142857143,
      "avg_return": 0.0007324663862313304,
      "median_return": -0.0006184528876221305,
      "compound_return": 0.058526508895291984,
      "max_drawdown": -0.2468493237260032,
      "profit_factor": 1.0917098788088826,
      "windows": 5
    },
    {
      "entry_policy": "all_days",
      "feature_group": "all_no_ak",
      "model_name": "random_forest_600_d4",
      "target_hit_bps": 50.0,
      "trades": 127,
      "win_rate": 0.47244094488188976,
      "avg_return": 0.000594530958411767,
      "median_return": -0.00020730925642653203,
      "compound_return": 0.04874607313889889,
      "max_drawdown": -0.24777104716303633,
      "profit_factor": 1.074743476562379,
      "windows": 5
    },
    {
      "entry_policy": "all_days",
      "feature_group": "reversal_fundamental_regime_sector",
      "model_name": "lgbm_leaves15_700",
      "target_hit_bps": 50.0,
      "trades": 89,
      "win_rate": 0.48314606741573035,
      "avg_return": 0.0006909914301534286,
      "median_return": -0.00016999999999999999,
      "compound_return": 0.03932606286822371,
      "max_drawdown": -0.1776394111460785,
      "profit_factor": 1.0892838601619785,
      "windows": 5
    },
    {
      "entry_policy": "all_days",
      "feature_group": "reversal_fundamental_regime_sector_external",
      "model_name": "lgbm_leaves15_700",
      "target_hit_bps": 50.0,
      "trades": 89,
      "win_rate": 0.48314606741573035,
      "avg_return": 0.0006909914301534286,
      "median_return": -0.00016999999999999999,
      "compound_return": 0.03932606286822371,
      "max_drawdown": -0.1776394111460785,
      "profit_factor": 1.0892838601619785,
      "windows": 5
    },
    {
      "entry_policy": "all_days",
      "feature_group": "reversal_fundamental_regime_sector",
      "model_name": "random_forest_600_d4",
      "target_hit_bps": 50.0,
      "trades": 139,
      "win_rate": 0.460431654676259,
      "avg_return": 0.00047389723069953395,
      "median_return": -0.0012880263108858668,
      "compound_return": 0.03795985205664265,
      "max_drawdown": -0.3040722077391571,
      "profit_factor": 1.0598797109463056,
      "windows": 5
    },
    {
      "entry_policy": "all_days",
      "feature_group": "reversal_fundamental_regime_sector_external",
      "model_name": "random_forest_600_d4",
      "target_hit_bps": 50.0,
      "trades": 139,
      "win_rate": 0.460431654676259,
      "avg_return": 0.00047389723069953395,
      "median_return": -0.0012880263108858668,
      "compound_return": 0.03795985205664265,
      "max_drawdown": -0.3040722077391571,
      "profit_factor": 1.0598797109463056,
      "windows": 5
    },
    {
      "entry_policy": "all_days",
      "feature_group": "reversal_fundamental_regime_sector",
      "model_name": "extra_trees_600_d3",
      "target_hit_bps": 50.0,
      "trades": 135,
      "win_rate": 0.4740740740740741,
      "avg_return": 0.0003668908335799578,
      "median_return": -0.0009639085561691206,
      "compound_return": 0.02687551966641699,
      "max_drawdown": -0.23838255168535583,
      "profit_factor": 1.0505427493085462,
      "windows": 5
    },
    {
      "entry_policy": "all_days",
      "feature_group": "reversal_fundamental_regime_sector_external",
      "model_name": "extra_trees_600_d3",
      "target_hit_bps": 50.0,
      "trades": 135,
      "win_rate": 0.4740740740740741,
      "avg_return": 0.0003668908335799578,
      "median_return": -0.0009639085561691206,
      "compound_return": 0.02687551966641699,
      "max_drawdown": -0.23838255168535583,
      "profit_factor": 1.0505427493085462,
      "windows": 5
    },
    {
      "entry_policy": "all_days",
      "feature_group": "reversal_fundamental_regime_sector",
      "model_name": "xgb_d4_500_lr002_mcw5",
      "target_hit_bps": 50.0,
      "trades": 87,
      "win_rate": 0.45977011494252873,
      "avg_return": 0.0004056638908242696,
      "median_return": -0.0009639085561691206,
      "compound_return": 0.02044957058745278,
      "max_drawdown": -0.15762987907900938,
      "profit_factor": 1.057018067478231,
      "windows": 5
    },
    {
      "entry_policy": "all_days",
      "feature_group": "reversal_fundamental_regime_sector_external",
      "model_name": "xgb_d4_500_lr002_mcw5",
      "target_hit_bps": 50.0,
      "trades": 87,
      "win_rate": 0.45977011494252873,
      "avg_return": 0.0004056638908242696,
      "median_return": -0.0009639085561691206,
      "compound_return": 0.02044957058745278,
      "max_drawdown": -0.15762987907900938,
      "profit_factor": 1.057018067478231,
      "windows": 5
    },
    {
      "entry_policy": "all_days",
      "feature_group": "reversal_fundamental_regime_sector",
      "model_name": "xgb_d3_600_lr002_mcw3",
      "target_hit_bps": 50.0,
      "trades": 109,
      "win_rate": 0.46788990825688076,
      "avg_return": 0.00019966618583478762,
      "median_return": -0.0009639085561691206,
      "compound_return": -0.0008716515417935833,
      "max_drawdown": -0.1972610644329612,
      "profit_factor": 1.025469653790257,
      "windows": 5
    },
    {
      "entry_policy": "all_days",
      "feature_group": "reversal_fundamental_regime_sector_external",
      "model_name": "xgb_d3_600_lr002_mcw3",
      "target_hit_bps": 50.0,
      "trades": 109,
      "win_rate": 0.46788990825688076,
      "avg_return": 0.00019966618583478762,
      "median_return": -0.0009639085561691206,
      "compound_return": -0.0008716515417935833,
      "max_drawdown": -0.1972610644329612,
      "profit_factor": 1.025469653790257,
      "windows": 5
    },
    {
      "entry_policy": "all_days",
      "feature_group": "reversal_fundamental_regime",
      "model_name": "xgb_d3_600_lr002_mcw3",
      "target_hit_bps": 50.0,
      "trades": 137,
      "win_rate": 0.44525547445255476,
      "avg_return": 0.00018364728278516247,
      "median_return": -0.0014272466298803597,
      "compound_return": -0.011090760906906527,
      "max_drawdown": -0.23814208518190727,
      "profit_factor": 1.021452895785874,
      "windows": 5
    },
    {
      "entry_policy": "all_days",
      "feature_group": "all_no_ak",
      "model_name": "xgb_d3_400_lr003_mcw3",
      "target_hit_bps": 50.0,
      "trades": 83,
      "win_rate": 0.43373493975903615,
      "avg_return": -0.00038727857650871806,
      "median_return": -0.0012880263108858668,
      "compound_return": -0.04388532977312598,
      "max_drawdown": -0.18442861000816535,
      "profit_factor": 0.947288591161573,
      "windows": 5
    },
    {
      "entry_policy": "all_days",
      "feature_group": "reversal_fundamental_regime",
      "model_name": "random_forest_600_d4",
      "target_hit_bps": 50.0,
      "trades": 178,
      "win_rate": 0.43820224719101125,
      "avg_return": -9.854801249000238e-05,
      "median_return": -0.002098152944514816,
      "compound_return": -0.05487990746088245,
      "max_drawdown": -0.24758764257690868,
      "profit_factor": 0.9879823558506328,
      "windows": 5
    },
    {
      "entry_policy": "all_days",
      "feature_group": "reversal_fundamental_regime_sector",
      "model_name": "xgb_d3_400_lr003_mcw3",
      "target_hit_bps": 50.0,
      "trades": 82,
      "win_rate": 0.43902439024390244,
      "avg_return": -0.0007029436448059758,
      "median_return": -0.0012321035679770352,
      "compound_return": -0.06859398136525041,
      "max_drawdown": -0.1773867880411374,
      "profit_factor": 0.9065048602233221,
      "windows": 5
    },
    {
      "entry_policy": "all_days",
      "feature_group": "reversal_fundamental_regime_sector_external",
      "model_name": "xgb_d3_400_lr003_mcw3",
      "target_hit_bps": 50.0,
      "trades": 82,
      "win_rate": 0.43902439024390244,
      "avg_return": -0.0007029436448059758,
      "median_return": -0.0012321035679770352,
      "compound_return": -0.06859398136525041,
      "max_drawdown": -0.1773867880411374,
      "profit_factor": 0.9065048602233221,
      "windows": 5
    },
    {
      "entry_policy": "all_days",
      "feature_group": "reversal_fundamental_regime",
      "model_name": "lgbm_leaves15_700",
      "target_hit_bps": 50.0,
      "trades": 130,
      "win_rate": 0.4307692307692308,
      "avg_return": -0.00039740612684891976,
      "median_return": -0.002354581120434237,
      "compound_return": -0.08566105736745933,
      "max_drawdown": -0.2582167623607119,
      "profit_factor": 0.956676284117154,
      "windows": 5
    }
  ]
}

[2026-05-18T19:05:53] RUN summarize
  /usr/bin/python3 model_training/summarize_nextday_search_results.py --pipeline-out /root/stock_realtime_v021_full/saved_data/605499_pipeline_out_v2_new27_full --out-dir /root/stock_realtime_v021_full/saved_data/605499_pipeline_out_v2_new27_full/99_summary --excel
{
  "rows": 192,
  "outputs": {
    "final_leaderboard": "/root/stock_realtime_v021_full/saved_data/605499_pipeline_out_v2_new27_full/99_summary/final_leaderboard.csv",
    "best_by_target_top5": "/root/stock_realtime_v021_full/saved_data/605499_pipeline_out_v2_new27_full/99_summary/best_by_target_top5.csv",
    "best_by_entry_policy_top5": "/root/stock_realtime_v021_full/saved_data/605499_pipeline_out_v2_new27_full/99_summary/best_by_entry_policy_top5.csv",
    "excel": "/root/stock_realtime_v021_full/saved_data/605499_pipeline_out_v2_new27_full/99_summary/final_leaderboard.xlsx",
    "summary_manifest": "/root/stock_realtime_v021_full/saved_data/605499_pipeline_out_v2_new27_full/99_summary/summary_manifest.json"
  }
}
=== nextday pipeline end: 2026-05-18T19:05:54 status=ok ===
