=== nextday pipeline start: 2026-05-26T06:46:49 ===
symbol=603986.SH, out_root=C:\Users\23853\PycharmProjects\stock_realtime_v021_full\saved_data\asof1455_week_check\603986_pipeline_out

[2026-05-26T06:46:49] RUN update_data
  'C:\Users\23853\PycharmProjects\stock_realtime_v021_full\.venv\Scripts\python.exe' bootstrap/ashare_xgb_dual_opportunity_regression_baostock_full_v19_compressed_trading_axis.py --mode update_data --symbol 603986 --benchmark_symbol 000300 --daily_start 2025-01-01 --daily_end 2026-05-25 --intraday_start '2025-01-01 09:30:00' --intraday_end '2026-05-25 15:00:00' --output_dir 'C:\Users\23853\PycharmProjects\stock_realtime_v021_full\saved_data\asof1455_week_check\603986_pipeline_out\00_base' --cache_mode incremental --feature_cache_mode incremental --adjust qfq
login success!
logout success!
login success!
logout success!
login success!
logout success!
{
  "mode": "update_data",
  "symbol": "603986",
  "data_source": "baostock",
  "daily_rows": 334,
  "intraday_rows": 16032,
  "daily_min": "2025-01-02 00:00:00",
  "daily_max": "2026-05-25 00:00:00",
  "intraday_min": "2025-01-02 09:35:00",
  "intraday_max": "2026-05-25 15:00:00",
  "base_paths": {
    "daily_csv": "C:\\Users\\23853\\PycharmProjects\\stock_realtime_v021_full\\saved_data\\asof1455_week_check\\603986_pipeline_out\\00_base\\603986_daily.csv",
    "intraday_csv": "C:\\Users\\23853\\PycharmProjects\\stock_realtime_v021_full\\saved_data\\asof1455_week_check\\603986_pipeline_out\\00_base\\603986_5m.csv",
    "benchmark_csv": "C:\\Users\\23853\\PycharmProjects\\stock_realtime_v021_full\\saved_data\\asof1455_week_check\\603986_pipeline_out\\00_base\\000300_benchmark_daily.csv",
    "raw_daily_cache_csv": "C:\\Users\\23853\\PycharmProjects\\stock_realtime_v021_full\\saved_data\\asof1455_week_check\\603986_pipeline_out\\00_base\\raw_cache\\603986_daily_raw.csv",
    "raw_intraday_cache_csv": "C:\\Users\\23853\\PycharmProjects\\stock_realtime_v021_full\\saved_data\\asof1455_week_check\\603986_pipeline_out\\00_base\\raw_cache\\603986_5m_raw.csv",
    "raw_benchmark_cache_csv": "C:\\Users\\23853\\PycharmProjects\\stock_realtime_v021_full\\saved_data\\asof1455_week_check\\603986_pipeline_out\\00_base\\raw_cache\\000300_benchmark_daily_raw.csv",
    "daily_features_csv": "C:\\Users\\23853\\PycharmProjects\\stock_realtime_v021_full\\saved_data\\asof1455_week_check\\603986_pipeline_out\\00_base\\daily_features.csv",
    "intraday_features_csv": "C:\\Users\\23853\\PycharmProjects\\stock_realtime_v021_full\\saved_data\\asof1455_week_check\\603986_pipeline_out\\00_base\\intraday_features.csv",
    "daily_features_cache_csv": "C:\\Users\\23853\\PycharmProjects\\stock_realtime_v021_full\\saved_data\\asof1455_week_check\\603986_pipeline_out\\00_base\\feature_cache\\daily_features_cache.csv",
    "intraday_features_cache_csv": "C:\\Users\\23853\\PycharmProjects\\stock_realtime_v021_full\\saved_data\\asof1455_week_check\\603986_pipeline_out\\00_base\\feature_cache\\intraday_features_cache.csv",
    "feature_state_json": "C:\\Users\\23853\\PycharmProjects\\stock_realtime_v021_full\\saved_data\\asof1455_week_check\\603986_pipeline_out\\00_base\\feature_cache\\feature_state.json"
  },
  "fetch_logs": {
    "symbol": "603986",
    "benchmark_symbol": "000300",
    "daily_start": "2025-01-01",
    "daily_end": "2026-05-25",
    "intraday_start": "2025-01-01 09:30:00",
    "intraday_end": "2026-05-25 15:00:00",
    "perf_start": "2025-01-01",
    "data_source": "baostock",
    "cache_mode": "incremental",
    "force_refresh": false,
    "raw_cache_dir": "C:\\Users\\23853\\PycharmProjects\\stock_realtime_v021_full\\saved_data\\asof1455_week_check\\603986_pipeline_out\\00_base\\raw_cache",
    "feature_cache_dir": "C:\\Users\\23853\\PycharmProjects\\stock_realtime_v021_full\\saved_data\\asof1455_week_check\\603986_pipeline_out\\00_base\\feature_cache",
    "feature_cache_mode": "incremental",
    "daily": {
      "cache_path": "C:\\Users\\23853\\PycharmProjects\\stock_realtime_v021_full\\saved_data\\asof1455_week_check\\603986_pipeline_out\\00_base\\raw_cache\\603986_daily_raw.csv",
      "requested_start": "2025-01-01",
      "requested_end": "2026-05-25",
      "mode": "initial_fetch",
      "fetch_segments": [
        {
          "provider": "baostock",
          "code": "sh.603986",
          "adjustflag": "2",
          "rows": 334,
          "start": "2025-01-01",
          "end": "2026-05-25"
        }
      ],
      "cache_after": {
        "rows": 334,
        "min": "2025-01-02 00:00:00",
        "max": "2026-05-25 00:00:00"
      }
    },
    "intraday_5m": {
      "cache_path": "C:\\Users\\23853\\PycharmProjects\\stock_realtime_v021_full\\saved_data\\asof1455_week_check\\603986_pipeline_out\\00_base\\raw_cache\\603986_5m_raw.csv",
      "requested_start": "2025-01-01 09:30:00",
      "requested_end": "2026-05-25 15:00:00",
      "mode": "initial_fetch",
      "fetch_segments": [
        {
          "provider": "baostock",
          "code": "sh.603986",
          "adjustflag": "2",
          "requested_start": "2025-01-01 09:30:00",
          "effective_start": "2025-01-01 09:30:00",
          "requested_end": "2026-05-25 15:00:00",
          "rows": 16032
        }
      ],
      "cache_after": {
        "rows": 16032,
        "min": "2025-01-02 09:35:00",
        "max": "2026-05-25 15:00:00"
      }
    },
    "benchmark_daily": {
      "cache_path": "C:\\Users\\23853\\PycharmProjects\\stock_realtime_v021_full\\saved_data\\asof1455_week_check\\603986_pipeline_out\\00_base\\raw_cache\\000300_benchmark_daily_raw.csv",
      "requested_start": "2025-01-01",
      "requested_end": "2026-05-25",
      "mode": "initial_fetch",
      "fetch_segments": [
        {
          "provider": "baostock",
          "code": "sh.000300",
          "rows": 334,
          "start": "2025-01-01",
          "end": "2026-05-25"
        }
      ],
      "cache_after": {
        "rows": 334,
        "min": "2025-01-02 00:00:00",
        "max": "2026-05-25 00:00:00"
      }
    },
    "feature_build": {
      "mode": "full_rebuild",
      "reason": "feature_cache_missing",
      "daily_cache_after": {
        "rows": 334,
        "min": "2025-01-02 00:00:00",
        "max": "2026-05-25 00:00:00"
      },
      "intraday_cache_after": {
        "rows": 16032,
        "min": "2025-01-02 09:35:00",
        "max": "2026-05-25 15:00:00"
      },
      "daily_context_days": 260,
      "intraday_context_days": 40,
      "daily_appended_rows": 334,
      "intraday_appended_rows": 16032
    },
    "feature_state": {
      "daily_feature_max": "2026-05-25 00:00:00",
      "intraday_feature_max": "2026-05-25 15:00:00",
      "daily_context_days": 260,
      "intraday_context_days": 40,
      "feature_build_mode": "full_rebuild"
    }
  }
}

[2026-05-26T06:47:00] RUN samples
  'C:\Users\23853\PycharmProjects\stock_realtime_v021_full\.venv\Scripts\python.exe' feature_building/build_nextday_samples_from_baostock.py --daily-features 'C:\Users\23853\PycharmProjects\stock_realtime_v021_full\saved_data\asof1455_week_check\603986_pipeline_out\00_base\daily_features.csv' --intraday-bars 'C:\Users\23853\PycharmProjects\stock_realtime_v021_full\saved_data\asof1455_week_check\603986_pipeline_out\00_base\603986_5m.csv' --out-dir 'C:\Users\23853\PycharmProjects\stock_realtime_v021_full\saved_data\asof1455_week_check\603986_pipeline_out\01_samples' --min-bars 40 --keep-unlabeled-tail
{
  "rows": 334,
  "date_min": "2025-01-02",
  "date_max": "2026-05-25",
  "out": "C:\\Users\\23853\\PycharmProjects\\stock_realtime_v021_full\\saved_data\\asof1455_week_check\\603986_pipeline_out\\01_samples\\training_samples.csv"
}

[2026-05-26T06:47:01] RUN asof_samples
  'C:\Users\23853\PycharmProjects\stock_realtime_v021_full\.venv\Scripts\python.exe' feature_building/build_asof1455_training_samples.py --samples 'C:\Users\23853\PycharmProjects\stock_realtime_v021_full\saved_data\asof1455_week_check\603986_pipeline_out\01_samples\training_samples.csv' --intraday-bars 'C:\Users\23853\PycharmProjects\stock_realtime_v021_full\saved_data\asof1455_week_check\603986_pipeline_out\00_base\603986_5m.csv' --out-dir 'C:\Users\23853\PycharmProjects\stock_realtime_v021_full\saved_data\asof1455_week_check\603986_pipeline_out\01_samples_asof1455' --cutoff-time 14:55 --min-bars 40
{
  "rows": 334,
  "date_min": "2025-01-02",
  "date_max": "2026-05-25",
  "cutoff_time": "14:55",
  "min_bars": 40,
  "out": "C:\\Users\\23853\\PycharmProjects\\stock_realtime_v021_full\\saved_data\\asof1455_week_check\\603986_pipeline_out\\01_samples_asof1455\\training_samples_asof1455.csv"
}

[2026-05-26T06:47:02] RUN fundamental
  'C:\Users\23853\PycharmProjects\stock_realtime_v021_full\.venv\Scripts\python.exe' feature_building/build_fundamental_features.py --symbol 603986.SH --daily-samples 'C:\Users\23853\PycharmProjects\stock_realtime_v021_full\saved_data\asof1455_week_check\603986_pipeline_out\01_samples_asof1455\training_samples_asof1455.csv' --out-dir 'C:\Users\23853\PycharmProjects\stock_realtime_v021_full\saved_data\asof1455_week_check\603986_pipeline_out\02_fundamental' --start-date 2025-01-01 --end-date 2026-05-25 --fallback-lag-days 120 --skip-akshare
login success!
logout success!
{
  "rows": 334,
  "date_min": "2025-01-02",
  "date_max": "2026-05-25",
  "source_errors": [],
  "top_missing_rates": {
    "cashflow_ebitToInterest_chg4q": 0.9700598802395209,
    "cashflow_ebitToInterest": 0.9580838323353293,
    "profit_MBRevenue_chg4q": 0.8353293413173652,
    "profit_MBRevenue": 0.811377245508982,
    "peTTM_rank252": 0.17664670658682635,
    "psTTM_rank252": 0.17664670658682635,
    "pbMRQ_rank252": 0.17664670658682635,
    "pcfNcfTTM_rank252": 0.17664670658682635,
    "growth_YOYNI_chg4q": 0.011976047904191617,
    "profit_netProfit_chg4q": 0.011976047904191617,
    "profit_gpMargin_chg4q": 0.011976047904191617,
    "profit_totalShare_chg4q": 0.011976047904191617,
    "profit_liqaShare_chg4q": 0.011976047904191617,
    "growth_YOYEquity_chg4q": 0.011976047904191617,
    "profit_epsTTM_chg4q": 0.011976047904191617,
    "dupont_dupontROE_chg4q": 0.011976047904191617,
    "profit_roeAvg_chg4q": 0.011976047904191617,
    "cashflow_NCAToAsset_chg4q": 0.011976047904191617,
    "cashflow_CAToAsset_chg4q": 0.011976047904191617,
    "cashflow_tangibleAssetToAsset_chg4q": 0.011976047904191617,
    "cashflow_CFOToOR_chg4q": 0.011976047904191617,
    "cashflow_CFOToNP_chg4q": 0.011976047904191617,
    "cashflow_CFOToGr_chg4q": 0.011976047904191617,
    "profit_npMargin_chg4q": 0.011976047904191617,
    "growth_YOYEPSBasic_chg4q": 0.011976047904191617,
    "growth_YOYPNI_chg4q": 0.011976047904191617,
    "solvency_currentRatio_chg4q": 0.011976047904191617,
    "solvency_quickRatio_chg4q": 0.011976047904191617,
    "solvency_cashRatio_chg4q": 0.011976047904191617,
    "solvency_YOYLiability_chg4q": 0.011976047904191617
  },
  "valuation_non_null": {
    "peTTM": 334,
    "pbMRQ": 334,
    "psTTM": 334,
    "pcfNcfTTM": 334
  },
  "future_effective_date_violations": 0,
  "rows_with_quarterly": 334,
  "sample_rows": 334,
  "quarterly_raw_rows": 9,
  "quarterly_used_pubDate_rows": 9,
  "quarterly_fallback_rows": 0,
  "elapsed_seconds": 4.196,
  "symbol": "603986",
  "baostock_code": "sh.603986",
  "valuation_rows": 334,
  "fund_flow_rows": 0,
  "feature_columns": 95,
  "merged_columns": 185,
  "outputs": {
    "daily_valuation": "C:\\Users\\23853\\PycharmProjects\\stock_realtime_v021_full\\saved_data\\asof1455_week_check\\603986_pipeline_out\\02_fundamental\\baostock_daily_valuation.csv",
    "quarterly_fundamentals": "C:\\Users\\23853\\PycharmProjects\\stock_realtime_v021_full\\saved_data\\asof1455_week_check\\603986_pipeline_out\\02_fundamental\\baostock_quarterly_fundamentals_pit.csv",
    "fundamental_features": "C:\\Users\\23853\\PycharmProjects\\stock_realtime_v021_full\\saved_data\\asof1455_week_check\\603986_pipeline_out\\02_fundamental\\fundamental_features.csv",
    "merged_samples": "C:\\Users\\23853\\PycharmProjects\\stock_realtime_v021_full\\saved_data\\asof1455_week_check\\603986_pipeline_out\\02_fundamental\\training_samples_with_fundamentals.csv"
  }
}

[2026-05-26T06:47:07] RUN sector
  'C:\Users\23853\PycharmProjects\stock_realtime_v021_full\.venv\Scripts\python.exe' feature_building/build_sector_features.py --samples 'C:\Users\23853\PycharmProjects\stock_realtime_v021_full\saved_data\asof1455_week_check\603986_pipeline_out\02_fundamental\training_samples_with_fundamentals.csv' --out-dir 'C:\Users\23853\PycharmProjects\stock_realtime_v021_full\saved_data\asof1455_week_check\603986_pipeline_out\03_sector' --sector-symbol '半导体' --start-date 2025-01-01 --end-date 2026-05-25

  0%|          | 0/2 [00:00<?, ?it/s]
 50%|█████     | 1/2 [00:02<00:02,  2.15s/it]
100%|██████████| 2/2 [00:04<00:00,  2.12s/it]
                                             
{
  "sector_symbol": "半导体",
  "sector_rows": 334,
  "sector_date_min": "2025-01-02",
  "sector_date_max": "2026-05-25",
  "sample_rows": 334,
  "merged_rows": 334,
  "sector_feature_cols": 23,
  "top_missing": {
    "sector_ret60": 0.17964071856287425,
    "sector_ma60_gap": 0.08982035928143713,
    "stock_vs_sector_ret20": 0.059880239520958084,
    "sector_ret20": 0.059880239520958084,
    "sector_vol20": 0.03293413173652695,
    "sector_ma20_gap": 0.029940119760479042,
    "sector_range_z20": 0.029940119760479042,
    "sector_volume_shock20": 0.029940119760479042,
    "sector_amount_z20": 0.029940119760479042,
    "sector_volume_z20": 0.029940119760479042,
    "sector_amount_shock20": 0.029940119760479042,
    "sector_ret5": 0.014970059880239521,
    "stock_vs_sector_ret5": 0.014970059880239521,
    "sector_vs_bench_ret5": 0.014970059880239521,
    "stock_vs_sector_ret1": 0.0029940119760479044,
    "sector_ret1": 0.0029940119760479044,
    "sector_amount": 0.0,
    "sector_volume": 0.0,
    "sector_close": 0.0,
    "sector_low": 0.0
  },
  "outputs": {
    "sector_index": "C:\\Users\\23853\\PycharmProjects\\stock_realtime_v021_full\\saved_data\\asof1455_week_check\\603986_pipeline_out\\03_sector\\sector_index_ths.csv",
    "sector_features": "C:\\Users\\23853\\PycharmProjects\\stock_realtime_v021_full\\saved_data\\asof1455_week_check\\603986_pipeline_out\\03_sector\\sector_features.csv",
    "merged_samples": "C:\\Users\\23853\\PycharmProjects\\stock_realtime_v021_full\\saved_data\\asof1455_week_check\\603986_pipeline_out\\03_sector\\training_samples_with_sector.csv"
  }
}

[2026-05-26T06:47:14] RUN external_ai_compute
  'C:\Users\23853\PycharmProjects\stock_realtime_v021_full\.venv\Scripts\python.exe' feature_building/build_stock_external_features.py --samples 'C:\Users\23853\PycharmProjects\stock_realtime_v021_full\saved_data\asof1455_week_check\603986_pipeline_out\03_sector\training_samples_with_sector.csv' --out-dir 'C:\Users\23853\PycharmProjects\stock_realtime_v021_full\saved_data\asof1455_week_check\603986_pipeline_out\04_external\ai_compute' --profile ai_compute --target-symbol 603986.SH --start-date 2025-01-01 --end-date 2026-05-25 --adjust qfq --domestic-lag-days 0 --future-lag-days 1 --us-lag-days 1
login success!

  0%|          | 0/2 [00:00<?, ?it/s]
 50%|█████     | 1/2 [00:02<00:02,  2.24s/it]
100%|██████████| 2/2 [00:04<00:00,  2.32s/it]
                                             

  0%|          | 0/2 [00:00<?, ?it/s]
 50%|█████     | 1/2 [00:02<00:02,  2.24s/it]
100%|██████████| 2/2 [00:04<00:00,  2.18s/it]
                                             

  0%|          | 0/2 [00:00<?, ?it/s]
 50%|█████     | 1/2 [00:02<00:02,  2.21s/it]
100%|██████████| 2/2 [00:04<00:00,  2.23s/it]
                                             
{
  "profile": "ai_compute",
  "description": "AI compute/server/cloud-capex proxy for 工业富联",
  "sample_rows": 334,
  "merged_rows": 334,
  "raw_rows": 334,
  "raw_date_min": "2025-01-02",
  "raw_date_max": "2026-05-25",
  "lag_days_legacy": null,
  "lag_policy": {
    "domestic": 0,
    "futures": 1,
    "us": 1
  },
  "enable_us_yf": false,
  "feature_cols": 467,
  "source_meta": {
    "profile": {
      "key": "ai_compute",
      "prefix": "ai",
      "description": "AI compute/server/cloud-capex proxy for 工业富联",
      "stocks": [
        "300308",
        "300502",
        "300394",
        "002463",
        "603019",
        "000977",
        "000938"
      ],
      "etfs": [
        "512480",
        "159995",
        "515050",
        "159819"
      ],
      "futures": [
        "CU0",
        "AL0"
      ],
      "boards": [
        "半导体",
        "通信设备",
        "消费电子"
      ],
      "us_tickers": [
        "NVDA",
        "AMD",
        "AVGO",
        "SMCI",
        "DELL",
        "MSFT",
        "AMZN",
        "GOOGL",
        "META",
        "^IXIC",
        "^GSPC",
        "^SOX"
      ]
    },
    "used": {
      "stocks": [
        "300308",
        "300502",
        "300394",
        "002463",
        "603019",
        "000977",
        "000938"
      ],
      "etfs": [
        "512480",
        "159995",
        "515050",
        "159819"
      ],
      "futures": [
        "CU0",
        "AL0"
      ],
      "boards": [
        "半导体",
        "通信设备",
        "消费电子"
      ],
      "us_yf": []
    },
    "start_date": "20250101",
    "end_date": "20260525",
    "target_symbol_excluded": "603986",
    "em_sources_used": false,
    "baostock_cache_dir": "C:\\Users\\23853\\PycharmProjects\\stock_realtime_v021_full\\saved_data\\asof1455_week_check\\603986_pipeline_out\\04_external\\ai_compute\\baostock_external_cache",
    "us_yfinance_enabled": false
  },
  "errors": {},
  "top_missing": {
    "ai_etf_basket_close_ret60": 0.907185628742515,
    "ai_etf_159819_range_pct_ret60": 0.907185628742515,
    "ai_etf_159995_range_pct_ret60": 0.907185628742515,
    "ai_etf_512480_range_pct_ret60": 0.907185628742515,
    "ai_etf_512480_close_ret60": 0.907185628742515,
    "ai_etf_159995_close_ret60": 0.907185628742515,
    "ai_etf_515050_range_pct_ret60": 0.907185628742515,
    "ai_etf_515050_close_ret60": 0.907185628742515,
    "ai_etf_159819_close_ret60": 0.907185628742515,
    "ai_etf_159819_range_pct_z60": 0.7874251497005988,
    "ai_etf_515050_close_ret20": 0.7874251497005988,
    "ai_etf_515050_range_pct_z60": 0.7874251497005988,
    "ai_etf_515050_close_z60": 0.7874251497005988,
    "ai_etf_515050_range_pct_ret20": 0.7874251497005988,
    "ai_etf_512480_range_pct_z60": 0.7874251497005988,
    "ai_etf_512480_range_pct_ret20": 0.7874251497005988,
    "ai_etf_512480_close_ret20": 0.7874251497005988,
    "ai_etf_159995_range_pct_z60": 0.7874251497005988,
    "ai_etf_159819_close_ret20": 0.7874251497005988,
    "ai_etf_159819_range_pct_ret20": 0.7874251497005988,
    "ai_etf_basket_close_ret20": 0.7874251497005988,
    "ai_etf_512480_close_z60": 0.7874251497005988,
    "ai_stock_vs_etf_basket_ret20": 0.7874251497005988,
    "ai_etf_159995_close_ret20": 0.7874251497005988,
    "ai_etf_159995_close_z60": 0.7874251497005988,
    "ai_etf_159995_range_pct_ret20": 0.7874251497005988,
    "ai_etf_basket_close_z60": 0.7874251497005988,
    "ai_etf_159819_close_z60": 0.7874251497005988,
    "ai_etf_515050_close_vol20": 0.7604790419161677,
    "ai_etf_512480_close_vol20": 0.7604790419161677,
    "ai_etf_159995_close_vol20": 0.7604790419161677,
    "ai_etf_basket_close_vol20": 0.7604790419161677,
    "ai_etf_159819_close_vol20": 0.7604790419161677,
    "ai_etf_515050_range_pct_ma20_gap": 0.7574850299401198,
    "ai_etf_basket_close_z20": 0.7574850299401198,
    "ai_etf_159819_volume_z20": 0.7574850299401198,
    "ai_etf_159819_range_pct_z20": 0.7574850299401198,
    "ai_etf_159819_volume_shock20": 0.7574850299401198,
    "ai_etf_159819_close_z20": 0.7574850299401198,
    "ai_etf_basket_close_ma20_gap": 0.7574850299401198,
    "ai_etf_159995_volume_shock20": 0.7574850299401198,
    "ai_etf_159819_range_pct_ma20_gap": 0.7574850299401198,
    "ai_etf_515050_close_ma20_gap": 0.7574850299401198,
    "ai_etf_515050_volume_z20": 0.7574850299401198,
    "ai_etf_515050_volume_shock20": 0.7574850299401198,
    "ai_etf_515050_range_pct_z20": 0.7574850299401198,
    "ai_etf_159819_close_ma20_gap": 0.7574850299401198,
    "ai_etf_515050_close_z20": 0.7574850299401198,
    "ai_etf_512480_close_ma20_gap": 0.7574850299401198,
    "ai_etf_512480_range_pct_ma20_gap": 0.7574850299401198
  },
  "outputs": {
    "features": "C:\\Users\\23853\\PycharmProjects\\stock_realtime_v021_full\\saved_data\\asof1455_week_check\\603986_pipeline_out\\04_external\\ai_compute\\stock_external_features_ai_compute.csv",
    "merged_samples": "C:\\Users\\23853\\PycharmProjects\\stock_realtime_v021_full\\saved_data\\asof1455_week_check\\603986_pipeline_out\\04_external\\ai_compute\\training_samples_with_ai_compute_external.csv",
    "report": "C:\\Users\\23853\\PycharmProjects\\stock_realtime_v021_full\\saved_data\\asof1455_week_check\\603986_pipeline_out\\04_external\\ai_compute\\validation_report.json"
  }
}
logout success!
[INFO] final samples for search: C:\Users\23853\PycharmProjects\stock_realtime_v021_full\saved_data\asof1455_week_check\603986_pipeline_out\04_external\ai_compute\training_samples_with_ai_compute_external.csv
=== nextday pipeline end: 2026-05-26T06:47:39 status=ok ===
