=== nextday pipeline start: 2026-05-16T21:12:18 ===
symbol=600016.SH, out_root=/root/stock_realtime_v021_full/saved_data/600016_pipeline_out_v2_new27_full

[2026-05-16T21:12:18] RUN update_data
  /usr/bin/python3 bootstrap/ashare_xgb_dual_opportunity_regression_baostock_full_v19_compressed_trading_axis.py --mode update_data --symbol 600016 --benchmark_symbol 000300 --daily_start 2018-01-01 --daily_end 2026-05-15 --intraday_start '2018-01-01 09:30:00' --intraday_end '2026-05-15 15:00:00' --output_dir /root/stock_realtime_v021_full/saved_data/600016_pipeline_out_v2_new27_full/00_base --cache_mode incremental --feature_cache_mode incremental --adjust qfq
/root/stock_realtime_v021_full/bootstrap/ashare_fetch_and_train_xgb_sell_signal_baostock_state_cache_helper_fix2.py:246: FutureWarning: The behavior of DataFrame concatenation with empty or all-NA entries is deprecated. In a future version, this will no longer exclude empty or all-NA columns when determining the result dtypes. To retain the old behavior, exclude the relevant entries before the concat operation.
  merged = _normalize_daily_df(pd.concat([df_old, df_new], axis=0, ignore_index=True))
/root/stock_realtime_v021_full/bootstrap/ashare_fetch_and_train_xgb_sell_signal_baostock_state_cache_helper_fix2.py:248: FutureWarning: The behavior of DataFrame concatenation with empty or all-NA entries is deprecated. In a future version, this will no longer exclude empty or all-NA columns when determining the result dtypes. To retain the old behavior, exclude the relevant entries before the concat operation.
  merged = _normalize_intraday_df(pd.concat([df_old, df_new], axis=0, ignore_index=True))
/root/stock_realtime_v021_full/bootstrap/ashare_fetch_and_train_xgb_sell_signal_baostock_state_cache_helper_fix2.py:254: FutureWarning: The behavior of DataFrame concatenation with empty or all-NA entries is deprecated. In a future version, this will no longer exclude empty or all-NA columns when determining the result dtypes. To retain the old behavior, exclude the relevant entries before the concat operation.
  merged = _normalize_bench_df(pd.concat([df_old, df_new], axis=0, ignore_index=True))
/root/stock_realtime_v021_full/bootstrap/ashare_fetch_and_train_xgb_sell_signal_baostock_state_cache_helper_fix2.py:250: FutureWarning: The behavior of DataFrame concatenation with empty or all-NA entries is deprecated. In a future version, this will no longer exclude empty or all-NA columns when determining the result dtypes. To retain the old behavior, exclude the relevant entries before the concat operation.
  merged = _normalize_daily_feature_df(pd.concat([df_old, df_new], axis=0, ignore_index=True))
/root/stock_realtime_v021_full/bootstrap/ashare_fetch_and_train_xgb_sell_signal_baostock_state_cache_helper_fix2.py:252: FutureWarning: The behavior of DataFrame concatenation with empty or all-NA entries is deprecated. In a future version, this will no longer exclude empty or all-NA columns when determining the result dtypes. To retain the old behavior, exclude the relevant entries before the concat operation.
  merged = _normalize_intraday_feature_df(pd.concat([df_old, df_new], axis=0, ignore_index=True))
login success!
logout success!
login success!
logout success!
login success!
logout success!
{
  "mode": "update_data",
  "symbol": "600016",
  "data_source": "baostock",
  "daily_rows": 2027,
  "intraday_rows": 73920,
  "daily_min": "2018-01-02 00:00:00",
  "daily_max": "2026-05-15 00:00:00",
  "intraday_min": "2020-01-02 09:35:00",
  "intraday_max": "2026-05-15 15:00:00",
  "base_paths": {
    "daily_csv": "/root/stock_realtime_v021_full/saved_data/600016_pipeline_out_v2_new27_full/00_base/600016_daily.csv",
    "intraday_csv": "/root/stock_realtime_v021_full/saved_data/600016_pipeline_out_v2_new27_full/00_base/600016_5m.csv",
    "benchmark_csv": "/root/stock_realtime_v021_full/saved_data/600016_pipeline_out_v2_new27_full/00_base/000300_benchmark_daily.csv",
    "raw_daily_cache_csv": "/root/stock_realtime_v021_full/saved_data/600016_pipeline_out_v2_new27_full/00_base/raw_cache/600016_daily_raw.csv",
    "raw_intraday_cache_csv": "/root/stock_realtime_v021_full/saved_data/600016_pipeline_out_v2_new27_full/00_base/raw_cache/600016_5m_raw.csv",
    "raw_benchmark_cache_csv": "/root/stock_realtime_v021_full/saved_data/600016_pipeline_out_v2_new27_full/00_base/raw_cache/000300_benchmark_daily_raw.csv",
    "daily_features_csv": "/root/stock_realtime_v021_full/saved_data/600016_pipeline_out_v2_new27_full/00_base/daily_features.csv",
    "intraday_features_csv": "/root/stock_realtime_v021_full/saved_data/600016_pipeline_out_v2_new27_full/00_base/intraday_features.csv",
    "daily_features_cache_csv": "/root/stock_realtime_v021_full/saved_data/600016_pipeline_out_v2_new27_full/00_base/feature_cache/daily_features_cache.csv",
    "intraday_features_cache_csv": "/root/stock_realtime_v021_full/saved_data/600016_pipeline_out_v2_new27_full/00_base/feature_cache/intraday_features_cache.csv",
    "feature_state_json": "/root/stock_realtime_v021_full/saved_data/600016_pipeline_out_v2_new27_full/00_base/feature_cache/feature_state.json"
  },
  "fetch_logs": {
    "symbol": "600016",
    "benchmark_symbol": "000300",
    "daily_start": "2018-01-01",
    "daily_end": "2026-05-15",
    "intraday_start": "2018-01-01 09:30:00",
    "intraday_end": "2026-05-15 15:00:00",
    "perf_start": "2018-01-01",
    "data_source": "baostock",
    "cache_mode": "incremental",
    "force_refresh": false,
    "raw_cache_dir": "/root/stock_realtime_v021_full/saved_data/600016_pipeline_out_v2_new27_full/00_base/raw_cache",
    "feature_cache_dir": "/root/stock_realtime_v021_full/saved_data/600016_pipeline_out_v2_new27_full/00_base/feature_cache",
    "feature_cache_mode": "incremental",
    "daily": {
      "cache_path": "/root/stock_realtime_v021_full/saved_data/600016_pipeline_out_v2_new27_full/00_base/raw_cache/600016_daily_raw.csv",
      "requested_start": "2018-01-01",
      "requested_end": "2026-05-15",
      "mode": "initial_fetch",
      "fetch_segments": [
        {
          "provider": "baostock",
          "code": "sh.600016",
          "adjustflag": "2",
          "rows": 2027,
          "start": "2018-01-01",
          "end": "2026-05-15"
        }
      ],
      "cache_after": {
        "rows": 2027,
        "min": "2018-01-02 00:00:00",
        "max": "2026-05-15 00:00:00"
      }
    },
    "intraday_5m": {
      "cache_path": "/root/stock_realtime_v021_full/saved_data/600016_pipeline_out_v2_new27_full/00_base/raw_cache/600016_5m_raw.csv",
      "requested_start": "2018-01-01 09:30:00",
      "requested_end": "2026-05-15 15:00:00",
      "mode": "initial_fetch",
      "fetch_segments": [
        {
          "provider": "baostock",
          "code": "sh.600016",
          "adjustflag": "2",
          "requested_start": "2018-01-01 09:30:00",
          "effective_start": "2018-01-01 09:30:00",
          "requested_end": "2026-05-15 15:00:00",
          "rows": 73920
        }
      ],
      "cache_after": {
        "rows": 73920,
        "min": "2020-01-02 09:35:00",
        "max": "2026-05-15 15:00:00"
      }
    },
    "benchmark_daily": {
      "cache_path": "/root/stock_realtime_v021_full/saved_data/600016_pipeline_out_v2_new27_full/00_base/raw_cache/000300_benchmark_daily_raw.csv",
      "requested_start": "2018-01-01",
      "requested_end": "2026-05-15",
      "mode": "initial_fetch",
      "fetch_segments": [
        {
          "provider": "baostock",
          "code": "sh.000300",
          "rows": 2027,
          "start": "2018-01-01",
          "end": "2026-05-15"
        }
      ],
      "cache_after": {
        "rows": 2027,
        "min": "2018-01-02 00:00:00",
        "max": "2026-05-15 00:00:00"
      }
    },
    "feature_build": {
      "mode": "full_rebuild",
      "reason": "feature_cache_missing",
      "daily_cache_after": {
        "rows": 2027,
        "min": "2018-01-02 00:00:00",
        "max": "2026-05-15 00:00:00"
      },
      "intraday_cache_after": {
        "rows": 73920,
        "min": "2020-01-02 09:35:00",
        "max": "2026-05-15 15:00:00"
      },
      "daily_context_days": 260,
      "intraday_context_days": 40,
      "daily_appended_rows": 2027,
      "intraday_appended_rows": 73920
    },
    "feature_state": {
      "daily_feature_max": "2026-05-15 00:00:00",
      "intraday_feature_max": "2026-05-15 15:00:00",
      "daily_context_days": 260,
      "intraday_context_days": 40,
      "feature_build_mode": "full_rebuild"
    }
  }
}

[2026-05-16T21:14:56] RUN samples
  /usr/bin/python3 feature_building/build_nextday_samples_from_baostock.py --daily-features /root/stock_realtime_v021_full/saved_data/600016_pipeline_out_v2_new27_full/00_base/daily_features.csv --intraday-bars /root/stock_realtime_v021_full/saved_data/600016_pipeline_out_v2_new27_full/00_base/600016_5m.csv --out-dir /root/stock_realtime_v021_full/saved_data/600016_pipeline_out_v2_new27_full/01_samples --min-bars 40 --keep-unlabeled-tail
{
  "rows": 1540,
  "date_min": "2020-01-02",
  "date_max": "2026-05-15",
  "out": "/root/stock_realtime_v021_full/saved_data/600016_pipeline_out_v2_new27_full/01_samples/training_samples.csv"
}

[2026-05-16T21:14:58] RUN fundamental
  /usr/bin/python3 feature_building/build_fundamental_features.py --symbol 600016.SH --daily-samples /root/stock_realtime_v021_full/saved_data/600016_pipeline_out_v2_new27_full/01_samples/training_samples.csv --out-dir /root/stock_realtime_v021_full/saved_data/600016_pipeline_out_v2_new27_full/02_fundamental --start-date 2018-01-01 --end-date 2026-05-15 --fallback-lag-days 120
login success!
logout success!
{
  "rows": 1540,
  "date_min": "2020-01-02",
  "date_max": "2026-05-15",
  "source_errors": [],
  "top_missing_rates": {
    "profit_gpMargin": 1.0,
    "operation_INVTurnDays": 1.0,
    "operation_NRTurnRatio": 1.0,
    "operation_INVTurnRatio": 1.0,
    "operation_NRTurnDays": 1.0,
    "operation_CATurnRatio": 1.0,
    "cashflow_ebitToInterest": 1.0,
    "cashflow_tangibleAssetToAsset": 1.0,
    "cashflow_CAToAsset": 1.0,
    "cashflow_NCAToAsset": 1.0,
    "solvency_cashRatio": 1.0,
    "solvency_quickRatio": 1.0,
    "solvency_currentRatio": 1.0,
    "dupont_dupontIntburden": 1.0,
    "dupont_dupontEbittogr": 1.0,
    "solvency_cashRatio_chg4q": 1.0,
    "cashflow_CAToAsset_chg4q": 1.0,
    "cashflow_ebitToInterest_chg4q": 1.0,
    "cashflow_tangibleAssetToAsset_chg4q": 1.0,
    "dupont_dupontIntburden_chg4q": 1.0,
    "dupont_dupontEbittogr_chg4q": 1.0,
    "solvency_currentRatio_chg4q": 1.0,
    "solvency_quickRatio_chg4q": 1.0,
    "cashflow_NCAToAsset_chg4q": 1.0,
    "profit_gpMargin_chg4q": 1.0,
    "ak_fund_超大单净流入-净占比_sum10": 0.9246753246753247,
    "ak_fund_超大单净流入-净额_sum10": 0.9246753246753247,
    "ak_fund_涨跌幅_sum10": 0.9246753246753247,
    "ak_fund_收盘价_sum10": 0.9246753246753247,
    "ak_fund_主力净流入-净额_sum10": 0.9246753246753247
  },
  "valuation_non_null": {
    "peTTM": 1540,
    "pbMRQ": 1540,
    "psTTM": 1540,
    "pcfNcfTTM": 1540
  },
  "future_effective_date_violations": 0,
  "rows_with_quarterly": 1540,
  "sample_rows": 1540,
  "quarterly_raw_rows": 37,
  "quarterly_used_pubDate_rows": 37,
  "quarterly_fallback_rows": 0,
  "elapsed_seconds": 25.305,
  "symbol": "600016",
  "baostock_code": "sh.600016",
  "valuation_rows": 2027,
  "fund_flow_rows": 120,
  "feature_columns": 125,
  "merged_columns": 194,
  "outputs": {
    "daily_valuation": "/root/stock_realtime_v021_full/saved_data/600016_pipeline_out_v2_new27_full/02_fundamental/baostock_daily_valuation.csv",
    "quarterly_fundamentals": "/root/stock_realtime_v021_full/saved_data/600016_pipeline_out_v2_new27_full/02_fundamental/baostock_quarterly_fundamentals_pit.csv",
    "fundamental_features": "/root/stock_realtime_v021_full/saved_data/600016_pipeline_out_v2_new27_full/02_fundamental/fundamental_features.csv",
    "merged_samples": "/root/stock_realtime_v021_full/saved_data/600016_pipeline_out_v2_new27_full/02_fundamental/training_samples_with_fundamentals.csv"
  }
}

[2026-05-16T21:15:24] RUN sector
  /usr/bin/python3 feature_building/build_sector_features.py --samples /root/stock_realtime_v021_full/saved_data/600016_pipeline_out_v2_new27_full/02_fundamental/training_samples_with_fundamentals.csv --out-dir /root/stock_realtime_v021_full/saved_data/600016_pipeline_out_v2_new27_full/03_sector --sector-symbol '银行' --start-date 2018-01-01 --end-date 2026-05-15

  0%|          | 0/9 [00:00<?, ?it/s]
 11%|█         | 1/9 [00:00<00:02,  3.83it/s]
 22%|██▏       | 2/9 [00:00<00:01,  4.33it/s]
 33%|███▎      | 3/9 [00:00<00:01,  4.22it/s]
 44%|████▍     | 4/9 [00:00<00:01,  4.37it/s]
 56%|█████▌    | 5/9 [00:01<00:00,  4.14it/s]
 67%|██████▋   | 6/9 [00:01<00:00,  4.14it/s]
 78%|███████▊  | 7/9 [00:01<00:00,  4.03it/s]
 89%|████████▉ | 8/9 [00:01<00:00,  4.05it/s]
100%|██████████| 9/9 [00:02<00:00,  4.14it/s]
                                             
{
  "sector_symbol": "银行",
  "sector_rows": 2027,
  "sector_date_min": "2018-01-02",
  "sector_date_max": "2026-05-15",
  "sample_rows": 1540,
  "merged_rows": 1540,
  "sector_feature_cols": 23,
  "top_missing": {
    "sector_ret60": 0.03896103896103896,
    "sector_ma60_gap": 0.01948051948051948,
    "stock_vs_sector_ret20": 0.012987012987012988,
    "sector_ret20": 0.012987012987012988,
    "sector_vol20": 0.007142857142857143,
    "sector_ma20_gap": 0.006493506493506494,
    "sector_range_z20": 0.006493506493506494,
    "sector_volume_shock20": 0.006493506493506494,
    "sector_amount_z20": 0.006493506493506494,
    "sector_volume_z20": 0.006493506493506494,
    "sector_amount_shock20": 0.006493506493506494,
    "sector_ret5": 0.003246753246753247,
    "stock_vs_sector_ret5": 0.003246753246753247,
    "sector_vs_bench_ret5": 0.003246753246753247,
    "stock_vs_sector_ret1": 0.0006493506493506494,
    "sector_ret1": 0.0006493506493506494,
    "sector_amount": 0.0,
    "sector_volume": 0.0,
    "sector_close": 0.0,
    "sector_low": 0.0
  },
  "outputs": {
    "sector_index": "/root/stock_realtime_v021_full/saved_data/600016_pipeline_out_v2_new27_full/03_sector/sector_index_ths.csv",
    "sector_features": "/root/stock_realtime_v021_full/saved_data/600016_pipeline_out_v2_new27_full/03_sector/sector_features.csv",
    "merged_samples": "/root/stock_realtime_v021_full/saved_data/600016_pipeline_out_v2_new27_full/03_sector/training_samples_with_sector.csv"
  }
}
[INFO] final samples for search: /root/stock_realtime_v021_full/saved_data/600016_pipeline_out_v2_new27_full/03_sector/training_samples_with_sector.csv

[2026-05-16T21:15:28] RUN search_vwap_low_hit_50bps
  /usr/bin/python3 model_training/search_walk_forward_model_complexity.py --samples /root/stock_realtime_v021_full/saved_data/600016_pipeline_out_v2_new27_full/03_sector/training_samples_with_sector.csv --intraday-bars /root/stock_realtime_v021_full/saved_data/600016_pipeline_out_v2_new27_full/00_base/600016_5m.csv --out-dir /root/stock_realtime_v021_full/saved_data/600016_pipeline_out_v2_new27_full/10_search/search_vwap_low_hit_50bps --round-trip-cost-bps 1.7 --target-hit-bps 50.0 --label-mode hit --entry-policy vwap_low --entry-vwap-premium-bps 50.0 --max-missing 0.35 --groups reversal_fundamental_regime,reversal_fundamental_regime_sector,reversal_fundamental_regime_sector_external,all_no_ak --models xgb_d2_200_lr003_mcw5,xgb_d3_400_lr003_mcw3,xgb_d3_600_lr002_mcw3,xgb_d4_500_lr002_mcw5,lgbm_leaves7_400,lgbm_leaves15_700,extra_trees_600_d3,random_forest_600_d4 --quantiles 0.5,0.6,0.7,0.8 --train-rows 756 --valid-rows 126 --test-rows 63 --min-valid-trades 8 --min-train-entries 80
{
  "rows": 1539,
  "target_hit_bps": 50.0,
  "label_mode": "hit",
  "entry_policy": "vwap_low",
  "entry_vwap_premium_bps": 50.0,
  "groups": {
    "reversal_fundamental_regime": 112,
    "reversal_fundamental_regime_sector": 135,
    "reversal_fundamental_regime_sector_external": 135,
    "all_no_ak": 190
  },
  "models": [
    "xgb_d2_200_lr003_mcw5",
    "xgb_d3_400_lr003_mcw3",
    "xgb_d3_600_lr002_mcw3",
    "xgb_d4_500_lr002_mcw5",
    "extra_trees_600_d3",
    "random_forest_600_d4",
    "lgbm_leaves7_400",
    "lgbm_leaves15_700"
  ],
  "top": [
    {
      "entry_policy": "vwap_low",
      "feature_group": "all_no_ak",
      "model_name": "xgb_d4_500_lr002_mcw5",
      "target_hit_bps": 50.0,
      "trades": 117,
      "win_rate": 0.7435897435897436,
      "avg_return": 0.0016480451084935183,
      "median_return": 0.005,
      "compound_return": 0.20940385118426508,
      "max_drawdown": -0.03553649699491579,
      "profit_factor": 1.7961941324056558,
      "windows": 10
    },
    {
      "entry_policy": "vwap_low",
      "feature_group": "reversal_fundamental_regime_sector",
      "model_name": "xgb_d3_600_lr002_mcw3",
      "target_hit_bps": 50.0,
      "trades": 172,
      "win_rate": 0.7093023255813954,
      "avg_return": 0.0009647288204769119,
      "median_return": 0.005,
      "compound_return": 0.17518461614401004,
      "max_drawdown": -0.06949178886564233,
      "profit_factor": 1.3762530733825418,
      "windows": 10
    },
    {
      "entry_policy": "vwap_low",
      "feature_group": "reversal_fundamental_regime_sector_external",
      "model_name": "xgb_d3_600_lr002_mcw3",
      "target_hit_bps": 50.0,
      "trades": 172,
      "win_rate": 0.7093023255813954,
      "avg_return": 0.0009647288204769119,
      "median_return": 0.005,
      "compound_return": 0.17518461614401004,
      "max_drawdown": -0.06949178886564233,
      "profit_factor": 1.3762530733825418,
      "windows": 10
    },
    {
      "entry_policy": "vwap_low",
      "feature_group": "all_no_ak",
      "model_name": "xgb_d2_200_lr003_mcw5",
      "target_hit_bps": 50.0,
      "trades": 140,
      "win_rate": 0.7071428571428572,
      "avg_return": 0.001085684817772189,
      "median_return": 0.005,
      "compound_return": 0.15983496432956334,
      "max_drawdown": -0.05421759038781038,
      "profit_factor": 1.4512569711572578,
      "windows": 10
    },
    {
      "entry_policy": "vwap_low",
      "feature_group": "reversal_fundamental_regime_sector",
      "model_name": "xgb_d2_200_lr003_mcw5",
      "target_hit_bps": 50.0,
      "trades": 150,
      "win_rate": 0.7333333333333333,
      "avg_return": 0.0010034522278014343,
      "median_return": 0.005,
      "compound_return": 0.1569914829843977,
      "max_drawdown": -0.049050933962174414,
      "profit_factor": 1.3822978067626515,
      "windows": 10
    },
    {
      "entry_policy": "vwap_low",
      "feature_group": "reversal_fundamental_regime_sector_external",
      "model_name": "xgb_d2_200_lr003_mcw5",
      "target_hit_bps": 50.0,
      "trades": 150,
      "win_rate": 0.7333333333333333,
      "avg_return": 0.0010034522278014343,
      "median_return": 0.005,
      "compound_return": 0.1569914829843977,
      "max_drawdown": -0.049050933962174414,
      "profit_factor": 1.3822978067626515,
      "windows": 10
    },
    {
      "entry_policy": "vwap_low",
      "feature_group": "reversal_fundamental_regime_sector",
      "model_name": "lgbm_leaves7_400",
      "target_hit_bps": 50.0,
      "trades": 209,
      "win_rate": 0.7033492822966507,
      "avg_return": 0.0007158319729620651,
      "median_return": 0.005,
      "compound_return": 0.15372890282862106,
      "max_drawdown": -0.07529714035627422,
      "profit_factor": 1.2582960498903646,
      "windows": 10
    },
    {
      "entry_policy": "vwap_low",
      "feature_group": "reversal_fundamental_regime_sector_external",
      "model_name": "lgbm_leaves7_400",
      "target_hit_bps": 50.0,
      "trades": 209,
      "win_rate": 0.7033492822966507,
      "avg_return": 0.0007158319729620651,
      "median_return": 0.005,
      "compound_return": 0.15372890282862106,
      "max_drawdown": -0.07529714035627422,
      "profit_factor": 1.2582960498903646,
      "windows": 10
    },
    {
      "entry_policy": "vwap_low",
      "feature_group": "reversal_fundamental_regime_sector",
      "model_name": "random_forest_600_d4",
      "target_hit_bps": 50.0,
      "trades": 124,
      "win_rate": 0.7258064516129032,
      "avg_return": 0.0011773412397758022,
      "median_return": 0.005,
      "compound_return": 0.1534901026820228,
      "max_drawdown": -0.053240014185499174,
      "profit_factor": 1.4844200436787265,
      "windows": 10
    },
    {
      "entry_policy": "vwap_low",
      "feature_group": "reversal_fundamental_regime_sector_external",
      "model_name": "random_forest_600_d4",
      "target_hit_bps": 50.0,
      "trades": 124,
      "win_rate": 0.7258064516129032,
      "avg_return": 0.0011773412397758022,
      "median_return": 0.005,
      "compound_return": 0.1534901026820228,
      "max_drawdown": -0.053240014185499174,
      "profit_factor": 1.4844200436787265,
      "windows": 10
    },
    {
      "entry_policy": "vwap_low",
      "feature_group": "all_no_ak",
      "model_name": "lgbm_leaves7_400",
      "target_hit_bps": 50.0,
      "trades": 137,
      "win_rate": 0.7007299270072993,
      "avg_return": 0.0009953057829027478,
      "median_return": 0.005,
      "compound_return": 0.14205811484426034,
      "max_drawdown": -0.05884083044780408,
      "profit_factor": 1.40664361987451,
      "windows": 10
    },
    {
      "entry_policy": "vwap_low",
      "feature_group": "all_no_ak",
      "model_name": "lgbm_leaves15_700",
      "target_hit_bps": 50.0,
      "trades": 111,
      "win_rate": 0.7207207207207207,
      "avg_return": 0.001143988086650851,
      "median_return": 0.005,
      "compound_return": 0.13195923841915547,
      "max_drawdown": -0.060470646104964776,
      "profit_factor": 1.4703655030604508,
      "windows": 10
    },
    {
      "entry_policy": "vwap_low",
      "feature_group": "all_no_ak",
      "model_name": "xgb_d3_400_lr003_mcw3",
      "target_hit_bps": 50.0,
      "trades": 187,
      "win_rate": 0.7005347593582888,
      "avg_return": 0.0006544925671330967,
      "median_return": 0.005,
      "compound_return": 0.12349742754025628,
      "max_drawdown": -0.06709091080543805,
      "profit_factor": 1.2336602496807363,
      "windows": 10
    },
    {
      "entry_policy": "vwap_low",
      "feature_group": "reversal_fundamental_regime_sector",
      "model_name": "xgb_d4_500_lr002_mcw5",
      "target_hit_bps": 50.0,
      "trades": 174,
      "win_rate": 0.6781609195402298,
      "avg_return": 0.000571305173848444,
      "median_return": 0.005,
      "compound_return": 0.09859333018688088,
      "max_drawdown": -0.09013661572952936,
      "profit_factor": 1.205020029937344,
      "windows": 10
    },
    {
      "entry_policy": "vwap_low",
      "feature_group": "reversal_fundamental_regime_sector_external",
      "model_name": "xgb_d4_500_lr002_mcw5",
      "target_hit_bps": 50.0,
      "trades": 174,
      "win_rate": 0.6781609195402298,
      "avg_return": 0.000571305173848444,
      "median_return": 0.005,
      "compound_return": 0.09859333018688088,
      "max_drawdown": -0.09013661572952936,
      "profit_factor": 1.205020029937344,
      "windows": 10
    },
    {
      "entry_policy": "vwap_low",
      "feature_group": "reversal_fundamental_regime",
      "model_name": "xgb_d2_200_lr003_mcw5",
      "target_hit_bps": 50.0,
      "trades": 146,
      "win_rate": 0.684931506849315,
      "avg_return": 0.0005947897060478445,
      "median_return": 0.005,
      "compound_return": 0.08610690143086264,
      "max_drawdown": -0.0926306681509661,
      "profit_factor": 1.2128814470726654,
      "windows": 10
    },
    {
      "entry_policy": "vwap_low",
      "feature_group": "all_no_ak",
      "model_name": "random_forest_600_d4",
      "target_hit_bps": 50.0,
      "trades": 92,
      "win_rate": 0.6956521739130435,
      "avg_return": 0.0007592379580411407,
      "median_return": 0.005,
      "compound_return": 0.06991768309941682,
      "max_drawdown": -0.06258686269181823,
      "profit_factor": 1.2888935786733646,
      "windows": 10
    },
    {
      "entry_policy": "vwap_low",
      "feature_group": "reversal_fundamental_regime",
      "model_name": "random_forest_600_d4",
      "target_hit_bps": 50.0,
      "trades": 88,
      "win_rate": 0.7045454545454546,
      "avg_return": 0.0007572352767689468,
      "median_return": 0.005,
      "compound_return": 0.0661613834927155,
      "max_drawdown": -0.055416880883563446,
      "profit_factor": 1.2768167852471988,
      "windows": 10
    },
    {
      "entry_policy": "vwap_low",
      "feature_group": "reversal_fundamental_regime_sector",
      "model_name": "lgbm_leaves15_700",
      "target_hit_bps": 50.0,
      "trades": 142,
      "win_rate": 0.6830985915492958,
      "avg_return": 0.00041829332282405853,
      "median_return": 0.005,
      "compound_return": 0.05638278759097637,
      "max_drawdown": -0.06062028278456044,
      "profit_factor": 1.141452403415912,
      "windows": 10
    },
    {
      "entry_policy": "vwap_low",
      "feature_group": "reversal_fundamental_regime_sector_external",
      "model_name": "lgbm_leaves15_700",
      "target_hit_bps": 50.0,
      "trades": 142,
      "win_rate": 0.6830985915492958,
      "avg_return": 0.00041829332282405853,
      "median_return": 0.005,
      "compound_return": 0.05638278759097637,
      "max_drawdown": -0.06062028278456044,
      "profit_factor": 1.141452403415912,
      "windows": 10
    }
  ]
}

[2026-05-16T21:24:26] RUN search_vwap_low_hit_80bps
  /usr/bin/python3 model_training/search_walk_forward_model_complexity.py --samples /root/stock_realtime_v021_full/saved_data/600016_pipeline_out_v2_new27_full/03_sector/training_samples_with_sector.csv --intraday-bars /root/stock_realtime_v021_full/saved_data/600016_pipeline_out_v2_new27_full/00_base/600016_5m.csv --out-dir /root/stock_realtime_v021_full/saved_data/600016_pipeline_out_v2_new27_full/10_search/search_vwap_low_hit_80bps --round-trip-cost-bps 1.7 --target-hit-bps 80.0 --label-mode hit --entry-policy vwap_low --entry-vwap-premium-bps 50.0 --max-missing 0.35 --groups reversal_fundamental_regime,reversal_fundamental_regime_sector,reversal_fundamental_regime_sector_external,all_no_ak --models xgb_d2_200_lr003_mcw5,xgb_d3_400_lr003_mcw3,xgb_d3_600_lr002_mcw3,xgb_d4_500_lr002_mcw5,lgbm_leaves7_400,lgbm_leaves15_700,extra_trees_600_d3,random_forest_600_d4 --quantiles 0.5,0.6,0.7,0.8 --train-rows 756 --valid-rows 126 --test-rows 63 --min-valid-trades 8 --min-train-entries 80
{
  "rows": 1539,
  "target_hit_bps": 80.0,
  "label_mode": "hit",
  "entry_policy": "vwap_low",
  "entry_vwap_premium_bps": 50.0,
  "groups": {
    "reversal_fundamental_regime": 112,
    "reversal_fundamental_regime_sector": 135,
    "reversal_fundamental_regime_sector_external": 135,
    "all_no_ak": 190
  },
  "models": [
    "xgb_d2_200_lr003_mcw5",
    "xgb_d3_400_lr003_mcw3",
    "xgb_d3_600_lr002_mcw3",
    "xgb_d4_500_lr002_mcw5",
    "extra_trees_600_d3",
    "random_forest_600_d4",
    "lgbm_leaves7_400",
    "lgbm_leaves15_700"
  ],
  "top": [
    {
      "entry_policy": "vwap_low",
      "feature_group": "reversal_fundamental_regime_sector",
      "model_name": "random_forest_600_d4",
      "target_hit_bps": 80.0,
      "trades": 117,
      "win_rate": 0.6153846153846154,
      "avg_return": 0.0016828246510992163,
      "median_return": 0.008,
      "compound_return": 0.21263904958137303,
      "max_drawdown": -0.0324322046171992,
      "profit_factor": 1.5885303798631702,
      "windows": 10
    },
    {
      "entry_policy": "vwap_low",
      "feature_group": "reversal_fundamental_regime_sector_external",
      "model_name": "random_forest_600_d4",
      "target_hit_bps": 80.0,
      "trades": 117,
      "win_rate": 0.6153846153846154,
      "avg_return": 0.0016828246510992163,
      "median_return": 0.008,
      "compound_return": 0.21263904958137303,
      "max_drawdown": -0.0324322046171992,
      "profit_factor": 1.5885303798631702,
      "windows": 10
    },
    {
      "entry_policy": "vwap_low",
      "feature_group": "all_no_ak",
      "model_name": "lgbm_leaves15_700",
      "target_hit_bps": 80.0,
      "trades": 165,
      "win_rate": 0.5575757575757576,
      "avg_return": 0.0009961559856144545,
      "median_return": 0.004731960784313708,
      "compound_return": 0.17122562308926637,
      "max_drawdown": -0.06513127578275246,
      "profit_factor": 1.3179724690563561,
      "windows": 10
    },
    {
      "entry_policy": "vwap_low",
      "feature_group": "all_no_ak",
      "model_name": "extra_trees_600_d3",
      "target_hit_bps": 80.0,
      "trades": 98,
      "win_rate": 0.6122448979591837,
      "avg_return": 0.0013618583074591858,
      "median_return": 0.008,
      "compound_return": 0.13868262272736565,
      "max_drawdown": -0.03491377363825332,
      "profit_factor": 1.4292197223035359,
      "windows": 10
    },
    {
      "entry_policy": "vwap_low",
      "feature_group": "reversal_fundamental_regime_sector",
      "model_name": "xgb_d3_600_lr002_mcw3",
      "target_hit_bps": 80.0,
      "trades": 189,
      "win_rate": 0.5767195767195767,
      "avg_return": 0.0006900014552434343,
      "median_return": 0.008,
      "compound_return": 0.12935884627073935,
      "max_drawdown": -0.10614027326893827,
      "profit_factor": 1.1886129572734654,
      "windows": 10
    },
    {
      "entry_policy": "vwap_low",
      "feature_group": "reversal_fundamental_regime_sector_external",
      "model_name": "xgb_d3_600_lr002_mcw3",
      "target_hit_bps": 80.0,
      "trades": 189,
      "win_rate": 0.5767195767195767,
      "avg_return": 0.0006900014552434343,
      "median_return": 0.008,
      "compound_return": 0.12935884627073935,
      "max_drawdown": -0.10614027326893827,
      "profit_factor": 1.1886129572734654,
      "windows": 10
    },
    {
      "entry_policy": "vwap_low",
      "feature_group": "reversal_fundamental_regime",
      "model_name": "xgb_d4_500_lr002_mcw5",
      "target_hit_bps": 80.0,
      "trades": 195,
      "win_rate": 0.5641025641025641,
      "avg_return": 0.0006088843127842023,
      "median_return": 0.0050248051948051965,
      "compound_return": 0.11665412253084928,
      "max_drawdown": -0.11376817898241909,
      "profit_factor": 1.1701096266405082,
      "windows": 10
    },
    {
      "entry_policy": "vwap_low",
      "feature_group": "all_no_ak",
      "model_name": "lgbm_leaves7_400",
      "target_hit_bps": 80.0,
      "trades": 179,
      "win_rate": 0.5698324022346368,
      "avg_return": 0.000620514381432781,
      "median_return": 0.008,
      "compound_return": 0.10785157073850038,
      "max_drawdown": -0.11847183725675547,
      "profit_factor": 1.1681696911377755,
      "windows": 10
    },
    {
      "entry_policy": "vwap_low",
      "feature_group": "reversal_fundamental_regime",
      "model_name": "xgb_d3_400_lr003_mcw3",
      "target_hit_bps": 80.0,
      "trades": 195,
      "win_rate": 0.558974358974359,
      "avg_return": 0.0004816834166463703,
      "median_return": 0.004893291139240533,
      "compound_return": 0.08921417332328163,
      "max_drawdown": -0.11205095334008519,
      "profit_factor": 1.1328490381477498,
      "windows": 10
    },
    {
      "entry_policy": "vwap_low",
      "feature_group": "reversal_fundamental_regime",
      "model_name": "xgb_d2_200_lr003_mcw5",
      "target_hit_bps": 80.0,
      "trades": 166,
      "win_rate": 0.5542168674698795,
      "avg_return": 0.0005551402427555512,
      "median_return": 0.006595965147453085,
      "compound_return": 0.08901537033301787,
      "max_drawdown": -0.11567011450902831,
      "profit_factor": 1.1523209195789679,
      "windows": 10
    },
    {
      "entry_policy": "vwap_low",
      "feature_group": "all_no_ak",
      "model_name": "xgb_d3_600_lr002_mcw3",
      "target_hit_bps": 80.0,
      "trades": 140,
      "win_rate": 0.5285714285714286,
      "avg_return": 0.000576721310384959,
      "median_return": 0.002458161737280532,
      "compound_return": 0.07790529609938601,
      "max_drawdown": -0.07221072557057018,
      "profit_factor": 1.1709135428133786,
      "windows": 10
    },
    {
      "entry_policy": "vwap_low",
      "feature_group": "reversal_fundamental_regime",
      "model_name": "xgb_d3_600_lr002_mcw3",
      "target_hit_bps": 80.0,
      "trades": 186,
      "win_rate": 0.5591397849462365,
      "avg_return": 0.0004008744855094145,
      "median_return": 0.004932339657023891,
      "compound_return": 0.06814172500207838,
      "max_drawdown": -0.07285228043005121,
      "profit_factor": 1.1077332424134054,
      "windows": 10
    },
    {
      "entry_policy": "vwap_low",
      "feature_group": "reversal_fundamental_regime",
      "model_name": "random_forest_600_d4",
      "target_hit_bps": 80.0,
      "trades": 136,
      "win_rate": 0.5588235294117647,
      "avg_return": 0.00046977291574245065,
      "median_return": 0.004959048167022865,
      "compound_return": 0.06041419741887988,
      "max_drawdown": -0.07530047717971056,
      "profit_factor": 1.128525725667074,
      "windows": 10
    },
    {
      "entry_policy": "vwap_low",
      "feature_group": "reversal_fundamental_regime_sector",
      "model_name": "xgb_d3_400_lr003_mcw3",
      "target_hit_bps": 80.0,
      "trades": 165,
      "win_rate": 0.5333333333333333,
      "avg_return": 0.00030595831676879327,
      "median_return": 0.0048300000000001155,
      "compound_return": 0.04398409328246444,
      "max_drawdown": -0.08977771955351854,
      "profit_factor": 1.0810441819556897,
      "windows": 10
    },
    {
      "entry_policy": "vwap_low",
      "feature_group": "reversal_fundamental_regime_sector_external",
      "model_name": "xgb_d3_400_lr003_mcw3",
      "target_hit_bps": 80.0,
      "trades": 165,
      "win_rate": 0.5333333333333333,
      "avg_return": 0.00030595831676879327,
      "median_return": 0.0048300000000001155,
      "compound_return": 0.04398409328246444,
      "max_drawdown": -0.08977771955351854,
      "profit_factor": 1.0810441819556897,
      "windows": 10
    },
    {
      "entry_policy": "vwap_low",
      "feature_group": "all_no_ak",
      "model_name": "random_forest_600_d4",
      "target_hit_bps": 80.0,
      "trades": 100,
      "win_rate": 0.61,
      "avg_return": 0.00048453716827891717,
      "median_return": 0.008,
      "compound_return": 0.04268219798817352,
      "max_drawdown": -0.09881880701635237,
      "profit_factor": 1.1185606019530505,
      "windows": 10
    },
    {
      "entry_policy": "vwap_low",
      "feature_group": "reversal_fundamental_regime_sector",
      "model_name": "xgb_d4_500_lr002_mcw5",
      "target_hit_bps": 80.0,
      "trades": 170,
      "win_rate": 0.5411764705882353,
      "avg_return": 0.00025577303600524115,
      "median_return": 0.0050426107170733515,
      "compound_return": 0.03443446795098826,
      "max_drawdown": -0.10839987459540357,
      "profit_factor": 1.0662678431934847,
      "windows": 10
    },
    {
      "entry_policy": "vwap_low",
      "feature_group": "reversal_fundamental_regime_sector_external",
      "model_name": "xgb_d4_500_lr002_mcw5",
      "target_hit_bps": 80.0,
      "trades": 170,
      "win_rate": 0.5411764705882353,
      "avg_return": 0.00025577303600524115,
      "median_return": 0.0050426107170733515,
      "compound_return": 0.03443446795098826,
      "max_drawdown": -0.10839987459540357,
      "profit_factor": 1.0662678431934847,
      "windows": 10
    },
    {
      "entry_policy": "vwap_low",
      "feature_group": "reversal_fundamental_regime_sector",
      "model_name": "xgb_d2_200_lr003_mcw5",
      "target_hit_bps": 80.0,
      "trades": 166,
      "win_rate": 0.5301204819277109,
      "avg_return": 0.00018096447591036015,
      "median_return": 0.002336328636846189,
      "compound_return": 0.023062733876990427,
      "max_drawdown": -0.12307005053302145,
      "profit_factor": 1.0481709997636877,
      "windows": 10
    },
    {
      "entry_policy": "vwap_low",
      "feature_group": "reversal_fundamental_regime_sector_external",
      "model_name": "xgb_d2_200_lr003_mcw5",
      "target_hit_bps": 80.0,
      "trades": 166,
      "win_rate": 0.5301204819277109,
      "avg_return": 0.00018096447591036015,
      "median_return": 0.002336328636846189,
      "compound_return": 0.023062733876990427,
      "max_drawdown": -0.12307005053302145,
      "profit_factor": 1.0481709997636877,
      "windows": 10
    }
  ]
}

[2026-05-16T21:33:47] RUN search_vwap_low_close_profit_50bps
  /usr/bin/python3 model_training/search_walk_forward_model_complexity.py --samples /root/stock_realtime_v021_full/saved_data/600016_pipeline_out_v2_new27_full/03_sector/training_samples_with_sector.csv --intraday-bars /root/stock_realtime_v021_full/saved_data/600016_pipeline_out_v2_new27_full/00_base/600016_5m.csv --out-dir /root/stock_realtime_v021_full/saved_data/600016_pipeline_out_v2_new27_full/10_search/search_vwap_low_close_profit_50bps --round-trip-cost-bps 1.7 --target-hit-bps 50.0 --label-mode close_profit --entry-policy vwap_low --entry-vwap-premium-bps 50.0 --max-missing 0.35 --groups reversal_fundamental_regime,reversal_fundamental_regime_sector,reversal_fundamental_regime_sector_external,all_no_ak --models xgb_d2_200_lr003_mcw5,xgb_d3_400_lr003_mcw3,xgb_d3_600_lr002_mcw3,xgb_d4_500_lr002_mcw5,lgbm_leaves7_400,lgbm_leaves15_700,extra_trees_600_d3,random_forest_600_d4 --quantiles 0.5,0.6,0.7,0.8 --train-rows 756 --valid-rows 126 --test-rows 63 --min-valid-trades 8 --min-train-entries 80
{
  "rows": 1539,
  "target_hit_bps": 50.0,
  "label_mode": "close_profit",
  "entry_policy": "vwap_low",
  "entry_vwap_premium_bps": 50.0,
  "groups": {
    "reversal_fundamental_regime": 112,
    "reversal_fundamental_regime_sector": 135,
    "reversal_fundamental_regime_sector_external": 135,
    "all_no_ak": 190
  },
  "models": [
    "xgb_d2_200_lr003_mcw5",
    "xgb_d3_400_lr003_mcw3",
    "xgb_d3_600_lr002_mcw3",
    "xgb_d4_500_lr002_mcw5",
    "extra_trees_600_d3",
    "random_forest_600_d4",
    "lgbm_leaves7_400",
    "lgbm_leaves15_700"
  ],
  "top": [
    {
      "entry_policy": "vwap_low",
      "feature_group": "reversal_fundamental_regime",
      "model_name": "xgb_d2_200_lr003_mcw5",
      "target_hit_bps": 50.0,
      "trades": 181,
      "win_rate": 0.4696132596685083,
      "avg_return": 0.0017282356653454832,
      "median_return": -0.00016999999999999999,
      "compound_return": 0.348615093245799,
      "max_drawdown": -0.07853527177529518,
      "profit_factor": 1.4669146971417868,
      "windows": 10
    },
    {
      "entry_policy": "vwap_low",
      "feature_group": "reversal_fundamental_regime_sector",
      "model_name": "xgb_d4_500_lr002_mcw5",
      "target_hit_bps": 50.0,
      "trades": 139,
      "win_rate": 0.49640287769784175,
      "avg_return": 0.001950296443149728,
      "median_return": -0.00016999999999999999,
      "compound_return": 0.30025354093065926,
      "max_drawdown": -0.11962255357823337,
      "profit_factor": 1.602109839819511,
      "windows": 10
    },
    {
      "entry_policy": "vwap_low",
      "feature_group": "reversal_fundamental_regime_sector_external",
      "model_name": "xgb_d4_500_lr002_mcw5",
      "target_hit_bps": 50.0,
      "trades": 139,
      "win_rate": 0.49640287769784175,
      "avg_return": 0.001950296443149728,
      "median_return": -0.00016999999999999999,
      "compound_return": 0.30025354093065926,
      "max_drawdown": -0.11962255357823337,
      "profit_factor": 1.602109839819511,
      "windows": 10
    },
    {
      "entry_policy": "vwap_low",
      "feature_group": "reversal_fundamental_regime_sector",
      "model_name": "lgbm_leaves15_700",
      "target_hit_bps": 50.0,
      "trades": 149,
      "win_rate": 0.5100671140939598,
      "avg_return": 0.0018044841589237052,
      "median_return": 0.0019576595744681437,
      "compound_return": 0.29610634160459215,
      "max_drawdown": -0.0940588802385981,
      "profit_factor": 1.5140533944450407,
      "windows": 10
    },
    {
      "entry_policy": "vwap_low",
      "feature_group": "reversal_fundamental_regime_sector_external",
      "model_name": "lgbm_leaves15_700",
      "target_hit_bps": 50.0,
      "trades": 149,
      "win_rate": 0.5100671140939598,
      "avg_return": 0.0018044841589237052,
      "median_return": 0.0019576595744681437,
      "compound_return": 0.29610634160459215,
      "max_drawdown": -0.0940588802385981,
      "profit_factor": 1.5140533944450407,
      "windows": 10
    },
    {
      "entry_policy": "vwap_low",
      "feature_group": "reversal_fundamental_regime",
      "model_name": "xgb_d3_600_lr002_mcw3",
      "target_hit_bps": 50.0,
      "trades": 139,
      "win_rate": 0.48201438848920863,
      "avg_return": 0.00184396418783019,
      "median_return": -0.00016999999999999999,
      "compound_return": 0.28139090303452674,
      "max_drawdown": -0.06409299627890974,
      "profit_factor": 1.560223840401654,
      "windows": 10
    },
    {
      "entry_policy": "vwap_low",
      "feature_group": "reversal_fundamental_regime",
      "model_name": "random_forest_600_d4",
      "target_hit_bps": 50.0,
      "trades": 174,
      "win_rate": 0.47126436781609193,
      "avg_return": 0.0014243829017972168,
      "median_return": -0.00016999999999999999,
      "compound_return": 0.26413222542212633,
      "max_drawdown": -0.1072762840706819,
      "profit_factor": 1.3660409934166988,
      "windows": 10
    },
    {
      "entry_policy": "vwap_low",
      "feature_group": "reversal_fundamental_regime_sector",
      "model_name": "random_forest_600_d4",
      "target_hit_bps": 50.0,
      "trades": 187,
      "win_rate": 0.45454545454545453,
      "avg_return": 0.001099799230299135,
      "median_return": -0.00016999999999999999,
      "compound_return": 0.21584932422192193,
      "max_drawdown": -0.08530394065936009,
      "profit_factor": 1.3053957677141153,
      "windows": 10
    },
    {
      "entry_policy": "vwap_low",
      "feature_group": "reversal_fundamental_regime_sector_external",
      "model_name": "random_forest_600_d4",
      "target_hit_bps": 50.0,
      "trades": 187,
      "win_rate": 0.45454545454545453,
      "avg_return": 0.001099799230299135,
      "median_return": -0.00016999999999999999,
      "compound_return": 0.21584932422192193,
      "max_drawdown": -0.08530394065936009,
      "profit_factor": 1.3053957677141153,
      "windows": 10
    },
    {
      "entry_policy": "vwap_low",
      "feature_group": "all_no_ak",
      "model_name": "lgbm_leaves7_400",
      "target_hit_bps": 50.0,
      "trades": 146,
      "win_rate": 0.4726027397260274,
      "avg_return": 0.0013172649079120735,
      "median_return": -0.00016999999999999999,
      "compound_return": 0.20121556142686758,
      "max_drawdown": -0.08493214001758664,
      "profit_factor": 1.3690296251526073,
      "windows": 10
    },
    {
      "entry_policy": "vwap_low",
      "feature_group": "reversal_fundamental_regime_sector",
      "model_name": "xgb_d3_600_lr002_mcw3",
      "target_hit_bps": 50.0,
      "trades": 135,
      "win_rate": 0.4740740740740741,
      "avg_return": 0.0013689855220653181,
      "median_return": -0.00016999999999999999,
      "compound_return": 0.19436350640370392,
      "max_drawdown": -0.10272899009751912,
      "profit_factor": 1.4285102318080718,
      "windows": 10
    },
    {
      "entry_policy": "vwap_low",
      "feature_group": "reversal_fundamental_regime_sector_external",
      "model_name": "xgb_d3_600_lr002_mcw3",
      "target_hit_bps": 50.0,
      "trades": 135,
      "win_rate": 0.4740740740740741,
      "avg_return": 0.0013689855220653181,
      "median_return": -0.00016999999999999999,
      "compound_return": 0.19436350640370392,
      "max_drawdown": -0.10272899009751912,
      "profit_factor": 1.4285102318080718,
      "windows": 10
    },
    {
      "entry_policy": "vwap_low",
      "feature_group": "reversal_fundamental_regime_sector",
      "model_name": "xgb_d2_200_lr003_mcw5",
      "target_hit_bps": 50.0,
      "trades": 158,
      "win_rate": 0.45569620253164556,
      "avg_return": 0.001114611220930775,
      "median_return": -0.00016999999999999999,
      "compound_return": 0.18130331084951812,
      "max_drawdown": -0.08943496562097009,
      "profit_factor": 1.307060103589192,
      "windows": 10
    },
    {
      "entry_policy": "vwap_low",
      "feature_group": "reversal_fundamental_regime_sector_external",
      "model_name": "xgb_d2_200_lr003_mcw5",
      "target_hit_bps": 50.0,
      "trades": 158,
      "win_rate": 0.45569620253164556,
      "avg_return": 0.001114611220930775,
      "median_return": -0.00016999999999999999,
      "compound_return": 0.18130331084951812,
      "max_drawdown": -0.08943496562097009,
      "profit_factor": 1.307060103589192,
      "windows": 10
    },
    {
      "entry_policy": "vwap_low",
      "feature_group": "reversal_fundamental_regime_sector",
      "model_name": "xgb_d3_400_lr003_mcw3",
      "target_hit_bps": 50.0,
      "trades": 153,
      "win_rate": 0.47058823529411764,
      "avg_return": 0.00109336445153019,
      "median_return": -0.00016999999999999999,
      "compound_return": 0.16967517428769918,
      "max_drawdown": -0.17963889697015145,
      "profit_factor": 1.2782091049243691,
      "windows": 10
    },
    {
      "entry_policy": "vwap_low",
      "feature_group": "reversal_fundamental_regime_sector_external",
      "model_name": "xgb_d3_400_lr003_mcw3",
      "target_hit_bps": 50.0,
      "trades": 153,
      "win_rate": 0.47058823529411764,
      "avg_return": 0.00109336445153019,
      "median_return": -0.00016999999999999999,
      "compound_return": 0.16967517428769918,
      "max_drawdown": -0.17963889697015145,
      "profit_factor": 1.2782091049243691,
      "windows": 10
    },
    {
      "entry_policy": "vwap_low",
      "feature_group": "reversal_fundamental_regime",
      "model_name": "lgbm_leaves15_700",
      "target_hit_bps": 50.0,
      "trades": 152,
      "win_rate": 0.4342105263157895,
      "avg_return": 0.0010345429470329406,
      "median_return": -0.00016999999999999999,
      "compound_return": 0.16055571677714298,
      "max_drawdown": -0.12440452352772069,
      "profit_factor": 1.3067374711234958,
      "windows": 10
    },
    {
      "entry_policy": "vwap_low",
      "feature_group": "all_no_ak",
      "model_name": "xgb_d4_500_lr002_mcw5",
      "target_hit_bps": 50.0,
      "trades": 173,
      "win_rate": 0.44508670520231214,
      "avg_return": 0.000850773475568811,
      "median_return": -0.00016999999999999999,
      "compound_return": 0.14656549731768576,
      "max_drawdown": -0.15901752216884113,
      "profit_factor": 1.2285454901075545,
      "windows": 10
    },
    {
      "entry_policy": "vwap_low",
      "feature_group": "all_no_ak",
      "model_name": "xgb_d3_600_lr002_mcw3",
      "target_hit_bps": 50.0,
      "trades": 169,
      "win_rate": 0.44970414201183434,
      "avg_return": 0.0008345554974278223,
      "median_return": -0.00016999999999999999,
      "compound_return": 0.14010987980866352,
      "max_drawdown": -0.14625986010990177,
      "profit_factor": 1.2269624739645653,
      "windows": 10
    },
    {
      "entry_policy": "vwap_low",
      "feature_group": "all_no_ak",
      "model_name": "xgb_d3_400_lr003_mcw3",
      "target_hit_bps": 50.0,
      "trades": 142,
      "win_rate": 0.47183098591549294,
      "avg_return": 0.0009823405241018881,
      "median_return": -0.00016999999999999999,
      "compound_return": 0.13948882218121028,
      "max_drawdown": -0.1396397992219165,
      "profit_factor": 1.2551104350811706,
      "windows": 10
    }
  ]
}

[2026-05-16T21:42:57] RUN search_all_days_hit_50bps
  /usr/bin/python3 model_training/search_walk_forward_model_complexity.py --samples /root/stock_realtime_v021_full/saved_data/600016_pipeline_out_v2_new27_full/03_sector/training_samples_with_sector.csv --intraday-bars /root/stock_realtime_v021_full/saved_data/600016_pipeline_out_v2_new27_full/00_base/600016_5m.csv --out-dir /root/stock_realtime_v021_full/saved_data/600016_pipeline_out_v2_new27_full/10_search/search_all_days_hit_50bps --round-trip-cost-bps 1.7 --target-hit-bps 50.0 --label-mode hit --entry-policy all_days --entry-vwap-premium-bps 50.0 --max-missing 0.35 --groups reversal_fundamental_regime,reversal_fundamental_regime_sector,reversal_fundamental_regime_sector_external,all_no_ak --models xgb_d2_200_lr003_mcw5,xgb_d3_400_lr003_mcw3,xgb_d3_600_lr002_mcw3,xgb_d4_500_lr002_mcw5,lgbm_leaves7_400,lgbm_leaves15_700,extra_trees_600_d3,random_forest_600_d4 --quantiles 0.5,0.6,0.7,0.8 --train-rows 756 --valid-rows 126 --test-rows 63 --min-valid-trades 8 --min-train-entries 80
{
  "rows": 1539,
  "target_hit_bps": 50.0,
  "label_mode": "hit",
  "entry_policy": "all_days",
  "entry_vwap_premium_bps": 50.0,
  "groups": {
    "reversal_fundamental_regime": 112,
    "reversal_fundamental_regime_sector": 135,
    "reversal_fundamental_regime_sector_external": 135,
    "all_no_ak": 190
  },
  "models": [
    "xgb_d2_200_lr003_mcw5",
    "xgb_d3_400_lr003_mcw3",
    "xgb_d3_600_lr002_mcw3",
    "xgb_d4_500_lr002_mcw5",
    "extra_trees_600_d3",
    "random_forest_600_d4",
    "lgbm_leaves7_400",
    "lgbm_leaves15_700"
  ],
  "top": [
    {
      "entry_policy": "all_days",
      "feature_group": "all_no_ak",
      "model_name": "xgb_d4_500_lr002_mcw5",
      "target_hit_bps": 50.0,
      "trades": 120,
      "win_rate": 0.7333333333333333,
      "avg_return": 0.0014617492433067125,
      "median_return": 0.005,
      "compound_return": 0.18836158394033453,
      "max_drawdown": -0.044381637343612,
      "profit_factor": 1.6629496541776296,
      "windows": 10
    },
    {
      "entry_policy": "all_days",
      "feature_group": "all_no_ak",
      "model_name": "xgb_d2_200_lr003_mcw5",
      "target_hit_bps": 50.0,
      "trades": 142,
      "win_rate": 0.704225352112676,
      "avg_return": 0.0010357026544164144,
      "median_return": 0.005,
      "compound_return": 0.1540639409655924,
      "max_drawdown": -0.05421759038781038,
      "profit_factor": 1.4241330672866255,
      "windows": 10
    },
    {
      "entry_policy": "all_days",
      "feature_group": "reversal_fundamental_regime_sector",
      "model_name": "xgb_d3_600_lr002_mcw3",
      "target_hit_bps": 50.0,
      "trades": 176,
      "win_rate": 0.6988636363636364,
      "avg_return": 0.0008148506648872414,
      "median_return": 0.005,
      "compound_return": 0.1488390111837723,
      "max_drawdown": -0.09487778342023823,
      "profit_factor": 1.3060897037577126,
      "windows": 10
    },
    {
      "entry_policy": "all_days",
      "feature_group": "reversal_fundamental_regime_sector_external",
      "model_name": "xgb_d3_600_lr002_mcw3",
      "target_hit_bps": 50.0,
      "trades": 176,
      "win_rate": 0.6988636363636364,
      "avg_return": 0.0008148506648872414,
      "median_return": 0.005,
      "compound_return": 0.1488390111837723,
      "max_drawdown": -0.09487778342023823,
      "profit_factor": 1.3060897037577126,
      "windows": 10
    },
    {
      "entry_policy": "all_days",
      "feature_group": "reversal_fundamental_regime_sector",
      "model_name": "lgbm_leaves7_400",
      "target_hit_bps": 50.0,
      "trades": 208,
      "win_rate": 0.7019230769230769,
      "avg_return": 0.0006967043903036432,
      "median_return": 0.005,
      "compound_return": 0.14840139301374222,
      "max_drawdown": -0.07529714035627422,
      "profit_factor": 1.250323423852818,
      "windows": 10
    },
    {
      "entry_policy": "all_days",
      "feature_group": "reversal_fundamental_regime_sector_external",
      "model_name": "lgbm_leaves7_400",
      "target_hit_bps": 50.0,
      "trades": 208,
      "win_rate": 0.7019230769230769,
      "avg_return": 0.0006967043903036432,
      "median_return": 0.005,
      "compound_return": 0.14840139301374222,
      "max_drawdown": -0.07529714035627422,
      "profit_factor": 1.250323423852818,
      "windows": 10
    },
    {
      "entry_policy": "all_days",
      "feature_group": "reversal_fundamental_regime_sector",
      "model_name": "xgb_d2_200_lr003_mcw5",
      "target_hit_bps": 50.0,
      "trades": 159,
      "win_rate": 0.7232704402515723,
      "avg_return": 0.0008819701720722015,
      "median_return": 0.005,
      "compound_return": 0.14488550193153893,
      "max_drawdown": -0.05837324194252769,
      "profit_factor": 1.326881475894394,
      "windows": 10
    },
    {
      "entry_policy": "all_days",
      "feature_group": "reversal_fundamental_regime_sector_external",
      "model_name": "xgb_d2_200_lr003_mcw5",
      "target_hit_bps": 50.0,
      "trades": 159,
      "win_rate": 0.7232704402515723,
      "avg_return": 0.0008819701720722015,
      "median_return": 0.005,
      "compound_return": 0.14488550193153893,
      "max_drawdown": -0.05837324194252769,
      "profit_factor": 1.326881475894394,
      "windows": 10
    },
    {
      "entry_policy": "all_days",
      "feature_group": "all_no_ak",
      "model_name": "lgbm_leaves15_700",
      "target_hit_bps": 50.0,
      "trades": 113,
      "win_rate": 0.7256637168141593,
      "avg_return": 0.0012122360851172076,
      "median_return": 0.005,
      "compound_return": 0.1433071297843076,
      "max_drawdown": -0.060470646104964776,
      "profit_factor": 1.5074072092114692,
      "windows": 10
    },
    {
      "entry_policy": "all_days",
      "feature_group": "reversal_fundamental_regime_sector",
      "model_name": "random_forest_600_d4",
      "target_hit_bps": 50.0,
      "trades": 133,
      "win_rate": 0.7142857142857143,
      "avg_return": 0.001003371856252306,
      "median_return": 0.005,
      "compound_return": 0.138824088452693,
      "max_drawdown": -0.07455514936635776,
      "profit_factor": 1.393754097909665,
      "windows": 10
    },
    {
      "entry_policy": "all_days",
      "feature_group": "reversal_fundamental_regime_sector_external",
      "model_name": "random_forest_600_d4",
      "target_hit_bps": 50.0,
      "trades": 133,
      "win_rate": 0.7142857142857143,
      "avg_return": 0.001003371856252306,
      "median_return": 0.005,
      "compound_return": 0.138824088452693,
      "max_drawdown": -0.07455514936635776,
      "profit_factor": 1.393754097909665,
      "windows": 10
    },
    {
      "entry_policy": "all_days",
      "feature_group": "all_no_ak",
      "model_name": "lgbm_leaves7_400",
      "target_hit_bps": 50.0,
      "trades": 141,
      "win_rate": 0.6950354609929078,
      "avg_return": 0.0009313654119983165,
      "median_return": 0.005,
      "compound_return": 0.13622348247027793,
      "max_drawdown": -0.0683075573965336,
      "profit_factor": 1.3748246669019615,
      "windows": 10
    },
    {
      "entry_policy": "all_days",
      "feature_group": "all_no_ak",
      "model_name": "xgb_d3_400_lr003_mcw3",
      "target_hit_bps": 50.0,
      "trades": 195,
      "win_rate": 0.6871794871794872,
      "avg_return": 0.0004975316858213396,
      "median_return": 0.005,
      "compound_return": 0.09509581858086857,
      "max_drawdown": -0.0882394289119599,
      "profit_factor": 1.1719681360411727,
      "windows": 10
    },
    {
      "entry_policy": "all_days",
      "feature_group": "reversal_fundamental_regime",
      "model_name": "random_forest_600_d4",
      "target_hit_bps": 50.0,
      "trades": 94,
      "win_rate": 0.7021276595744681,
      "avg_return": 0.0007345017214337083,
      "median_return": 0.005,
      "compound_return": 0.06857890732003025,
      "max_drawdown": -0.055416880883563446,
      "profit_factor": 1.2672792159940507,
      "windows": 10
    },
    {
      "entry_policy": "all_days",
      "feature_group": "all_no_ak",
      "model_name": "random_forest_600_d4",
      "target_hit_bps": 50.0,
      "trades": 99,
      "win_rate": 0.6868686868686869,
      "avg_return": 0.0006286276045466441,
      "median_return": 0.005,
      "compound_return": 0.061596463111692534,
      "max_drawdown": -0.07450501154121747,
      "profit_factor": 1.231010210774574,
      "windows": 10
    },
    {
      "entry_policy": "all_days",
      "feature_group": "reversal_fundamental_regime_sector",
      "model_name": "xgb_d4_500_lr002_mcw5",
      "target_hit_bps": 50.0,
      "trades": 188,
      "win_rate": 0.6648936170212766,
      "avg_return": 0.00033598781434143185,
      "median_return": 0.005,
      "compound_return": 0.05886665878887731,
      "max_drawdown": -0.11505995655970458,
      "profit_factor": 1.1135855925361966,
      "windows": 10
    },
    {
      "entry_policy": "all_days",
      "feature_group": "reversal_fundamental_regime_sector_external",
      "model_name": "xgb_d4_500_lr002_mcw5",
      "target_hit_bps": 50.0,
      "trades": 188,
      "win_rate": 0.6648936170212766,
      "avg_return": 0.00033598781434143185,
      "median_return": 0.005,
      "compound_return": 0.05886665878887731,
      "max_drawdown": -0.11505995655970458,
      "profit_factor": 1.1135855925361966,
      "windows": 10
    },
    {
      "entry_policy": "all_days",
      "feature_group": "reversal_fundamental_regime",
      "model_name": "xgb_d2_200_lr003_mcw5",
      "target_hit_bps": 50.0,
      "trades": 162,
      "win_rate": 0.6728395061728395,
      "avg_return": 0.00036950116882034285,
      "median_return": 0.005,
      "compound_return": 0.0565929063389512,
      "max_drawdown": -0.0926306681509661,
      "profit_factor": 1.1247317512207116,
      "windows": 10
    },
    {
      "entry_policy": "all_days",
      "feature_group": "reversal_fundamental_regime_sector",
      "model_name": "lgbm_leaves15_700",
      "target_hit_bps": 50.0,
      "trades": 139,
      "win_rate": 0.6834532374100719,
      "avg_return": 0.00036202490697373186,
      "median_return": 0.005,
      "compound_return": 0.046837294507488636,
      "max_drawdown": -0.06062028278456044,
      "profit_factor": 1.1201021572852643,
      "windows": 10
    },
    {
      "entry_policy": "all_days",
      "feature_group": "reversal_fundamental_regime_sector_external",
      "model_name": "lgbm_leaves15_700",
      "target_hit_bps": 50.0,
      "trades": 139,
      "win_rate": 0.6834532374100719,
      "avg_return": 0.00036202490697373186,
      "median_return": 0.005,
      "compound_return": 0.046837294507488636,
      "max_drawdown": -0.06062028278456044,
      "profit_factor": 1.1201021572852643,
      "windows": 10
    }
  ]
}

[2026-05-16T21:57:15] RUN search_all_days_hit_80bps
  /usr/bin/python3 model_training/search_walk_forward_model_complexity.py --samples /root/stock_realtime_v021_full/saved_data/600016_pipeline_out_v2_new27_full/03_sector/training_samples_with_sector.csv --intraday-bars /root/stock_realtime_v021_full/saved_data/600016_pipeline_out_v2_new27_full/00_base/600016_5m.csv --out-dir /root/stock_realtime_v021_full/saved_data/600016_pipeline_out_v2_new27_full/10_search/search_all_days_hit_80bps --round-trip-cost-bps 1.7 --target-hit-bps 80.0 --label-mode hit --entry-policy all_days --entry-vwap-premium-bps 50.0 --max-missing 0.35 --groups reversal_fundamental_regime,reversal_fundamental_regime_sector,reversal_fundamental_regime_sector_external,all_no_ak --models xgb_d2_200_lr003_mcw5,xgb_d3_400_lr003_mcw3,xgb_d3_600_lr002_mcw3,xgb_d4_500_lr002_mcw5,lgbm_leaves7_400,lgbm_leaves15_700,extra_trees_600_d3,random_forest_600_d4 --quantiles 0.5,0.6,0.7,0.8 --train-rows 756 --valid-rows 126 --test-rows 63 --min-valid-trades 8 --min-train-entries 80
{
  "rows": 1539,
  "target_hit_bps": 80.0,
  "label_mode": "hit",
  "entry_policy": "all_days",
  "entry_vwap_premium_bps": 50.0,
  "groups": {
    "reversal_fundamental_regime": 112,
    "reversal_fundamental_regime_sector": 135,
    "reversal_fundamental_regime_sector_external": 135,
    "all_no_ak": 190
  },
  "models": [
    "xgb_d2_200_lr003_mcw5",
    "xgb_d3_400_lr003_mcw3",
    "xgb_d3_600_lr002_mcw3",
    "xgb_d4_500_lr002_mcw5",
    "extra_trees_600_d3",
    "random_forest_600_d4",
    "lgbm_leaves7_400",
    "lgbm_leaves15_700"
  ],
  "top": [
    {
      "entry_policy": "all_days",
      "feature_group": "reversal_fundamental_regime_sector",
      "model_name": "random_forest_600_d4",
      "target_hit_bps": 80.0,
      "trades": 121,
      "win_rate": 0.6033057851239669,
      "avg_return": 0.0015027763334438363,
      "median_return": 0.008,
      "compound_return": 0.19435463563717947,
      "max_drawdown": -0.04178858761842219,
      "profit_factor": 1.508488976579458,
      "windows": 10
    },
    {
      "entry_policy": "all_days",
      "feature_group": "reversal_fundamental_regime_sector_external",
      "model_name": "random_forest_600_d4",
      "target_hit_bps": 80.0,
      "trades": 121,
      "win_rate": 0.6033057851239669,
      "avg_return": 0.0015027763334438363,
      "median_return": 0.008,
      "compound_return": 0.19435463563717947,
      "max_drawdown": -0.04178858761842219,
      "profit_factor": 1.508488976579458,
      "windows": 10
    },
    {
      "entry_policy": "all_days",
      "feature_group": "all_no_ak",
      "model_name": "lgbm_leaves15_700",
      "target_hit_bps": 80.0,
      "trades": 157,
      "win_rate": 0.5605095541401274,
      "avg_return": 0.0008700718153723466,
      "median_return": 0.004731960784313708,
      "compound_return": 0.13925333798757067,
      "max_drawdown": -0.09065145634753025,
      "profit_factor": 1.2664441391681787,
      "windows": 10
    },
    {
      "entry_policy": "all_days",
      "feature_group": "all_no_ak",
      "model_name": "extra_trees_600_d3",
      "target_hit_bps": 80.0,
      "trades": 98,
      "win_rate": 0.6122448979591837,
      "avg_return": 0.0013618583074591858,
      "median_return": 0.008,
      "compound_return": 0.13868262272736565,
      "max_drawdown": -0.03491377363825332,
      "profit_factor": 1.4292197223035359,
      "windows": 10
    },
    {
      "entry_policy": "all_days",
      "feature_group": "reversal_fundamental_regime_sector",
      "model_name": "xgb_d3_600_lr002_mcw3",
      "target_hit_bps": 80.0,
      "trades": 192,
      "win_rate": 0.578125,
      "avg_return": 0.0006975260630471278,
      "median_return": 0.008,
      "compound_return": 0.13317400755626974,
      "max_drawdown": -0.10614027326893827,
      "profit_factor": 1.1902606925161914,
      "windows": 10
    },
    {
      "entry_policy": "all_days",
      "feature_group": "reversal_fundamental_regime_sector_external",
      "model_name": "xgb_d3_600_lr002_mcw3",
      "target_hit_bps": 80.0,
      "trades": 192,
      "win_rate": 0.578125,
      "avg_return": 0.0006975260630471278,
      "median_return": 0.008,
      "compound_return": 0.13317400755626974,
      "max_drawdown": -0.10614027326893827,
      "profit_factor": 1.1902606925161914,
      "windows": 10
    },
    {
      "entry_policy": "all_days",
      "feature_group": "all_no_ak",
      "model_name": "lgbm_leaves7_400",
      "target_hit_bps": 80.0,
      "trades": 179,
      "win_rate": 0.5754189944134078,
      "avg_return": 0.0006697973433525147,
      "median_return": 0.008,
      "compound_return": 0.11759566302411462,
      "max_drawdown": -0.11847183725675547,
      "profit_factor": 1.1817522961384186,
      "windows": 10
    },
    {
      "entry_policy": "all_days",
      "feature_group": "reversal_fundamental_regime",
      "model_name": "xgb_d4_500_lr002_mcw5",
      "target_hit_bps": 80.0,
      "trades": 197,
      "win_rate": 0.5634517766497462,
      "avg_return": 0.0005799348733855783,
      "median_return": 0.0050248051948051965,
      "compound_return": 0.11153409241544865,
      "max_drawdown": -0.12483302337989344,
      "profit_factor": 1.1608070288037322,
      "windows": 10
    },
    {
      "entry_policy": "all_days",
      "feature_group": "reversal_fundamental_regime",
      "model_name": "xgb_d2_200_lr003_mcw5",
      "target_hit_bps": 80.0,
      "trades": 169,
      "win_rate": 0.5502958579881657,
      "avg_return": 0.00045944255983841717,
      "median_return": 0.00519193029490617,
      "compound_return": 0.0731577640008052,
      "max_drawdown": -0.11567011450902831,
      "profit_factor": 1.1237379725253582,
      "windows": 10
    },
    {
      "entry_policy": "all_days",
      "feature_group": "all_no_ak",
      "model_name": "xgb_d3_600_lr002_mcw3",
      "target_hit_bps": 80.0,
      "trades": 142,
      "win_rate": 0.528169014084507,
      "avg_return": 0.000537012059985449,
      "median_return": 0.002458161737280532,
      "compound_return": 0.07296293528575282,
      "max_drawdown": -0.07221072557057018,
      "profit_factor": 1.1572627694425048,
      "windows": 10
    },
    {
      "entry_policy": "all_days",
      "feature_group": "reversal_fundamental_regime",
      "model_name": "xgb_d3_400_lr003_mcw3",
      "target_hit_bps": 80.0,
      "trades": 200,
      "win_rate": 0.555,
      "avg_return": 0.00038747340500168805,
      "median_return": 0.004861645569620324,
      "compound_return": 0.07120105454182957,
      "max_drawdown": -0.11205095334008519,
      "profit_factor": 1.1047984972126292,
      "windows": 10
    },
    {
      "entry_policy": "all_days",
      "feature_group": "all_no_ak",
      "model_name": "random_forest_600_d4",
      "target_hit_bps": 80.0,
      "trades": 103,
      "win_rate": 0.6116504854368932,
      "avg_return": 0.0005984970330140878,
      "median_return": 0.008,
      "compound_return": 0.05645640672014318,
      "max_drawdown": -0.09881880701635237,
      "profit_factor": 1.1498091040062663,
      "windows": 10
    },
    {
      "entry_policy": "all_days",
      "feature_group": "reversal_fundamental_regime",
      "model_name": "xgb_d3_600_lr002_mcw3",
      "target_hit_bps": 80.0,
      "trades": 187,
      "win_rate": 0.5561497326203209,
      "avg_return": 0.00033196461694540413,
      "median_return": 0.004893291139240533,
      "compound_return": 0.05480568616742265,
      "max_drawdown": -0.08263437979349342,
      "profit_factor": 1.0881043014240606,
      "windows": 10
    },
    {
      "entry_policy": "all_days",
      "feature_group": "reversal_fundamental_regime_sector",
      "model_name": "xgb_d3_400_lr003_mcw3",
      "target_hit_bps": 80.0,
      "trades": 170,
      "win_rate": 0.5352941176470588,
      "avg_return": 0.0003483746156719043,
      "median_return": 0.006415000000000058,
      "compound_return": 0.052961713839134505,
      "max_drawdown": -0.08977771955351854,
      "profit_factor": 1.0928026416198646,
      "windows": 10
    },
    {
      "entry_policy": "all_days",
      "feature_group": "reversal_fundamental_regime_sector_external",
      "model_name": "xgb_d3_400_lr003_mcw3",
      "target_hit_bps": 80.0,
      "trades": 170,
      "win_rate": 0.5352941176470588,
      "avg_return": 0.0003483746156719043,
      "median_return": 0.006415000000000058,
      "compound_return": 0.052961713839134505,
      "max_drawdown": -0.08977771955351854,
      "profit_factor": 1.0928026416198646,
      "windows": 10
    },
    {
      "entry_policy": "all_days",
      "feature_group": "reversal_fundamental_regime_sector",
      "model_name": "extra_trees_600_d3",
      "target_hit_bps": 80.0,
      "trades": 147,
      "win_rate": 0.54421768707483,
      "avg_return": 0.00024471774811963567,
      "median_return": 0.0025181720430107503,
      "compound_return": 0.028902593583001845,
      "max_drawdown": -0.11719725527512592,
      "profit_factor": 1.0659614614450412,
      "windows": 10
    },
    {
      "entry_policy": "all_days",
      "feature_group": "reversal_fundamental_regime_sector_external",
      "model_name": "extra_trees_600_d3",
      "target_hit_bps": 80.0,
      "trades": 147,
      "win_rate": 0.54421768707483,
      "avg_return": 0.00024471774811963567,
      "median_return": 0.0025181720430107503,
      "compound_return": 0.028902593583001845,
      "max_drawdown": -0.11719725527512592,
      "profit_factor": 1.0659614614450412,
      "windows": 10
    },
    {
      "entry_policy": "all_days",
      "feature_group": "reversal_fundamental_regime",
      "model_name": "random_forest_600_d4",
      "target_hit_bps": 80.0,
      "trades": 146,
      "win_rate": 0.541095890410959,
      "avg_return": 0.00023262724132856727,
      "median_return": 0.004597573696145222,
      "compound_return": 0.028808987650938978,
      "max_drawdown": -0.08971446184593346,
      "profit_factor": 1.0616379183700058,
      "windows": 10
    },
    {
      "entry_policy": "all_days",
      "feature_group": "reversal_fundamental_regime_sector",
      "model_name": "xgb_d2_200_lr003_mcw5",
      "target_hit_bps": 80.0,
      "trades": 169,
      "win_rate": 0.5325443786982249,
      "avg_return": 0.00019854930216070576,
      "median_return": 0.0023488916876572875,
      "compound_return": 0.02651880928459449,
      "max_drawdown": -0.12307005053302145,
      "profit_factor": 1.0527509479961343,
      "windows": 10
    },
    {
      "entry_policy": "all_days",
      "feature_group": "reversal_fundamental_regime_sector_external",
      "model_name": "xgb_d2_200_lr003_mcw5",
      "target_hit_bps": 80.0,
      "trades": 169,
      "win_rate": 0.5325443786982249,
      "avg_return": 0.00019854930216070576,
      "median_return": 0.0023488916876572875,
      "compound_return": 0.02651880928459449,
      "max_drawdown": -0.12307005053302145,
      "profit_factor": 1.0527509479961343,
      "windows": 10
    }
  ]
}

[2026-05-16T22:10:02] RUN search_all_days_close_profit_50bps
  /usr/bin/python3 model_training/search_walk_forward_model_complexity.py --samples /root/stock_realtime_v021_full/saved_data/600016_pipeline_out_v2_new27_full/03_sector/training_samples_with_sector.csv --intraday-bars /root/stock_realtime_v021_full/saved_data/600016_pipeline_out_v2_new27_full/00_base/600016_5m.csv --out-dir /root/stock_realtime_v021_full/saved_data/600016_pipeline_out_v2_new27_full/10_search/search_all_days_close_profit_50bps --round-trip-cost-bps 1.7 --target-hit-bps 50.0 --label-mode close_profit --entry-policy all_days --entry-vwap-premium-bps 50.0 --max-missing 0.35 --groups reversal_fundamental_regime,reversal_fundamental_regime_sector,reversal_fundamental_regime_sector_external,all_no_ak --models xgb_d2_200_lr003_mcw5,xgb_d3_400_lr003_mcw3,xgb_d3_600_lr002_mcw3,xgb_d4_500_lr002_mcw5,lgbm_leaves7_400,lgbm_leaves15_700,extra_trees_600_d3,random_forest_600_d4 --quantiles 0.5,0.6,0.7,0.8 --train-rows 756 --valid-rows 126 --test-rows 63 --min-valid-trades 8 --min-train-entries 80
{
  "rows": 1539,
  "target_hit_bps": 50.0,
  "label_mode": "close_profit",
  "entry_policy": "all_days",
  "entry_vwap_premium_bps": 50.0,
  "groups": {
    "reversal_fundamental_regime": 112,
    "reversal_fundamental_regime_sector": 135,
    "reversal_fundamental_regime_sector_external": 135,
    "all_no_ak": 190
  },
  "models": [
    "xgb_d2_200_lr003_mcw5",
    "xgb_d3_400_lr003_mcw3",
    "xgb_d3_600_lr002_mcw3",
    "xgb_d4_500_lr002_mcw5",
    "extra_trees_600_d3",
    "random_forest_600_d4",
    "lgbm_leaves7_400",
    "lgbm_leaves15_700"
  ],
  "top": [
    {
      "entry_policy": "all_days",
      "feature_group": "reversal_fundamental_regime",
      "model_name": "xgb_d2_200_lr003_mcw5",
      "target_hit_bps": 50.0,
      "trades": 188,
      "win_rate": 0.46808510638297873,
      "avg_return": 0.0017348257346509717,
      "median_return": -0.00016999999999999999,
      "compound_return": 0.3658671556200115,
      "max_drawdown": -0.0786833170374116,
      "profit_factor": 1.4609891909356225,
      "windows": 10
    },
    {
      "entry_policy": "all_days",
      "feature_group": "reversal_fundamental_regime",
      "model_name": "xgb_d3_600_lr002_mcw3",
      "target_hit_bps": 50.0,
      "trades": 144,
      "win_rate": 0.4861111111111111,
      "avg_return": 0.001993506983863252,
      "median_return": -0.00016999999999999999,
      "compound_return": 0.3206184151592244,
      "max_drawdown": -0.06193180362583384,
      "profit_factor": 1.5981433786907207,
      "windows": 10
    },
    {
      "entry_policy": "all_days",
      "feature_group": "reversal_fundamental_regime",
      "model_name": "random_forest_600_d4",
      "target_hit_bps": 50.0,
      "trades": 178,
      "win_rate": 0.47191011235955055,
      "avg_return": 0.0014623471116896702,
      "median_return": -0.00016999999999999999,
      "compound_return": 0.279416079697556,
      "max_drawdown": -0.1072762840706819,
      "profit_factor": 1.3720680290552645,
      "windows": 10
    },
    {
      "entry_policy": "all_days",
      "feature_group": "reversal_fundamental_regime_sector",
      "model_name": "xgb_d4_500_lr002_mcw5",
      "target_hit_bps": 50.0,
      "trades": 150,
      "win_rate": 0.48,
      "avg_return": 0.0016748911100400155,
      "median_return": -0.00016999999999999999,
      "compound_return": 0.2736787628138395,
      "max_drawdown": -0.12410875888711992,
      "profit_factor": 1.482817089410593,
      "windows": 10
    },
    {
      "entry_policy": "all_days",
      "feature_group": "reversal_fundamental_regime_sector_external",
      "model_name": "xgb_d4_500_lr002_mcw5",
      "target_hit_bps": 50.0,
      "trades": 150,
      "win_rate": 0.48,
      "avg_return": 0.0016748911100400155,
      "median_return": -0.00016999999999999999,
      "compound_return": 0.2736787628138395,
      "max_drawdown": -0.12410875888711992,
      "profit_factor": 1.482817089410593,
      "windows": 10
    },
    {
      "entry_policy": "all_days",
      "feature_group": "reversal_fundamental_regime_sector",
      "model_name": "lgbm_leaves15_700",
      "target_hit_bps": 50.0,
      "trades": 149,
      "win_rate": 0.5033557046979866,
      "avg_return": 0.0015462875149886233,
      "median_return": 0.0019176826722340258,
      "compound_return": 0.24715220357151924,
      "max_drawdown": -0.1282764171821572,
      "profit_factor": 1.422288608603791,
      "windows": 10
    },
    {
      "entry_policy": "all_days",
      "feature_group": "reversal_fundamental_regime_sector_external",
      "model_name": "lgbm_leaves15_700",
      "target_hit_bps": 50.0,
      "trades": 149,
      "win_rate": 0.5033557046979866,
      "avg_return": 0.0015462875149886233,
      "median_return": 0.0019176826722340258,
      "compound_return": 0.24715220357151924,
      "max_drawdown": -0.1282764171821572,
      "profit_factor": 1.422288608603791,
      "windows": 10
    },
    {
      "entry_policy": "all_days",
      "feature_group": "reversal_fundamental_regime_sector",
      "model_name": "random_forest_600_d4",
      "target_hit_bps": 50.0,
      "trades": 192,
      "win_rate": 0.453125,
      "avg_return": 0.0010843308305885846,
      "median_return": -0.00016999999999999999,
      "compound_return": 0.21833486570049487,
      "max_drawdown": -0.08530394065936009,
      "profit_factor": 1.2949461230569546,
      "windows": 10
    },
    {
      "entry_policy": "all_days",
      "feature_group": "reversal_fundamental_regime_sector_external",
      "model_name": "random_forest_600_d4",
      "target_hit_bps": 50.0,
      "trades": 192,
      "win_rate": 0.453125,
      "avg_return": 0.0010843308305885846,
      "median_return": -0.00016999999999999999,
      "compound_return": 0.21833486570049487,
      "max_drawdown": -0.08530394065936009,
      "profit_factor": 1.2949461230569546,
      "windows": 10
    },
    {
      "entry_policy": "all_days",
      "feature_group": "all_no_ak",
      "model_name": "lgbm_leaves7_400",
      "target_hit_bps": 50.0,
      "trades": 149,
      "win_rate": 0.4697986577181208,
      "avg_return": 0.0012402329128989858,
      "median_return": -0.00016999999999999999,
      "compound_return": 0.19192276075886627,
      "max_drawdown": -0.08551780070666126,
      "profit_factor": 1.3399086572491543,
      "windows": 10
    },
    {
      "entry_policy": "all_days",
      "feature_group": "reversal_fundamental_regime",
      "model_name": "xgb_d3_400_lr003_mcw3",
      "target_hit_bps": 50.0,
      "trades": 154,
      "win_rate": 0.44805194805194803,
      "avg_return": 0.001198463710144485,
      "median_return": -0.00016999999999999999,
      "compound_return": 0.19151324182801455,
      "max_drawdown": -0.07887180309953146,
      "profit_factor": 1.3317998909918771,
      "windows": 10
    },
    {
      "entry_policy": "all_days",
      "feature_group": "reversal_fundamental_regime_sector",
      "model_name": "xgb_d3_600_lr002_mcw3",
      "target_hit_bps": 50.0,
      "trades": 138,
      "win_rate": 0.47101449275362317,
      "avg_return": 0.001320918052864843,
      "median_return": -0.00016999999999999999,
      "compound_return": 0.1909614229075156,
      "max_drawdown": -0.10528482077890777,
      "profit_factor": 1.4016899232430446,
      "windows": 10
    },
    {
      "entry_policy": "all_days",
      "feature_group": "reversal_fundamental_regime_sector_external",
      "model_name": "xgb_d3_600_lr002_mcw3",
      "target_hit_bps": 50.0,
      "trades": 138,
      "win_rate": 0.47101449275362317,
      "avg_return": 0.001320918052864843,
      "median_return": -0.00016999999999999999,
      "compound_return": 0.1909614229075156,
      "max_drawdown": -0.10528482077890777,
      "profit_factor": 1.4016899232430446,
      "windows": 10
    },
    {
      "entry_policy": "all_days",
      "feature_group": "reversal_fundamental_regime",
      "model_name": "lgbm_leaves15_700",
      "target_hit_bps": 50.0,
      "trades": 154,
      "win_rate": 0.44155844155844154,
      "avg_return": 0.0011389970729843968,
      "median_return": -0.00016999999999999999,
      "compound_return": 0.18131182651240407,
      "max_drawdown": -0.1087448222909495,
      "profit_factor": 1.3312897041417076,
      "windows": 10
    },
    {
      "entry_policy": "all_days",
      "feature_group": "reversal_fundamental_regime_sector",
      "model_name": "xgb_d3_400_lr003_mcw3",
      "target_hit_bps": 50.0,
      "trades": 158,
      "win_rate": 0.46835443037974683,
      "avg_return": 0.0011197303934067427,
      "median_return": -0.00016999999999999999,
      "compound_return": 0.18047565872847393,
      "max_drawdown": -0.17183916806566046,
      "profit_factor": 1.2823353636613184,
      "windows": 10
    },
    {
      "entry_policy": "all_days",
      "feature_group": "reversal_fundamental_regime_sector_external",
      "model_name": "xgb_d3_400_lr003_mcw3",
      "target_hit_bps": 50.0,
      "trades": 158,
      "win_rate": 0.46835443037974683,
      "avg_return": 0.0011197303934067427,
      "median_return": -0.00016999999999999999,
      "compound_return": 0.18047565872847393,
      "max_drawdown": -0.17183916806566046,
      "profit_factor": 1.2823353636613184,
      "windows": 10
    },
    {
      "entry_policy": "all_days",
      "feature_group": "reversal_fundamental_regime",
      "model_name": "xgb_d4_500_lr002_mcw5",
      "target_hit_bps": 50.0,
      "trades": 142,
      "win_rate": 0.44366197183098594,
      "avg_return": 0.0011686986420823713,
      "median_return": -0.00016999999999999999,
      "compound_return": 0.17055765716215565,
      "max_drawdown": -0.0919559363382727,
      "profit_factor": 1.3265564461198889,
      "windows": 10
    },
    {
      "entry_policy": "all_days",
      "feature_group": "reversal_fundamental_regime_sector",
      "model_name": "xgb_d2_200_lr003_mcw5",
      "target_hit_bps": 50.0,
      "trades": 165,
      "win_rate": 0.4484848484848485,
      "avg_return": 0.000981390999921151,
      "median_return": -0.00016999999999999999,
      "compound_return": 0.16397210517206884,
      "max_drawdown": -0.09773130792564166,
      "profit_factor": 1.260055469909304,
      "windows": 10
    },
    {
      "entry_policy": "all_days",
      "feature_group": "reversal_fundamental_regime_sector_external",
      "model_name": "xgb_d2_200_lr003_mcw5",
      "target_hit_bps": 50.0,
      "trades": 165,
      "win_rate": 0.4484848484848485,
      "avg_return": 0.000981390999921151,
      "median_return": -0.00016999999999999999,
      "compound_return": 0.16397210517206884,
      "max_drawdown": -0.09773130792564166,
      "profit_factor": 1.260055469909304,
      "windows": 10
    },
    {
      "entry_policy": "all_days",
      "feature_group": "all_no_ak",
      "model_name": "xgb_d3_400_lr003_mcw3",
      "target_hit_bps": 50.0,
      "trades": 147,
      "win_rate": 0.46938775510204084,
      "avg_return": 0.0009989064203100371,
      "median_return": -0.00016999999999999999,
      "compound_return": 0.14737449446715933,
      "max_drawdown": -0.13368579734042174,
      "profit_factor": 1.2556358823290077,
      "windows": 10
    }
  ]
}

[2026-05-16T22:19:14] RUN summarize
  /usr/bin/python3 model_training/summarize_nextday_search_results.py --pipeline-out /root/stock_realtime_v021_full/saved_data/600016_pipeline_out_v2_new27_full --out-dir /root/stock_realtime_v021_full/saved_data/600016_pipeline_out_v2_new27_full/99_summary --excel
{
  "rows": 192,
  "outputs": {
    "final_leaderboard": "/root/stock_realtime_v021_full/saved_data/600016_pipeline_out_v2_new27_full/99_summary/final_leaderboard.csv",
    "best_by_target_top5": "/root/stock_realtime_v021_full/saved_data/600016_pipeline_out_v2_new27_full/99_summary/best_by_target_top5.csv",
    "best_by_entry_policy_top5": "/root/stock_realtime_v021_full/saved_data/600016_pipeline_out_v2_new27_full/99_summary/best_by_entry_policy_top5.csv",
    "excel": "/root/stock_realtime_v021_full/saved_data/600016_pipeline_out_v2_new27_full/99_summary/final_leaderboard.xlsx",
    "summary_manifest": "/root/stock_realtime_v021_full/saved_data/600016_pipeline_out_v2_new27_full/99_summary/summary_manifest.json"
  }
}
=== nextday pipeline end: 2026-05-16T22:19:15 status=ok ===
