=== nextday pipeline start: 2026-05-18T15:34:17 ===
symbol=603259.SH, out_root=/root/stock_realtime_v021_full/saved_data/603259_pipeline_out_v2_new27_full

[2026-05-18T15:34:17] RUN update_data
  /usr/bin/python3 bootstrap/ashare_xgb_dual_opportunity_regression_baostock_full_v19_compressed_trading_axis.py --mode update_data --symbol 603259 --benchmark_symbol 000300 --daily_start 2018-01-01 --daily_end 2026-05-15 --intraday_start '2018-01-01 09:30:00' --intraday_end '2026-05-15 15:00:00' --output_dir /root/stock_realtime_v021_full/saved_data/603259_pipeline_out_v2_new27_full/00_base --cache_mode incremental --feature_cache_mode incremental --adjust qfq
/root/stock_realtime_v021_full/bootstrap/ashare_fetch_and_train_xgb_sell_signal_baostock_state_cache_helper_fix2.py:246: FutureWarning: The behavior of DataFrame concatenation with empty or all-NA entries is deprecated. In a future version, this will no longer exclude empty or all-NA columns when determining the result dtypes. To retain the old behavior, exclude the relevant entries before the concat operation.
  merged = _normalize_daily_df(pd.concat([df_old, df_new], axis=0, ignore_index=True))
/root/stock_realtime_v021_full/bootstrap/ashare_fetch_and_train_xgb_sell_signal_baostock_state_cache_helper_fix2.py:248: FutureWarning: The behavior of DataFrame concatenation with empty or all-NA entries is deprecated. In a future version, this will no longer exclude empty or all-NA columns when determining the result dtypes. To retain the old behavior, exclude the relevant entries before the concat operation.
  merged = _normalize_intraday_df(pd.concat([df_old, df_new], axis=0, ignore_index=True))
/root/stock_realtime_v021_full/bootstrap/ashare_fetch_and_train_xgb_sell_signal_baostock_state_cache_helper_fix2.py:254: FutureWarning: The behavior of DataFrame concatenation with empty or all-NA entries is deprecated. In a future version, this will no longer exclude empty or all-NA columns when determining the result dtypes. To retain the old behavior, exclude the relevant entries before the concat operation.
  merged = _normalize_bench_df(pd.concat([df_old, df_new], axis=0, ignore_index=True))
/root/stock_realtime_v021_full/bootstrap/ashare_fetch_and_train_xgb_sell_signal_baostock_state_cache_helper_fix2.py:250: FutureWarning: The behavior of DataFrame concatenation with empty or all-NA entries is deprecated. In a future version, this will no longer exclude empty or all-NA columns when determining the result dtypes. To retain the old behavior, exclude the relevant entries before the concat operation.
  merged = _normalize_daily_feature_df(pd.concat([df_old, df_new], axis=0, ignore_index=True))
/root/stock_realtime_v021_full/bootstrap/ashare_fetch_and_train_xgb_sell_signal_baostock_state_cache_helper_fix2.py:252: FutureWarning: The behavior of DataFrame concatenation with empty or all-NA entries is deprecated. In a future version, this will no longer exclude empty or all-NA columns when determining the result dtypes. To retain the old behavior, exclude the relevant entries before the concat operation.
  merged = _normalize_intraday_feature_df(pd.concat([df_old, df_new], axis=0, ignore_index=True))
login success!
logout success!
login success!
logout success!
login success!
logout success!
{
  "mode": "update_data",
  "symbol": "603259",
  "data_source": "baostock",
  "daily_rows": 1946,
  "intraday_rows": 73920,
  "daily_min": "2018-05-08 00:00:00",
  "daily_max": "2026-05-15 00:00:00",
  "intraday_min": "2020-01-02 09:35:00",
  "intraday_max": "2026-05-15 15:00:00",
  "base_paths": {
    "daily_csv": "/root/stock_realtime_v021_full/saved_data/603259_pipeline_out_v2_new27_full/00_base/603259_daily.csv",
    "intraday_csv": "/root/stock_realtime_v021_full/saved_data/603259_pipeline_out_v2_new27_full/00_base/603259_5m.csv",
    "benchmark_csv": "/root/stock_realtime_v021_full/saved_data/603259_pipeline_out_v2_new27_full/00_base/000300_benchmark_daily.csv",
    "raw_daily_cache_csv": "/root/stock_realtime_v021_full/saved_data/603259_pipeline_out_v2_new27_full/00_base/raw_cache/603259_daily_raw.csv",
    "raw_intraday_cache_csv": "/root/stock_realtime_v021_full/saved_data/603259_pipeline_out_v2_new27_full/00_base/raw_cache/603259_5m_raw.csv",
    "raw_benchmark_cache_csv": "/root/stock_realtime_v021_full/saved_data/603259_pipeline_out_v2_new27_full/00_base/raw_cache/000300_benchmark_daily_raw.csv",
    "daily_features_csv": "/root/stock_realtime_v021_full/saved_data/603259_pipeline_out_v2_new27_full/00_base/daily_features.csv",
    "intraday_features_csv": "/root/stock_realtime_v021_full/saved_data/603259_pipeline_out_v2_new27_full/00_base/intraday_features.csv",
    "daily_features_cache_csv": "/root/stock_realtime_v021_full/saved_data/603259_pipeline_out_v2_new27_full/00_base/feature_cache/daily_features_cache.csv",
    "intraday_features_cache_csv": "/root/stock_realtime_v021_full/saved_data/603259_pipeline_out_v2_new27_full/00_base/feature_cache/intraday_features_cache.csv",
    "feature_state_json": "/root/stock_realtime_v021_full/saved_data/603259_pipeline_out_v2_new27_full/00_base/feature_cache/feature_state.json"
  },
  "fetch_logs": {
    "symbol": "603259",
    "benchmark_symbol": "000300",
    "daily_start": "2018-01-01",
    "daily_end": "2026-05-15",
    "intraday_start": "2018-01-01 09:30:00",
    "intraday_end": "2026-05-15 15:00:00",
    "perf_start": "2018-01-01",
    "data_source": "baostock",
    "cache_mode": "incremental",
    "force_refresh": false,
    "raw_cache_dir": "/root/stock_realtime_v021_full/saved_data/603259_pipeline_out_v2_new27_full/00_base/raw_cache",
    "feature_cache_dir": "/root/stock_realtime_v021_full/saved_data/603259_pipeline_out_v2_new27_full/00_base/feature_cache",
    "feature_cache_mode": "incremental",
    "daily": {
      "cache_path": "/root/stock_realtime_v021_full/saved_data/603259_pipeline_out_v2_new27_full/00_base/raw_cache/603259_daily_raw.csv",
      "requested_start": "2018-01-01",
      "requested_end": "2026-05-15",
      "mode": "initial_fetch",
      "fetch_segments": [
        {
          "provider": "baostock",
          "code": "sh.603259",
          "adjustflag": "2",
          "rows": 1946,
          "start": "2018-01-01",
          "end": "2026-05-15"
        }
      ],
      "cache_after": {
        "rows": 1946,
        "min": "2018-05-08 00:00:00",
        "max": "2026-05-15 00:00:00"
      }
    },
    "intraday_5m": {
      "cache_path": "/root/stock_realtime_v021_full/saved_data/603259_pipeline_out_v2_new27_full/00_base/raw_cache/603259_5m_raw.csv",
      "requested_start": "2018-01-01 09:30:00",
      "requested_end": "2026-05-15 15:00:00",
      "mode": "initial_fetch",
      "fetch_segments": [
        {
          "provider": "baostock",
          "code": "sh.603259",
          "adjustflag": "2",
          "requested_start": "2018-01-01 09:30:00",
          "effective_start": "2018-01-01 09:30:00",
          "requested_end": "2026-05-15 15:00:00",
          "rows": 73920
        }
      ],
      "cache_after": {
        "rows": 73920,
        "min": "2020-01-02 09:35:00",
        "max": "2026-05-15 15:00:00"
      }
    },
    "benchmark_daily": {
      "cache_path": "/root/stock_realtime_v021_full/saved_data/603259_pipeline_out_v2_new27_full/00_base/raw_cache/000300_benchmark_daily_raw.csv",
      "requested_start": "2018-01-01",
      "requested_end": "2026-05-15",
      "mode": "initial_fetch",
      "fetch_segments": [
        {
          "provider": "baostock",
          "code": "sh.000300",
          "rows": 2027,
          "start": "2018-01-01",
          "end": "2026-05-15"
        }
      ],
      "cache_after": {
        "rows": 2027,
        "min": "2018-01-02 00:00:00",
        "max": "2026-05-15 00:00:00"
      }
    },
    "feature_build": {
      "mode": "full_rebuild",
      "reason": "feature_cache_missing",
      "daily_cache_after": {
        "rows": 1946,
        "min": "2018-05-08 00:00:00",
        "max": "2026-05-15 00:00:00"
      },
      "intraday_cache_after": {
        "rows": 73920,
        "min": "2020-01-02 09:35:00",
        "max": "2026-05-15 15:00:00"
      },
      "daily_context_days": 260,
      "intraday_context_days": 40,
      "daily_appended_rows": 1946,
      "intraday_appended_rows": 73920
    },
    "feature_state": {
      "daily_feature_max": "2026-05-15 00:00:00",
      "intraday_feature_max": "2026-05-15 15:00:00",
      "daily_context_days": 260,
      "intraday_context_days": 40,
      "feature_build_mode": "full_rebuild"
    }
  }
}

[2026-05-18T15:37:06] RUN samples
  /usr/bin/python3 feature_building/build_nextday_samples_from_baostock.py --daily-features /root/stock_realtime_v021_full/saved_data/603259_pipeline_out_v2_new27_full/00_base/daily_features.csv --intraday-bars /root/stock_realtime_v021_full/saved_data/603259_pipeline_out_v2_new27_full/00_base/603259_5m.csv --out-dir /root/stock_realtime_v021_full/saved_data/603259_pipeline_out_v2_new27_full/01_samples --min-bars 40 --keep-unlabeled-tail
{
  "rows": 1540,
  "date_min": "2020-01-02",
  "date_max": "2026-05-15",
  "out": "/root/stock_realtime_v021_full/saved_data/603259_pipeline_out_v2_new27_full/01_samples/training_samples.csv"
}

[2026-05-18T15:37:08] RUN fundamental
  /usr/bin/python3 feature_building/build_fundamental_features.py --symbol 603259.SH --daily-samples /root/stock_realtime_v021_full/saved_data/603259_pipeline_out_v2_new27_full/01_samples/training_samples.csv --out-dir /root/stock_realtime_v021_full/saved_data/603259_pipeline_out_v2_new27_full/02_fundamental --start-date 2018-01-01 --end-date 2026-05-15 --fallback-lag-days 120
login success!
logout success!
{
  "rows": 1540,
  "date_min": "2020-01-02",
  "date_max": "2026-05-15",
  "source_errors": [],
  "top_missing_rates": {
    "ak_fund_小单净流入-净额_sum10": 0.9246753246753247,
    "ak_fund_主力净流入-净额_sum10": 0.9246753246753247,
    "ak_fund_主力净流入-净占比_sum10": 0.9246753246753247,
    "ak_fund_涨跌幅_sum10": 0.9246753246753247,
    "ak_fund_收盘价_sum10": 0.9246753246753247,
    "ak_fund_中单净流入-净额_sum10": 0.9246753246753247,
    "ak_fund_中单净流入-净占比_sum10": 0.9246753246753247,
    "ak_fund_小单净流入-净占比_sum10": 0.9246753246753247,
    "ak_fund_超大单净流入-净额_sum10": 0.9246753246753247,
    "ak_fund_大单净流入-净额_sum10": 0.9246753246753247,
    "ak_fund_大单净流入-净占比_sum10": 0.9246753246753247,
    "ak_fund_超大单净流入-净占比_sum10": 0.9246753246753247,
    "ak_fund_涨跌幅_sum5": 0.9233766233766234,
    "ak_fund_主力净流入-净占比_sum5": 0.9233766233766234,
    "ak_fund_主力净流入-净额_sum5": 0.9233766233766234,
    "ak_fund_收盘价_sum5": 0.9233766233766234,
    "ak_fund_超大单净流入-净占比_sum5": 0.9233766233766234,
    "ak_fund_中单净流入-净占比_sum5": 0.9233766233766234,
    "ak_fund_中单净流入-净额_sum5": 0.9233766233766234,
    "ak_fund_小单净流入-净额_sum5": 0.9233766233766234,
    "ak_fund_小单净流入-净占比_sum5": 0.9233766233766234,
    "ak_fund_大单净流入-净占比_sum5": 0.9233766233766234,
    "ak_fund_大单净流入-净额_sum5": 0.9233766233766234,
    "ak_fund_超大单净流入-净额_sum5": 0.9233766233766234,
    "ak_fund_大单净流入-净额": 0.922077922077922,
    "ak_fund_超大单净流入-净占比": 0.922077922077922,
    "ak_fund_超大单净流入-净额": 0.922077922077922,
    "ak_fund_收盘价": 0.922077922077922,
    "ak_fund_涨跌幅": 0.922077922077922,
    "ak_fund_中单净流入-净额": 0.922077922077922
  },
  "valuation_non_null": {
    "peTTM": 1540,
    "pbMRQ": 1540,
    "psTTM": 1540,
    "pcfNcfTTM": 1540
  },
  "future_effective_date_violations": 0,
  "rows_with_quarterly": 1540,
  "sample_rows": 1540,
  "quarterly_raw_rows": 33,
  "quarterly_used_pubDate_rows": 33,
  "quarterly_fallback_rows": 0,
  "elapsed_seconds": 168.114,
  "symbol": "603259",
  "baostock_code": "sh.603259",
  "valuation_rows": 1946,
  "fund_flow_rows": 121,
  "feature_columns": 125,
  "merged_columns": 194,
  "outputs": {
    "daily_valuation": "/root/stock_realtime_v021_full/saved_data/603259_pipeline_out_v2_new27_full/02_fundamental/baostock_daily_valuation.csv",
    "quarterly_fundamentals": "/root/stock_realtime_v021_full/saved_data/603259_pipeline_out_v2_new27_full/02_fundamental/baostock_quarterly_fundamentals_pit.csv",
    "fundamental_features": "/root/stock_realtime_v021_full/saved_data/603259_pipeline_out_v2_new27_full/02_fundamental/fundamental_features.csv",
    "merged_samples": "/root/stock_realtime_v021_full/saved_data/603259_pipeline_out_v2_new27_full/02_fundamental/training_samples_with_fundamentals.csv"
  }
}

[2026-05-18T15:39:56] RUN sector
  /usr/bin/python3 feature_building/build_sector_features.py --samples /root/stock_realtime_v021_full/saved_data/603259_pipeline_out_v2_new27_full/02_fundamental/training_samples_with_fundamentals.csv --out-dir /root/stock_realtime_v021_full/saved_data/603259_pipeline_out_v2_new27_full/03_sector --sector-symbol '医疗服务' --start-date 2018-01-01 --end-date 2026-05-15

  0%|          | 0/9 [00:00<?, ?it/s]
 11%|█         | 1/9 [00:00<00:01,  4.29it/s]
 22%|██▏       | 2/9 [00:00<00:01,  4.33it/s]
 33%|███▎      | 3/9 [00:00<00:01,  4.23it/s]
 44%|████▍     | 4/9 [00:00<00:01,  4.38it/s]
 56%|█████▌    | 5/9 [00:01<00:00,  4.19it/s]
 67%|██████▋   | 6/9 [00:01<00:00,  4.10it/s]
 78%|███████▊  | 7/9 [00:01<00:00,  4.05it/s]
 89%|████████▉ | 8/9 [00:01<00:00,  3.94it/s]
100%|██████████| 9/9 [00:02<00:00,  3.99it/s]
                                             
{
  "sector_symbol": "医疗服务",
  "sector_rows": 2027,
  "sector_date_min": "2018-01-02",
  "sector_date_max": "2026-05-15",
  "sample_rows": 1540,
  "merged_rows": 1540,
  "sector_feature_cols": 23,
  "top_missing": {
    "sector_ret60": 0.03896103896103896,
    "sector_ma60_gap": 0.01948051948051948,
    "stock_vs_sector_ret20": 0.012987012987012988,
    "sector_ret20": 0.012987012987012988,
    "sector_vol20": 0.007142857142857143,
    "sector_ma20_gap": 0.006493506493506494,
    "sector_range_z20": 0.006493506493506494,
    "sector_volume_shock20": 0.006493506493506494,
    "sector_amount_z20": 0.006493506493506494,
    "sector_volume_z20": 0.006493506493506494,
    "sector_amount_shock20": 0.006493506493506494,
    "sector_ret5": 0.003246753246753247,
    "stock_vs_sector_ret5": 0.003246753246753247,
    "sector_vs_bench_ret5": 0.003246753246753247,
    "stock_vs_sector_ret1": 0.0006493506493506494,
    "sector_ret1": 0.0006493506493506494,
    "sector_amount": 0.0,
    "sector_volume": 0.0,
    "sector_close": 0.0,
    "sector_low": 0.0
  },
  "outputs": {
    "sector_index": "/root/stock_realtime_v021_full/saved_data/603259_pipeline_out_v2_new27_full/03_sector/sector_index_ths.csv",
    "sector_features": "/root/stock_realtime_v021_full/saved_data/603259_pipeline_out_v2_new27_full/03_sector/sector_features.csv",
    "merged_samples": "/root/stock_realtime_v021_full/saved_data/603259_pipeline_out_v2_new27_full/03_sector/training_samples_with_sector.csv"
  }
}
[INFO] final samples for search: /root/stock_realtime_v021_full/saved_data/603259_pipeline_out_v2_new27_full/03_sector/training_samples_with_sector.csv

[2026-05-18T15:40:01] RUN search_vwap_low_hit_50bps
  /usr/bin/python3 model_training/search_walk_forward_model_complexity.py --samples /root/stock_realtime_v021_full/saved_data/603259_pipeline_out_v2_new27_full/03_sector/training_samples_with_sector.csv --intraday-bars /root/stock_realtime_v021_full/saved_data/603259_pipeline_out_v2_new27_full/00_base/603259_5m.csv --out-dir /root/stock_realtime_v021_full/saved_data/603259_pipeline_out_v2_new27_full/10_search/search_vwap_low_hit_50bps --round-trip-cost-bps 1.7 --target-hit-bps 50.0 --label-mode hit --entry-policy vwap_low --entry-vwap-premium-bps 50.0 --max-missing 0.35 --groups reversal_fundamental_regime,reversal_fundamental_regime_sector,reversal_fundamental_regime_sector_external,all_no_ak --models xgb_d2_200_lr003_mcw5,xgb_d3_400_lr003_mcw3,xgb_d3_600_lr002_mcw3,xgb_d4_500_lr002_mcw5,lgbm_leaves7_400,lgbm_leaves15_700,extra_trees_600_d3,random_forest_600_d4 --quantiles 0.5,0.6,0.7,0.8 --train-rows 756 --valid-rows 126 --test-rows 63 --min-valid-trades 8 --min-train-entries 80
{
  "rows": 1539,
  "target_hit_bps": 50.0,
  "label_mode": "hit",
  "entry_policy": "vwap_low",
  "entry_vwap_premium_bps": 50.0,
  "groups": {
    "reversal_fundamental_regime": 135,
    "reversal_fundamental_regime_sector": 158,
    "reversal_fundamental_regime_sector_external": 158,
    "all_no_ak": 213
  },
  "models": [
    "xgb_d2_200_lr003_mcw5",
    "xgb_d3_400_lr003_mcw3",
    "xgb_d3_600_lr002_mcw3",
    "xgb_d4_500_lr002_mcw5",
    "extra_trees_600_d3",
    "random_forest_600_d4",
    "lgbm_leaves7_400",
    "lgbm_leaves15_700"
  ],
  "top": [
    {
      "entry_policy": "vwap_low",
      "feature_group": "reversal_fundamental_regime",
      "model_name": "lgbm_leaves15_700",
      "target_hit_bps": 50.0,
      "trades": 157,
      "win_rate": 0.7898089171974523,
      "avg_return": -0.0009859145952682794,
      "median_return": 0.005,
      "compound_return": -0.1577902530414934,
      "max_drawdown": -0.2728013820627341,
      "profit_factor": 0.7994200447953915,
      "windows": 10
    },
    {
      "entry_policy": "vwap_low",
      "feature_group": "reversal_fundamental_regime",
      "model_name": "xgb_d3_600_lr002_mcw3",
      "target_hit_bps": 50.0,
      "trades": 157,
      "win_rate": 0.7770700636942676,
      "avg_return": -0.0018582441491091406,
      "median_return": 0.005,
      "compound_return": -0.2671786044546771,
      "max_drawdown": -0.3285536268963837,
      "profit_factor": 0.675356607504445,
      "windows": 10
    },
    {
      "entry_policy": "vwap_low",
      "feature_group": "reversal_fundamental_regime_sector",
      "model_name": "xgb_d4_500_lr002_mcw5",
      "target_hit_bps": 50.0,
      "trades": 164,
      "win_rate": 0.7804878048780488,
      "avg_return": -0.0019753049925212234,
      "median_return": 0.005,
      "compound_return": -0.2941188357129413,
      "max_drawdown": -0.3924149687033167,
      "profit_factor": 0.6608004967428134,
      "windows": 10
    },
    {
      "entry_policy": "vwap_low",
      "feature_group": "reversal_fundamental_regime_sector_external",
      "model_name": "xgb_d4_500_lr002_mcw5",
      "target_hit_bps": 50.0,
      "trades": 164,
      "win_rate": 0.7804878048780488,
      "avg_return": -0.0019753049925212234,
      "median_return": 0.005,
      "compound_return": -0.2941188357129413,
      "max_drawdown": -0.3924149687033167,
      "profit_factor": 0.6608004967428134,
      "windows": 10
    },
    {
      "entry_policy": "vwap_low",
      "feature_group": "reversal_fundamental_regime_sector",
      "model_name": "xgb_d3_400_lr003_mcw3",
      "target_hit_bps": 50.0,
      "trades": 182,
      "win_rate": 0.7857142857142857,
      "avg_return": -0.001789407265363403,
      "median_return": 0.005,
      "compound_return": -0.2966545562467675,
      "max_drawdown": -0.375728592020924,
      "profit_factor": 0.6854271097147084,
      "windows": 10
    },
    {
      "entry_policy": "vwap_low",
      "feature_group": "reversal_fundamental_regime_sector_external",
      "model_name": "xgb_d3_400_lr003_mcw3",
      "target_hit_bps": 50.0,
      "trades": 182,
      "win_rate": 0.7857142857142857,
      "avg_return": -0.001789407265363403,
      "median_return": 0.005,
      "compound_return": -0.2966545562467675,
      "max_drawdown": -0.375728592020924,
      "profit_factor": 0.6854271097147084,
      "windows": 10
    },
    {
      "entry_policy": "vwap_low",
      "feature_group": "reversal_fundamental_regime_sector",
      "model_name": "xgb_d3_600_lr002_mcw3",
      "target_hit_bps": 50.0,
      "trades": 175,
      "win_rate": 0.7828571428571428,
      "avg_return": -0.0018811290274697396,
      "median_return": 0.005,
      "compound_return": -0.2986493274906329,
      "max_drawdown": -0.38679040134837017,
      "profit_factor": 0.672534805571609,
      "windows": 10
    },
    {
      "entry_policy": "vwap_low",
      "feature_group": "reversal_fundamental_regime_sector_external",
      "model_name": "xgb_d3_600_lr002_mcw3",
      "target_hit_bps": 50.0,
      "trades": 175,
      "win_rate": 0.7828571428571428,
      "avg_return": -0.0018811290274697396,
      "median_return": 0.005,
      "compound_return": -0.2986493274906329,
      "max_drawdown": -0.38679040134837017,
      "profit_factor": 0.672534805571609,
      "windows": 10
    },
    {
      "entry_policy": "vwap_low",
      "feature_group": "all_no_ak",
      "model_name": "xgb_d3_400_lr003_mcw3",
      "target_hit_bps": 50.0,
      "trades": 145,
      "win_rate": 0.7724137931034483,
      "avg_return": -0.0023538700753944195,
      "median_return": 0.005,
      "compound_return": -0.30506091345700015,
      "max_drawdown": -0.3623295570930819,
      "profit_factor": 0.6185227514423283,
      "windows": 10
    },
    {
      "entry_policy": "vwap_low",
      "feature_group": "reversal_fundamental_regime",
      "model_name": "xgb_d3_400_lr003_mcw3",
      "target_hit_bps": 50.0,
      "trades": 123,
      "win_rate": 0.7804878048780488,
      "avg_return": -0.0029976862343459336,
      "median_return": 0.005,
      "compound_return": -0.3238483158474784,
      "max_drawdown": -0.36662937807613516,
      "profit_factor": 0.5639765209644532,
      "windows": 10
    },
    {
      "entry_policy": "vwap_low",
      "feature_group": "reversal_fundamental_regime",
      "model_name": "lgbm_leaves7_400",
      "target_hit_bps": 50.0,
      "trades": 203,
      "win_rate": 0.7783251231527094,
      "avg_return": -0.001861070764388743,
      "median_return": 0.005,
      "compound_return": -0.3333922346544007,
      "max_drawdown": -0.40424874981897563,
      "profit_factor": 0.6756307741362089,
      "windows": 10
    },
    {
      "entry_policy": "vwap_low",
      "feature_group": "reversal_fundamental_regime_sector",
      "model_name": "lgbm_leaves15_700",
      "target_hit_bps": 50.0,
      "trades": 157,
      "win_rate": 0.7579617834394905,
      "avg_return": -0.0024837807072121887,
      "median_return": 0.005,
      "compound_return": -0.33859285005389095,
      "max_drawdown": -0.40718168662614185,
      "profit_factor": 0.5994925725384324,
      "windows": 10
    },
    {
      "entry_policy": "vwap_low",
      "feature_group": "reversal_fundamental_regime_sector_external",
      "model_name": "lgbm_leaves15_700",
      "target_hit_bps": 50.0,
      "trades": 157,
      "win_rate": 0.7579617834394905,
      "avg_return": -0.0024837807072121887,
      "median_return": 0.005,
      "compound_return": -0.33859285005389095,
      "max_drawdown": -0.40718168662614185,
      "profit_factor": 0.5994925725384324,
      "windows": 10
    },
    {
      "entry_policy": "vwap_low",
      "feature_group": "reversal_fundamental_regime",
      "model_name": "xgb_d4_500_lr002_mcw5",
      "target_hit_bps": 50.0,
      "trades": 164,
      "win_rate": 0.7804878048780488,
      "avg_return": -0.0024287420522815565,
      "median_return": 0.005,
      "compound_return": -0.34573643376310115,
      "max_drawdown": -0.41693748156172405,
      "profit_factor": 0.6152414585035463,
      "windows": 10
    },
    {
      "entry_policy": "vwap_low",
      "feature_group": "all_no_ak",
      "model_name": "xgb_d4_500_lr002_mcw5",
      "target_hit_bps": 50.0,
      "trades": 144,
      "win_rate": 0.7708333333333334,
      "avg_return": -0.0028754084990066813,
      "median_return": 0.005,
      "compound_return": -0.3553694246969976,
      "max_drawdown": -0.41679136639957204,
      "profit_factor": 0.5703314018052607,
      "windows": 10
    },
    {
      "entry_policy": "vwap_low",
      "feature_group": "all_no_ak",
      "model_name": "xgb_d3_600_lr002_mcw3",
      "target_hit_bps": 50.0,
      "trades": 153,
      "win_rate": 0.7647058823529411,
      "avg_return": -0.0028685157367696256,
      "median_return": 0.005,
      "compound_return": -0.37134509552520356,
      "max_drawdown": -0.4071344295610313,
      "profit_factor": 0.5675926587879003,
      "windows": 10
    },
    {
      "entry_policy": "vwap_low",
      "feature_group": "all_no_ak",
      "model_name": "lgbm_leaves7_400",
      "target_hit_bps": 50.0,
      "trades": 152,
      "win_rate": 0.75,
      "avg_return": -0.0029815965487313602,
      "median_return": 0.005,
      "compound_return": -0.3802261869413097,
      "max_drawdown": -0.45710823643842335,
      "profit_factor": 0.5547293979488828,
      "windows": 10
    },
    {
      "entry_policy": "vwap_low",
      "feature_group": "reversal_fundamental_regime",
      "model_name": "xgb_d2_200_lr003_mcw5",
      "target_hit_bps": 50.0,
      "trades": 202,
      "win_rate": 0.7524752475247525,
      "avg_return": -0.002339067996006078,
      "median_return": 0.005,
      "compound_return": -0.3938260459783244,
      "max_drawdown": -0.460571696182709,
      "profit_factor": 0.6150084388658416,
      "windows": 10
    },
    {
      "entry_policy": "vwap_low",
      "feature_group": "all_no_ak",
      "model_name": "lgbm_leaves15_700",
      "target_hit_bps": 50.0,
      "trades": 118,
      "win_rate": 0.7372881355932204,
      "avg_return": -0.004105859771977871,
      "median_return": 0.005,
      "compound_return": -0.39862549951772064,
      "max_drawdown": -0.43771377998122685,
      "profit_factor": 0.47131471092754895,
      "windows": 10
    },
    {
      "entry_policy": "vwap_low",
      "feature_group": "reversal_fundamental_regime_sector",
      "model_name": "lgbm_leaves7_400",
      "target_hit_bps": 50.0,
      "trades": 174,
      "win_rate": 0.7528735632183908,
      "avg_return": -0.002913240088730463,
      "median_return": 0.005,
      "compound_return": -0.413965558661361,
      "max_drawdown": -0.5023758050558704,
      "profit_factor": 0.5628627061785277,
      "windows": 10
    }
  ]
}

[2026-05-18T15:50:07] RUN search_vwap_low_hit_80bps
  /usr/bin/python3 model_training/search_walk_forward_model_complexity.py --samples /root/stock_realtime_v021_full/saved_data/603259_pipeline_out_v2_new27_full/03_sector/training_samples_with_sector.csv --intraday-bars /root/stock_realtime_v021_full/saved_data/603259_pipeline_out_v2_new27_full/00_base/603259_5m.csv --out-dir /root/stock_realtime_v021_full/saved_data/603259_pipeline_out_v2_new27_full/10_search/search_vwap_low_hit_80bps --round-trip-cost-bps 1.7 --target-hit-bps 80.0 --label-mode hit --entry-policy vwap_low --entry-vwap-premium-bps 50.0 --max-missing 0.35 --groups reversal_fundamental_regime,reversal_fundamental_regime_sector,reversal_fundamental_regime_sector_external,all_no_ak --models xgb_d2_200_lr003_mcw5,xgb_d3_400_lr003_mcw3,xgb_d3_600_lr002_mcw3,xgb_d4_500_lr002_mcw5,lgbm_leaves7_400,lgbm_leaves15_700,extra_trees_600_d3,random_forest_600_d4 --quantiles 0.5,0.6,0.7,0.8 --train-rows 756 --valid-rows 126 --test-rows 63 --min-valid-trades 8 --min-train-entries 80
{
  "rows": 1539,
  "target_hit_bps": 80.0,
  "label_mode": "hit",
  "entry_policy": "vwap_low",
  "entry_vwap_premium_bps": 50.0,
  "groups": {
    "reversal_fundamental_regime": 135,
    "reversal_fundamental_regime_sector": 158,
    "reversal_fundamental_regime_sector_external": 158,
    "all_no_ak": 213
  },
  "models": [
    "xgb_d2_200_lr003_mcw5",
    "xgb_d3_400_lr003_mcw3",
    "xgb_d3_600_lr002_mcw3",
    "xgb_d4_500_lr002_mcw5",
    "extra_trees_600_d3",
    "random_forest_600_d4",
    "lgbm_leaves7_400",
    "lgbm_leaves15_700"
  ],
  "top": [
    {
      "entry_policy": "vwap_low",
      "feature_group": "reversal_fundamental_regime_sector",
      "model_name": "lgbm_leaves15_700",
      "target_hit_bps": 80.0,
      "trades": 160,
      "win_rate": 0.7125,
      "avg_return": 8.658488709516813e-05,
      "median_return": 0.008,
      "compound_return": -0.002280598531780309,
      "max_drawdown": -0.17744754119765105,
      "profit_factor": 1.0156768926319257,
      "windows": 10
    },
    {
      "entry_policy": "vwap_low",
      "feature_group": "reversal_fundamental_regime_sector_external",
      "model_name": "lgbm_leaves15_700",
      "target_hit_bps": 80.0,
      "trades": 160,
      "win_rate": 0.7125,
      "avg_return": 8.658488709516813e-05,
      "median_return": 0.008,
      "compound_return": -0.002280598531780309,
      "max_drawdown": -0.17744754119765105,
      "profit_factor": 1.0156768926319257,
      "windows": 10
    },
    {
      "entry_policy": "vwap_low",
      "feature_group": "reversal_fundamental_regime",
      "model_name": "xgb_d2_200_lr003_mcw5",
      "target_hit_bps": 80.0,
      "trades": 146,
      "win_rate": 0.726027397260274,
      "avg_return": -0.0007040700666379137,
      "median_return": 0.008,
      "compound_return": -0.11737125340892396,
      "max_drawdown": -0.2455068465683704,
      "profit_factor": 0.889783355321838,
      "windows": 10
    },
    {
      "entry_policy": "vwap_low",
      "feature_group": "reversal_fundamental_regime_sector",
      "model_name": "lgbm_leaves7_400",
      "target_hit_bps": 80.0,
      "trades": 229,
      "win_rate": 0.6899563318777293,
      "avg_return": -0.0007319507737219696,
      "median_return": 0.008,
      "compound_return": -0.18057311608281734,
      "max_drawdown": -0.3762835406692804,
      "profit_factor": 0.8800430346935408,
      "windows": 10
    },
    {
      "entry_policy": "vwap_low",
      "feature_group": "reversal_fundamental_regime_sector_external",
      "model_name": "lgbm_leaves7_400",
      "target_hit_bps": 80.0,
      "trades": 229,
      "win_rate": 0.6899563318777293,
      "avg_return": -0.0007319507737219696,
      "median_return": 0.008,
      "compound_return": -0.18057311608281734,
      "max_drawdown": -0.3762835406692804,
      "profit_factor": 0.8800430346935408,
      "windows": 10
    },
    {
      "entry_policy": "vwap_low",
      "feature_group": "all_no_ak",
      "model_name": "lgbm_leaves15_700",
      "target_hit_bps": 80.0,
      "trades": 154,
      "win_rate": 0.6623376623376623,
      "avg_return": -0.0011787817598474578,
      "median_return": 0.008,
      "compound_return": -0.18235783226067703,
      "max_drawdown": -0.2689052047875158,
      "profit_factor": 0.8155709297991373,
      "windows": 10
    },
    {
      "entry_policy": "vwap_low",
      "feature_group": "all_no_ak",
      "model_name": "xgb_d4_500_lr002_mcw5",
      "target_hit_bps": 80.0,
      "trades": 164,
      "win_rate": 0.6951219512195121,
      "avg_return": -0.001168494935996053,
      "median_return": 0.008,
      "compound_return": -0.19392729483259386,
      "max_drawdown": -0.2831468938384538,
      "profit_factor": 0.8236143108024923,
      "windows": 10
    },
    {
      "entry_policy": "vwap_low",
      "feature_group": "reversal_fundamental_regime",
      "model_name": "lgbm_leaves7_400",
      "target_hit_bps": 80.0,
      "trades": 177,
      "win_rate": 0.6892655367231638,
      "avg_return": -0.0011711825246935263,
      "median_return": 0.008,
      "compound_return": -0.2064894518377296,
      "max_drawdown": -0.29283417474270546,
      "profit_factor": 0.8226376706770375,
      "windows": 10
    },
    {
      "entry_policy": "vwap_low",
      "feature_group": "reversal_fundamental_regime_sector",
      "model_name": "xgb_d4_500_lr002_mcw5",
      "target_hit_bps": 80.0,
      "trades": 163,
      "win_rate": 0.6687116564417178,
      "avg_return": -0.0014085821858098129,
      "median_return": 0.008,
      "compound_return": -0.2234476536025949,
      "max_drawdown": -0.3263423431834531,
      "profit_factor": 0.7883846401777312,
      "windows": 10
    },
    {
      "entry_policy": "vwap_low",
      "feature_group": "reversal_fundamental_regime_sector_external",
      "model_name": "xgb_d4_500_lr002_mcw5",
      "target_hit_bps": 80.0,
      "trades": 163,
      "win_rate": 0.6687116564417178,
      "avg_return": -0.0014085821858098129,
      "median_return": 0.008,
      "compound_return": -0.2234476536025949,
      "max_drawdown": -0.3263423431834531,
      "profit_factor": 0.7883846401777312,
      "windows": 10
    },
    {
      "entry_policy": "vwap_low",
      "feature_group": "reversal_fundamental_regime_sector",
      "model_name": "xgb_d2_200_lr003_mcw5",
      "target_hit_bps": 80.0,
      "trades": 178,
      "win_rate": 0.6853932584269663,
      "avg_return": -0.0013589526336903533,
      "median_return": 0.008,
      "compound_return": -0.23660604634505678,
      "max_drawdown": -0.3114139414819086,
      "profit_factor": 0.7972395379944446,
      "windows": 10
    },
    {
      "entry_policy": "vwap_low",
      "feature_group": "reversal_fundamental_regime_sector_external",
      "model_name": "xgb_d2_200_lr003_mcw5",
      "target_hit_bps": 80.0,
      "trades": 178,
      "win_rate": 0.6853932584269663,
      "avg_return": -0.0013589526336903533,
      "median_return": 0.008,
      "compound_return": -0.23660604634505678,
      "max_drawdown": -0.3114139414819086,
      "profit_factor": 0.7972395379944446,
      "windows": 10
    },
    {
      "entry_policy": "vwap_low",
      "feature_group": "reversal_fundamental_regime",
      "model_name": "xgb_d4_500_lr002_mcw5",
      "target_hit_bps": 80.0,
      "trades": 214,
      "win_rate": 0.6682242990654206,
      "avg_return": -0.0011955179466878669,
      "median_return": 0.008,
      "compound_return": -0.24653011175747097,
      "max_drawdown": -0.33762554875289374,
      "profit_factor": 0.8129057972898737,
      "windows": 10
    },
    {
      "entry_policy": "vwap_low",
      "feature_group": "reversal_fundamental_regime_sector",
      "model_name": "xgb_d3_600_lr002_mcw3",
      "target_hit_bps": 80.0,
      "trades": 191,
      "win_rate": 0.6858638743455497,
      "avg_return": -0.0014321699793251748,
      "median_return": 0.008,
      "compound_return": -0.2595646173832288,
      "max_drawdown": -0.3699604136702461,
      "profit_factor": 0.7869015102272777,
      "windows": 10
    },
    {
      "entry_policy": "vwap_low",
      "feature_group": "reversal_fundamental_regime_sector_external",
      "model_name": "xgb_d3_600_lr002_mcw3",
      "target_hit_bps": 80.0,
      "trades": 191,
      "win_rate": 0.6858638743455497,
      "avg_return": -0.0014321699793251748,
      "median_return": 0.008,
      "compound_return": -0.2595646173832288,
      "max_drawdown": -0.3699604136702461,
      "profit_factor": 0.7869015102272777,
      "windows": 10
    },
    {
      "entry_policy": "vwap_low",
      "feature_group": "all_no_ak",
      "model_name": "xgb_d3_600_lr002_mcw3",
      "target_hit_bps": 80.0,
      "trades": 174,
      "win_rate": 0.6666666666666666,
      "avg_return": -0.0017804677922995831,
      "median_return": 0.008,
      "compound_return": -0.2871887077802511,
      "max_drawdown": -0.38883342378101915,
      "profit_factor": 0.7470106117018633,
      "windows": 10
    },
    {
      "entry_policy": "vwap_low",
      "feature_group": "reversal_fundamental_regime_sector",
      "model_name": "xgb_d3_400_lr003_mcw3",
      "target_hit_bps": 80.0,
      "trades": 197,
      "win_rate": 0.6751269035532995,
      "avg_return": -0.0015797567264759812,
      "median_return": 0.008,
      "compound_return": -0.2909301433768986,
      "max_drawdown": -0.4297701912368972,
      "profit_factor": 0.7687340287309825,
      "windows": 10
    },
    {
      "entry_policy": "vwap_low",
      "feature_group": "reversal_fundamental_regime_sector_external",
      "model_name": "xgb_d3_400_lr003_mcw3",
      "target_hit_bps": 80.0,
      "trades": 197,
      "win_rate": 0.6751269035532995,
      "avg_return": -0.0015797567264759812,
      "median_return": 0.008,
      "compound_return": -0.2909301433768986,
      "max_drawdown": -0.4297701912368972,
      "profit_factor": 0.7687340287309825,
      "windows": 10
    },
    {
      "entry_policy": "vwap_low",
      "feature_group": "all_no_ak",
      "model_name": "xgb_d3_400_lr003_mcw3",
      "target_hit_bps": 80.0,
      "trades": 197,
      "win_rate": 0.649746192893401,
      "avg_return": -0.0018924473729424087,
      "median_return": 0.008,
      "compound_return": -0.3318492219620205,
      "max_drawdown": -0.4093915841981346,
      "profit_factor": 0.7282095448080552,
      "windows": 10
    },
    {
      "entry_policy": "vwap_low",
      "feature_group": "all_no_ak",
      "model_name": "lgbm_leaves7_400",
      "target_hit_bps": 80.0,
      "trades": 157,
      "win_rate": 0.6496815286624203,
      "avg_return": -0.0025309729978060737,
      "median_return": 0.008,
      "compound_return": -0.34661511751866037,
      "max_drawdown": -0.4537387826330854,
      "profit_factor": 0.6688986277496556,
      "windows": 10
    }
  ]
}

[2026-05-18T16:00:30] RUN search_vwap_low_close_profit_50bps
  /usr/bin/python3 model_training/search_walk_forward_model_complexity.py --samples /root/stock_realtime_v021_full/saved_data/603259_pipeline_out_v2_new27_full/03_sector/training_samples_with_sector.csv --intraday-bars /root/stock_realtime_v021_full/saved_data/603259_pipeline_out_v2_new27_full/00_base/603259_5m.csv --out-dir /root/stock_realtime_v021_full/saved_data/603259_pipeline_out_v2_new27_full/10_search/search_vwap_low_close_profit_50bps --round-trip-cost-bps 1.7 --target-hit-bps 50.0 --label-mode close_profit --entry-policy vwap_low --entry-vwap-premium-bps 50.0 --max-missing 0.35 --groups reversal_fundamental_regime,reversal_fundamental_regime_sector,reversal_fundamental_regime_sector_external,all_no_ak --models xgb_d2_200_lr003_mcw5,xgb_d3_400_lr003_mcw3,xgb_d3_600_lr002_mcw3,xgb_d4_500_lr002_mcw5,lgbm_leaves7_400,lgbm_leaves15_700,extra_trees_600_d3,random_forest_600_d4 --quantiles 0.5,0.6,0.7,0.8 --train-rows 756 --valid-rows 126 --test-rows 63 --min-valid-trades 8 --min-train-entries 80
{
  "rows": 1539,
  "target_hit_bps": 50.0,
  "label_mode": "close_profit",
  "entry_policy": "vwap_low",
  "entry_vwap_premium_bps": 50.0,
  "groups": {
    "reversal_fundamental_regime": 135,
    "reversal_fundamental_regime_sector": 158,
    "reversal_fundamental_regime_sector_external": 158,
    "all_no_ak": 213
  },
  "models": [
    "xgb_d2_200_lr003_mcw5",
    "xgb_d3_400_lr003_mcw3",
    "xgb_d3_600_lr002_mcw3",
    "xgb_d4_500_lr002_mcw5",
    "extra_trees_600_d3",
    "random_forest_600_d4",
    "lgbm_leaves7_400",
    "lgbm_leaves15_700"
  ],
  "top": [
    {
      "entry_policy": "vwap_low",
      "feature_group": "reversal_fundamental_regime_sector",
      "model_name": "lgbm_leaves7_400",
      "target_hit_bps": 50.0,
      "trades": 243,
      "win_rate": 0.4897119341563786,
      "avg_return": 0.0004581857202600497,
      "median_return": -0.00043666666666674833,
      "compound_return": 0.01980206650193228,
      "max_drawdown": -0.4033008609530262,
      "profit_factor": 1.04753311471712,
      "windows": 10
    },
    {
      "entry_policy": "vwap_low",
      "feature_group": "reversal_fundamental_regime_sector_external",
      "model_name": "lgbm_leaves7_400",
      "target_hit_bps": 50.0,
      "trades": 243,
      "win_rate": 0.4897119341563786,
      "avg_return": 0.0004581857202600497,
      "median_return": -0.00043666666666674833,
      "compound_return": 0.01980206650193228,
      "max_drawdown": -0.4033008609530262,
      "profit_factor": 1.04753311471712,
      "windows": 10
    },
    {
      "entry_policy": "vwap_low",
      "feature_group": "reversal_fundamental_regime_sector",
      "model_name": "lgbm_leaves15_700",
      "target_hit_bps": 50.0,
      "trades": 214,
      "win_rate": 0.514018691588785,
      "avg_return": 0.00041906577618076375,
      "median_return": 0.0002479653316735976,
      "compound_return": 0.012208887904147536,
      "max_drawdown": -0.33798209246196864,
      "profit_factor": 1.043666840978242,
      "windows": 10
    },
    {
      "entry_policy": "vwap_low",
      "feature_group": "reversal_fundamental_regime_sector_external",
      "model_name": "lgbm_leaves15_700",
      "target_hit_bps": 50.0,
      "trades": 214,
      "win_rate": 0.514018691588785,
      "avg_return": 0.00041906577618076375,
      "median_return": 0.0002479653316735976,
      "compound_return": 0.012208887904147536,
      "max_drawdown": -0.33798209246196864,
      "profit_factor": 1.043666840978242,
      "windows": 10
    },
    {
      "entry_policy": "vwap_low",
      "feature_group": "reversal_fundamental_regime_sector",
      "model_name": "extra_trees_600_d3",
      "target_hit_bps": 50.0,
      "trades": 237,
      "win_rate": 0.5274261603375527,
      "avg_return": 0.00037436554449721786,
      "median_return": 0.0013390543259557165,
      "compound_return": -0.017910756852445475,
      "max_drawdown": -0.453581351567903,
      "profit_factor": 1.0362217885209348,
      "windows": 10
    },
    {
      "entry_policy": "vwap_low",
      "feature_group": "reversal_fundamental_regime_sector_external",
      "model_name": "extra_trees_600_d3",
      "target_hit_bps": 50.0,
      "trades": 237,
      "win_rate": 0.5274261603375527,
      "avg_return": 0.00037436554449721786,
      "median_return": 0.0013390543259557165,
      "compound_return": -0.017910756852445475,
      "max_drawdown": -0.453581351567903,
      "profit_factor": 1.0362217885209348,
      "windows": 10
    },
    {
      "entry_policy": "vwap_low",
      "feature_group": "reversal_fundamental_regime",
      "model_name": "lgbm_leaves7_400",
      "target_hit_bps": 50.0,
      "trades": 248,
      "win_rate": 0.5080645161290323,
      "avg_return": 2.6270489798273904e-05,
      "median_return": 0.0002479653316735976,
      "compound_return": -0.09319374849108497,
      "max_drawdown": -0.4136117255040116,
      "profit_factor": 1.0025720323207123,
      "windows": 10
    },
    {
      "entry_policy": "vwap_low",
      "feature_group": "all_no_ak",
      "model_name": "random_forest_600_d4",
      "target_hit_bps": 50.0,
      "trades": 187,
      "win_rate": 0.5026737967914439,
      "avg_return": -0.0004024564022586488,
      "median_return": 0.00044349693251533387,
      "compound_return": -0.14804730271072952,
      "max_drawdown": -0.3769152770490324,
      "profit_factor": 0.9638339820753766,
      "windows": 10
    },
    {
      "entry_policy": "vwap_low",
      "feature_group": "reversal_fundamental_regime_sector",
      "model_name": "xgb_d3_600_lr002_mcw3",
      "target_hit_bps": 50.0,
      "trades": 222,
      "win_rate": 0.5,
      "avg_return": -0.000530972626721941,
      "median_return": -5.168480832928518e-05,
      "compound_return": -0.18294682326565692,
      "max_drawdown": -0.4780404294457401,
      "profit_factor": 0.9460549303793494,
      "windows": 10
    },
    {
      "entry_policy": "vwap_low",
      "feature_group": "reversal_fundamental_regime_sector_external",
      "model_name": "xgb_d3_600_lr002_mcw3",
      "target_hit_bps": 50.0,
      "trades": 222,
      "win_rate": 0.5,
      "avg_return": -0.000530972626721941,
      "median_return": -5.168480832928518e-05,
      "compound_return": -0.18294682326565692,
      "max_drawdown": -0.4780404294457401,
      "profit_factor": 0.9460549303793494,
      "windows": 10
    },
    {
      "entry_policy": "vwap_low",
      "feature_group": "all_no_ak",
      "model_name": "lgbm_leaves7_400",
      "target_hit_bps": 50.0,
      "trades": 217,
      "win_rate": 0.5023041474654378,
      "avg_return": -0.000751750724481863,
      "median_return": 6.663038334142962e-05,
      "compound_return": -0.22242657627758466,
      "max_drawdown": -0.472782114041966,
      "profit_factor": 0.9275135427147048,
      "windows": 10
    },
    {
      "entry_policy": "vwap_low",
      "feature_group": "reversal_fundamental_regime_sector",
      "model_name": "xgb_d4_500_lr002_mcw5",
      "target_hit_bps": 50.0,
      "trades": 223,
      "win_rate": 0.4798206278026906,
      "avg_return": -0.0008008744279917338,
      "median_return": -0.0008724116132055003,
      "compound_return": -0.23243082549471106,
      "max_drawdown": -0.44471902914093087,
      "profit_factor": 0.9204049660515918,
      "windows": 10
    },
    {
      "entry_policy": "vwap_low",
      "feature_group": "reversal_fundamental_regime_sector_external",
      "model_name": "xgb_d4_500_lr002_mcw5",
      "target_hit_bps": 50.0,
      "trades": 223,
      "win_rate": 0.4798206278026906,
      "avg_return": -0.0008008744279917338,
      "median_return": -0.0008724116132055003,
      "compound_return": -0.23243082549471106,
      "max_drawdown": -0.44471902914093087,
      "profit_factor": 0.9204049660515918,
      "windows": 10
    },
    {
      "entry_policy": "vwap_low",
      "feature_group": "reversal_fundamental_regime",
      "model_name": "xgb_d4_500_lr002_mcw5",
      "target_hit_bps": 50.0,
      "trades": 288,
      "win_rate": 0.4826388888888889,
      "avg_return": -0.0006102386648223084,
      "median_return": -0.0008437864517640802,
      "compound_return": -0.23651776441686923,
      "max_drawdown": -0.4849787941738918,
      "profit_factor": 0.9359962423381624,
      "windows": 10
    },
    {
      "entry_policy": "vwap_low",
      "feature_group": "reversal_fundamental_regime",
      "model_name": "xgb_d3_400_lr003_mcw3",
      "target_hit_bps": 50.0,
      "trades": 265,
      "win_rate": 0.47547169811320755,
      "avg_return": -0.0009580164008227575,
      "median_return": -0.0011150519778588795,
      "compound_return": -0.2985984245064607,
      "max_drawdown": -0.5093993772642849,
      "profit_factor": 0.9063709088521033,
      "windows": 10
    },
    {
      "entry_policy": "vwap_low",
      "feature_group": "reversal_fundamental_regime",
      "model_name": "extra_trees_600_d3",
      "target_hit_bps": 50.0,
      "trades": 226,
      "win_rate": 0.5,
      "avg_return": -0.0012101873796457694,
      "median_return": -0.00018501814166265937,
      "compound_return": -0.30838309128398567,
      "max_drawdown": -0.46822035210789814,
      "profit_factor": 0.8876872081766725,
      "windows": 10
    },
    {
      "entry_policy": "vwap_low",
      "feature_group": "reversal_fundamental_regime",
      "model_name": "lgbm_leaves15_700",
      "target_hit_bps": 50.0,
      "trades": 241,
      "win_rate": 0.47717842323651455,
      "avg_return": -0.00128303290454629,
      "median_return": -0.0011095552771688243,
      "compound_return": -0.32361404687194106,
      "max_drawdown": -0.49681597507103636,
      "profit_factor": 0.872204384196112,
      "windows": 10
    },
    {
      "entry_policy": "vwap_low",
      "feature_group": "all_no_ak",
      "model_name": "lgbm_leaves15_700",
      "target_hit_bps": 50.0,
      "trades": 187,
      "win_rate": 0.5026737967914439,
      "avg_return": -0.0017551703693546496,
      "median_return": 6.663038334142962e-05,
      "compound_return": -0.3336175248061055,
      "max_drawdown": -0.4739449790980842,
      "profit_factor": 0.8428458812042359,
      "windows": 10
    },
    {
      "entry_policy": "vwap_low",
      "feature_group": "reversal_fundamental_regime",
      "model_name": "xgb_d3_600_lr002_mcw3",
      "target_hit_bps": 50.0,
      "trades": 266,
      "win_rate": 0.4774436090225564,
      "avg_return": -0.0012325353349887556,
      "median_return": -0.0010872339640258764,
      "compound_return": -0.3452335862479664,
      "max_drawdown": -0.5716710460428454,
      "profit_factor": 0.8786263604918061,
      "windows": 10
    },
    {
      "entry_policy": "vwap_low",
      "feature_group": "all_no_ak",
      "model_name": "xgb_d3_600_lr002_mcw3",
      "target_hit_bps": 50.0,
      "trades": 202,
      "win_rate": 0.46534653465346537,
      "avg_return": -0.0017428623993119808,
      "median_return": -0.0016000013453061866,
      "compound_return": -0.3453287792235009,
      "max_drawdown": -0.4806096220581372,
      "profit_factor": 0.827410394815332,
      "windows": 10
    }
  ]
}

[2026-05-18T16:10:59] RUN search_all_days_hit_50bps
  /usr/bin/python3 model_training/search_walk_forward_model_complexity.py --samples /root/stock_realtime_v021_full/saved_data/603259_pipeline_out_v2_new27_full/03_sector/training_samples_with_sector.csv --intraday-bars /root/stock_realtime_v021_full/saved_data/603259_pipeline_out_v2_new27_full/00_base/603259_5m.csv --out-dir /root/stock_realtime_v021_full/saved_data/603259_pipeline_out_v2_new27_full/10_search/search_all_days_hit_50bps --round-trip-cost-bps 1.7 --target-hit-bps 50.0 --label-mode hit --entry-policy all_days --entry-vwap-premium-bps 50.0 --max-missing 0.35 --groups reversal_fundamental_regime,reversal_fundamental_regime_sector,reversal_fundamental_regime_sector_external,all_no_ak --models xgb_d2_200_lr003_mcw5,xgb_d3_400_lr003_mcw3,xgb_d3_600_lr002_mcw3,xgb_d4_500_lr002_mcw5,lgbm_leaves7_400,lgbm_leaves15_700,extra_trees_600_d3,random_forest_600_d4 --quantiles 0.5,0.6,0.7,0.8 --train-rows 756 --valid-rows 126 --test-rows 63 --min-valid-trades 8 --min-train-entries 80
{
  "rows": 1539,
  "target_hit_bps": 50.0,
  "label_mode": "hit",
  "entry_policy": "all_days",
  "entry_vwap_premium_bps": 50.0,
  "groups": {
    "reversal_fundamental_regime": 135,
    "reversal_fundamental_regime_sector": 158,
    "reversal_fundamental_regime_sector_external": 158,
    "all_no_ak": 213
  },
  "models": [
    "xgb_d2_200_lr003_mcw5",
    "xgb_d3_400_lr003_mcw3",
    "xgb_d3_600_lr002_mcw3",
    "xgb_d4_500_lr002_mcw5",
    "extra_trees_600_d3",
    "random_forest_600_d4",
    "lgbm_leaves7_400",
    "lgbm_leaves15_700"
  ],
  "top": [
    {
      "entry_policy": "all_days",
      "feature_group": "reversal_fundamental_regime",
      "model_name": "lgbm_leaves15_700",
      "target_hit_bps": 50.0,
      "trades": 166,
      "win_rate": 0.7831325301204819,
      "avg_return": -0.0011455754624696867,
      "median_return": 0.005,
      "compound_return": -0.18949446416940008,
      "max_drawdown": -0.32201264679482766,
      "profit_factor": 0.7721959889415896,
      "windows": 10
    },
    {
      "entry_policy": "all_days",
      "feature_group": "reversal_fundamental_regime_sector",
      "model_name": "lgbm_leaves15_700",
      "target_hit_bps": 50.0,
      "trades": 178,
      "win_rate": 0.7808988764044944,
      "avg_return": -0.0016580976325140642,
      "median_return": 0.005,
      "compound_return": -0.2730896258297161,
      "max_drawdown": -0.37756104916347355,
      "profit_factor": 0.6999190809542466,
      "windows": 10
    },
    {
      "entry_policy": "all_days",
      "feature_group": "reversal_fundamental_regime_sector_external",
      "model_name": "lgbm_leaves15_700",
      "target_hit_bps": 50.0,
      "trades": 178,
      "win_rate": 0.7808988764044944,
      "avg_return": -0.0016580976325140642,
      "median_return": 0.005,
      "compound_return": -0.2730896258297161,
      "max_drawdown": -0.37756104916347355,
      "profit_factor": 0.6999190809542466,
      "windows": 10
    },
    {
      "entry_policy": "all_days",
      "feature_group": "all_no_ak",
      "model_name": "xgb_d3_400_lr003_mcw3",
      "target_hit_bps": 50.0,
      "trades": 128,
      "win_rate": 0.765625,
      "avg_return": -0.002400148490353248,
      "median_return": 0.005,
      "compound_return": -0.27956143069729,
      "max_drawdown": -0.32448882129779866,
      "profit_factor": 0.6114186354478661,
      "windows": 10
    },
    {
      "entry_policy": "all_days",
      "feature_group": "reversal_fundamental_regime",
      "model_name": "xgb_d3_600_lr002_mcw3",
      "target_hit_bps": 50.0,
      "trades": 184,
      "win_rate": 0.7880434782608695,
      "avg_return": -0.0018761307338250122,
      "median_return": 0.005,
      "compound_return": -0.3100838003905897,
      "max_drawdown": -0.4212849361218145,
      "profit_factor": 0.6765063430430707,
      "windows": 10
    },
    {
      "entry_policy": "all_days",
      "feature_group": "all_no_ak",
      "model_name": "lgbm_leaves15_700",
      "target_hit_bps": 50.0,
      "trades": 163,
      "win_rate": 0.7791411042944786,
      "avg_return": -0.002605787080517324,
      "median_return": 0.005,
      "compound_return": -0.3644786016917241,
      "max_drawdown": -0.4275349652536278,
      "profit_factor": 0.5971533050548211,
      "windows": 10
    },
    {
      "entry_policy": "all_days",
      "feature_group": "reversal_fundamental_regime_sector",
      "model_name": "xgb_d3_400_lr003_mcw3",
      "target_hit_bps": 50.0,
      "trades": 188,
      "win_rate": 0.776595744680851,
      "avg_return": -0.0023437003184852245,
      "median_return": 0.005,
      "compound_return": -0.37642512528022787,
      "max_drawdown": -0.4645573113722643,
      "profit_factor": 0.6203305263053218,
      "windows": 10
    },
    {
      "entry_policy": "all_days",
      "feature_group": "reversal_fundamental_regime_sector_external",
      "model_name": "xgb_d3_400_lr003_mcw3",
      "target_hit_bps": 50.0,
      "trades": 188,
      "win_rate": 0.776595744680851,
      "avg_return": -0.0023437003184852245,
      "median_return": 0.005,
      "compound_return": -0.37642512528022787,
      "max_drawdown": -0.4645573113722643,
      "profit_factor": 0.6203305263053218,
      "windows": 10
    },
    {
      "entry_policy": "all_days",
      "feature_group": "reversal_fundamental_regime",
      "model_name": "lgbm_leaves7_400",
      "target_hit_bps": 50.0,
      "trades": 223,
      "win_rate": 0.7847533632286996,
      "avg_return": -0.001987589523564033,
      "median_return": 0.005,
      "compound_return": -0.3794851018304838,
      "max_drawdown": -0.4544995969469048,
      "profit_factor": 0.6624325306818517,
      "windows": 10
    },
    {
      "entry_policy": "all_days",
      "feature_group": "all_no_ak",
      "model_name": "xgb_d4_500_lr002_mcw5",
      "target_hit_bps": 50.0,
      "trades": 158,
      "win_rate": 0.7784810126582279,
      "avg_return": -0.0028376691192438168,
      "median_return": 0.005,
      "compound_return": -0.379517264104534,
      "max_drawdown": -0.4437490934619013,
      "profit_factor": 0.5762123251589978,
      "windows": 10
    },
    {
      "entry_policy": "all_days",
      "feature_group": "reversal_fundamental_regime_sector",
      "model_name": "xgb_d3_600_lr002_mcw3",
      "target_hit_bps": 50.0,
      "trades": 180,
      "win_rate": 0.7833333333333333,
      "avg_return": -0.002544444874925254,
      "median_return": 0.005,
      "compound_return": -0.3873340325929403,
      "max_drawdown": -0.4761509447573432,
      "profit_factor": 0.6023253025427209,
      "windows": 10
    },
    {
      "entry_policy": "all_days",
      "feature_group": "reversal_fundamental_regime_sector_external",
      "model_name": "xgb_d3_600_lr002_mcw3",
      "target_hit_bps": 50.0,
      "trades": 180,
      "win_rate": 0.7833333333333333,
      "avg_return": -0.002544444874925254,
      "median_return": 0.005,
      "compound_return": -0.3873340325929403,
      "max_drawdown": -0.4761509447573432,
      "profit_factor": 0.6023253025427209,
      "windows": 10
    },
    {
      "entry_policy": "all_days",
      "feature_group": "reversal_fundamental_regime_sector",
      "model_name": "xgb_d4_500_lr002_mcw5",
      "target_hit_bps": 50.0,
      "trades": 176,
      "win_rate": 0.7727272727272727,
      "avg_return": -0.0026153787724176353,
      "median_return": 0.005,
      "compound_return": -0.3882591045682148,
      "max_drawdown": -0.4738607373792947,
      "profit_factor": 0.593152802587209,
      "windows": 10
    },
    {
      "entry_policy": "all_days",
      "feature_group": "reversal_fundamental_regime_sector_external",
      "model_name": "xgb_d4_500_lr002_mcw5",
      "target_hit_bps": 50.0,
      "trades": 176,
      "win_rate": 0.7727272727272727,
      "avg_return": -0.0026153787724176353,
      "median_return": 0.005,
      "compound_return": -0.3882591045682148,
      "max_drawdown": -0.4738607373792947,
      "profit_factor": 0.593152802587209,
      "windows": 10
    },
    {
      "entry_policy": "all_days",
      "feature_group": "reversal_fundamental_regime",
      "model_name": "xgb_d4_500_lr002_mcw5",
      "target_hit_bps": 50.0,
      "trades": 173,
      "win_rate": 0.7803468208092486,
      "avg_return": -0.0027251755355835157,
      "median_return": 0.005,
      "compound_return": -0.39521773603536103,
      "max_drawdown": -0.48107846171607194,
      "profit_factor": 0.5876622974703049,
      "windows": 10
    },
    {
      "entry_policy": "all_days",
      "feature_group": "reversal_fundamental_regime",
      "model_name": "xgb_d3_400_lr003_mcw3",
      "target_hit_bps": 50.0,
      "trades": 134,
      "win_rate": 0.7686567164179104,
      "avg_return": -0.003747156541818934,
      "median_return": 0.005,
      "compound_return": -0.4122307846606046,
      "max_drawdown": -0.461758170867668,
      "profit_factor": 0.5048310026392059,
      "windows": 10
    },
    {
      "entry_policy": "all_days",
      "feature_group": "all_no_ak",
      "model_name": "xgb_d2_200_lr003_mcw5",
      "target_hit_bps": 50.0,
      "trades": 169,
      "win_rate": 0.7396449704142012,
      "avg_return": -0.003313643883022958,
      "median_return": 0.005,
      "compound_return": -0.4445821346949692,
      "max_drawdown": -0.516104236144528,
      "profit_factor": 0.5250895546026977,
      "windows": 10
    },
    {
      "entry_policy": "all_days",
      "feature_group": "all_no_ak",
      "model_name": "xgb_d3_600_lr002_mcw3",
      "target_hit_bps": 50.0,
      "trades": 155,
      "win_rate": 0.7483870967741936,
      "avg_return": -0.0038679272208729048,
      "median_return": 0.005,
      "compound_return": -0.4680035311449584,
      "max_drawdown": -0.5142513056587028,
      "profit_factor": 0.48785430977899596,
      "windows": 10
    },
    {
      "entry_policy": "all_days",
      "feature_group": "reversal_fundamental_regime",
      "model_name": "xgb_d2_200_lr003_mcw5",
      "target_hit_bps": 50.0,
      "trades": 252,
      "win_rate": 0.7619047619047619,
      "avg_return": -0.0024925913506371137,
      "median_return": 0.005,
      "compound_return": -0.48641869976834073,
      "max_drawdown": -0.5648875085142269,
      "profit_factor": 0.6019982515506149,
      "windows": 10
    },
    {
      "entry_policy": "all_days",
      "feature_group": "reversal_fundamental_regime_sector",
      "model_name": "lgbm_leaves7_400",
      "target_hit_bps": 50.0,
      "trades": 199,
      "win_rate": 0.7487437185929648,
      "avg_return": -0.0032350729638424957,
      "median_return": 0.005,
      "compound_return": -0.4927344897458107,
      "max_drawdown": -0.5735186988945902,
      "profit_factor": 0.5356715094983769,
      "windows": 10
    }
  ]
}

[2026-05-18T16:21:16] RUN search_all_days_hit_80bps
  /usr/bin/python3 model_training/search_walk_forward_model_complexity.py --samples /root/stock_realtime_v021_full/saved_data/603259_pipeline_out_v2_new27_full/03_sector/training_samples_with_sector.csv --intraday-bars /root/stock_realtime_v021_full/saved_data/603259_pipeline_out_v2_new27_full/00_base/603259_5m.csv --out-dir /root/stock_realtime_v021_full/saved_data/603259_pipeline_out_v2_new27_full/10_search/search_all_days_hit_80bps --round-trip-cost-bps 1.7 --target-hit-bps 80.0 --label-mode hit --entry-policy all_days --entry-vwap-premium-bps 50.0 --max-missing 0.35 --groups reversal_fundamental_regime,reversal_fundamental_regime_sector,reversal_fundamental_regime_sector_external,all_no_ak --models xgb_d2_200_lr003_mcw5,xgb_d3_400_lr003_mcw3,xgb_d3_600_lr002_mcw3,xgb_d4_500_lr002_mcw5,lgbm_leaves7_400,lgbm_leaves15_700,extra_trees_600_d3,random_forest_600_d4 --quantiles 0.5,0.6,0.7,0.8 --train-rows 756 --valid-rows 126 --test-rows 63 --min-valid-trades 8 --min-train-entries 80
{
  "rows": 1539,
  "target_hit_bps": 80.0,
  "label_mode": "hit",
  "entry_policy": "all_days",
  "entry_vwap_premium_bps": 50.0,
  "groups": {
    "reversal_fundamental_regime": 135,
    "reversal_fundamental_regime_sector": 158,
    "reversal_fundamental_regime_sector_external": 158,
    "all_no_ak": 213
  },
  "models": [
    "xgb_d2_200_lr003_mcw5",
    "xgb_d3_400_lr003_mcw3",
    "xgb_d3_600_lr002_mcw3",
    "xgb_d4_500_lr002_mcw5",
    "extra_trees_600_d3",
    "random_forest_600_d4",
    "lgbm_leaves7_400",
    "lgbm_leaves15_700"
  ],
  "top": [
    {
      "entry_policy": "all_days",
      "feature_group": "reversal_fundamental_regime_sector",
      "model_name": "lgbm_leaves15_700",
      "target_hit_bps": 80.0,
      "trades": 181,
      "win_rate": 0.6906077348066298,
      "avg_return": -0.00032321995166561596,
      "median_return": 0.008,
      "compound_return": -0.07531882956602542,
      "max_drawdown": -0.20318275304214695,
      "profit_factor": 0.9432402330911579,
      "windows": 10
    },
    {
      "entry_policy": "all_days",
      "feature_group": "reversal_fundamental_regime_sector_external",
      "model_name": "lgbm_leaves15_700",
      "target_hit_bps": 80.0,
      "trades": 181,
      "win_rate": 0.6906077348066298,
      "avg_return": -0.00032321995166561596,
      "median_return": 0.008,
      "compound_return": -0.07531882956602542,
      "max_drawdown": -0.20318275304214695,
      "profit_factor": 0.9432402330911579,
      "windows": 10
    },
    {
      "entry_policy": "all_days",
      "feature_group": "reversal_fundamental_regime_sector",
      "model_name": "lgbm_leaves7_400",
      "target_hit_bps": 80.0,
      "trades": 241,
      "win_rate": 0.6970954356846473,
      "avg_return": -0.0003880766623824332,
      "median_return": 0.008,
      "compound_return": -0.11766871868497075,
      "max_drawdown": -0.3762835406692804,
      "profit_factor": 0.9334059828469874,
      "windows": 10
    },
    {
      "entry_policy": "all_days",
      "feature_group": "reversal_fundamental_regime_sector_external",
      "model_name": "lgbm_leaves7_400",
      "target_hit_bps": 80.0,
      "trades": 241,
      "win_rate": 0.6970954356846473,
      "avg_return": -0.0003880766623824332,
      "median_return": 0.008,
      "compound_return": -0.11766871868497075,
      "max_drawdown": -0.3762835406692804,
      "profit_factor": 0.9334059828469874,
      "windows": 10
    },
    {
      "entry_policy": "all_days",
      "feature_group": "all_no_ak",
      "model_name": "lgbm_leaves15_700",
      "target_hit_bps": 80.0,
      "trades": 155,
      "win_rate": 0.6709677419354839,
      "avg_return": -0.0010021254134454534,
      "median_return": 0.008,
      "compound_return": -0.16069108746942107,
      "max_drawdown": -0.2689052047875158,
      "profit_factor": 0.8405390638809965,
      "windows": 10
    },
    {
      "entry_policy": "all_days",
      "feature_group": "reversal_fundamental_regime_sector",
      "model_name": "xgb_d4_500_lr002_mcw5",
      "target_hit_bps": 80.0,
      "trades": 190,
      "win_rate": 0.6842105263157895,
      "avg_return": -0.0009679831097265844,
      "median_return": 0.008,
      "compound_return": -0.1907344453060259,
      "max_drawdown": -0.32309291463523904,
      "profit_factor": 0.8466845668615297,
      "windows": 10
    },
    {
      "entry_policy": "all_days",
      "feature_group": "reversal_fundamental_regime_sector_external",
      "model_name": "xgb_d4_500_lr002_mcw5",
      "target_hit_bps": 80.0,
      "trades": 190,
      "win_rate": 0.6842105263157895,
      "avg_return": -0.0009679831097265844,
      "median_return": 0.008,
      "compound_return": -0.1907344453060259,
      "max_drawdown": -0.32309291463523904,
      "profit_factor": 0.8466845668615297,
      "windows": 10
    },
    {
      "entry_policy": "all_days",
      "feature_group": "all_no_ak",
      "model_name": "xgb_d4_500_lr002_mcw5",
      "target_hit_bps": 80.0,
      "trades": 175,
      "win_rate": 0.6971428571428572,
      "avg_return": -0.0011413032589300787,
      "median_return": 0.008,
      "compound_return": -0.20320251091551556,
      "max_drawdown": -0.28189496556876437,
      "profit_factor": 0.8276034803068517,
      "windows": 10
    },
    {
      "entry_policy": "all_days",
      "feature_group": "reversal_fundamental_regime_sector",
      "model_name": "xgb_d2_200_lr003_mcw5",
      "target_hit_bps": 80.0,
      "trades": 212,
      "win_rate": 0.6981132075471698,
      "avg_return": -0.0010688060295992608,
      "median_return": 0.008,
      "compound_return": -0.2293656128396393,
      "max_drawdown": -0.3556979597528187,
      "profit_factor": 0.8358132800887819,
      "windows": 10
    },
    {
      "entry_policy": "all_days",
      "feature_group": "reversal_fundamental_regime_sector_external",
      "model_name": "xgb_d2_200_lr003_mcw5",
      "target_hit_bps": 80.0,
      "trades": 212,
      "win_rate": 0.6981132075471698,
      "avg_return": -0.0010688060295992608,
      "median_return": 0.008,
      "compound_return": -0.2293656128396393,
      "max_drawdown": -0.3556979597528187,
      "profit_factor": 0.8358132800887819,
      "windows": 10
    },
    {
      "entry_policy": "all_days",
      "feature_group": "all_no_ak",
      "model_name": "xgb_d3_400_lr003_mcw3",
      "target_hit_bps": 80.0,
      "trades": 210,
      "win_rate": 0.6571428571428571,
      "avg_return": -0.0015269322846536708,
      "median_return": 0.008,
      "compound_return": -0.2964720786027878,
      "max_drawdown": -0.4093915841981346,
      "profit_factor": 0.770883766149956,
      "windows": 10
    },
    {
      "entry_policy": "all_days",
      "feature_group": "reversal_fundamental_regime_sector",
      "model_name": "xgb_d3_600_lr002_mcw3",
      "target_hit_bps": 80.0,
      "trades": 195,
      "win_rate": 0.676923076923077,
      "avg_return": -0.0016658170054059107,
      "median_return": 0.008,
      "compound_return": -0.2988414215147118,
      "max_drawdown": -0.4041866540078384,
      "profit_factor": 0.7594969534339016,
      "windows": 10
    },
    {
      "entry_policy": "all_days",
      "feature_group": "reversal_fundamental_regime_sector_external",
      "model_name": "xgb_d3_600_lr002_mcw3",
      "target_hit_bps": 80.0,
      "trades": 195,
      "win_rate": 0.676923076923077,
      "avg_return": -0.0016658170054059107,
      "median_return": 0.008,
      "compound_return": -0.2988414215147118,
      "max_drawdown": -0.4041866540078384,
      "profit_factor": 0.7594969534339016,
      "windows": 10
    },
    {
      "entry_policy": "all_days",
      "feature_group": "reversal_fundamental_regime",
      "model_name": "lgbm_leaves7_400",
      "target_hit_bps": 80.0,
      "trades": 218,
      "win_rate": 0.6880733944954128,
      "avg_return": -0.0015328011101657275,
      "median_return": 0.008,
      "compound_return": -0.3080212529906303,
      "max_drawdown": -0.41545298019857013,
      "profit_factor": 0.7792931838855802,
      "windows": 10
    },
    {
      "entry_policy": "all_days",
      "feature_group": "reversal_fundamental_regime",
      "model_name": "xgb_d2_200_lr003_mcw5",
      "target_hit_bps": 80.0,
      "trades": 176,
      "win_rate": 0.7045454545454546,
      "avg_return": -0.0019287188333669365,
      "median_return": 0.008,
      "compound_return": -0.310775362321013,
      "max_drawdown": -0.4319520950662602,
      "profit_factor": 0.7437960433270105,
      "windows": 10
    },
    {
      "entry_policy": "all_days",
      "feature_group": "all_no_ak",
      "model_name": "xgb_d3_600_lr002_mcw3",
      "target_hit_bps": 80.0,
      "trades": 181,
      "win_rate": 0.6519337016574586,
      "avg_return": -0.002347461064638846,
      "median_return": 0.008,
      "compound_return": -0.36737984466095486,
      "max_drawdown": -0.406684492538114,
      "profit_factor": 0.6865784914573556,
      "windows": 10
    },
    {
      "entry_policy": "all_days",
      "feature_group": "reversal_fundamental_regime",
      "model_name": "xgb_d4_500_lr002_mcw5",
      "target_hit_bps": 80.0,
      "trades": 192,
      "win_rate": 0.6614583333333334,
      "avg_return": -0.0022930531928408156,
      "median_return": 0.008,
      "compound_return": -0.37688591853901776,
      "max_drawdown": -0.43051363056498715,
      "profit_factor": 0.6947785119664702,
      "windows": 10
    },
    {
      "entry_policy": "all_days",
      "feature_group": "reversal_fundamental_regime_sector",
      "model_name": "xgb_d3_400_lr003_mcw3",
      "target_hit_bps": 80.0,
      "trades": 202,
      "win_rate": 0.6782178217821783,
      "avg_return": -0.002175724895538194,
      "median_return": 0.008,
      "compound_return": -0.3798259277050757,
      "max_drawdown": -0.4885469340479527,
      "profit_factor": 0.7100256349135766,
      "windows": 10
    },
    {
      "entry_policy": "all_days",
      "feature_group": "reversal_fundamental_regime_sector_external",
      "model_name": "xgb_d3_400_lr003_mcw3",
      "target_hit_bps": 80.0,
      "trades": 202,
      "win_rate": 0.6782178217821783,
      "avg_return": -0.002175724895538194,
      "median_return": 0.008,
      "compound_return": -0.3798259277050757,
      "max_drawdown": -0.4885469340479527,
      "profit_factor": 0.7100256349135766,
      "windows": 10
    },
    {
      "entry_policy": "all_days",
      "feature_group": "all_no_ak",
      "model_name": "xgb_d2_200_lr003_mcw5",
      "target_hit_bps": 80.0,
      "trades": 246,
      "win_rate": 0.6666666666666666,
      "avg_return": -0.0018836030968923374,
      "median_return": 0.008,
      "compound_return": -0.39645363077817986,
      "max_drawdown": -0.5118930563889401,
      "profit_factor": 0.7356027122199098,
      "windows": 10
    }
  ]
}

[2026-05-18T16:31:47] RUN search_all_days_close_profit_50bps
  /usr/bin/python3 model_training/search_walk_forward_model_complexity.py --samples /root/stock_realtime_v021_full/saved_data/603259_pipeline_out_v2_new27_full/03_sector/training_samples_with_sector.csv --intraday-bars /root/stock_realtime_v021_full/saved_data/603259_pipeline_out_v2_new27_full/00_base/603259_5m.csv --out-dir /root/stock_realtime_v021_full/saved_data/603259_pipeline_out_v2_new27_full/10_search/search_all_days_close_profit_50bps --round-trip-cost-bps 1.7 --target-hit-bps 50.0 --label-mode close_profit --entry-policy all_days --entry-vwap-premium-bps 50.0 --max-missing 0.35 --groups reversal_fundamental_regime,reversal_fundamental_regime_sector,reversal_fundamental_regime_sector_external,all_no_ak --models xgb_d2_200_lr003_mcw5,xgb_d3_400_lr003_mcw3,xgb_d3_600_lr002_mcw3,xgb_d4_500_lr002_mcw5,lgbm_leaves7_400,lgbm_leaves15_700,extra_trees_600_d3,random_forest_600_d4 --quantiles 0.5,0.6,0.7,0.8 --train-rows 756 --valid-rows 126 --test-rows 63 --min-valid-trades 8 --min-train-entries 80
{
  "rows": 1539,
  "target_hit_bps": 50.0,
  "label_mode": "close_profit",
  "entry_policy": "all_days",
  "entry_vwap_premium_bps": 50.0,
  "groups": {
    "reversal_fundamental_regime": 135,
    "reversal_fundamental_regime_sector": 158,
    "reversal_fundamental_regime_sector_external": 158,
    "all_no_ak": 213
  },
  "models": [
    "xgb_d2_200_lr003_mcw5",
    "xgb_d3_400_lr003_mcw3",
    "xgb_d3_600_lr002_mcw3",
    "xgb_d4_500_lr002_mcw5",
    "extra_trees_600_d3",
    "random_forest_600_d4",
    "lgbm_leaves7_400",
    "lgbm_leaves15_700"
  ],
  "top": [
    {
      "entry_policy": "all_days",
      "feature_group": "reversal_fundamental_regime_sector",
      "model_name": "extra_trees_600_d3",
      "target_hit_bps": 50.0,
      "trades": 268,
      "win_rate": 0.5522388059701493,
      "avg_return": 0.0021272449724259483,
      "median_return": 0.002093255716121071,
      "compound_return": 0.5579388633976379,
      "max_drawdown": -0.453581351567903,
      "profit_factor": 1.2180546501155856,
      "windows": 10
    },
    {
      "entry_policy": "all_days",
      "feature_group": "reversal_fundamental_regime_sector_external",
      "model_name": "extra_trees_600_d3",
      "target_hit_bps": 50.0,
      "trades": 268,
      "win_rate": 0.5522388059701493,
      "avg_return": 0.0021272449724259483,
      "median_return": 0.002093255716121071,
      "compound_return": 0.5579388633976379,
      "max_drawdown": -0.453581351567903,
      "profit_factor": 1.2180546501155856,
      "windows": 10
    },
    {
      "entry_policy": "all_days",
      "feature_group": "reversal_fundamental_regime_sector",
      "model_name": "lgbm_leaves15_700",
      "target_hit_bps": 50.0,
      "trades": 236,
      "win_rate": 0.5338983050847458,
      "avg_return": 0.001698522443324998,
      "median_return": 0.0018104127064435573,
      "compound_return": 0.3674971536630125,
      "max_drawdown": -0.33532732881077587,
      "profit_factor": 1.1900385855961368,
      "windows": 10
    },
    {
      "entry_policy": "all_days",
      "feature_group": "reversal_fundamental_regime_sector_external",
      "model_name": "lgbm_leaves15_700",
      "target_hit_bps": 50.0,
      "trades": 236,
      "win_rate": 0.5338983050847458,
      "avg_return": 0.001698522443324998,
      "median_return": 0.0018104127064435573,
      "compound_return": 0.3674971536630125,
      "max_drawdown": -0.33532732881077587,
      "profit_factor": 1.1900385855961368,
      "windows": 10
    },
    {
      "entry_policy": "all_days",
      "feature_group": "reversal_fundamental_regime",
      "model_name": "lgbm_leaves7_400",
      "target_hit_bps": 50.0,
      "trades": 282,
      "win_rate": 0.5319148936170213,
      "avg_return": 0.0013257448766013152,
      "median_return": 0.0018104127064435573,
      "compound_return": 0.28564348062371603,
      "max_drawdown": -0.4136117255040116,
      "profit_factor": 1.1360731101773978,
      "windows": 10
    },
    {
      "entry_policy": "all_days",
      "feature_group": "reversal_fundamental_regime_sector",
      "model_name": "lgbm_leaves7_400",
      "target_hit_bps": 50.0,
      "trades": 248,
      "win_rate": 0.5040322580645161,
      "avg_return": 0.0012520023807981366,
      "median_return": 0.00013263566353117,
      "compound_return": 0.2305828834205077,
      "max_drawdown": -0.4009080326518537,
      "profit_factor": 1.1294552599076388,
      "windows": 10
    },
    {
      "entry_policy": "all_days",
      "feature_group": "reversal_fundamental_regime_sector_external",
      "model_name": "lgbm_leaves7_400",
      "target_hit_bps": 50.0,
      "trades": 248,
      "win_rate": 0.5040322580645161,
      "avg_return": 0.0012520023807981366,
      "median_return": 0.00013263566353117,
      "compound_return": 0.2305828834205077,
      "max_drawdown": -0.4009080326518537,
      "profit_factor": 1.1294552599076388,
      "windows": 10
    },
    {
      "entry_policy": "all_days",
      "feature_group": "all_no_ak",
      "model_name": "random_forest_600_d4",
      "target_hit_bps": 50.0,
      "trades": 192,
      "win_rate": 0.5260416666666666,
      "avg_return": 0.001338044267573238,
      "median_return": 0.0017807099199508326,
      "compound_return": 0.17867554431991595,
      "max_drawdown": -0.35410076098628884,
      "profit_factor": 1.1285539716370336,
      "windows": 10
    },
    {
      "entry_policy": "all_days",
      "feature_group": "reversal_fundamental_regime_sector",
      "model_name": "xgb_d4_500_lr002_mcw5",
      "target_hit_bps": 50.0,
      "trades": 258,
      "win_rate": 0.49224806201550386,
      "avg_return": 0.0009826820364520468,
      "median_return": -0.0005609325090160065,
      "compound_return": 0.1541888515840517,
      "max_drawdown": -0.40634061110464026,
      "profit_factor": 1.102136988477525,
      "windows": 10
    },
    {
      "entry_policy": "all_days",
      "feature_group": "reversal_fundamental_regime_sector_external",
      "model_name": "xgb_d4_500_lr002_mcw5",
      "target_hit_bps": 50.0,
      "trades": 258,
      "win_rate": 0.49224806201550386,
      "avg_return": 0.0009826820364520468,
      "median_return": -0.0005609325090160065,
      "compound_return": 0.1541888515840517,
      "max_drawdown": -0.40634061110464026,
      "profit_factor": 1.102136988477525,
      "windows": 10
    },
    {
      "entry_policy": "all_days",
      "feature_group": "all_no_ak",
      "model_name": "extra_trees_600_d3",
      "target_hit_bps": 50.0,
      "trades": 239,
      "win_rate": 0.497907949790795,
      "avg_return": 0.00064876480080644,
      "median_return": -0.00043666666666674833,
      "compound_return": 0.03440903593567346,
      "max_drawdown": -0.40652101094244,
      "profit_factor": 1.0594252450185755,
      "windows": 10
    },
    {
      "entry_policy": "all_days",
      "feature_group": "reversal_fundamental_regime",
      "model_name": "xgb_d3_400_lr003_mcw3",
      "target_hit_bps": 50.0,
      "trades": 302,
      "win_rate": 0.5066225165562914,
      "avg_return": 0.0004209149539056408,
      "median_return": 0.00037039332607080935,
      "compound_return": 0.0022967619751599333,
      "max_drawdown": -0.49913930335779777,
      "profit_factor": 1.0422030467816001,
      "windows": 10
    },
    {
      "entry_policy": "all_days",
      "feature_group": "reversal_fundamental_regime",
      "model_name": "extra_trees_600_d3",
      "target_hit_bps": 50.0,
      "trades": 251,
      "win_rate": 0.5258964143426295,
      "avg_return": 0.00039813575058064655,
      "median_return": 0.0013390543259557165,
      "compound_return": -0.0173614085749495,
      "max_drawdown": -0.4431362576837621,
      "profit_factor": 1.0378349491995047,
      "windows": 10
    },
    {
      "entry_policy": "all_days",
      "feature_group": "reversal_fundamental_regime",
      "model_name": "lgbm_leaves15_700",
      "target_hit_bps": 50.0,
      "trades": 267,
      "win_rate": 0.5056179775280899,
      "avg_return": 0.00032402746486167574,
      "median_return": 0.00029728971962628484,
      "compound_return": -0.022722131214221064,
      "max_drawdown": -0.49681597507103636,
      "profit_factor": 1.0322250127965924,
      "windows": 10
    },
    {
      "entry_policy": "all_days",
      "feature_group": "reversal_fundamental_regime",
      "model_name": "xgb_d2_200_lr003_mcw5",
      "target_hit_bps": 50.0,
      "trades": 308,
      "win_rate": 0.5227272727272727,
      "avg_return": 0.0002259124049684183,
      "median_return": 0.0012152095733041247,
      "compound_return": -0.04816425810887026,
      "max_drawdown": -0.5151316491997624,
      "profit_factor": 1.0235240479762362,
      "windows": 10
    },
    {
      "entry_policy": "all_days",
      "feature_group": "reversal_fundamental_regime",
      "model_name": "xgb_d4_500_lr002_mcw5",
      "target_hit_bps": 50.0,
      "trades": 326,
      "win_rate": 0.49693251533742333,
      "avg_return": 0.00016886245975645072,
      "median_return": -0.00016999999999999999,
      "compound_return": -0.06036176516438918,
      "max_drawdown": -0.4829135032485974,
      "profit_factor": 1.0177025275057585,
      "windows": 10
    },
    {
      "entry_policy": "all_days",
      "feature_group": "reversal_fundamental_regime_sector",
      "model_name": "random_forest_600_d4",
      "target_hit_bps": 50.0,
      "trades": 256,
      "win_rate": 0.51953125,
      "avg_return": 2.038755242667208e-05,
      "median_return": 0.001247521859020221,
      "compound_return": -0.10032944247207554,
      "max_drawdown": -0.46572250537179494,
      "profit_factor": 1.0019585308630086,
      "windows": 10
    },
    {
      "entry_policy": "all_days",
      "feature_group": "reversal_fundamental_regime_sector_external",
      "model_name": "random_forest_600_d4",
      "target_hit_bps": 50.0,
      "trades": 256,
      "win_rate": 0.51953125,
      "avg_return": 2.038755242667208e-05,
      "median_return": 0.001247521859020221,
      "compound_return": -0.10032944247207554,
      "max_drawdown": -0.46572250537179494,
      "profit_factor": 1.0019585308630086,
      "windows": 10
    },
    {
      "entry_policy": "all_days",
      "feature_group": "reversal_fundamental_regime",
      "model_name": "random_forest_600_d4",
      "target_hit_bps": 50.0,
      "trades": 269,
      "win_rate": 0.5092936802973977,
      "avg_return": -0.0002744207983701415,
      "median_return": 0.00044349693251533387,
      "compound_return": -0.18296859660769327,
      "max_drawdown": -0.5576251713227014,
      "profit_factor": 0.9755439977227666,
      "windows": 10
    },
    {
      "entry_policy": "all_days",
      "feature_group": "reversal_fundamental_regime_sector",
      "model_name": "xgb_d2_200_lr003_mcw5",
      "target_hit_bps": 50.0,
      "trades": 209,
      "win_rate": 0.49760765550239233,
      "avg_return": -0.0007145202333432352,
      "median_return": -0.00016999999999999999,
      "compound_return": -0.21314117800579224,
      "max_drawdown": -0.4817035064206474,
      "profit_factor": 0.9308733667710121,
      "windows": 10
    }
  ]
}

[2026-05-18T16:42:08] RUN summarize
  /usr/bin/python3 model_training/summarize_nextday_search_results.py --pipeline-out /root/stock_realtime_v021_full/saved_data/603259_pipeline_out_v2_new27_full --out-dir /root/stock_realtime_v021_full/saved_data/603259_pipeline_out_v2_new27_full/99_summary --excel
{
  "rows": 192,
  "outputs": {
    "final_leaderboard": "/root/stock_realtime_v021_full/saved_data/603259_pipeline_out_v2_new27_full/99_summary/final_leaderboard.csv",
    "best_by_target_top5": "/root/stock_realtime_v021_full/saved_data/603259_pipeline_out_v2_new27_full/99_summary/best_by_target_top5.csv",
    "best_by_entry_policy_top5": "/root/stock_realtime_v021_full/saved_data/603259_pipeline_out_v2_new27_full/99_summary/best_by_entry_policy_top5.csv",
    "excel": "/root/stock_realtime_v021_full/saved_data/603259_pipeline_out_v2_new27_full/99_summary/final_leaderboard.xlsx",
    "summary_manifest": "/root/stock_realtime_v021_full/saved_data/603259_pipeline_out_v2_new27_full/99_summary/summary_manifest.json"
  }
}
=== nextday pipeline end: 2026-05-18T16:42:09 status=ok ===
