{
  "artifact_created_at": "2026-05-13T02:10:45",
  "stock_code": "600096.SH",
  "artifact_name": "nextday_all_days_hit80_xgb_d3_400_reversal_fundamental_regime_v1",
  "samples": "/root/stock_realtime_v021_full/saved_data/600096_pipeline_out/03_sector/training_samples_with_sector.csv",
  "intraday_bars": "/root/stock_realtime_v021_full/saved_data/600096_pipeline_out/00_base/600096_5m.csv",
  "feature_group": "reversal_fundamental_regime",
  "model_name": "xgb_d3_400_lr003_mcw3",
  "label_mode": "hit",
  "entry_policy": "all_days",
  "entry_vwap_premium_bps": 50.0,
  "label_col": "trade_hit_label",
  "return_col": "trade_target_or_close_return",
  "target_hit_bps": 80.0,
  "round_trip_cost_bps": 1.7,
  "threshold": 0.5807473361492156,
  "threshold_quantile": 0.7,
  "feature_count": 137,
  "rows": 1536,
  "train_rows_for_threshold": 1284,
  "valid_rows_for_threshold": 252,
  "final_train_entry_rows": 1536,
  "date_min": "2020-01-02",
  "date_max": "2026-05-11",
  "validation_tail_auc": 0.5228143504005573,
  "validation_tail_trade_metrics": {
    "trades": 76,
    "win_rate": 0.6842105263157895,
    "avg_return": -0.0004446892661011819,
    "median_return": 0.008,
    "compound_return": -0.04058462461518875,
    "max_drawdown": -0.10254232910047067,
    "profit_factor": 0.9245509448232369
  },
  "files": {
    "model": "saved_models/600096.SH/nextday_all_days_hit80_xgb_d3_400_reversal_fundamental_regime_v1/model.joblib",
    "feature_median": "saved_models/600096.SH/nextday_all_days_hit80_xgb_d3_400_reversal_fundamental_regime_v1/feature_median.csv",
    "feature_columns": "saved_models/600096.SH/nextday_all_days_hit80_xgb_d3_400_reversal_fundamental_regime_v1/feature_columns.txt",
    "validation_tail_predictions": "saved_models/600096.SH/nextday_all_days_hit80_xgb_d3_400_reversal_fundamental_regime_v1/validation_tail_predictions.csv",
    "metadata": "saved_models/600096.SH/nextday_all_days_hit80_xgb_d3_400_reversal_fundamental_regime_v1/metadata.json"
  },
  "usage_note": "This artifact is stock-specific. Use only for 600096.SH with the same feature-building pipeline."
}
