{
  "artifact_created_at": "2026-05-13T02:20:19",
  "stock_code": "601985.SH",
  "artifact_name": "nextday_all_days_close_profit_extra_trees_reversal_fundamental_regime_v1",
  "samples": "/root/stock_realtime_v021_full/saved_data/601985_pipeline_out/03_sector/training_samples_with_sector.csv",
  "intraday_bars": "/root/stock_realtime_v021_full/saved_data/601985_pipeline_out/00_base/601985_5m.csv",
  "feature_group": "reversal_fundamental_regime",
  "model_name": "extra_trees_600_d3",
  "label_mode": "close_profit",
  "entry_policy": "all_days",
  "entry_vwap_premium_bps": 50.0,
  "label_col": "trade_close_profit_label",
  "return_col": "trade_net_close_return",
  "target_hit_bps": 50.0,
  "round_trip_cost_bps": 1.7,
  "threshold": 0.49687859792794065,
  "threshold_quantile": 0.5,
  "feature_count": 137,
  "rows": 1536,
  "train_rows_for_threshold": 1284,
  "valid_rows_for_threshold": 252,
  "final_train_entry_rows": 1536,
  "date_min": "2020-01-02",
  "date_max": "2026-05-11",
  "validation_tail_auc": 0.5205118312757202,
  "validation_tail_trade_metrics": {
    "trades": 126,
    "win_rate": 0.46825396825396826,
    "avg_return": 0.00023519514296240304,
    "median_return": -0.00016999999999999999,
    "compound_return": 0.025841135872676446,
    "max_drawdown": -0.06457460901709877,
    "profit_factor": 1.081444103268831
  },
  "files": {
    "model": "saved_models/601985.SH/nextday_all_days_close_profit_extra_trees_reversal_fundamental_regime_v1/model.joblib",
    "feature_median": "saved_models/601985.SH/nextday_all_days_close_profit_extra_trees_reversal_fundamental_regime_v1/feature_median.csv",
    "feature_columns": "saved_models/601985.SH/nextday_all_days_close_profit_extra_trees_reversal_fundamental_regime_v1/feature_columns.txt",
    "validation_tail_predictions": "saved_models/601985.SH/nextday_all_days_close_profit_extra_trees_reversal_fundamental_regime_v1/validation_tail_predictions.csv",
    "metadata": "saved_models/601985.SH/nextday_all_days_close_profit_extra_trees_reversal_fundamental_regime_v1/metadata.json"
  },
  "usage_note": "This artifact is stock-specific. Use only for 601985.SH with the same feature-building pipeline."
}
