{
  "artifact_created_at": "2026-05-13T02:11:19",
  "stock_code": "002311.SZ",
  "artifact_name": "nextday_vwap_low_close_profit_xgb_d3_600_reversal_fundamental_regime_sector_v1",
  "samples": "/root/stock_realtime_v021_full/saved_data/002311_pipeline_out/03_sector/training_samples_with_sector.csv",
  "intraday_bars": "/root/stock_realtime_v021_full/saved_data/002311_pipeline_out/00_base/002311_5m.csv",
  "feature_group": "reversal_fundamental_regime_sector",
  "model_name": "xgb_d3_600_lr002_mcw3",
  "label_mode": "close_profit",
  "entry_policy": "vwap_low",
  "entry_vwap_premium_bps": 50.0,
  "label_col": "trade_close_profit_label",
  "return_col": "trade_net_close_return",
  "target_hit_bps": 50.0,
  "round_trip_cost_bps": 1.7,
  "threshold": 0.5425019145011902,
  "threshold_quantile": 0.8,
  "feature_count": 160,
  "rows": 1536,
  "train_rows_for_threshold": 1284,
  "valid_rows_for_threshold": 252,
  "final_train_entry_rows": 1506,
  "date_min": "2020-01-02",
  "date_max": "2026-05-11",
  "validation_tail_auc": 0.5133568548387096,
  "validation_tail_trade_metrics": {
    "trades": 45,
    "win_rate": 0.5777777777777777,
    "avg_return": 0.003070555981427102,
    "median_return": 0.002056408631615051,
    "compound_return": 0.13931720116412594,
    "max_drawdown": -0.07928480872873211,
    "profit_factor": 1.5633923172712825
  },
  "files": {
    "model": "saved_models/002311.SZ/nextday_vwap_low_close_profit_xgb_d3_600_reversal_fundamental_regime_sector_v1/model.joblib",
    "feature_median": "saved_models/002311.SZ/nextday_vwap_low_close_profit_xgb_d3_600_reversal_fundamental_regime_sector_v1/feature_median.csv",
    "feature_columns": "saved_models/002311.SZ/nextday_vwap_low_close_profit_xgb_d3_600_reversal_fundamental_regime_sector_v1/feature_columns.txt",
    "validation_tail_predictions": "saved_models/002311.SZ/nextday_vwap_low_close_profit_xgb_d3_600_reversal_fundamental_regime_sector_v1/validation_tail_predictions.csv",
    "metadata": "saved_models/002311.SZ/nextday_vwap_low_close_profit_xgb_d3_600_reversal_fundamental_regime_sector_v1/metadata.json"
  },
  "usage_note": "This artifact is stock-specific. Use only for 002311.SZ with the same feature-building pipeline."
}
