{
  "artifact_created_at": "2026-05-13T02:09:03",
  "stock_code": "603308.SH",
  "artifact_name": "nextday_all_days_close_profit_xgb_d4_reversal_fundamental_regime_sector_v1",
  "samples": "/root/stock_realtime_v021_full/saved_data/603308_pipeline_out/03_sector/training_samples_with_sector.csv",
  "intraday_bars": "/root/stock_realtime_v021_full/saved_data/603308_pipeline_out/00_base/603308_5m.csv",
  "feature_group": "reversal_fundamental_regime_sector",
  "model_name": "xgb_d4_500_lr002_mcw5",
  "label_mode": "close_profit",
  "entry_policy": "all_days",
  "entry_vwap_premium_bps": 50.0,
  "label_col": "trade_close_profit_label",
  "return_col": "trade_net_close_return",
  "target_hit_bps": 50.0,
  "round_trip_cost_bps": 1.7,
  "threshold": 0.30950190126895905,
  "threshold_quantile": 0.5,
  "feature_count": 160,
  "rows": 1536,
  "train_rows_for_threshold": 1284,
  "valid_rows_for_threshold": 252,
  "final_train_entry_rows": 1536,
  "date_min": "2020-01-02",
  "date_max": "2026-05-11",
  "validation_tail_auc": 0.5833543346774194,
  "validation_tail_trade_metrics": {
    "trades": 126,
    "win_rate": 0.5952380952380952,
    "avg_return": 0.010729108214879527,
    "median_return": 0.00578902838712592,
    "compound_return": 2.573252844614817,
    "max_drawdown": -0.11094602917969842,
    "profit_factor": 2.2652253040622723
  },
  "files": {
    "model": "saved_models/603308.SH/nextday_all_days_close_profit_xgb_d4_reversal_fundamental_regime_sector_v1/model.joblib",
    "feature_median": "saved_models/603308.SH/nextday_all_days_close_profit_xgb_d4_reversal_fundamental_regime_sector_v1/feature_median.csv",
    "feature_columns": "saved_models/603308.SH/nextday_all_days_close_profit_xgb_d4_reversal_fundamental_regime_sector_v1/feature_columns.txt",
    "validation_tail_predictions": "saved_models/603308.SH/nextday_all_days_close_profit_xgb_d4_reversal_fundamental_regime_sector_v1/validation_tail_predictions.csv",
    "metadata": "saved_models/603308.SH/nextday_all_days_close_profit_xgb_d4_reversal_fundamental_regime_sector_v1/metadata.json"
  },
  "usage_note": "This artifact is stock-specific. Use only for 603308.SH with the same feature-building pipeline."
}
