=== nextday pipeline start: 2026-05-12T06:26:08 ===
symbol=601138.SH, out_root=/root/workspace/stock_realtime_v021_full/saved_data/601138_pipeline_out_v2_all14

[2026-05-12T06:26:08] RUN update_data
  /usr/bin/python3 bootstrap/ashare_xgb_dual_opportunity_regression_baostock_full_v19_compressed_trading_axis.py --mode update_data --symbol 601138 --benchmark_symbol 000300 --daily_start 2018-01-01 --daily_end 2026-05-12 --intraday_start '2018-01-01 09:30:00' --intraday_end '2026-05-12 15:00:00' --output_dir /root/workspace/stock_realtime_v021_full/saved_data/601138_pipeline_out_v2_all14/00_base --cache_mode incremental --feature_cache_mode incremental --adjust qfq
/root/workspace/stock_realtime_v021_full/bootstrap/ashare_fetch_and_train_xgb_sell_signal_baostock_state_cache_helper_fix2.py:246: FutureWarning: The behavior of DataFrame concatenation with empty or all-NA entries is deprecated. In a future version, this will no longer exclude empty or all-NA columns when determining the result dtypes. To retain the old behavior, exclude the relevant entries before the concat operation.
  merged = _normalize_daily_df(pd.concat([df_old, df_new], axis=0, ignore_index=True))
/root/workspace/stock_realtime_v021_full/bootstrap/ashare_fetch_and_train_xgb_sell_signal_baostock_state_cache_helper_fix2.py:248: FutureWarning: The behavior of DataFrame concatenation with empty or all-NA entries is deprecated. In a future version, this will no longer exclude empty or all-NA columns when determining the result dtypes. To retain the old behavior, exclude the relevant entries before the concat operation.
  merged = _normalize_intraday_df(pd.concat([df_old, df_new], axis=0, ignore_index=True))
/root/workspace/stock_realtime_v021_full/bootstrap/ashare_fetch_and_train_xgb_sell_signal_baostock_state_cache_helper_fix2.py:254: FutureWarning: The behavior of DataFrame concatenation with empty or all-NA entries is deprecated. In a future version, this will no longer exclude empty or all-NA columns when determining the result dtypes. To retain the old behavior, exclude the relevant entries before the concat operation.
  merged = _normalize_bench_df(pd.concat([df_old, df_new], axis=0, ignore_index=True))
/root/workspace/stock_realtime_v021_full/bootstrap/ashare_fetch_and_train_xgb_sell_signal_baostock_state_cache_helper_fix2.py:250: FutureWarning: The behavior of DataFrame concatenation with empty or all-NA entries is deprecated. In a future version, this will no longer exclude empty or all-NA columns when determining the result dtypes. To retain the old behavior, exclude the relevant entries before the concat operation.
  merged = _normalize_daily_feature_df(pd.concat([df_old, df_new], axis=0, ignore_index=True))
/root/workspace/stock_realtime_v021_full/bootstrap/ashare_fetch_and_train_xgb_sell_signal_baostock_state_cache_helper_fix2.py:252: FutureWarning: The behavior of DataFrame concatenation with empty or all-NA entries is deprecated. In a future version, this will no longer exclude empty or all-NA columns when determining the result dtypes. To retain the old behavior, exclude the relevant entries before the concat operation.
  merged = _normalize_intraday_feature_df(pd.concat([df_old, df_new], axis=0, ignore_index=True))
login success!
logout success!
login success!
logout success!
login success!
logout success!
{
  "mode": "update_data",
  "symbol": "601138",
  "data_source": "baostock",
  "daily_rows": 1919,
  "intraday_rows": 73728,
  "daily_min": "2018-06-08 00:00:00",
  "daily_max": "2026-05-11 00:00:00",
  "intraday_min": "2020-01-02 09:35:00",
  "intraday_max": "2026-05-11 15:00:00",
  "base_paths": {
    "daily_csv": "/root/workspace/stock_realtime_v021_full/saved_data/601138_pipeline_out_v2_all14/00_base/601138_daily.csv",
    "intraday_csv": "/root/workspace/stock_realtime_v021_full/saved_data/601138_pipeline_out_v2_all14/00_base/601138_5m.csv",
    "benchmark_csv": "/root/workspace/stock_realtime_v021_full/saved_data/601138_pipeline_out_v2_all14/00_base/000300_benchmark_daily.csv",
    "raw_daily_cache_csv": "/root/workspace/stock_realtime_v021_full/saved_data/601138_pipeline_out_v2_all14/00_base/raw_cache/601138_daily_raw.csv",
    "raw_intraday_cache_csv": "/root/workspace/stock_realtime_v021_full/saved_data/601138_pipeline_out_v2_all14/00_base/raw_cache/601138_5m_raw.csv",
    "raw_benchmark_cache_csv": "/root/workspace/stock_realtime_v021_full/saved_data/601138_pipeline_out_v2_all14/00_base/raw_cache/000300_benchmark_daily_raw.csv",
    "daily_features_csv": "/root/workspace/stock_realtime_v021_full/saved_data/601138_pipeline_out_v2_all14/00_base/daily_features.csv",
    "intraday_features_csv": "/root/workspace/stock_realtime_v021_full/saved_data/601138_pipeline_out_v2_all14/00_base/intraday_features.csv",
    "daily_features_cache_csv": "/root/workspace/stock_realtime_v021_full/saved_data/601138_pipeline_out_v2_all14/00_base/feature_cache/daily_features_cache.csv",
    "intraday_features_cache_csv": "/root/workspace/stock_realtime_v021_full/saved_data/601138_pipeline_out_v2_all14/00_base/feature_cache/intraday_features_cache.csv",
    "feature_state_json": "/root/workspace/stock_realtime_v021_full/saved_data/601138_pipeline_out_v2_all14/00_base/feature_cache/feature_state.json"
  },
  "fetch_logs": {
    "symbol": "601138",
    "benchmark_symbol": "000300",
    "daily_start": "2018-01-01",
    "daily_end": "2026-05-12",
    "intraday_start": "2018-01-01 09:30:00",
    "intraday_end": "2026-05-12 15:00:00",
    "perf_start": "2018-01-01",
    "data_source": "baostock",
    "cache_mode": "incremental",
    "force_refresh": false,
    "raw_cache_dir": "/root/workspace/stock_realtime_v021_full/saved_data/601138_pipeline_out_v2_all14/00_base/raw_cache",
    "feature_cache_dir": "/root/workspace/stock_realtime_v021_full/saved_data/601138_pipeline_out_v2_all14/00_base/feature_cache",
    "feature_cache_mode": "incremental",
    "daily": {
      "cache_path": "/root/workspace/stock_realtime_v021_full/saved_data/601138_pipeline_out_v2_all14/00_base/raw_cache/601138_daily_raw.csv",
      "requested_start": "2018-01-01",
      "requested_end": "2026-05-12",
      "mode": "initial_fetch",
      "fetch_segments": [
        {
          "provider": "baostock",
          "code": "sh.601138",
          "adjustflag": "2",
          "rows": 1919,
          "start": "2018-01-01",
          "end": "2026-05-12"
        }
      ],
      "cache_after": {
        "rows": 1919,
        "min": "2018-06-08 00:00:00",
        "max": "2026-05-11 00:00:00"
      }
    },
    "intraday_5m": {
      "cache_path": "/root/workspace/stock_realtime_v021_full/saved_data/601138_pipeline_out_v2_all14/00_base/raw_cache/601138_5m_raw.csv",
      "requested_start": "2018-01-01 09:30:00",
      "requested_end": "2026-05-12 15:00:00",
      "mode": "initial_fetch",
      "fetch_segments": [
        {
          "provider": "baostock",
          "code": "sh.601138",
          "adjustflag": "2",
          "requested_start": "2018-01-01 09:30:00",
          "effective_start": "2018-01-01 09:30:00",
          "requested_end": "2026-05-12 15:00:00",
          "rows": 73728
        }
      ],
      "cache_after": {
        "rows": 73728,
        "min": "2020-01-02 09:35:00",
        "max": "2026-05-11 15:00:00"
      }
    },
    "benchmark_daily": {
      "cache_path": "/root/workspace/stock_realtime_v021_full/saved_data/601138_pipeline_out_v2_all14/00_base/raw_cache/000300_benchmark_daily_raw.csv",
      "requested_start": "2018-01-01",
      "requested_end": "2026-05-12",
      "mode": "initial_fetch",
      "fetch_segments": [
        {
          "provider": "baostock",
          "code": "sh.000300",
          "rows": 2023,
          "start": "2018-01-01",
          "end": "2026-05-12"
        }
      ],
      "cache_after": {
        "rows": 2023,
        "min": "2018-01-02 00:00:00",
        "max": "2026-05-11 00:00:00"
      }
    },
    "feature_build": {
      "mode": "full_rebuild",
      "reason": "feature_cache_missing",
      "daily_cache_after": {
        "rows": 1919,
        "min": "2018-06-08 00:00:00",
        "max": "2026-05-11 00:00:00"
      },
      "intraday_cache_after": {
        "rows": 73728,
        "min": "2020-01-02 09:35:00",
        "max": "2026-05-11 15:00:00"
      },
      "daily_context_days": 260,
      "intraday_context_days": 40,
      "daily_appended_rows": 1919,
      "intraday_appended_rows": 73728
    },
    "feature_state": {
      "daily_feature_max": "2026-05-11 00:00:00",
      "intraday_feature_max": "2026-05-11 15:00:00",
      "daily_context_days": 260,
      "intraday_context_days": 40,
      "feature_build_mode": "full_rebuild"
    }
  }
}

[2026-05-12T06:28:15] RUN samples
  /usr/bin/python3 feature_building/build_nextday_samples_from_baostock.py --daily-features /root/workspace/stock_realtime_v021_full/saved_data/601138_pipeline_out_v2_all14/00_base/daily_features.csv --intraday-bars /root/workspace/stock_realtime_v021_full/saved_data/601138_pipeline_out_v2_all14/00_base/601138_5m.csv --out-dir /root/workspace/stock_realtime_v021_full/saved_data/601138_pipeline_out_v2_all14/01_samples --min-bars 40 --keep-unlabeled-tail
{
  "rows": 1536,
  "date_min": "2020-01-02",
  "date_max": "2026-05-11",
  "out": "/root/workspace/stock_realtime_v021_full/saved_data/601138_pipeline_out_v2_all14/01_samples/training_samples.csv"
}

[2026-05-12T06:28:16] RUN fundamental
  /usr/bin/python3 feature_building/build_fundamental_features.py --symbol 601138.SH --daily-samples /root/workspace/stock_realtime_v021_full/saved_data/601138_pipeline_out_v2_all14/01_samples/training_samples.csv --out-dir /root/workspace/stock_realtime_v021_full/saved_data/601138_pipeline_out_v2_all14/02_fundamental --start-date 2018-01-01 --end-date 2026-05-12 --fallback-lag-days 120
login success!
logout success!
{
  "rows": 1536,
  "date_min": "2020-01-02",
  "date_max": "2026-05-11",
  "source_errors": [],
  "top_missing_rates": {
    "ak_fund_小单净流入-净额_sum10": 0.9244791666666666,
    "ak_fund_主力净流入-净额_sum10": 0.9244791666666666,
    "ak_fund_主力净流入-净占比_sum10": 0.9244791666666666,
    "ak_fund_涨跌幅_sum10": 0.9244791666666666,
    "ak_fund_收盘价_sum10": 0.9244791666666666,
    "ak_fund_中单净流入-净额_sum10": 0.9244791666666666,
    "ak_fund_中单净流入-净占比_sum10": 0.9244791666666666,
    "ak_fund_小单净流入-净占比_sum10": 0.9244791666666666,
    "ak_fund_超大单净流入-净额_sum10": 0.9244791666666666,
    "ak_fund_大单净流入-净额_sum10": 0.9244791666666666,
    "ak_fund_大单净流入-净占比_sum10": 0.9244791666666666,
    "ak_fund_超大单净流入-净占比_sum10": 0.9244791666666666,
    "ak_fund_涨跌幅_sum5": 0.9231770833333334,
    "ak_fund_主力净流入-净占比_sum5": 0.9231770833333334,
    "ak_fund_主力净流入-净额_sum5": 0.9231770833333334,
    "ak_fund_收盘价_sum5": 0.9231770833333334,
    "ak_fund_超大单净流入-净占比_sum5": 0.9231770833333334,
    "ak_fund_中单净流入-净占比_sum5": 0.9231770833333334,
    "ak_fund_中单净流入-净额_sum5": 0.9231770833333334,
    "ak_fund_小单净流入-净额_sum5": 0.9231770833333334,
    "ak_fund_小单净流入-净占比_sum5": 0.9231770833333334,
    "ak_fund_大单净流入-净占比_sum5": 0.9231770833333334,
    "ak_fund_大单净流入-净额_sum5": 0.9231770833333334,
    "ak_fund_超大单净流入-净额_sum5": 0.9231770833333334,
    "ak_fund_大单净流入-净额": 0.921875,
    "ak_fund_超大单净流入-净占比": 0.921875,
    "ak_fund_超大单净流入-净额": 0.921875,
    "ak_fund_收盘价": 0.921875,
    "ak_fund_涨跌幅": 0.921875,
    "ak_fund_中单净流入-净额": 0.921875
  },
  "valuation_non_null": {
    "peTTM": 1536,
    "pbMRQ": 1536,
    "psTTM": 1536,
    "pcfNcfTTM": 1536
  },
  "future_effective_date_violations": 0,
  "rows_with_quarterly": 1536,
  "sample_rows": 1536,
  "quarterly_raw_rows": 33,
  "quarterly_used_pubDate_rows": 33,
  "quarterly_fallback_rows": 0,
  "elapsed_seconds": 24.045,
  "symbol": "601138",
  "baostock_code": "sh.601138",
  "valuation_rows": 1919,
  "fund_flow_rows": 120,
  "feature_columns": 125,
  "merged_columns": 194,
  "outputs": {
    "daily_valuation": "/root/workspace/stock_realtime_v021_full/saved_data/601138_pipeline_out_v2_all14/02_fundamental/baostock_daily_valuation.csv",
    "quarterly_fundamentals": "/root/workspace/stock_realtime_v021_full/saved_data/601138_pipeline_out_v2_all14/02_fundamental/baostock_quarterly_fundamentals_pit.csv",
    "fundamental_features": "/root/workspace/stock_realtime_v021_full/saved_data/601138_pipeline_out_v2_all14/02_fundamental/fundamental_features.csv",
    "merged_samples": "/root/workspace/stock_realtime_v021_full/saved_data/601138_pipeline_out_v2_all14/02_fundamental/training_samples_with_fundamentals.csv"
  }
}

[2026-05-12T06:28:41] RUN sector
  /usr/bin/python3 feature_building/build_sector_features.py --samples /root/workspace/stock_realtime_v021_full/saved_data/601138_pipeline_out_v2_all14/02_fundamental/training_samples_with_fundamentals.csv --out-dir /root/workspace/stock_realtime_v021_full/saved_data/601138_pipeline_out_v2_all14/03_sector --sector-symbol '消费电子' --start-date 2018-01-01 --end-date 2026-05-12

  0%|          | 0/9 [00:00<?, ?it/s]
 11%|█         | 1/9 [00:00<00:02,  3.87it/s]
 22%|██▏       | 2/9 [00:00<00:01,  4.03it/s]
 33%|███▎      | 3/9 [00:00<00:01,  4.23it/s]
 44%|████▍     | 4/9 [00:00<00:01,  4.17it/s]
 56%|█████▌    | 5/9 [00:01<00:00,  4.28it/s]
 67%|██████▋   | 6/9 [00:01<00:00,  4.30it/s]
 78%|███████▊  | 7/9 [00:01<00:00,  4.23it/s]
 89%|████████▉ | 8/9 [00:01<00:00,  4.24it/s]
100%|██████████| 9/9 [00:02<00:00,  4.22it/s]
                                             
{
  "sector_symbol": "消费电子",
  "sector_rows": 2023,
  "sector_date_min": "2018-01-02",
  "sector_date_max": "2026-05-11",
  "sample_rows": 1536,
  "merged_rows": 1536,
  "sector_feature_cols": 23,
  "top_missing": {
    "sector_ret60": 0.0390625,
    "sector_ma60_gap": 0.01953125,
    "stock_vs_sector_ret20": 0.013020833333333334,
    "sector_ret20": 0.013020833333333334,
    "sector_vol20": 0.007161458333333333,
    "sector_ma20_gap": 0.006510416666666667,
    "sector_range_z20": 0.006510416666666667,
    "sector_volume_shock20": 0.006510416666666667,
    "sector_amount_z20": 0.006510416666666667,
    "sector_volume_z20": 0.006510416666666667,
    "sector_amount_shock20": 0.006510416666666667,
    "sector_ret5": 0.0032552083333333335,
    "stock_vs_sector_ret5": 0.0032552083333333335,
    "sector_vs_bench_ret5": 0.0032552083333333335,
    "stock_vs_sector_ret1": 0.0006510416666666666,
    "sector_ret1": 0.0006510416666666666,
    "sector_amount": 0.0,
    "sector_volume": 0.0,
    "sector_close": 0.0,
    "sector_low": 0.0
  },
  "outputs": {
    "sector_index": "/root/workspace/stock_realtime_v021_full/saved_data/601138_pipeline_out_v2_all14/03_sector/sector_index_ths.csv",
    "sector_features": "/root/workspace/stock_realtime_v021_full/saved_data/601138_pipeline_out_v2_all14/03_sector/sector_features.csv",
    "merged_samples": "/root/workspace/stock_realtime_v021_full/saved_data/601138_pipeline_out_v2_all14/03_sector/training_samples_with_sector.csv"
  }
}

[2026-05-12T06:28:44] RUN external_ai_compute
  /usr/bin/python3 feature_building/build_stock_external_features.py --samples /root/workspace/stock_realtime_v021_full/saved_data/601138_pipeline_out_v2_all14/03_sector/training_samples_with_sector.csv --out-dir /root/workspace/stock_realtime_v021_full/saved_data/601138_pipeline_out_v2_all14/04_external/ai_compute --profile ai_compute --target-symbol 601138.SH --start-date 2018-01-01 --end-date 2026-05-12 --adjust qfq --domestic-lag-days 0 --future-lag-days 1 --us-lag-days 1 --enable-us-yf
login success!

  0%|          | 0/9 [00:00<?, ?it/s]
 11%|█         | 1/9 [00:00<00:02,  3.48it/s]
 22%|██▏       | 2/9 [00:00<00:01,  3.64it/s]
 33%|███▎      | 3/9 [00:00<00:01,  3.83it/s]
 44%|████▍     | 4/9 [00:01<00:01,  3.64it/s]
 56%|█████▌    | 5/9 [00:01<00:01,  3.82it/s]
 67%|██████▋   | 6/9 [00:01<00:00,  4.04it/s]
 78%|███████▊  | 7/9 [00:01<00:00,  4.12it/s]
 89%|████████▉ | 8/9 [00:02<00:00,  3.87it/s]
100%|██████████| 9/9 [00:02<00:00,  3.89it/s]
                                             

  0%|          | 0/9 [00:00<?, ?it/s]
 11%|█         | 1/9 [00:00<00:01,  4.35it/s]
 22%|██▏       | 2/9 [00:00<00:01,  3.90it/s]
 33%|███▎      | 3/9 [00:00<00:01,  3.85it/s]
 44%|████▍     | 4/9 [00:01<00:01,  3.81it/s]
 56%|█████▌    | 5/9 [00:01<00:01,  3.83it/s]
 67%|██████▋   | 6/9 [00:01<00:00,  3.70it/s]
 78%|███████▊  | 7/9 [00:01<00:00,  3.77it/s]
 89%|████████▉ | 8/9 [00:02<00:00,  3.66it/s]
100%|██████████| 9/9 [00:02<00:00,  3.78it/s]
                                             

  0%|          | 0/9 [00:00<?, ?it/s]
 11%|█         | 1/9 [00:00<00:01,  4.40it/s]
 22%|██▏       | 2/9 [00:00<00:01,  4.07it/s]
 33%|███▎      | 3/9 [00:00<00:01,  4.15it/s]
 44%|████▍     | 4/9 [00:00<00:01,  3.98it/s]
 56%|█████▌    | 5/9 [00:01<00:00,  4.14it/s]
 67%|██████▋   | 6/9 [00:01<00:00,  3.94it/s]
 78%|███████▊  | 7/9 [00:01<00:00,  3.92it/s]
 89%|████████▉ | 8/9 [00:01<00:00,  4.06it/s]
100%|██████████| 9/9 [00:02<00:00,  4.15it/s]
                                             
1 Failed download:
['NVDA']: YFRateLimitError('Too Many Requests. Rate limited. Try after a while.')

1 Failed download:
['AMD']: YFRateLimitError('Too Many Requests. Rate limited. Try after a while.')

1 Failed download:
['AVGO']: YFRateLimitError('Too Many Requests. Rate limited. Try after a while.')

1 Failed download:
['SMCI']: YFRateLimitError('Too Many Requests. Rate limited. Try after a while.')

1 Failed download:
['DELL']: YFRateLimitError('Too Many Requests. Rate limited. Try after a while.')

1 Failed download:
['MSFT']: YFRateLimitError('Too Many Requests. Rate limited. Try after a while.')

1 Failed download:
['AMZN']: YFRateLimitError('Too Many Requests. Rate limited. Try after a while.')

1 Failed download:
['GOOGL']: YFRateLimitError('Too Many Requests. Rate limited. Try after a while.')

1 Failed download:
['META']: YFRateLimitError('Too Many Requests. Rate limited. Try after a while.')

1 Failed download:
['^IXIC']: YFRateLimitError('Too Many Requests. Rate limited. Try after a while.')

1 Failed download:
['^GSPC']: YFRateLimitError('Too Many Requests. Rate limited. Try after a while.')

1 Failed download:
['^SOX']: YFRateLimitError('Too Many Requests. Rate limited. Try after a while.')
{
  "profile": "ai_compute",
  "description": "AI compute/server/cloud-capex proxy for 工业富联",
  "sample_rows": 1536,
  "merged_rows": 1536,
  "raw_rows": 2023,
  "raw_date_min": "2018-01-02",
  "raw_date_max": "2026-05-11",
  "lag_days_legacy": null,
  "lag_policy": {
    "domestic": 0,
    "futures": 1,
    "us": 1
  },
  "enable_us_yf": true,
  "feature_cols": 467,
  "source_meta": {
    "profile": {
      "key": "ai_compute",
      "prefix": "ai",
      "description": "AI compute/server/cloud-capex proxy for 工业富联",
      "stocks": [
        "300308",
        "300502",
        "300394",
        "002463",
        "603019",
        "000977",
        "000938"
      ],
      "etfs": [
        "512480",
        "159995",
        "515050",
        "159819"
      ],
      "futures": [
        "CU0",
        "AL0"
      ],
      "boards": [
        "半导体",
        "通信设备",
        "消费电子"
      ],
      "us_tickers": [
        "NVDA",
        "AMD",
        "AVGO",
        "SMCI",
        "DELL",
        "MSFT",
        "AMZN",
        "GOOGL",
        "META",
        "^IXIC",
        "^GSPC",
        "^SOX"
      ]
    },
    "used": {
      "stocks": [
        "300308",
        "300502",
        "300394",
        "002463",
        "603019",
        "000977",
        "000938"
      ],
      "etfs": [
        "512480",
        "159995",
        "515050",
        "159819"
      ],
      "futures": [
        "CU0",
        "AL0"
      ],
      "boards": [
        "半导体",
        "通信设备",
        "消费电子"
      ],
      "us_yf": []
    },
    "start_date": "20180101",
    "end_date": "20260512",
    "target_symbol_excluded": "601138",
    "em_sources_used": false,
    "baostock_cache_dir": "/root/workspace/stock_realtime_v021_full/saved_data/601138_pipeline_out_v2_all14/04_external/ai_compute/baostock_external_cache",
    "us_yfinance_enabled": true
  },
  "errors": {
    "us_yf_NVDA": "empty",
    "us_yf_AMD": "empty",
    "us_yf_AVGO": "empty",
    "us_yf_SMCI": "empty",
    "us_yf_DELL": "empty",
    "us_yf_MSFT": "empty",
    "us_yf_AMZN": "empty",
    "us_yf_GOOGL": "empty",
    "us_yf_META": "empty",
    "us_yf_^IXIC": "empty",
    "us_yf_^GSPC": "empty",
    "us_yf_^SOX": "empty"
  },
  "top_missing": {
    "ai_etf_159819_range_pct_ret60": 0.986328125,
    "ai_etf_basket_close_ret60": 0.986328125,
    "ai_etf_515050_range_pct_ret60": 0.986328125,
    "ai_etf_515050_close_ret60": 0.986328125,
    "ai_etf_159995_close_ret60": 0.986328125,
    "ai_etf_159819_close_ret60": 0.986328125,
    "ai_etf_512480_range_pct_ret60": 0.986328125,
    "ai_etf_159995_range_pct_ret60": 0.986328125,
    "ai_etf_512480_close_ret60": 0.986328125,
    "ai_etf_159819_close_ret20": 0.9602864583333334,
    "ai_etf_159819_range_pct_z60": 0.9602864583333334,
    "ai_etf_515050_close_z60": 0.9602864583333334,
    "ai_etf_basket_close_ret20": 0.9602864583333334,
    "ai_etf_basket_close_z60": 0.9602864583333334,
    "ai_etf_515050_range_pct_ret20": 0.9602864583333334,
    "ai_etf_159995_close_ret20": 0.9602864583333334,
    "ai_etf_159995_close_z60": 0.9602864583333334,
    "ai_etf_159995_range_pct_ret20": 0.9602864583333334,
    "ai_etf_512480_range_pct_ret20": 0.9602864583333334,
    "ai_etf_512480_close_z60": 0.9602864583333334,
    "ai_etf_512480_range_pct_z60": 0.9602864583333334,
    "ai_etf_512480_close_ret20": 0.9602864583333334,
    "ai_etf_159995_range_pct_z60": 0.9602864583333334,
    "ai_etf_515050_close_ret20": 0.9602864583333334,
    "ai_etf_159819_range_pct_ret20": 0.9602864583333334,
    "ai_etf_159819_close_z60": 0.9602864583333334,
    "ai_etf_515050_range_pct_z60": 0.9602864583333334,
    "ai_stock_vs_etf_basket_ret20": 0.9602864583333334,
    "ai_etf_basket_close_vol20": 0.9544270833333334,
    "ai_etf_515050_close_vol20": 0.9544270833333334,
    "ai_etf_512480_close_vol20": 0.9544270833333334,
    "ai_etf_159995_close_vol20": 0.9544270833333334,
    "ai_etf_159819_close_vol20": 0.9544270833333334,
    "ai_etf_515050_range_pct_ma20_gap": 0.9537760416666666,
    "ai_etf_515050_volume_shock20": 0.9537760416666666,
    "ai_etf_159995_volume_z20": 0.9537760416666666,
    "ai_etf_159995_close_ma20_gap": 0.9537760416666666,
    "ai_etf_159995_range_pct_ma20_gap": 0.9537760416666666,
    "ai_etf_512480_volume_shock20": 0.9537760416666666,
    "ai_etf_512480_close_ma20_gap": 0.9537760416666666,
    "ai_etf_512480_range_pct_ma20_gap": 0.9537760416666666,
    "ai_etf_512480_range_pct_z20": 0.9537760416666666,
    "ai_etf_512480_close_z20": 0.9537760416666666,
    "ai_etf_159995_range_pct_z20": 0.9537760416666666,
    "ai_etf_159995_close_z20": 0.9537760416666666,
    "ai_etf_512480_volume_z20": 0.9537760416666666,
    "ai_etf_159995_volume_shock20": 0.9537760416666666,
    "ai_etf_515050_range_pct_z20": 0.9537760416666666,
    "ai_etf_515050_close_z20": 0.9537760416666666,
    "ai_etf_515050_close_ma20_gap": 0.9537760416666666
  },
  "outputs": {
    "features": "/root/workspace/stock_realtime_v021_full/saved_data/601138_pipeline_out_v2_all14/04_external/ai_compute/stock_external_features_ai_compute.csv",
    "merged_samples": "/root/workspace/stock_realtime_v021_full/saved_data/601138_pipeline_out_v2_all14/04_external/ai_compute/training_samples_with_ai_compute_external.csv",
    "report": "/root/workspace/stock_realtime_v021_full/saved_data/601138_pipeline_out_v2_all14/04_external/ai_compute/validation_report.json"
  }
}
logout success!
[INFO] final samples for search: /root/workspace/stock_realtime_v021_full/saved_data/601138_pipeline_out_v2_all14/04_external/ai_compute/training_samples_with_ai_compute_external.csv

[2026-05-12T06:29:19] RUN search_vwap_low_hit_50bps
  /usr/bin/python3 model_training/search_walk_forward_model_complexity.py --samples /root/workspace/stock_realtime_v021_full/saved_data/601138_pipeline_out_v2_all14/04_external/ai_compute/training_samples_with_ai_compute_external.csv --intraday-bars /root/workspace/stock_realtime_v021_full/saved_data/601138_pipeline_out_v2_all14/00_base/601138_5m.csv --out-dir /root/workspace/stock_realtime_v021_full/saved_data/601138_pipeline_out_v2_all14/10_search/search_vwap_low_hit_50bps --round-trip-cost-bps 1.7 --target-hit-bps 50.0 --label-mode hit --entry-policy vwap_low --entry-vwap-premium-bps 50.0 --max-missing 0.35 --groups reversal_fundamental_regime,reversal_fundamental_regime_sector,reversal_fundamental_regime_sector_external,all_no_ak --models xgb_d2_200_lr003_mcw5,xgb_d3_400_lr003_mcw3,xgb_d3_600_lr002_mcw3,xgb_d4_500_lr002_mcw5,lgbm_leaves7_400,lgbm_leaves15_700,extra_trees_600_d3,random_forest_600_d4 --quantiles 0.5,0.6,0.7,0.8 --train-rows 756 --valid-rows 126 --test-rows 63 --min-valid-trades 8 --min-train-entries 80
{
  "rows": 1535,
  "target_hit_bps": 50.0,
  "label_mode": "hit",
  "entry_policy": "vwap_low",
  "entry_vwap_premium_bps": 50.0,
  "groups": {
    "reversal_fundamental_regime": 135,
    "reversal_fundamental_regime_sector": 158,
    "reversal_fundamental_regime_sector_external": 511,
    "all_no_ak": 566
  },
  "models": [
    "xgb_d2_200_lr003_mcw5",
    "xgb_d3_400_lr003_mcw3",
    "xgb_d3_600_lr002_mcw3",
    "xgb_d4_500_lr002_mcw5",
    "extra_trees_600_d3",
    "random_forest_600_d4",
    "lgbm_leaves7_400",
    "lgbm_leaves15_700"
  ],
  "top": [
    {
      "entry_policy": "vwap_low",
      "feature_group": "reversal_fundamental_regime_sector",
      "model_name": "xgb_d3_600_lr002_mcw3",
      "target_hit_bps": 50.0,
      "trades": 145,
      "win_rate": 0.7655172413793103,
      "avg_return": -0.0035097051898859595,
      "median_return": 0.005,
      "compound_return": -0.4167755226366958,
      "max_drawdown": -0.43614137343894366,
      "profit_factor": 0.5216620139381397,
      "windows": 10
    },
    {
      "entry_policy": "vwap_low",
      "feature_group": "reversal_fundamental_regime",
      "model_name": "xgb_d2_200_lr003_mcw5",
      "target_hit_bps": 50.0,
      "trades": 194,
      "win_rate": 0.7525773195876289,
      "avg_return": -0.0031342904657038514,
      "median_return": 0.005,
      "compound_return": -0.47323704896125907,
      "max_drawdown": -0.47877091809838435,
      "profit_factor": 0.5455690876451392,
      "windows": 10
    },
    {
      "entry_policy": "vwap_low",
      "feature_group": "reversal_fundamental_regime_sector",
      "model_name": "lgbm_leaves7_400",
      "target_hit_bps": 50.0,
      "trades": 138,
      "win_rate": 0.7101449275362319,
      "avg_return": -0.004530291378001286,
      "median_return": 0.005,
      "compound_return": -0.4790610850810917,
      "max_drawdown": -0.486051369485068,
      "profit_factor": 0.4393908675332947,
      "windows": 10
    },
    {
      "entry_policy": "vwap_low",
      "feature_group": "reversal_fundamental_regime",
      "model_name": "xgb_d3_400_lr003_mcw3",
      "target_hit_bps": 50.0,
      "trades": 158,
      "win_rate": 0.7215189873417721,
      "avg_return": -0.004372082277066625,
      "median_return": 0.005,
      "compound_return": -0.5149411999287339,
      "max_drawdown": -0.49215879699762943,
      "profit_factor": 0.45209785309122436,
      "windows": 10
    },
    {
      "entry_policy": "vwap_low",
      "feature_group": "reversal_fundamental_regime",
      "model_name": "random_forest_600_d4",
      "target_hit_bps": 50.0,
      "trades": 160,
      "win_rate": 0.75625,
      "avg_return": -0.00439282064994208,
      "median_return": 0.005,
      "compound_return": -0.5244300552087342,
      "max_drawdown": -0.5270732506133491,
      "profit_factor": 0.4625908145321443,
      "windows": 10
    },
    {
      "entry_policy": "vwap_low",
      "feature_group": "reversal_fundamental_regime",
      "model_name": "xgb_d3_600_lr002_mcw3",
      "target_hit_bps": 50.0,
      "trades": 184,
      "win_rate": 0.7282608695652174,
      "avg_return": -0.00397472504961125,
      "median_return": 0.005,
      "compound_return": -0.5368759955862796,
      "max_drawdown": -0.5746329878356863,
      "profit_factor": 0.4781105951417839,
      "windows": 10
    },
    {
      "entry_policy": "vwap_low",
      "feature_group": "reversal_fundamental_regime_sector",
      "model_name": "random_forest_600_d4",
      "target_hit_bps": 50.0,
      "trades": 179,
      "win_rate": 0.7262569832402235,
      "avg_return": -0.004137488453987885,
      "median_return": 0.005,
      "compound_return": -0.5403751410672568,
      "max_drawdown": -0.5725756584262397,
      "profit_factor": 0.4673555115731425,
      "windows": 10
    },
    {
      "entry_policy": "vwap_low",
      "feature_group": "reversal_fundamental_regime",
      "model_name": "lgbm_leaves15_700",
      "target_hit_bps": 50.0,
      "trades": 137,
      "win_rate": 0.6861313868613139,
      "avg_return": -0.005489982267969936,
      "median_return": 0.005,
      "compound_return": -0.5415193065610167,
      "max_drawdown": -0.5440675207096937,
      "profit_factor": 0.38457523687664463,
      "windows": 10
    },
    {
      "entry_policy": "vwap_low",
      "feature_group": "reversal_fundamental_regime",
      "model_name": "xgb_d4_500_lr002_mcw5",
      "target_hit_bps": 50.0,
      "trades": 170,
      "win_rate": 0.7411764705882353,
      "avg_return": -0.004393909525584361,
      "median_return": 0.005,
      "compound_return": -0.5445334286852589,
      "max_drawdown": -0.5608463735056753,
      "profit_factor": 0.4575280956003754,
      "windows": 10
    },
    {
      "entry_policy": "vwap_low",
      "feature_group": "reversal_fundamental_regime_sector",
      "model_name": "lgbm_leaves15_700",
      "target_hit_bps": 50.0,
      "trades": 154,
      "win_rate": 0.7012987012987013,
      "avg_return": -0.004916990133232766,
      "median_return": 0.005,
      "compound_return": -0.5462779928615096,
      "max_drawdown": -0.5532781450512155,
      "profit_factor": 0.4162759324368383,
      "windows": 10
    },
    {
      "entry_policy": "vwap_low",
      "feature_group": "all_no_ak",
      "model_name": "lgbm_leaves7_400",
      "target_hit_bps": 50.0,
      "trades": 167,
      "win_rate": 0.7365269461077845,
      "avg_return": -0.005214770003236411,
      "median_return": 0.005,
      "compound_return": -0.596632011931836,
      "max_drawdown": -0.5717112695919313,
      "profit_factor": 0.41389987763053154,
      "windows": 10
    },
    {
      "entry_policy": "vwap_low",
      "feature_group": "all_no_ak",
      "model_name": "extra_trees_600_d3",
      "target_hit_bps": 50.0,
      "trades": 165,
      "win_rate": 0.7757575757575758,
      "avg_return": -0.005272880742631637,
      "median_return": 0.005,
      "compound_return": -0.5995117060671713,
      "max_drawdown": -0.6203405236326964,
      "profit_factor": 0.42383395195380663,
      "windows": 10
    },
    {
      "entry_policy": "vwap_low",
      "feature_group": "reversal_fundamental_regime",
      "model_name": "lgbm_leaves7_400",
      "target_hit_bps": 50.0,
      "trades": 174,
      "win_rate": 0.6896551724137931,
      "avg_return": -0.0051267390743575635,
      "median_return": 0.005,
      "compound_return": -0.6045461346301197,
      "max_drawdown": -0.6030795297976022,
      "profit_factor": 0.4021305954139792,
      "windows": 10
    },
    {
      "entry_policy": "vwap_low",
      "feature_group": "reversal_fundamental_regime_sector_external",
      "model_name": "random_forest_600_d4",
      "target_hit_bps": 50.0,
      "trades": 155,
      "win_rate": 0.7354838709677419,
      "avg_return": -0.005755143527323181,
      "median_return": 0.005,
      "compound_return": -0.6064825370045752,
      "max_drawdown": -0.625083555782713,
      "profit_factor": 0.3898642819326602,
      "windows": 10
    },
    {
      "entry_policy": "vwap_low",
      "feature_group": "reversal_fundamental_regime_sector",
      "model_name": "xgb_d2_200_lr003_mcw5",
      "target_hit_bps": 50.0,
      "trades": 180,
      "win_rate": 0.7166666666666667,
      "avg_return": -0.005207020544276174,
      "median_return": 0.005,
      "compound_return": -0.624331705824857,
      "max_drawdown": -0.6264196525500418,
      "profit_factor": 0.4076438085684672,
      "windows": 10
    },
    {
      "entry_policy": "vwap_low",
      "feature_group": "reversal_fundamental_regime_sector",
      "model_name": "xgb_d4_500_lr002_mcw5",
      "target_hit_bps": 50.0,
      "trades": 192,
      "win_rate": 0.71875,
      "avg_return": -0.005363047258852181,
      "median_return": 0.005,
      "compound_return": -0.6589640382653745,
      "max_drawdown": -0.6707332482280195,
      "profit_factor": 0.40123158938851994,
      "windows": 10
    },
    {
      "entry_policy": "vwap_low",
      "feature_group": "all_no_ak",
      "model_name": "xgb_d3_600_lr002_mcw3",
      "target_hit_bps": 50.0,
      "trades": 217,
      "win_rate": 0.7649769585253456,
      "avg_return": -0.004751676424785494,
      "median_return": 0.005,
      "compound_return": -0.6611211232119367,
      "max_drawdown": -0.6721902194479039,
      "profit_factor": 0.44596950871887997,
      "windows": 10
    },
    {
      "entry_policy": "vwap_low",
      "feature_group": "reversal_fundamental_regime",
      "model_name": "extra_trees_600_d3",
      "target_hit_bps": 50.0,
      "trades": 203,
      "win_rate": 0.7635467980295566,
      "avg_return": -0.005087052443743118,
      "median_return": 0.005,
      "compound_return": -0.6629008768394398,
      "max_drawdown": -0.6681017380011511,
      "profit_factor": 0.4283585554978831,
      "windows": 10
    },
    {
      "entry_policy": "vwap_low",
      "feature_group": "reversal_fundamental_regime_sector",
      "model_name": "xgb_d3_400_lr003_mcw3",
      "target_hit_bps": 50.0,
      "trades": 190,
      "win_rate": 0.6947368421052632,
      "avg_return": -0.005693895115480473,
      "median_return": 0.005,
      "compound_return": -0.6759481569719616,
      "max_drawdown": -0.6807607288888706,
      "profit_factor": 0.3789096431019793,
      "windows": 10
    },
    {
      "entry_policy": "vwap_low",
      "feature_group": "all_no_ak",
      "model_name": "xgb_d2_200_lr003_mcw5",
      "target_hit_bps": 50.0,
      "trades": 166,
      "win_rate": 0.7108433734939759,
      "avg_return": -0.006545078463190814,
      "median_return": 0.005,
      "compound_return": -0.6765300127516374,
      "max_drawdown": -0.6696782061163548,
      "profit_factor": 0.3519272138403109,
      "windows": 10
    }
  ]
}

[2026-05-12T06:41:37] RUN search_vwap_low_hit_80bps
  /usr/bin/python3 model_training/search_walk_forward_model_complexity.py --samples /root/workspace/stock_realtime_v021_full/saved_data/601138_pipeline_out_v2_all14/04_external/ai_compute/training_samples_with_ai_compute_external.csv --intraday-bars /root/workspace/stock_realtime_v021_full/saved_data/601138_pipeline_out_v2_all14/00_base/601138_5m.csv --out-dir /root/workspace/stock_realtime_v021_full/saved_data/601138_pipeline_out_v2_all14/10_search/search_vwap_low_hit_80bps --round-trip-cost-bps 1.7 --target-hit-bps 80.0 --label-mode hit --entry-policy vwap_low --entry-vwap-premium-bps 50.0 --max-missing 0.35 --groups reversal_fundamental_regime,reversal_fundamental_regime_sector,reversal_fundamental_regime_sector_external,all_no_ak --models xgb_d2_200_lr003_mcw5,xgb_d3_400_lr003_mcw3,xgb_d3_600_lr002_mcw3,xgb_d4_500_lr002_mcw5,lgbm_leaves7_400,lgbm_leaves15_700,extra_trees_600_d3,random_forest_600_d4 --quantiles 0.5,0.6,0.7,0.8 --train-rows 756 --valid-rows 126 --test-rows 63 --min-valid-trades 8 --min-train-entries 80
{
  "rows": 1535,
  "target_hit_bps": 80.0,
  "label_mode": "hit",
  "entry_policy": "vwap_low",
  "entry_vwap_premium_bps": 50.0,
  "groups": {
    "reversal_fundamental_regime": 135,
    "reversal_fundamental_regime_sector": 158,
    "reversal_fundamental_regime_sector_external": 511,
    "all_no_ak": 566
  },
  "models": [
    "xgb_d2_200_lr003_mcw5",
    "xgb_d3_400_lr003_mcw3",
    "xgb_d3_600_lr002_mcw3",
    "xgb_d4_500_lr002_mcw5",
    "extra_trees_600_d3",
    "random_forest_600_d4",
    "lgbm_leaves7_400",
    "lgbm_leaves15_700"
  ],
  "top": [
    {
      "entry_policy": "vwap_low",
      "feature_group": "all_no_ak",
      "model_name": "random_forest_600_d4",
      "target_hit_bps": 80.0,
      "trades": 96,
      "win_rate": 0.75,
      "avg_return": -0.0018876164940607836,
      "median_return": 0.008,
      "compound_return": -0.18449488610707065,
      "max_drawdown": -0.2717473894296608,
      "profit_factor": 0.7606860709465121,
      "windows": 10
    },
    {
      "entry_policy": "vwap_low",
      "feature_group": "reversal_fundamental_regime_sector_external",
      "model_name": "xgb_d2_200_lr003_mcw5",
      "target_hit_bps": 80.0,
      "trades": 119,
      "win_rate": 0.7142857142857143,
      "avg_return": -0.0017632813763878558,
      "median_return": 0.008,
      "compound_return": -0.20683358546854458,
      "max_drawdown": -0.3087561061399552,
      "profit_factor": 0.7624747005001397,
      "windows": 10
    },
    {
      "entry_policy": "vwap_low",
      "feature_group": "reversal_fundamental_regime_sector_external",
      "model_name": "xgb_d3_600_lr002_mcw3",
      "target_hit_bps": 80.0,
      "trades": 93,
      "win_rate": 0.7096774193548387,
      "avg_return": -0.002619136626136841,
      "median_return": 0.008,
      "compound_return": -0.23141144711892903,
      "max_drawdown": -0.29136072630833565,
      "profit_factor": 0.681748266273003,
      "windows": 10
    },
    {
      "entry_policy": "vwap_low",
      "feature_group": "reversal_fundamental_regime_sector_external",
      "model_name": "xgb_d3_400_lr003_mcw3",
      "target_hit_bps": 80.0,
      "trades": 126,
      "win_rate": 0.7142857142857143,
      "avg_return": -0.0025185760333356426,
      "median_return": 0.008,
      "compound_return": -0.2898755214108488,
      "max_drawdown": -0.3607301930464786,
      "profit_factor": 0.6922396653240634,
      "windows": 10
    },
    {
      "entry_policy": "vwap_low",
      "feature_group": "reversal_fundamental_regime_sector_external",
      "model_name": "random_forest_600_d4",
      "target_hit_bps": 80.0,
      "trades": 119,
      "win_rate": 0.7394957983193278,
      "avg_return": -0.0027677935259400196,
      "median_return": 0.008,
      "compound_return": -0.30040699668732407,
      "max_drawdown": -0.36226387702811225,
      "profit_factor": 0.6794924299790355,
      "windows": 10
    },
    {
      "entry_policy": "vwap_low",
      "feature_group": "reversal_fundamental_regime",
      "model_name": "random_forest_600_d4",
      "target_hit_bps": 80.0,
      "trades": 81,
      "win_rate": 0.6296296296296297,
      "avg_return": -0.005122667314688779,
      "median_return": 0.008,
      "compound_return": -0.35473058869910956,
      "max_drawdown": -0.36493231597528264,
      "profit_factor": 0.4957857889025483,
      "windows": 10
    },
    {
      "entry_policy": "vwap_low",
      "feature_group": "all_no_ak",
      "model_name": "lgbm_leaves7_400",
      "target_hit_bps": 80.0,
      "trades": 100,
      "win_rate": 0.7,
      "avg_return": -0.004599480780909752,
      "median_return": 0.008,
      "compound_return": -0.38781478696007543,
      "max_drawdown": -0.397493452144821,
      "profit_factor": 0.5465024095910849,
      "windows": 10
    },
    {
      "entry_policy": "vwap_low",
      "feature_group": "reversal_fundamental_regime",
      "model_name": "xgb_d4_500_lr002_mcw5",
      "target_hit_bps": 80.0,
      "trades": 161,
      "win_rate": 0.6894409937888198,
      "avg_return": -0.0028789910935345634,
      "median_return": 0.008,
      "compound_return": -0.3938754388487947,
      "max_drawdown": -0.42325414132212447,
      "profit_factor": 0.6570391849137036,
      "windows": 10
    },
    {
      "entry_policy": "vwap_low",
      "feature_group": "reversal_fundamental_regime_sector_external",
      "model_name": "lgbm_leaves7_400",
      "target_hit_bps": 80.0,
      "trades": 146,
      "win_rate": 0.6917808219178082,
      "avg_return": -0.00333459418739723,
      "median_return": 0.008,
      "compound_return": -0.4050418912565057,
      "max_drawdown": -0.438177290146599,
      "profit_factor": 0.6197810669746402,
      "windows": 10
    },
    {
      "entry_policy": "vwap_low",
      "feature_group": "reversal_fundamental_regime_sector",
      "model_name": "xgb_d4_500_lr002_mcw5",
      "target_hit_bps": 80.0,
      "trades": 119,
      "win_rate": 0.680672268907563,
      "avg_return": -0.00423743719478617,
      "median_return": 0.008,
      "compound_return": -0.41449608453592934,
      "max_drawdown": -0.4621652733848277,
      "profit_factor": 0.5595318223853171,
      "windows": 10
    },
    {
      "entry_policy": "vwap_low",
      "feature_group": "reversal_fundamental_regime_sector_external",
      "model_name": "lgbm_leaves15_700",
      "target_hit_bps": 80.0,
      "trades": 127,
      "win_rate": 0.7165354330708661,
      "avg_return": -0.004039447293725754,
      "median_return": 0.008,
      "compound_return": -0.4227349810164921,
      "max_drawdown": -0.43351187015840265,
      "profit_factor": 0.5844667997911256,
      "windows": 10
    },
    {
      "entry_policy": "vwap_low",
      "feature_group": "all_no_ak",
      "model_name": "xgb_d3_600_lr002_mcw3",
      "target_hit_bps": 80.0,
      "trades": 101,
      "win_rate": 0.7029702970297029,
      "avg_return": -0.005167868919109647,
      "median_return": 0.008,
      "compound_return": -0.4261228338358155,
      "max_drawdown": -0.4351958477377562,
      "profit_factor": 0.5182816982848493,
      "windows": 10
    },
    {
      "entry_policy": "vwap_low",
      "feature_group": "reversal_fundamental_regime_sector",
      "model_name": "lgbm_leaves15_700",
      "target_hit_bps": 80.0,
      "trades": 132,
      "win_rate": 0.6590909090909091,
      "avg_return": -0.003983728020833053,
      "median_return": 0.008,
      "compound_return": -0.42670869547463786,
      "max_drawdown": -0.4446929001399832,
      "profit_factor": 0.5696270446415366,
      "windows": 10
    },
    {
      "entry_policy": "vwap_low",
      "feature_group": "reversal_fundamental_regime",
      "model_name": "xgb_d2_200_lr003_mcw5",
      "target_hit_bps": 80.0,
      "trades": 152,
      "win_rate": 0.7105263157894737,
      "avg_return": -0.003405154571938883,
      "median_return": 0.008,
      "compound_return": -0.4290293865252969,
      "max_drawdown": -0.45994800526392365,
      "profit_factor": 0.6251784848302023,
      "windows": 10
    },
    {
      "entry_policy": "vwap_low",
      "feature_group": "reversal_fundamental_regime",
      "model_name": "lgbm_leaves15_700",
      "target_hit_bps": 80.0,
      "trades": 161,
      "win_rate": 0.6832298136645962,
      "avg_return": -0.0033176698939180976,
      "median_return": 0.008,
      "compound_return": -0.43452092180611446,
      "max_drawdown": -0.44346116170449357,
      "profit_factor": 0.6187941060093446,
      "windows": 10
    },
    {
      "entry_policy": "vwap_low",
      "feature_group": "reversal_fundamental_regime_sector",
      "model_name": "xgb_d2_200_lr003_mcw5",
      "target_hit_bps": 80.0,
      "trades": 163,
      "win_rate": 0.7055214723926381,
      "avg_return": -0.0034567000946847037,
      "median_return": 0.008,
      "compound_return": -0.45530738479296595,
      "max_drawdown": -0.5566256604552969,
      "profit_factor": 0.6180828968514976,
      "windows": 10
    },
    {
      "entry_policy": "vwap_low",
      "feature_group": "reversal_fundamental_regime_sector",
      "model_name": "xgb_d3_600_lr002_mcw3",
      "target_hit_bps": 80.0,
      "trades": 122,
      "win_rate": 0.6229508196721312,
      "avg_return": -0.004729037791293611,
      "median_return": 0.008,
      "compound_return": -0.45634586689725776,
      "max_drawdown": -0.48974466654278204,
      "profit_factor": 0.513105018414387,
      "windows": 10
    },
    {
      "entry_policy": "vwap_low",
      "feature_group": "all_no_ak",
      "model_name": "extra_trees_600_d3",
      "target_hit_bps": 80.0,
      "trades": 153,
      "win_rate": 0.7058823529411765,
      "avg_return": -0.0037855546765800732,
      "median_return": 0.008,
      "compound_return": -0.46018771177574114,
      "max_drawdown": -0.5094126096746046,
      "profit_factor": 0.5986738270855548,
      "windows": 10
    },
    {
      "entry_policy": "vwap_low",
      "feature_group": "all_no_ak",
      "model_name": "xgb_d2_200_lr003_mcw5",
      "target_hit_bps": 80.0,
      "trades": 130,
      "win_rate": 0.7076923076923077,
      "avg_return": -0.004451198249531703,
      "median_return": 0.008,
      "compound_return": -0.461707972892052,
      "max_drawdown": -0.470218384759279,
      "profit_factor": 0.5598423674316484,
      "windows": 10
    },
    {
      "entry_policy": "vwap_low",
      "feature_group": "all_no_ak",
      "model_name": "lgbm_leaves15_700",
      "target_hit_bps": 80.0,
      "trades": 130,
      "win_rate": 0.7076923076923077,
      "avg_return": -0.004817845478518636,
      "median_return": 0.008,
      "compound_return": -0.48594437699066584,
      "max_drawdown": -0.4718854592162083,
      "profit_factor": 0.5364327986293532,
      "windows": 10
    }
  ]
}

[2026-05-12T06:54:05] RUN search_vwap_low_close_profit_50bps
  /usr/bin/python3 model_training/search_walk_forward_model_complexity.py --samples /root/workspace/stock_realtime_v021_full/saved_data/601138_pipeline_out_v2_all14/04_external/ai_compute/training_samples_with_ai_compute_external.csv --intraday-bars /root/workspace/stock_realtime_v021_full/saved_data/601138_pipeline_out_v2_all14/00_base/601138_5m.csv --out-dir /root/workspace/stock_realtime_v021_full/saved_data/601138_pipeline_out_v2_all14/10_search/search_vwap_low_close_profit_50bps --round-trip-cost-bps 1.7 --target-hit-bps 50.0 --label-mode close_profit --entry-policy vwap_low --entry-vwap-premium-bps 50.0 --max-missing 0.35 --groups reversal_fundamental_regime,reversal_fundamental_regime_sector,reversal_fundamental_regime_sector_external,all_no_ak --models xgb_d2_200_lr003_mcw5,xgb_d3_400_lr003_mcw3,xgb_d3_600_lr002_mcw3,xgb_d4_500_lr002_mcw5,lgbm_leaves7_400,lgbm_leaves15_700,extra_trees_600_d3,random_forest_600_d4 --quantiles 0.5,0.6,0.7,0.8 --train-rows 756 --valid-rows 126 --test-rows 63 --min-valid-trades 8 --min-train-entries 80
{
  "rows": 1535,
  "target_hit_bps": 50.0,
  "label_mode": "close_profit",
  "entry_policy": "vwap_low",
  "entry_vwap_premium_bps": 50.0,
  "groups": {
    "reversal_fundamental_regime": 135,
    "reversal_fundamental_regime_sector": 158,
    "reversal_fundamental_regime_sector_external": 511,
    "all_no_ak": 566
  },
  "models": [
    "xgb_d2_200_lr003_mcw5",
    "xgb_d3_400_lr003_mcw3",
    "xgb_d3_600_lr002_mcw3",
    "xgb_d4_500_lr002_mcw5",
    "extra_trees_600_d3",
    "random_forest_600_d4",
    "lgbm_leaves7_400",
    "lgbm_leaves15_700"
  ],
  "top": [
    {
      "entry_policy": "vwap_low",
      "feature_group": "reversal_fundamental_regime_sector_external",
      "model_name": "xgb_d4_500_lr002_mcw5",
      "target_hit_bps": 50.0,
      "trades": 152,
      "win_rate": 0.5197368421052632,
      "avg_return": 0.00464324021268543,
      "median_return": 0.0011984841334494768,
      "compound_return": 0.8738897256775691,
      "max_drawdown": -0.19158287975905297,
      "profit_factor": 1.4951888449017643,
      "windows": 10
    },
    {
      "entry_policy": "vwap_low",
      "feature_group": "all_no_ak",
      "model_name": "xgb_d3_400_lr003_mcw3",
      "target_hit_bps": 50.0,
      "trades": 153,
      "win_rate": 0.5490196078431373,
      "avg_return": 0.004554996483943042,
      "median_return": 0.00337789660415622,
      "compound_return": 0.8486680048540367,
      "max_drawdown": -0.2390593736558113,
      "profit_factor": 1.480352584487865,
      "windows": 10
    },
    {
      "entry_policy": "vwap_low",
      "feature_group": "reversal_fundamental_regime_sector_external",
      "model_name": "xgb_d3_600_lr002_mcw3",
      "target_hit_bps": 50.0,
      "trades": 134,
      "win_rate": 0.5149253731343284,
      "avg_return": 0.004730899626231751,
      "median_return": 0.001139790864104765,
      "compound_return": 0.7583953157823082,
      "max_drawdown": -0.28134981887376265,
      "profit_factor": 1.5095156638830487,
      "windows": 10
    },
    {
      "entry_policy": "vwap_low",
      "feature_group": "reversal_fundamental_regime_sector",
      "model_name": "extra_trees_600_d3",
      "target_hit_bps": 50.0,
      "trades": 156,
      "win_rate": 0.5705128205128205,
      "avg_return": 0.004096156377639664,
      "median_return": 0.004401750960521648,
      "compound_return": 0.7450667146421455,
      "max_drawdown": -0.2483854222031877,
      "profit_factor": 1.440980264351378,
      "windows": 10
    },
    {
      "entry_policy": "vwap_low",
      "feature_group": "reversal_fundamental_regime_sector_external",
      "model_name": "xgb_d3_400_lr003_mcw3",
      "target_hit_bps": 50.0,
      "trades": 144,
      "win_rate": 0.5069444444444444,
      "avg_return": 0.003925649463330012,
      "median_return": 0.0006301774035768516,
      "compound_return": 0.6049066809047359,
      "max_drawdown": -0.3352180197949549,
      "profit_factor": 1.3594636241446905,
      "windows": 10
    },
    {
      "entry_policy": "vwap_low",
      "feature_group": "reversal_fundamental_regime_sector_external",
      "model_name": "random_forest_600_d4",
      "target_hit_bps": 50.0,
      "trades": 144,
      "win_rate": 0.5208333333333334,
      "avg_return": 0.003267657655243735,
      "median_return": 0.0021147293128246404,
      "compound_return": 0.4808615025513001,
      "max_drawdown": -0.2944378414232913,
      "profit_factor": 1.3195915118307193,
      "windows": 10
    },
    {
      "entry_policy": "vwap_low",
      "feature_group": "all_no_ak",
      "model_name": "xgb_d3_600_lr002_mcw3",
      "target_hit_bps": 50.0,
      "trades": 158,
      "win_rate": 0.5063291139240507,
      "avg_return": 0.0027568803013473444,
      "median_return": 0.0006301774035768516,
      "compound_return": 0.4095419811869725,
      "max_drawdown": -0.2932833068925179,
      "profit_factor": 1.2554408897966163,
      "windows": 10
    },
    {
      "entry_policy": "vwap_low",
      "feature_group": "all_no_ak",
      "model_name": "extra_trees_600_d3",
      "target_hit_bps": 50.0,
      "trades": 132,
      "win_rate": 0.5075757575757576,
      "avg_return": 0.002970298702014211,
      "median_return": 0.0007238439434128531,
      "compound_return": 0.37258930816027,
      "max_drawdown": -0.24379543873793108,
      "profit_factor": 1.2837130601120201,
      "windows": 10
    },
    {
      "entry_policy": "vwap_low",
      "feature_group": "all_no_ak",
      "model_name": "xgb_d2_200_lr003_mcw5",
      "target_hit_bps": 50.0,
      "trades": 203,
      "win_rate": 0.5073891625615764,
      "avg_return": 0.0020609953996456173,
      "median_return": 0.0008426582278482399,
      "compound_return": 0.37173339944093176,
      "max_drawdown": -0.27415185275263776,
      "profit_factor": 1.1980013301161276,
      "windows": 10
    },
    {
      "entry_policy": "vwap_low",
      "feature_group": "reversal_fundamental_regime_sector",
      "model_name": "lgbm_leaves15_700",
      "target_hit_bps": 50.0,
      "trades": 151,
      "win_rate": 0.4900662251655629,
      "avg_return": 0.002556667704474581,
      "median_return": -0.0009856606851551507,
      "compound_return": 0.35910321589933525,
      "max_drawdown": -0.29825555416238814,
      "profit_factor": 1.2470742720757295,
      "windows": 10
    },
    {
      "entry_policy": "vwap_low",
      "feature_group": "reversal_fundamental_regime_sector_external",
      "model_name": "xgb_d2_200_lr003_mcw5",
      "target_hit_bps": 50.0,
      "trades": 141,
      "win_rate": 0.5177304964539007,
      "avg_return": 0.0025808431100453524,
      "median_return": 0.0010871839080459668,
      "compound_return": 0.3419868511252149,
      "max_drawdown": -0.24158613198583456,
      "profit_factor": 1.2639816858043484,
      "windows": 10
    },
    {
      "entry_policy": "vwap_low",
      "feature_group": "reversal_fundamental_regime_sector",
      "model_name": "xgb_d2_200_lr003_mcw5",
      "target_hit_bps": 50.0,
      "trades": 123,
      "win_rate": 0.5365853658536586,
      "avg_return": 0.002873544723803638,
      "median_return": 0.002185072463767982,
      "compound_return": 0.3307091031950311,
      "max_drawdown": -0.24608551196911077,
      "profit_factor": 1.2809617516324805,
      "windows": 10
    },
    {
      "entry_policy": "vwap_low",
      "feature_group": "all_no_ak",
      "model_name": "random_forest_600_d4",
      "target_hit_bps": 50.0,
      "trades": 169,
      "win_rate": 0.5029585798816568,
      "avg_return": 0.0022349539276679425,
      "median_return": 0.00035493438320233564,
      "compound_return": 0.3289912468207217,
      "max_drawdown": -0.24379543873793086,
      "profit_factor": 1.2058470007207542,
      "windows": 10
    },
    {
      "entry_policy": "vwap_low",
      "feature_group": "all_no_ak",
      "model_name": "xgb_d4_500_lr002_mcw5",
      "target_hit_bps": 50.0,
      "trades": 182,
      "win_rate": 0.4945054945054945,
      "avg_return": 0.002084681172433417,
      "median_return": -0.00042706940874042906,
      "compound_return": 0.3148495097924817,
      "max_drawdown": -0.2676182760338863,
      "profit_factor": 1.1812900406715818,
      "windows": 10
    },
    {
      "entry_policy": "vwap_low",
      "feature_group": "reversal_fundamental_regime",
      "model_name": "random_forest_600_d4",
      "target_hit_bps": 50.0,
      "trades": 146,
      "win_rate": 0.5205479452054794,
      "avg_return": 0.002399580607563365,
      "median_return": 0.0029155624088536038,
      "compound_return": 0.30210931144958764,
      "max_drawdown": -0.29960889065819596,
      "profit_factor": 1.2127282278611307,
      "windows": 10
    },
    {
      "entry_policy": "vwap_low",
      "feature_group": "reversal_fundamental_regime_sector",
      "model_name": "xgb_d3_600_lr002_mcw3",
      "target_hit_bps": 50.0,
      "trades": 162,
      "win_rate": 0.5061728395061729,
      "avg_return": 0.0019754035737641782,
      "median_return": 0.001139790864104765,
      "compound_return": 0.25917286294904374,
      "max_drawdown": -0.36039899898616046,
      "profit_factor": 1.1839600212575043,
      "windows": 10
    },
    {
      "entry_policy": "vwap_low",
      "feature_group": "reversal_fundamental_regime_sector_external",
      "model_name": "extra_trees_600_d3",
      "target_hit_bps": 50.0,
      "trades": 111,
      "win_rate": 0.5315315315315315,
      "avg_return": 0.0024676309843022584,
      "median_return": 0.0037515686274509664,
      "compound_return": 0.2392786162913776,
      "max_drawdown": -0.21726763849259445,
      "profit_factor": 1.2375300977591033,
      "windows": 10
    },
    {
      "entry_policy": "vwap_low",
      "feature_group": "reversal_fundamental_regime_sector_external",
      "model_name": "lgbm_leaves7_400",
      "target_hit_bps": 50.0,
      "trades": 143,
      "win_rate": 0.48951048951048953,
      "avg_return": 0.002001970463032792,
      "median_return": -0.0011690009990008542,
      "compound_return": 0.23400291346497326,
      "max_drawdown": -0.26745717572159944,
      "profit_factor": 1.188358679489332,
      "windows": 10
    },
    {
      "entry_policy": "vwap_low",
      "feature_group": "all_no_ak",
      "model_name": "lgbm_leaves7_400",
      "target_hit_bps": 50.0,
      "trades": 142,
      "win_rate": 0.5070422535211268,
      "avg_return": 0.001963389207377129,
      "median_return": 0.001139790864104765,
      "compound_return": 0.21215097928483861,
      "max_drawdown": -0.33924770017632455,
      "profit_factor": 1.1723675491070933,
      "windows": 10
    },
    {
      "entry_policy": "vwap_low",
      "feature_group": "reversal_fundamental_regime_sector",
      "model_name": "xgb_d3_400_lr003_mcw3",
      "target_hit_bps": 50.0,
      "trades": 139,
      "win_rate": 0.5035971223021583,
      "avg_return": 0.0018577248303877855,
      "median_return": 0.00017317089910773648,
      "compound_return": 0.20401051832400707,
      "max_drawdown": -0.3448672261620246,
      "profit_factor": 1.1763262506391887,
      "windows": 10
    }
  ]
}

[2026-05-12T07:06:50] RUN search_all_days_hit_50bps
  /usr/bin/python3 model_training/search_walk_forward_model_complexity.py --samples /root/workspace/stock_realtime_v021_full/saved_data/601138_pipeline_out_v2_all14/04_external/ai_compute/training_samples_with_ai_compute_external.csv --intraday-bars /root/workspace/stock_realtime_v021_full/saved_data/601138_pipeline_out_v2_all14/00_base/601138_5m.csv --out-dir /root/workspace/stock_realtime_v021_full/saved_data/601138_pipeline_out_v2_all14/10_search/search_all_days_hit_50bps --round-trip-cost-bps 1.7 --target-hit-bps 50.0 --label-mode hit --entry-policy all_days --entry-vwap-premium-bps 50.0 --max-missing 0.35 --groups reversal_fundamental_regime,reversal_fundamental_regime_sector,reversal_fundamental_regime_sector_external,all_no_ak --models xgb_d2_200_lr003_mcw5,xgb_d3_400_lr003_mcw3,xgb_d3_600_lr002_mcw3,xgb_d4_500_lr002_mcw5,lgbm_leaves7_400,lgbm_leaves15_700,extra_trees_600_d3,random_forest_600_d4 --quantiles 0.5,0.6,0.7,0.8 --train-rows 756 --valid-rows 126 --test-rows 63 --min-valid-trades 8 --min-train-entries 80
{
  "rows": 1535,
  "target_hit_bps": 50.0,
  "label_mode": "hit",
  "entry_policy": "all_days",
  "entry_vwap_premium_bps": 50.0,
  "groups": {
    "reversal_fundamental_regime": 135,
    "reversal_fundamental_regime_sector": 158,
    "reversal_fundamental_regime_sector_external": 511,
    "all_no_ak": 566
  },
  "models": [
    "xgb_d2_200_lr003_mcw5",
    "xgb_d3_400_lr003_mcw3",
    "xgb_d3_600_lr002_mcw3",
    "xgb_d4_500_lr002_mcw5",
    "extra_trees_600_d3",
    "random_forest_600_d4",
    "lgbm_leaves7_400",
    "lgbm_leaves15_700"
  ],
  "top": [
    {
      "entry_policy": "all_days",
      "feature_group": "reversal_fundamental_regime",
      "model_name": "xgb_d2_200_lr003_mcw5",
      "target_hit_bps": 50.0,
      "trades": 184,
      "win_rate": 0.7717391304347826,
      "avg_return": -0.0023530981572264078,
      "median_return": 0.005,
      "compound_return": -0.36964887557349546,
      "max_drawdown": -0.4228385176791447,
      "profit_factor": 0.6211886245056204,
      "windows": 10
    },
    {
      "entry_policy": "all_days",
      "feature_group": "reversal_fundamental_regime_sector",
      "model_name": "xgb_d3_600_lr002_mcw3",
      "target_hit_bps": 50.0,
      "trades": 160,
      "win_rate": 0.7875,
      "avg_return": -0.0031643805637888676,
      "median_return": 0.005,
      "compound_return": -0.41738885814726145,
      "max_drawdown": -0.4531715768547582,
      "profit_factor": 0.5544306137837011,
      "windows": 10
    },
    {
      "entry_policy": "all_days",
      "feature_group": "reversal_fundamental_regime",
      "model_name": "random_forest_600_d4",
      "target_hit_bps": 50.0,
      "trades": 152,
      "win_rate": 0.7763157894736842,
      "avg_return": -0.0037652154967521673,
      "median_return": 0.005,
      "compound_return": -0.45654024655195335,
      "max_drawdown": -0.5111523435539271,
      "profit_factor": 0.5076086425146239,
      "windows": 10
    },
    {
      "entry_policy": "all_days",
      "feature_group": "reversal_fundamental_regime",
      "model_name": "xgb_d3_400_lr003_mcw3",
      "target_hit_bps": 50.0,
      "trades": 157,
      "win_rate": 0.7388535031847133,
      "avg_return": -0.0037823766629550217,
      "median_return": 0.005,
      "compound_return": -0.4646695885325203,
      "max_drawdown": -0.4627420314740629,
      "profit_factor": 0.49410770762099643,
      "windows": 10
    },
    {
      "entry_policy": "all_days",
      "feature_group": "reversal_fundamental_regime_sector",
      "model_name": "lgbm_leaves7_400",
      "target_hit_bps": 50.0,
      "trades": 130,
      "win_rate": 0.7076923076923077,
      "avg_return": -0.0053024811159381935,
      "median_return": 0.005,
      "compound_return": -0.5124970614435205,
      "max_drawdown": -0.5210280743362052,
      "profit_factor": 0.400235775389925,
      "windows": 10
    },
    {
      "entry_policy": "all_days",
      "feature_group": "reversal_fundamental_regime",
      "model_name": "xgb_d4_500_lr002_mcw5",
      "target_hit_bps": 50.0,
      "trades": 189,
      "win_rate": 0.746031746031746,
      "avg_return": -0.003921716045057167,
      "median_return": 0.005,
      "compound_return": -0.5423496266955723,
      "max_drawdown": -0.5579990573406554,
      "profit_factor": 0.48748298158780107,
      "windows": 10
    },
    {
      "entry_policy": "all_days",
      "feature_group": "reversal_fundamental_regime",
      "model_name": "xgb_d3_600_lr002_mcw3",
      "target_hit_bps": 50.0,
      "trades": 178,
      "win_rate": 0.7415730337078652,
      "avg_return": -0.004174752637178582,
      "median_return": 0.005,
      "compound_return": -0.5427377463666753,
      "max_drawdown": -0.5330075454652835,
      "profit_factor": 0.47038499898469116,
      "windows": 10
    },
    {
      "entry_policy": "all_days",
      "feature_group": "reversal_fundamental_regime_sector",
      "model_name": "random_forest_600_d4",
      "target_hit_bps": 50.0,
      "trades": 177,
      "win_rate": 0.7288135593220338,
      "avg_return": -0.004251318991961353,
      "median_return": 0.005,
      "compound_return": -0.5460506881650597,
      "max_drawdown": -0.5628876270829009,
      "profit_factor": 0.4614784139216514,
      "windows": 10
    },
    {
      "entry_policy": "all_days",
      "feature_group": "reversal_fundamental_regime",
      "model_name": "lgbm_leaves7_400",
      "target_hit_bps": 50.0,
      "trades": 178,
      "win_rate": 0.7078651685393258,
      "avg_return": -0.004367912547572105,
      "median_return": 0.005,
      "compound_return": -0.5557556120122962,
      "max_drawdown": -0.5612168251985488,
      "profit_factor": 0.4476058097669599,
      "windows": 10
    },
    {
      "entry_policy": "all_days",
      "feature_group": "reversal_fundamental_regime_sector_external",
      "model_name": "random_forest_600_d4",
      "target_hit_bps": 50.0,
      "trades": 139,
      "win_rate": 0.7338129496402878,
      "avg_return": -0.005925144697391745,
      "median_return": 0.005,
      "compound_return": -0.577487806327335,
      "max_drawdown": -0.5893479700653933,
      "profit_factor": 0.3824249167175223,
      "windows": 10
    },
    {
      "entry_policy": "all_days",
      "feature_group": "reversal_fundamental_regime_sector",
      "model_name": "xgb_d2_200_lr003_mcw5",
      "target_hit_bps": 50.0,
      "trades": 182,
      "win_rate": 0.7417582417582418,
      "avg_return": -0.0045887616933584134,
      "median_return": 0.005,
      "compound_return": -0.5836221950158487,
      "max_drawdown": -0.5918466885728569,
      "profit_factor": 0.44697409616157846,
      "windows": 10
    },
    {
      "entry_policy": "all_days",
      "feature_group": "reversal_fundamental_regime",
      "model_name": "lgbm_leaves15_700",
      "target_hit_bps": 50.0,
      "trades": 174,
      "win_rate": 0.6954022988505747,
      "avg_return": -0.004856541781651022,
      "median_return": 0.005,
      "compound_return": -0.5842255445048752,
      "max_drawdown": -0.5865363993899613,
      "profit_factor": 0.41723036730400465,
      "windows": 10
    },
    {
      "entry_policy": "all_days",
      "feature_group": "reversal_fundamental_regime_sector",
      "model_name": "lgbm_leaves15_700",
      "target_hit_bps": 50.0,
      "trades": 161,
      "win_rate": 0.6894409937888198,
      "avg_return": -0.005348284660663871,
      "median_return": 0.005,
      "compound_return": -0.5919469903598849,
      "max_drawdown": -0.5962337610067301,
      "profit_factor": 0.3919287173439311,
      "windows": 10
    },
    {
      "entry_policy": "all_days",
      "feature_group": "reversal_fundamental_regime_sector",
      "model_name": "xgb_d3_400_lr003_mcw3",
      "target_hit_bps": 50.0,
      "trades": 189,
      "win_rate": 0.7195767195767195,
      "avg_return": -0.004929806392208661,
      "median_return": 0.005,
      "compound_return": -0.6225578161299843,
      "max_drawdown": -0.6328334500612265,
      "profit_factor": 0.4219060029226829,
      "windows": 10
    },
    {
      "entry_policy": "all_days",
      "feature_group": "all_no_ak",
      "model_name": "extra_trees_600_d3",
      "target_hit_bps": 50.0,
      "trades": 182,
      "win_rate": 0.7747252747252747,
      "avg_return": -0.005113579541870932,
      "median_return": 0.005,
      "compound_return": -0.6240424237829472,
      "max_drawdown": -0.6455763139889705,
      "profit_factor": 0.4306086253038363,
      "windows": 10
    },
    {
      "entry_policy": "all_days",
      "feature_group": "all_no_ak",
      "model_name": "xgb_d3_600_lr002_mcw3",
      "target_hit_bps": 50.0,
      "trades": 220,
      "win_rate": 0.7727272727272727,
      "avg_return": -0.004481440290221047,
      "median_return": 0.005,
      "compound_return": -0.6450952952487041,
      "max_drawdown": -0.6600954006851913,
      "profit_factor": 0.4629839273975325,
      "windows": 10
    },
    {
      "entry_policy": "all_days",
      "feature_group": "reversal_fundamental_regime_sector_external",
      "model_name": "xgb_d4_500_lr002_mcw5",
      "target_hit_bps": 50.0,
      "trades": 240,
      "win_rate": 0.7583333333333333,
      "avg_return": -0.004436197972550736,
      "median_return": 0.005,
      "compound_return": -0.6716539685177303,
      "max_drawdown": -0.6855315672814256,
      "profit_factor": 0.46083240706148904,
      "windows": 10
    },
    {
      "entry_policy": "all_days",
      "feature_group": "all_no_ak",
      "model_name": "xgb_d3_400_lr003_mcw3",
      "target_hit_bps": 50.0,
      "trades": 207,
      "win_rate": 0.748792270531401,
      "avg_return": -0.005214390346978102,
      "median_return": 0.005,
      "compound_return": -0.6764958137558579,
      "max_drawdown": -0.6862172426535155,
      "profit_factor": 0.4179297127628405,
      "windows": 10
    },
    {
      "entry_policy": "all_days",
      "feature_group": "reversal_fundamental_regime_sector",
      "model_name": "xgb_d4_500_lr002_mcw5",
      "target_hit_bps": 50.0,
      "trades": 213,
      "win_rate": 0.7230046948356808,
      "avg_return": -0.005080133441303999,
      "median_return": 0.005,
      "compound_return": -0.6773303219497225,
      "max_drawdown": -0.6854618069134351,
      "profit_factor": 0.41575137853367244,
      "windows": 10
    },
    {
      "entry_policy": "all_days",
      "feature_group": "reversal_fundamental_regime_sector_external",
      "model_name": "xgb_d3_600_lr002_mcw3",
      "target_hit_bps": 50.0,
      "trades": 210,
      "win_rate": 0.7476190476190476,
      "avg_return": -0.005241558766802507,
      "median_return": 0.005,
      "compound_return": -0.683662336183253,
      "max_drawdown": -0.6977252380646914,
      "profit_factor": 0.416284996733324,
      "windows": 10
    }
  ]
}

[2026-05-12T07:19:16] RUN search_all_days_hit_80bps
  /usr/bin/python3 model_training/search_walk_forward_model_complexity.py --samples /root/workspace/stock_realtime_v021_full/saved_data/601138_pipeline_out_v2_all14/04_external/ai_compute/training_samples_with_ai_compute_external.csv --intraday-bars /root/workspace/stock_realtime_v021_full/saved_data/601138_pipeline_out_v2_all14/00_base/601138_5m.csv --out-dir /root/workspace/stock_realtime_v021_full/saved_data/601138_pipeline_out_v2_all14/10_search/search_all_days_hit_80bps --round-trip-cost-bps 1.7 --target-hit-bps 80.0 --label-mode hit --entry-policy all_days --entry-vwap-premium-bps 50.0 --max-missing 0.35 --groups reversal_fundamental_regime,reversal_fundamental_regime_sector,reversal_fundamental_regime_sector_external,all_no_ak --models xgb_d2_200_lr003_mcw5,xgb_d3_400_lr003_mcw3,xgb_d3_600_lr002_mcw3,xgb_d4_500_lr002_mcw5,lgbm_leaves7_400,lgbm_leaves15_700,extra_trees_600_d3,random_forest_600_d4 --quantiles 0.5,0.6,0.7,0.8 --train-rows 756 --valid-rows 126 --test-rows 63 --min-valid-trades 8 --min-train-entries 80
{
  "rows": 1535,
  "target_hit_bps": 80.0,
  "label_mode": "hit",
  "entry_policy": "all_days",
  "entry_vwap_premium_bps": 50.0,
  "groups": {
    "reversal_fundamental_regime": 135,
    "reversal_fundamental_regime_sector": 158,
    "reversal_fundamental_regime_sector_external": 511,
    "all_no_ak": 566
  },
  "models": [
    "xgb_d2_200_lr003_mcw5",
    "xgb_d3_400_lr003_mcw3",
    "xgb_d3_600_lr002_mcw3",
    "xgb_d4_500_lr002_mcw5",
    "extra_trees_600_d3",
    "random_forest_600_d4",
    "lgbm_leaves7_400",
    "lgbm_leaves15_700"
  ],
  "top": [
    {
      "entry_policy": "all_days",
      "feature_group": "reversal_fundamental_regime_sector_external",
      "model_name": "xgb_d2_200_lr003_mcw5",
      "target_hit_bps": 80.0,
      "trades": 132,
      "win_rate": 0.7348484848484849,
      "avg_return": -0.0015356727965883212,
      "median_return": 0.008,
      "compound_return": -0.20398108511956037,
      "max_drawdown": -0.3241947756133625,
      "profit_factor": 0.7915121141932299,
      "windows": 10
    },
    {
      "entry_policy": "all_days",
      "feature_group": "all_no_ak",
      "model_name": "xgb_d2_200_lr003_mcw5",
      "target_hit_bps": 80.0,
      "trades": 112,
      "win_rate": 0.7321428571428571,
      "avg_return": -0.002869955589516923,
      "median_return": 0.008,
      "compound_return": -0.29611050789608173,
      "max_drawdown": -0.32939693506365386,
      "profit_factor": 0.671144354901213,
      "windows": 10
    },
    {
      "entry_policy": "all_days",
      "feature_group": "all_no_ak",
      "model_name": "random_forest_600_d4",
      "target_hit_bps": 80.0,
      "trades": 81,
      "win_rate": 0.7037037037037037,
      "avg_return": -0.004079092432556836,
      "median_return": 0.008,
      "compound_return": -0.29796683927684886,
      "max_drawdown": -0.36295829027852644,
      "profit_factor": 0.5798527956172432,
      "windows": 10
    },
    {
      "entry_policy": "all_days",
      "feature_group": "reversal_fundamental_regime",
      "model_name": "random_forest_600_d4",
      "target_hit_bps": 80.0,
      "trades": 98,
      "win_rate": 0.6632653061224489,
      "avg_return": -0.004136272136607861,
      "median_return": 0.008,
      "compound_return": -0.3501173857861638,
      "max_drawdown": -0.3810219990302638,
      "profit_factor": 0.5619466969828474,
      "windows": 10
    },
    {
      "entry_policy": "all_days",
      "feature_group": "reversal_fundamental_regime_sector_external",
      "model_name": "xgb_d3_600_lr002_mcw3",
      "target_hit_bps": 80.0,
      "trades": 121,
      "win_rate": 0.7107438016528925,
      "avg_return": -0.003398482833894165,
      "median_return": 0.008,
      "compound_return": -0.3547079984552819,
      "max_drawdown": -0.4002805693524778,
      "profit_factor": 0.6195423086755486,
      "windows": 10
    },
    {
      "entry_policy": "all_days",
      "feature_group": "reversal_fundamental_regime_sector_external",
      "model_name": "lgbm_leaves7_400",
      "target_hit_bps": 80.0,
      "trades": 143,
      "win_rate": 0.6993006993006993,
      "avg_return": -0.002895997580654003,
      "median_return": 0.008,
      "compound_return": -0.3589155514327048,
      "max_drawdown": -0.4052160686190117,
      "profit_factor": 0.656253137491389,
      "windows": 10
    },
    {
      "entry_policy": "all_days",
      "feature_group": "reversal_fundamental_regime_sector",
      "model_name": "xgb_d2_200_lr003_mcw5",
      "target_hit_bps": 80.0,
      "trades": 140,
      "win_rate": 0.7142857142857143,
      "avg_return": -0.0029320153239924345,
      "median_return": 0.008,
      "compound_return": -0.3610153584233118,
      "max_drawdown": -0.5197093126564266,
      "profit_factor": 0.6587968196005064,
      "windows": 10
    },
    {
      "entry_policy": "all_days",
      "feature_group": "all_no_ak",
      "model_name": "lgbm_leaves7_400",
      "target_hit_bps": 80.0,
      "trades": 121,
      "win_rate": 0.71900826446281,
      "avg_return": -0.0034790889441236096,
      "median_return": 0.008,
      "compound_return": -0.3646013097711682,
      "max_drawdown": -0.38453382924070434,
      "profit_factor": 0.621173049243561,
      "windows": 10
    },
    {
      "entry_policy": "all_days",
      "feature_group": "reversal_fundamental_regime_sector_external",
      "model_name": "xgb_d3_400_lr003_mcw3",
      "target_hit_bps": 80.0,
      "trades": 117,
      "win_rate": 0.7094017094017094,
      "avg_return": -0.0039185134665829,
      "median_return": 0.008,
      "compound_return": -0.38832940360971435,
      "max_drawdown": -0.42697974427027485,
      "profit_factor": 0.5859828832977237,
      "windows": 10
    },
    {
      "entry_policy": "all_days",
      "feature_group": "reversal_fundamental_regime_sector_external",
      "model_name": "lgbm_leaves15_700",
      "target_hit_bps": 80.0,
      "trades": 137,
      "win_rate": 0.7153284671532847,
      "avg_return": -0.0034368664343025087,
      "median_return": 0.008,
      "compound_return": -0.3977519511857498,
      "max_drawdown": -0.4216421742444234,
      "profit_factor": 0.6245650127580757,
      "windows": 10
    },
    {
      "entry_policy": "all_days",
      "feature_group": "reversal_fundamental_regime_sector_external",
      "model_name": "random_forest_600_d4",
      "target_hit_bps": 80.0,
      "trades": 116,
      "win_rate": 0.7155172413793104,
      "avg_return": -0.004114881106796725,
      "median_return": 0.008,
      "compound_return": -0.39891143932938566,
      "max_drawdown": -0.42784737169327647,
      "profit_factor": 0.5796712130423523,
      "windows": 10
    },
    {
      "entry_policy": "all_days",
      "feature_group": "reversal_fundamental_regime",
      "model_name": "xgb_d2_200_lr003_mcw5",
      "target_hit_bps": 80.0,
      "trades": 157,
      "win_rate": 0.7133757961783439,
      "avg_return": -0.0031436936275702335,
      "median_return": 0.008,
      "compound_return": -0.41504348653060374,
      "max_drawdown": -0.4511105709043485,
      "profit_factor": 0.6448084751898859,
      "windows": 10
    },
    {
      "entry_policy": "all_days",
      "feature_group": "all_no_ak",
      "model_name": "xgb_d3_600_lr002_mcw3",
      "target_hit_bps": 80.0,
      "trades": 109,
      "win_rate": 0.7155963302752294,
      "avg_return": -0.00462342928820283,
      "median_return": 0.008,
      "compound_return": -0.4162109368655522,
      "max_drawdown": -0.4345244572520027,
      "profit_factor": 0.5509352074539197,
      "windows": 10
    },
    {
      "entry_policy": "all_days",
      "feature_group": "reversal_fundamental_regime",
      "model_name": "xgb_d3_600_lr002_mcw3",
      "target_hit_bps": 80.0,
      "trades": 167,
      "win_rate": 0.6826347305389222,
      "avg_return": -0.0031854632183112327,
      "median_return": 0.008,
      "compound_return": -0.4348934024857165,
      "max_drawdown": -0.48597434946944484,
      "profit_factor": 0.6269799575226237,
      "windows": 10
    },
    {
      "entry_policy": "all_days",
      "feature_group": "reversal_fundamental_regime",
      "model_name": "xgb_d4_500_lr002_mcw5",
      "target_hit_bps": 80.0,
      "trades": 172,
      "win_rate": 0.6918604651162791,
      "avg_return": -0.003099324229043423,
      "median_return": 0.008,
      "compound_return": -0.4370731700079715,
      "max_drawdown": -0.4262675323329702,
      "profit_factor": 0.6410412805666932,
      "windows": 10
    },
    {
      "entry_policy": "all_days",
      "feature_group": "reversal_fundamental_regime_sector",
      "model_name": "xgb_d3_600_lr002_mcw3",
      "target_hit_bps": 80.0,
      "trades": 134,
      "win_rate": 0.6417910447761194,
      "avg_return": -0.004484944593599226,
      "median_return": 0.008,
      "compound_return": -0.4713295766872667,
      "max_drawdown": -0.501449884608824,
      "profit_factor": 0.5337543059575861,
      "windows": 10
    },
    {
      "entry_policy": "all_days",
      "feature_group": "reversal_fundamental_regime_sector",
      "model_name": "lgbm_leaves15_700",
      "target_hit_bps": 80.0,
      "trades": 140,
      "win_rate": 0.6642857142857143,
      "avg_return": -0.004312082316852453,
      "median_return": 0.008,
      "compound_return": -0.47134235335289953,
      "max_drawdown": -0.48951732080065125,
      "profit_factor": 0.5518211314989578,
      "windows": 10
    },
    {
      "entry_policy": "all_days",
      "feature_group": "all_no_ak",
      "model_name": "xgb_d3_400_lr003_mcw3",
      "target_hit_bps": 80.0,
      "trades": 139,
      "win_rate": 0.697841726618705,
      "avg_return": -0.004913935592222958,
      "median_return": 0.008,
      "compound_return": -0.5174914781404238,
      "max_drawdown": -0.5326278179756846,
      "profit_factor": 0.5300137505952515,
      "windows": 10
    },
    {
      "entry_policy": "all_days",
      "feature_group": "all_no_ak",
      "model_name": "xgb_d4_500_lr002_mcw5",
      "target_hit_bps": 80.0,
      "trades": 165,
      "win_rate": 0.703030303030303,
      "avg_return": -0.004148899072577047,
      "median_return": 0.008,
      "compound_return": -0.517504479883168,
      "max_drawdown": -0.5251327474284768,
      "profit_factor": 0.5737805423646111,
      "windows": 10
    },
    {
      "entry_policy": "all_days",
      "feature_group": "reversal_fundamental_regime_sector_external",
      "model_name": "xgb_d4_500_lr002_mcw5",
      "target_hit_bps": 80.0,
      "trades": 141,
      "win_rate": 0.7163120567375887,
      "avg_return": -0.0049733007549976355,
      "median_return": 0.008,
      "compound_return": -0.5255349163295009,
      "max_drawdown": -0.5330362224520315,
      "profit_factor": 0.5333831091622359,
      "windows": 10
    }
  ]
}

[2026-05-12T07:31:51] RUN search_all_days_close_profit_50bps
  /usr/bin/python3 model_training/search_walk_forward_model_complexity.py --samples /root/workspace/stock_realtime_v021_full/saved_data/601138_pipeline_out_v2_all14/04_external/ai_compute/training_samples_with_ai_compute_external.csv --intraday-bars /root/workspace/stock_realtime_v021_full/saved_data/601138_pipeline_out_v2_all14/00_base/601138_5m.csv --out-dir /root/workspace/stock_realtime_v021_full/saved_data/601138_pipeline_out_v2_all14/10_search/search_all_days_close_profit_50bps --round-trip-cost-bps 1.7 --target-hit-bps 50.0 --label-mode close_profit --entry-policy all_days --entry-vwap-premium-bps 50.0 --max-missing 0.35 --groups reversal_fundamental_regime,reversal_fundamental_regime_sector,reversal_fundamental_regime_sector_external,all_no_ak --models xgb_d2_200_lr003_mcw5,xgb_d3_400_lr003_mcw3,xgb_d3_600_lr002_mcw3,xgb_d4_500_lr002_mcw5,lgbm_leaves7_400,lgbm_leaves15_700,extra_trees_600_d3,random_forest_600_d4 --quantiles 0.5,0.6,0.7,0.8 --train-rows 756 --valid-rows 126 --test-rows 63 --min-valid-trades 8 --min-train-entries 80
{
  "rows": 1535,
  "target_hit_bps": 50.0,
  "label_mode": "close_profit",
  "entry_policy": "all_days",
  "entry_vwap_premium_bps": 50.0,
  "groups": {
    "reversal_fundamental_regime": 135,
    "reversal_fundamental_regime_sector": 158,
    "reversal_fundamental_regime_sector_external": 511,
    "all_no_ak": 566
  },
  "models": [
    "xgb_d2_200_lr003_mcw5",
    "xgb_d3_400_lr003_mcw3",
    "xgb_d3_600_lr002_mcw3",
    "xgb_d4_500_lr002_mcw5",
    "extra_trees_600_d3",
    "random_forest_600_d4",
    "lgbm_leaves7_400",
    "lgbm_leaves15_700"
  ],
  "top": [
    {
      "entry_policy": "all_days",
      "feature_group": "all_no_ak",
      "model_name": "xgb_d3_400_lr003_mcw3",
      "target_hit_bps": 50.0,
      "trades": 162,
      "win_rate": 0.5555555555555556,
      "avg_return": 0.0051007035461431765,
      "median_return": 0.003469619943869188,
      "compound_return": 1.0959565131446083,
      "max_drawdown": -0.2416652264232988,
      "profit_factor": 1.5673824102984901,
      "windows": 10
    },
    {
      "entry_policy": "all_days",
      "feature_group": "reversal_fundamental_regime_sector_external",
      "model_name": "xgb_d4_500_lr002_mcw5",
      "target_hit_bps": 50.0,
      "trades": 158,
      "win_rate": 0.5126582278481012,
      "avg_return": 0.005082100607449115,
      "median_return": 0.001139790864104765,
      "compound_return": 1.0450282969851536,
      "max_drawdown": -0.19158287975905297,
      "profit_factor": 1.5227328152537347,
      "windows": 10
    },
    {
      "entry_policy": "all_days",
      "feature_group": "all_no_ak",
      "model_name": "xgb_d4_500_lr002_mcw5",
      "target_hit_bps": 50.0,
      "trades": 179,
      "win_rate": 0.5083798882681564,
      "avg_return": 0.004359517566586134,
      "median_return": 0.0008426582278482399,
      "compound_return": 0.9732872152418792,
      "max_drawdown": -0.24002789544214143,
      "profit_factor": 1.438977688518171,
      "windows": 10
    },
    {
      "entry_policy": "all_days",
      "feature_group": "all_no_ak",
      "model_name": "extra_trees_600_d3",
      "target_hit_bps": 50.0,
      "trades": 134,
      "win_rate": 0.5373134328358209,
      "avg_return": 0.004527793704333797,
      "median_return": 0.0033882284031824285,
      "compound_return": 0.6932046432677184,
      "max_drawdown": -0.24379543873793108,
      "profit_factor": 1.4566357836487314,
      "windows": 10
    },
    {
      "entry_policy": "all_days",
      "feature_group": "reversal_fundamental_regime_sector",
      "model_name": "extra_trees_600_d3",
      "target_hit_bps": 50.0,
      "trades": 177,
      "win_rate": 0.5536723163841808,
      "avg_return": 0.0034573265171472843,
      "median_return": 0.003830762049914286,
      "compound_return": 0.6798148000466564,
      "max_drawdown": -0.2483854222031877,
      "profit_factor": 1.3552780922614072,
      "windows": 10
    },
    {
      "entry_policy": "all_days",
      "feature_group": "all_no_ak",
      "model_name": "xgb_d2_200_lr003_mcw5",
      "target_hit_bps": 50.0,
      "trades": 207,
      "win_rate": 0.5120772946859904,
      "avg_return": 0.0029475172492098457,
      "median_return": 0.0008426582278482399,
      "compound_return": 0.653722867727695,
      "max_drawdown": -0.2769477093176328,
      "profit_factor": 1.2897863045297429,
      "windows": 10
    },
    {
      "entry_policy": "all_days",
      "feature_group": "reversal_fundamental_regime_sector",
      "model_name": "lgbm_leaves15_700",
      "target_hit_bps": 50.0,
      "trades": 156,
      "win_rate": 0.4935897435897436,
      "avg_return": 0.0038037374672777002,
      "median_return": -0.0005778303425775753,
      "compound_return": 0.642159820918796,
      "max_drawdown": -0.28546677716404534,
      "profit_factor": 1.3487647547210955,
      "windows": 10
    },
    {
      "entry_policy": "all_days",
      "feature_group": "reversal_fundamental_regime_sector_external",
      "model_name": "xgb_d3_600_lr002_mcw3",
      "target_hit_bps": 50.0,
      "trades": 140,
      "win_rate": 0.5,
      "avg_return": 0.003945612282885547,
      "median_return": 1.585449553868245e-06,
      "compound_return": 0.6096133536322295,
      "max_drawdown": -0.28134981887376265,
      "profit_factor": 1.3931904289870547,
      "windows": 10
    },
    {
      "entry_policy": "all_days",
      "feature_group": "reversal_fundamental_regime_sector_external",
      "model_name": "lgbm_leaves7_400",
      "target_hit_bps": 50.0,
      "trades": 135,
      "win_rate": 0.5037037037037037,
      "avg_return": 0.003878361843839491,
      "median_return": 0.0010871839080459668,
      "compound_return": 0.5667490575024079,
      "max_drawdown": -0.2469093729120354,
      "profit_factor": 1.3974413699487582,
      "windows": 10
    },
    {
      "entry_policy": "all_days",
      "feature_group": "reversal_fundamental_regime_sector_external",
      "model_name": "xgb_d2_200_lr003_mcw5",
      "target_hit_bps": 50.0,
      "trades": 142,
      "win_rate": 0.5211267605633803,
      "avg_return": 0.0032427935750652666,
      "median_return": 0.001139790864104765,
      "compound_return": 0.4663371376671941,
      "max_drawdown": -0.24158613198583456,
      "profit_factor": 1.324688415083241,
      "windows": 10
    },
    {
      "entry_policy": "all_days",
      "feature_group": "reversal_fundamental_regime",
      "model_name": "random_forest_600_d4",
      "target_hit_bps": 50.0,
      "trades": 165,
      "win_rate": 0.5272727272727272,
      "avg_return": 0.0027531828917206585,
      "median_return": 0.0026898665395616063,
      "compound_return": 0.4327962290575835,
      "max_drawdown": -0.29135475967233104,
      "profit_factor": 1.2530346256585139,
      "windows": 10
    },
    {
      "entry_policy": "all_days",
      "feature_group": "reversal_fundamental_regime_sector_external",
      "model_name": "extra_trees_600_d3",
      "target_hit_bps": 50.0,
      "trades": 110,
      "win_rate": 0.5454545454545454,
      "avg_return": 0.0037070804038080484,
      "median_return": 0.004996666666666542,
      "compound_return": 0.408485487463184,
      "max_drawdown": -0.21726763849259445,
      "profit_factor": 1.3526101785363265,
      "windows": 10
    },
    {
      "entry_policy": "all_days",
      "feature_group": "all_no_ak",
      "model_name": "xgb_d3_600_lr002_mcw3",
      "target_hit_bps": 50.0,
      "trades": 169,
      "win_rate": 0.4970414201183432,
      "avg_return": 0.002433542482508918,
      "median_return": -0.00016999999999999999,
      "compound_return": 0.3609301969898959,
      "max_drawdown": -0.30419001998505624,
      "profit_factor": 1.2114710528400867,
      "windows": 10
    },
    {
      "entry_policy": "all_days",
      "feature_group": "all_no_ak",
      "model_name": "lgbm_leaves15_700",
      "target_hit_bps": 50.0,
      "trades": 135,
      "win_rate": 0.5111111111111111,
      "avg_return": 0.002613313181502131,
      "median_return": 0.0008426582278482399,
      "compound_return": 0.3229003192432045,
      "max_drawdown": -0.22512222569115203,
      "profit_factor": 1.2455804379821458,
      "windows": 10
    },
    {
      "entry_policy": "all_days",
      "feature_group": "reversal_fundamental_regime_sector",
      "model_name": "xgb_d2_200_lr003_mcw5",
      "target_hit_bps": 50.0,
      "trades": 127,
      "win_rate": 0.5354330708661418,
      "avg_return": 0.002621315039677132,
      "median_return": 0.0012045704467353903,
      "compound_return": 0.30138235689508863,
      "max_drawdown": -0.23033533915467208,
      "profit_factor": 1.2506049667853596,
      "windows": 10
    },
    {
      "entry_policy": "all_days",
      "feature_group": "reversal_fundamental_regime_sector",
      "model_name": "xgb_d4_500_lr002_mcw5",
      "target_hit_bps": 50.0,
      "trades": 185,
      "win_rate": 0.5081081081081081,
      "avg_return": 0.0019570268536328174,
      "median_return": 0.0010871839080459668,
      "compound_return": 0.299913889880417,
      "max_drawdown": -0.3826947109884047,
      "profit_factor": 1.1798403969744873,
      "windows": 10
    },
    {
      "entry_policy": "all_days",
      "feature_group": "reversal_fundamental_regime_sector",
      "model_name": "xgb_d3_600_lr002_mcw3",
      "target_hit_bps": 50.0,
      "trades": 149,
      "win_rate": 0.5234899328859061,
      "avg_return": 0.0021763579005159685,
      "median_return": 0.0012045704467353903,
      "compound_return": 0.28698861527379593,
      "max_drawdown": -0.30097263845140687,
      "profit_factor": 1.2230659004366793,
      "windows": 10
    },
    {
      "entry_policy": "all_days",
      "feature_group": "all_no_ak",
      "model_name": "lgbm_leaves7_400",
      "target_hit_bps": 50.0,
      "trades": 159,
      "win_rate": 0.49056603773584906,
      "avg_return": 0.0021256697854704987,
      "median_return": -0.0010684725965858198,
      "compound_return": 0.2718700568863155,
      "max_drawdown": -0.33924770017632455,
      "profit_factor": 1.1836379196233988,
      "windows": 10
    },
    {
      "entry_policy": "all_days",
      "feature_group": "reversal_fundamental_regime_sector_external",
      "model_name": "xgb_d3_400_lr003_mcw3",
      "target_hit_bps": 50.0,
      "trades": 152,
      "win_rate": 0.4868421052631579,
      "avg_return": 0.002099958842165612,
      "median_return": -0.0014289941703864405,
      "compound_return": 0.2622436539136892,
      "max_drawdown": -0.33478008265240355,
      "profit_factor": 1.190459461783224,
      "windows": 10
    },
    {
      "entry_policy": "all_days",
      "feature_group": "reversal_fundamental_regime_sector",
      "model_name": "xgb_d3_400_lr003_mcw3",
      "target_hit_bps": 50.0,
      "trades": 161,
      "win_rate": 0.4906832298136646,
      "avg_return": 0.0017882018073913722,
      "median_return": -0.00016999999999999999,
      "compound_return": 0.21807895656023146,
      "max_drawdown": -0.3265008182788083,
      "profit_factor": 1.1615895098125997,
      "windows": 10
    }
  ]
}

[2026-05-12T07:44:35] RUN summarize
  /usr/bin/python3 model_training/summarize_nextday_search_results.py --pipeline-out /root/workspace/stock_realtime_v021_full/saved_data/601138_pipeline_out_v2_all14 --out-dir /root/workspace/stock_realtime_v021_full/saved_data/601138_pipeline_out_v2_all14/99_summary --excel
{
  "rows": 192,
  "outputs": {
    "final_leaderboard": "/root/workspace/stock_realtime_v021_full/saved_data/601138_pipeline_out_v2_all14/99_summary/final_leaderboard.csv",
    "best_by_target_top5": "/root/workspace/stock_realtime_v021_full/saved_data/601138_pipeline_out_v2_all14/99_summary/best_by_target_top5.csv",
    "best_by_entry_policy_top5": "/root/workspace/stock_realtime_v021_full/saved_data/601138_pipeline_out_v2_all14/99_summary/best_by_entry_policy_top5.csv",
    "excel": "/root/workspace/stock_realtime_v021_full/saved_data/601138_pipeline_out_v2_all14/99_summary/final_leaderboard.xlsx",
    "summary_manifest": "/root/workspace/stock_realtime_v021_full/saved_data/601138_pipeline_out_v2_all14/99_summary/summary_manifest.json"
  }
}
=== nextday pipeline end: 2026-05-12T07:44:36 status=ok ===
