=== nextday pipeline start: 2026-05-17T00:58:51 ===
symbol=002028.SZ, out_root=/root/stock_realtime_v021_full/saved_data/002028_pipeline_out_v2_new27_full

[2026-05-17T00:58:51] RUN update_data
  /usr/bin/python3 bootstrap/ashare_xgb_dual_opportunity_regression_baostock_full_v19_compressed_trading_axis.py --mode update_data --symbol 002028 --benchmark_symbol 000300 --daily_start 2018-01-01 --daily_end 2026-05-15 --intraday_start '2018-01-01 09:30:00' --intraday_end '2026-05-15 15:00:00' --output_dir /root/stock_realtime_v021_full/saved_data/002028_pipeline_out_v2_new27_full/00_base --cache_mode incremental --feature_cache_mode incremental --adjust qfq
/root/stock_realtime_v021_full/bootstrap/ashare_fetch_and_train_xgb_sell_signal_baostock_state_cache_helper_fix2.py:246: FutureWarning: The behavior of DataFrame concatenation with empty or all-NA entries is deprecated. In a future version, this will no longer exclude empty or all-NA columns when determining the result dtypes. To retain the old behavior, exclude the relevant entries before the concat operation.
  merged = _normalize_daily_df(pd.concat([df_old, df_new], axis=0, ignore_index=True))
/root/stock_realtime_v021_full/bootstrap/ashare_fetch_and_train_xgb_sell_signal_baostock_state_cache_helper_fix2.py:248: FutureWarning: The behavior of DataFrame concatenation with empty or all-NA entries is deprecated. In a future version, this will no longer exclude empty or all-NA columns when determining the result dtypes. To retain the old behavior, exclude the relevant entries before the concat operation.
  merged = _normalize_intraday_df(pd.concat([df_old, df_new], axis=0, ignore_index=True))
/root/stock_realtime_v021_full/bootstrap/ashare_fetch_and_train_xgb_sell_signal_baostock_state_cache_helper_fix2.py:254: FutureWarning: The behavior of DataFrame concatenation with empty or all-NA entries is deprecated. In a future version, this will no longer exclude empty or all-NA columns when determining the result dtypes. To retain the old behavior, exclude the relevant entries before the concat operation.
  merged = _normalize_bench_df(pd.concat([df_old, df_new], axis=0, ignore_index=True))
/root/stock_realtime_v021_full/bootstrap/ashare_fetch_and_train_xgb_sell_signal_baostock_state_cache_helper_fix2.py:250: FutureWarning: The behavior of DataFrame concatenation with empty or all-NA entries is deprecated. In a future version, this will no longer exclude empty or all-NA columns when determining the result dtypes. To retain the old behavior, exclude the relevant entries before the concat operation.
  merged = _normalize_daily_feature_df(pd.concat([df_old, df_new], axis=0, ignore_index=True))
/root/stock_realtime_v021_full/bootstrap/ashare_fetch_and_train_xgb_sell_signal_baostock_state_cache_helper_fix2.py:252: FutureWarning: The behavior of DataFrame concatenation with empty or all-NA entries is deprecated. In a future version, this will no longer exclude empty or all-NA columns when determining the result dtypes. To retain the old behavior, exclude the relevant entries before the concat operation.
  merged = _normalize_intraday_feature_df(pd.concat([df_old, df_new], axis=0, ignore_index=True))
login success!
logout success!
login success!
logout success!
login success!
logout success!
{
  "mode": "update_data",
  "symbol": "002028",
  "data_source": "baostock",
  "daily_rows": 2027,
  "intraday_rows": 73920,
  "daily_min": "2018-01-02 00:00:00",
  "daily_max": "2026-05-15 00:00:00",
  "intraday_min": "2020-01-02 09:35:00",
  "intraday_max": "2026-05-15 15:00:00",
  "base_paths": {
    "daily_csv": "/root/stock_realtime_v021_full/saved_data/002028_pipeline_out_v2_new27_full/00_base/002028_daily.csv",
    "intraday_csv": "/root/stock_realtime_v021_full/saved_data/002028_pipeline_out_v2_new27_full/00_base/002028_5m.csv",
    "benchmark_csv": "/root/stock_realtime_v021_full/saved_data/002028_pipeline_out_v2_new27_full/00_base/000300_benchmark_daily.csv",
    "raw_daily_cache_csv": "/root/stock_realtime_v021_full/saved_data/002028_pipeline_out_v2_new27_full/00_base/raw_cache/002028_daily_raw.csv",
    "raw_intraday_cache_csv": "/root/stock_realtime_v021_full/saved_data/002028_pipeline_out_v2_new27_full/00_base/raw_cache/002028_5m_raw.csv",
    "raw_benchmark_cache_csv": "/root/stock_realtime_v021_full/saved_data/002028_pipeline_out_v2_new27_full/00_base/raw_cache/000300_benchmark_daily_raw.csv",
    "daily_features_csv": "/root/stock_realtime_v021_full/saved_data/002028_pipeline_out_v2_new27_full/00_base/daily_features.csv",
    "intraday_features_csv": "/root/stock_realtime_v021_full/saved_data/002028_pipeline_out_v2_new27_full/00_base/intraday_features.csv",
    "daily_features_cache_csv": "/root/stock_realtime_v021_full/saved_data/002028_pipeline_out_v2_new27_full/00_base/feature_cache/daily_features_cache.csv",
    "intraday_features_cache_csv": "/root/stock_realtime_v021_full/saved_data/002028_pipeline_out_v2_new27_full/00_base/feature_cache/intraday_features_cache.csv",
    "feature_state_json": "/root/stock_realtime_v021_full/saved_data/002028_pipeline_out_v2_new27_full/00_base/feature_cache/feature_state.json"
  },
  "fetch_logs": {
    "symbol": "002028",
    "benchmark_symbol": "000300",
    "daily_start": "2018-01-01",
    "daily_end": "2026-05-15",
    "intraday_start": "2018-01-01 09:30:00",
    "intraday_end": "2026-05-15 15:00:00",
    "perf_start": "2018-01-01",
    "data_source": "baostock",
    "cache_mode": "incremental",
    "force_refresh": false,
    "raw_cache_dir": "/root/stock_realtime_v021_full/saved_data/002028_pipeline_out_v2_new27_full/00_base/raw_cache",
    "feature_cache_dir": "/root/stock_realtime_v021_full/saved_data/002028_pipeline_out_v2_new27_full/00_base/feature_cache",
    "feature_cache_mode": "incremental",
    "daily": {
      "cache_path": "/root/stock_realtime_v021_full/saved_data/002028_pipeline_out_v2_new27_full/00_base/raw_cache/002028_daily_raw.csv",
      "requested_start": "2018-01-01",
      "requested_end": "2026-05-15",
      "mode": "initial_fetch",
      "fetch_segments": [
        {
          "provider": "baostock",
          "code": "sz.002028",
          "adjustflag": "2",
          "rows": 2027,
          "start": "2018-01-01",
          "end": "2026-05-15"
        }
      ],
      "cache_after": {
        "rows": 2027,
        "min": "2018-01-02 00:00:00",
        "max": "2026-05-15 00:00:00"
      }
    },
    "intraday_5m": {
      "cache_path": "/root/stock_realtime_v021_full/saved_data/002028_pipeline_out_v2_new27_full/00_base/raw_cache/002028_5m_raw.csv",
      "requested_start": "2018-01-01 09:30:00",
      "requested_end": "2026-05-15 15:00:00",
      "mode": "initial_fetch",
      "fetch_segments": [
        {
          "provider": "baostock",
          "code": "sz.002028",
          "adjustflag": "2",
          "requested_start": "2018-01-01 09:30:00",
          "effective_start": "2018-01-01 09:30:00",
          "requested_end": "2026-05-15 15:00:00",
          "rows": 73920
        }
      ],
      "cache_after": {
        "rows": 73920,
        "min": "2020-01-02 09:35:00",
        "max": "2026-05-15 15:00:00"
      }
    },
    "benchmark_daily": {
      "cache_path": "/root/stock_realtime_v021_full/saved_data/002028_pipeline_out_v2_new27_full/00_base/raw_cache/000300_benchmark_daily_raw.csv",
      "requested_start": "2018-01-01",
      "requested_end": "2026-05-15",
      "mode": "initial_fetch",
      "fetch_segments": [
        {
          "provider": "baostock",
          "code": "sh.000300",
          "rows": 2027,
          "start": "2018-01-01",
          "end": "2026-05-15"
        }
      ],
      "cache_after": {
        "rows": 2027,
        "min": "2018-01-02 00:00:00",
        "max": "2026-05-15 00:00:00"
      }
    },
    "feature_build": {
      "mode": "full_rebuild",
      "reason": "feature_cache_missing",
      "daily_cache_after": {
        "rows": 2027,
        "min": "2018-01-02 00:00:00",
        "max": "2026-05-15 00:00:00"
      },
      "intraday_cache_after": {
        "rows": 73920,
        "min": "2020-01-02 09:35:00",
        "max": "2026-05-15 15:00:00"
      },
      "daily_context_days": 260,
      "intraday_context_days": 40,
      "daily_appended_rows": 2027,
      "intraday_appended_rows": 73920
    },
    "feature_state": {
      "daily_feature_max": "2026-05-15 00:00:00",
      "intraday_feature_max": "2026-05-15 15:00:00",
      "daily_context_days": 260,
      "intraday_context_days": 40,
      "feature_build_mode": "full_rebuild"
    }
  }
}

[2026-05-17T01:01:59] RUN samples
  /usr/bin/python3 feature_building/build_nextday_samples_from_baostock.py --daily-features /root/stock_realtime_v021_full/saved_data/002028_pipeline_out_v2_new27_full/00_base/daily_features.csv --intraday-bars /root/stock_realtime_v021_full/saved_data/002028_pipeline_out_v2_new27_full/00_base/002028_5m.csv --out-dir /root/stock_realtime_v021_full/saved_data/002028_pipeline_out_v2_new27_full/01_samples --min-bars 40 --keep-unlabeled-tail
{
  "rows": 1540,
  "date_min": "2020-01-02",
  "date_max": "2026-05-15",
  "out": "/root/stock_realtime_v021_full/saved_data/002028_pipeline_out_v2_new27_full/01_samples/training_samples.csv"
}

[2026-05-17T01:02:00] RUN fundamental
  /usr/bin/python3 feature_building/build_fundamental_features.py --symbol 002028.SZ --daily-samples /root/stock_realtime_v021_full/saved_data/002028_pipeline_out_v2_new27_full/01_samples/training_samples.csv --out-dir /root/stock_realtime_v021_full/saved_data/002028_pipeline_out_v2_new27_full/02_fundamental --start-date 2018-01-01 --end-date 2026-05-15 --fallback-lag-days 120
login success!
logout success!
{
  "rows": 1540,
  "date_min": "2020-01-02",
  "date_max": "2026-05-15",
  "source_errors": [],
  "top_missing_rates": {
    "ak_fund_小单净流入-净额_sum10": 0.9246753246753247,
    "ak_fund_主力净流入-净额_sum10": 0.9246753246753247,
    "ak_fund_主力净流入-净占比_sum10": 0.9246753246753247,
    "ak_fund_涨跌幅_sum10": 0.9246753246753247,
    "ak_fund_收盘价_sum10": 0.9246753246753247,
    "ak_fund_中单净流入-净额_sum10": 0.9246753246753247,
    "ak_fund_中单净流入-净占比_sum10": 0.9246753246753247,
    "ak_fund_小单净流入-净占比_sum10": 0.9246753246753247,
    "ak_fund_超大单净流入-净额_sum10": 0.9246753246753247,
    "ak_fund_大单净流入-净额_sum10": 0.9246753246753247,
    "ak_fund_大单净流入-净占比_sum10": 0.9246753246753247,
    "ak_fund_超大单净流入-净占比_sum10": 0.9246753246753247,
    "ak_fund_涨跌幅_sum5": 0.9233766233766234,
    "ak_fund_主力净流入-净占比_sum5": 0.9233766233766234,
    "ak_fund_主力净流入-净额_sum5": 0.9233766233766234,
    "ak_fund_收盘价_sum5": 0.9233766233766234,
    "ak_fund_超大单净流入-净占比_sum5": 0.9233766233766234,
    "ak_fund_中单净流入-净占比_sum5": 0.9233766233766234,
    "ak_fund_中单净流入-净额_sum5": 0.9233766233766234,
    "ak_fund_小单净流入-净额_sum5": 0.9233766233766234,
    "ak_fund_小单净流入-净占比_sum5": 0.9233766233766234,
    "ak_fund_大单净流入-净占比_sum5": 0.9233766233766234,
    "ak_fund_大单净流入-净额_sum5": 0.9233766233766234,
    "ak_fund_超大单净流入-净额_sum5": 0.9233766233766234,
    "ak_fund_大单净流入-净额": 0.922077922077922,
    "ak_fund_超大单净流入-净占比": 0.922077922077922,
    "ak_fund_超大单净流入-净额": 0.922077922077922,
    "ak_fund_收盘价": 0.922077922077922,
    "ak_fund_涨跌幅": 0.922077922077922,
    "ak_fund_中单净流入-净额": 0.922077922077922
  },
  "valuation_non_null": {
    "peTTM": 1540,
    "pbMRQ": 1540,
    "psTTM": 1540,
    "pcfNcfTTM": 1540
  },
  "future_effective_date_violations": 0,
  "rows_with_quarterly": 1540,
  "sample_rows": 1540,
  "quarterly_raw_rows": 37,
  "quarterly_used_pubDate_rows": 37,
  "quarterly_fallback_rows": 0,
  "elapsed_seconds": 27.647,
  "symbol": "002028",
  "baostock_code": "sz.002028",
  "valuation_rows": 2027,
  "fund_flow_rows": 120,
  "feature_columns": 125,
  "merged_columns": 194,
  "outputs": {
    "daily_valuation": "/root/stock_realtime_v021_full/saved_data/002028_pipeline_out_v2_new27_full/02_fundamental/baostock_daily_valuation.csv",
    "quarterly_fundamentals": "/root/stock_realtime_v021_full/saved_data/002028_pipeline_out_v2_new27_full/02_fundamental/baostock_quarterly_fundamentals_pit.csv",
    "fundamental_features": "/root/stock_realtime_v021_full/saved_data/002028_pipeline_out_v2_new27_full/02_fundamental/fundamental_features.csv",
    "merged_samples": "/root/stock_realtime_v021_full/saved_data/002028_pipeline_out_v2_new27_full/02_fundamental/training_samples_with_fundamentals.csv"
  }
}

[2026-05-17T01:02:29] RUN sector
  /usr/bin/python3 feature_building/build_sector_features.py --samples /root/stock_realtime_v021_full/saved_data/002028_pipeline_out_v2_new27_full/02_fundamental/training_samples_with_fundamentals.csv --out-dir /root/stock_realtime_v021_full/saved_data/002028_pipeline_out_v2_new27_full/03_sector --sector-symbol '电网设备' --start-date 2018-01-01 --end-date 2026-05-15

  0%|          | 0/9 [00:00<?, ?it/s]
 11%|█         | 1/9 [00:00<00:01,  4.25it/s]
 22%|██▏       | 2/9 [00:00<00:01,  3.75it/s]
 33%|███▎      | 3/9 [00:00<00:01,  4.04it/s]
 44%|████▍     | 4/9 [00:01<00:01,  3.97it/s]
 56%|█████▌    | 5/9 [00:01<00:00,  4.18it/s]
 67%|██████▋   | 6/9 [00:01<00:00,  4.00it/s]
 78%|███████▊  | 7/9 [00:01<00:00,  4.12it/s]
 89%|████████▉ | 8/9 [00:01<00:00,  4.04it/s]
100%|██████████| 9/9 [00:02<00:00,  4.25it/s]
                                             
{
  "sector_symbol": "电网设备",
  "sector_rows": 2027,
  "sector_date_min": "2018-01-02",
  "sector_date_max": "2026-05-15",
  "sample_rows": 1540,
  "merged_rows": 1540,
  "sector_feature_cols": 23,
  "top_missing": {
    "sector_ret60": 0.03896103896103896,
    "sector_ma60_gap": 0.01948051948051948,
    "stock_vs_sector_ret20": 0.012987012987012988,
    "sector_ret20": 0.012987012987012988,
    "sector_vol20": 0.007142857142857143,
    "sector_ma20_gap": 0.006493506493506494,
    "sector_range_z20": 0.006493506493506494,
    "sector_volume_shock20": 0.006493506493506494,
    "sector_amount_z20": 0.006493506493506494,
    "sector_volume_z20": 0.006493506493506494,
    "sector_amount_shock20": 0.006493506493506494,
    "sector_ret5": 0.003246753246753247,
    "stock_vs_sector_ret5": 0.003246753246753247,
    "sector_vs_bench_ret5": 0.003246753246753247,
    "stock_vs_sector_ret1": 0.0006493506493506494,
    "sector_ret1": 0.0006493506493506494,
    "sector_amount": 0.0,
    "sector_volume": 0.0,
    "sector_close": 0.0,
    "sector_low": 0.0
  },
  "outputs": {
    "sector_index": "/root/stock_realtime_v021_full/saved_data/002028_pipeline_out_v2_new27_full/03_sector/sector_index_ths.csv",
    "sector_features": "/root/stock_realtime_v021_full/saved_data/002028_pipeline_out_v2_new27_full/03_sector/sector_features.csv",
    "merged_samples": "/root/stock_realtime_v021_full/saved_data/002028_pipeline_out_v2_new27_full/03_sector/training_samples_with_sector.csv"
  }
}

[2026-05-17T01:02:33] RUN external_storage_power
  /usr/bin/python3 feature_building/build_stock_external_features.py --samples /root/stock_realtime_v021_full/saved_data/002028_pipeline_out_v2_new27_full/03_sector/training_samples_with_sector.csv --out-dir /root/stock_realtime_v021_full/saved_data/002028_pipeline_out_v2_new27_full/04_external/storage_power --profile storage_power --target-symbol 002028.SZ --start-date 2018-01-01 --end-date 2026-05-15 --adjust qfq --domestic-lag-days 0 --future-lag-days 1 --us-lag-days 1
login success!

  0%|          | 0/9 [00:00<?, ?it/s]
 11%|█         | 1/9 [00:00<00:03,  2.32it/s]
 22%|██▏       | 2/9 [00:00<00:02,  3.10it/s]
 33%|███▎      | 3/9 [00:00<00:01,  3.44it/s]
 44%|████▍     | 4/9 [00:01<00:01,  3.69it/s]
 56%|█████▌    | 5/9 [00:01<00:01,  3.84it/s]
 67%|██████▋   | 6/9 [00:01<00:00,  4.01it/s]
 78%|███████▊  | 7/9 [00:01<00:00,  4.16it/s]
 89%|████████▉ | 8/9 [00:02<00:00,  4.24it/s]
100%|██████████| 9/9 [00:02<00:00,  4.56it/s]
                                             

  0%|          | 0/9 [00:00<?, ?it/s]
 11%|█         | 1/9 [00:00<00:01,  4.05it/s]
 22%|██▏       | 2/9 [00:00<00:01,  4.08it/s]
 33%|███▎      | 3/9 [00:00<00:01,  3.99it/s]
 44%|████▍     | 4/9 [00:00<00:01,  4.03it/s]
 56%|█████▌    | 5/9 [00:01<00:00,  4.19it/s]
 67%|██████▋   | 6/9 [00:01<00:00,  4.14it/s]
 78%|███████▊  | 7/9 [00:01<00:00,  4.14it/s]
 89%|████████▉ | 8/9 [00:01<00:00,  3.88it/s]
100%|██████████| 9/9 [00:02<00:00,  3.94it/s]
                                             

  0%|          | 0/9 [00:00<?, ?it/s]
 11%|█         | 1/9 [00:00<00:02,  3.69it/s]
 22%|██▏       | 2/9 [00:00<00:02,  2.74it/s]
 33%|███▎      | 3/9 [00:00<00:01,  3.36it/s]
 44%|████▍     | 4/9 [00:01<00:01,  3.69it/s]
 56%|█████▌    | 5/9 [00:01<00:01,  3.93it/s]
 67%|██████▋   | 6/9 [00:01<00:00,  4.05it/s]
 78%|███████▊  | 7/9 [00:01<00:00,  4.00it/s]
 89%|████████▉ | 8/9 [00:02<00:00,  3.87it/s]
100%|██████████| 9/9 [00:02<00:00,  4.30it/s]
                                             

  0%|          | 0/9 [00:00<?, ?it/s]
 11%|█         | 1/9 [00:00<00:01,  4.48it/s]
 22%|██▏       | 2/9 [00:00<00:01,  4.61it/s]
 33%|███▎      | 3/9 [00:00<00:01,  4.70it/s]
 44%|████▍     | 4/9 [00:00<00:01,  4.10it/s]
 56%|█████▌    | 5/9 [00:01<00:01,  3.90it/s]
 67%|██████▋   | 6/9 [00:01<00:00,  4.10it/s]
 78%|███████▊  | 7/9 [00:01<00:00,  4.24it/s]
 89%|████████▉ | 8/9 [00:01<00:00,  4.35it/s]
100%|██████████| 9/9 [00:02<00:00,  4.52it/s]
                                             
{
  "profile": "storage_power",
  "description": "Storage/photovoltaic inverter/data-center power proxy for 科士达",
  "sample_rows": 1540,
  "merged_rows": 1540,
  "raw_rows": 2027,
  "raw_date_min": "2018-01-02",
  "raw_date_max": "2026-05-15",
  "lag_days_legacy": null,
  "lag_policy": {
    "domestic": 0,
    "futures": 1,
    "us": 1
  },
  "enable_us_yf": false,
  "feature_cols": 578,
  "source_meta": {
    "profile": {
      "key": "storage_power",
      "prefix": "sp",
      "description": "Storage/photovoltaic inverter/data-center power proxy for 科士达",
      "stocks": [
        "300274",
        "300763",
        "688390",
        "605117",
        "300750",
        "002594",
        "300693"
      ],
      "etfs": [
        "159566",
        "515790",
        "516160",
        "515030",
        "512480"
      ],
      "futures": [
        "LC0",
        "SI0",
        "CU0",
        "AL0"
      ],
      "boards": [
        "其他电源设备",
        "光伏设备",
        "电池",
        "电网设备"
      ],
      "us_tickers": []
    },
    "used": {
      "stocks": [
        "300274",
        "300763",
        "688390",
        "605117",
        "300750",
        "002594",
        "300693"
      ],
      "etfs": [
        "159566",
        "515790",
        "516160",
        "515030",
        "512480"
      ],
      "futures": [
        "LC0",
        "SI0",
        "CU0",
        "AL0"
      ],
      "boards": [
        "其他电源设备",
        "光伏设备",
        "电池",
        "电网设备"
      ],
      "us_yf": []
    },
    "start_date": "20180101",
    "end_date": "20260515",
    "target_symbol_excluded": "002028",
    "em_sources_used": false,
    "baostock_cache_dir": "/root/stock_realtime_v021_full/saved_data/002028_pipeline_out_v2_new27_full/04_external/storage_power/baostock_external_cache",
    "us_yfinance_enabled": false
  },
  "errors": {},
  "top_missing": {
    "sp_etf_512480_close_ret60": 0.9837662337662337,
    "sp_etf_512480_range_pct_ret60": 0.9837662337662337,
    "sp_etf_159566_close_ret60": 0.9837662337662337,
    "sp_etf_516160_range_pct_ret60": 0.9837662337662337,
    "sp_etf_515790_close_ret60": 0.9837662337662337,
    "sp_etf_515030_close_ret60": 0.9837662337662337,
    "sp_etf_515030_range_pct_ret60": 0.9837662337662337,
    "sp_etf_159566_range_pct_ret60": 0.9837662337662337,
    "sp_etf_515790_range_pct_ret60": 0.9837662337662337,
    "sp_etf_516160_close_ret60": 0.9837662337662337,
    "sp_etf_basket_close_ret60": 0.9837662337662337,
    "sp_stock_vs_etf_basket_ret20": 0.9577922077922078,
    "sp_etf_512480_close_ret20": 0.9577922077922078,
    "sp_etf_515030_close_z60": 0.9577922077922078,
    "sp_etf_515030_range_pct_ret20": 0.9577922077922078,
    "sp_etf_512480_range_pct_ret20": 0.9577922077922078,
    "sp_etf_512480_close_z60": 0.9577922077922078,
    "sp_etf_512480_range_pct_z60": 0.9577922077922078,
    "sp_etf_515030_close_ret20": 0.9577922077922078,
    "sp_etf_basket_close_ret20": 0.9577922077922078,
    "sp_etf_515790_range_pct_z60": 0.9577922077922078,
    "sp_etf_515030_range_pct_z60": 0.9577922077922078,
    "sp_etf_516160_close_z60": 0.9577922077922078,
    "sp_etf_515790_range_pct_ret20": 0.9577922077922078,
    "sp_etf_159566_range_pct_z60": 0.9577922077922078,
    "sp_etf_159566_close_z60": 0.9577922077922078,
    "sp_etf_159566_range_pct_ret20": 0.9577922077922078,
    "sp_etf_159566_close_ret20": 0.9577922077922078,
    "sp_etf_516160_close_ret20": 0.9577922077922078,
    "sp_etf_516160_range_pct_ret20": 0.9577922077922078,
    "sp_etf_515790_close_ret20": 0.9577922077922078,
    "sp_etf_515790_close_z60": 0.9577922077922078,
    "sp_etf_516160_range_pct_z60": 0.9577922077922078,
    "sp_etf_basket_close_z60": 0.9577922077922078,
    "sp_etf_512480_close_vol20": 0.951948051948052,
    "sp_etf_basket_close_vol20": 0.951948051948052,
    "sp_etf_515790_close_vol20": 0.951948051948052,
    "sp_etf_159566_close_vol20": 0.951948051948052,
    "sp_etf_516160_close_vol20": 0.951948051948052,
    "sp_etf_515030_close_vol20": 0.951948051948052,
    "sp_etf_515790_volume_z20": 0.9512987012987013,
    "sp_etf_515790_volume_shock20": 0.9512987012987013,
    "sp_etf_515790_close_z20": 0.9512987012987013,
    "sp_etf_516160_close_ma20_gap": 0.9512987012987013,
    "sp_etf_159566_volume_z20": 0.9512987012987013,
    "sp_etf_159566_close_z20": 0.9512987012987013,
    "sp_etf_159566_close_ma20_gap": 0.9512987012987013,
    "sp_etf_515790_range_pct_ma20_gap": 0.9512987012987013,
    "sp_etf_512480_close_z20": 0.9512987012987013,
    "sp_etf_512480_range_pct_z20": 0.9512987012987013
  },
  "outputs": {
    "features": "/root/stock_realtime_v021_full/saved_data/002028_pipeline_out_v2_new27_full/04_external/storage_power/stock_external_features_storage_power.csv",
    "merged_samples": "/root/stock_realtime_v021_full/saved_data/002028_pipeline_out_v2_new27_full/04_external/storage_power/training_samples_with_storage_power_external.csv",
    "report": "/root/stock_realtime_v021_full/saved_data/002028_pipeline_out_v2_new27_full/04_external/storage_power/validation_report.json"
  }
}
logout success!
[INFO] final samples for search: /root/stock_realtime_v021_full/saved_data/002028_pipeline_out_v2_new27_full/04_external/storage_power/training_samples_with_storage_power_external.csv

[2026-05-17T01:03:00] RUN search_vwap_low_hit_50bps
  /usr/bin/python3 model_training/search_walk_forward_model_complexity.py --samples /root/stock_realtime_v021_full/saved_data/002028_pipeline_out_v2_new27_full/04_external/storage_power/training_samples_with_storage_power_external.csv --intraday-bars /root/stock_realtime_v021_full/saved_data/002028_pipeline_out_v2_new27_full/00_base/002028_5m.csv --out-dir /root/stock_realtime_v021_full/saved_data/002028_pipeline_out_v2_new27_full/10_search/search_vwap_low_hit_50bps --round-trip-cost-bps 1.7 --target-hit-bps 50.0 --label-mode hit --entry-policy vwap_low --entry-vwap-premium-bps 50.0 --max-missing 0.35 --groups reversal_fundamental_regime,reversal_fundamental_regime_sector,reversal_fundamental_regime_sector_external,all_no_ak --models xgb_d2_200_lr003_mcw5,xgb_d3_400_lr003_mcw3,xgb_d3_600_lr002_mcw3,xgb_d4_500_lr002_mcw5,lgbm_leaves7_400,lgbm_leaves15_700,extra_trees_600_d3,random_forest_600_d4 --quantiles 0.5,0.6,0.7,0.8 --train-rows 756 --valid-rows 126 --test-rows 63 --min-valid-trades 8 --min-train-entries 80
{
  "rows": 1539,
  "target_hit_bps": 50.0,
  "label_mode": "hit",
  "entry_policy": "vwap_low",
  "entry_vwap_premium_bps": 50.0,
  "groups": {
    "reversal_fundamental_regime": 135,
    "reversal_fundamental_regime_sector": 158,
    "reversal_fundamental_regime_sector_external": 539,
    "all_no_ak": 594
  },
  "models": [
    "xgb_d2_200_lr003_mcw5",
    "xgb_d3_400_lr003_mcw3",
    "xgb_d3_600_lr002_mcw3",
    "xgb_d4_500_lr002_mcw5",
    "extra_trees_600_d3",
    "random_forest_600_d4",
    "lgbm_leaves7_400",
    "lgbm_leaves15_700"
  ],
  "top": [
    {
      "entry_policy": "vwap_low",
      "feature_group": "reversal_fundamental_regime_sector",
      "model_name": "xgb_d3_600_lr002_mcw3",
      "target_hit_bps": 50.0,
      "trades": 176,
      "win_rate": 0.8352272727272727,
      "avg_return": 0.0014979639328571645,
      "median_return": 0.005,
      "compound_return": 0.29151781456790204,
      "max_drawdown": -0.06267,
      "profit_factor": 1.57482422526069,
      "windows": 10
    },
    {
      "entry_policy": "vwap_low",
      "feature_group": "reversal_fundamental_regime_sector_external",
      "model_name": "lgbm_leaves7_400",
      "target_hit_bps": 50.0,
      "trades": 172,
      "win_rate": 0.8197674418604651,
      "avg_return": 0.0014635052519329868,
      "median_return": 0.005,
      "compound_return": 0.27734627236179366,
      "max_drawdown": -0.09258456079202404,
      "profit_factor": 1.5651643416701282,
      "windows": 10
    },
    {
      "entry_policy": "vwap_low",
      "feature_group": "reversal_fundamental_regime_sector_external",
      "model_name": "xgb_d2_200_lr003_mcw5",
      "target_hit_bps": 50.0,
      "trades": 227,
      "win_rate": 0.8237885462555066,
      "avg_return": 0.001105681224601199,
      "median_return": 0.005,
      "compound_return": 0.27096268904790666,
      "max_drawdown": -0.09151996484358815,
      "profit_factor": 1.3738862605753548,
      "windows": 10
    },
    {
      "entry_policy": "vwap_low",
      "feature_group": "reversal_fundamental_regime",
      "model_name": "extra_trees_600_d3",
      "target_hit_bps": 50.0,
      "trades": 142,
      "win_rate": 0.8309859154929577,
      "avg_return": 0.0015535288372298258,
      "median_return": 0.005,
      "compound_return": 0.24042240355576117,
      "max_drawdown": -0.07533473873193408,
      "profit_factor": 1.6308740387719594,
      "windows": 10
    },
    {
      "entry_policy": "vwap_low",
      "feature_group": "reversal_fundamental_regime_sector",
      "model_name": "extra_trees_600_d3",
      "target_hit_bps": 50.0,
      "trades": 145,
      "win_rate": 0.8344827586206897,
      "avg_return": 0.0015193538082478736,
      "median_return": 0.005,
      "compound_return": 0.2396816129582866,
      "max_drawdown": -0.05370363501933062,
      "profit_factor": 1.5864719985067766,
      "windows": 10
    },
    {
      "entry_policy": "vwap_low",
      "feature_group": "reversal_fundamental_regime_sector_external",
      "model_name": "xgb_d4_500_lr002_mcw5",
      "target_hit_bps": 50.0,
      "trades": 253,
      "win_rate": 0.8102766798418972,
      "avg_return": 0.0008786446181735143,
      "median_return": 0.005,
      "compound_return": 0.2339604414248564,
      "max_drawdown": -0.12667849461800573,
      "profit_factor": 1.2839118158070424,
      "windows": 10
    },
    {
      "entry_policy": "vwap_low",
      "feature_group": "reversal_fundamental_regime_sector_external",
      "model_name": "xgb_d3_400_lr003_mcw3",
      "target_hit_bps": 50.0,
      "trades": 259,
      "win_rate": 0.806949806949807,
      "avg_return": 0.0007885673592771263,
      "median_return": 0.005,
      "compound_return": 0.2102546703535484,
      "max_drawdown": -0.13997828576652427,
      "profit_factor": 1.247375480446791,
      "windows": 10
    },
    {
      "entry_policy": "vwap_low",
      "feature_group": "all_no_ak",
      "model_name": "lgbm_leaves7_400",
      "target_hit_bps": 50.0,
      "trades": 186,
      "win_rate": 0.8064516129032258,
      "avg_return": 0.001066221750116068,
      "median_return": 0.005,
      "compound_return": 0.2092062020769474,
      "max_drawdown": -0.08789926407128978,
      "profit_factor": 1.3646855782864509,
      "windows": 10
    },
    {
      "entry_policy": "vwap_low",
      "feature_group": "reversal_fundamental_regime_sector",
      "model_name": "lgbm_leaves7_400",
      "target_hit_bps": 50.0,
      "trades": 168,
      "win_rate": 0.8154761904761905,
      "avg_return": 0.0011217280410944794,
      "median_return": 0.005,
      "compound_return": 0.1971144616548337,
      "max_drawdown": -0.07683740447773058,
      "profit_factor": 1.3875637325595942,
      "windows": 10
    },
    {
      "entry_policy": "vwap_low",
      "feature_group": "all_no_ak",
      "model_name": "xgb_d2_200_lr003_mcw5",
      "target_hit_bps": 50.0,
      "trades": 235,
      "win_rate": 0.825531914893617,
      "avg_return": 0.0008071975058543392,
      "median_return": 0.005,
      "compound_return": 0.19339844317116328,
      "max_drawdown": -0.16643767566797474,
      "profit_factor": 1.2471234897194505,
      "windows": 10
    },
    {
      "entry_policy": "vwap_low",
      "feature_group": "reversal_fundamental_regime_sector_external",
      "model_name": "xgb_d3_600_lr002_mcw3",
      "target_hit_bps": 50.0,
      "trades": 192,
      "win_rate": 0.8229166666666666,
      "avg_return": 0.0008896737594220905,
      "median_return": 0.005,
      "compound_return": 0.17450920527516023,
      "max_drawdown": -0.09968793482682947,
      "profit_factor": 1.2794314630138865,
      "windows": 10
    },
    {
      "entry_policy": "vwap_low",
      "feature_group": "reversal_fundamental_regime_sector_external",
      "model_name": "lgbm_leaves15_700",
      "target_hit_bps": 50.0,
      "trades": 194,
      "win_rate": 0.8041237113402062,
      "avg_return": 0.0008660790897538114,
      "median_return": 0.005,
      "compound_return": 0.17080796823965705,
      "max_drawdown": -0.11076808661015214,
      "profit_factor": 1.278131088092586,
      "windows": 10
    },
    {
      "entry_policy": "vwap_low",
      "feature_group": "reversal_fundamental_regime_sector",
      "model_name": "random_forest_600_d4",
      "target_hit_bps": 50.0,
      "trades": 150,
      "win_rate": 0.8266666666666667,
      "avg_return": 0.0009567904019246993,
      "median_return": 0.005,
      "compound_return": 0.1458926750919376,
      "max_drawdown": -0.10568204901979361,
      "profit_factor": 1.3094602918592502,
      "windows": 10
    },
    {
      "entry_policy": "vwap_low",
      "feature_group": "all_no_ak",
      "model_name": "xgb_d3_400_lr003_mcw3",
      "target_hit_bps": 50.0,
      "trades": 248,
      "win_rate": 0.8104838709677419,
      "avg_return": 0.0005210824923664073,
      "median_return": 0.005,
      "compound_return": 0.1209259279159638,
      "max_drawdown": -0.19381693763665564,
      "profit_factor": 1.1488992121740254,
      "windows": 10
    },
    {
      "entry_policy": "vwap_low",
      "feature_group": "reversal_fundamental_regime",
      "model_name": "xgb_d2_200_lr003_mcw5",
      "target_hit_bps": 50.0,
      "trades": 151,
      "win_rate": 0.8079470198675497,
      "avg_return": 0.0007679465250610897,
      "median_return": 0.005,
      "compound_return": 0.115058126547402,
      "max_drawdown": -0.08725139512937008,
      "profit_factor": 1.2400241838481207,
      "windows": 10
    },
    {
      "entry_policy": "vwap_low",
      "feature_group": "reversal_fundamental_regime_sector",
      "model_name": "xgb_d3_400_lr003_mcw3",
      "target_hit_bps": 50.0,
      "trades": 219,
      "win_rate": 0.8127853881278538,
      "avg_return": 0.0005306468865403753,
      "median_return": 0.005,
      "compound_return": 0.10869268073311456,
      "max_drawdown": -0.12981339631895406,
      "profit_factor": 1.154833057648067,
      "windows": 10
    },
    {
      "entry_policy": "vwap_low",
      "feature_group": "reversal_fundamental_regime_sector_external",
      "model_name": "random_forest_600_d4",
      "target_hit_bps": 50.0,
      "trades": 224,
      "win_rate": 0.8214285714285714,
      "avg_return": 0.0004998805802814858,
      "median_return": 0.005,
      "compound_return": 0.1036183428647175,
      "max_drawdown": -0.11067676003841387,
      "profit_factor": 1.1412218592878836,
      "windows": 10
    },
    {
      "entry_policy": "vwap_low",
      "feature_group": "reversal_fundamental_regime",
      "model_name": "lgbm_leaves15_700",
      "target_hit_bps": 50.0,
      "trades": 191,
      "win_rate": 0.806282722513089,
      "avg_return": 0.0005569943864508455,
      "median_return": 0.005,
      "compound_return": 0.09947820721440137,
      "max_drawdown": -0.11872357177432513,
      "profit_factor": 1.1635993383413978,
      "windows": 10
    },
    {
      "entry_policy": "vwap_low",
      "feature_group": "reversal_fundamental_regime",
      "model_name": "random_forest_600_d4",
      "target_hit_bps": 50.0,
      "trades": 156,
      "win_rate": 0.8205128205128205,
      "avg_return": 0.0006040692237545742,
      "median_return": 0.005,
      "compound_return": 0.08992629779868899,
      "max_drawdown": -0.12647839004862194,
      "profit_factor": 1.1777914940034455,
      "windows": 10
    },
    {
      "entry_policy": "vwap_low",
      "feature_group": "all_no_ak",
      "model_name": "extra_trees_600_d3",
      "target_hit_bps": 50.0,
      "trades": 251,
      "win_rate": 0.8127490039840638,
      "avg_return": 0.0003954942064096093,
      "median_return": 0.005,
      "compound_return": 0.08838808092829198,
      "max_drawdown": -0.12635076663499734,
      "profit_factor": 1.1101756177120838,
      "windows": 10
    }
  ]
}

[2026-05-17T01:30:14] RUN search_vwap_low_hit_80bps
  /usr/bin/python3 model_training/search_walk_forward_model_complexity.py --samples /root/stock_realtime_v021_full/saved_data/002028_pipeline_out_v2_new27_full/04_external/storage_power/training_samples_with_storage_power_external.csv --intraday-bars /root/stock_realtime_v021_full/saved_data/002028_pipeline_out_v2_new27_full/00_base/002028_5m.csv --out-dir /root/stock_realtime_v021_full/saved_data/002028_pipeline_out_v2_new27_full/10_search/search_vwap_low_hit_80bps --round-trip-cost-bps 1.7 --target-hit-bps 80.0 --label-mode hit --entry-policy vwap_low --entry-vwap-premium-bps 50.0 --max-missing 0.35 --groups reversal_fundamental_regime,reversal_fundamental_regime_sector,reversal_fundamental_regime_sector_external,all_no_ak --models xgb_d2_200_lr003_mcw5,xgb_d3_400_lr003_mcw3,xgb_d3_600_lr002_mcw3,xgb_d4_500_lr002_mcw5,lgbm_leaves7_400,lgbm_leaves15_700,extra_trees_600_d3,random_forest_600_d4 --quantiles 0.5,0.6,0.7,0.8 --train-rows 756 --valid-rows 126 --test-rows 63 --min-valid-trades 8 --min-train-entries 80
{
  "rows": 1539,
  "target_hit_bps": 80.0,
  "label_mode": "hit",
  "entry_policy": "vwap_low",
  "entry_vwap_premium_bps": 50.0,
  "groups": {
    "reversal_fundamental_regime": 135,
    "reversal_fundamental_regime_sector": 158,
    "reversal_fundamental_regime_sector_external": 539,
    "all_no_ak": 594
  },
  "models": [
    "xgb_d2_200_lr003_mcw5",
    "xgb_d3_400_lr003_mcw3",
    "xgb_d3_600_lr002_mcw3",
    "xgb_d4_500_lr002_mcw5",
    "extra_trees_600_d3",
    "random_forest_600_d4",
    "lgbm_leaves7_400",
    "lgbm_leaves15_700"
  ],
  "top": [
    {
      "entry_policy": "vwap_low",
      "feature_group": "reversal_fundamental_regime",
      "model_name": "extra_trees_600_d3",
      "target_hit_bps": 80.0,
      "trades": 165,
      "win_rate": 0.8121212121212121,
      "avg_return": 0.0033347896450565662,
      "median_return": 0.008,
      "compound_return": 0.7163099830342565,
      "max_drawdown": -0.05620680933175293,
      "profit_factor": 2.099441638863025,
      "windows": 10
    },
    {
      "entry_policy": "vwap_low",
      "feature_group": "reversal_fundamental_regime_sector_external",
      "model_name": "xgb_d4_500_lr002_mcw5",
      "target_hit_bps": 80.0,
      "trades": 195,
      "win_rate": 0.7743589743589744,
      "avg_return": 0.002334749642562249,
      "median_return": 0.008,
      "compound_return": 0.554737370534713,
      "max_drawdown": -0.054237449667271065,
      "profit_factor": 1.6328068031920149,
      "windows": 10
    },
    {
      "entry_policy": "vwap_low",
      "feature_group": "reversal_fundamental_regime",
      "model_name": "xgb_d2_200_lr003_mcw5",
      "target_hit_bps": 80.0,
      "trades": 196,
      "win_rate": 0.7704081632653061,
      "avg_return": 0.0022496884328345353,
      "median_return": 0.008,
      "compound_return": 0.5328644953380113,
      "max_drawdown": -0.09306009468594445,
      "profit_factor": 1.6046075742250911,
      "windows": 10
    },
    {
      "entry_policy": "vwap_low",
      "feature_group": "reversal_fundamental_regime_sector",
      "model_name": "extra_trees_600_d3",
      "target_hit_bps": 80.0,
      "trades": 142,
      "win_rate": 0.7746478873239436,
      "avg_return": 0.003015876297137305,
      "median_return": 0.008,
      "compound_return": 0.5225469645359222,
      "max_drawdown": -0.04749944382349902,
      "profit_factor": 1.9865017019422395,
      "windows": 10
    },
    {
      "entry_policy": "vwap_low",
      "feature_group": "reversal_fundamental_regime_sector",
      "model_name": "lgbm_leaves7_400",
      "target_hit_bps": 80.0,
      "trades": 199,
      "win_rate": 0.7788944723618091,
      "avg_return": 0.0021580357087401525,
      "median_return": 0.008,
      "compound_return": 0.5127639428682393,
      "max_drawdown": -0.1567875804628125,
      "profit_factor": 1.5675102600747957,
      "windows": 10
    },
    {
      "entry_policy": "vwap_low",
      "feature_group": "reversal_fundamental_regime",
      "model_name": "xgb_d4_500_lr002_mcw5",
      "target_hit_bps": 80.0,
      "trades": 147,
      "win_rate": 0.7959183673469388,
      "avg_return": 0.0028517919365004347,
      "median_return": 0.008,
      "compound_return": 0.5050134884018891,
      "max_drawdown": -0.10004954979489533,
      "profit_factor": 1.862155660830047,
      "windows": 10
    },
    {
      "entry_policy": "vwap_low",
      "feature_group": "all_no_ak",
      "model_name": "xgb_d3_600_lr002_mcw3",
      "target_hit_bps": 80.0,
      "trades": 182,
      "win_rate": 0.7747252747252747,
      "avg_return": 0.0021527617817993275,
      "median_return": 0.008,
      "compound_return": 0.46006083621799276,
      "max_drawdown": -0.07492845020972316,
      "profit_factor": 1.5668292025669381,
      "windows": 10
    },
    {
      "entry_policy": "vwap_low",
      "feature_group": "reversal_fundamental_regime_sector_external",
      "model_name": "lgbm_leaves15_700",
      "target_hit_bps": 80.0,
      "trades": 178,
      "win_rate": 0.7640449438202247,
      "avg_return": 0.0021584758740930787,
      "median_return": 0.008,
      "compound_return": 0.44921585595122826,
      "max_drawdown": -0.09005888872736156,
      "profit_factor": 1.568118117711747,
      "windows": 10
    },
    {
      "entry_policy": "vwap_low",
      "feature_group": "all_no_ak",
      "model_name": "lgbm_leaves15_700",
      "target_hit_bps": 80.0,
      "trades": 185,
      "win_rate": 0.7675675675675676,
      "avg_return": 0.0020676195569348937,
      "median_return": 0.008,
      "compound_return": 0.44417649892123934,
      "max_drawdown": -0.09614393420179423,
      "profit_factor": 1.5316483981424414,
      "windows": 10
    },
    {
      "entry_policy": "vwap_low",
      "feature_group": "reversal_fundamental_regime_sector",
      "model_name": "xgb_d3_400_lr003_mcw3",
      "target_hit_bps": 80.0,
      "trades": 173,
      "win_rate": 0.7745664739884393,
      "avg_return": 0.0021759317818227986,
      "median_return": 0.008,
      "compound_return": 0.4380736890193242,
      "max_drawdown": -0.12264296369358652,
      "profit_factor": 1.571603001367551,
      "windows": 10
    },
    {
      "entry_policy": "vwap_low",
      "feature_group": "reversal_fundamental_regime",
      "model_name": "xgb_d3_400_lr003_mcw3",
      "target_hit_bps": 80.0,
      "trades": 158,
      "win_rate": 0.7531645569620253,
      "avg_return": 0.0023372738150196776,
      "median_return": 0.008,
      "compound_return": 0.43147778805962367,
      "max_drawdown": -0.1093462716575252,
      "profit_factor": 1.6858456097501018,
      "windows": 10
    },
    {
      "entry_policy": "vwap_low",
      "feature_group": "reversal_fundamental_regime",
      "model_name": "lgbm_leaves15_700",
      "target_hit_bps": 80.0,
      "trades": 154,
      "win_rate": 0.7662337662337663,
      "avg_return": 0.002358780823936603,
      "median_return": 0.008,
      "compound_return": 0.4221172125077579,
      "max_drawdown": -0.10345997335818324,
      "profit_factor": 1.6517849227056973,
      "windows": 10
    },
    {
      "entry_policy": "vwap_low",
      "feature_group": "reversal_fundamental_regime_sector",
      "model_name": "xgb_d4_500_lr002_mcw5",
      "target_hit_bps": 80.0,
      "trades": 185,
      "win_rate": 0.7675675675675676,
      "avg_return": 0.0019804481016099714,
      "median_return": 0.008,
      "compound_return": 0.421790168457266,
      "max_drawdown": -0.14674589673489413,
      "profit_factor": 1.5077381385828488,
      "windows": 10
    },
    {
      "entry_policy": "vwap_low",
      "feature_group": "reversal_fundamental_regime_sector_external",
      "model_name": "xgb_d3_400_lr003_mcw3",
      "target_hit_bps": 80.0,
      "trades": 183,
      "win_rate": 0.7704918032786885,
      "avg_return": 0.0019580605826476517,
      "median_return": 0.008,
      "compound_return": 0.4110290276481583,
      "max_drawdown": -0.06510255093357709,
      "profit_factor": 1.4982453999390053,
      "windows": 10
    },
    {
      "entry_policy": "vwap_low",
      "feature_group": "all_no_ak",
      "model_name": "xgb_d3_400_lr003_mcw3",
      "target_hit_bps": 80.0,
      "trades": 209,
      "win_rate": 0.7511961722488039,
      "avg_return": 0.001702905139744895,
      "median_return": 0.008,
      "compound_return": 0.4043829955567859,
      "max_drawdown": -0.11032266023386195,
      "profit_factor": 1.4096383125065168,
      "windows": 10
    },
    {
      "entry_policy": "vwap_low",
      "feature_group": "all_no_ak",
      "model_name": "extra_trees_600_d3",
      "target_hit_bps": 80.0,
      "trades": 223,
      "win_rate": 0.7488789237668162,
      "avg_return": 0.0015769320294507102,
      "median_return": 0.008,
      "compound_return": 0.39637649944319886,
      "max_drawdown": -0.16419259301316924,
      "profit_factor": 1.3629333156369419,
      "windows": 10
    },
    {
      "entry_policy": "vwap_low",
      "feature_group": "reversal_fundamental_regime_sector_external",
      "model_name": "random_forest_600_d4",
      "target_hit_bps": 80.0,
      "trades": 198,
      "win_rate": 0.7727272727272727,
      "avg_return": 0.0017385525753952655,
      "median_return": 0.008,
      "compound_return": 0.38732477945161325,
      "max_drawdown": -0.12482332854463463,
      "profit_factor": 1.4032105412366047,
      "windows": 10
    },
    {
      "entry_policy": "vwap_low",
      "feature_group": "all_no_ak",
      "model_name": "xgb_d4_500_lr002_mcw5",
      "target_hit_bps": 80.0,
      "trades": 179,
      "win_rate": 0.7486033519553073,
      "avg_return": 0.0018806721554249517,
      "median_return": 0.008,
      "compound_return": 0.3822409549611281,
      "max_drawdown": -0.07668686907035904,
      "profit_factor": 1.4739612170836218,
      "windows": 10
    },
    {
      "entry_policy": "vwap_low",
      "feature_group": "reversal_fundamental_regime_sector_external",
      "model_name": "lgbm_leaves7_400",
      "target_hit_bps": 80.0,
      "trades": 195,
      "win_rate": 0.7487179487179487,
      "avg_return": 0.001702523622487533,
      "median_return": 0.008,
      "compound_return": 0.37327413443603485,
      "max_drawdown": -0.12801332823103895,
      "profit_factor": 1.4106273502970685,
      "windows": 10
    },
    {
      "entry_policy": "vwap_low",
      "feature_group": "reversal_fundamental_regime",
      "model_name": "xgb_d3_600_lr002_mcw3",
      "target_hit_bps": 80.0,
      "trades": 181,
      "win_rate": 0.7513812154696132,
      "avg_return": 0.0018214525751484361,
      "median_return": 0.008,
      "compound_return": 0.37219912382194464,
      "max_drawdown": -0.10844090498692449,
      "profit_factor": 1.4570895535163892,
      "windows": 10
    }
  ]
}

[2026-05-17T01:56:03] RUN search_vwap_low_close_profit_50bps
  /usr/bin/python3 model_training/search_walk_forward_model_complexity.py --samples /root/stock_realtime_v021_full/saved_data/002028_pipeline_out_v2_new27_full/04_external/storage_power/training_samples_with_storage_power_external.csv --intraday-bars /root/stock_realtime_v021_full/saved_data/002028_pipeline_out_v2_new27_full/00_base/002028_5m.csv --out-dir /root/stock_realtime_v021_full/saved_data/002028_pipeline_out_v2_new27_full/10_search/search_vwap_low_close_profit_50bps --round-trip-cost-bps 1.7 --target-hit-bps 50.0 --label-mode close_profit --entry-policy vwap_low --entry-vwap-premium-bps 50.0 --max-missing 0.35 --groups reversal_fundamental_regime,reversal_fundamental_regime_sector,reversal_fundamental_regime_sector_external,all_no_ak --models xgb_d2_200_lr003_mcw5,xgb_d3_400_lr003_mcw3,xgb_d3_600_lr002_mcw3,xgb_d4_500_lr002_mcw5,lgbm_leaves7_400,lgbm_leaves15_700,extra_trees_600_d3,random_forest_600_d4 --quantiles 0.5,0.6,0.7,0.8 --train-rows 756 --valid-rows 126 --test-rows 63 --min-valid-trades 8 --min-train-entries 80
{
  "rows": 1539,
  "target_hit_bps": 50.0,
  "label_mode": "close_profit",
  "entry_policy": "vwap_low",
  "entry_vwap_premium_bps": 50.0,
  "groups": {
    "reversal_fundamental_regime": 135,
    "reversal_fundamental_regime_sector": 158,
    "reversal_fundamental_regime_sector_external": 539,
    "all_no_ak": 594
  },
  "models": [
    "xgb_d2_200_lr003_mcw5",
    "xgb_d3_400_lr003_mcw3",
    "xgb_d3_600_lr002_mcw3",
    "xgb_d4_500_lr002_mcw5",
    "extra_trees_600_d3",
    "random_forest_600_d4",
    "lgbm_leaves7_400",
    "lgbm_leaves15_700"
  ],
  "top": [
    {
      "entry_policy": "vwap_low",
      "feature_group": "reversal_fundamental_regime",
      "model_name": "xgb_d3_600_lr002_mcw3",
      "target_hit_bps": 50.0,
      "trades": 112,
      "win_rate": 0.6160714285714286,
      "avg_return": 0.007232998894029262,
      "median_return": 0.005393638419228245,
      "compound_return": 1.174870694410072,
      "max_drawdown": -0.1082164716737457,
      "profit_factor": 2.4422353962418257,
      "windows": 10
    },
    {
      "entry_policy": "vwap_low",
      "feature_group": "all_no_ak",
      "model_name": "extra_trees_600_d3",
      "target_hit_bps": 50.0,
      "trades": 134,
      "win_rate": 0.5447761194029851,
      "avg_return": 0.005925526497767228,
      "median_return": 0.0014471125980748435,
      "compound_return": 1.1262438821841974,
      "max_drawdown": -0.10546486562965884,
      "profit_factor": 1.9783257361939812,
      "windows": 10
    },
    {
      "entry_policy": "vwap_low",
      "feature_group": "reversal_fundamental_regime_sector",
      "model_name": "lgbm_leaves7_400",
      "target_hit_bps": 50.0,
      "trades": 139,
      "win_rate": 0.5899280575539568,
      "avg_return": 0.00557555040205537,
      "median_return": 0.002190346184107076,
      "compound_return": 1.0808539100783863,
      "max_drawdown": -0.10631212510956467,
      "profit_factor": 1.9434207105935426,
      "windows": 10
    },
    {
      "entry_policy": "vwap_low",
      "feature_group": "reversal_fundamental_regime_sector_external",
      "model_name": "lgbm_leaves15_700",
      "target_hit_bps": 50.0,
      "trades": 155,
      "win_rate": 0.535483870967742,
      "avg_return": 0.004351853742894427,
      "median_return": 0.0004905019815060231,
      "compound_return": 0.8850554706094842,
      "max_drawdown": -0.10527848046030897,
      "profit_factor": 1.719197150418002,
      "windows": 10
    },
    {
      "entry_policy": "vwap_low",
      "feature_group": "reversal_fundamental_regime_sector",
      "model_name": "random_forest_600_d4",
      "target_hit_bps": 50.0,
      "trades": 91,
      "win_rate": 0.5714285714285714,
      "avg_return": 0.007213377417710713,
      "median_return": 0.0015582010997643482,
      "compound_return": 0.879583375851211,
      "max_drawdown": -0.05724599304927269,
      "profit_factor": 2.623365359569923,
      "windows": 10
    },
    {
      "entry_policy": "vwap_low",
      "feature_group": "all_no_ak",
      "model_name": "xgb_d3_600_lr002_mcw3",
      "target_hit_bps": 50.0,
      "trades": 149,
      "win_rate": 0.5436241610738255,
      "avg_return": 0.004373385875733958,
      "median_return": 0.001349468186134798,
      "compound_return": 0.8553119125641597,
      "max_drawdown": -0.09213828616796982,
      "profit_factor": 1.7625484152175048,
      "windows": 10
    },
    {
      "entry_policy": "vwap_low",
      "feature_group": "reversal_fundamental_regime",
      "model_name": "xgb_d3_400_lr003_mcw3",
      "target_hit_bps": 50.0,
      "trades": 109,
      "win_rate": 0.6238532110091743,
      "avg_return": 0.005834923273592108,
      "median_return": 0.0048333806626097466,
      "compound_return": 0.8312171340628496,
      "max_drawdown": -0.11615779216981326,
      "profit_factor": 2.0485445231788413,
      "windows": 10
    },
    {
      "entry_policy": "vwap_low",
      "feature_group": "reversal_fundamental_regime_sector",
      "model_name": "extra_trees_600_d3",
      "target_hit_bps": 50.0,
      "trades": 90,
      "win_rate": 0.5666666666666667,
      "avg_return": 0.006956471827372806,
      "median_return": 0.0014471125980748435,
      "compound_return": 0.8225737812160709,
      "max_drawdown": -0.07854688611096383,
      "profit_factor": 2.405015454849444,
      "windows": 10
    },
    {
      "entry_policy": "vwap_low",
      "feature_group": "reversal_fundamental_regime_sector",
      "model_name": "xgb_d3_600_lr002_mcw3",
      "target_hit_bps": 50.0,
      "trades": 106,
      "win_rate": 0.5471698113207547,
      "avg_return": 0.005893357057974468,
      "median_return": 0.0014161718065763863,
      "compound_return": 0.8129634074387018,
      "max_drawdown": -0.09341087583094543,
      "profit_factor": 2.120726775239596,
      "windows": 10
    },
    {
      "entry_policy": "vwap_low",
      "feature_group": "reversal_fundamental_regime",
      "model_name": "xgb_d4_500_lr002_mcw5",
      "target_hit_bps": 50.0,
      "trades": 100,
      "win_rate": 0.58,
      "avg_return": 0.006215024000952595,
      "median_return": 0.0037651073251210344,
      "compound_return": 0.8044917589280176,
      "max_drawdown": -0.09624399135132666,
      "profit_factor": 2.114462136897753,
      "windows": 10
    },
    {
      "entry_policy": "vwap_low",
      "feature_group": "reversal_fundamental_regime_sector_external",
      "model_name": "xgb_d3_600_lr002_mcw3",
      "target_hit_bps": 50.0,
      "trades": 136,
      "win_rate": 0.5220588235294118,
      "avg_return": 0.004521948775963754,
      "median_return": 0.00023748030760839883,
      "compound_return": 0.7930829078381576,
      "max_drawdown": -0.09213828616796982,
      "profit_factor": 1.8137479573335078,
      "windows": 10
    },
    {
      "entry_policy": "vwap_low",
      "feature_group": "reversal_fundamental_regime_sector_external",
      "model_name": "lgbm_leaves7_400",
      "target_hit_bps": 50.0,
      "trades": 168,
      "win_rate": 0.5178571428571429,
      "avg_return": 0.0035701999324110507,
      "median_return": 0.00023748030760839883,
      "compound_return": 0.746385175850768,
      "max_drawdown": -0.11392073639750588,
      "profit_factor": 1.570968905276949,
      "windows": 10
    },
    {
      "entry_policy": "vwap_low",
      "feature_group": "reversal_fundamental_regime_sector",
      "model_name": "xgb_d4_500_lr002_mcw5",
      "target_hit_bps": 50.0,
      "trades": 95,
      "win_rate": 0.5684210526315789,
      "avg_return": 0.005967029361246019,
      "median_return": 0.0015582010997643482,
      "compound_return": 0.7169858490490397,
      "max_drawdown": -0.10473180924081105,
      "profit_factor": 2.1642891858812208,
      "windows": 10
    },
    {
      "entry_policy": "vwap_low",
      "feature_group": "reversal_fundamental_regime_sector",
      "model_name": "xgb_d3_400_lr003_mcw3",
      "target_hit_bps": 50.0,
      "trades": 126,
      "win_rate": 0.5714285714285714,
      "avg_return": 0.004518470966333562,
      "median_return": 0.0019478195993203364,
      "compound_return": 0.7103491836168458,
      "max_drawdown": -0.10831201977959737,
      "profit_factor": 1.7595077410731066,
      "windows": 10
    },
    {
      "entry_policy": "vwap_low",
      "feature_group": "reversal_fundamental_regime",
      "model_name": "random_forest_600_d4",
      "target_hit_bps": 50.0,
      "trades": 114,
      "win_rate": 0.5614035087719298,
      "avg_return": 0.004943696233532831,
      "median_return": 0.0012999313435634353,
      "compound_return": 0.707291238810752,
      "max_drawdown": -0.11668928280357005,
      "profit_factor": 1.9299656458028867,
      "windows": 10
    },
    {
      "entry_policy": "vwap_low",
      "feature_group": "reversal_fundamental_regime_sector_external",
      "model_name": "xgb_d2_200_lr003_mcw5",
      "target_hit_bps": 50.0,
      "trades": 156,
      "win_rate": 0.5128205128205128,
      "avg_return": 0.0036423791885252235,
      "median_return": 0.00015341160285509486,
      "compound_return": 0.6991759393349124,
      "max_drawdown": -0.10470924204848342,
      "profit_factor": 1.5912864440933494,
      "windows": 10
    },
    {
      "entry_policy": "vwap_low",
      "feature_group": "all_no_ak",
      "model_name": "lgbm_leaves15_700",
      "target_hit_bps": 50.0,
      "trades": 124,
      "win_rate": 0.5241935483870968,
      "avg_return": 0.004389237597970848,
      "median_return": 0.0005077353926080698,
      "compound_return": 0.6824783270888473,
      "max_drawdown": -0.05677839947062513,
      "profit_factor": 1.8372268895445671,
      "windows": 10
    },
    {
      "entry_policy": "vwap_low",
      "feature_group": "reversal_fundamental_regime",
      "model_name": "extra_trees_600_d3",
      "target_hit_bps": 50.0,
      "trades": 103,
      "win_rate": 0.5339805825242718,
      "avg_return": 0.005145738056025006,
      "median_return": 0.0010272463334330996,
      "compound_return": 0.6539160795113617,
      "max_drawdown": -0.07501706081634385,
      "profit_factor": 1.9331832840586531,
      "windows": 10
    },
    {
      "entry_policy": "vwap_low",
      "feature_group": "reversal_fundamental_regime_sector_external",
      "model_name": "extra_trees_600_d3",
      "target_hit_bps": 50.0,
      "trades": 141,
      "win_rate": 0.5319148936170213,
      "avg_return": 0.0036895721865278083,
      "median_return": 0.0007845888449475903,
      "compound_return": 0.6258413857749361,
      "max_drawdown": -0.15631351362372115,
      "profit_factor": 1.5859994472741148,
      "windows": 10
    },
    {
      "entry_policy": "vwap_low",
      "feature_group": "all_no_ak",
      "model_name": "lgbm_leaves7_400",
      "target_hit_bps": 50.0,
      "trades": 145,
      "win_rate": 0.5103448275862069,
      "avg_return": 0.0034842234685136973,
      "median_return": 0.0001684667456423074,
      "compound_return": 0.6036646186998169,
      "max_drawdown": -0.09943695254431706,
      "profit_factor": 1.5674351472518546,
      "windows": 10
    }
  ]
}

[2026-05-17T02:22:38] RUN search_all_days_hit_50bps
  /usr/bin/python3 model_training/search_walk_forward_model_complexity.py --samples /root/stock_realtime_v021_full/saved_data/002028_pipeline_out_v2_new27_full/04_external/storage_power/training_samples_with_storage_power_external.csv --intraday-bars /root/stock_realtime_v021_full/saved_data/002028_pipeline_out_v2_new27_full/00_base/002028_5m.csv --out-dir /root/stock_realtime_v021_full/saved_data/002028_pipeline_out_v2_new27_full/10_search/search_all_days_hit_50bps --round-trip-cost-bps 1.7 --target-hit-bps 50.0 --label-mode hit --entry-policy all_days --entry-vwap-premium-bps 50.0 --max-missing 0.35 --groups reversal_fundamental_regime,reversal_fundamental_regime_sector,reversal_fundamental_regime_sector_external,all_no_ak --models xgb_d2_200_lr003_mcw5,xgb_d3_400_lr003_mcw3,xgb_d3_600_lr002_mcw3,xgb_d4_500_lr002_mcw5,lgbm_leaves7_400,lgbm_leaves15_700,extra_trees_600_d3,random_forest_600_d4 --quantiles 0.5,0.6,0.7,0.8 --train-rows 756 --valid-rows 126 --test-rows 63 --min-valid-trades 8 --min-train-entries 80
{
  "rows": 1539,
  "target_hit_bps": 50.0,
  "label_mode": "hit",
  "entry_policy": "all_days",
  "entry_vwap_premium_bps": 50.0,
  "groups": {
    "reversal_fundamental_regime": 135,
    "reversal_fundamental_regime_sector": 158,
    "reversal_fundamental_regime_sector_external": 539,
    "all_no_ak": 594
  },
  "models": [
    "xgb_d2_200_lr003_mcw5",
    "xgb_d3_400_lr003_mcw3",
    "xgb_d3_600_lr002_mcw3",
    "xgb_d4_500_lr002_mcw5",
    "extra_trees_600_d3",
    "random_forest_600_d4",
    "lgbm_leaves7_400",
    "lgbm_leaves15_700"
  ],
  "top": [
    {
      "entry_policy": "all_days",
      "feature_group": "all_no_ak",
      "model_name": "xgb_d3_600_lr002_mcw3",
      "target_hit_bps": 50.0,
      "trades": 214,
      "win_rate": 0.8411214953271028,
      "avg_return": 0.0011219480524818821,
      "median_return": 0.005,
      "compound_return": 0.2567724780526721,
      "max_drawdown": -0.09083221980696654,
      "profit_factor": 1.3723787269471817,
      "windows": 10
    },
    {
      "entry_policy": "all_days",
      "feature_group": "reversal_fundamental_regime_sector_external",
      "model_name": "lgbm_leaves7_400",
      "target_hit_bps": 50.0,
      "trades": 213,
      "win_rate": 0.8262910798122066,
      "avg_return": 0.0009359751076760249,
      "median_return": 0.005,
      "compound_return": 0.2050178437000345,
      "max_drawdown": -0.14380166849141063,
      "profit_factor": 1.2963364584616066,
      "windows": 10
    },
    {
      "entry_policy": "all_days",
      "feature_group": "reversal_fundamental_regime_sector",
      "model_name": "lgbm_leaves7_400",
      "target_hit_bps": 50.0,
      "trades": 220,
      "win_rate": 0.8227272727272728,
      "avg_return": 0.0008531931705764047,
      "median_return": 0.005,
      "compound_return": 0.19084141844756553,
      "max_drawdown": -0.1267349646909698,
      "profit_factor": 1.2668170878482838,
      "windows": 10
    },
    {
      "entry_policy": "all_days",
      "feature_group": "reversal_fundamental_regime_sector_external",
      "model_name": "lgbm_leaves15_700",
      "target_hit_bps": 50.0,
      "trades": 210,
      "win_rate": 0.8095238095238095,
      "avg_return": 0.0008321610095978408,
      "median_return": 0.005,
      "compound_return": 0.17736285415012465,
      "max_drawdown": -0.14947555214767627,
      "profit_factor": 1.2637652975512426,
      "windows": 10
    },
    {
      "entry_policy": "all_days",
      "feature_group": "reversal_fundamental_regime",
      "model_name": "xgb_d2_200_lr003_mcw5",
      "target_hit_bps": 50.0,
      "trades": 210,
      "win_rate": 0.819047619047619,
      "avg_return": 0.0007797217524641644,
      "median_return": 0.005,
      "compound_return": 0.16491533508602907,
      "max_drawdown": -0.06640069422717298,
      "profit_factor": 1.2431166005653496,
      "windows": 10
    },
    {
      "entry_policy": "all_days",
      "feature_group": "reversal_fundamental_regime_sector_external",
      "model_name": "xgb_d3_600_lr002_mcw3",
      "target_hit_bps": 50.0,
      "trades": 207,
      "win_rate": 0.8260869565217391,
      "avg_return": 0.0007229319024831021,
      "median_return": 0.005,
      "compound_return": 0.14762329068068292,
      "max_drawdown": -0.07235681706444974,
      "profit_factor": 1.2145556195963831,
      "windows": 10
    },
    {
      "entry_policy": "all_days",
      "feature_group": "reversal_fundamental_regime_sector",
      "model_name": "xgb_d2_200_lr003_mcw5",
      "target_hit_bps": 50.0,
      "trades": 215,
      "win_rate": 0.8232558139534883,
      "avg_return": 0.0005843875262348564,
      "median_return": 0.005,
      "compound_return": 0.1188675517864235,
      "max_drawdown": -0.09427392373421717,
      "profit_factor": 1.1698724882084461,
      "windows": 10
    },
    {
      "entry_policy": "all_days",
      "feature_group": "all_no_ak",
      "model_name": "xgb_d3_400_lr003_mcw3",
      "target_hit_bps": 50.0,
      "trades": 219,
      "win_rate": 0.8127853881278538,
      "avg_return": 0.00048227732898570893,
      "median_return": 0.005,
      "compound_return": 0.09619229598150669,
      "max_drawdown": -0.11029042603268324,
      "profit_factor": 1.137302091676667,
      "windows": 10
    },
    {
      "entry_policy": "all_days",
      "feature_group": "reversal_fundamental_regime_sector",
      "model_name": "lgbm_leaves15_700",
      "target_hit_bps": 50.0,
      "trades": 189,
      "win_rate": 0.8253968253968254,
      "avg_return": 0.0005483544379693648,
      "median_return": 0.005,
      "compound_return": 0.09584342874985663,
      "max_drawdown": -0.08988105035324456,
      "profit_factor": 1.1554352154191643,
      "windows": 10
    },
    {
      "entry_policy": "all_days",
      "feature_group": "all_no_ak",
      "model_name": "xgb_d2_200_lr003_mcw5",
      "target_hit_bps": 50.0,
      "trades": 226,
      "win_rate": 0.831858407079646,
      "avg_return": 0.00045679717360234484,
      "median_return": 0.005,
      "compound_return": 0.09133763517446303,
      "max_drawdown": -0.10965812244621598,
      "profit_factor": 1.1245483143295796,
      "windows": 10
    },
    {
      "entry_policy": "all_days",
      "feature_group": "reversal_fundamental_regime_sector",
      "model_name": "xgb_d4_500_lr002_mcw5",
      "target_hit_bps": 50.0,
      "trades": 192,
      "win_rate": 0.8177083333333334,
      "avg_return": 0.0004697041764828544,
      "median_return": 0.005,
      "compound_return": 0.08153264998969423,
      "max_drawdown": -0.1518998156391369,
      "profit_factor": 1.1322129083175132,
      "windows": 10
    },
    {
      "entry_policy": "all_days",
      "feature_group": "reversal_fundamental_regime",
      "model_name": "lgbm_leaves7_400",
      "target_hit_bps": 50.0,
      "trades": 181,
      "win_rate": 0.8011049723756906,
      "avg_return": 0.0004858859918450489,
      "median_return": 0.005,
      "compound_return": 0.08037995435870826,
      "max_drawdown": -0.09078031170892131,
      "profit_factor": 1.1410004665707811,
      "windows": 10
    },
    {
      "entry_policy": "all_days",
      "feature_group": "reversal_fundamental_regime_sector_external",
      "model_name": "xgb_d4_500_lr002_mcw5",
      "target_hit_bps": 50.0,
      "trades": 202,
      "win_rate": 0.8168316831683168,
      "avg_return": 0.00042315807353327065,
      "median_return": 0.005,
      "compound_return": 0.07515387584975586,
      "max_drawdown": -0.16207438817861153,
      "profit_factor": 1.1179607886651,
      "windows": 10
    },
    {
      "entry_policy": "all_days",
      "feature_group": "reversal_fundamental_regime",
      "model_name": "extra_trees_600_d3",
      "target_hit_bps": 50.0,
      "trades": 170,
      "win_rate": 0.8176470588235294,
      "avg_return": 0.000356890762897343,
      "median_return": 0.005,
      "compound_return": 0.05065338611638981,
      "max_drawdown": -0.11153330486449209,
      "profit_factor": 1.0976024887534843,
      "windows": 10
    },
    {
      "entry_policy": "all_days",
      "feature_group": "all_no_ak",
      "model_name": "lgbm_leaves15_700",
      "target_hit_bps": 50.0,
      "trades": 190,
      "win_rate": 0.8105263157894737,
      "avg_return": 0.00029303427776069277,
      "median_return": 0.005,
      "compound_return": 0.042893798512682935,
      "max_drawdown": -0.17523734625701282,
      "profit_factor": 1.0792313701094272,
      "windows": 10
    },
    {
      "entry_policy": "all_days",
      "feature_group": "reversal_fundamental_regime_sector",
      "model_name": "extra_trees_600_d3",
      "target_hit_bps": 50.0,
      "trades": 183,
      "win_rate": 0.8087431693989071,
      "avg_return": 0.0002711866345227673,
      "median_return": 0.005,
      "compound_return": 0.03877237937474898,
      "max_drawdown": -0.09981699431366597,
      "profit_factor": 1.0728390833379153,
      "windows": 10
    },
    {
      "entry_policy": "all_days",
      "feature_group": "reversal_fundamental_regime_sector",
      "model_name": "xgb_d3_400_lr003_mcw3",
      "target_hit_bps": 50.0,
      "trades": 242,
      "win_rate": 0.8099173553719008,
      "avg_return": 0.00021111194574322242,
      "median_return": 0.005,
      "compound_return": 0.035288140281165115,
      "max_drawdown": -0.1859103344131362,
      "profit_factor": 1.0564094206929624,
      "windows": 10
    },
    {
      "entry_policy": "all_days",
      "feature_group": "reversal_fundamental_regime_sector",
      "model_name": "xgb_d3_600_lr002_mcw3",
      "target_hit_bps": 50.0,
      "trades": 209,
      "win_rate": 0.8181818181818182,
      "avg_return": 0.0002292054434246703,
      "median_return": 0.005,
      "compound_return": 0.033696277822076626,
      "max_drawdown": -0.15600852404012855,
      "profit_factor": 1.0608402474818466,
      "windows": 10
    },
    {
      "entry_policy": "all_days",
      "feature_group": "reversal_fundamental_regime_sector_external",
      "model_name": "xgb_d2_200_lr003_mcw5",
      "target_hit_bps": 50.0,
      "trades": 223,
      "win_rate": 0.8116591928251121,
      "avg_return": 0.0002156010210637775,
      "median_return": 0.005,
      "compound_return": 0.03323009606595351,
      "max_drawdown": -0.116345071860525,
      "profit_factor": 1.05742854338065,
      "windows": 10
    },
    {
      "entry_policy": "all_days",
      "feature_group": "reversal_fundamental_regime",
      "model_name": "xgb_d3_400_lr003_mcw3",
      "target_hit_bps": 50.0,
      "trades": 167,
      "win_rate": 0.7904191616766467,
      "avg_return": 0.00023338911578554028,
      "median_return": 0.005,
      "compound_return": 0.02959294289388925,
      "max_drawdown": -0.09386875280265405,
      "profit_factor": 1.0651068555981,
      "windows": 10
    }
  ]
}

[2026-05-17T02:48:01] RUN search_all_days_hit_80bps
  /usr/bin/python3 model_training/search_walk_forward_model_complexity.py --samples /root/stock_realtime_v021_full/saved_data/002028_pipeline_out_v2_new27_full/04_external/storage_power/training_samples_with_storage_power_external.csv --intraday-bars /root/stock_realtime_v021_full/saved_data/002028_pipeline_out_v2_new27_full/00_base/002028_5m.csv --out-dir /root/stock_realtime_v021_full/saved_data/002028_pipeline_out_v2_new27_full/10_search/search_all_days_hit_80bps --round-trip-cost-bps 1.7 --target-hit-bps 80.0 --label-mode hit --entry-policy all_days --entry-vwap-premium-bps 50.0 --max-missing 0.35 --groups reversal_fundamental_regime,reversal_fundamental_regime_sector,reversal_fundamental_regime_sector_external,all_no_ak --models xgb_d2_200_lr003_mcw5,xgb_d3_400_lr003_mcw3,xgb_d3_600_lr002_mcw3,xgb_d4_500_lr002_mcw5,lgbm_leaves7_400,lgbm_leaves15_700,extra_trees_600_d3,random_forest_600_d4 --quantiles 0.5,0.6,0.7,0.8 --train-rows 756 --valid-rows 126 --test-rows 63 --min-valid-trades 8 --min-train-entries 80
{
  "rows": 1539,
  "target_hit_bps": 80.0,
  "label_mode": "hit",
  "entry_policy": "all_days",
  "entry_vwap_premium_bps": 50.0,
  "groups": {
    "reversal_fundamental_regime": 135,
    "reversal_fundamental_regime_sector": 158,
    "reversal_fundamental_regime_sector_external": 539,
    "all_no_ak": 594
  },
  "models": [
    "xgb_d2_200_lr003_mcw5",
    "xgb_d3_400_lr003_mcw3",
    "xgb_d3_600_lr002_mcw3",
    "xgb_d4_500_lr002_mcw5",
    "extra_trees_600_d3",
    "random_forest_600_d4",
    "lgbm_leaves7_400",
    "lgbm_leaves15_700"
  ],
  "top": [
    {
      "entry_policy": "all_days",
      "feature_group": "reversal_fundamental_regime",
      "model_name": "lgbm_leaves7_400",
      "target_hit_bps": 80.0,
      "trades": 172,
      "win_rate": 0.7790697674418605,
      "avg_return": 0.0027467477784799076,
      "median_return": 0.008,
      "compound_return": 0.585633697034031,
      "max_drawdown": -0.09569911889549676,
      "profit_factor": 1.8307700819571906,
      "windows": 10
    },
    {
      "entry_policy": "all_days",
      "feature_group": "reversal_fundamental_regime_sector_external",
      "model_name": "xgb_d4_500_lr002_mcw5",
      "target_hit_bps": 80.0,
      "trades": 198,
      "win_rate": 0.7828282828282829,
      "avg_return": 0.0022700069897101287,
      "median_return": 0.008,
      "compound_return": 0.5419410888847622,
      "max_drawdown": -0.0980302932226006,
      "profit_factor": 1.586435459153635,
      "windows": 10
    },
    {
      "entry_policy": "all_days",
      "feature_group": "all_no_ak",
      "model_name": "xgb_d3_400_lr003_mcw3",
      "target_hit_bps": 80.0,
      "trades": 210,
      "win_rate": 0.7666666666666667,
      "avg_return": 0.0019271343180954513,
      "median_return": 0.008,
      "compound_return": 0.4728710828294036,
      "max_drawdown": -0.1308894559182603,
      "profit_factor": 1.481681012370922,
      "windows": 10
    },
    {
      "entry_policy": "all_days",
      "feature_group": "reversal_fundamental_regime_sector",
      "model_name": "xgb_d2_200_lr003_mcw5",
      "target_hit_bps": 80.0,
      "trades": 215,
      "win_rate": 0.772093023255814,
      "avg_return": 0.0018523018504708623,
      "median_return": 0.008,
      "compound_return": 0.4650400520592266,
      "max_drawdown": -0.07996511214317026,
      "profit_factor": 1.4497818751710014,
      "windows": 10
    },
    {
      "entry_policy": "all_days",
      "feature_group": "reversal_fundamental_regime_sector_external",
      "model_name": "lgbm_leaves7_400",
      "target_hit_bps": 80.0,
      "trades": 172,
      "win_rate": 0.7790697674418605,
      "avg_return": 0.0022064658568099176,
      "median_return": 0.008,
      "compound_return": 0.44221289048513346,
      "max_drawdown": -0.0958691303981124,
      "profit_factor": 1.5763386230453293,
      "windows": 10
    },
    {
      "entry_policy": "all_days",
      "feature_group": "all_no_ak",
      "model_name": "xgb_d2_200_lr003_mcw5",
      "target_hit_bps": 80.0,
      "trades": 232,
      "win_rate": 0.7629310344827587,
      "avg_return": 0.0016516606015561514,
      "median_return": 0.008,
      "compound_return": 0.43739648393059816,
      "max_drawdown": -0.09945000407897087,
      "profit_factor": 1.3846486577522403,
      "windows": 10
    },
    {
      "entry_policy": "all_days",
      "feature_group": "reversal_fundamental_regime",
      "model_name": "xgb_d2_200_lr003_mcw5",
      "target_hit_bps": 80.0,
      "trades": 179,
      "win_rate": 0.776536312849162,
      "avg_return": 0.0020495368579282313,
      "median_return": 0.008,
      "compound_return": 0.423312041580836,
      "max_drawdown": -0.09658964562899974,
      "profit_factor": 1.5133988377519967,
      "windows": 10
    },
    {
      "entry_policy": "all_days",
      "feature_group": "reversal_fundamental_regime_sector_external",
      "model_name": "random_forest_600_d4",
      "target_hit_bps": 80.0,
      "trades": 192,
      "win_rate": 0.7864583333333334,
      "avg_return": 0.0018950757124768496,
      "median_return": 0.008,
      "compound_return": 0.4132197722015125,
      "max_drawdown": -0.11244632008038524,
      "profit_factor": 1.4360821872985912,
      "windows": 10
    },
    {
      "entry_policy": "all_days",
      "feature_group": "reversal_fundamental_regime",
      "model_name": "xgb_d3_600_lr002_mcw3",
      "target_hit_bps": 80.0,
      "trades": 171,
      "win_rate": 0.7543859649122807,
      "avg_return": 0.0019930756274461584,
      "median_return": 0.008,
      "compound_return": 0.3887091309433368,
      "max_drawdown": -0.07903637529912755,
      "profit_factor": 1.5135276488347245,
      "windows": 10
    },
    {
      "entry_policy": "all_days",
      "feature_group": "all_no_ak",
      "model_name": "xgb_d3_600_lr002_mcw3",
      "target_hit_bps": 80.0,
      "trades": 200,
      "win_rate": 0.76,
      "avg_return": 0.0016721126679878889,
      "median_return": 0.008,
      "compound_return": 0.37322030072057455,
      "max_drawdown": -0.0990585245661243,
      "profit_factor": 1.3975511620647012,
      "windows": 10
    },
    {
      "entry_policy": "all_days",
      "feature_group": "reversal_fundamental_regime_sector_external",
      "model_name": "xgb_d2_200_lr003_mcw5",
      "target_hit_bps": 80.0,
      "trades": 205,
      "win_rate": 0.775609756097561,
      "avg_return": 0.00162713163097144,
      "median_return": 0.008,
      "compound_return": 0.3684594778948964,
      "max_drawdown": -0.1946288608812663,
      "profit_factor": 1.3698769595392901,
      "windows": 10
    },
    {
      "entry_policy": "all_days",
      "feature_group": "reversal_fundamental_regime",
      "model_name": "xgb_d3_400_lr003_mcw3",
      "target_hit_bps": 80.0,
      "trades": 190,
      "win_rate": 0.7473684210526316,
      "avg_return": 0.0017104661227919193,
      "median_return": 0.008,
      "compound_return": 0.3643320143301174,
      "max_drawdown": -0.06819740312071088,
      "profit_factor": 1.423649084859161,
      "windows": 10
    },
    {
      "entry_policy": "all_days",
      "feature_group": "reversal_fundamental_regime_sector_external",
      "model_name": "xgb_d3_400_lr003_mcw3",
      "target_hit_bps": 80.0,
      "trades": 215,
      "win_rate": 0.7488372093023256,
      "avg_return": 0.0015174260527849542,
      "median_return": 0.008,
      "compound_return": 0.36097003926108395,
      "max_drawdown": -0.1160987286300369,
      "profit_factor": 1.3530847021713128,
      "windows": 10
    },
    {
      "entry_policy": "all_days",
      "feature_group": "all_no_ak",
      "model_name": "xgb_d4_500_lr002_mcw5",
      "target_hit_bps": 80.0,
      "trades": 200,
      "win_rate": 0.765,
      "avg_return": 0.0016308278059563842,
      "median_return": 0.008,
      "compound_return": 0.3599985175353566,
      "max_drawdown": -0.11371426693367859,
      "profit_factor": 1.3730898833324383,
      "windows": 10
    },
    {
      "entry_policy": "all_days",
      "feature_group": "reversal_fundamental_regime",
      "model_name": "random_forest_600_d4",
      "target_hit_bps": 80.0,
      "trades": 201,
      "win_rate": 0.7761194029850746,
      "avg_return": 0.0015049790221921505,
      "median_return": 0.008,
      "compound_return": 0.3285759772408534,
      "max_drawdown": -0.10582900065974754,
      "profit_factor": 1.3306195486243262,
      "windows": 10
    },
    {
      "entry_policy": "all_days",
      "feature_group": "reversal_fundamental_regime_sector",
      "model_name": "random_forest_600_d4",
      "target_hit_bps": 80.0,
      "trades": 149,
      "win_rate": 0.785234899328859,
      "avg_return": 0.001984300519591068,
      "median_return": 0.008,
      "compound_return": 0.3271795890172777,
      "max_drawdown": -0.10760888799356227,
      "profit_factor": 1.4838628291465388,
      "windows": 10
    },
    {
      "entry_policy": "all_days",
      "feature_group": "reversal_fundamental_regime_sector",
      "model_name": "extra_trees_600_d3",
      "target_hit_bps": 80.0,
      "trades": 246,
      "win_rate": 0.7520325203252033,
      "avg_return": 0.00123791350934738,
      "median_return": 0.008,
      "compound_return": 0.32672559830775283,
      "max_drawdown": -0.11673616305354606,
      "profit_factor": 1.2665617549526222,
      "windows": 10
    },
    {
      "entry_policy": "all_days",
      "feature_group": "reversal_fundamental_regime",
      "model_name": "xgb_d4_500_lr002_mcw5",
      "target_hit_bps": 80.0,
      "trades": 158,
      "win_rate": 0.759493670886076,
      "avg_return": 0.0018221392788909437,
      "median_return": 0.008,
      "compound_return": 0.31612535086677496,
      "max_drawdown": -0.14985869919735995,
      "profit_factor": 1.4562582806545772,
      "windows": 10
    },
    {
      "entry_policy": "all_days",
      "feature_group": "all_no_ak",
      "model_name": "lgbm_leaves15_700",
      "target_hit_bps": 80.0,
      "trades": 159,
      "win_rate": 0.7672955974842768,
      "avg_return": 0.0017504953054025296,
      "median_return": 0.008,
      "compound_return": 0.30247981811610725,
      "max_drawdown": -0.08336583660734742,
      "profit_factor": 1.4128020360602207,
      "windows": 10
    },
    {
      "entry_policy": "all_days",
      "feature_group": "reversal_fundamental_regime",
      "model_name": "extra_trees_600_d3",
      "target_hit_bps": 80.0,
      "trades": 191,
      "win_rate": 0.7643979057591623,
      "avg_return": 0.0014144734352129636,
      "median_return": 0.008,
      "compound_return": 0.28753684938322044,
      "max_drawdown": -0.08843755616583937,
      "profit_factor": 1.3107721027261536,
      "windows": 10
    }
  ]
}

[2026-05-17T03:13:55] RUN search_all_days_close_profit_50bps
  /usr/bin/python3 model_training/search_walk_forward_model_complexity.py --samples /root/stock_realtime_v021_full/saved_data/002028_pipeline_out_v2_new27_full/04_external/storage_power/training_samples_with_storage_power_external.csv --intraday-bars /root/stock_realtime_v021_full/saved_data/002028_pipeline_out_v2_new27_full/00_base/002028_5m.csv --out-dir /root/stock_realtime_v021_full/saved_data/002028_pipeline_out_v2_new27_full/10_search/search_all_days_close_profit_50bps --round-trip-cost-bps 1.7 --target-hit-bps 50.0 --label-mode close_profit --entry-policy all_days --entry-vwap-premium-bps 50.0 --max-missing 0.35 --groups reversal_fundamental_regime,reversal_fundamental_regime_sector,reversal_fundamental_regime_sector_external,all_no_ak --models xgb_d2_200_lr003_mcw5,xgb_d3_400_lr003_mcw3,xgb_d3_600_lr002_mcw3,xgb_d4_500_lr002_mcw5,lgbm_leaves7_400,lgbm_leaves15_700,extra_trees_600_d3,random_forest_600_d4 --quantiles 0.5,0.6,0.7,0.8 --train-rows 756 --valid-rows 126 --test-rows 63 --min-valid-trades 8 --min-train-entries 80
{
  "rows": 1539,
  "target_hit_bps": 50.0,
  "label_mode": "close_profit",
  "entry_policy": "all_days",
  "entry_vwap_premium_bps": 50.0,
  "groups": {
    "reversal_fundamental_regime": 135,
    "reversal_fundamental_regime_sector": 158,
    "reversal_fundamental_regime_sector_external": 539,
    "all_no_ak": 594
  },
  "models": [
    "xgb_d2_200_lr003_mcw5",
    "xgb_d3_400_lr003_mcw3",
    "xgb_d3_600_lr002_mcw3",
    "xgb_d4_500_lr002_mcw5",
    "extra_trees_600_d3",
    "random_forest_600_d4",
    "lgbm_leaves7_400",
    "lgbm_leaves15_700"
  ],
  "top": [
    {
      "entry_policy": "all_days",
      "feature_group": "reversal_fundamental_regime_sector_external",
      "model_name": "random_forest_600_d4",
      "target_hit_bps": 50.0,
      "trades": 167,
      "win_rate": 0.5688622754491018,
      "avg_return": 0.006394991376747861,
      "median_return": 0.002107904328018332,
      "compound_return": 1.7724915852466,
      "max_drawdown": -0.0734102130403852,
      "profit_factor": 2.12267485420386,
      "windows": 10
    },
    {
      "entry_policy": "all_days",
      "feature_group": "all_no_ak",
      "model_name": "extra_trees_600_d3",
      "target_hit_bps": 50.0,
      "trades": 116,
      "win_rate": 0.603448275862069,
      "avg_return": 0.007930607058312406,
      "median_return": 0.005393638419228245,
      "compound_return": 1.4030268034258624,
      "max_drawdown": -0.10020416295937706,
      "profit_factor": 2.2779484662293146,
      "windows": 10
    },
    {
      "entry_policy": "all_days",
      "feature_group": "reversal_fundamental_regime_sector_external",
      "model_name": "lgbm_leaves7_400",
      "target_hit_bps": 50.0,
      "trades": 174,
      "win_rate": 0.5057471264367817,
      "avg_return": 0.004497267575815332,
      "median_return": 0.00014270539577676894,
      "compound_return": 1.1009709893262425,
      "max_drawdown": -0.09183396373020625,
      "profit_factor": 1.835838609000663,
      "windows": 10
    },
    {
      "entry_policy": "all_days",
      "feature_group": "all_no_ak",
      "model_name": "lgbm_leaves15_700",
      "target_hit_bps": 50.0,
      "trades": 169,
      "win_rate": 0.5207100591715976,
      "avg_return": 0.004577542780742389,
      "median_return": 0.00024407867494824836,
      "compound_return": 1.0743192107863955,
      "max_drawdown": -0.13341078168014509,
      "profit_factor": 1.7497222146651514,
      "windows": 10
    },
    {
      "entry_policy": "all_days",
      "feature_group": "all_no_ak",
      "model_name": "random_forest_600_d4",
      "target_hit_bps": 50.0,
      "trades": 140,
      "win_rate": 0.5571428571428572,
      "avg_return": 0.005438456679401147,
      "median_return": 0.0014471125980748435,
      "compound_return": 1.0533800576208492,
      "max_drawdown": -0.1254184464512622,
      "profit_factor": 1.8802028918498974,
      "windows": 10
    },
    {
      "entry_policy": "all_days",
      "feature_group": "reversal_fundamental_regime_sector",
      "model_name": "xgb_d2_200_lr003_mcw5",
      "target_hit_bps": 50.0,
      "trades": 120,
      "win_rate": 0.5416666666666666,
      "avg_return": 0.006255829914795669,
      "median_return": 0.0012658855800145065,
      "compound_return": 1.0296353372547342,
      "max_drawdown": -0.09989230332891574,
      "profit_factor": 2.0241315604665213,
      "windows": 10
    },
    {
      "entry_policy": "all_days",
      "feature_group": "reversal_fundamental_regime",
      "model_name": "xgb_d3_400_lr003_mcw3",
      "target_hit_bps": 50.0,
      "trades": 98,
      "win_rate": 0.6020408163265306,
      "avg_return": 0.00732299990980215,
      "median_return": 0.004325250463988687,
      "compound_return": 0.9808476226344165,
      "max_drawdown": -0.07154384082484411,
      "profit_factor": 2.3202753558298634,
      "windows": 10
    },
    {
      "entry_policy": "all_days",
      "feature_group": "reversal_fundamental_regime",
      "model_name": "xgb_d4_500_lr002_mcw5",
      "target_hit_bps": 50.0,
      "trades": 105,
      "win_rate": 0.5619047619047619,
      "avg_return": 0.0065344004918091335,
      "median_return": 0.0017052930145335966,
      "compound_return": 0.9193712501148845,
      "max_drawdown": -0.10220626394576449,
      "profit_factor": 2.1862121669795,
      "windows": 10
    },
    {
      "entry_policy": "all_days",
      "feature_group": "reversal_fundamental_regime",
      "model_name": "xgb_d3_600_lr002_mcw3",
      "target_hit_bps": 50.0,
      "trades": 88,
      "win_rate": 0.5909090909090909,
      "avg_return": 0.007752241454110564,
      "median_return": 0.005489210742560816,
      "compound_return": 0.9183370632571908,
      "max_drawdown": -0.0923098451998321,
      "profit_factor": 2.482915642796352,
      "windows": 10
    },
    {
      "entry_policy": "all_days",
      "feature_group": "all_no_ak",
      "model_name": "xgb_d3_600_lr002_mcw3",
      "target_hit_bps": 50.0,
      "trades": 183,
      "win_rate": 0.48633879781420764,
      "avg_return": 0.00377540533440407,
      "median_return": -0.0007241701302299584,
      "compound_return": 0.9062695572356665,
      "max_drawdown": -0.10395747616503948,
      "profit_factor": 1.6126060803685416,
      "windows": 10
    },
    {
      "entry_policy": "all_days",
      "feature_group": "reversal_fundamental_regime",
      "model_name": "lgbm_leaves7_400",
      "target_hit_bps": 50.0,
      "trades": 90,
      "win_rate": 0.5777777777777777,
      "avg_return": 0.007486548317929081,
      "median_return": 0.004325250463988687,
      "compound_return": 0.8993715249256748,
      "max_drawdown": -0.11426795320968575,
      "profit_factor": 2.3285057932901845,
      "windows": 10
    },
    {
      "entry_policy": "all_days",
      "feature_group": "reversal_fundamental_regime_sector_external",
      "model_name": "xgb_d2_200_lr003_mcw5",
      "target_hit_bps": 50.0,
      "trades": 167,
      "win_rate": 0.5329341317365269,
      "avg_return": 0.003802621801720851,
      "median_return": 0.0004905019815060231,
      "compound_return": 0.8189499871947694,
      "max_drawdown": -0.12155345094385617,
      "profit_factor": 1.6762382446856787,
      "windows": 10
    },
    {
      "entry_policy": "all_days",
      "feature_group": "reversal_fundamental_regime_sector",
      "model_name": "random_forest_600_d4",
      "target_hit_bps": 50.0,
      "trades": 102,
      "win_rate": 0.5686274509803921,
      "avg_return": 0.0061236744972760476,
      "median_return": 0.0012658855800145065,
      "compound_return": 0.8118427333131766,
      "max_drawdown": -0.07351780532626473,
      "profit_factor": 2.1583465834625892,
      "windows": 10
    },
    {
      "entry_policy": "all_days",
      "feature_group": "reversal_fundamental_regime",
      "model_name": "random_forest_600_d4",
      "target_hit_bps": 50.0,
      "trades": 120,
      "win_rate": 0.5333333333333333,
      "avg_return": 0.00500303498744935,
      "median_return": 0.0009901679542956322,
      "compound_return": 0.7583095910152637,
      "max_drawdown": -0.12500193702666074,
      "profit_factor": 1.7619870857331053,
      "windows": 10
    },
    {
      "entry_policy": "all_days",
      "feature_group": "all_no_ak",
      "model_name": "lgbm_leaves7_400",
      "target_hit_bps": 50.0,
      "trades": 147,
      "win_rate": 0.5238095238095238,
      "avg_return": 0.003915555727049769,
      "median_return": 0.00024407867494824836,
      "compound_return": 0.7194883857591894,
      "max_drawdown": -0.13633381303485925,
      "profit_factor": 1.6848177606562322,
      "windows": 10
    },
    {
      "entry_policy": "all_days",
      "feature_group": "reversal_fundamental_regime_sector",
      "model_name": "xgb_d4_500_lr002_mcw5",
      "target_hit_bps": 50.0,
      "trades": 106,
      "win_rate": 0.5283018867924528,
      "avg_return": 0.00539579587679324,
      "median_return": 0.0007199128692959612,
      "compound_return": 0.7156001000144487,
      "max_drawdown": -0.09081069734978064,
      "profit_factor": 1.9135253287702054,
      "windows": 10
    },
    {
      "entry_policy": "all_days",
      "feature_group": "reversal_fundamental_regime",
      "model_name": "lgbm_leaves15_700",
      "target_hit_bps": 50.0,
      "trades": 92,
      "win_rate": 0.5869565217391305,
      "avg_return": 0.0061376798228589815,
      "median_return": 0.001988569267837418,
      "compound_return": 0.7031912108125427,
      "max_drawdown": -0.09053471767976085,
      "profit_factor": 2.027445205499514,
      "windows": 10
    },
    {
      "entry_policy": "all_days",
      "feature_group": "reversal_fundamental_regime_sector",
      "model_name": "xgb_d3_400_lr003_mcw3",
      "target_hit_bps": 50.0,
      "trades": 121,
      "win_rate": 0.5289256198347108,
      "avg_return": 0.004675069844018085,
      "median_return": 0.0004589308176099517,
      "compound_return": 0.7014251367093598,
      "max_drawdown": -0.15310538330307666,
      "profit_factor": 1.7831575930086165,
      "windows": 10
    },
    {
      "entry_policy": "all_days",
      "feature_group": "reversal_fundamental_regime_sector_external",
      "model_name": "xgb_d4_500_lr002_mcw5",
      "target_hit_bps": 50.0,
      "trades": 165,
      "win_rate": 0.47878787878787876,
      "avg_return": 0.0034315798830638327,
      "median_return": -0.0010080473496751861,
      "compound_return": 0.6928645679620253,
      "max_drawdown": -0.16490128526607373,
      "profit_factor": 1.5431152356113382,
      "windows": 10
    },
    {
      "entry_policy": "all_days",
      "feature_group": "reversal_fundamental_regime_sector",
      "model_name": "lgbm_leaves15_700",
      "target_hit_bps": 50.0,
      "trades": 119,
      "win_rate": 0.5630252100840336,
      "avg_return": 0.004587551448396822,
      "median_return": 0.0014963195167674338,
      "compound_return": 0.6744436184416884,
      "max_drawdown": -0.10594914210989159,
      "profit_factor": 1.8157015915797765,
      "windows": 10
    }
  ]
}

[2026-05-17T03:40:33] RUN summarize
  /usr/bin/python3 model_training/summarize_nextday_search_results.py --pipeline-out /root/stock_realtime_v021_full/saved_data/002028_pipeline_out_v2_new27_full --out-dir /root/stock_realtime_v021_full/saved_data/002028_pipeline_out_v2_new27_full/99_summary --excel
{
  "rows": 192,
  "outputs": {
    "final_leaderboard": "/root/stock_realtime_v021_full/saved_data/002028_pipeline_out_v2_new27_full/99_summary/final_leaderboard.csv",
    "best_by_target_top5": "/root/stock_realtime_v021_full/saved_data/002028_pipeline_out_v2_new27_full/99_summary/best_by_target_top5.csv",
    "best_by_entry_policy_top5": "/root/stock_realtime_v021_full/saved_data/002028_pipeline_out_v2_new27_full/99_summary/best_by_entry_policy_top5.csv",
    "excel": "/root/stock_realtime_v021_full/saved_data/002028_pipeline_out_v2_new27_full/99_summary/final_leaderboard.xlsx",
    "summary_manifest": "/root/stock_realtime_v021_full/saved_data/002028_pipeline_out_v2_new27_full/99_summary/summary_manifest.json"
  }
}
=== nextday pipeline end: 2026-05-17T03:40:34 status=ok ===
