{
  "artifact_created_at": "2026-05-16T01:07:10",
  "stock_code": "600522.SH",
  "artifact_name": "nextday_vwap_low_close_profit_lgbm_leaves7_400_reversal_fundamental_regime_sector_optical_cable_grid_safe_20260515",
  "samples": "/root/stock_realtime_v021_full/saved_data/600522_pipeline_out_v2_all14/04_external/optical_cable_grid/training_samples_with_optical_cable_grid_external.csv",
  "intraday_bars": "/root/stock_realtime_v021_full/saved_data/600522_pipeline_out_v2_all14/00_base/600522_5m.csv",
  "feature_group": "reversal_fundamental_regime_sector",
  "model_name": "lgbm_leaves7_400",
  "label_mode": "close_profit",
  "entry_policy": "vwap_low",
  "entry_vwap_premium_bps": 50.0,
  "label_col": "trade_close_profit_label",
  "return_col": "trade_net_close_return",
  "target_hit_bps": 50.0,
  "round_trip_cost_bps": 1.7,
  "threshold": 0.5062916037584191,
  "threshold_quantile": 0.7,
  "feature_count": 158,
  "rows": 1536,
  "train_rows_for_threshold": 1284,
  "valid_rows_for_threshold": 252,
  "final_train_entry_rows": 1482,
  "date_min": "2020-01-02",
  "date_max": "2026-05-11",
  "validation_tail_auc": 0.5419436530547642,
  "validation_tail_trade_metrics": {
    "trades": 60,
    "win_rate": 0.65,
    "avg_return": 0.007146916613226528,
    "median_return": 0.005313000998067644,
    "compound_return": 0.516912696432646,
    "max_drawdown": -0.039402810348149075,
    "profit_factor": 2.765193233330108
  },
  "files": {
    "model": "saved_models/600522.SH/nextday_vwap_low_close_profit_lgbm_leaves7_400_reversal_fundamental_regime_sector_optical_cable_grid_safe_20260515/model.joblib",
    "feature_median": "saved_models/600522.SH/nextday_vwap_low_close_profit_lgbm_leaves7_400_reversal_fundamental_regime_sector_optical_cable_grid_safe_20260515/feature_median.csv",
    "feature_columns": "saved_models/600522.SH/nextday_vwap_low_close_profit_lgbm_leaves7_400_reversal_fundamental_regime_sector_optical_cable_grid_safe_20260515/feature_columns.txt",
    "validation_tail_predictions": "saved_models/600522.SH/nextday_vwap_low_close_profit_lgbm_leaves7_400_reversal_fundamental_regime_sector_optical_cable_grid_safe_20260515/validation_tail_predictions.csv",
    "metadata": "saved_models/600522.SH/nextday_vwap_low_close_profit_lgbm_leaves7_400_reversal_fundamental_regime_sector_optical_cable_grid_safe_20260515/metadata.json"
  },
  "usage_note": "This artifact is stock-specific. Use only for 600522.SH with the same feature-building pipeline."
}
