{
  "artifact_created_at": "2026-05-16T01:06:46",
  "stock_code": "600522.SH",
  "artifact_name": "nextday_all_days_close_profit_random_forest_600_d4_reversal_fundamental_regime_sector_external_optical_cable_grid_safe_20260515",
  "samples": "/root/stock_realtime_v021_full/saved_data/600522_pipeline_out_v2_all14/04_external/optical_cable_grid/training_samples_with_optical_cable_grid_external.csv",
  "intraday_bars": "/root/stock_realtime_v021_full/saved_data/600522_pipeline_out_v2_all14/00_base/600522_5m.csv",
  "feature_group": "reversal_fundamental_regime_sector_external",
  "model_name": "random_forest_600_d4",
  "label_mode": "close_profit",
  "entry_policy": "all_days",
  "entry_vwap_premium_bps": 50.0,
  "label_col": "trade_close_profit_label",
  "return_col": "trade_net_close_return",
  "target_hit_bps": 50.0,
  "round_trip_cost_bps": 1.7,
  "threshold": 0.4559711722315196,
  "threshold_quantile": 0.7,
  "feature_count": 614,
  "rows": 1536,
  "train_rows_for_threshold": 1284,
  "valid_rows_for_threshold": 252,
  "final_train_entry_rows": 1536,
  "date_min": "2020-01-02",
  "date_max": "2026-05-11",
  "validation_tail_auc": 0.5323203545425768,
  "validation_tail_trade_metrics": {
    "trades": 76,
    "win_rate": 0.5526315789473685,
    "avg_return": 0.006975695767994288,
    "median_return": 0.004268482845863567,
    "compound_return": 0.6474337848371372,
    "max_drawdown": -0.1040085603273796,
    "profit_factor": 1.9890083212156184
  },
  "files": {
    "model": "saved_models/600522.SH/nextday_all_days_close_profit_random_forest_600_d4_reversal_fundamental_regime_sector_external_optical_cable_grid_safe_20260515/model.joblib",
    "feature_median": "saved_models/600522.SH/nextday_all_days_close_profit_random_forest_600_d4_reversal_fundamental_regime_sector_external_optical_cable_grid_safe_20260515/feature_median.csv",
    "feature_columns": "saved_models/600522.SH/nextday_all_days_close_profit_random_forest_600_d4_reversal_fundamental_regime_sector_external_optical_cable_grid_safe_20260515/feature_columns.txt",
    "validation_tail_predictions": "saved_models/600522.SH/nextday_all_days_close_profit_random_forest_600_d4_reversal_fundamental_regime_sector_external_optical_cable_grid_safe_20260515/validation_tail_predictions.csv",
    "metadata": "saved_models/600522.SH/nextday_all_days_close_profit_random_forest_600_d4_reversal_fundamental_regime_sector_external_optical_cable_grid_safe_20260515/metadata.json"
  },
  "usage_note": "This artifact is stock-specific. Use only for 600522.SH with the same feature-building pipeline."
}
