{
  "artifact_created_at": "2026-05-16T01:05:38",
  "stock_code": "603308.SH",
  "artifact_name": "nextday_all_days_close_profit_xgb_d3_400_lr003_mcw3_reversal_fundamental_regime_sector_external_aero_nuclear_equipment_safe_20260515",
  "samples": "/root/stock_realtime_v021_full/saved_data/603308_pipeline_out/04_external/aero_nuclear_equipment/training_samples_with_aero_nuclear_equipment_external.csv",
  "intraday_bars": "/root/stock_realtime_v021_full/saved_data/603308_pipeline_out/00_base/603308_5m.csv",
  "feature_group": "reversal_fundamental_regime_sector_external",
  "model_name": "xgb_d3_400_lr003_mcw3",
  "label_mode": "close_profit",
  "entry_policy": "all_days",
  "entry_vwap_premium_bps": 50.0,
  "label_col": "trade_close_profit_label",
  "return_col": "trade_net_close_return",
  "target_hit_bps": 50.0,
  "round_trip_cost_bps": 1.7,
  "threshold": 0.4700856149196625,
  "threshold_quantile": 0.8,
  "feature_count": 570,
  "rows": 1539,
  "train_rows_for_threshold": 1287,
  "valid_rows_for_threshold": 252,
  "final_train_entry_rows": 1539,
  "date_min": "2020-01-02",
  "date_max": "2026-05-14",
  "validation_tail_auc": 0.516570060483871,
  "validation_tail_trade_metrics": {
    "trades": 51,
    "win_rate": 0.5294117647058824,
    "avg_return": 0.00941650147495267,
    "median_return": 0.00416944069431047,
    "compound_return": 0.5754000724354951,
    "max_drawdown": -0.06591411769949584,
    "profit_factor": 2.284295741325252
  },
  "files": {
    "model": "saved_models/603308.SH/nextday_all_days_close_profit_xgb_d3_400_lr003_mcw3_reversal_fundamental_regime_sector_external_aero_nuclear_equipment_safe_20260515/model.joblib",
    "feature_median": "saved_models/603308.SH/nextday_all_days_close_profit_xgb_d3_400_lr003_mcw3_reversal_fundamental_regime_sector_external_aero_nuclear_equipment_safe_20260515/feature_median.csv",
    "feature_columns": "saved_models/603308.SH/nextday_all_days_close_profit_xgb_d3_400_lr003_mcw3_reversal_fundamental_regime_sector_external_aero_nuclear_equipment_safe_20260515/feature_columns.txt",
    "validation_tail_predictions": "saved_models/603308.SH/nextday_all_days_close_profit_xgb_d3_400_lr003_mcw3_reversal_fundamental_regime_sector_external_aero_nuclear_equipment_safe_20260515/validation_tail_predictions.csv",
    "metadata": "saved_models/603308.SH/nextday_all_days_close_profit_xgb_d3_400_lr003_mcw3_reversal_fundamental_regime_sector_external_aero_nuclear_equipment_safe_20260515/metadata.json"
  },
  "usage_note": "This artifact is stock-specific. Use only for 603308.SH with the same feature-building pipeline."
}
