=== nextday pipeline start: 2026-05-16T18:05:02 ===
symbol=600030.SH, out_root=/root/stock_realtime_v021_full/saved_data/600030_pipeline_out_v2_new27_full

[2026-05-16T18:05:02] RUN update_data
  /usr/bin/python3 bootstrap/ashare_xgb_dual_opportunity_regression_baostock_full_v19_compressed_trading_axis.py --mode update_data --symbol 600030 --benchmark_symbol 000300 --daily_start 2018-01-01 --daily_end 2026-05-15 --intraday_start '2018-01-01 09:30:00' --intraday_end '2026-05-15 15:00:00' --output_dir /root/stock_realtime_v021_full/saved_data/600030_pipeline_out_v2_new27_full/00_base --cache_mode incremental --feature_cache_mode incremental --adjust qfq
/root/stock_realtime_v021_full/bootstrap/ashare_fetch_and_train_xgb_sell_signal_baostock_state_cache_helper_fix2.py:246: FutureWarning: The behavior of DataFrame concatenation with empty or all-NA entries is deprecated. In a future version, this will no longer exclude empty or all-NA columns when determining the result dtypes. To retain the old behavior, exclude the relevant entries before the concat operation.
  merged = _normalize_daily_df(pd.concat([df_old, df_new], axis=0, ignore_index=True))
/root/stock_realtime_v021_full/bootstrap/ashare_fetch_and_train_xgb_sell_signal_baostock_state_cache_helper_fix2.py:248: FutureWarning: The behavior of DataFrame concatenation with empty or all-NA entries is deprecated. In a future version, this will no longer exclude empty or all-NA columns when determining the result dtypes. To retain the old behavior, exclude the relevant entries before the concat operation.
  merged = _normalize_intraday_df(pd.concat([df_old, df_new], axis=0, ignore_index=True))
/root/stock_realtime_v021_full/bootstrap/ashare_fetch_and_train_xgb_sell_signal_baostock_state_cache_helper_fix2.py:254: FutureWarning: The behavior of DataFrame concatenation with empty or all-NA entries is deprecated. In a future version, this will no longer exclude empty or all-NA columns when determining the result dtypes. To retain the old behavior, exclude the relevant entries before the concat operation.
  merged = _normalize_bench_df(pd.concat([df_old, df_new], axis=0, ignore_index=True))
/root/stock_realtime_v021_full/bootstrap/ashare_fetch_and_train_xgb_sell_signal_baostock_state_cache_helper_fix2.py:250: FutureWarning: The behavior of DataFrame concatenation with empty or all-NA entries is deprecated. In a future version, this will no longer exclude empty or all-NA columns when determining the result dtypes. To retain the old behavior, exclude the relevant entries before the concat operation.
  merged = _normalize_daily_feature_df(pd.concat([df_old, df_new], axis=0, ignore_index=True))
/root/stock_realtime_v021_full/bootstrap/ashare_fetch_and_train_xgb_sell_signal_baostock_state_cache_helper_fix2.py:252: FutureWarning: The behavior of DataFrame concatenation with empty or all-NA entries is deprecated. In a future version, this will no longer exclude empty or all-NA columns when determining the result dtypes. To retain the old behavior, exclude the relevant entries before the concat operation.
  merged = _normalize_intraday_feature_df(pd.concat([df_old, df_new], axis=0, ignore_index=True))
login success!
logout success!
login success!
logout success!
login success!
logout success!
{
  "mode": "update_data",
  "symbol": "600030",
  "data_source": "baostock",
  "daily_rows": 2027,
  "intraday_rows": 73632,
  "daily_min": "2018-01-02 00:00:00",
  "daily_max": "2026-05-15 00:00:00",
  "intraday_min": "2020-01-02 09:35:00",
  "intraday_max": "2026-05-15 15:00:00",
  "base_paths": {
    "daily_csv": "/root/stock_realtime_v021_full/saved_data/600030_pipeline_out_v2_new27_full/00_base/600030_daily.csv",
    "intraday_csv": "/root/stock_realtime_v021_full/saved_data/600030_pipeline_out_v2_new27_full/00_base/600030_5m.csv",
    "benchmark_csv": "/root/stock_realtime_v021_full/saved_data/600030_pipeline_out_v2_new27_full/00_base/000300_benchmark_daily.csv",
    "raw_daily_cache_csv": "/root/stock_realtime_v021_full/saved_data/600030_pipeline_out_v2_new27_full/00_base/raw_cache/600030_daily_raw.csv",
    "raw_intraday_cache_csv": "/root/stock_realtime_v021_full/saved_data/600030_pipeline_out_v2_new27_full/00_base/raw_cache/600030_5m_raw.csv",
    "raw_benchmark_cache_csv": "/root/stock_realtime_v021_full/saved_data/600030_pipeline_out_v2_new27_full/00_base/raw_cache/000300_benchmark_daily_raw.csv",
    "daily_features_csv": "/root/stock_realtime_v021_full/saved_data/600030_pipeline_out_v2_new27_full/00_base/daily_features.csv",
    "intraday_features_csv": "/root/stock_realtime_v021_full/saved_data/600030_pipeline_out_v2_new27_full/00_base/intraday_features.csv",
    "daily_features_cache_csv": "/root/stock_realtime_v021_full/saved_data/600030_pipeline_out_v2_new27_full/00_base/feature_cache/daily_features_cache.csv",
    "intraday_features_cache_csv": "/root/stock_realtime_v021_full/saved_data/600030_pipeline_out_v2_new27_full/00_base/feature_cache/intraday_features_cache.csv",
    "feature_state_json": "/root/stock_realtime_v021_full/saved_data/600030_pipeline_out_v2_new27_full/00_base/feature_cache/feature_state.json"
  },
  "fetch_logs": {
    "symbol": "600030",
    "benchmark_symbol": "000300",
    "daily_start": "2018-01-01",
    "daily_end": "2026-05-15",
    "intraday_start": "2018-01-01 09:30:00",
    "intraday_end": "2026-05-15 15:00:00",
    "perf_start": "2018-01-01",
    "data_source": "baostock",
    "cache_mode": "incremental",
    "force_refresh": false,
    "raw_cache_dir": "/root/stock_realtime_v021_full/saved_data/600030_pipeline_out_v2_new27_full/00_base/raw_cache",
    "feature_cache_dir": "/root/stock_realtime_v021_full/saved_data/600030_pipeline_out_v2_new27_full/00_base/feature_cache",
    "feature_cache_mode": "incremental",
    "daily": {
      "cache_path": "/root/stock_realtime_v021_full/saved_data/600030_pipeline_out_v2_new27_full/00_base/raw_cache/600030_daily_raw.csv",
      "requested_start": "2018-01-01",
      "requested_end": "2026-05-15",
      "mode": "initial_fetch",
      "fetch_segments": [
        {
          "provider": "baostock",
          "code": "sh.600030",
          "adjustflag": "2",
          "rows": 2027,
          "start": "2018-01-01",
          "end": "2026-05-15"
        }
      ],
      "cache_after": {
        "rows": 2027,
        "min": "2018-01-02 00:00:00",
        "max": "2026-05-15 00:00:00"
      }
    },
    "intraday_5m": {
      "cache_path": "/root/stock_realtime_v021_full/saved_data/600030_pipeline_out_v2_new27_full/00_base/raw_cache/600030_5m_raw.csv",
      "requested_start": "2018-01-01 09:30:00",
      "requested_end": "2026-05-15 15:00:00",
      "mode": "initial_fetch",
      "fetch_segments": [
        {
          "provider": "baostock",
          "code": "sh.600030",
          "adjustflag": "2",
          "requested_start": "2018-01-01 09:30:00",
          "effective_start": "2018-01-01 09:30:00",
          "requested_end": "2026-05-15 15:00:00",
          "rows": 73632
        }
      ],
      "cache_after": {
        "rows": 73632,
        "min": "2020-01-02 09:35:00",
        "max": "2026-05-15 15:00:00"
      }
    },
    "benchmark_daily": {
      "cache_path": "/root/stock_realtime_v021_full/saved_data/600030_pipeline_out_v2_new27_full/00_base/raw_cache/000300_benchmark_daily_raw.csv",
      "requested_start": "2018-01-01",
      "requested_end": "2026-05-15",
      "mode": "initial_fetch",
      "fetch_segments": [
        {
          "provider": "baostock",
          "code": "sh.000300",
          "rows": 2027,
          "start": "2018-01-01",
          "end": "2026-05-15"
        }
      ],
      "cache_after": {
        "rows": 2027,
        "min": "2018-01-02 00:00:00",
        "max": "2026-05-15 00:00:00"
      }
    },
    "feature_build": {
      "mode": "full_rebuild",
      "reason": "feature_cache_missing",
      "daily_cache_after": {
        "rows": 2027,
        "min": "2018-01-02 00:00:00",
        "max": "2026-05-15 00:00:00"
      },
      "intraday_cache_after": {
        "rows": 73632,
        "min": "2020-01-02 09:35:00",
        "max": "2026-05-15 15:00:00"
      },
      "daily_context_days": 260,
      "intraday_context_days": 40,
      "daily_appended_rows": 2027,
      "intraday_appended_rows": 73632
    },
    "feature_state": {
      "daily_feature_max": "2026-05-15 00:00:00",
      "intraday_feature_max": "2026-05-15 15:00:00",
      "daily_context_days": 260,
      "intraday_context_days": 40,
      "feature_build_mode": "full_rebuild"
    }
  }
}

[2026-05-16T18:07:52] RUN samples
  /usr/bin/python3 feature_building/build_nextday_samples_from_baostock.py --daily-features /root/stock_realtime_v021_full/saved_data/600030_pipeline_out_v2_new27_full/00_base/daily_features.csv --intraday-bars /root/stock_realtime_v021_full/saved_data/600030_pipeline_out_v2_new27_full/00_base/600030_5m.csv --out-dir /root/stock_realtime_v021_full/saved_data/600030_pipeline_out_v2_new27_full/01_samples --min-bars 40 --keep-unlabeled-tail
{
  "rows": 1534,
  "date_min": "2020-01-02",
  "date_max": "2026-05-15",
  "out": "/root/stock_realtime_v021_full/saved_data/600030_pipeline_out_v2_new27_full/01_samples/training_samples.csv"
}

[2026-05-16T18:07:53] RUN fundamental
  /usr/bin/python3 feature_building/build_fundamental_features.py --symbol 600030.SH --daily-samples /root/stock_realtime_v021_full/saved_data/600030_pipeline_out_v2_new27_full/01_samples/training_samples.csv --out-dir /root/stock_realtime_v021_full/saved_data/600030_pipeline_out_v2_new27_full/02_fundamental --start-date 2018-01-01 --end-date 2026-05-15 --fallback-lag-days 120
login success!
logout success!
{
  "rows": 1534,
  "date_min": "2020-01-02",
  "date_max": "2026-05-15",
  "source_errors": [],
  "top_missing_rates": {
    "profit_gpMargin": 1.0,
    "operation_INVTurnDays": 1.0,
    "operation_NRTurnRatio": 1.0,
    "operation_INVTurnRatio": 1.0,
    "operation_NRTurnDays": 1.0,
    "operation_CATurnRatio": 1.0,
    "cashflow_ebitToInterest": 1.0,
    "cashflow_tangibleAssetToAsset": 1.0,
    "cashflow_CAToAsset": 1.0,
    "cashflow_NCAToAsset": 1.0,
    "solvency_cashRatio": 1.0,
    "solvency_quickRatio": 1.0,
    "solvency_currentRatio": 1.0,
    "dupont_dupontIntburden": 1.0,
    "dupont_dupontEbittogr": 1.0,
    "solvency_cashRatio_chg4q": 1.0,
    "cashflow_CAToAsset_chg4q": 1.0,
    "cashflow_ebitToInterest_chg4q": 1.0,
    "cashflow_tangibleAssetToAsset_chg4q": 1.0,
    "dupont_dupontIntburden_chg4q": 1.0,
    "dupont_dupontEbittogr_chg4q": 1.0,
    "solvency_currentRatio_chg4q": 1.0,
    "solvency_quickRatio_chg4q": 1.0,
    "cashflow_NCAToAsset_chg4q": 1.0,
    "profit_gpMargin_chg4q": 1.0,
    "ak_fund_超大单净流入-净占比_sum10": 0.924380704041721,
    "ak_fund_超大单净流入-净额_sum10": 0.924380704041721,
    "ak_fund_涨跌幅_sum10": 0.924380704041721,
    "ak_fund_收盘价_sum10": 0.924380704041721,
    "ak_fund_主力净流入-净额_sum10": 0.924380704041721
  },
  "valuation_non_null": {
    "peTTM": 1534,
    "pbMRQ": 1534,
    "psTTM": 1534,
    "pcfNcfTTM": 1534
  },
  "future_effective_date_violations": 0,
  "rows_with_quarterly": 1534,
  "sample_rows": 1534,
  "quarterly_raw_rows": 37,
  "quarterly_used_pubDate_rows": 37,
  "quarterly_fallback_rows": 0,
  "elapsed_seconds": 20.082,
  "symbol": "600030",
  "baostock_code": "sh.600030",
  "valuation_rows": 2027,
  "fund_flow_rows": 120,
  "feature_columns": 125,
  "merged_columns": 194,
  "outputs": {
    "daily_valuation": "/root/stock_realtime_v021_full/saved_data/600030_pipeline_out_v2_new27_full/02_fundamental/baostock_daily_valuation.csv",
    "quarterly_fundamentals": "/root/stock_realtime_v021_full/saved_data/600030_pipeline_out_v2_new27_full/02_fundamental/baostock_quarterly_fundamentals_pit.csv",
    "fundamental_features": "/root/stock_realtime_v021_full/saved_data/600030_pipeline_out_v2_new27_full/02_fundamental/fundamental_features.csv",
    "merged_samples": "/root/stock_realtime_v021_full/saved_data/600030_pipeline_out_v2_new27_full/02_fundamental/training_samples_with_fundamentals.csv"
  }
}

[2026-05-16T18:08:14] RUN sector
  /usr/bin/python3 feature_building/build_sector_features.py --samples /root/stock_realtime_v021_full/saved_data/600030_pipeline_out_v2_new27_full/02_fundamental/training_samples_with_fundamentals.csv --out-dir /root/stock_realtime_v021_full/saved_data/600030_pipeline_out_v2_new27_full/03_sector --sector-symbol '证券' --start-date 2018-01-01 --end-date 2026-05-15

  0%|          | 0/9 [00:00<?, ?it/s]
 11%|█         | 1/9 [00:00<00:02,  3.84it/s]
 22%|██▏       | 2/9 [00:00<00:01,  4.02it/s]
 33%|███▎      | 3/9 [00:00<00:01,  4.08it/s]
 44%|████▍     | 4/9 [00:00<00:01,  4.39it/s]
 56%|█████▌    | 5/9 [00:01<00:00,  4.23it/s]
 67%|██████▋   | 6/9 [00:01<00:00,  4.32it/s]
 78%|███████▊  | 7/9 [00:01<00:00,  4.30it/s]
 89%|████████▉ | 8/9 [00:01<00:00,  4.27it/s]
100%|██████████| 9/9 [00:02<00:00,  4.55it/s]
                                             
{
  "sector_symbol": "证券",
  "sector_rows": 2027,
  "sector_date_min": "2018-01-02",
  "sector_date_max": "2026-05-15",
  "sample_rows": 1534,
  "merged_rows": 1534,
  "sector_feature_cols": 23,
  "top_missing": {
    "sector_ret60": 0.03911342894393742,
    "sector_ma60_gap": 0.01955671447196871,
    "stock_vs_sector_ret20": 0.01303780964797914,
    "sector_ret20": 0.01303780964797914,
    "sector_vol20": 0.007170795306388526,
    "sector_ma20_gap": 0.00651890482398957,
    "sector_range_z20": 0.00651890482398957,
    "sector_volume_shock20": 0.00651890482398957,
    "sector_amount_z20": 0.00651890482398957,
    "sector_volume_z20": 0.00651890482398957,
    "sector_amount_shock20": 0.00651890482398957,
    "sector_ret5": 0.003259452411994785,
    "stock_vs_sector_ret5": 0.003259452411994785,
    "sector_vs_bench_ret5": 0.003259452411994785,
    "stock_vs_sector_ret1": 0.000651890482398957,
    "sector_ret1": 0.000651890482398957,
    "sector_amount": 0.0,
    "sector_volume": 0.0,
    "sector_close": 0.0,
    "sector_low": 0.0
  },
  "outputs": {
    "sector_index": "/root/stock_realtime_v021_full/saved_data/600030_pipeline_out_v2_new27_full/03_sector/sector_index_ths.csv",
    "sector_features": "/root/stock_realtime_v021_full/saved_data/600030_pipeline_out_v2_new27_full/03_sector/sector_features.csv",
    "merged_samples": "/root/stock_realtime_v021_full/saved_data/600030_pipeline_out_v2_new27_full/03_sector/training_samples_with_sector.csv"
  }
}
[INFO] final samples for search: /root/stock_realtime_v021_full/saved_data/600030_pipeline_out_v2_new27_full/03_sector/training_samples_with_sector.csv

[2026-05-16T18:08:18] RUN search_vwap_low_hit_50bps
  /usr/bin/python3 model_training/search_walk_forward_model_complexity.py --samples /root/stock_realtime_v021_full/saved_data/600030_pipeline_out_v2_new27_full/03_sector/training_samples_with_sector.csv --intraday-bars /root/stock_realtime_v021_full/saved_data/600030_pipeline_out_v2_new27_full/00_base/600030_5m.csv --out-dir /root/stock_realtime_v021_full/saved_data/600030_pipeline_out_v2_new27_full/10_search/search_vwap_low_hit_50bps --round-trip-cost-bps 1.7 --target-hit-bps 50.0 --label-mode hit --entry-policy vwap_low --entry-vwap-premium-bps 50.0 --max-missing 0.35 --groups reversal_fundamental_regime,reversal_fundamental_regime_sector,reversal_fundamental_regime_sector_external,all_no_ak --models xgb_d2_200_lr003_mcw5,xgb_d3_400_lr003_mcw3,xgb_d3_600_lr002_mcw3,xgb_d4_500_lr002_mcw5,lgbm_leaves7_400,lgbm_leaves15_700,extra_trees_600_d3,random_forest_600_d4 --quantiles 0.5,0.6,0.7,0.8 --train-rows 756 --valid-rows 126 --test-rows 63 --min-valid-trades 8 --min-train-entries 80
{
  "rows": 1533,
  "target_hit_bps": 50.0,
  "label_mode": "hit",
  "entry_policy": "vwap_low",
  "entry_vwap_premium_bps": 50.0,
  "groups": {
    "reversal_fundamental_regime": 112,
    "reversal_fundamental_regime_sector": 135,
    "reversal_fundamental_regime_sector_external": 135,
    "all_no_ak": 190
  },
  "models": [
    "xgb_d2_200_lr003_mcw5",
    "xgb_d3_400_lr003_mcw3",
    "xgb_d3_600_lr002_mcw3",
    "xgb_d4_500_lr002_mcw5",
    "extra_trees_600_d3",
    "random_forest_600_d4",
    "lgbm_leaves7_400",
    "lgbm_leaves15_700"
  ],
  "top": [
    {
      "entry_policy": "vwap_low",
      "feature_group": "reversal_fundamental_regime",
      "model_name": "xgb_d4_500_lr002_mcw5",
      "target_hit_bps": 50.0,
      "trades": 164,
      "win_rate": 0.7317073170731707,
      "avg_return": 0.0005825979524645313,
      "median_return": 0.005,
      "compound_return": 0.09414863759504888,
      "max_drawdown": -0.08596043545906595,
      "profit_factor": 1.1948825372611034,
      "windows": 10
    },
    {
      "entry_policy": "vwap_low",
      "feature_group": "reversal_fundamental_regime",
      "model_name": "xgb_d3_400_lr003_mcw3",
      "target_hit_bps": 50.0,
      "trades": 209,
      "win_rate": 0.7129186602870813,
      "avg_return": 0.00018470314924498736,
      "median_return": 0.005,
      "compound_return": 0.0309804359230883,
      "max_drawdown": -0.11988892780508276,
      "profit_factor": 1.0571470000805308,
      "windows": 10
    },
    {
      "entry_policy": "vwap_low",
      "feature_group": "all_no_ak",
      "model_name": "xgb_d3_400_lr003_mcw3",
      "target_hit_bps": 50.0,
      "trades": 198,
      "win_rate": 0.7121212121212122,
      "avg_return": 0.0001164465694054821,
      "median_return": 0.005,
      "compound_return": 0.015460749366251747,
      "max_drawdown": -0.11885317601925738,
      "profit_factor": 1.035707176701152,
      "windows": 10
    },
    {
      "entry_policy": "vwap_low",
      "feature_group": "all_no_ak",
      "model_name": "lgbm_leaves7_400",
      "target_hit_bps": 50.0,
      "trades": 158,
      "win_rate": 0.7151898734177216,
      "avg_return": 0.00012899722950495695,
      "median_return": 0.005,
      "compound_return": 0.014659419026090026,
      "max_drawdown": -0.0831221909772154,
      "profit_factor": 1.0396563950034747,
      "windows": 10
    },
    {
      "entry_policy": "vwap_low",
      "feature_group": "all_no_ak",
      "model_name": "xgb_d4_500_lr002_mcw5",
      "target_hit_bps": 50.0,
      "trades": 163,
      "win_rate": 0.7116564417177914,
      "avg_return": -2.5398083601506597e-05,
      "median_return": 0.005,
      "compound_return": -0.010505744392076521,
      "max_drawdown": -0.10697929840744447,
      "profit_factor": 0.9925301173743972,
      "windows": 10
    },
    {
      "entry_policy": "vwap_low",
      "feature_group": "reversal_fundamental_regime_sector",
      "model_name": "xgb_d4_500_lr002_mcw5",
      "target_hit_bps": 50.0,
      "trades": 156,
      "win_rate": 0.7115384615384616,
      "avg_return": -8.156783046174267e-05,
      "median_return": 0.005,
      "compound_return": -0.01917126929586599,
      "max_drawdown": -0.12134407890168153,
      "profit_factor": 0.9769516777358284,
      "windows": 10
    },
    {
      "entry_policy": "vwap_low",
      "feature_group": "reversal_fundamental_regime_sector_external",
      "model_name": "xgb_d4_500_lr002_mcw5",
      "target_hit_bps": 50.0,
      "trades": 156,
      "win_rate": 0.7115384615384616,
      "avg_return": -8.156783046174267e-05,
      "median_return": 0.005,
      "compound_return": -0.01917126929586599,
      "max_drawdown": -0.12134407890168153,
      "profit_factor": 0.9769516777358284,
      "windows": 10
    },
    {
      "entry_policy": "vwap_low",
      "feature_group": "reversal_fundamental_regime_sector",
      "model_name": "xgb_d2_200_lr003_mcw5",
      "target_hit_bps": 50.0,
      "trades": 247,
      "win_rate": 0.6923076923076923,
      "avg_return": -7.733543675908165e-05,
      "median_return": 0.005,
      "compound_return": -0.028477331507154147,
      "max_drawdown": -0.13538436629983408,
      "profit_factor": 0.9771005324610136,
      "windows": 10
    },
    {
      "entry_policy": "vwap_low",
      "feature_group": "reversal_fundamental_regime_sector_external",
      "model_name": "xgb_d2_200_lr003_mcw5",
      "target_hit_bps": 50.0,
      "trades": 247,
      "win_rate": 0.6923076923076923,
      "avg_return": -7.733543675908165e-05,
      "median_return": 0.005,
      "compound_return": -0.028477331507154147,
      "max_drawdown": -0.13538436629983408,
      "profit_factor": 0.9771005324610136,
      "windows": 10
    },
    {
      "entry_policy": "vwap_low",
      "feature_group": "reversal_fundamental_regime",
      "model_name": "xgb_d3_600_lr002_mcw3",
      "target_hit_bps": 50.0,
      "trades": 185,
      "win_rate": 0.7081081081081081,
      "avg_return": -0.00018695683772100276,
      "median_return": 0.005,
      "compound_return": -0.041576818676372085,
      "max_drawdown": -0.15352869937692848,
      "profit_factor": 0.9476090350530051,
      "windows": 10
    },
    {
      "entry_policy": "vwap_low",
      "feature_group": "all_no_ak",
      "model_name": "lgbm_leaves15_700",
      "target_hit_bps": 50.0,
      "trades": 158,
      "win_rate": 0.7025316455696202,
      "avg_return": -0.000339738122037827,
      "median_return": 0.005,
      "compound_return": -0.05842211152599264,
      "max_drawdown": -0.10856985367086347,
      "profit_factor": 0.9056372522399783,
      "windows": 10
    },
    {
      "entry_policy": "vwap_low",
      "feature_group": "reversal_fundamental_regime",
      "model_name": "xgb_d2_200_lr003_mcw5",
      "target_hit_bps": 50.0,
      "trades": 210,
      "win_rate": 0.6857142857142857,
      "avg_return": -0.0002748216058234909,
      "median_return": 0.005,
      "compound_return": -0.06423650626739696,
      "max_drawdown": -0.1521726548602893,
      "profit_factor": 0.9231323572369862,
      "windows": 10
    },
    {
      "entry_policy": "vwap_low",
      "feature_group": "reversal_fundamental_regime_sector",
      "model_name": "xgb_d3_400_lr003_mcw3",
      "target_hit_bps": 50.0,
      "trades": 190,
      "win_rate": 0.6789473684210526,
      "avg_return": -0.00036573270442019775,
      "median_return": 0.005,
      "compound_return": -0.07394597558976235,
      "max_drawdown": -0.11720931708374793,
      "profit_factor": 0.8979372077534084,
      "windows": 10
    },
    {
      "entry_policy": "vwap_low",
      "feature_group": "reversal_fundamental_regime_sector_external",
      "model_name": "xgb_d3_400_lr003_mcw3",
      "target_hit_bps": 50.0,
      "trades": 190,
      "win_rate": 0.6789473684210526,
      "avg_return": -0.00036573270442019775,
      "median_return": 0.005,
      "compound_return": -0.07394597558976235,
      "max_drawdown": -0.11720931708374793,
      "profit_factor": 0.8979372077534084,
      "windows": 10
    },
    {
      "entry_policy": "vwap_low",
      "feature_group": "reversal_fundamental_regime",
      "model_name": "lgbm_leaves7_400",
      "target_hit_bps": 50.0,
      "trades": 173,
      "win_rate": 0.6820809248554913,
      "avg_return": -0.0004059496998731451,
      "median_return": 0.005,
      "compound_return": -0.07467908534527157,
      "max_drawdown": -0.16642765771124557,
      "profit_factor": 0.8892934284497054,
      "windows": 10
    },
    {
      "entry_policy": "vwap_low",
      "feature_group": "reversal_fundamental_regime_sector",
      "model_name": "xgb_d3_600_lr002_mcw3",
      "target_hit_bps": 50.0,
      "trades": 153,
      "win_rate": 0.6862745098039216,
      "avg_return": -0.0006023433642814449,
      "median_return": 0.005,
      "compound_return": -0.09400445922029443,
      "max_drawdown": -0.13413100631735564,
      "profit_factor": 0.845467388633309,
      "windows": 10
    },
    {
      "entry_policy": "vwap_low",
      "feature_group": "reversal_fundamental_regime_sector_external",
      "model_name": "xgb_d3_600_lr002_mcw3",
      "target_hit_bps": 50.0,
      "trades": 153,
      "win_rate": 0.6862745098039216,
      "avg_return": -0.0006023433642814449,
      "median_return": 0.005,
      "compound_return": -0.09400445922029443,
      "max_drawdown": -0.13413100631735564,
      "profit_factor": 0.845467388633309,
      "windows": 10
    },
    {
      "entry_policy": "vwap_low",
      "feature_group": "reversal_fundamental_regime",
      "model_name": "lgbm_leaves15_700",
      "target_hit_bps": 50.0,
      "trades": 240,
      "win_rate": 0.6666666666666666,
      "avg_return": -0.00038404827657241396,
      "median_return": 0.005,
      "compound_return": -0.09674658019166271,
      "max_drawdown": -0.18728689465928217,
      "profit_factor": 0.8929903439087162,
      "windows": 10
    },
    {
      "entry_policy": "vwap_low",
      "feature_group": "all_no_ak",
      "model_name": "xgb_d3_600_lr002_mcw3",
      "target_hit_bps": 50.0,
      "trades": 188,
      "win_rate": 0.7021276595744681,
      "avg_return": -0.0005025896832790372,
      "median_return": 0.005,
      "compound_return": -0.09797623200870575,
      "max_drawdown": -0.14261764359768014,
      "profit_factor": 0.8693024870547212,
      "windows": 10
    },
    {
      "entry_policy": "vwap_low",
      "feature_group": "all_no_ak",
      "model_name": "xgb_d2_200_lr003_mcw5",
      "target_hit_bps": 50.0,
      "trades": 212,
      "win_rate": 0.6792452830188679,
      "avg_return": -0.0006052542896088943,
      "median_return": 0.005,
      "compound_return": -0.12949968455073124,
      "max_drawdown": -0.16555560584298978,
      "profit_factor": 0.8436046394242934,
      "windows": 10
    }
  ]
}

[2026-05-16T18:18:02] RUN search_vwap_low_hit_80bps
  /usr/bin/python3 model_training/search_walk_forward_model_complexity.py --samples /root/stock_realtime_v021_full/saved_data/600030_pipeline_out_v2_new27_full/03_sector/training_samples_with_sector.csv --intraday-bars /root/stock_realtime_v021_full/saved_data/600030_pipeline_out_v2_new27_full/00_base/600030_5m.csv --out-dir /root/stock_realtime_v021_full/saved_data/600030_pipeline_out_v2_new27_full/10_search/search_vwap_low_hit_80bps --round-trip-cost-bps 1.7 --target-hit-bps 80.0 --label-mode hit --entry-policy vwap_low --entry-vwap-premium-bps 50.0 --max-missing 0.35 --groups reversal_fundamental_regime,reversal_fundamental_regime_sector,reversal_fundamental_regime_sector_external,all_no_ak --models xgb_d2_200_lr003_mcw5,xgb_d3_400_lr003_mcw3,xgb_d3_600_lr002_mcw3,xgb_d4_500_lr002_mcw5,lgbm_leaves7_400,lgbm_leaves15_700,extra_trees_600_d3,random_forest_600_d4 --quantiles 0.5,0.6,0.7,0.8 --train-rows 756 --valid-rows 126 --test-rows 63 --min-valid-trades 8 --min-train-entries 80
{
  "rows": 1533,
  "target_hit_bps": 80.0,
  "label_mode": "hit",
  "entry_policy": "vwap_low",
  "entry_vwap_premium_bps": 50.0,
  "groups": {
    "reversal_fundamental_regime": 112,
    "reversal_fundamental_regime_sector": 135,
    "reversal_fundamental_regime_sector_external": 135,
    "all_no_ak": 190
  },
  "models": [
    "xgb_d2_200_lr003_mcw5",
    "xgb_d3_400_lr003_mcw3",
    "xgb_d3_600_lr002_mcw3",
    "xgb_d4_500_lr002_mcw5",
    "extra_trees_600_d3",
    "random_forest_600_d4",
    "lgbm_leaves7_400",
    "lgbm_leaves15_700"
  ],
  "top": [
    {
      "entry_policy": "vwap_low",
      "feature_group": "reversal_fundamental_regime",
      "model_name": "xgb_d3_400_lr003_mcw3",
      "target_hit_bps": 80.0,
      "trades": 214,
      "win_rate": 0.616822429906542,
      "avg_return": 0.0004295847948553097,
      "median_return": 0.008,
      "compound_return": 0.08504225776167273,
      "max_drawdown": -0.08003538604805005,
      "profit_factor": 1.1076319523616383,
      "windows": 10
    },
    {
      "entry_policy": "vwap_low",
      "feature_group": "reversal_fundamental_regime",
      "model_name": "xgb_d3_600_lr002_mcw3",
      "target_hit_bps": 80.0,
      "trades": 196,
      "win_rate": 0.6122448979591837,
      "avg_return": 0.00044139998831352025,
      "median_return": 0.008,
      "compound_return": 0.08033236394450638,
      "max_drawdown": -0.10463132038673895,
      "profit_factor": 1.1136077766284929,
      "windows": 10
    },
    {
      "entry_policy": "vwap_low",
      "feature_group": "all_no_ak",
      "model_name": "lgbm_leaves7_400",
      "target_hit_bps": 80.0,
      "trades": 189,
      "win_rate": 0.6137566137566137,
      "avg_return": 0.0004206143320666341,
      "median_return": 0.008,
      "compound_return": 0.07246417704315045,
      "max_drawdown": -0.10073509144221082,
      "profit_factor": 1.1064555350165473,
      "windows": 10
    },
    {
      "entry_policy": "vwap_low",
      "feature_group": "reversal_fundamental_regime_sector",
      "model_name": "xgb_d3_400_lr003_mcw3",
      "target_hit_bps": 80.0,
      "trades": 200,
      "win_rate": 0.63,
      "avg_return": 0.0003967720418455925,
      "median_return": 0.008,
      "compound_return": 0.07098236084284326,
      "max_drawdown": -0.13712579537267056,
      "profit_factor": 1.0979484338493968,
      "windows": 10
    },
    {
      "entry_policy": "vwap_low",
      "feature_group": "reversal_fundamental_regime_sector_external",
      "model_name": "xgb_d3_400_lr003_mcw3",
      "target_hit_bps": 80.0,
      "trades": 200,
      "win_rate": 0.63,
      "avg_return": 0.0003967720418455925,
      "median_return": 0.008,
      "compound_return": 0.07098236084284326,
      "max_drawdown": -0.13712579537267056,
      "profit_factor": 1.0979484338493968,
      "windows": 10
    },
    {
      "entry_policy": "vwap_low",
      "feature_group": "all_no_ak",
      "model_name": "lgbm_leaves15_700",
      "target_hit_bps": 80.0,
      "trades": 187,
      "win_rate": 0.5935828877005348,
      "avg_return": 0.0002430293296536748,
      "median_return": 0.004963470225872738,
      "compound_return": 0.037314036314843646,
      "max_drawdown": -0.09906758128087667,
      "profit_factor": 1.0621915163285327,
      "windows": 10
    },
    {
      "entry_policy": "vwap_low",
      "feature_group": "all_no_ak",
      "model_name": "xgb_d3_400_lr003_mcw3",
      "target_hit_bps": 80.0,
      "trades": 203,
      "win_rate": 0.6206896551724138,
      "avg_return": 0.000140995280632883,
      "median_return": 0.008,
      "compound_return": 0.01826610081549962,
      "max_drawdown": -0.12612481396637298,
      "profit_factor": 1.0335035965379944,
      "windows": 10
    },
    {
      "entry_policy": "vwap_low",
      "feature_group": "all_no_ak",
      "model_name": "random_forest_600_d4",
      "target_hit_bps": 80.0,
      "trades": 221,
      "win_rate": 0.5701357466063348,
      "avg_return": 0.0001237716235481792,
      "median_return": 0.004963470225872738,
      "compound_return": 0.017562548828286006,
      "max_drawdown": -0.12142144120295906,
      "profit_factor": 1.0307588715133602,
      "windows": 10
    },
    {
      "entry_policy": "vwap_low",
      "feature_group": "reversal_fundamental_regime",
      "model_name": "xgb_d4_500_lr002_mcw5",
      "target_hit_bps": 80.0,
      "trades": 200,
      "win_rate": 0.595,
      "avg_return": 0.00011086112176354323,
      "median_return": 0.008,
      "compound_return": 0.011959218287667328,
      "max_drawdown": -0.09481013375443459,
      "profit_factor": 1.0260248754045673,
      "windows": 10
    },
    {
      "entry_policy": "vwap_low",
      "feature_group": "reversal_fundamental_regime",
      "model_name": "lgbm_leaves7_400",
      "target_hit_bps": 80.0,
      "trades": 227,
      "win_rate": 0.5903083700440529,
      "avg_return": 8.222587497744287e-05,
      "median_return": 0.004020844616376532,
      "compound_return": 0.007828774724465415,
      "max_drawdown": -0.10910757590417786,
      "profit_factor": 1.0203675593764798,
      "windows": 10
    },
    {
      "entry_policy": "vwap_low",
      "feature_group": "all_no_ak",
      "model_name": "xgb_d4_500_lr002_mcw5",
      "target_hit_bps": 80.0,
      "trades": 191,
      "win_rate": 0.5916230366492147,
      "avg_return": -2.2561486377848976e-05,
      "median_return": 0.008,
      "compound_return": -0.01430658118150574,
      "max_drawdown": -0.11420660601800525,
      "profit_factor": 0.9947561772983136,
      "windows": 10
    },
    {
      "entry_policy": "vwap_low",
      "feature_group": "reversal_fundamental_regime_sector",
      "model_name": "xgb_d3_600_lr002_mcw3",
      "target_hit_bps": 80.0,
      "trades": 195,
      "win_rate": 0.6102564102564103,
      "avg_return": -8.054886135225321e-05,
      "median_return": 0.008,
      "compound_return": -0.02628370112275047,
      "max_drawdown": -0.11317866926677567,
      "profit_factor": 0.9819950149221138,
      "windows": 10
    },
    {
      "entry_policy": "vwap_low",
      "feature_group": "reversal_fundamental_regime_sector_external",
      "model_name": "xgb_d3_600_lr002_mcw3",
      "target_hit_bps": 80.0,
      "trades": 195,
      "win_rate": 0.6102564102564103,
      "avg_return": -8.054886135225321e-05,
      "median_return": 0.008,
      "compound_return": -0.02628370112275047,
      "max_drawdown": -0.11317866926677567,
      "profit_factor": 0.9819950149221138,
      "windows": 10
    },
    {
      "entry_policy": "vwap_low",
      "feature_group": "reversal_fundamental_regime_sector",
      "model_name": "xgb_d4_500_lr002_mcw5",
      "target_hit_bps": 80.0,
      "trades": 196,
      "win_rate": 0.5867346938775511,
      "avg_return": -0.00014267878872510991,
      "median_return": 0.007098023872679103,
      "compound_return": -0.03765956642906909,
      "max_drawdown": -0.16901694384089894,
      "profit_factor": 0.9671448039502928,
      "windows": 10
    },
    {
      "entry_policy": "vwap_low",
      "feature_group": "reversal_fundamental_regime_sector_external",
      "model_name": "xgb_d4_500_lr002_mcw5",
      "target_hit_bps": 80.0,
      "trades": 196,
      "win_rate": 0.5867346938775511,
      "avg_return": -0.00014267878872510991,
      "median_return": 0.007098023872679103,
      "compound_return": -0.03765956642906909,
      "max_drawdown": -0.16901694384089894,
      "profit_factor": 0.9671448039502928,
      "windows": 10
    },
    {
      "entry_policy": "vwap_low",
      "feature_group": "reversal_fundamental_regime",
      "model_name": "random_forest_600_d4",
      "target_hit_bps": 80.0,
      "trades": 247,
      "win_rate": 0.5870445344129555,
      "avg_return": -9.90803103837678e-05,
      "median_return": 0.008,
      "compound_return": -0.03774015514566953,
      "max_drawdown": -0.19416109528649272,
      "profit_factor": 0.977549754483803,
      "windows": 10
    },
    {
      "entry_policy": "vwap_low",
      "feature_group": "reversal_fundamental_regime",
      "model_name": "xgb_d2_200_lr003_mcw5",
      "target_hit_bps": 80.0,
      "trades": 228,
      "win_rate": 0.5921052631578947,
      "avg_return": -0.00015155308620371012,
      "median_return": 0.008,
      "compound_return": -0.04616076419719095,
      "max_drawdown": -0.1161940200750412,
      "profit_factor": 0.9654422451371342,
      "windows": 10
    },
    {
      "entry_policy": "vwap_low",
      "feature_group": "all_no_ak",
      "model_name": "xgb_d3_600_lr002_mcw3",
      "target_hit_bps": 80.0,
      "trades": 224,
      "win_rate": 0.5803571428571429,
      "avg_return": -0.00023756119352521553,
      "median_return": 0.003744549127315148,
      "compound_return": -0.06299522785114864,
      "max_drawdown": -0.14045082589297608,
      "profit_factor": 0.9445610312034268,
      "windows": 10
    },
    {
      "entry_policy": "vwap_low",
      "feature_group": "reversal_fundamental_regime",
      "model_name": "extra_trees_600_d3",
      "target_hit_bps": 80.0,
      "trades": 230,
      "win_rate": 0.5956521739130435,
      "avg_return": -0.00023104410332184936,
      "median_return": 0.008,
      "compound_return": -0.06679963956896728,
      "max_drawdown": -0.2224196963271522,
      "profit_factor": 0.9496533803657813,
      "windows": 10
    },
    {
      "entry_policy": "vwap_low",
      "feature_group": "reversal_fundamental_regime",
      "model_name": "lgbm_leaves15_700",
      "target_hit_bps": 80.0,
      "trades": 197,
      "win_rate": 0.5786802030456852,
      "avg_return": -0.00031758970020333787,
      "median_return": 0.00495820512820511,
      "compound_return": -0.0708179213041289,
      "max_drawdown": -0.1224642224627921,
      "profit_factor": 0.929077320631431,
      "windows": 10
    }
  ]
}

[2026-05-16T18:27:39] RUN search_vwap_low_close_profit_50bps
  /usr/bin/python3 model_training/search_walk_forward_model_complexity.py --samples /root/stock_realtime_v021_full/saved_data/600030_pipeline_out_v2_new27_full/03_sector/training_samples_with_sector.csv --intraday-bars /root/stock_realtime_v021_full/saved_data/600030_pipeline_out_v2_new27_full/00_base/600030_5m.csv --out-dir /root/stock_realtime_v021_full/saved_data/600030_pipeline_out_v2_new27_full/10_search/search_vwap_low_close_profit_50bps --round-trip-cost-bps 1.7 --target-hit-bps 50.0 --label-mode close_profit --entry-policy vwap_low --entry-vwap-premium-bps 50.0 --max-missing 0.35 --groups reversal_fundamental_regime,reversal_fundamental_regime_sector,reversal_fundamental_regime_sector_external,all_no_ak --models xgb_d2_200_lr003_mcw5,xgb_d3_400_lr003_mcw3,xgb_d3_600_lr002_mcw3,xgb_d4_500_lr002_mcw5,lgbm_leaves7_400,lgbm_leaves15_700,extra_trees_600_d3,random_forest_600_d4 --quantiles 0.5,0.6,0.7,0.8 --train-rows 756 --valid-rows 126 --test-rows 63 --min-valid-trades 8 --min-train-entries 80
{
  "rows": 1533,
  "target_hit_bps": 50.0,
  "label_mode": "close_profit",
  "entry_policy": "vwap_low",
  "entry_vwap_premium_bps": 50.0,
  "groups": {
    "reversal_fundamental_regime": 112,
    "reversal_fundamental_regime_sector": 135,
    "reversal_fundamental_regime_sector_external": 135,
    "all_no_ak": 190
  },
  "models": [
    "xgb_d2_200_lr003_mcw5",
    "xgb_d3_400_lr003_mcw3",
    "xgb_d3_600_lr002_mcw3",
    "xgb_d4_500_lr002_mcw5",
    "extra_trees_600_d3",
    "random_forest_600_d4",
    "lgbm_leaves7_400",
    "lgbm_leaves15_700"
  ],
  "top": [
    {
      "entry_policy": "vwap_low",
      "feature_group": "reversal_fundamental_regime",
      "model_name": "extra_trees_600_d3",
      "target_hit_bps": 50.0,
      "trades": 173,
      "win_rate": 0.5606936416184971,
      "avg_return": 0.001789900358824178,
      "median_return": 0.0014229908403027326,
      "compound_return": 0.3396265591347718,
      "max_drawdown": -0.14396873575453295,
      "profit_factor": 1.4388947863528119,
      "windows": 10
    },
    {
      "entry_policy": "vwap_low",
      "feature_group": "all_no_ak",
      "model_name": "extra_trees_600_d3",
      "target_hit_bps": 50.0,
      "trades": 172,
      "win_rate": 0.5116279069767442,
      "avg_return": 0.001692116994634069,
      "median_return": 0.0002756271600791206,
      "compound_return": 0.31520837295650694,
      "max_drawdown": -0.12001818745150261,
      "profit_factor": 1.4195449713558093,
      "windows": 10
    },
    {
      "entry_policy": "vwap_low",
      "feature_group": "reversal_fundamental_regime",
      "model_name": "xgb_d4_500_lr002_mcw5",
      "target_hit_bps": 50.0,
      "trades": 235,
      "win_rate": 0.4978723404255319,
      "avg_return": 0.001231555338870609,
      "median_return": -0.00016999999999999999,
      "compound_return": 0.30135695146574415,
      "max_drawdown": -0.106011357507513,
      "profit_factor": 1.2633492518042446,
      "windows": 10
    },
    {
      "entry_policy": "vwap_low",
      "feature_group": "reversal_fundamental_regime",
      "model_name": "xgb_d3_400_lr003_mcw3",
      "target_hit_bps": 50.0,
      "trades": 239,
      "win_rate": 0.48535564853556484,
      "avg_return": 0.0011363678865714238,
      "median_return": -0.00016999999999999999,
      "compound_return": 0.27620873368965815,
      "max_drawdown": -0.1502864677627418,
      "profit_factor": 1.2351305347738122,
      "windows": 10
    },
    {
      "entry_policy": "vwap_low",
      "feature_group": "all_no_ak",
      "model_name": "xgb_d3_600_lr002_mcw3",
      "target_hit_bps": 50.0,
      "trades": 251,
      "win_rate": 0.4900398406374502,
      "avg_return": 0.0009643155226887512,
      "median_return": -0.00016999999999999999,
      "compound_return": 0.23782714671873229,
      "max_drawdown": -0.1969507021924891,
      "profit_factor": 1.1972219085256597,
      "windows": 10
    },
    {
      "entry_policy": "vwap_low",
      "feature_group": "reversal_fundamental_regime",
      "model_name": "xgb_d3_600_lr002_mcw3",
      "target_hit_bps": 50.0,
      "trades": 238,
      "win_rate": 0.4831932773109244,
      "avg_return": 0.0009884572364263198,
      "median_return": -0.00016999999999999999,
      "compound_return": 0.2306258124034779,
      "max_drawdown": -0.20249493704352373,
      "profit_factor": 1.2014222944467576,
      "windows": 10
    },
    {
      "entry_policy": "vwap_low",
      "feature_group": "reversal_fundamental_regime_sector",
      "model_name": "lgbm_leaves7_400",
      "target_hit_bps": 50.0,
      "trades": 225,
      "win_rate": 0.4888888888888889,
      "avg_return": 0.0010420777523958322,
      "median_return": -0.00016999999999999999,
      "compound_return": 0.22792675662148665,
      "max_drawdown": -0.1162893541714145,
      "profit_factor": 1.206297638211123,
      "windows": 10
    },
    {
      "entry_policy": "vwap_low",
      "feature_group": "reversal_fundamental_regime_sector_external",
      "model_name": "lgbm_leaves7_400",
      "target_hit_bps": 50.0,
      "trades": 225,
      "win_rate": 0.4888888888888889,
      "avg_return": 0.0010420777523958322,
      "median_return": -0.00016999999999999999,
      "compound_return": 0.22792675662148665,
      "max_drawdown": -0.1162893541714145,
      "profit_factor": 1.206297638211123,
      "windows": 10
    },
    {
      "entry_policy": "vwap_low",
      "feature_group": "reversal_fundamental_regime_sector",
      "model_name": "extra_trees_600_d3",
      "target_hit_bps": 50.0,
      "trades": 165,
      "win_rate": 0.4909090909090909,
      "avg_return": 0.0013505848163046918,
      "median_return": -0.00016999999999999999,
      "compound_return": 0.22632336658223773,
      "max_drawdown": -0.12490945393880493,
      "profit_factor": 1.3076633492152077,
      "windows": 10
    },
    {
      "entry_policy": "vwap_low",
      "feature_group": "reversal_fundamental_regime_sector_external",
      "model_name": "extra_trees_600_d3",
      "target_hit_bps": 50.0,
      "trades": 165,
      "win_rate": 0.4909090909090909,
      "avg_return": 0.0013505848163046918,
      "median_return": -0.00016999999999999999,
      "compound_return": 0.22632336658223773,
      "max_drawdown": -0.12490945393880493,
      "profit_factor": 1.3076633492152077,
      "windows": 10
    },
    {
      "entry_policy": "vwap_low",
      "feature_group": "all_no_ak",
      "model_name": "xgb_d3_400_lr003_mcw3",
      "target_hit_bps": 50.0,
      "trades": 209,
      "win_rate": 0.49282296650717705,
      "avg_return": 0.0008535783382063876,
      "median_return": -0.00016999999999999999,
      "compound_return": 0.16762449978190652,
      "max_drawdown": -0.21859570828555608,
      "profit_factor": 1.1778161005267997,
      "windows": 10
    },
    {
      "entry_policy": "vwap_low",
      "feature_group": "all_no_ak",
      "model_name": "lgbm_leaves15_700",
      "target_hit_bps": 50.0,
      "trades": 196,
      "win_rate": 0.4897959183673469,
      "avg_return": 0.000905591727951729,
      "median_return": -0.00016999999999999999,
      "compound_return": 0.16650156825023488,
      "max_drawdown": -0.17259216439108982,
      "profit_factor": 1.1763437373579473,
      "windows": 10
    },
    {
      "entry_policy": "vwap_low",
      "feature_group": "reversal_fundamental_regime_sector",
      "model_name": "random_forest_600_d4",
      "target_hit_bps": 50.0,
      "trades": 155,
      "win_rate": 0.5096774193548387,
      "avg_return": 0.0010085950866958987,
      "median_return": 0.0001920564808108906,
      "compound_return": 0.1494402637525567,
      "max_drawdown": -0.16220817050433234,
      "profit_factor": 1.2182701204533941,
      "windows": 10
    },
    {
      "entry_policy": "vwap_low",
      "feature_group": "reversal_fundamental_regime_sector_external",
      "model_name": "random_forest_600_d4",
      "target_hit_bps": 50.0,
      "trades": 155,
      "win_rate": 0.5096774193548387,
      "avg_return": 0.0010085950866958987,
      "median_return": 0.0001920564808108906,
      "compound_return": 0.1494402637525567,
      "max_drawdown": -0.16220817050433234,
      "profit_factor": 1.2182701204533941,
      "windows": 10
    },
    {
      "entry_policy": "vwap_low",
      "feature_group": "all_no_ak",
      "model_name": "lgbm_leaves7_400",
      "target_hit_bps": 50.0,
      "trades": 186,
      "win_rate": 0.5053763440860215,
      "avg_return": 0.0008492475219966247,
      "median_return": 0.00018871125390929405,
      "compound_return": 0.1459394113533854,
      "max_drawdown": -0.20380564635898468,
      "profit_factor": 1.1671042947928634,
      "windows": 10
    },
    {
      "entry_policy": "vwap_low",
      "feature_group": "reversal_fundamental_regime",
      "model_name": "lgbm_leaves7_400",
      "target_hit_bps": 50.0,
      "trades": 224,
      "win_rate": 0.45535714285714285,
      "avg_return": 0.0006996746096370386,
      "median_return": -0.0006426111088285134,
      "compound_return": 0.13974827156819813,
      "max_drawdown": -0.2078522927627353,
      "profit_factor": 1.1392981318348507,
      "windows": 10
    },
    {
      "entry_policy": "vwap_low",
      "feature_group": "reversal_fundamental_regime_sector",
      "model_name": "xgb_d3_400_lr003_mcw3",
      "target_hit_bps": 50.0,
      "trades": 209,
      "win_rate": 0.47368421052631576,
      "avg_return": 0.0006374176484392422,
      "median_return": -0.0006346840148699871,
      "compound_return": 0.11213306682211899,
      "max_drawdown": -0.14436976245837285,
      "profit_factor": 1.120534757196867,
      "windows": 10
    },
    {
      "entry_policy": "vwap_low",
      "feature_group": "reversal_fundamental_regime_sector_external",
      "model_name": "xgb_d3_400_lr003_mcw3",
      "target_hit_bps": 50.0,
      "trades": 209,
      "win_rate": 0.47368421052631576,
      "avg_return": 0.0006374176484392422,
      "median_return": -0.0006346840148699871,
      "compound_return": 0.11213306682211899,
      "max_drawdown": -0.14436976245837285,
      "profit_factor": 1.120534757196867,
      "windows": 10
    },
    {
      "entry_policy": "vwap_low",
      "feature_group": "reversal_fundamental_regime",
      "model_name": "random_forest_600_d4",
      "target_hit_bps": 50.0,
      "trades": 229,
      "win_rate": 0.5021834061135371,
      "avg_return": 0.0005496397680676727,
      "median_return": 0.00016344448149374985,
      "compound_return": 0.10892146637694888,
      "max_drawdown": -0.21539486693072818,
      "profit_factor": 1.1185602766339622,
      "windows": 10
    },
    {
      "entry_policy": "vwap_low",
      "feature_group": "all_no_ak",
      "model_name": "xgb_d4_500_lr002_mcw5",
      "target_hit_bps": 50.0,
      "trades": 214,
      "win_rate": 0.48598130841121495,
      "avg_return": 0.00039530164391780214,
      "median_return": -0.00016999999999999999,
      "compound_return": 0.06550685731244821,
      "max_drawdown": -0.18101379293643194,
      "profit_factor": 1.0825018857842954,
      "windows": 10
    }
  ]
}

[2026-05-16T18:37:06] RUN search_all_days_hit_50bps
  /usr/bin/python3 model_training/search_walk_forward_model_complexity.py --samples /root/stock_realtime_v021_full/saved_data/600030_pipeline_out_v2_new27_full/03_sector/training_samples_with_sector.csv --intraday-bars /root/stock_realtime_v021_full/saved_data/600030_pipeline_out_v2_new27_full/00_base/600030_5m.csv --out-dir /root/stock_realtime_v021_full/saved_data/600030_pipeline_out_v2_new27_full/10_search/search_all_days_hit_50bps --round-trip-cost-bps 1.7 --target-hit-bps 50.0 --label-mode hit --entry-policy all_days --entry-vwap-premium-bps 50.0 --max-missing 0.35 --groups reversal_fundamental_regime,reversal_fundamental_regime_sector,reversal_fundamental_regime_sector_external,all_no_ak --models xgb_d2_200_lr003_mcw5,xgb_d3_400_lr003_mcw3,xgb_d3_600_lr002_mcw3,xgb_d4_500_lr002_mcw5,lgbm_leaves7_400,lgbm_leaves15_700,extra_trees_600_d3,random_forest_600_d4 --quantiles 0.5,0.6,0.7,0.8 --train-rows 756 --valid-rows 126 --test-rows 63 --min-valid-trades 8 --min-train-entries 80
{
  "rows": 1533,
  "target_hit_bps": 50.0,
  "label_mode": "hit",
  "entry_policy": "all_days",
  "entry_vwap_premium_bps": 50.0,
  "groups": {
    "reversal_fundamental_regime": 112,
    "reversal_fundamental_regime_sector": 135,
    "reversal_fundamental_regime_sector_external": 135,
    "all_no_ak": 190
  },
  "models": [
    "xgb_d2_200_lr003_mcw5",
    "xgb_d3_400_lr003_mcw3",
    "xgb_d3_600_lr002_mcw3",
    "xgb_d4_500_lr002_mcw5",
    "extra_trees_600_d3",
    "random_forest_600_d4",
    "lgbm_leaves7_400",
    "lgbm_leaves15_700"
  ],
  "top": [
    {
      "entry_policy": "all_days",
      "feature_group": "all_no_ak",
      "model_name": "lgbm_leaves7_400",
      "target_hit_bps": 50.0,
      "trades": 174,
      "win_rate": 0.7298850574712644,
      "avg_return": 0.00031645100170358187,
      "median_return": 0.005,
      "compound_return": 0.04994003644336065,
      "max_drawdown": -0.07098043887692118,
      "profit_factor": 1.1002460833390115,
      "windows": 10
    },
    {
      "entry_policy": "all_days",
      "feature_group": "reversal_fundamental_regime",
      "model_name": "xgb_d3_600_lr002_mcw3",
      "target_hit_bps": 50.0,
      "trades": 204,
      "win_rate": 0.7205882352941176,
      "avg_return": 7.002862710152793e-05,
      "median_return": 0.005,
      "compound_return": 0.0059802531911414825,
      "max_drawdown": -0.15045465115161016,
      "profit_factor": 1.0207885459498085,
      "windows": 10
    },
    {
      "entry_policy": "all_days",
      "feature_group": "all_no_ak",
      "model_name": "xgb_d4_500_lr002_mcw5",
      "target_hit_bps": 50.0,
      "trades": 172,
      "win_rate": 0.7209302325581395,
      "avg_return": 3.7571962368049675e-05,
      "median_return": 0.005,
      "compound_return": -0.0003588261636519041,
      "max_drawdown": -0.10020828038477991,
      "profit_factor": 1.011073142533757,
      "windows": 10
    },
    {
      "entry_policy": "all_days",
      "feature_group": "reversal_fundamental_regime_sector",
      "model_name": "xgb_d4_500_lr002_mcw5",
      "target_hit_bps": 50.0,
      "trades": 167,
      "win_rate": 0.7065868263473054,
      "avg_return": -3.0413028418351705e-05,
      "median_return": 0.005,
      "compound_return": -0.011711611482136841,
      "max_drawdown": -0.09698504000986963,
      "profit_factor": 0.9911613072567205,
      "windows": 10
    },
    {
      "entry_policy": "all_days",
      "feature_group": "reversal_fundamental_regime_sector_external",
      "model_name": "xgb_d4_500_lr002_mcw5",
      "target_hit_bps": 50.0,
      "trades": 167,
      "win_rate": 0.7065868263473054,
      "avg_return": -3.0413028418351705e-05,
      "median_return": 0.005,
      "compound_return": -0.011711611482136841,
      "max_drawdown": -0.09698504000986963,
      "profit_factor": 0.9911613072567205,
      "windows": 10
    },
    {
      "entry_policy": "all_days",
      "feature_group": "reversal_fundamental_regime",
      "model_name": "xgb_d3_400_lr003_mcw3",
      "target_hit_bps": 50.0,
      "trades": 216,
      "win_rate": 0.6990740740740741,
      "avg_return": -6.219811758833259e-05,
      "median_return": 0.005,
      "compound_return": -0.021803515283359665,
      "max_drawdown": -0.16518261192691253,
      "profit_factor": 0.9817843324150223,
      "windows": 10
    },
    {
      "entry_policy": "all_days",
      "feature_group": "reversal_fundamental_regime",
      "model_name": "xgb_d4_500_lr002_mcw5",
      "target_hit_bps": 50.0,
      "trades": 148,
      "win_rate": 0.7094594594594594,
      "avg_return": -0.00013053046138044927,
      "median_return": 0.005,
      "compound_return": -0.02518419874952471,
      "max_drawdown": -0.14183779757613812,
      "profit_factor": 0.9635595907101657,
      "windows": 10
    },
    {
      "entry_policy": "all_days",
      "feature_group": "reversal_fundamental_regime_sector",
      "model_name": "xgb_d3_400_lr003_mcw3",
      "target_hit_bps": 50.0,
      "trades": 247,
      "win_rate": 0.6882591093117408,
      "avg_return": -0.00014566287867781146,
      "median_return": 0.005,
      "compound_return": -0.04409910024375674,
      "max_drawdown": -0.11227624771455813,
      "profit_factor": 0.957405261306655,
      "windows": 10
    },
    {
      "entry_policy": "all_days",
      "feature_group": "reversal_fundamental_regime_sector_external",
      "model_name": "xgb_d3_400_lr003_mcw3",
      "target_hit_bps": 50.0,
      "trades": 247,
      "win_rate": 0.6882591093117408,
      "avg_return": -0.00014566287867781146,
      "median_return": 0.005,
      "compound_return": -0.04409910024375674,
      "max_drawdown": -0.11227624771455813,
      "profit_factor": 0.957405261306655,
      "windows": 10
    },
    {
      "entry_policy": "all_days",
      "feature_group": "reversal_fundamental_regime_sector",
      "model_name": "xgb_d3_600_lr002_mcw3",
      "target_hit_bps": 50.0,
      "trades": 148,
      "win_rate": 0.7162162162162162,
      "avg_return": -0.00027328033899528875,
      "median_return": 0.005,
      "compound_return": -0.0456431249052075,
      "max_drawdown": -0.0875342716330203,
      "profit_factor": 0.9260326795531145,
      "windows": 10
    },
    {
      "entry_policy": "all_days",
      "feature_group": "reversal_fundamental_regime_sector_external",
      "model_name": "xgb_d3_600_lr002_mcw3",
      "target_hit_bps": 50.0,
      "trades": 148,
      "win_rate": 0.7162162162162162,
      "avg_return": -0.00027328033899528875,
      "median_return": 0.005,
      "compound_return": -0.0456431249052075,
      "max_drawdown": -0.0875342716330203,
      "profit_factor": 0.9260326795531145,
      "windows": 10
    },
    {
      "entry_policy": "all_days",
      "feature_group": "all_no_ak",
      "model_name": "lgbm_leaves15_700",
      "target_hit_bps": 50.0,
      "trades": 179,
      "win_rate": 0.6983240223463687,
      "avg_return": -0.00030142971637457384,
      "median_return": 0.005,
      "compound_return": -0.059364212001621564,
      "max_drawdown": -0.10856985367086347,
      "profit_factor": 0.9153835268736578,
      "windows": 10
    },
    {
      "entry_policy": "all_days",
      "feature_group": "all_no_ak",
      "model_name": "xgb_d3_400_lr003_mcw3",
      "target_hit_bps": 50.0,
      "trades": 154,
      "win_rate": 0.7012987012987013,
      "avg_return": -0.000423484648998871,
      "median_return": 0.005,
      "compound_return": -0.06921931515154289,
      "max_drawdown": -0.1269449389594547,
      "profit_factor": 0.8853800147056552,
      "windows": 10
    },
    {
      "entry_policy": "all_days",
      "feature_group": "reversal_fundamental_regime",
      "model_name": "lgbm_leaves7_400",
      "target_hit_bps": 50.0,
      "trades": 198,
      "win_rate": 0.6717171717171717,
      "avg_return": -0.00034406954741667906,
      "median_return": 0.005,
      "compound_return": -0.0733135213771261,
      "max_drawdown": -0.16326529794292033,
      "profit_factor": 0.9036778203352667,
      "windows": 10
    },
    {
      "entry_policy": "all_days",
      "feature_group": "reversal_fundamental_regime",
      "model_name": "xgb_d2_200_lr003_mcw5",
      "target_hit_bps": 50.0,
      "trades": 208,
      "win_rate": 0.6778846153846154,
      "avg_return": -0.0004024695507761467,
      "median_return": 0.005,
      "compound_return": -0.08834428522705773,
      "max_drawdown": -0.16796369112096365,
      "profit_factor": 0.8901114494511251,
      "windows": 10
    },
    {
      "entry_policy": "all_days",
      "feature_group": "reversal_fundamental_regime",
      "model_name": "lgbm_leaves15_700",
      "target_hit_bps": 50.0,
      "trades": 201,
      "win_rate": 0.6766169154228856,
      "avg_return": -0.0004901698683163232,
      "median_return": 0.005,
      "compound_return": -0.10168746266789674,
      "max_drawdown": -0.16311489882459718,
      "profit_factor": 0.8690707212000454,
      "windows": 10
    },
    {
      "entry_policy": "all_days",
      "feature_group": "all_no_ak",
      "model_name": "xgb_d3_600_lr002_mcw3",
      "target_hit_bps": 50.0,
      "trades": 183,
      "win_rate": 0.6885245901639344,
      "avg_return": -0.0006447151496220255,
      "median_return": 0.005,
      "compound_return": -0.11850052240975284,
      "max_drawdown": -0.14752658862195978,
      "profit_factor": 0.8353204391588704,
      "windows": 10
    },
    {
      "entry_policy": "all_days",
      "feature_group": "reversal_fundamental_regime_sector",
      "model_name": "lgbm_leaves7_400",
      "target_hit_bps": 50.0,
      "trades": 198,
      "win_rate": 0.6717171717171717,
      "avg_return": -0.0007898028517822078,
      "median_return": 0.005,
      "compound_return": -0.15252184325301688,
      "max_drawdown": -0.19799096081117828,
      "profit_factor": 0.8034883008859152,
      "windows": 10
    },
    {
      "entry_policy": "all_days",
      "feature_group": "reversal_fundamental_regime_sector_external",
      "model_name": "lgbm_leaves7_400",
      "target_hit_bps": 50.0,
      "trades": 198,
      "win_rate": 0.6717171717171717,
      "avg_return": -0.0007898028517822078,
      "median_return": 0.005,
      "compound_return": -0.15252184325301688,
      "max_drawdown": -0.19799096081117828,
      "profit_factor": 0.8034883008859152,
      "windows": 10
    },
    {
      "entry_policy": "all_days",
      "feature_group": "all_no_ak",
      "model_name": "xgb_d2_200_lr003_mcw5",
      "target_hit_bps": 50.0,
      "trades": 212,
      "win_rate": 0.6886792452830188,
      "avg_return": -0.0007440375206749205,
      "median_return": 0.005,
      "compound_return": -0.15526055506130654,
      "max_drawdown": -0.17668871989299328,
      "profit_factor": 0.8165579002672632,
      "windows": 10
    }
  ]
}

[2026-05-16T18:53:04] RUN search_all_days_hit_80bps
  /usr/bin/python3 model_training/search_walk_forward_model_complexity.py --samples /root/stock_realtime_v021_full/saved_data/600030_pipeline_out_v2_new27_full/03_sector/training_samples_with_sector.csv --intraday-bars /root/stock_realtime_v021_full/saved_data/600030_pipeline_out_v2_new27_full/00_base/600030_5m.csv --out-dir /root/stock_realtime_v021_full/saved_data/600030_pipeline_out_v2_new27_full/10_search/search_all_days_hit_80bps --round-trip-cost-bps 1.7 --target-hit-bps 80.0 --label-mode hit --entry-policy all_days --entry-vwap-premium-bps 50.0 --max-missing 0.35 --groups reversal_fundamental_regime,reversal_fundamental_regime_sector,reversal_fundamental_regime_sector_external,all_no_ak --models xgb_d2_200_lr003_mcw5,xgb_d3_400_lr003_mcw3,xgb_d3_600_lr002_mcw3,xgb_d4_500_lr002_mcw5,lgbm_leaves7_400,lgbm_leaves15_700,extra_trees_600_d3,random_forest_600_d4 --quantiles 0.5,0.6,0.7,0.8 --train-rows 756 --valid-rows 126 --test-rows 63 --min-valid-trades 8 --min-train-entries 80
{
  "rows": 1533,
  "target_hit_bps": 80.0,
  "label_mode": "hit",
  "entry_policy": "all_days",
  "entry_vwap_premium_bps": 50.0,
  "groups": {
    "reversal_fundamental_regime": 112,
    "reversal_fundamental_regime_sector": 135,
    "reversal_fundamental_regime_sector_external": 135,
    "all_no_ak": 190
  },
  "models": [
    "xgb_d2_200_lr003_mcw5",
    "xgb_d3_400_lr003_mcw3",
    "xgb_d3_600_lr002_mcw3",
    "xgb_d4_500_lr002_mcw5",
    "extra_trees_600_d3",
    "random_forest_600_d4",
    "lgbm_leaves7_400",
    "lgbm_leaves15_700"
  ],
  "top": [
    {
      "entry_policy": "all_days",
      "feature_group": "reversal_fundamental_regime",
      "model_name": "xgb_d3_400_lr003_mcw3",
      "target_hit_bps": 80.0,
      "trades": 225,
      "win_rate": 0.6266666666666667,
      "avg_return": 0.0007270125857896052,
      "median_return": 0.008,
      "compound_return": 0.16558686060251548,
      "max_drawdown": -0.08595781585692241,
      "profit_factor": 1.1958112272913268,
      "windows": 10
    },
    {
      "entry_policy": "all_days",
      "feature_group": "all_no_ak",
      "model_name": "lgbm_leaves7_400",
      "target_hit_bps": 80.0,
      "trades": 165,
      "win_rate": 0.6242424242424243,
      "avg_return": 0.0008223105054723342,
      "median_return": 0.008,
      "compound_return": 0.1369372401861464,
      "max_drawdown": -0.08720766054317841,
      "profit_factor": 1.224342688068588,
      "windows": 10
    },
    {
      "entry_policy": "all_days",
      "feature_group": "reversal_fundamental_regime",
      "model_name": "xgb_d3_600_lr002_mcw3",
      "target_hit_bps": 80.0,
      "trades": 207,
      "win_rate": 0.6038647342995169,
      "avg_return": 0.0003622487938458257,
      "median_return": 0.008,
      "compound_return": 0.06735601613973463,
      "max_drawdown": -0.10463132038673895,
      "profit_factor": 1.0922277368125113,
      "windows": 10
    },
    {
      "entry_policy": "all_days",
      "feature_group": "all_no_ak",
      "model_name": "xgb_d4_500_lr002_mcw5",
      "target_hit_bps": 80.0,
      "trades": 212,
      "win_rate": 0.5990566037735849,
      "avg_return": 0.0001906444673947323,
      "median_return": 0.008,
      "compound_return": 0.02976401254655081,
      "max_drawdown": -0.11420660601800525,
      "profit_factor": 1.045448082076036,
      "windows": 10
    },
    {
      "entry_policy": "all_days",
      "feature_group": "reversal_fundamental_regime",
      "model_name": "xgb_d2_200_lr003_mcw5",
      "target_hit_bps": 80.0,
      "trades": 215,
      "win_rate": 0.6046511627906976,
      "avg_return": 0.00018531027745126595,
      "median_return": 0.008,
      "compound_return": 0.028811409453948,
      "max_drawdown": -0.11028325488492319,
      "profit_factor": 1.044214408884072,
      "windows": 10
    },
    {
      "entry_policy": "all_days",
      "feature_group": "reversal_fundamental_regime",
      "model_name": "extra_trees_600_d3",
      "target_hit_bps": 80.0,
      "trades": 203,
      "win_rate": 0.6009852216748769,
      "avg_return": 0.00014310377324847624,
      "median_return": 0.008,
      "compound_return": 0.01566688078077716,
      "max_drawdown": -0.20839211152828319,
      "profit_factor": 1.033065722626049,
      "windows": 10
    },
    {
      "entry_policy": "all_days",
      "feature_group": "reversal_fundamental_regime",
      "model_name": "lgbm_leaves7_400",
      "target_hit_bps": 80.0,
      "trades": 205,
      "win_rate": 0.6,
      "avg_return": 0.00012031930053371624,
      "median_return": 0.008,
      "compound_return": 0.014369506539164467,
      "max_drawdown": -0.13214625020866466,
      "profit_factor": 1.0290940690209052,
      "windows": 10
    },
    {
      "entry_policy": "all_days",
      "feature_group": "all_no_ak",
      "model_name": "random_forest_600_d4",
      "target_hit_bps": 80.0,
      "trades": 215,
      "win_rate": 0.5720930232558139,
      "avg_return": 3.711966554727394e-05,
      "median_return": 0.004963470225872738,
      "compound_return": -0.0018938088189124347,
      "max_drawdown": -0.11188092438170683,
      "profit_factor": 1.00902121837972,
      "windows": 10
    },
    {
      "entry_policy": "all_days",
      "feature_group": "reversal_fundamental_regime_sector",
      "model_name": "xgb_d3_400_lr003_mcw3",
      "target_hit_bps": 80.0,
      "trades": 192,
      "win_rate": 0.609375,
      "avg_return": -5.5507615793185536e-05,
      "median_return": 0.008,
      "compound_return": -0.021466251546801485,
      "max_drawdown": -0.13651580627978177,
      "profit_factor": 0.9873436402730663,
      "windows": 10
    },
    {
      "entry_policy": "all_days",
      "feature_group": "reversal_fundamental_regime_sector_external",
      "model_name": "xgb_d3_400_lr003_mcw3",
      "target_hit_bps": 80.0,
      "trades": 192,
      "win_rate": 0.609375,
      "avg_return": -5.5507615793185536e-05,
      "median_return": 0.008,
      "compound_return": -0.021466251546801485,
      "max_drawdown": -0.13651580627978177,
      "profit_factor": 0.9873436402730663,
      "windows": 10
    },
    {
      "entry_policy": "all_days",
      "feature_group": "reversal_fundamental_regime_sector",
      "model_name": "xgb_d3_600_lr002_mcw3",
      "target_hit_bps": 80.0,
      "trades": 207,
      "win_rate": 0.6135265700483091,
      "avg_return": -8.971524811160165e-05,
      "median_return": 0.008,
      "compound_return": -0.0300540216933739,
      "max_drawdown": -0.11317866926677567,
      "profit_factor": 0.9802425277455374,
      "windows": 10
    },
    {
      "entry_policy": "all_days",
      "feature_group": "reversal_fundamental_regime_sector_external",
      "model_name": "xgb_d3_600_lr002_mcw3",
      "target_hit_bps": 80.0,
      "trades": 207,
      "win_rate": 0.6135265700483091,
      "avg_return": -8.971524811160165e-05,
      "median_return": 0.008,
      "compound_return": -0.0300540216933739,
      "max_drawdown": -0.11317866926677567,
      "profit_factor": 0.9802425277455374,
      "windows": 10
    },
    {
      "entry_policy": "all_days",
      "feature_group": "reversal_fundamental_regime",
      "model_name": "xgb_d4_500_lr002_mcw5",
      "target_hit_bps": 80.0,
      "trades": 173,
      "win_rate": 0.5895953757225434,
      "avg_return": -0.00013071640035103608,
      "median_return": 0.008,
      "compound_return": -0.03120914525524876,
      "max_drawdown": -0.09481013375443459,
      "profit_factor": 0.9702400725527719,
      "windows": 10
    },
    {
      "entry_policy": "all_days",
      "feature_group": "reversal_fundamental_regime",
      "model_name": "lgbm_leaves15_700",
      "target_hit_bps": 80.0,
      "trades": 197,
      "win_rate": 0.583756345177665,
      "avg_return": -0.00019296854022202828,
      "median_return": 0.00495820512820511,
      "compound_return": -0.047497899512263464,
      "max_drawdown": -0.10617300381813866,
      "profit_factor": 0.9558345705116765,
      "windows": 10
    },
    {
      "entry_policy": "all_days",
      "feature_group": "reversal_fundamental_regime",
      "model_name": "random_forest_600_d4",
      "target_hit_bps": 80.0,
      "trades": 242,
      "win_rate": 0.5826446280991735,
      "avg_return": -0.00025195740922669254,
      "median_return": 0.008,
      "compound_return": -0.07231246570475902,
      "max_drawdown": -0.21689838328508027,
      "profit_factor": 0.9442955582321313,
      "windows": 10
    },
    {
      "entry_policy": "all_days",
      "feature_group": "all_no_ak",
      "model_name": "xgb_d3_600_lr002_mcw3",
      "target_hit_bps": 80.0,
      "trades": 241,
      "win_rate": 0.5850622406639004,
      "avg_return": -0.00025953888686797844,
      "median_return": 0.004963470225872738,
      "compound_return": -0.07338456006543237,
      "max_drawdown": -0.14297399954801782,
      "profit_factor": 0.9408351351457076,
      "windows": 10
    },
    {
      "entry_policy": "all_days",
      "feature_group": "all_no_ak",
      "model_name": "xgb_d3_400_lr003_mcw3",
      "target_hit_bps": 80.0,
      "trades": 196,
      "win_rate": 0.5918367346938775,
      "avg_return": -0.00047533392663333304,
      "median_return": 0.004489524872290821,
      "compound_return": -0.09893226464575067,
      "max_drawdown": -0.151771093228653,
      "profit_factor": 0.8963313258518124,
      "windows": 10
    },
    {
      "entry_policy": "all_days",
      "feature_group": "reversal_fundamental_regime_sector",
      "model_name": "xgb_d2_200_lr003_mcw5",
      "target_hit_bps": 80.0,
      "trades": 214,
      "win_rate": 0.5700934579439252,
      "avg_return": -0.0004520579658426338,
      "median_return": 0.003744549127315148,
      "compound_return": -0.1033030147076871,
      "max_drawdown": -0.2418335970298201,
      "profit_factor": 0.9001220706064499,
      "windows": 10
    },
    {
      "entry_policy": "all_days",
      "feature_group": "reversal_fundamental_regime_sector_external",
      "model_name": "xgb_d2_200_lr003_mcw5",
      "target_hit_bps": 80.0,
      "trades": 214,
      "win_rate": 0.5700934579439252,
      "avg_return": -0.0004520579658426338,
      "median_return": 0.003744549127315148,
      "compound_return": -0.1033030147076871,
      "max_drawdown": -0.2418335970298201,
      "profit_factor": 0.9001220706064499,
      "windows": 10
    },
    {
      "entry_policy": "all_days",
      "feature_group": "reversal_fundamental_regime_sector",
      "model_name": "random_forest_600_d4",
      "target_hit_bps": 80.0,
      "trades": 206,
      "win_rate": 0.5776699029126213,
      "avg_return": -0.0005366568972485275,
      "median_return": 0.008,
      "compound_return": -0.11575523457030423,
      "max_drawdown": -0.18520821826406353,
      "profit_factor": 0.8869164724837719,
      "windows": 10
    }
  ]
}

[2026-05-16T19:02:42] RUN search_all_days_close_profit_50bps
  /usr/bin/python3 model_training/search_walk_forward_model_complexity.py --samples /root/stock_realtime_v021_full/saved_data/600030_pipeline_out_v2_new27_full/03_sector/training_samples_with_sector.csv --intraday-bars /root/stock_realtime_v021_full/saved_data/600030_pipeline_out_v2_new27_full/00_base/600030_5m.csv --out-dir /root/stock_realtime_v021_full/saved_data/600030_pipeline_out_v2_new27_full/10_search/search_all_days_close_profit_50bps --round-trip-cost-bps 1.7 --target-hit-bps 50.0 --label-mode close_profit --entry-policy all_days --entry-vwap-premium-bps 50.0 --max-missing 0.35 --groups reversal_fundamental_regime,reversal_fundamental_regime_sector,reversal_fundamental_regime_sector_external,all_no_ak --models xgb_d2_200_lr003_mcw5,xgb_d3_400_lr003_mcw3,xgb_d3_600_lr002_mcw3,xgb_d4_500_lr002_mcw5,lgbm_leaves7_400,lgbm_leaves15_700,extra_trees_600_d3,random_forest_600_d4 --quantiles 0.5,0.6,0.7,0.8 --train-rows 756 --valid-rows 126 --test-rows 63 --min-valid-trades 8 --min-train-entries 80
{
  "rows": 1533,
  "target_hit_bps": 50.0,
  "label_mode": "close_profit",
  "entry_policy": "all_days",
  "entry_vwap_premium_bps": 50.0,
  "groups": {
    "reversal_fundamental_regime": 112,
    "reversal_fundamental_regime_sector": 135,
    "reversal_fundamental_regime_sector_external": 135,
    "all_no_ak": 190
  },
  "models": [
    "xgb_d2_200_lr003_mcw5",
    "xgb_d3_400_lr003_mcw3",
    "xgb_d3_600_lr002_mcw3",
    "xgb_d4_500_lr002_mcw5",
    "extra_trees_600_d3",
    "random_forest_600_d4",
    "lgbm_leaves7_400",
    "lgbm_leaves15_700"
  ],
  "top": [
    {
      "entry_policy": "all_days",
      "feature_group": "all_no_ak",
      "model_name": "extra_trees_600_d3",
      "target_hit_bps": 50.0,
      "trades": 191,
      "win_rate": 0.5340314136125655,
      "avg_return": 0.0018262017896167628,
      "median_return": 0.000927694840834329,
      "compound_return": 0.3896488948191672,
      "max_drawdown": -0.12912462377197564,
      "profit_factor": 1.4435365390659691,
      "windows": 10
    },
    {
      "entry_policy": "all_days",
      "feature_group": "reversal_fundamental_regime",
      "model_name": "xgb_d4_500_lr002_mcw5",
      "target_hit_bps": 50.0,
      "trades": 240,
      "win_rate": 0.49583333333333335,
      "avg_return": 0.0012334478826315416,
      "median_return": -0.00016999999999999999,
      "compound_return": 0.309243057784127,
      "max_drawdown": -0.10041292492012655,
      "profit_factor": 1.2640532324966953,
      "windows": 10
    },
    {
      "entry_policy": "all_days",
      "feature_group": "reversal_fundamental_regime",
      "model_name": "extra_trees_600_d3",
      "target_hit_bps": 50.0,
      "trades": 157,
      "win_rate": 0.554140127388535,
      "avg_return": 0.0015643870540309952,
      "median_return": 0.0011807429085997113,
      "compound_return": 0.2590194017536489,
      "max_drawdown": -0.14592181252583547,
      "profit_factor": 1.3856766331325971,
      "windows": 10
    },
    {
      "entry_policy": "all_days",
      "feature_group": "reversal_fundamental_regime",
      "model_name": "xgb_d3_400_lr003_mcw3",
      "target_hit_bps": 50.0,
      "trades": 248,
      "win_rate": 0.4798387096774194,
      "avg_return": 0.0009673449393175345,
      "median_return": -0.0003452541184718015,
      "compound_return": 0.23556224627053424,
      "max_drawdown": -0.16622133661640093,
      "profit_factor": 1.199096337473179,
      "windows": 10
    },
    {
      "entry_policy": "all_days",
      "feature_group": "reversal_fundamental_regime_sector",
      "model_name": "extra_trees_600_d3",
      "target_hit_bps": 50.0,
      "trades": 168,
      "win_rate": 0.5059523809523809,
      "avg_return": 0.0010782320320924781,
      "median_return": 0.00017775048115232023,
      "compound_return": 0.17599103643571912,
      "max_drawdown": -0.13711504552732479,
      "profit_factor": 1.2419729192027,
      "windows": 10
    },
    {
      "entry_policy": "all_days",
      "feature_group": "reversal_fundamental_regime_sector_external",
      "model_name": "extra_trees_600_d3",
      "target_hit_bps": 50.0,
      "trades": 168,
      "win_rate": 0.5059523809523809,
      "avg_return": 0.0010782320320924781,
      "median_return": 0.00017775048115232023,
      "compound_return": 0.17599103643571912,
      "max_drawdown": -0.13711504552732479,
      "profit_factor": 1.2419729192027,
      "windows": 10
    },
    {
      "entry_policy": "all_days",
      "feature_group": "all_no_ak",
      "model_name": "lgbm_leaves7_400",
      "target_hit_bps": 50.0,
      "trades": 179,
      "win_rate": 0.5083798882681564,
      "avg_return": 0.0010095372436613,
      "median_return": 0.0001920564808108906,
      "compound_return": 0.1718257767564848,
      "max_drawdown": -0.21484136851525193,
      "profit_factor": 1.1963665250594369,
      "windows": 10
    },
    {
      "entry_policy": "all_days",
      "feature_group": "all_no_ak",
      "model_name": "xgb_d3_400_lr003_mcw3",
      "target_hit_bps": 50.0,
      "trades": 210,
      "win_rate": 0.5,
      "avg_return": 0.000793076979822677,
      "median_return": -3.2777592531250683e-06,
      "compound_return": 0.15409022363667702,
      "max_drawdown": -0.19409743423997594,
      "profit_factor": 1.1650046062551787,
      "windows": 10
    },
    {
      "entry_policy": "all_days",
      "feature_group": "reversal_fundamental_regime",
      "model_name": "lgbm_leaves15_700",
      "target_hit_bps": 50.0,
      "trades": 214,
      "win_rate": 0.48130841121495327,
      "avg_return": 0.0007407082303690353,
      "median_return": -0.00035070112034695997,
      "compound_return": 0.13763678786795297,
      "max_drawdown": -0.22243084277273906,
      "profit_factor": 1.1446074605706198,
      "windows": 10
    },
    {
      "entry_policy": "all_days",
      "feature_group": "reversal_fundamental_regime_sector",
      "model_name": "lgbm_leaves15_700",
      "target_hit_bps": 50.0,
      "trades": 181,
      "win_rate": 0.49171270718232046,
      "avg_return": 0.0007912171308915469,
      "median_return": -0.00016999999999999999,
      "compound_return": 0.12931475412840432,
      "max_drawdown": -0.17941944009000987,
      "profit_factor": 1.159147376276825,
      "windows": 10
    },
    {
      "entry_policy": "all_days",
      "feature_group": "reversal_fundamental_regime_sector_external",
      "model_name": "lgbm_leaves15_700",
      "target_hit_bps": 50.0,
      "trades": 181,
      "win_rate": 0.49171270718232046,
      "avg_return": 0.0007912171308915469,
      "median_return": -0.00016999999999999999,
      "compound_return": 0.12931475412840432,
      "max_drawdown": -0.17941944009000987,
      "profit_factor": 1.159147376276825,
      "windows": 10
    },
    {
      "entry_policy": "all_days",
      "feature_group": "all_no_ak",
      "model_name": "lgbm_leaves15_700",
      "target_hit_bps": 50.0,
      "trades": 225,
      "win_rate": 0.4888888888888889,
      "avg_return": 0.0005749658681348158,
      "median_return": -0.00016999999999999999,
      "compound_return": 0.10882344946387801,
      "max_drawdown": -0.18864062126553904,
      "profit_factor": 1.11155623577672,
      "windows": 10
    },
    {
      "entry_policy": "all_days",
      "feature_group": "all_no_ak",
      "model_name": "xgb_d3_600_lr002_mcw3",
      "target_hit_bps": 50.0,
      "trades": 231,
      "win_rate": 0.4805194805194805,
      "avg_return": 0.0005636912536045212,
      "median_return": -0.00016999999999999999,
      "compound_return": 0.1086944495924389,
      "max_drawdown": -0.25730168843703205,
      "profit_factor": 1.1086618758519264,
      "windows": 10
    },
    {
      "entry_policy": "all_days",
      "feature_group": "reversal_fundamental_regime_sector",
      "model_name": "xgb_d2_200_lr003_mcw5",
      "target_hit_bps": 50.0,
      "trades": 196,
      "win_rate": 0.47959183673469385,
      "avg_return": 0.0006382312201246099,
      "median_return": -0.00016999999999999999,
      "compound_return": 0.1055281319385899,
      "max_drawdown": -0.21919922667275138,
      "profit_factor": 1.1212402441529683,
      "windows": 10
    },
    {
      "entry_policy": "all_days",
      "feature_group": "reversal_fundamental_regime_sector_external",
      "model_name": "xgb_d2_200_lr003_mcw5",
      "target_hit_bps": 50.0,
      "trades": 196,
      "win_rate": 0.47959183673469385,
      "avg_return": 0.0006382312201246099,
      "median_return": -0.00016999999999999999,
      "compound_return": 0.1055281319385899,
      "max_drawdown": -0.21919922667275138,
      "profit_factor": 1.1212402441529683,
      "windows": 10
    },
    {
      "entry_policy": "all_days",
      "feature_group": "reversal_fundamental_regime",
      "model_name": "lgbm_leaves7_400",
      "target_hit_bps": 50.0,
      "trades": 206,
      "win_rate": 0.4563106796116505,
      "avg_return": 0.0005354749207891571,
      "median_return": -0.0006426111088285134,
      "compound_return": 0.08917939234477168,
      "max_drawdown": -0.1983715448765394,
      "profit_factor": 1.1029518904015558,
      "windows": 10
    },
    {
      "entry_policy": "all_days",
      "feature_group": "reversal_fundamental_regime",
      "model_name": "random_forest_600_d4",
      "target_hit_bps": 50.0,
      "trades": 228,
      "win_rate": 0.5043859649122807,
      "avg_return": 0.0004123780701560867,
      "median_return": 0.00017440525425072367,
      "compound_return": 0.0743825770356683,
      "max_drawdown": -0.21902980101062774,
      "profit_factor": 1.0870985714086494,
      "windows": 10
    },
    {
      "entry_policy": "all_days",
      "feature_group": "reversal_fundamental_regime",
      "model_name": "xgb_d3_600_lr002_mcw3",
      "target_hit_bps": 50.0,
      "trades": 241,
      "win_rate": 0.46887966804979253,
      "avg_return": 0.0003824680269710408,
      "median_return": -0.0006218752824221872,
      "compound_return": 0.06553975204833429,
      "max_drawdown": -0.2343393920883282,
      "profit_factor": 1.0720334071234594,
      "windows": 10
    },
    {
      "entry_policy": "all_days",
      "feature_group": "reversal_fundamental_regime_sector",
      "model_name": "xgb_d4_500_lr002_mcw5",
      "target_hit_bps": 50.0,
      "trades": 228,
      "win_rate": 0.47368421052631576,
      "avg_return": 0.0003610229342539293,
      "median_return": -0.0005333161678268104,
      "compound_return": 0.05814379486875687,
      "max_drawdown": -0.21027803050755522,
      "profit_factor": 1.0710177900488056,
      "windows": 10
    },
    {
      "entry_policy": "all_days",
      "feature_group": "reversal_fundamental_regime_sector_external",
      "model_name": "xgb_d4_500_lr002_mcw5",
      "target_hit_bps": 50.0,
      "trades": 228,
      "win_rate": 0.47368421052631576,
      "avg_return": 0.0003610229342539293,
      "median_return": -0.0005333161678268104,
      "compound_return": 0.05814379486875687,
      "max_drawdown": -0.21027803050755522,
      "profit_factor": 1.0710177900488056,
      "windows": 10
    }
  ]
}

[2026-05-16T19:12:12] RUN summarize
  /usr/bin/python3 model_training/summarize_nextday_search_results.py --pipeline-out /root/stock_realtime_v021_full/saved_data/600030_pipeline_out_v2_new27_full --out-dir /root/stock_realtime_v021_full/saved_data/600030_pipeline_out_v2_new27_full/99_summary --excel
{
  "rows": 192,
  "outputs": {
    "final_leaderboard": "/root/stock_realtime_v021_full/saved_data/600030_pipeline_out_v2_new27_full/99_summary/final_leaderboard.csv",
    "best_by_target_top5": "/root/stock_realtime_v021_full/saved_data/600030_pipeline_out_v2_new27_full/99_summary/best_by_target_top5.csv",
    "best_by_entry_policy_top5": "/root/stock_realtime_v021_full/saved_data/600030_pipeline_out_v2_new27_full/99_summary/best_by_entry_policy_top5.csv",
    "excel": "/root/stock_realtime_v021_full/saved_data/600030_pipeline_out_v2_new27_full/99_summary/final_leaderboard.xlsx",
    "summary_manifest": "/root/stock_realtime_v021_full/saved_data/600030_pipeline_out_v2_new27_full/99_summary/summary_manifest.json"
  }
}
=== nextday pipeline end: 2026-05-16T19:12:13 status=ok ===
