=== nextday pipeline start: 2026-05-16T16:56:30 ===
symbol=600919.SH, out_root=/root/stock_realtime_v021_full/saved_data/600919_pipeline_out_v2_new27_full

[2026-05-16T16:56:30] RUN update_data
  /usr/bin/python3 bootstrap/ashare_xgb_dual_opportunity_regression_baostock_full_v19_compressed_trading_axis.py --mode update_data --symbol 600919 --benchmark_symbol 000300 --daily_start 2018-01-01 --daily_end 2026-05-15 --intraday_start '2018-01-01 09:30:00' --intraday_end '2026-05-15 15:00:00' --output_dir /root/stock_realtime_v021_full/saved_data/600919_pipeline_out_v2_new27_full/00_base --cache_mode incremental --feature_cache_mode incremental --adjust qfq
/root/stock_realtime_v021_full/bootstrap/ashare_fetch_and_train_xgb_sell_signal_baostock_state_cache_helper_fix2.py:246: FutureWarning: The behavior of DataFrame concatenation with empty or all-NA entries is deprecated. In a future version, this will no longer exclude empty or all-NA columns when determining the result dtypes. To retain the old behavior, exclude the relevant entries before the concat operation.
  merged = _normalize_daily_df(pd.concat([df_old, df_new], axis=0, ignore_index=True))
/root/stock_realtime_v021_full/bootstrap/ashare_fetch_and_train_xgb_sell_signal_baostock_state_cache_helper_fix2.py:248: FutureWarning: The behavior of DataFrame concatenation with empty or all-NA entries is deprecated. In a future version, this will no longer exclude empty or all-NA columns when determining the result dtypes. To retain the old behavior, exclude the relevant entries before the concat operation.
  merged = _normalize_intraday_df(pd.concat([df_old, df_new], axis=0, ignore_index=True))
/root/stock_realtime_v021_full/bootstrap/ashare_fetch_and_train_xgb_sell_signal_baostock_state_cache_helper_fix2.py:254: FutureWarning: The behavior of DataFrame concatenation with empty or all-NA entries is deprecated. In a future version, this will no longer exclude empty or all-NA columns when determining the result dtypes. To retain the old behavior, exclude the relevant entries before the concat operation.
  merged = _normalize_bench_df(pd.concat([df_old, df_new], axis=0, ignore_index=True))
/root/stock_realtime_v021_full/bootstrap/ashare_fetch_and_train_xgb_sell_signal_baostock_state_cache_helper_fix2.py:250: FutureWarning: The behavior of DataFrame concatenation with empty or all-NA entries is deprecated. In a future version, this will no longer exclude empty or all-NA columns when determining the result dtypes. To retain the old behavior, exclude the relevant entries before the concat operation.
  merged = _normalize_daily_feature_df(pd.concat([df_old, df_new], axis=0, ignore_index=True))
/root/stock_realtime_v021_full/bootstrap/ashare_fetch_and_train_xgb_sell_signal_baostock_state_cache_helper_fix2.py:252: FutureWarning: The behavior of DataFrame concatenation with empty or all-NA entries is deprecated. In a future version, this will no longer exclude empty or all-NA columns when determining the result dtypes. To retain the old behavior, exclude the relevant entries before the concat operation.
  merged = _normalize_intraday_feature_df(pd.concat([df_old, df_new], axis=0, ignore_index=True))
login success!
logout success!
login success!
logout success!
login success!
logout success!
{
  "mode": "update_data",
  "symbol": "600919",
  "data_source": "baostock",
  "daily_rows": 2027,
  "intraday_rows": 73632,
  "daily_min": "2018-01-02 00:00:00",
  "daily_max": "2026-05-15 00:00:00",
  "intraday_min": "2020-01-02 09:35:00",
  "intraday_max": "2026-05-15 15:00:00",
  "base_paths": {
    "daily_csv": "/root/stock_realtime_v021_full/saved_data/600919_pipeline_out_v2_new27_full/00_base/600919_daily.csv",
    "intraday_csv": "/root/stock_realtime_v021_full/saved_data/600919_pipeline_out_v2_new27_full/00_base/600919_5m.csv",
    "benchmark_csv": "/root/stock_realtime_v021_full/saved_data/600919_pipeline_out_v2_new27_full/00_base/000300_benchmark_daily.csv",
    "raw_daily_cache_csv": "/root/stock_realtime_v021_full/saved_data/600919_pipeline_out_v2_new27_full/00_base/raw_cache/600919_daily_raw.csv",
    "raw_intraday_cache_csv": "/root/stock_realtime_v021_full/saved_data/600919_pipeline_out_v2_new27_full/00_base/raw_cache/600919_5m_raw.csv",
    "raw_benchmark_cache_csv": "/root/stock_realtime_v021_full/saved_data/600919_pipeline_out_v2_new27_full/00_base/raw_cache/000300_benchmark_daily_raw.csv",
    "daily_features_csv": "/root/stock_realtime_v021_full/saved_data/600919_pipeline_out_v2_new27_full/00_base/daily_features.csv",
    "intraday_features_csv": "/root/stock_realtime_v021_full/saved_data/600919_pipeline_out_v2_new27_full/00_base/intraday_features.csv",
    "daily_features_cache_csv": "/root/stock_realtime_v021_full/saved_data/600919_pipeline_out_v2_new27_full/00_base/feature_cache/daily_features_cache.csv",
    "intraday_features_cache_csv": "/root/stock_realtime_v021_full/saved_data/600919_pipeline_out_v2_new27_full/00_base/feature_cache/intraday_features_cache.csv",
    "feature_state_json": "/root/stock_realtime_v021_full/saved_data/600919_pipeline_out_v2_new27_full/00_base/feature_cache/feature_state.json"
  },
  "fetch_logs": {
    "symbol": "600919",
    "benchmark_symbol": "000300",
    "daily_start": "2018-01-01",
    "daily_end": "2026-05-15",
    "intraday_start": "2018-01-01 09:30:00",
    "intraday_end": "2026-05-15 15:00:00",
    "perf_start": "2018-01-01",
    "data_source": "baostock",
    "cache_mode": "incremental",
    "force_refresh": false,
    "raw_cache_dir": "/root/stock_realtime_v021_full/saved_data/600919_pipeline_out_v2_new27_full/00_base/raw_cache",
    "feature_cache_dir": "/root/stock_realtime_v021_full/saved_data/600919_pipeline_out_v2_new27_full/00_base/feature_cache",
    "feature_cache_mode": "incremental",
    "daily": {
      "cache_path": "/root/stock_realtime_v021_full/saved_data/600919_pipeline_out_v2_new27_full/00_base/raw_cache/600919_daily_raw.csv",
      "requested_start": "2018-01-01",
      "requested_end": "2026-05-15",
      "mode": "initial_fetch",
      "fetch_segments": [
        {
          "provider": "baostock",
          "code": "sh.600919",
          "adjustflag": "2",
          "rows": 2027,
          "start": "2018-01-01",
          "end": "2026-05-15"
        }
      ],
      "cache_after": {
        "rows": 2027,
        "min": "2018-01-02 00:00:00",
        "max": "2026-05-15 00:00:00"
      }
    },
    "intraday_5m": {
      "cache_path": "/root/stock_realtime_v021_full/saved_data/600919_pipeline_out_v2_new27_full/00_base/raw_cache/600919_5m_raw.csv",
      "requested_start": "2018-01-01 09:30:00",
      "requested_end": "2026-05-15 15:00:00",
      "mode": "initial_fetch",
      "fetch_segments": [
        {
          "provider": "baostock",
          "code": "sh.600919",
          "adjustflag": "2",
          "requested_start": "2018-01-01 09:30:00",
          "effective_start": "2018-01-01 09:30:00",
          "requested_end": "2026-05-15 15:00:00",
          "rows": 73632
        }
      ],
      "cache_after": {
        "rows": 73632,
        "min": "2020-01-02 09:35:00",
        "max": "2026-05-15 15:00:00"
      }
    },
    "benchmark_daily": {
      "cache_path": "/root/stock_realtime_v021_full/saved_data/600919_pipeline_out_v2_new27_full/00_base/raw_cache/000300_benchmark_daily_raw.csv",
      "requested_start": "2018-01-01",
      "requested_end": "2026-05-15",
      "mode": "initial_fetch",
      "fetch_segments": [
        {
          "provider": "baostock",
          "code": "sh.000300",
          "rows": 2027,
          "start": "2018-01-01",
          "end": "2026-05-15"
        }
      ],
      "cache_after": {
        "rows": 2027,
        "min": "2018-01-02 00:00:00",
        "max": "2026-05-15 00:00:00"
      }
    },
    "feature_build": {
      "mode": "full_rebuild",
      "reason": "feature_cache_missing",
      "daily_cache_after": {
        "rows": 2027,
        "min": "2018-01-02 00:00:00",
        "max": "2026-05-15 00:00:00"
      },
      "intraday_cache_after": {
        "rows": 73632,
        "min": "2020-01-02 09:35:00",
        "max": "2026-05-15 15:00:00"
      },
      "daily_context_days": 260,
      "intraday_context_days": 40,
      "daily_appended_rows": 2027,
      "intraday_appended_rows": 73632
    },
    "feature_state": {
      "daily_feature_max": "2026-05-15 00:00:00",
      "intraday_feature_max": "2026-05-15 15:00:00",
      "daily_context_days": 260,
      "intraday_context_days": 40,
      "feature_build_mode": "full_rebuild"
    }
  }
}

[2026-05-16T16:59:24] RUN samples
  /usr/bin/python3 feature_building/build_nextday_samples_from_baostock.py --daily-features /root/stock_realtime_v021_full/saved_data/600919_pipeline_out_v2_new27_full/00_base/daily_features.csv --intraday-bars /root/stock_realtime_v021_full/saved_data/600919_pipeline_out_v2_new27_full/00_base/600919_5m.csv --out-dir /root/stock_realtime_v021_full/saved_data/600919_pipeline_out_v2_new27_full/01_samples --min-bars 40 --keep-unlabeled-tail
{
  "rows": 1534,
  "date_min": "2020-01-02",
  "date_max": "2026-05-15",
  "out": "/root/stock_realtime_v021_full/saved_data/600919_pipeline_out_v2_new27_full/01_samples/training_samples.csv"
}

[2026-05-16T16:59:25] RUN fundamental
  /usr/bin/python3 feature_building/build_fundamental_features.py --symbol 600919.SH --daily-samples /root/stock_realtime_v021_full/saved_data/600919_pipeline_out_v2_new27_full/01_samples/training_samples.csv --out-dir /root/stock_realtime_v021_full/saved_data/600919_pipeline_out_v2_new27_full/02_fundamental --start-date 2018-01-01 --end-date 2026-05-15 --fallback-lag-days 120
login success!
logout success!
{
  "rows": 1534,
  "date_min": "2020-01-02",
  "date_max": "2026-05-15",
  "source_errors": [],
  "top_missing_rates": {
    "profit_gpMargin": 1.0,
    "operation_INVTurnDays": 1.0,
    "operation_NRTurnRatio": 1.0,
    "operation_INVTurnRatio": 1.0,
    "operation_NRTurnDays": 1.0,
    "operation_CATurnRatio": 1.0,
    "cashflow_ebitToInterest": 1.0,
    "cashflow_tangibleAssetToAsset": 1.0,
    "cashflow_CAToAsset": 1.0,
    "cashflow_NCAToAsset": 1.0,
    "solvency_cashRatio": 1.0,
    "solvency_quickRatio": 1.0,
    "solvency_currentRatio": 1.0,
    "dupont_dupontIntburden": 1.0,
    "dupont_dupontEbittogr": 1.0,
    "solvency_cashRatio_chg4q": 1.0,
    "cashflow_CAToAsset_chg4q": 1.0,
    "cashflow_ebitToInterest_chg4q": 1.0,
    "cashflow_tangibleAssetToAsset_chg4q": 1.0,
    "dupont_dupontIntburden_chg4q": 1.0,
    "dupont_dupontEbittogr_chg4q": 1.0,
    "solvency_currentRatio_chg4q": 1.0,
    "solvency_quickRatio_chg4q": 1.0,
    "cashflow_NCAToAsset_chg4q": 1.0,
    "profit_gpMargin_chg4q": 1.0,
    "ak_fund_超大单净流入-净占比_sum10": 0.924380704041721,
    "ak_fund_超大单净流入-净额_sum10": 0.924380704041721,
    "ak_fund_涨跌幅_sum10": 0.924380704041721,
    "ak_fund_收盘价_sum10": 0.924380704041721,
    "ak_fund_主力净流入-净额_sum10": 0.924380704041721
  },
  "valuation_non_null": {
    "peTTM": 1534,
    "pbMRQ": 1534,
    "psTTM": 1534,
    "pcfNcfTTM": 1534
  },
  "future_effective_date_violations": 0,
  "rows_with_quarterly": 1534,
  "sample_rows": 1534,
  "quarterly_raw_rows": 37,
  "quarterly_used_pubDate_rows": 37,
  "quarterly_fallback_rows": 0,
  "elapsed_seconds": 19.268,
  "symbol": "600919",
  "baostock_code": "sh.600919",
  "valuation_rows": 2027,
  "fund_flow_rows": 120,
  "feature_columns": 125,
  "merged_columns": 194,
  "outputs": {
    "daily_valuation": "/root/stock_realtime_v021_full/saved_data/600919_pipeline_out_v2_new27_full/02_fundamental/baostock_daily_valuation.csv",
    "quarterly_fundamentals": "/root/stock_realtime_v021_full/saved_data/600919_pipeline_out_v2_new27_full/02_fundamental/baostock_quarterly_fundamentals_pit.csv",
    "fundamental_features": "/root/stock_realtime_v021_full/saved_data/600919_pipeline_out_v2_new27_full/02_fundamental/fundamental_features.csv",
    "merged_samples": "/root/stock_realtime_v021_full/saved_data/600919_pipeline_out_v2_new27_full/02_fundamental/training_samples_with_fundamentals.csv"
  }
}

[2026-05-16T16:59:45] RUN sector
  /usr/bin/python3 feature_building/build_sector_features.py --samples /root/stock_realtime_v021_full/saved_data/600919_pipeline_out_v2_new27_full/02_fundamental/training_samples_with_fundamentals.csv --out-dir /root/stock_realtime_v021_full/saved_data/600919_pipeline_out_v2_new27_full/03_sector --sector-symbol '银行' --start-date 2018-01-01 --end-date 2026-05-15

  0%|          | 0/9 [00:00<?, ?it/s]
 11%|█         | 1/9 [00:00<00:02,  3.44it/s]
 22%|██▏       | 2/9 [00:00<00:01,  3.74it/s]
 33%|███▎      | 3/9 [00:00<00:01,  3.66it/s]
 44%|████▍     | 4/9 [00:01<00:01,  3.65it/s]
 56%|█████▌    | 5/9 [00:01<00:01,  3.78it/s]
 67%|██████▋   | 6/9 [00:01<00:00,  3.85it/s]
 78%|███████▊  | 7/9 [00:01<00:00,  3.92it/s]
 89%|████████▉ | 8/9 [00:02<00:00,  4.11it/s]
100%|██████████| 9/9 [00:02<00:00,  4.50it/s]
                                             
{
  "sector_symbol": "银行",
  "sector_rows": 2027,
  "sector_date_min": "2018-01-02",
  "sector_date_max": "2026-05-15",
  "sample_rows": 1534,
  "merged_rows": 1534,
  "sector_feature_cols": 23,
  "top_missing": {
    "sector_ret60": 0.03911342894393742,
    "sector_ma60_gap": 0.01955671447196871,
    "stock_vs_sector_ret20": 0.01303780964797914,
    "sector_ret20": 0.01303780964797914,
    "sector_vol20": 0.007170795306388526,
    "sector_ma20_gap": 0.00651890482398957,
    "sector_range_z20": 0.00651890482398957,
    "sector_volume_shock20": 0.00651890482398957,
    "sector_amount_z20": 0.00651890482398957,
    "sector_volume_z20": 0.00651890482398957,
    "sector_amount_shock20": 0.00651890482398957,
    "sector_ret5": 0.003259452411994785,
    "stock_vs_sector_ret5": 0.003259452411994785,
    "sector_vs_bench_ret5": 0.003259452411994785,
    "stock_vs_sector_ret1": 0.000651890482398957,
    "sector_ret1": 0.000651890482398957,
    "sector_amount": 0.0,
    "sector_volume": 0.0,
    "sector_close": 0.0,
    "sector_low": 0.0
  },
  "outputs": {
    "sector_index": "/root/stock_realtime_v021_full/saved_data/600919_pipeline_out_v2_new27_full/03_sector/sector_index_ths.csv",
    "sector_features": "/root/stock_realtime_v021_full/saved_data/600919_pipeline_out_v2_new27_full/03_sector/sector_features.csv",
    "merged_samples": "/root/stock_realtime_v021_full/saved_data/600919_pipeline_out_v2_new27_full/03_sector/training_samples_with_sector.csv"
  }
}
[INFO] final samples for search: /root/stock_realtime_v021_full/saved_data/600919_pipeline_out_v2_new27_full/03_sector/training_samples_with_sector.csv

[2026-05-16T16:59:50] RUN search_vwap_low_hit_50bps
  /usr/bin/python3 model_training/search_walk_forward_model_complexity.py --samples /root/stock_realtime_v021_full/saved_data/600919_pipeline_out_v2_new27_full/03_sector/training_samples_with_sector.csv --intraday-bars /root/stock_realtime_v021_full/saved_data/600919_pipeline_out_v2_new27_full/00_base/600919_5m.csv --out-dir /root/stock_realtime_v021_full/saved_data/600919_pipeline_out_v2_new27_full/10_search/search_vwap_low_hit_50bps --round-trip-cost-bps 1.7 --target-hit-bps 50.0 --label-mode hit --entry-policy vwap_low --entry-vwap-premium-bps 50.0 --max-missing 0.35 --groups reversal_fundamental_regime,reversal_fundamental_regime_sector,reversal_fundamental_regime_sector_external,all_no_ak --models xgb_d2_200_lr003_mcw5,xgb_d3_400_lr003_mcw3,xgb_d3_600_lr002_mcw3,xgb_d4_500_lr002_mcw5,lgbm_leaves7_400,lgbm_leaves15_700,extra_trees_600_d3,random_forest_600_d4 --quantiles 0.5,0.6,0.7,0.8 --train-rows 756 --valid-rows 126 --test-rows 63 --min-valid-trades 8 --min-train-entries 80
{
  "rows": 1533,
  "target_hit_bps": 50.0,
  "label_mode": "hit",
  "entry_policy": "vwap_low",
  "entry_vwap_premium_bps": 50.0,
  "groups": {
    "reversal_fundamental_regime": 112,
    "reversal_fundamental_regime_sector": 135,
    "reversal_fundamental_regime_sector_external": 135,
    "all_no_ak": 190
  },
  "models": [
    "xgb_d2_200_lr003_mcw5",
    "xgb_d3_400_lr003_mcw3",
    "xgb_d3_600_lr002_mcw3",
    "xgb_d4_500_lr002_mcw5",
    "extra_trees_600_d3",
    "random_forest_600_d4",
    "lgbm_leaves7_400",
    "lgbm_leaves15_700"
  ],
  "top": [
    {
      "entry_policy": "vwap_low",
      "feature_group": "all_no_ak",
      "model_name": "xgb_d3_400_lr003_mcw3",
      "target_hit_bps": 50.0,
      "trades": 170,
      "win_rate": 0.7705882352941177,
      "avg_return": 0.0017663914802863168,
      "median_return": 0.005,
      "compound_return": 0.34510299683944323,
      "max_drawdown": -0.045092225160835775,
      "profit_factor": 1.8727084642614207,
      "windows": 10
    },
    {
      "entry_policy": "vwap_low",
      "feature_group": "reversal_fundamental_regime_sector",
      "model_name": "random_forest_600_d4",
      "target_hit_bps": 50.0,
      "trades": 203,
      "win_rate": 0.7733990147783252,
      "avg_return": 0.0012387233881848952,
      "median_return": 0.005,
      "compound_return": 0.2749687591317418,
      "max_drawdown": -0.07376813084112155,
      "profit_factor": 1.473893713427929,
      "windows": 10
    },
    {
      "entry_policy": "vwap_low",
      "feature_group": "reversal_fundamental_regime_sector_external",
      "model_name": "random_forest_600_d4",
      "target_hit_bps": 50.0,
      "trades": 203,
      "win_rate": 0.7733990147783252,
      "avg_return": 0.0012387233881848952,
      "median_return": 0.005,
      "compound_return": 0.2749687591317418,
      "max_drawdown": -0.07376813084112155,
      "profit_factor": 1.473893713427929,
      "windows": 10
    },
    {
      "entry_policy": "vwap_low",
      "feature_group": "all_no_ak",
      "model_name": "lgbm_leaves15_700",
      "target_hit_bps": 50.0,
      "trades": 147,
      "win_rate": 0.7551020408163265,
      "avg_return": 0.0016423883676953542,
      "median_return": 0.005,
      "compound_return": 0.26846921364781196,
      "max_drawdown": -0.041114968600789004,
      "profit_factor": 1.7959391700326217,
      "windows": 10
    },
    {
      "entry_policy": "vwap_low",
      "feature_group": "all_no_ak",
      "model_name": "xgb_d4_500_lr002_mcw5",
      "target_hit_bps": 50.0,
      "trades": 188,
      "win_rate": 0.7446808510638298,
      "avg_return": 0.0012582819126181108,
      "median_return": 0.005,
      "compound_return": 0.25989948322676915,
      "max_drawdown": -0.07203233409423826,
      "profit_factor": 1.518244161709039,
      "windows": 10
    },
    {
      "entry_policy": "vwap_low",
      "feature_group": "all_no_ak",
      "model_name": "lgbm_leaves7_400",
      "target_hit_bps": 50.0,
      "trades": 155,
      "win_rate": 0.7483870967741936,
      "avg_return": 0.0014308771640725937,
      "median_return": 0.005,
      "compound_return": 0.24314044021035675,
      "max_drawdown": -0.052587748399002265,
      "profit_factor": 1.6358111653446883,
      "windows": 10
    },
    {
      "entry_policy": "vwap_low",
      "feature_group": "reversal_fundamental_regime_sector",
      "model_name": "xgb_d4_500_lr002_mcw5",
      "target_hit_bps": 50.0,
      "trades": 152,
      "win_rate": 0.75,
      "avg_return": 0.0014021691876000913,
      "median_return": 0.005,
      "compound_return": 0.23251773687879407,
      "max_drawdown": -0.04054448915376707,
      "profit_factor": 1.6105533172042654,
      "windows": 10
    },
    {
      "entry_policy": "vwap_low",
      "feature_group": "reversal_fundamental_regime_sector_external",
      "model_name": "xgb_d4_500_lr002_mcw5",
      "target_hit_bps": 50.0,
      "trades": 152,
      "win_rate": 0.75,
      "avg_return": 0.0014021691876000913,
      "median_return": 0.005,
      "compound_return": 0.23251773687879407,
      "max_drawdown": -0.04054448915376707,
      "profit_factor": 1.6105533172042654,
      "windows": 10
    },
    {
      "entry_policy": "vwap_low",
      "feature_group": "all_no_ak",
      "model_name": "random_forest_600_d4",
      "target_hit_bps": 50.0,
      "trades": 228,
      "win_rate": 0.75,
      "avg_return": 0.0009496102989306687,
      "median_return": 0.005,
      "compound_return": 0.23002776195049024,
      "max_drawdown": -0.09534386200964806,
      "profit_factor": 1.3432898311892383,
      "windows": 10
    },
    {
      "entry_policy": "vwap_low",
      "feature_group": "reversal_fundamental_regime_sector",
      "model_name": "xgb_d2_200_lr003_mcw5",
      "target_hit_bps": 50.0,
      "trades": 178,
      "win_rate": 0.7415730337078652,
      "avg_return": 0.0011207537699390875,
      "median_return": 0.005,
      "compound_return": 0.2147316282894809,
      "max_drawdown": -0.0818563313596774,
      "profit_factor": 1.4494550989363217,
      "windows": 10
    },
    {
      "entry_policy": "vwap_low",
      "feature_group": "reversal_fundamental_regime_sector_external",
      "model_name": "xgb_d2_200_lr003_mcw5",
      "target_hit_bps": 50.0,
      "trades": 178,
      "win_rate": 0.7415730337078652,
      "avg_return": 0.0011207537699390875,
      "median_return": 0.005,
      "compound_return": 0.2147316282894809,
      "max_drawdown": -0.0818563313596774,
      "profit_factor": 1.4494550989363217,
      "windows": 10
    },
    {
      "entry_policy": "vwap_low",
      "feature_group": "all_no_ak",
      "model_name": "xgb_d3_600_lr002_mcw3",
      "target_hit_bps": 50.0,
      "trades": 199,
      "win_rate": 0.7487437185929648,
      "avg_return": 0.0010185729468562142,
      "median_return": 0.005,
      "compound_return": 0.21299111766429357,
      "max_drawdown": -0.13380890046939475,
      "profit_factor": 1.3828094685247185,
      "windows": 10
    },
    {
      "entry_policy": "vwap_low",
      "feature_group": "reversal_fundamental_regime",
      "model_name": "xgb_d3_600_lr002_mcw3",
      "target_hit_bps": 50.0,
      "trades": 156,
      "win_rate": 0.7564102564102564,
      "avg_return": 0.0011263374844166757,
      "median_return": 0.005,
      "compound_return": 0.18217658583029062,
      "max_drawdown": -0.11354988750108985,
      "profit_factor": 1.424948909752025,
      "windows": 10
    },
    {
      "entry_policy": "vwap_low",
      "feature_group": "all_no_ak",
      "model_name": "xgb_d2_200_lr003_mcw5",
      "target_hit_bps": 50.0,
      "trades": 147,
      "win_rate": 0.7210884353741497,
      "avg_return": 0.0011317316979218418,
      "median_return": 0.005,
      "compound_return": 0.17647342196798066,
      "max_drawdown": -0.05238668260316792,
      "profit_factor": 1.467524337856017,
      "windows": 10
    },
    {
      "entry_policy": "vwap_low",
      "feature_group": "reversal_fundamental_regime",
      "model_name": "xgb_d2_200_lr003_mcw5",
      "target_hit_bps": 50.0,
      "trades": 148,
      "win_rate": 0.7432432432432432,
      "avg_return": 0.0011079015539001,
      "median_return": 0.005,
      "compound_return": 0.17289172226628935,
      "max_drawdown": -0.08894533223523782,
      "profit_factor": 1.4279861753018614,
      "windows": 10
    },
    {
      "entry_policy": "vwap_low",
      "feature_group": "reversal_fundamental_regime",
      "model_name": "xgb_d3_400_lr003_mcw3",
      "target_hit_bps": 50.0,
      "trades": 165,
      "win_rate": 0.7333333333333333,
      "avg_return": 0.0009922168917865957,
      "median_return": 0.005,
      "compound_return": 0.16795526785371728,
      "max_drawdown": -0.09578630719138248,
      "profit_factor": 1.3716803606026688,
      "windows": 10
    },
    {
      "entry_policy": "vwap_low",
      "feature_group": "all_no_ak",
      "model_name": "extra_trees_600_d3",
      "target_hit_bps": 50.0,
      "trades": 179,
      "win_rate": 0.7541899441340782,
      "avg_return": 0.0008497865705573798,
      "median_return": 0.005,
      "compound_return": 0.15524014083004367,
      "max_drawdown": -0.12640867056748084,
      "profit_factor": 1.2946002561765708,
      "windows": 10
    },
    {
      "entry_policy": "vwap_low",
      "feature_group": "reversal_fundamental_regime",
      "model_name": "extra_trees_600_d3",
      "target_hit_bps": 50.0,
      "trades": 178,
      "win_rate": 0.7584269662921348,
      "avg_return": 0.0007352024461473104,
      "median_return": 0.005,
      "compound_return": 0.12955429086416448,
      "max_drawdown": -0.13751681618539235,
      "profit_factor": 1.2418057264817621,
      "windows": 10
    },
    {
      "entry_policy": "vwap_low",
      "feature_group": "reversal_fundamental_regime_sector",
      "model_name": "extra_trees_600_d3",
      "target_hit_bps": 50.0,
      "trades": 217,
      "win_rate": 0.7327188940092166,
      "avg_return": 0.0005211276292852685,
      "median_return": 0.005,
      "compound_return": 0.10869576629851707,
      "max_drawdown": -0.11313778669888475,
      "profit_factor": 1.1673250070931156,
      "windows": 10
    },
    {
      "entry_policy": "vwap_low",
      "feature_group": "reversal_fundamental_regime_sector_external",
      "model_name": "extra_trees_600_d3",
      "target_hit_bps": 50.0,
      "trades": 217,
      "win_rate": 0.7327188940092166,
      "avg_return": 0.0005211276292852685,
      "median_return": 0.005,
      "compound_return": 0.10869576629851707,
      "max_drawdown": -0.11313778669888475,
      "profit_factor": 1.1673250070931156,
      "windows": 10
    }
  ]
}

[2026-05-16T17:09:15] RUN search_vwap_low_hit_80bps
  /usr/bin/python3 model_training/search_walk_forward_model_complexity.py --samples /root/stock_realtime_v021_full/saved_data/600919_pipeline_out_v2_new27_full/03_sector/training_samples_with_sector.csv --intraday-bars /root/stock_realtime_v021_full/saved_data/600919_pipeline_out_v2_new27_full/00_base/600919_5m.csv --out-dir /root/stock_realtime_v021_full/saved_data/600919_pipeline_out_v2_new27_full/10_search/search_vwap_low_hit_80bps --round-trip-cost-bps 1.7 --target-hit-bps 80.0 --label-mode hit --entry-policy vwap_low --entry-vwap-premium-bps 50.0 --max-missing 0.35 --groups reversal_fundamental_regime,reversal_fundamental_regime_sector,reversal_fundamental_regime_sector_external,all_no_ak --models xgb_d2_200_lr003_mcw5,xgb_d3_400_lr003_mcw3,xgb_d3_600_lr002_mcw3,xgb_d4_500_lr002_mcw5,lgbm_leaves7_400,lgbm_leaves15_700,extra_trees_600_d3,random_forest_600_d4 --quantiles 0.5,0.6,0.7,0.8 --train-rows 756 --valid-rows 126 --test-rows 63 --min-valid-trades 8 --min-train-entries 80
{
  "rows": 1533,
  "target_hit_bps": 80.0,
  "label_mode": "hit",
  "entry_policy": "vwap_low",
  "entry_vwap_premium_bps": 50.0,
  "groups": {
    "reversal_fundamental_regime": 112,
    "reversal_fundamental_regime_sector": 135,
    "reversal_fundamental_regime_sector_external": 135,
    "all_no_ak": 190
  },
  "models": [
    "xgb_d2_200_lr003_mcw5",
    "xgb_d3_400_lr003_mcw3",
    "xgb_d3_600_lr002_mcw3",
    "xgb_d4_500_lr002_mcw5",
    "extra_trees_600_d3",
    "random_forest_600_d4",
    "lgbm_leaves7_400",
    "lgbm_leaves15_700"
  ],
  "top": [
    {
      "entry_policy": "vwap_low",
      "feature_group": "all_no_ak",
      "model_name": "xgb_d3_400_lr003_mcw3",
      "target_hit_bps": 80.0,
      "trades": 199,
      "win_rate": 0.678391959798995,
      "avg_return": 0.0019548776987409707,
      "median_return": 0.008,
      "compound_return": 0.460411558590619,
      "max_drawdown": -0.07376813084112155,
      "profit_factor": 1.6554948602705122,
      "windows": 10
    },
    {
      "entry_policy": "vwap_low",
      "feature_group": "all_no_ak",
      "model_name": "lgbm_leaves7_400",
      "target_hit_bps": 80.0,
      "trades": 190,
      "win_rate": 0.6894736842105263,
      "avg_return": 0.001805268162686116,
      "median_return": 0.008,
      "compound_return": 0.38929768815723387,
      "max_drawdown": -0.10340663318384935,
      "profit_factor": 1.5449969062626914,
      "windows": 10
    },
    {
      "entry_policy": "vwap_low",
      "feature_group": "reversal_fundamental_regime_sector",
      "model_name": "xgb_d4_500_lr002_mcw5",
      "target_hit_bps": 80.0,
      "trades": 216,
      "win_rate": 0.6620370370370371,
      "avg_return": 0.0015565684926616137,
      "median_return": 0.008,
      "compound_return": 0.3820739348999238,
      "max_drawdown": -0.10185337618868306,
      "profit_factor": 1.483310861625445,
      "windows": 10
    },
    {
      "entry_policy": "vwap_low",
      "feature_group": "reversal_fundamental_regime_sector_external",
      "model_name": "xgb_d4_500_lr002_mcw5",
      "target_hit_bps": 80.0,
      "trades": 216,
      "win_rate": 0.6620370370370371,
      "avg_return": 0.0015565684926616137,
      "median_return": 0.008,
      "compound_return": 0.3820739348999238,
      "max_drawdown": -0.10185337618868306,
      "profit_factor": 1.483310861625445,
      "windows": 10
    },
    {
      "entry_policy": "vwap_low",
      "feature_group": "all_no_ak",
      "model_name": "xgb_d4_500_lr002_mcw5",
      "target_hit_bps": 80.0,
      "trades": 211,
      "win_rate": 0.6540284360189573,
      "avg_return": 0.0015466729170720032,
      "median_return": 0.008,
      "compound_return": 0.37092973576931754,
      "max_drawdown": -0.07644822603013979,
      "profit_factor": 1.486855595460818,
      "windows": 10
    },
    {
      "entry_policy": "vwap_low",
      "feature_group": "all_no_ak",
      "model_name": "lgbm_leaves15_700",
      "target_hit_bps": 80.0,
      "trades": 184,
      "win_rate": 0.6847826086956522,
      "avg_return": 0.00172824347872305,
      "median_return": 0.008,
      "compound_return": 0.35987374048573306,
      "max_drawdown": -0.07376813084112166,
      "profit_factor": 1.5401990873984965,
      "windows": 10
    },
    {
      "entry_policy": "vwap_low",
      "feature_group": "reversal_fundamental_regime_sector",
      "model_name": "xgb_d3_400_lr003_mcw3",
      "target_hit_bps": 80.0,
      "trades": 180,
      "win_rate": 0.6888888888888889,
      "avg_return": 0.0015361976875498907,
      "median_return": 0.008,
      "compound_return": 0.29989783632218714,
      "max_drawdown": -0.09140222748815163,
      "profit_factor": 1.4410720231098113,
      "windows": 10
    },
    {
      "entry_policy": "vwap_low",
      "feature_group": "reversal_fundamental_regime_sector_external",
      "model_name": "xgb_d3_400_lr003_mcw3",
      "target_hit_bps": 80.0,
      "trades": 180,
      "win_rate": 0.6888888888888889,
      "avg_return": 0.0015361976875498907,
      "median_return": 0.008,
      "compound_return": 0.29989783632218714,
      "max_drawdown": -0.09140222748815163,
      "profit_factor": 1.4410720231098113,
      "windows": 10
    },
    {
      "entry_policy": "vwap_low",
      "feature_group": "all_no_ak",
      "model_name": "xgb_d3_600_lr002_mcw3",
      "target_hit_bps": 80.0,
      "trades": 154,
      "win_rate": 0.6623376623376623,
      "avg_return": 0.001563107273041315,
      "median_return": 0.008,
      "compound_return": 0.2606098632623537,
      "max_drawdown": -0.07376813084112155,
      "profit_factor": 1.4591749714994335,
      "windows": 10
    },
    {
      "entry_policy": "vwap_low",
      "feature_group": "reversal_fundamental_regime_sector",
      "model_name": "xgb_d2_200_lr003_mcw5",
      "target_hit_bps": 80.0,
      "trades": 229,
      "win_rate": 0.6768558951965066,
      "avg_return": 0.0009419593195090938,
      "median_return": 0.008,
      "compound_return": 0.21804747899749333,
      "max_drawdown": -0.10238211819070175,
      "profit_factor": 1.238136046135003,
      "windows": 10
    },
    {
      "entry_policy": "vwap_low",
      "feature_group": "reversal_fundamental_regime_sector_external",
      "model_name": "xgb_d2_200_lr003_mcw5",
      "target_hit_bps": 80.0,
      "trades": 229,
      "win_rate": 0.6768558951965066,
      "avg_return": 0.0009419593195090938,
      "median_return": 0.008,
      "compound_return": 0.21804747899749333,
      "max_drawdown": -0.10238211819070175,
      "profit_factor": 1.238136046135003,
      "windows": 10
    },
    {
      "entry_policy": "vwap_low",
      "feature_group": "reversal_fundamental_regime_sector",
      "model_name": "lgbm_leaves7_400",
      "target_hit_bps": 80.0,
      "trades": 209,
      "win_rate": 0.6555023923444976,
      "avg_return": 0.00101252580691013,
      "median_return": 0.008,
      "compound_return": 0.2168515611276074,
      "max_drawdown": -0.0962076642788009,
      "profit_factor": 1.2730012066532015,
      "windows": 10
    },
    {
      "entry_policy": "vwap_low",
      "feature_group": "reversal_fundamental_regime_sector_external",
      "model_name": "lgbm_leaves7_400",
      "target_hit_bps": 80.0,
      "trades": 209,
      "win_rate": 0.6555023923444976,
      "avg_return": 0.00101252580691013,
      "median_return": 0.008,
      "compound_return": 0.2168515611276074,
      "max_drawdown": -0.0962076642788009,
      "profit_factor": 1.2730012066532015,
      "windows": 10
    },
    {
      "entry_policy": "vwap_low",
      "feature_group": "reversal_fundamental_regime",
      "model_name": "xgb_d4_500_lr002_mcw5",
      "target_hit_bps": 80.0,
      "trades": 234,
      "win_rate": 0.6538461538461539,
      "avg_return": 0.0007637319043159817,
      "median_return": 0.008,
      "compound_return": 0.1749140708552761,
      "max_drawdown": -0.1629904317100418,
      "profit_factor": 1.1926802940611763,
      "windows": 10
    },
    {
      "entry_policy": "vwap_low",
      "feature_group": "reversal_fundamental_regime_sector",
      "model_name": "random_forest_600_d4",
      "target_hit_bps": 80.0,
      "trades": 221,
      "win_rate": 0.6380090497737556,
      "avg_return": 0.0007844176042741583,
      "median_return": 0.008,
      "compound_return": 0.16935092400073093,
      "max_drawdown": -0.1157290594031799,
      "profit_factor": 1.1982117213194852,
      "windows": 10
    },
    {
      "entry_policy": "vwap_low",
      "feature_group": "reversal_fundamental_regime_sector_external",
      "model_name": "random_forest_600_d4",
      "target_hit_bps": 80.0,
      "trades": 221,
      "win_rate": 0.6380090497737556,
      "avg_return": 0.0007844176042741583,
      "median_return": 0.008,
      "compound_return": 0.16935092400073093,
      "max_drawdown": -0.1157290594031799,
      "profit_factor": 1.1982117213194852,
      "windows": 10
    },
    {
      "entry_policy": "vwap_low",
      "feature_group": "all_no_ak",
      "model_name": "random_forest_600_d4",
      "target_hit_bps": 80.0,
      "trades": 201,
      "win_rate": 0.6368159203980099,
      "avg_return": 0.0007644819197479808,
      "median_return": 0.008,
      "compound_return": 0.1484119889629878,
      "max_drawdown": -0.10234158133301852,
      "profit_factor": 1.1947321747702444,
      "windows": 10
    },
    {
      "entry_policy": "vwap_low",
      "feature_group": "reversal_fundamental_regime_sector",
      "model_name": "lgbm_leaves15_700",
      "target_hit_bps": 80.0,
      "trades": 189,
      "win_rate": 0.6507936507936508,
      "avg_return": 0.0007809728471028782,
      "median_return": 0.008,
      "compound_return": 0.14134738557367132,
      "max_drawdown": -0.10265269272015809,
      "profit_factor": 1.1936174252133196,
      "windows": 10
    },
    {
      "entry_policy": "vwap_low",
      "feature_group": "reversal_fundamental_regime_sector_external",
      "model_name": "lgbm_leaves15_700",
      "target_hit_bps": 80.0,
      "trades": 189,
      "win_rate": 0.6507936507936508,
      "avg_return": 0.0007809728471028782,
      "median_return": 0.008,
      "compound_return": 0.14134738557367132,
      "max_drawdown": -0.10265269272015809,
      "profit_factor": 1.1936174252133196,
      "windows": 10
    },
    {
      "entry_policy": "vwap_low",
      "feature_group": "reversal_fundamental_regime",
      "model_name": "xgb_d3_400_lr003_mcw3",
      "target_hit_bps": 80.0,
      "trades": 222,
      "win_rate": 0.6531531531531531,
      "avg_return": 0.0006624900691837459,
      "median_return": 0.008,
      "compound_return": 0.13863852477252858,
      "max_drawdown": -0.09562502319218102,
      "profit_factor": 1.1622010309904467,
      "windows": 10
    }
  ]
}

[2026-05-16T17:18:46] RUN search_vwap_low_close_profit_50bps
  /usr/bin/python3 model_training/search_walk_forward_model_complexity.py --samples /root/stock_realtime_v021_full/saved_data/600919_pipeline_out_v2_new27_full/03_sector/training_samples_with_sector.csv --intraday-bars /root/stock_realtime_v021_full/saved_data/600919_pipeline_out_v2_new27_full/00_base/600919_5m.csv --out-dir /root/stock_realtime_v021_full/saved_data/600919_pipeline_out_v2_new27_full/10_search/search_vwap_low_close_profit_50bps --round-trip-cost-bps 1.7 --target-hit-bps 50.0 --label-mode close_profit --entry-policy vwap_low --entry-vwap-premium-bps 50.0 --max-missing 0.35 --groups reversal_fundamental_regime,reversal_fundamental_regime_sector,reversal_fundamental_regime_sector_external,all_no_ak --models xgb_d2_200_lr003_mcw5,xgb_d3_400_lr003_mcw3,xgb_d3_600_lr002_mcw3,xgb_d4_500_lr002_mcw5,lgbm_leaves7_400,lgbm_leaves15_700,extra_trees_600_d3,random_forest_600_d4 --quantiles 0.5,0.6,0.7,0.8 --train-rows 756 --valid-rows 126 --test-rows 63 --min-valid-trades 8 --min-train-entries 80
{
  "rows": 1533,
  "target_hit_bps": 50.0,
  "label_mode": "close_profit",
  "entry_policy": "vwap_low",
  "entry_vwap_premium_bps": 50.0,
  "groups": {
    "reversal_fundamental_regime": 112,
    "reversal_fundamental_regime_sector": 135,
    "reversal_fundamental_regime_sector_external": 135,
    "all_no_ak": 190
  },
  "models": [
    "xgb_d2_200_lr003_mcw5",
    "xgb_d3_400_lr003_mcw3",
    "xgb_d3_600_lr002_mcw3",
    "xgb_d4_500_lr002_mcw5",
    "extra_trees_600_d3",
    "random_forest_600_d4",
    "lgbm_leaves7_400",
    "lgbm_leaves15_700"
  ],
  "top": [
    {
      "entry_policy": "vwap_low",
      "feature_group": "all_no_ak",
      "model_name": "xgb_d4_500_lr002_mcw5",
      "target_hit_bps": 50.0,
      "trades": 207,
      "win_rate": 0.5555555555555556,
      "avg_return": 0.001822039911804625,
      "median_return": 0.001366098310291667,
      "compound_return": 0.4323586977625191,
      "max_drawdown": -0.11032962554158932,
      "profit_factor": 1.47982601379542,
      "windows": 10
    },
    {
      "entry_policy": "vwap_low",
      "feature_group": "reversal_fundamental_regime",
      "model_name": "xgb_d4_500_lr002_mcw5",
      "target_hit_bps": 50.0,
      "trades": 124,
      "win_rate": 0.5887096774193549,
      "avg_return": 0.0029331678896982313,
      "median_return": 0.002025904030682372,
      "compound_return": 0.42719530602017985,
      "max_drawdown": -0.0974424096076204,
      "profit_factor": 2.0251899618937803,
      "windows": 10
    },
    {
      "entry_policy": "vwap_low",
      "feature_group": "reversal_fundamental_regime_sector",
      "model_name": "xgb_d2_200_lr003_mcw5",
      "target_hit_bps": 50.0,
      "trades": 150,
      "win_rate": 0.56,
      "avg_return": 0.002410763439670732,
      "median_return": 0.0014527500098466851,
      "compound_return": 0.41667359531740344,
      "max_drawdown": -0.10456114871550581,
      "profit_factor": 1.700399318116684,
      "windows": 10
    },
    {
      "entry_policy": "vwap_low",
      "feature_group": "reversal_fundamental_regime_sector_external",
      "model_name": "xgb_d2_200_lr003_mcw5",
      "target_hit_bps": 50.0,
      "trades": 150,
      "win_rate": 0.56,
      "avg_return": 0.002410763439670732,
      "median_return": 0.0014527500098466851,
      "compound_return": 0.41667359531740344,
      "max_drawdown": -0.10456114871550581,
      "profit_factor": 1.700399318116684,
      "windows": 10
    },
    {
      "entry_policy": "vwap_low",
      "feature_group": "reversal_fundamental_regime",
      "model_name": "lgbm_leaves15_700",
      "target_hit_bps": 50.0,
      "trades": 164,
      "win_rate": 0.5487804878048781,
      "avg_return": 0.001957176085086536,
      "median_return": 0.0013578847725097577,
      "compound_return": 0.3579800715065997,
      "max_drawdown": -0.1428305905488111,
      "profit_factor": 1.4953885805652687,
      "windows": 10
    },
    {
      "entry_policy": "vwap_low",
      "feature_group": "reversal_fundamental_regime",
      "model_name": "xgb_d3_600_lr002_mcw3",
      "target_hit_bps": 50.0,
      "trades": 142,
      "win_rate": 0.5492957746478874,
      "avg_return": 0.00212833598667725,
      "median_return": 0.0015531589927770852,
      "compound_return": 0.3404395120112589,
      "max_drawdown": -0.09625480936653186,
      "profit_factor": 1.632674349813975,
      "windows": 10
    },
    {
      "entry_policy": "vwap_low",
      "feature_group": "all_no_ak",
      "model_name": "xgb_d2_200_lr003_mcw5",
      "target_hit_bps": 50.0,
      "trades": 206,
      "win_rate": 0.5388349514563107,
      "avg_return": 0.001467556148668765,
      "median_return": 0.0013497884306682452,
      "compound_return": 0.3323020205929359,
      "max_drawdown": -0.10271523135141025,
      "profit_factor": 1.3866181326190474,
      "windows": 10
    },
    {
      "entry_policy": "vwap_low",
      "feature_group": "all_no_ak",
      "model_name": "xgb_d3_600_lr002_mcw3",
      "target_hit_bps": 50.0,
      "trades": 234,
      "win_rate": 0.5598290598290598,
      "avg_return": 0.0011549628976708808,
      "median_return": 0.0014527500098466851,
      "compound_return": 0.2858238751769746,
      "max_drawdown": -0.18104816998008755,
      "profit_factor": 1.2752716527450507,
      "windows": 10
    },
    {
      "entry_policy": "vwap_low",
      "feature_group": "reversal_fundamental_regime",
      "model_name": "xgb_d3_400_lr003_mcw3",
      "target_hit_bps": 50.0,
      "trades": 146,
      "win_rate": 0.5273972602739726,
      "avg_return": 0.001766537132579812,
      "median_return": 0.0012260983289686979,
      "compound_return": 0.27212814456878087,
      "max_drawdown": -0.12283154108417993,
      "profit_factor": 1.4091772464708314,
      "windows": 10
    },
    {
      "entry_policy": "vwap_low",
      "feature_group": "reversal_fundamental_regime_sector",
      "model_name": "lgbm_leaves7_400",
      "target_hit_bps": 50.0,
      "trades": 141,
      "win_rate": 0.5957446808510638,
      "avg_return": 0.001674894757116085,
      "median_return": 0.002532702702702675,
      "compound_return": 0.2531377972096378,
      "max_drawdown": -0.09544324658520975,
      "profit_factor": 1.4384050887120945,
      "windows": 10
    },
    {
      "entry_policy": "vwap_low",
      "feature_group": "reversal_fundamental_regime_sector_external",
      "model_name": "lgbm_leaves7_400",
      "target_hit_bps": 50.0,
      "trades": 141,
      "win_rate": 0.5957446808510638,
      "avg_return": 0.001674894757116085,
      "median_return": 0.002532702702702675,
      "compound_return": 0.2531377972096378,
      "max_drawdown": -0.09544324658520975,
      "profit_factor": 1.4384050887120945,
      "windows": 10
    },
    {
      "entry_policy": "vwap_low",
      "feature_group": "reversal_fundamental_regime",
      "model_name": "extra_trees_600_d3",
      "target_hit_bps": 50.0,
      "trades": 66,
      "win_rate": 0.5909090909090909,
      "avg_return": 0.00339041625787647,
      "median_return": 0.0038219140362302263,
      "compound_return": 0.24554556070711664,
      "max_drawdown": -0.04187750155539005,
      "profit_factor": 2.2940331953603317,
      "windows": 10
    },
    {
      "entry_policy": "vwap_low",
      "feature_group": "all_no_ak",
      "model_name": "xgb_d3_400_lr003_mcw3",
      "target_hit_bps": 50.0,
      "trades": 204,
      "win_rate": 0.5588235294117647,
      "avg_return": 0.001098092847054758,
      "median_return": 0.0013637459392192887,
      "compound_return": 0.2341847909696786,
      "max_drawdown": -0.09312942957786341,
      "profit_factor": 1.2938354236963636,
      "windows": 10
    },
    {
      "entry_policy": "vwap_low",
      "feature_group": "reversal_fundamental_regime",
      "model_name": "random_forest_600_d4",
      "target_hit_bps": 50.0,
      "trades": 131,
      "win_rate": 0.5190839694656488,
      "avg_return": 0.0016878974750308138,
      "median_return": 0.0012227576601671099,
      "compound_return": 0.2313954971405181,
      "max_drawdown": -0.10922748717909092,
      "profit_factor": 1.4416529208588555,
      "windows": 10
    },
    {
      "entry_policy": "vwap_low",
      "feature_group": "reversal_fundamental_regime_sector",
      "model_name": "xgb_d3_600_lr002_mcw3",
      "target_hit_bps": 50.0,
      "trades": 172,
      "win_rate": 0.5465116279069767,
      "avg_return": 0.0012735979726081522,
      "median_return": 0.0013578847725097577,
      "compound_return": 0.22910269372597392,
      "max_drawdown": -0.13708865585776187,
      "profit_factor": 1.3339832157097462,
      "windows": 10
    },
    {
      "entry_policy": "vwap_low",
      "feature_group": "reversal_fundamental_regime_sector_external",
      "model_name": "xgb_d3_600_lr002_mcw3",
      "target_hit_bps": 50.0,
      "trades": 172,
      "win_rate": 0.5465116279069767,
      "avg_return": 0.0012735979726081522,
      "median_return": 0.0013578847725097577,
      "compound_return": 0.22910269372597392,
      "max_drawdown": -0.13708865585776187,
      "profit_factor": 1.3339832157097462,
      "windows": 10
    },
    {
      "entry_policy": "vwap_low",
      "feature_group": "reversal_fundamental_regime",
      "model_name": "xgb_d2_200_lr003_mcw5",
      "target_hit_bps": 50.0,
      "trades": 148,
      "win_rate": 0.4864864864864865,
      "avg_return": 0.0014677327624285517,
      "median_return": -0.00016999999999999999,
      "compound_return": 0.22112081148464968,
      "max_drawdown": -0.0993657788469886,
      "profit_factor": 1.3235594861684175,
      "windows": 10
    },
    {
      "entry_policy": "vwap_low",
      "feature_group": "all_no_ak",
      "model_name": "random_forest_600_d4",
      "target_hit_bps": 50.0,
      "trades": 143,
      "win_rate": 0.5664335664335665,
      "avg_return": 0.0014544641199165148,
      "median_return": 0.00135905198776776,
      "compound_return": 0.2196365101791351,
      "max_drawdown": -0.09643774833097618,
      "profit_factor": 1.3925180335957754,
      "windows": 10
    },
    {
      "entry_policy": "vwap_low",
      "feature_group": "all_no_ak",
      "model_name": "extra_trees_600_d3",
      "target_hit_bps": 50.0,
      "trades": 101,
      "win_rate": 0.5346534653465347,
      "avg_return": 0.0019023248764214267,
      "median_return": 0.001366098310291667,
      "compound_return": 0.20468123333907928,
      "max_drawdown": -0.07787969824453533,
      "profit_factor": 1.5675952604950842,
      "windows": 10
    },
    {
      "entry_policy": "vwap_low",
      "feature_group": "reversal_fundamental_regime_sector",
      "model_name": "random_forest_600_d4",
      "target_hit_bps": 50.0,
      "trades": 129,
      "win_rate": 0.5581395348837209,
      "avg_return": 0.0013502015121063771,
      "median_return": 0.00135905198776776,
      "compound_return": 0.18145133457813456,
      "max_drawdown": -0.0688710290551322,
      "profit_factor": 1.380204715795669,
      "windows": 10
    }
  ]
}

[2026-05-16T17:28:06] RUN search_all_days_hit_50bps
  /usr/bin/python3 model_training/search_walk_forward_model_complexity.py --samples /root/stock_realtime_v021_full/saved_data/600919_pipeline_out_v2_new27_full/03_sector/training_samples_with_sector.csv --intraday-bars /root/stock_realtime_v021_full/saved_data/600919_pipeline_out_v2_new27_full/00_base/600919_5m.csv --out-dir /root/stock_realtime_v021_full/saved_data/600919_pipeline_out_v2_new27_full/10_search/search_all_days_hit_50bps --round-trip-cost-bps 1.7 --target-hit-bps 50.0 --label-mode hit --entry-policy all_days --entry-vwap-premium-bps 50.0 --max-missing 0.35 --groups reversal_fundamental_regime,reversal_fundamental_regime_sector,reversal_fundamental_regime_sector_external,all_no_ak --models xgb_d2_200_lr003_mcw5,xgb_d3_400_lr003_mcw3,xgb_d3_600_lr002_mcw3,xgb_d4_500_lr002_mcw5,lgbm_leaves7_400,lgbm_leaves15_700,extra_trees_600_d3,random_forest_600_d4 --quantiles 0.5,0.6,0.7,0.8 --train-rows 756 --valid-rows 126 --test-rows 63 --min-valid-trades 8 --min-train-entries 80
{
  "rows": 1533,
  "target_hit_bps": 50.0,
  "label_mode": "hit",
  "entry_policy": "all_days",
  "entry_vwap_premium_bps": 50.0,
  "groups": {
    "reversal_fundamental_regime": 112,
    "reversal_fundamental_regime_sector": 135,
    "reversal_fundamental_regime_sector_external": 135,
    "all_no_ak": 190
  },
  "models": [
    "xgb_d2_200_lr003_mcw5",
    "xgb_d3_400_lr003_mcw3",
    "xgb_d3_600_lr002_mcw3",
    "xgb_d4_500_lr002_mcw5",
    "extra_trees_600_d3",
    "random_forest_600_d4",
    "lgbm_leaves7_400",
    "lgbm_leaves15_700"
  ],
  "top": [
    {
      "entry_policy": "all_days",
      "feature_group": "all_no_ak",
      "model_name": "xgb_d3_400_lr003_mcw3",
      "target_hit_bps": 50.0,
      "trades": 171,
      "win_rate": 0.7719298245614035,
      "avg_return": 0.0017853014716296717,
      "median_return": 0.005,
      "compound_return": 0.3518285118236404,
      "max_drawdown": -0.045092225160835775,
      "profit_factor": 1.88723972547625,
      "windows": 10
    },
    {
      "entry_policy": "all_days",
      "feature_group": "reversal_fundamental_regime_sector",
      "model_name": "random_forest_600_d4",
      "target_hit_bps": 50.0,
      "trades": 203,
      "win_rate": 0.7733990147783252,
      "avg_return": 0.0012387233881848952,
      "median_return": 0.005,
      "compound_return": 0.2749687591317418,
      "max_drawdown": -0.07376813084112155,
      "profit_factor": 1.473893713427929,
      "windows": 10
    },
    {
      "entry_policy": "all_days",
      "feature_group": "reversal_fundamental_regime_sector_external",
      "model_name": "random_forest_600_d4",
      "target_hit_bps": 50.0,
      "trades": 203,
      "win_rate": 0.7733990147783252,
      "avg_return": 0.0012387233881848952,
      "median_return": 0.005,
      "compound_return": 0.2749687591317418,
      "max_drawdown": -0.07376813084112155,
      "profit_factor": 1.473893713427929,
      "windows": 10
    },
    {
      "entry_policy": "all_days",
      "feature_group": "all_no_ak",
      "model_name": "lgbm_leaves15_700",
      "target_hit_bps": 50.0,
      "trades": 147,
      "win_rate": 0.7551020408163265,
      "avg_return": 0.0016423883676953542,
      "median_return": 0.005,
      "compound_return": 0.26846921364781196,
      "max_drawdown": -0.041114968600789004,
      "profit_factor": 1.7959391700326217,
      "windows": 10
    },
    {
      "entry_policy": "all_days",
      "feature_group": "all_no_ak",
      "model_name": "xgb_d4_500_lr002_mcw5",
      "target_hit_bps": 50.0,
      "trades": 188,
      "win_rate": 0.7446808510638298,
      "avg_return": 0.0012582819126181108,
      "median_return": 0.005,
      "compound_return": 0.25989948322676915,
      "max_drawdown": -0.07203233409423826,
      "profit_factor": 1.518244161709039,
      "windows": 10
    },
    {
      "entry_policy": "all_days",
      "feature_group": "all_no_ak",
      "model_name": "lgbm_leaves7_400",
      "target_hit_bps": 50.0,
      "trades": 155,
      "win_rate": 0.7483870967741936,
      "avg_return": 0.0014308771640725937,
      "median_return": 0.005,
      "compound_return": 0.24314044021035675,
      "max_drawdown": -0.052587748399002265,
      "profit_factor": 1.6358111653446883,
      "windows": 10
    },
    {
      "entry_policy": "all_days",
      "feature_group": "reversal_fundamental_regime_sector",
      "model_name": "xgb_d4_500_lr002_mcw5",
      "target_hit_bps": 50.0,
      "trades": 152,
      "win_rate": 0.75,
      "avg_return": 0.0014021691876000913,
      "median_return": 0.005,
      "compound_return": 0.23251773687879407,
      "max_drawdown": -0.04054448915376707,
      "profit_factor": 1.6105533172042654,
      "windows": 10
    },
    {
      "entry_policy": "all_days",
      "feature_group": "reversal_fundamental_regime_sector_external",
      "model_name": "xgb_d4_500_lr002_mcw5",
      "target_hit_bps": 50.0,
      "trades": 152,
      "win_rate": 0.75,
      "avg_return": 0.0014021691876000913,
      "median_return": 0.005,
      "compound_return": 0.23251773687879407,
      "max_drawdown": -0.04054448915376707,
      "profit_factor": 1.6105533172042654,
      "windows": 10
    },
    {
      "entry_policy": "all_days",
      "feature_group": "all_no_ak",
      "model_name": "random_forest_600_d4",
      "target_hit_bps": 50.0,
      "trades": 228,
      "win_rate": 0.75,
      "avg_return": 0.0009496102989306687,
      "median_return": 0.005,
      "compound_return": 0.23002776195049024,
      "max_drawdown": -0.09534386200964806,
      "profit_factor": 1.3432898311892383,
      "windows": 10
    },
    {
      "entry_policy": "all_days",
      "feature_group": "reversal_fundamental_regime_sector",
      "model_name": "xgb_d2_200_lr003_mcw5",
      "target_hit_bps": 50.0,
      "trades": 180,
      "win_rate": 0.7444444444444445,
      "avg_return": 0.001163856505828653,
      "median_return": 0.005,
      "compound_return": 0.22690931286308258,
      "max_drawdown": -0.0818563313596774,
      "profit_factor": 1.471984834846529,
      "windows": 10
    },
    {
      "entry_policy": "all_days",
      "feature_group": "reversal_fundamental_regime_sector_external",
      "model_name": "xgb_d2_200_lr003_mcw5",
      "target_hit_bps": 50.0,
      "trades": 180,
      "win_rate": 0.7444444444444445,
      "avg_return": 0.001163856505828653,
      "median_return": 0.005,
      "compound_return": 0.22690931286308258,
      "max_drawdown": -0.0818563313596774,
      "profit_factor": 1.471984834846529,
      "windows": 10
    },
    {
      "entry_policy": "all_days",
      "feature_group": "all_no_ak",
      "model_name": "xgb_d3_600_lr002_mcw3",
      "target_hit_bps": 50.0,
      "trades": 199,
      "win_rate": 0.7487437185929648,
      "avg_return": 0.0010185729468562142,
      "median_return": 0.005,
      "compound_return": 0.21299111766429357,
      "max_drawdown": -0.13380890046939475,
      "profit_factor": 1.3828094685247185,
      "windows": 10
    },
    {
      "entry_policy": "all_days",
      "feature_group": "reversal_fundamental_regime",
      "model_name": "xgb_d3_600_lr002_mcw3",
      "target_hit_bps": 50.0,
      "trades": 156,
      "win_rate": 0.7564102564102564,
      "avg_return": 0.0011263374844166757,
      "median_return": 0.005,
      "compound_return": 0.18217658583029062,
      "max_drawdown": -0.11354988750108985,
      "profit_factor": 1.424948909752025,
      "windows": 10
    },
    {
      "entry_policy": "all_days",
      "feature_group": "all_no_ak",
      "model_name": "xgb_d2_200_lr003_mcw5",
      "target_hit_bps": 50.0,
      "trades": 147,
      "win_rate": 0.7210884353741497,
      "avg_return": 0.0011317316979218418,
      "median_return": 0.005,
      "compound_return": 0.17647342196798066,
      "max_drawdown": -0.05238668260316792,
      "profit_factor": 1.467524337856017,
      "windows": 10
    },
    {
      "entry_policy": "all_days",
      "feature_group": "reversal_fundamental_regime",
      "model_name": "xgb_d2_200_lr003_mcw5",
      "target_hit_bps": 50.0,
      "trades": 148,
      "win_rate": 0.7432432432432432,
      "avg_return": 0.0011079015539001,
      "median_return": 0.005,
      "compound_return": 0.17289172226628935,
      "max_drawdown": -0.08894533223523782,
      "profit_factor": 1.4279861753018614,
      "windows": 10
    },
    {
      "entry_policy": "all_days",
      "feature_group": "reversal_fundamental_regime",
      "model_name": "xgb_d3_400_lr003_mcw3",
      "target_hit_bps": 50.0,
      "trades": 165,
      "win_rate": 0.7333333333333333,
      "avg_return": 0.0009922168917865957,
      "median_return": 0.005,
      "compound_return": 0.16795526785371728,
      "max_drawdown": -0.09578630719138248,
      "profit_factor": 1.3716803606026688,
      "windows": 10
    },
    {
      "entry_policy": "all_days",
      "feature_group": "all_no_ak",
      "model_name": "extra_trees_600_d3",
      "target_hit_bps": 50.0,
      "trades": 179,
      "win_rate": 0.7541899441340782,
      "avg_return": 0.0008497865705573798,
      "median_return": 0.005,
      "compound_return": 0.15524014083004367,
      "max_drawdown": -0.12640867056748084,
      "profit_factor": 1.2946002561765708,
      "windows": 10
    },
    {
      "entry_policy": "all_days",
      "feature_group": "reversal_fundamental_regime",
      "model_name": "extra_trees_600_d3",
      "target_hit_bps": 50.0,
      "trades": 178,
      "win_rate": 0.7584269662921348,
      "avg_return": 0.0007352024461473104,
      "median_return": 0.005,
      "compound_return": 0.12955429086416448,
      "max_drawdown": -0.13751681618539235,
      "profit_factor": 1.2418057264817621,
      "windows": 10
    },
    {
      "entry_policy": "all_days",
      "feature_group": "reversal_fundamental_regime_sector",
      "model_name": "xgb_d3_600_lr002_mcw3",
      "target_hit_bps": 50.0,
      "trades": 164,
      "win_rate": 0.7317073170731707,
      "avg_return": 0.0007111733681562386,
      "median_return": 0.005,
      "compound_return": 0.11416064547299887,
      "max_drawdown": -0.12660383592276003,
      "profit_factor": 1.244166335872368,
      "windows": 10
    },
    {
      "entry_policy": "all_days",
      "feature_group": "reversal_fundamental_regime_sector_external",
      "model_name": "xgb_d3_600_lr002_mcw3",
      "target_hit_bps": 50.0,
      "trades": 164,
      "win_rate": 0.7317073170731707,
      "avg_return": 0.0007111733681562386,
      "median_return": 0.005,
      "compound_return": 0.11416064547299887,
      "max_drawdown": -0.12660383592276003,
      "profit_factor": 1.244166335872368,
      "windows": 10
    }
  ]
}

[2026-05-16T17:46:03] RUN search_all_days_hit_80bps
  /usr/bin/python3 model_training/search_walk_forward_model_complexity.py --samples /root/stock_realtime_v021_full/saved_data/600919_pipeline_out_v2_new27_full/03_sector/training_samples_with_sector.csv --intraday-bars /root/stock_realtime_v021_full/saved_data/600919_pipeline_out_v2_new27_full/00_base/600919_5m.csv --out-dir /root/stock_realtime_v021_full/saved_data/600919_pipeline_out_v2_new27_full/10_search/search_all_days_hit_80bps --round-trip-cost-bps 1.7 --target-hit-bps 80.0 --label-mode hit --entry-policy all_days --entry-vwap-premium-bps 50.0 --max-missing 0.35 --groups reversal_fundamental_regime,reversal_fundamental_regime_sector,reversal_fundamental_regime_sector_external,all_no_ak --models xgb_d2_200_lr003_mcw5,xgb_d3_400_lr003_mcw3,xgb_d3_600_lr002_mcw3,xgb_d4_500_lr002_mcw5,lgbm_leaves7_400,lgbm_leaves15_700,extra_trees_600_d3,random_forest_600_d4 --quantiles 0.5,0.6,0.7,0.8 --train-rows 756 --valid-rows 126 --test-rows 63 --min-valid-trades 8 --min-train-entries 80
{
  "rows": 1533,
  "target_hit_bps": 80.0,
  "label_mode": "hit",
  "entry_policy": "all_days",
  "entry_vwap_premium_bps": 50.0,
  "groups": {
    "reversal_fundamental_regime": 112,
    "reversal_fundamental_regime_sector": 135,
    "reversal_fundamental_regime_sector_external": 135,
    "all_no_ak": 190
  },
  "models": [
    "xgb_d2_200_lr003_mcw5",
    "xgb_d3_400_lr003_mcw3",
    "xgb_d3_600_lr002_mcw3",
    "xgb_d4_500_lr002_mcw5",
    "extra_trees_600_d3",
    "random_forest_600_d4",
    "lgbm_leaves7_400",
    "lgbm_leaves15_700"
  ],
  "top": [
    {
      "entry_policy": "all_days",
      "feature_group": "all_no_ak",
      "model_name": "xgb_d3_400_lr003_mcw3",
      "target_hit_bps": 80.0,
      "trades": 199,
      "win_rate": 0.678391959798995,
      "avg_return": 0.0019548776987409707,
      "median_return": 0.008,
      "compound_return": 0.460411558590619,
      "max_drawdown": -0.07376813084112155,
      "profit_factor": 1.6554948602705122,
      "windows": 10
    },
    {
      "entry_policy": "all_days",
      "feature_group": "reversal_fundamental_regime_sector",
      "model_name": "xgb_d4_500_lr002_mcw5",
      "target_hit_bps": 80.0,
      "trades": 218,
      "win_rate": 0.6651376146788991,
      "avg_return": 0.001615682543187654,
      "median_return": 0.008,
      "compound_return": 0.4042755705901562,
      "max_drawdown": -0.10185337618868306,
      "profit_factor": 1.5063106876746226,
      "windows": 10
    },
    {
      "entry_policy": "all_days",
      "feature_group": "reversal_fundamental_regime_sector_external",
      "model_name": "xgb_d4_500_lr002_mcw5",
      "target_hit_bps": 80.0,
      "trades": 218,
      "win_rate": 0.6651376146788991,
      "avg_return": 0.001615682543187654,
      "median_return": 0.008,
      "compound_return": 0.4042755705901562,
      "max_drawdown": -0.10185337618868306,
      "profit_factor": 1.5063106876746226,
      "windows": 10
    },
    {
      "entry_policy": "all_days",
      "feature_group": "all_no_ak",
      "model_name": "lgbm_leaves7_400",
      "target_hit_bps": 80.0,
      "trades": 190,
      "win_rate": 0.6894736842105263,
      "avg_return": 0.001805268162686116,
      "median_return": 0.008,
      "compound_return": 0.38929768815723387,
      "max_drawdown": -0.10340663318384935,
      "profit_factor": 1.5449969062626914,
      "windows": 10
    },
    {
      "entry_policy": "all_days",
      "feature_group": "all_no_ak",
      "model_name": "xgb_d4_500_lr002_mcw5",
      "target_hit_bps": 80.0,
      "trades": 211,
      "win_rate": 0.6540284360189573,
      "avg_return": 0.0015466729170720032,
      "median_return": 0.008,
      "compound_return": 0.37092973576931754,
      "max_drawdown": -0.07644822603013979,
      "profit_factor": 1.486855595460818,
      "windows": 10
    },
    {
      "entry_policy": "all_days",
      "feature_group": "all_no_ak",
      "model_name": "lgbm_leaves15_700",
      "target_hit_bps": 80.0,
      "trades": 185,
      "win_rate": 0.6864864864864865,
      "avg_return": 0.0017621448653245473,
      "median_return": 0.008,
      "compound_return": 0.370752730409619,
      "max_drawdown": -0.07376813084112166,
      "profit_factor": 1.5537891382984812,
      "windows": 10
    },
    {
      "entry_policy": "all_days",
      "feature_group": "reversal_fundamental_regime_sector",
      "model_name": "xgb_d3_400_lr003_mcw3",
      "target_hit_bps": 80.0,
      "trades": 182,
      "win_rate": 0.6923076923076923,
      "avg_return": 0.0016072284821921996,
      "median_return": 0.008,
      "compound_return": 0.3207793951648672,
      "max_drawdown": -0.09140222748815163,
      "profit_factor": 1.466593739729979,
      "windows": 10
    },
    {
      "entry_policy": "all_days",
      "feature_group": "reversal_fundamental_regime_sector_external",
      "model_name": "xgb_d3_400_lr003_mcw3",
      "target_hit_bps": 80.0,
      "trades": 182,
      "win_rate": 0.6923076923076923,
      "avg_return": 0.0016072284821921996,
      "median_return": 0.008,
      "compound_return": 0.3207793951648672,
      "max_drawdown": -0.09140222748815163,
      "profit_factor": 1.466593739729979,
      "windows": 10
    },
    {
      "entry_policy": "all_days",
      "feature_group": "all_no_ak",
      "model_name": "xgb_d3_600_lr002_mcw3",
      "target_hit_bps": 80.0,
      "trades": 154,
      "win_rate": 0.6623376623376623,
      "avg_return": 0.001563107273041315,
      "median_return": 0.008,
      "compound_return": 0.2606098632623537,
      "max_drawdown": -0.07376813084112155,
      "profit_factor": 1.4591749714994335,
      "windows": 10
    },
    {
      "entry_policy": "all_days",
      "feature_group": "reversal_fundamental_regime_sector",
      "model_name": "xgb_d2_200_lr003_mcw5",
      "target_hit_bps": 80.0,
      "trades": 231,
      "win_rate": 0.6796536796536796,
      "avg_return": 0.0010030678968293615,
      "median_return": 0.008,
      "compound_return": 0.23761419370010928,
      "max_drawdown": -0.10238211819070175,
      "profit_factor": 1.2557995757831648,
      "windows": 10
    },
    {
      "entry_policy": "all_days",
      "feature_group": "reversal_fundamental_regime_sector_external",
      "model_name": "xgb_d2_200_lr003_mcw5",
      "target_hit_bps": 80.0,
      "trades": 231,
      "win_rate": 0.6796536796536796,
      "avg_return": 0.0010030678968293615,
      "median_return": 0.008,
      "compound_return": 0.23761419370010928,
      "max_drawdown": -0.10238211819070175,
      "profit_factor": 1.2557995757831648,
      "windows": 10
    },
    {
      "entry_policy": "all_days",
      "feature_group": "reversal_fundamental_regime_sector",
      "model_name": "lgbm_leaves7_400",
      "target_hit_bps": 80.0,
      "trades": 210,
      "win_rate": 0.6571428571428571,
      "avg_return": 0.0010457994935438913,
      "median_return": 0.008,
      "compound_return": 0.22658637361662826,
      "max_drawdown": -0.0962076642788009,
      "profit_factor": 1.2833217405911181,
      "windows": 10
    },
    {
      "entry_policy": "all_days",
      "feature_group": "reversal_fundamental_regime_sector_external",
      "model_name": "lgbm_leaves7_400",
      "target_hit_bps": 80.0,
      "trades": 210,
      "win_rate": 0.6571428571428571,
      "avg_return": 0.0010457994935438913,
      "median_return": 0.008,
      "compound_return": 0.22658637361662826,
      "max_drawdown": -0.0962076642788009,
      "profit_factor": 1.2833217405911181,
      "windows": 10
    },
    {
      "entry_policy": "all_days",
      "feature_group": "reversal_fundamental_regime",
      "model_name": "xgb_d4_500_lr002_mcw5",
      "target_hit_bps": 80.0,
      "trades": 236,
      "win_rate": 0.6567796610169492,
      "avg_return": 0.0008250562102116091,
      "median_return": 0.008,
      "compound_return": 0.1937878904894954,
      "max_drawdown": -0.1629904317100418,
      "profit_factor": 1.2099307465916982,
      "windows": 10
    },
    {
      "entry_policy": "all_days",
      "feature_group": "reversal_fundamental_regime_sector",
      "model_name": "random_forest_600_d4",
      "target_hit_bps": 80.0,
      "trades": 221,
      "win_rate": 0.6380090497737556,
      "avg_return": 0.0007844176042741583,
      "median_return": 0.008,
      "compound_return": 0.16935092400073093,
      "max_drawdown": -0.1157290594031799,
      "profit_factor": 1.1982117213194852,
      "windows": 10
    },
    {
      "entry_policy": "all_days",
      "feature_group": "reversal_fundamental_regime_sector_external",
      "model_name": "random_forest_600_d4",
      "target_hit_bps": 80.0,
      "trades": 221,
      "win_rate": 0.6380090497737556,
      "avg_return": 0.0007844176042741583,
      "median_return": 0.008,
      "compound_return": 0.16935092400073093,
      "max_drawdown": -0.1157290594031799,
      "profit_factor": 1.1982117213194852,
      "windows": 10
    },
    {
      "entry_policy": "all_days",
      "feature_group": "reversal_fundamental_regime_sector",
      "model_name": "lgbm_leaves15_700",
      "target_hit_bps": 80.0,
      "trades": 190,
      "win_rate": 0.6526315789473685,
      "avg_return": 0.0008189677268549683,
      "median_return": 0.008,
      "compound_return": 0.1504781646582607,
      "max_drawdown": -0.10265269272015809,
      "profit_factor": 1.2041113195916942,
      "windows": 10
    },
    {
      "entry_policy": "all_days",
      "feature_group": "reversal_fundamental_regime_sector_external",
      "model_name": "lgbm_leaves15_700",
      "target_hit_bps": 80.0,
      "trades": 190,
      "win_rate": 0.6526315789473685,
      "avg_return": 0.0008189677268549683,
      "median_return": 0.008,
      "compound_return": 0.1504781646582607,
      "max_drawdown": -0.10265269272015809,
      "profit_factor": 1.2041113195916942,
      "windows": 10
    },
    {
      "entry_policy": "all_days",
      "feature_group": "reversal_fundamental_regime_sector",
      "model_name": "xgb_d3_600_lr002_mcw3",
      "target_hit_bps": 80.0,
      "trades": 221,
      "win_rate": 0.6515837104072398,
      "avg_return": 0.0007067248134090083,
      "median_return": 0.008,
      "compound_return": 0.1495210563892846,
      "max_drawdown": -0.10133850910251951,
      "profit_factor": 1.1770989014498099,
      "windows": 10
    },
    {
      "entry_policy": "all_days",
      "feature_group": "reversal_fundamental_regime_sector_external",
      "model_name": "xgb_d3_600_lr002_mcw3",
      "target_hit_bps": 80.0,
      "trades": 221,
      "win_rate": 0.6515837104072398,
      "avg_return": 0.0007067248134090083,
      "median_return": 0.008,
      "compound_return": 0.1495210563892846,
      "max_drawdown": -0.10133850910251951,
      "profit_factor": 1.1770989014498099,
      "windows": 10
    }
  ]
}

[2026-05-16T17:55:36] RUN search_all_days_close_profit_50bps
  /usr/bin/python3 model_training/search_walk_forward_model_complexity.py --samples /root/stock_realtime_v021_full/saved_data/600919_pipeline_out_v2_new27_full/03_sector/training_samples_with_sector.csv --intraday-bars /root/stock_realtime_v021_full/saved_data/600919_pipeline_out_v2_new27_full/00_base/600919_5m.csv --out-dir /root/stock_realtime_v021_full/saved_data/600919_pipeline_out_v2_new27_full/10_search/search_all_days_close_profit_50bps --round-trip-cost-bps 1.7 --target-hit-bps 50.0 --label-mode close_profit --entry-policy all_days --entry-vwap-premium-bps 50.0 --max-missing 0.35 --groups reversal_fundamental_regime,reversal_fundamental_regime_sector,reversal_fundamental_regime_sector_external,all_no_ak --models xgb_d2_200_lr003_mcw5,xgb_d3_400_lr003_mcw3,xgb_d3_600_lr002_mcw3,xgb_d4_500_lr002_mcw5,lgbm_leaves7_400,lgbm_leaves15_700,extra_trees_600_d3,random_forest_600_d4 --quantiles 0.5,0.6,0.7,0.8 --train-rows 756 --valid-rows 126 --test-rows 63 --min-valid-trades 8 --min-train-entries 80
{
  "rows": 1533,
  "target_hit_bps": 50.0,
  "label_mode": "close_profit",
  "entry_policy": "all_days",
  "entry_vwap_premium_bps": 50.0,
  "groups": {
    "reversal_fundamental_regime": 112,
    "reversal_fundamental_regime_sector": 135,
    "reversal_fundamental_regime_sector_external": 135,
    "all_no_ak": 190
  },
  "models": [
    "xgb_d2_200_lr003_mcw5",
    "xgb_d3_400_lr003_mcw3",
    "xgb_d3_600_lr002_mcw3",
    "xgb_d4_500_lr002_mcw5",
    "extra_trees_600_d3",
    "random_forest_600_d4",
    "lgbm_leaves7_400",
    "lgbm_leaves15_700"
  ],
  "top": [
    {
      "entry_policy": "all_days",
      "feature_group": "all_no_ak",
      "model_name": "xgb_d4_500_lr002_mcw5",
      "target_hit_bps": 50.0,
      "trades": 209,
      "win_rate": 0.5550239234449761,
      "avg_return": 0.0018121028456840836,
      "median_return": 0.001366098310291667,
      "compound_return": 0.43452624720395616,
      "max_drawdown": -0.11032962554158932,
      "profit_factor": 1.4778056182305226,
      "windows": 10
    },
    {
      "entry_policy": "all_days",
      "feature_group": "reversal_fundamental_regime",
      "model_name": "xgb_d4_500_lr002_mcw5",
      "target_hit_bps": 50.0,
      "trades": 126,
      "win_rate": 0.5873015873015873,
      "avg_return": 0.002899048026404735,
      "median_return": 0.002025904030682372,
      "compound_return": 0.42935504184139384,
      "max_drawdown": -0.0974424096076204,
      "profit_factor": 2.0107925331869136,
      "windows": 10
    },
    {
      "entry_policy": "all_days",
      "feature_group": "reversal_fundamental_regime_sector",
      "model_name": "xgb_d2_200_lr003_mcw5",
      "target_hit_bps": 50.0,
      "trades": 152,
      "win_rate": 0.5592105263157895,
      "avg_return": 0.002389353611546222,
      "median_return": 0.0014527500098466851,
      "compound_return": 0.4188174089201171,
      "max_drawdown": -0.10456114871550581,
      "profit_factor": 1.6945510260427266,
      "windows": 10
    },
    {
      "entry_policy": "all_days",
      "feature_group": "reversal_fundamental_regime_sector_external",
      "model_name": "xgb_d2_200_lr003_mcw5",
      "target_hit_bps": 50.0,
      "trades": 152,
      "win_rate": 0.5592105263157895,
      "avg_return": 0.002389353611546222,
      "median_return": 0.0014527500098466851,
      "compound_return": 0.4188174089201171,
      "max_drawdown": -0.10456114871550581,
      "profit_factor": 1.6945510260427266,
      "windows": 10
    },
    {
      "entry_policy": "all_days",
      "feature_group": "reversal_fundamental_regime",
      "model_name": "lgbm_leaves15_700",
      "target_hit_bps": 50.0,
      "trades": 165,
      "win_rate": 0.5515151515151515,
      "avg_return": 0.0019948359665940586,
      "median_return": 0.00135905198776776,
      "compound_return": 0.36907620344269154,
      "max_drawdown": -0.1428305905488111,
      "profit_factor": 1.5079996076392785,
      "windows": 10
    },
    {
      "entry_policy": "all_days",
      "feature_group": "reversal_fundamental_regime",
      "model_name": "xgb_d3_600_lr002_mcw3",
      "target_hit_bps": 50.0,
      "trades": 146,
      "win_rate": 0.547945205479452,
      "avg_return": 0.0021437248738204817,
      "median_return": 0.0015531589927770852,
      "compound_return": 0.3548069841046364,
      "max_drawdown": -0.09640844604893961,
      "profit_factor": 1.6460385373427509,
      "windows": 10
    },
    {
      "entry_policy": "all_days",
      "feature_group": "all_no_ak",
      "model_name": "xgb_d2_200_lr003_mcw5",
      "target_hit_bps": 50.0,
      "trades": 206,
      "win_rate": 0.5388349514563107,
      "avg_return": 0.001467556148668765,
      "median_return": 0.0013497884306682452,
      "compound_return": 0.3323020205929359,
      "max_drawdown": -0.10271523135141025,
      "profit_factor": 1.3866181326190474,
      "windows": 10
    },
    {
      "entry_policy": "all_days",
      "feature_group": "all_no_ak",
      "model_name": "xgb_d3_600_lr002_mcw3",
      "target_hit_bps": 50.0,
      "trades": 236,
      "win_rate": 0.559322033898305,
      "avg_return": 0.0011518158943195002,
      "median_return": 0.0014527500098466851,
      "compound_return": 0.28776967745874926,
      "max_drawdown": -0.18104816998008755,
      "profit_factor": 1.2750180997267526,
      "windows": 10
    },
    {
      "entry_policy": "all_days",
      "feature_group": "reversal_fundamental_regime",
      "model_name": "xgb_d3_400_lr003_mcw3",
      "target_hit_bps": 50.0,
      "trades": 149,
      "win_rate": 0.5302013422818792,
      "avg_return": 0.0018043257907803584,
      "median_return": 0.0012504545454545858,
      "compound_return": 0.28598203968549707,
      "max_drawdown": -0.11461871063815543,
      "profit_factor": 1.4220954784449473,
      "windows": 10
    },
    {
      "entry_policy": "all_days",
      "feature_group": "reversal_fundamental_regime_sector",
      "model_name": "lgbm_leaves7_400",
      "target_hit_bps": 50.0,
      "trades": 143,
      "win_rate": 0.5944055944055944,
      "avg_return": 0.0016624293269775102,
      "median_return": 0.002532702702702675,
      "compound_return": 0.2550341365390447,
      "max_drawdown": -0.09544324658520975,
      "profit_factor": 1.435969813391204,
      "windows": 10
    },
    {
      "entry_policy": "all_days",
      "feature_group": "reversal_fundamental_regime_sector_external",
      "model_name": "lgbm_leaves7_400",
      "target_hit_bps": 50.0,
      "trades": 143,
      "win_rate": 0.5944055944055944,
      "avg_return": 0.0016624293269775102,
      "median_return": 0.002532702702702675,
      "compound_return": 0.2550341365390447,
      "max_drawdown": -0.09544324658520975,
      "profit_factor": 1.435969813391204,
      "windows": 10
    },
    {
      "entry_policy": "all_days",
      "feature_group": "reversal_fundamental_regime",
      "model_name": "random_forest_600_d4",
      "target_hit_bps": 50.0,
      "trades": 133,
      "win_rate": 0.5263157894736842,
      "avg_return": 0.0017943497310381144,
      "median_return": 0.0012504545454545858,
      "compound_return": 0.25308092559140616,
      "max_drawdown": -0.10523032056962833,
      "profit_factor": 1.4766751179488171,
      "windows": 10
    },
    {
      "entry_policy": "all_days",
      "feature_group": "reversal_fundamental_regime",
      "model_name": "extra_trees_600_d3",
      "target_hit_bps": 50.0,
      "trades": 66,
      "win_rate": 0.5909090909090909,
      "avg_return": 0.00339041625787647,
      "median_return": 0.0038219140362302263,
      "compound_return": 0.24554556070711664,
      "max_drawdown": -0.04187750155539005,
      "profit_factor": 2.2940331953603317,
      "windows": 10
    },
    {
      "entry_policy": "all_days",
      "feature_group": "all_no_ak",
      "model_name": "xgb_d3_400_lr003_mcw3",
      "target_hit_bps": 50.0,
      "trades": 205,
      "win_rate": 0.5609756097560976,
      "avg_return": 0.0011325951089414558,
      "median_return": 0.001366098310291667,
      "compound_return": 0.24426938466988224,
      "max_drawdown": -0.09312942957786341,
      "profit_factor": 1.3045534084970112,
      "windows": 10
    },
    {
      "entry_policy": "all_days",
      "feature_group": "reversal_fundamental_regime",
      "model_name": "xgb_d2_200_lr003_mcw5",
      "target_hit_bps": 50.0,
      "trades": 151,
      "win_rate": 0.4900662251655629,
      "avg_return": 0.001553565522108995,
      "median_return": -0.00016999999999999999,
      "compound_return": 0.24241405180003794,
      "max_drawdown": -0.09108778243540117,
      "profit_factor": 1.3493349177331235,
      "windows": 10
    },
    {
      "entry_policy": "all_days",
      "feature_group": "reversal_fundamental_regime_sector",
      "model_name": "xgb_d3_600_lr002_mcw3",
      "target_hit_bps": 50.0,
      "trades": 173,
      "win_rate": 0.5491329479768786,
      "avg_return": 0.0013134676752741617,
      "median_return": 0.00135905198776776,
      "compound_return": 0.2391457613222887,
      "max_drawdown": -0.13708865585776187,
      "profit_factor": 1.3464410357013183,
      "windows": 10
    },
    {
      "entry_policy": "all_days",
      "feature_group": "reversal_fundamental_regime_sector_external",
      "model_name": "xgb_d3_600_lr002_mcw3",
      "target_hit_bps": 50.0,
      "trades": 173,
      "win_rate": 0.5491329479768786,
      "avg_return": 0.0013134676752741617,
      "median_return": 0.00135905198776776,
      "compound_return": 0.2391457613222887,
      "max_drawdown": -0.13708865585776187,
      "profit_factor": 1.3464410357013183,
      "windows": 10
    },
    {
      "entry_policy": "all_days",
      "feature_group": "all_no_ak",
      "model_name": "random_forest_600_d4",
      "target_hit_bps": 50.0,
      "trades": 143,
      "win_rate": 0.5664335664335665,
      "avg_return": 0.0014544641199165148,
      "median_return": 0.00135905198776776,
      "compound_return": 0.2196365101791351,
      "max_drawdown": -0.09643774833097618,
      "profit_factor": 1.3925180335957754,
      "windows": 10
    },
    {
      "entry_policy": "all_days",
      "feature_group": "all_no_ak",
      "model_name": "extra_trees_600_d3",
      "target_hit_bps": 50.0,
      "trades": 101,
      "win_rate": 0.5346534653465347,
      "avg_return": 0.0019023248764214267,
      "median_return": 0.001366098310291667,
      "compound_return": 0.20468123333907928,
      "max_drawdown": -0.07787969824453533,
      "profit_factor": 1.5675952604950842,
      "windows": 10
    },
    {
      "entry_policy": "all_days",
      "feature_group": "reversal_fundamental_regime_sector",
      "model_name": "random_forest_600_d4",
      "target_hit_bps": 50.0,
      "trades": 129,
      "win_rate": 0.5581395348837209,
      "avg_return": 0.0013502015121063771,
      "median_return": 0.00135905198776776,
      "compound_return": 0.18145133457813456,
      "max_drawdown": -0.0688710290551322,
      "profit_factor": 1.380204715795669,
      "windows": 10
    }
  ]
}

[2026-05-16T18:05:01] RUN summarize
  /usr/bin/python3 model_training/summarize_nextday_search_results.py --pipeline-out /root/stock_realtime_v021_full/saved_data/600919_pipeline_out_v2_new27_full --out-dir /root/stock_realtime_v021_full/saved_data/600919_pipeline_out_v2_new27_full/99_summary --excel
{
  "rows": 192,
  "outputs": {
    "final_leaderboard": "/root/stock_realtime_v021_full/saved_data/600919_pipeline_out_v2_new27_full/99_summary/final_leaderboard.csv",
    "best_by_target_top5": "/root/stock_realtime_v021_full/saved_data/600919_pipeline_out_v2_new27_full/99_summary/best_by_target_top5.csv",
    "best_by_entry_policy_top5": "/root/stock_realtime_v021_full/saved_data/600919_pipeline_out_v2_new27_full/99_summary/best_by_entry_policy_top5.csv",
    "excel": "/root/stock_realtime_v021_full/saved_data/600919_pipeline_out_v2_new27_full/99_summary/final_leaderboard.xlsx",
    "summary_manifest": "/root/stock_realtime_v021_full/saved_data/600919_pipeline_out_v2_new27_full/99_summary/summary_manifest.json"
  }
}
=== nextday pipeline end: 2026-05-16T18:05:02 status=ok ===
