============================================================
[603308 ANE LIVE BOARD V2 EXTERNAL FULL SEARCH]
Purpose: test NEW external features only.
Started: 2026-05-13 18:56:01
PYTHON=python3
STOCK_CODE=603308.SH
SAMPLES=saved_data/603308_pipeline_out/04_external/aero_nuclear_equipment_live_board_v2/training_samples_with_aero_nuclear_equipment_external.csv
INTRADAY=saved_data/603308_pipeline_out/00_base/603308_5m.csv
GROUPS=0
MODELS=xgb_d2_200_lr003_mcw5,xgb_d3_400_lr003_mcw3,xgb_d3_300_lr004_mcw3,xgb_d3_600_lr002_mcw3,xgb_d3_800_lr0015_mcw5,xgb_d4_700_lr002_mcw2,xgb_d4_500_lr002_mcw5,xgb_d5_900_lr002_mcw1,extra_trees_600_d3,random_forest_600_d4,lgbm_leaves7_400,lgbm_leaves15_700
SUMMARY_OUT=saved_data/603308_pipeline_out/99_summary_ane_live_board_v2_external_full
LOG_FILE=saved_data/603308_pipeline_out/99_summary_ane_live_board_v2_external_full/logs/external_full_search_20260513_185601.log
============================================================
[1/6] Check input files
[INFO] external validation report quick view
profile= aero_nuclear_equipment
sample_rows= 1537 merged_rows= 1537 feature_cols= 499
used.boards= ['军工装备', '军工电子', '通用设备', '专用设备']
errors= {}
[2/6] Check selected external feature groups exist and are non-empty
dataset rows: 1536
0: 0
[ERROR] feature group is empty or missing: 0
