============================================================
[603308 ANE LIVE BOARD V2 EXTERNAL FULL SEARCH]
Purpose: test NEW external features only.
Started: 2026-05-13 19:03:11
PYTHON=python3
STOCK_CODE=603308.SH
SAMPLES=saved_data/603308_pipeline_out/04_external/aero_nuclear_equipment_live_board_v2/training_samples_with_aero_nuclear_equipment_external.csv
INTRADAY=saved_data/603308_pipeline_out/00_base/603308_5m.csv
FEATURE_GROUPS=stock_external,external,base_reversal_regime_external,reversal_fundamental_regime_external,reversal_fundamental_regime_sector_external,all_no_ak
MODELS=xgb_d2_200_lr003_mcw5,xgb_d3_400_lr003_mcw3,xgb_d3_300_lr004_mcw3,xgb_d3_600_lr002_mcw3,xgb_d3_800_lr0015_mcw5,xgb_d4_700_lr002_mcw2,xgb_d4_500_lr002_mcw5,xgb_d5_900_lr002_mcw1,extra_trees_600_d3,random_forest_600_d4,lgbm_leaves7_400,lgbm_leaves15_700
SUMMARY_OUT=saved_data/603308_pipeline_out/99_summary_ane_live_board_v2_external_full
LOG_FILE=saved_data/603308_pipeline_out/99_summary_ane_live_board_v2_external_full/logs/external_full_search_20260513_190311.log
============================================================
[1/6] Check input files
[INFO] external validation report quick view
profile= aero_nuclear_equipment
sample_rows= 1537 merged_rows= 1537 feature_cols= 499
used.boards= ['军工装备', '军工电子', '通用设备', '专用设备']
errors= {}
[2/6] Check selected external feature groups exist and are non-empty
dataset rows: 1536
stock_external: 410
external: 410
base_reversal_regime_external: 521
reversal_fundamental_regime_external: 547
reversal_fundamental_regime_sector_external: 570
all_no_ak: 625
[3/6] Run external-only full searches
------------------------------------------------------------
[RUN] label=close_profit, target=50bps, entry=all_days
out_dir=saved_data/603308_pipeline_out/05_search_ane_live_board_v2_external_full_close50_all_days
{
  "rows": 1536,
  "target_hit_bps": 50.0,
  "label_mode": "close_profit",
  "entry_policy": "all_days",
  "entry_vwap_premium_bps": 50.0,
  "groups": {
    "stock_external": 410,
    "external": 410,
    "base_reversal_regime_external": 521,
    "reversal_fundamental_regime_external": 547,
    "reversal_fundamental_regime_sector_external": 570,
    "all_no_ak": 625
  },
  "models": [
    "xgb_d2_200_lr003_mcw5",
    "xgb_d3_400_lr003_mcw3",
    "xgb_d3_300_lr004_mcw3",
    "xgb_d3_600_lr002_mcw3",
    "xgb_d3_800_lr0015_mcw5",
    "xgb_d4_700_lr002_mcw2",
    "xgb_d4_500_lr002_mcw5",
    "xgb_d5_900_lr002_mcw1",
    "extra_trees_600_d3",
    "random_forest_600_d4",
    "lgbm_leaves7_400",
    "lgbm_leaves15_700"
  ],
  "top": [
    {
      "entry_policy": "all_days",
      "feature_group": "external",
      "model_name": "random_forest_600_d4",
      "target_hit_bps": 50.0,
      "trades": 156,
      "win_rate": 0.5576923076923077,
      "avg_return": 0.009700501797005422,
      "median_return": 0.004175209832289365,
      "compound_return": 3.038699181680192,
      "max_drawdown": -0.3618741126082372,
      "profit_factor": 1.9710463389820296,
      "windows": 10
    },
    {
      "entry_policy": "all_days",
      "feature_group": "stock_external",
      "model_name": "random_forest_600_d4",
      "target_hit_bps": 50.0,
      "trades": 156,
      "win_rate": 0.5576923076923077,
      "avg_return": 0.009700501797005422,
      "median_return": 0.004175209832289365,
      "compound_return": 3.038699181680192,
      "max_drawdown": -0.3618741126082372,
      "profit_factor": 1.9710463389820296,
      "windows": 10
    },
    {
      "entry_policy": "all_days",
      "feature_group": "reversal_fundamental_regime_sector_external",
      "model_name": "random_forest_600_d4",
      "target_hit_bps": 50.0,
      "trades": 136,
      "win_rate": 0.6176470588235294,
      "avg_return": 0.010585138262969059,
      "median_return": 0.005062360345648779,
      "compound_return": 2.8454658044327483,
      "max_drawdown": -0.3003853902508745,
      "profit_factor": 2.19670401202496,
      "windows": 10
    },
    {
      "entry_policy": "all_days",
      "feature_group": "external",
      "model_name": "extra_trees_600_d3",
      "target_hit_bps": 50.0,
      "trades": 149,
      "win_rate": 0.5570469798657718,
      "avg_return": 0.009839613268835421,
      "median_return": 0.004520706537672451,
      "compound_return": 2.821955404446478,
      "max_drawdown": -0.27493820390835844,
      "profit_factor": 1.8871606976842077,
      "windows": 10
    },
    {
      "entry_policy": "all_days",
      "feature_group": "stock_external",
      "model_name": "extra_trees_600_d3",
      "target_hit_bps": 50.0,
      "trades": 149,
      "win_rate": 0.5570469798657718,
      "avg_return": 0.009839613268835421,
      "median_return": 0.004520706537672451,
      "compound_return": 2.821955404446478,
      "max_drawdown": -0.27493820390835844,
      "profit_factor": 1.8871606976842077,
      "windows": 10
    },
    {
      "entry_policy": "all_days",
      "feature_group": "reversal_fundamental_regime_external",
      "model_name": "random_forest_600_d4",
      "target_hit_bps": 50.0,
      "trades": 138,
      "win_rate": 0.5797101449275363,
      "avg_return": 0.009596354708285426,
      "median_return": 0.004419906137893673,
      "compound_return": 2.424693251446755,
      "max_drawdown": -0.31135286364235604,
      "profit_factor": 2.0524346424165802,
      "windows": 10
    },
    {
      "entry_policy": "all_days",
      "feature_group": "base_reversal_regime_external",
      "model_name": "xgb_d2_200_lr003_mcw5",
      "target_hit_bps": 50.0,
      "trades": 154,
      "win_rate": 0.564935064935065,
      "avg_return": 0.008295000348879656,
      "median_return": 0.0025996995407231473,
      "compound_return": 2.2768362768398007,
      "max_drawdown": -0.28477279052304716,
      "profit_factor": 2.0130072197345457,
      "windows": 10
    },
    {
      "entry_policy": "all_days",
      "feature_group": "reversal_fundamental_regime_external",
      "model_name": "xgb_d3_600_lr002_mcw3",
      "target_hit_bps": 50.0,
      "trades": 178,
      "win_rate": 0.5617977528089888,
      "avg_return": 0.007113187806755318,
      "median_return": 0.0027236128704109,
      "compound_return": 2.2214052373274047,
      "max_drawdown": -0.15041676890971045,
      "profit_factor": 1.8098168490317306,
      "windows": 10
    },
    {
      "entry_policy": "all_days",
      "feature_group": "base_reversal_regime_external",
      "model_name": "extra_trees_600_d3",
      "target_hit_bps": 50.0,
      "trades": 178,
      "win_rate": 0.5617977528089888,
      "avg_return": 0.0069746136878032165,
      "median_return": 0.004006736549563298,
      "compound_return": 2.063675140253287,
      "max_drawdown": -0.3338249209970492,
      "profit_factor": 1.6522771593812913,
      "windows": 10
    },
    {
      "entry_policy": "all_days",
      "feature_group": "reversal_fundamental_regime_external",
      "model_name": "lgbm_leaves15_700",
      "target_hit_bps": 50.0,
      "trades": 218,
      "win_rate": 0.536697247706422,
      "avg_return": 0.005689981721279685,
      "median_return": 0.0018937625076126431,
      "compound_return": 2.0458988966015212,
      "max_drawdown": -0.23570097576456306,
      "profit_factor": 1.5837822510275783,
      "windows": 10
    },
    {
      "entry_policy": "all_days",
      "feature_group": "reversal_fundamental_regime_sector_external",
      "model_name": "xgb_d3_400_lr003_mcw3",
      "target_hit_bps": 50.0,
      "trades": 156,
      "win_rate": 0.5384615384615384,
      "avg_return": 0.007812619484536855,
      "median_return": 0.002052562489269997,
      "compound_return": 2.028774958741823,
      "max_drawdown": -0.29219634739409417,
      "profit_factor": 1.7751342958941765,
      "windows": 10
    },
    {
      "entry_policy": "all_days",
      "feature_group": "base_reversal_regime_external",
      "model_name": "random_forest_600_d4",
      "target_hit_bps": 50.0,
      "trades": 146,
      "win_rate": 0.5821917808219178,
      "avg_return": 0.008140591028659213,
      "median_return": 0.00450962030898561,
      "compound_return": 1.967338435952449,
      "max_drawdown": -0.3423707666972261,
      "profit_factor": 1.786285357948667,
      "windows": 10
    },
    {
      "entry_policy": "all_days",
      "feature_group": "all_no_ak",
      "model_name": "xgb_d2_200_lr003_mcw5",
      "target_hit_bps": 50.0,
      "trades": 166,
      "win_rate": 0.5301204819277109,
      "avg_return": 0.0069735087073139685,
      "median_return": 0.0010641656546507318,
      "compound_return": 1.8971469750566192,
      "max_drawdown": -0.23370142239372216,
      "profit_factor": 1.789402187479148,
      "windows": 10
    },
    {
      "entry_policy": "all_days",
      "feature_group": "reversal_fundamental_regime_external",
      "model_name": "xgb_d2_200_lr003_mcw5",
      "target_hit_bps": 50.0,
      "trades": 185,
      "win_rate": 0.5351351351351351,
      "avg_return": 0.006258993172287376,
      "median_return": 0.001487000828500399,
      "compound_return": 1.880804127567722,
      "max_drawdown": -0.16412837002398784,
      "profit_factor": 1.7026925115321867,
      "windows": 10
    },
    {
      "entry_policy": "all_days",
      "feature_group": "external",
      "model_name": "xgb_d2_200_lr003_mcw5",
      "target_hit_bps": 50.0,
      "trades": 136,
      "win_rate": 0.5073529411764706,
      "avg_return": 0.008375626062097788,
      "median_return": 0.0010351679968470008,
      "compound_return": 1.8714489223622213,
      "max_drawdown": -0.1932352619588723,
      "profit_factor": 1.9288884778699802,
      "windows": 10
    },
    {
      "entry_policy": "all_days",
      "feature_group": "stock_external",
      "model_name": "xgb_d2_200_lr003_mcw5",
      "target_hit_bps": 50.0,
      "trades": 136,
      "win_rate": 0.5073529411764706,
      "avg_return": 0.008375626062097788,
      "median_return": 0.0010351679968470008,
      "compound_return": 1.8714489223622213,
      "max_drawdown": -0.1932352619588723,
      "profit_factor": 1.9288884778699802,
      "windows": 10
    },
    {
      "entry_policy": "all_days",
      "feature_group": "reversal_fundamental_regime_sector_external",
      "model_name": "xgb_d3_600_lr002_mcw3",
      "target_hit_bps": 50.0,
      "trades": 159,
      "win_rate": 0.5283018867924528,
      "avg_return": 0.006909640338340722,
      "median_return": 0.001487000828500399,
      "compound_return": 1.7154317650687263,
      "max_drawdown": -0.206233912514603,
      "profit_factor": 1.7287249835285916,
      "windows": 10
    },
    {
      "entry_policy": "all_days",
      "feature_group": "all_no_ak",
      "model_name": "xgb_d4_500_lr002_mcw5",
      "target_hit_bps": 50.0,
      "trades": 169,
      "win_rate": 0.5502958579881657,
      "avg_return": 0.006359735017116227,
      "median_return": 0.0015050418760469454,
      "compound_return": 1.6810456428981442,
      "max_drawdown": -0.20839024824544716,
      "profit_factor": 1.7117566835216567,
      "windows": 10
    },
    {
      "entry_policy": "all_days",
      "feature_group": "all_no_ak",
      "model_name": "xgb_d3_300_lr004_mcw3",
      "target_hit_bps": 50.0,
      "trades": 162,
      "win_rate": 0.5493827160493827,
      "avg_return": 0.006410292437305002,
      "median_return": 0.002616811508379561,
      "compound_return": 1.5891453498046442,
      "max_drawdown": -0.2053247659209505,
      "profit_factor": 1.7313391187839777,
      "windows": 10
    },
    {
      "entry_policy": "all_days",
      "feature_group": "base_reversal_regime_external",
      "model_name": "lgbm_leaves15_700",
      "target_hit_bps": 50.0,
      "trades": 190,
      "win_rate": 0.5157894736842106,
      "avg_return": 0.005443130985445867,
      "median_return": 0.0011225435695558818,
      "compound_return": 1.5271960853590487,
      "max_drawdown": -0.3075952646122144,
      "profit_factor": 1.5437267727674884,
      "windows": 10
    }
  ]
}
------------------------------------------------------------
[RUN] label=close_profit, target=50bps, entry=vwap_low
out_dir=saved_data/603308_pipeline_out/05_search_ane_live_board_v2_external_full_close50_vwap_low
