=== nextday pipeline start: 2026-05-17T13:04:39 ===
symbol=002128.SZ, out_root=/root/stock_realtime_v021_full/saved_data/002128_pipeline_out_v2_new27_full

[2026-05-17T13:04:39] RUN update_data
  /usr/bin/python3 bootstrap/ashare_xgb_dual_opportunity_regression_baostock_full_v19_compressed_trading_axis.py --mode update_data --symbol 002128 --benchmark_symbol 000300 --daily_start 2018-01-01 --daily_end 2026-05-15 --intraday_start '2018-01-01 09:30:00' --intraday_end '2026-05-15 15:00:00' --output_dir /root/stock_realtime_v021_full/saved_data/002128_pipeline_out_v2_new27_full/00_base --cache_mode incremental --feature_cache_mode incremental --adjust qfq
/root/stock_realtime_v021_full/bootstrap/ashare_fetch_and_train_xgb_sell_signal_baostock_state_cache_helper_fix2.py:246: FutureWarning: The behavior of DataFrame concatenation with empty or all-NA entries is deprecated. In a future version, this will no longer exclude empty or all-NA columns when determining the result dtypes. To retain the old behavior, exclude the relevant entries before the concat operation.
  merged = _normalize_daily_df(pd.concat([df_old, df_new], axis=0, ignore_index=True))
/root/stock_realtime_v021_full/bootstrap/ashare_fetch_and_train_xgb_sell_signal_baostock_state_cache_helper_fix2.py:248: FutureWarning: The behavior of DataFrame concatenation with empty or all-NA entries is deprecated. In a future version, this will no longer exclude empty or all-NA columns when determining the result dtypes. To retain the old behavior, exclude the relevant entries before the concat operation.
  merged = _normalize_intraday_df(pd.concat([df_old, df_new], axis=0, ignore_index=True))
/root/stock_realtime_v021_full/bootstrap/ashare_fetch_and_train_xgb_sell_signal_baostock_state_cache_helper_fix2.py:254: FutureWarning: The behavior of DataFrame concatenation with empty or all-NA entries is deprecated. In a future version, this will no longer exclude empty or all-NA columns when determining the result dtypes. To retain the old behavior, exclude the relevant entries before the concat operation.
  merged = _normalize_bench_df(pd.concat([df_old, df_new], axis=0, ignore_index=True))
/root/stock_realtime_v021_full/bootstrap/ashare_fetch_and_train_xgb_sell_signal_baostock_state_cache_helper_fix2.py:250: FutureWarning: The behavior of DataFrame concatenation with empty or all-NA entries is deprecated. In a future version, this will no longer exclude empty or all-NA columns when determining the result dtypes. To retain the old behavior, exclude the relevant entries before the concat operation.
  merged = _normalize_daily_feature_df(pd.concat([df_old, df_new], axis=0, ignore_index=True))
/root/stock_realtime_v021_full/bootstrap/ashare_fetch_and_train_xgb_sell_signal_baostock_state_cache_helper_fix2.py:252: FutureWarning: The behavior of DataFrame concatenation with empty or all-NA entries is deprecated. In a future version, this will no longer exclude empty or all-NA columns when determining the result dtypes. To retain the old behavior, exclude the relevant entries before the concat operation.
  merged = _normalize_intraday_feature_df(pd.concat([df_old, df_new], axis=0, ignore_index=True))
login success!
logout success!
login success!
logout success!
login success!
logout success!
{
  "mode": "update_data",
  "symbol": "002128",
  "data_source": "baostock",
  "daily_rows": 2027,
  "intraday_rows": 73488,
  "daily_min": "2018-01-02 00:00:00",
  "daily_max": "2026-05-15 00:00:00",
  "intraday_min": "2020-01-02 09:35:00",
  "intraday_max": "2026-05-15 15:00:00",
  "base_paths": {
    "daily_csv": "/root/stock_realtime_v021_full/saved_data/002128_pipeline_out_v2_new27_full/00_base/002128_daily.csv",
    "intraday_csv": "/root/stock_realtime_v021_full/saved_data/002128_pipeline_out_v2_new27_full/00_base/002128_5m.csv",
    "benchmark_csv": "/root/stock_realtime_v021_full/saved_data/002128_pipeline_out_v2_new27_full/00_base/000300_benchmark_daily.csv",
    "raw_daily_cache_csv": "/root/stock_realtime_v021_full/saved_data/002128_pipeline_out_v2_new27_full/00_base/raw_cache/002128_daily_raw.csv",
    "raw_intraday_cache_csv": "/root/stock_realtime_v021_full/saved_data/002128_pipeline_out_v2_new27_full/00_base/raw_cache/002128_5m_raw.csv",
    "raw_benchmark_cache_csv": "/root/stock_realtime_v021_full/saved_data/002128_pipeline_out_v2_new27_full/00_base/raw_cache/000300_benchmark_daily_raw.csv",
    "daily_features_csv": "/root/stock_realtime_v021_full/saved_data/002128_pipeline_out_v2_new27_full/00_base/daily_features.csv",
    "intraday_features_csv": "/root/stock_realtime_v021_full/saved_data/002128_pipeline_out_v2_new27_full/00_base/intraday_features.csv",
    "daily_features_cache_csv": "/root/stock_realtime_v021_full/saved_data/002128_pipeline_out_v2_new27_full/00_base/feature_cache/daily_features_cache.csv",
    "intraday_features_cache_csv": "/root/stock_realtime_v021_full/saved_data/002128_pipeline_out_v2_new27_full/00_base/feature_cache/intraday_features_cache.csv",
    "feature_state_json": "/root/stock_realtime_v021_full/saved_data/002128_pipeline_out_v2_new27_full/00_base/feature_cache/feature_state.json"
  },
  "fetch_logs": {
    "symbol": "002128",
    "benchmark_symbol": "000300",
    "daily_start": "2018-01-01",
    "daily_end": "2026-05-15",
    "intraday_start": "2018-01-01 09:30:00",
    "intraday_end": "2026-05-15 15:00:00",
    "perf_start": "2018-01-01",
    "data_source": "baostock",
    "cache_mode": "incremental",
    "force_refresh": false,
    "raw_cache_dir": "/root/stock_realtime_v021_full/saved_data/002128_pipeline_out_v2_new27_full/00_base/raw_cache",
    "feature_cache_dir": "/root/stock_realtime_v021_full/saved_data/002128_pipeline_out_v2_new27_full/00_base/feature_cache",
    "feature_cache_mode": "incremental",
    "daily": {
      "cache_path": "/root/stock_realtime_v021_full/saved_data/002128_pipeline_out_v2_new27_full/00_base/raw_cache/002128_daily_raw.csv",
      "requested_start": "2018-01-01",
      "requested_end": "2026-05-15",
      "mode": "initial_fetch",
      "fetch_segments": [
        {
          "provider": "baostock",
          "code": "sz.002128",
          "adjustflag": "2",
          "rows": 2027,
          "start": "2018-01-01",
          "end": "2026-05-15"
        }
      ],
      "cache_after": {
        "rows": 2027,
        "min": "2018-01-02 00:00:00",
        "max": "2026-05-15 00:00:00"
      }
    },
    "intraday_5m": {
      "cache_path": "/root/stock_realtime_v021_full/saved_data/002128_pipeline_out_v2_new27_full/00_base/raw_cache/002128_5m_raw.csv",
      "requested_start": "2018-01-01 09:30:00",
      "requested_end": "2026-05-15 15:00:00",
      "mode": "initial_fetch",
      "fetch_segments": [
        {
          "provider": "baostock",
          "code": "sz.002128",
          "adjustflag": "2",
          "requested_start": "2018-01-01 09:30:00",
          "effective_start": "2018-01-01 09:30:00",
          "requested_end": "2026-05-15 15:00:00",
          "rows": 73488
        }
      ],
      "cache_after": {
        "rows": 73488,
        "min": "2020-01-02 09:35:00",
        "max": "2026-05-15 15:00:00"
      }
    },
    "benchmark_daily": {
      "cache_path": "/root/stock_realtime_v021_full/saved_data/002128_pipeline_out_v2_new27_full/00_base/raw_cache/000300_benchmark_daily_raw.csv",
      "requested_start": "2018-01-01",
      "requested_end": "2026-05-15",
      "mode": "initial_fetch",
      "fetch_segments": [
        {
          "provider": "baostock",
          "code": "sh.000300",
          "rows": 2027,
          "start": "2018-01-01",
          "end": "2026-05-15"
        }
      ],
      "cache_after": {
        "rows": 2027,
        "min": "2018-01-02 00:00:00",
        "max": "2026-05-15 00:00:00"
      }
    },
    "feature_build": {
      "mode": "full_rebuild",
      "reason": "feature_cache_missing",
      "daily_cache_after": {
        "rows": 2027,
        "min": "2018-01-02 00:00:00",
        "max": "2026-05-15 00:00:00"
      },
      "intraday_cache_after": {
        "rows": 73488,
        "min": "2020-01-02 09:35:00",
        "max": "2026-05-15 15:00:00"
      },
      "daily_context_days": 260,
      "intraday_context_days": 40,
      "daily_appended_rows": 2027,
      "intraday_appended_rows": 73488
    },
    "feature_state": {
      "daily_feature_max": "2026-05-15 00:00:00",
      "intraday_feature_max": "2026-05-15 15:00:00",
      "daily_context_days": 260,
      "intraday_context_days": 40,
      "feature_build_mode": "full_rebuild"
    }
  }
}

[2026-05-17T13:07:30] RUN samples
  /usr/bin/python3 feature_building/build_nextday_samples_from_baostock.py --daily-features /root/stock_realtime_v021_full/saved_data/002128_pipeline_out_v2_new27_full/00_base/daily_features.csv --intraday-bars /root/stock_realtime_v021_full/saved_data/002128_pipeline_out_v2_new27_full/00_base/002128_5m.csv --out-dir /root/stock_realtime_v021_full/saved_data/002128_pipeline_out_v2_new27_full/01_samples --min-bars 40 --keep-unlabeled-tail
{
  "rows": 1531,
  "date_min": "2020-01-02",
  "date_max": "2026-05-15",
  "out": "/root/stock_realtime_v021_full/saved_data/002128_pipeline_out_v2_new27_full/01_samples/training_samples.csv"
}

[2026-05-17T13:07:31] RUN fundamental
  /usr/bin/python3 feature_building/build_fundamental_features.py --symbol 002128.SZ --daily-samples /root/stock_realtime_v021_full/saved_data/002128_pipeline_out_v2_new27_full/01_samples/training_samples.csv --out-dir /root/stock_realtime_v021_full/saved_data/002128_pipeline_out_v2_new27_full/02_fundamental --start-date 2018-01-01 --end-date 2026-05-15 --fallback-lag-days 120
login success!
logout success!
{
  "rows": 1531,
  "date_min": "2020-01-02",
  "date_max": "2026-05-15",
  "source_errors": [],
  "top_missing_rates": {
    "ak_fund_小单净流入-净额_sum10": 0.9242325277596343,
    "ak_fund_主力净流入-净额_sum10": 0.9242325277596343,
    "ak_fund_主力净流入-净占比_sum10": 0.9242325277596343,
    "ak_fund_涨跌幅_sum10": 0.9242325277596343,
    "ak_fund_收盘价_sum10": 0.9242325277596343,
    "ak_fund_中单净流入-净额_sum10": 0.9242325277596343,
    "ak_fund_中单净流入-净占比_sum10": 0.9242325277596343,
    "ak_fund_小单净流入-净占比_sum10": 0.9242325277596343,
    "ak_fund_超大单净流入-净额_sum10": 0.9242325277596343,
    "ak_fund_大单净流入-净额_sum10": 0.9242325277596343,
    "ak_fund_大单净流入-净占比_sum10": 0.9242325277596343,
    "ak_fund_超大单净流入-净占比_sum10": 0.9242325277596343,
    "ak_fund_涨跌幅_sum5": 0.9229261920313521,
    "ak_fund_主力净流入-净占比_sum5": 0.9229261920313521,
    "ak_fund_主力净流入-净额_sum5": 0.9229261920313521,
    "ak_fund_收盘价_sum5": 0.9229261920313521,
    "ak_fund_超大单净流入-净占比_sum5": 0.9229261920313521,
    "ak_fund_中单净流入-净占比_sum5": 0.9229261920313521,
    "ak_fund_中单净流入-净额_sum5": 0.9229261920313521,
    "ak_fund_小单净流入-净额_sum5": 0.9229261920313521,
    "ak_fund_小单净流入-净占比_sum5": 0.9229261920313521,
    "ak_fund_大单净流入-净占比_sum5": 0.9229261920313521,
    "ak_fund_大单净流入-净额_sum5": 0.9229261920313521,
    "ak_fund_超大单净流入-净额_sum5": 0.9229261920313521,
    "ak_fund_大单净流入-净额": 0.9216198563030699,
    "ak_fund_超大单净流入-净占比": 0.9216198563030699,
    "ak_fund_超大单净流入-净额": 0.9216198563030699,
    "ak_fund_收盘价": 0.9216198563030699,
    "ak_fund_涨跌幅": 0.9216198563030699,
    "ak_fund_中单净流入-净额": 0.9216198563030699
  },
  "valuation_non_null": {
    "peTTM": 1531,
    "pbMRQ": 1531,
    "psTTM": 1531,
    "pcfNcfTTM": 1531
  },
  "future_effective_date_violations": 0,
  "rows_with_quarterly": 1531,
  "sample_rows": 1531,
  "quarterly_raw_rows": 37,
  "quarterly_used_pubDate_rows": 37,
  "quarterly_fallback_rows": 0,
  "elapsed_seconds": 25.243,
  "symbol": "002128",
  "baostock_code": "sz.002128",
  "valuation_rows": 2027,
  "fund_flow_rows": 120,
  "feature_columns": 125,
  "merged_columns": 194,
  "outputs": {
    "daily_valuation": "/root/stock_realtime_v021_full/saved_data/002128_pipeline_out_v2_new27_full/02_fundamental/baostock_daily_valuation.csv",
    "quarterly_fundamentals": "/root/stock_realtime_v021_full/saved_data/002128_pipeline_out_v2_new27_full/02_fundamental/baostock_quarterly_fundamentals_pit.csv",
    "fundamental_features": "/root/stock_realtime_v021_full/saved_data/002128_pipeline_out_v2_new27_full/02_fundamental/fundamental_features.csv",
    "merged_samples": "/root/stock_realtime_v021_full/saved_data/002128_pipeline_out_v2_new27_full/02_fundamental/training_samples_with_fundamentals.csv"
  }
}

[2026-05-17T13:07:57] RUN sector
  /usr/bin/python3 feature_building/build_sector_features.py --samples /root/stock_realtime_v021_full/saved_data/002128_pipeline_out_v2_new27_full/02_fundamental/training_samples_with_fundamentals.csv --out-dir /root/stock_realtime_v021_full/saved_data/002128_pipeline_out_v2_new27_full/03_sector --sector-symbol '煤炭开采加工' --start-date 2018-01-01 --end-date 2026-05-15

  0%|          | 0/9 [00:00<?, ?it/s]
 11%|█         | 1/9 [00:00<00:02,  3.72it/s]
 22%|██▏       | 2/9 [00:00<00:01,  4.03it/s]
 33%|███▎      | 3/9 [00:00<00:01,  4.08it/s]
 44%|████▍     | 4/9 [00:00<00:01,  4.13it/s]
 56%|█████▌    | 5/9 [00:01<00:01,  3.86it/s]
 67%|██████▋   | 6/9 [00:01<00:00,  3.92it/s]
 78%|███████▊  | 7/9 [00:01<00:00,  4.08it/s]
 89%|████████▉ | 8/9 [00:01<00:00,  4.23it/s]
100%|██████████| 9/9 [00:02<00:00,  4.59it/s]
                                             
{
  "sector_symbol": "煤炭开采加工",
  "sector_rows": 2027,
  "sector_date_min": "2018-01-02",
  "sector_date_max": "2026-05-15",
  "sample_rows": 1531,
  "merged_rows": 1531,
  "sector_feature_cols": 23,
  "top_missing": {
    "sector_ret60": 0.039190071848465055,
    "sector_ma60_gap": 0.019595035924232528,
    "stock_vs_sector_ret20": 0.013063357282821686,
    "sector_ret20": 0.013063357282821686,
    "sector_vol20": 0.007184846505551927,
    "sector_ma20_gap": 0.006531678641410843,
    "sector_range_z20": 0.006531678641410843,
    "sector_volume_shock20": 0.006531678641410843,
    "sector_amount_z20": 0.006531678641410843,
    "sector_volume_z20": 0.006531678641410843,
    "sector_amount_shock20": 0.006531678641410843,
    "sector_ret5": 0.0032658393207054214,
    "stock_vs_sector_ret5": 0.0032658393207054214,
    "sector_vs_bench_ret5": 0.0032658393207054214,
    "stock_vs_sector_ret1": 0.0006531678641410843,
    "sector_ret1": 0.0006531678641410843,
    "sector_amount": 0.0,
    "sector_volume": 0.0,
    "sector_close": 0.0,
    "sector_low": 0.0
  },
  "outputs": {
    "sector_index": "/root/stock_realtime_v021_full/saved_data/002128_pipeline_out_v2_new27_full/03_sector/sector_index_ths.csv",
    "sector_features": "/root/stock_realtime_v021_full/saved_data/002128_pipeline_out_v2_new27_full/03_sector/sector_features.csv",
    "merged_samples": "/root/stock_realtime_v021_full/saved_data/002128_pipeline_out_v2_new27_full/03_sector/training_samples_with_sector.csv"
  }
}

[2026-05-17T13:08:02] RUN external_power_utility_rate
  /usr/bin/python3 feature_building/build_stock_external_features.py --samples /root/stock_realtime_v021_full/saved_data/002128_pipeline_out_v2_new27_full/03_sector/training_samples_with_sector.csv --out-dir /root/stock_realtime_v021_full/saved_data/002128_pipeline_out_v2_new27_full/04_external/power_utility_rate --profile power_utility_rate --target-symbol 002128.SZ --start-date 2018-01-01 --end-date 2026-05-15 --adjust qfq --domestic-lag-days 0 --future-lag-days 1 --us-lag-days 1
login success!

  0%|          | 0/9 [00:00<?, ?it/s]
 11%|█         | 1/9 [00:00<00:01,  4.60it/s]
 22%|██▏       | 2/9 [00:00<00:01,  4.54it/s]
 33%|███▎      | 3/9 [00:00<00:01,  4.23it/s]
 44%|████▍     | 4/9 [00:00<00:01,  4.38it/s]
 56%|█████▌    | 5/9 [00:01<00:00,  4.46it/s]
 67%|██████▋   | 6/9 [00:01<00:00,  4.20it/s]
 78%|███████▊  | 7/9 [00:01<00:00,  4.37it/s]
 89%|████████▉ | 8/9 [00:01<00:00,  4.43it/s]
100%|██████████| 9/9 [00:01<00:00,  4.76it/s]
                                             

  0%|          | 0/9 [00:00<?, ?it/s]
 11%|█         | 1/9 [00:00<00:01,  4.64it/s]
 22%|██▏       | 2/9 [00:00<00:01,  4.74it/s]
 33%|███▎      | 3/9 [00:00<00:01,  4.10it/s]
 44%|████▍     | 4/9 [00:00<00:01,  4.25it/s]
 56%|█████▌    | 5/9 [00:01<00:00,  4.23it/s]
 67%|██████▋   | 6/9 [00:01<00:00,  4.23it/s]
 78%|███████▊  | 7/9 [00:01<00:00,  4.20it/s]
 89%|████████▉ | 8/9 [00:01<00:00,  4.18it/s]
100%|██████████| 9/9 [00:02<00:00,  4.55it/s]
                                             
{
  "profile": "power_utility_rate",
  "description": "Utility/power/defensive style proxy for 中国核电",
  "sample_rows": 1531,
  "merged_rows": 1531,
  "raw_rows": 2027,
  "raw_date_min": "2018-01-02",
  "raw_date_max": "2026-05-15",
  "lag_days_legacy": null,
  "lag_policy": {
    "domestic": 0,
    "futures": 1,
    "us": 1
  },
  "enable_us_yf": false,
  "feature_cols": 360,
  "source_meta": {
    "profile": {
      "key": "power_utility_rate",
      "prefix": "pur",
      "description": "Utility/power/defensive style proxy for 中国核电",
      "stocks": [
        "003816",
        "600900",
        "600025",
        "600011",
        "601991",
        "601611"
      ],
      "etfs": [
        "512890",
        "159611",
        "516260"
      ],
      "futures": [
        "ZC0"
      ],
      "boards": [
        "电力",
        "燃气"
      ],
      "us_tickers": []
    },
    "used": {
      "stocks": [
        "003816",
        "600900",
        "600025",
        "600011",
        "601991",
        "601611"
      ],
      "etfs": [
        "512890",
        "159611",
        "516260"
      ],
      "futures": [
        "ZC0"
      ],
      "boards": [
        "电力",
        "燃气"
      ],
      "us_yf": []
    },
    "start_date": "20180101",
    "end_date": "20260515",
    "target_symbol_excluded": "002128",
    "em_sources_used": false,
    "baostock_cache_dir": "/root/stock_realtime_v021_full/saved_data/002128_pipeline_out_v2_new27_full/04_external/power_utility_rate/baostock_external_cache",
    "us_yfinance_enabled": false
  },
  "errors": {},
  "top_missing": {
    "pur_etf_512890_range_pct_ret60": 0.983670803396473,
    "pur_etf_basket_close_ret60": 0.983670803396473,
    "pur_etf_516260_close_ret60": 0.983670803396473,
    "pur_etf_159611_close_ret60": 0.983670803396473,
    "pur_etf_516260_range_pct_ret60": 0.983670803396473,
    "pur_etf_159611_range_pct_ret60": 0.983670803396473,
    "pur_etf_512890_close_ret60": 0.983670803396473,
    "pur_etf_159611_range_pct_z60": 0.9575440888308295,
    "pur_etf_512890_range_pct_ret20": 0.9575440888308295,
    "pur_etf_512890_close_z60": 0.9575440888308295,
    "pur_etf_basket_close_ret20": 0.9575440888308295,
    "pur_etf_159611_range_pct_ret20": 0.9575440888308295,
    "pur_etf_516260_close_ret20": 0.9575440888308295,
    "pur_etf_basket_close_z60": 0.9575440888308295,
    "pur_etf_516260_range_pct_z60": 0.9575440888308295,
    "pur_etf_512890_range_pct_z60": 0.9575440888308295,
    "pur_etf_159611_close_ret20": 0.9575440888308295,
    "pur_etf_512890_close_ret20": 0.9575440888308295,
    "pur_etf_516260_close_z60": 0.9575440888308295,
    "pur_etf_516260_range_pct_ret20": 0.9575440888308295,
    "pur_etf_159611_close_z60": 0.9575440888308295,
    "pur_stock_vs_etf_basket_ret20": 0.9575440888308295,
    "pur_etf_516260_close_vol20": 0.9516655780535598,
    "pur_etf_512890_close_vol20": 0.9516655780535598,
    "pur_etf_159611_close_vol20": 0.9516655780535598,
    "pur_etf_basket_close_vol20": 0.9516655780535598,
    "pur_etf_159611_range_pct_z20": 0.9510124101894187,
    "pur_etf_159611_range_pct_ma20_gap": 0.9510124101894187,
    "pur_etf_516260_close_z20": 0.9510124101894187,
    "pur_etf_159611_volume_z20": 0.9510124101894187,
    "pur_etf_159611_close_z20": 0.9510124101894187,
    "pur_etf_159611_close_ma20_gap": 0.9510124101894187,
    "pur_etf_516260_close_ma20_gap": 0.9510124101894187,
    "pur_etf_516260_range_pct_ma20_gap": 0.9510124101894187,
    "pur_etf_516260_range_pct_z20": 0.9510124101894187,
    "pur_etf_512890_close_ma20_gap": 0.9510124101894187,
    "pur_etf_516260_volume_shock20": 0.9510124101894187,
    "pur_etf_516260_volume_z20": 0.9510124101894187,
    "pur_etf_512890_range_pct_z20": 0.9510124101894187,
    "pur_etf_512890_range_pct_ma20_gap": 0.9510124101894187,
    "pur_etf_basket_close_z20": 0.9510124101894187,
    "pur_etf_512890_volume_shock20": 0.9510124101894187,
    "pur_etf_basket_close_ma20_gap": 0.9510124101894187,
    "pur_etf_512890_volume_z20": 0.9510124101894187,
    "pur_etf_512890_close_z20": 0.9510124101894187,
    "pur_etf_159611_volume_shock20": 0.9510124101894187,
    "pur_etf_512890_range_pct_ret5": 0.9477465708687133,
    "pur_etf_516260_range_pct_ret5": 0.9477465708687133,
    "pur_etf_516260_close_ret5": 0.9477465708687133,
    "pur_etf_basket_close_ret5": 0.9477465708687133
  },
  "outputs": {
    "features": "/root/stock_realtime_v021_full/saved_data/002128_pipeline_out_v2_new27_full/04_external/power_utility_rate/stock_external_features_power_utility_rate.csv",
    "merged_samples": "/root/stock_realtime_v021_full/saved_data/002128_pipeline_out_v2_new27_full/04_external/power_utility_rate/training_samples_with_power_utility_rate_external.csv",
    "report": "/root/stock_realtime_v021_full/saved_data/002128_pipeline_out_v2_new27_full/04_external/power_utility_rate/validation_report.json"
  }
}
logout success!
[INFO] final samples for search: /root/stock_realtime_v021_full/saved_data/002128_pipeline_out_v2_new27_full/04_external/power_utility_rate/training_samples_with_power_utility_rate_external.csv

[2026-05-17T13:08:18] RUN search_vwap_low_hit_50bps
  /usr/bin/python3 model_training/search_walk_forward_model_complexity.py --samples /root/stock_realtime_v021_full/saved_data/002128_pipeline_out_v2_new27_full/04_external/power_utility_rate/training_samples_with_power_utility_rate_external.csv --intraday-bars /root/stock_realtime_v021_full/saved_data/002128_pipeline_out_v2_new27_full/00_base/002128_5m.csv --out-dir /root/stock_realtime_v021_full/saved_data/002128_pipeline_out_v2_new27_full/10_search/search_vwap_low_hit_50bps --round-trip-cost-bps 1.7 --target-hit-bps 50.0 --label-mode hit --entry-policy vwap_low --entry-vwap-premium-bps 50.0 --max-missing 0.35 --groups reversal_fundamental_regime,reversal_fundamental_regime_sector,reversal_fundamental_regime_sector_external,all_no_ak --models xgb_d2_200_lr003_mcw5,xgb_d3_400_lr003_mcw3,xgb_d3_600_lr002_mcw3,xgb_d4_500_lr002_mcw5,lgbm_leaves7_400,lgbm_leaves15_700,extra_trees_600_d3,random_forest_600_d4 --quantiles 0.5,0.6,0.7,0.8 --train-rows 756 --valid-rows 126 --test-rows 63 --min-valid-trades 8 --min-train-entries 80
{
  "rows": 1530,
  "target_hit_bps": 50.0,
  "label_mode": "hit",
  "entry_policy": "vwap_low",
  "entry_vwap_premium_bps": 50.0,
  "groups": {
    "reversal_fundamental_regime": 137,
    "reversal_fundamental_regime_sector": 160,
    "reversal_fundamental_regime_sector_external": 430,
    "all_no_ak": 485
  },
  "models": [
    "xgb_d2_200_lr003_mcw5",
    "xgb_d3_400_lr003_mcw3",
    "xgb_d3_600_lr002_mcw3",
    "xgb_d4_500_lr002_mcw5",
    "extra_trees_600_d3",
    "random_forest_600_d4",
    "lgbm_leaves7_400",
    "lgbm_leaves15_700"
  ],
  "top": [
    {
      "entry_policy": "vwap_low",
      "feature_group": "reversal_fundamental_regime_sector_external",
      "model_name": "lgbm_leaves7_400",
      "target_hit_bps": 50.0,
      "trades": 214,
      "win_rate": 0.7570093457943925,
      "avg_return": 0.0002522395924620419,
      "median_return": 0.005,
      "compound_return": 0.04361101222471642,
      "max_drawdown": -0.1296188259257247,
      "profit_factor": 1.071474126242582,
      "windows": 10
    },
    {
      "entry_policy": "vwap_low",
      "feature_group": "reversal_fundamental_regime",
      "model_name": "xgb_d2_200_lr003_mcw5",
      "target_hit_bps": 50.0,
      "trades": 207,
      "win_rate": 0.7681159420289855,
      "avg_return": 0.00017665923163292645,
      "median_return": 0.005,
      "compound_return": 0.025099471707615617,
      "max_drawdown": -0.1856508801729534,
      "profit_factor": 1.0489737076918983,
      "windows": 10
    },
    {
      "entry_policy": "vwap_low",
      "feature_group": "reversal_fundamental_regime",
      "model_name": "random_forest_600_d4",
      "target_hit_bps": 50.0,
      "trades": 260,
      "win_rate": 0.7807692307692308,
      "avg_return": 0.00012091526294360468,
      "median_return": 0.005,
      "compound_return": 0.01623780419743026,
      "max_drawdown": -0.24849170770941198,
      "profit_factor": 1.03235801231161,
      "windows": 10
    },
    {
      "entry_policy": "vwap_low",
      "feature_group": "reversal_fundamental_regime_sector_external",
      "model_name": "xgb_d3_400_lr003_mcw3",
      "target_hit_bps": 50.0,
      "trades": 246,
      "win_rate": 0.7642276422764228,
      "avg_return": 6.992310217663444e-05,
      "median_return": 0.005,
      "compound_return": 0.0019352157817680293,
      "max_drawdown": -0.16365317154765702,
      "profit_factor": 1.0186401206385214,
      "windows": 10
    },
    {
      "entry_policy": "vwap_low",
      "feature_group": "all_no_ak",
      "model_name": "xgb_d4_500_lr002_mcw5",
      "target_hit_bps": 50.0,
      "trades": 250,
      "win_rate": 0.756,
      "avg_return": 5.967398207402685e-05,
      "median_return": 0.005,
      "compound_return": 0.000983246665750226,
      "max_drawdown": -0.2553867848990615,
      "profit_factor": 1.0160536674163911,
      "windows": 10
    },
    {
      "entry_policy": "vwap_low",
      "feature_group": "reversal_fundamental_regime",
      "model_name": "xgb_d4_500_lr002_mcw5",
      "target_hit_bps": 50.0,
      "trades": 182,
      "win_rate": 0.7637362637362637,
      "avg_return": 4.786862234751073e-06,
      "median_return": 0.005,
      "compound_return": -0.009046418563112946,
      "max_drawdown": -0.20044294348881642,
      "profit_factor": 1.0012771824490625,
      "windows": 10
    },
    {
      "entry_policy": "vwap_low",
      "feature_group": "reversal_fundamental_regime_sector",
      "model_name": "random_forest_600_d4",
      "target_hit_bps": 50.0,
      "trades": 288,
      "win_rate": 0.7569444444444444,
      "avg_return": 2.3487503333392604e-06,
      "median_return": 0.005,
      "compound_return": -0.015489423263743474,
      "max_drawdown": -0.2552382079729303,
      "profit_factor": 1.0006278867075218,
      "windows": 10
    },
    {
      "entry_policy": "vwap_low",
      "feature_group": "reversal_fundamental_regime_sector",
      "model_name": "xgb_d2_200_lr003_mcw5",
      "target_hit_bps": 50.0,
      "trades": 238,
      "win_rate": 0.7521008403361344,
      "avg_return": -3.6866959359305595e-05,
      "median_return": 0.005,
      "compound_return": -0.021849427895991314,
      "max_drawdown": -0.24454945256699934,
      "profit_factor": 0.990160862793131,
      "windows": 10
    },
    {
      "entry_policy": "vwap_low",
      "feature_group": "reversal_fundamental_regime_sector",
      "model_name": "lgbm_leaves15_700",
      "target_hit_bps": 50.0,
      "trades": 183,
      "win_rate": 0.7540983606557377,
      "avg_return": -0.00011586172637005064,
      "median_return": 0.005,
      "compound_return": -0.031763067928462285,
      "max_drawdown": -0.2643779759426862,
      "profit_factor": 0.9698691108954678,
      "windows": 10
    },
    {
      "entry_policy": "vwap_low",
      "feature_group": "reversal_fundamental_regime_sector_external",
      "model_name": "xgb_d4_500_lr002_mcw5",
      "target_hit_bps": 50.0,
      "trades": 211,
      "win_rate": 0.7488151658767772,
      "avg_return": -9.692773281422911e-05,
      "median_return": 0.005,
      "compound_return": -0.03227824737362395,
      "max_drawdown": -0.23720545814312533,
      "profit_factor": 0.9746223017543583,
      "windows": 10
    },
    {
      "entry_policy": "vwap_low",
      "feature_group": "all_no_ak",
      "model_name": "xgb_d3_600_lr002_mcw3",
      "target_hit_bps": 50.0,
      "trades": 232,
      "win_rate": 0.771551724137931,
      "avg_return": -8.522978519633205e-05,
      "median_return": 0.005,
      "compound_return": -0.035521669360658925,
      "max_drawdown": -0.19544256694645912,
      "profit_factor": 0.9783844697415027,
      "windows": 10
    },
    {
      "entry_policy": "vwap_low",
      "feature_group": "all_no_ak",
      "model_name": "lgbm_leaves7_400",
      "target_hit_bps": 50.0,
      "trades": 222,
      "win_rate": 0.7882882882882883,
      "avg_return": -0.00015133526035559814,
      "median_return": 0.005,
      "compound_return": -0.05073931223453665,
      "max_drawdown": -0.2643133388920845,
      "profit_factor": 0.9629915345261477,
      "windows": 10
    },
    {
      "entry_policy": "vwap_low",
      "feature_group": "reversal_fundamental_regime",
      "model_name": "xgb_d3_400_lr003_mcw3",
      "target_hit_bps": 50.0,
      "trades": 260,
      "win_rate": 0.7538461538461538,
      "avg_return": -0.00017213362085780152,
      "median_return": 0.005,
      "compound_return": -0.05747728335764313,
      "max_drawdown": -0.2070306476692353,
      "profit_factor": 0.9556796074471199,
      "windows": 10
    },
    {
      "entry_policy": "vwap_low",
      "feature_group": "reversal_fundamental_regime_sector",
      "model_name": "lgbm_leaves7_400",
      "target_hit_bps": 50.0,
      "trades": 174,
      "win_rate": 0.7241379310344828,
      "avg_return": -0.0003036466872912502,
      "median_return": 0.005,
      "compound_return": -0.059980861964045395,
      "max_drawdown": -0.1862622150657205,
      "profit_factor": 0.9213888267462935,
      "windows": 10
    },
    {
      "entry_policy": "vwap_low",
      "feature_group": "reversal_fundamental_regime_sector_external",
      "model_name": "xgb_d3_600_lr002_mcw3",
      "target_hit_bps": 50.0,
      "trades": 199,
      "win_rate": 0.7386934673366834,
      "avg_return": -0.00026149890336896154,
      "median_return": 0.005,
      "compound_return": -0.06169517973248562,
      "max_drawdown": -0.19543650565010906,
      "profit_factor": 0.9338808759678568,
      "windows": 10
    },
    {
      "entry_policy": "vwap_low",
      "feature_group": "reversal_fundamental_regime_sector_external",
      "model_name": "lgbm_leaves15_700",
      "target_hit_bps": 50.0,
      "trades": 198,
      "win_rate": 0.7575757575757576,
      "avg_return": -0.0002681033761527869,
      "median_return": 0.005,
      "compound_return": -0.06274299452784127,
      "max_drawdown": -0.22410849145703904,
      "profit_factor": 0.9338992714193061,
      "windows": 10
    },
    {
      "entry_policy": "vwap_low",
      "feature_group": "all_no_ak",
      "model_name": "xgb_d2_200_lr003_mcw5",
      "target_hit_bps": 50.0,
      "trades": 254,
      "win_rate": 0.7519685039370079,
      "avg_return": -0.0002861849457861664,
      "median_return": 0.005,
      "compound_return": -0.08615965402906267,
      "max_drawdown": -0.2809037242865896,
      "profit_factor": 0.9287147501847047,
      "windows": 10
    },
    {
      "entry_policy": "vwap_low",
      "feature_group": "reversal_fundamental_regime_sector",
      "model_name": "xgb_d3_600_lr002_mcw3",
      "target_hit_bps": 50.0,
      "trades": 219,
      "win_rate": 0.7488584474885844,
      "avg_return": -0.0003641581150517529,
      "median_return": 0.005,
      "compound_return": -0.08926909043902531,
      "max_drawdown": -0.29466198667678356,
      "profit_factor": 0.9104905224207805,
      "windows": 10
    },
    {
      "entry_policy": "vwap_low",
      "feature_group": "reversal_fundamental_regime_sector",
      "model_name": "extra_trees_600_d3",
      "target_hit_bps": 50.0,
      "trades": 270,
      "win_rate": 0.7777777777777778,
      "avg_return": -0.0002988760061840077,
      "median_return": 0.005,
      "compound_return": -0.09412451794682886,
      "max_drawdown": -0.3001304150847838,
      "profit_factor": 0.9278658860112299,
      "windows": 10
    },
    {
      "entry_policy": "vwap_low",
      "feature_group": "reversal_fundamental_regime_sector_external",
      "model_name": "xgb_d2_200_lr003_mcw5",
      "target_hit_bps": 50.0,
      "trades": 223,
      "win_rate": 0.7443946188340808,
      "avg_return": -0.0004524019523695552,
      "median_return": 0.005,
      "compound_return": -0.10844419177367137,
      "max_drawdown": -0.2595985165015193,
      "profit_factor": 0.8911305551496207,
      "windows": 10
    }
  ]
}

[2026-05-17T13:28:16] RUN search_vwap_low_hit_80bps
  /usr/bin/python3 model_training/search_walk_forward_model_complexity.py --samples /root/stock_realtime_v021_full/saved_data/002128_pipeline_out_v2_new27_full/04_external/power_utility_rate/training_samples_with_power_utility_rate_external.csv --intraday-bars /root/stock_realtime_v021_full/saved_data/002128_pipeline_out_v2_new27_full/00_base/002128_5m.csv --out-dir /root/stock_realtime_v021_full/saved_data/002128_pipeline_out_v2_new27_full/10_search/search_vwap_low_hit_80bps --round-trip-cost-bps 1.7 --target-hit-bps 80.0 --label-mode hit --entry-policy vwap_low --entry-vwap-premium-bps 50.0 --max-missing 0.35 --groups reversal_fundamental_regime,reversal_fundamental_regime_sector,reversal_fundamental_regime_sector_external,all_no_ak --models xgb_d2_200_lr003_mcw5,xgb_d3_400_lr003_mcw3,xgb_d3_600_lr002_mcw3,xgb_d4_500_lr002_mcw5,lgbm_leaves7_400,lgbm_leaves15_700,extra_trees_600_d3,random_forest_600_d4 --quantiles 0.5,0.6,0.7,0.8 --train-rows 756 --valid-rows 126 --test-rows 63 --min-valid-trades 8 --min-train-entries 80
{
  "rows": 1530,
  "target_hit_bps": 80.0,
  "label_mode": "hit",
  "entry_policy": "vwap_low",
  "entry_vwap_premium_bps": 50.0,
  "groups": {
    "reversal_fundamental_regime": 137,
    "reversal_fundamental_regime_sector": 160,
    "reversal_fundamental_regime_sector_external": 430,
    "all_no_ak": 485
  },
  "models": [
    "xgb_d2_200_lr003_mcw5",
    "xgb_d3_400_lr003_mcw3",
    "xgb_d3_600_lr002_mcw3",
    "xgb_d4_500_lr002_mcw5",
    "extra_trees_600_d3",
    "random_forest_600_d4",
    "lgbm_leaves7_400",
    "lgbm_leaves15_700"
  ],
  "top": [
    {
      "entry_policy": "vwap_low",
      "feature_group": "reversal_fundamental_regime",
      "model_name": "lgbm_leaves15_700",
      "target_hit_bps": 80.0,
      "trades": 186,
      "win_rate": 0.7204301075268817,
      "avg_return": 0.0012821853717938883,
      "median_return": 0.008,
      "compound_return": 0.25204858212829606,
      "max_drawdown": -0.12582782561213623,
      "profit_factor": 1.3083439692080363,
      "windows": 10
    },
    {
      "entry_policy": "vwap_low",
      "feature_group": "reversal_fundamental_regime_sector_external",
      "model_name": "random_forest_600_d4",
      "target_hit_bps": 80.0,
      "trades": 276,
      "win_rate": 0.6956521739130435,
      "avg_return": 0.0005515358088749184,
      "median_return": 0.008,
      "compound_return": 0.13396012631312115,
      "max_drawdown": -0.1820483011882421,
      "profit_factor": 1.1149268077430905,
      "windows": 10
    },
    {
      "entry_policy": "vwap_low",
      "feature_group": "reversal_fundamental_regime_sector",
      "model_name": "xgb_d4_500_lr002_mcw5",
      "target_hit_bps": 80.0,
      "trades": 234,
      "win_rate": 0.6837606837606838,
      "avg_return": 0.0004956330938924877,
      "median_return": 0.008,
      "compound_return": 0.09917132938896023,
      "max_drawdown": -0.2744671157219094,
      "profit_factor": 1.104416023185587,
      "windows": 10
    },
    {
      "entry_policy": "vwap_low",
      "feature_group": "reversal_fundamental_regime",
      "model_name": "xgb_d3_400_lr003_mcw3",
      "target_hit_bps": 80.0,
      "trades": 217,
      "win_rate": 0.6820276497695853,
      "avg_return": 0.0005235944693439674,
      "median_return": 0.008,
      "compound_return": 0.09915728863350504,
      "max_drawdown": -0.14272325567058408,
      "profit_factor": 1.1112802566571298,
      "windows": 10
    },
    {
      "entry_policy": "vwap_low",
      "feature_group": "reversal_fundamental_regime",
      "model_name": "xgb_d2_200_lr003_mcw5",
      "target_hit_bps": 80.0,
      "trades": 230,
      "win_rate": 0.691304347826087,
      "avg_return": 0.0004862401152150963,
      "median_return": 0.008,
      "compound_return": 0.09373337541548965,
      "max_drawdown": -0.1803569303140301,
      "profit_factor": 1.1002289381268953,
      "windows": 10
    },
    {
      "entry_policy": "vwap_low",
      "feature_group": "reversal_fundamental_regime",
      "model_name": "random_forest_600_d4",
      "target_hit_bps": 80.0,
      "trades": 277,
      "win_rate": 0.6750902527075813,
      "avg_return": 0.0003991796743318407,
      "median_return": 0.008,
      "compound_return": 0.08941546389681809,
      "max_drawdown": -0.23599194478421293,
      "profit_factor": 1.0830039095420023,
      "windows": 10
    },
    {
      "entry_policy": "vwap_low",
      "feature_group": "reversal_fundamental_regime_sector",
      "model_name": "xgb_d2_200_lr003_mcw5",
      "target_hit_bps": 80.0,
      "trades": 294,
      "win_rate": 0.6938775510204082,
      "avg_return": 0.00038322987674921876,
      "median_return": 0.008,
      "compound_return": 0.08815867362624852,
      "max_drawdown": -0.2917176458249948,
      "profit_factor": 1.0767128784490496,
      "windows": 10
    },
    {
      "entry_policy": "vwap_low",
      "feature_group": "reversal_fundamental_regime_sector",
      "model_name": "xgb_d3_600_lr002_mcw3",
      "target_hit_bps": 80.0,
      "trades": 220,
      "win_rate": 0.6863636363636364,
      "avg_return": 0.0003528308591198205,
      "median_return": 0.008,
      "compound_return": 0.05832530094696353,
      "max_drawdown": -0.27224246129742846,
      "profit_factor": 1.0715935698014722,
      "windows": 10
    },
    {
      "entry_policy": "vwap_low",
      "feature_group": "reversal_fundamental_regime_sector",
      "model_name": "lgbm_leaves15_700",
      "target_hit_bps": 80.0,
      "trades": 193,
      "win_rate": 0.6787564766839378,
      "avg_return": 0.0003725042937542503,
      "median_return": 0.008,
      "compound_return": 0.056137961702872996,
      "max_drawdown": -0.13009036667349572,
      "profit_factor": 1.0757881748852367,
      "windows": 10
    },
    {
      "entry_policy": "vwap_low",
      "feature_group": "all_no_ak",
      "model_name": "xgb_d2_200_lr003_mcw5",
      "target_hit_bps": 80.0,
      "trades": 233,
      "win_rate": 0.6909871244635193,
      "avg_return": 0.0003033985649275287,
      "median_return": 0.008,
      "compound_return": 0.0504077063378614,
      "max_drawdown": -0.2524358800989871,
      "profit_factor": 1.0615714418925004,
      "windows": 10
    },
    {
      "entry_policy": "vwap_low",
      "feature_group": "reversal_fundamental_regime_sector_external",
      "model_name": "xgb_d3_400_lr003_mcw3",
      "target_hit_bps": 80.0,
      "trades": 215,
      "win_rate": 0.7116279069767442,
      "avg_return": 0.00031543750828166254,
      "median_return": 0.008,
      "compound_return": 0.046350560191639856,
      "max_drawdown": -0.2080857922986219,
      "profit_factor": 1.0620250300294864,
      "windows": 10
    },
    {
      "entry_policy": "vwap_low",
      "feature_group": "reversal_fundamental_regime_sector",
      "model_name": "lgbm_leaves7_400",
      "target_hit_bps": 80.0,
      "trades": 180,
      "win_rate": 0.6944444444444444,
      "avg_return": 0.00029126951754257496,
      "median_return": 0.008,
      "compound_return": 0.03543010241189348,
      "max_drawdown": -0.19427461515860234,
      "profit_factor": 1.0580624126840543,
      "windows": 10
    },
    {
      "entry_policy": "vwap_low",
      "feature_group": "reversal_fundamental_regime",
      "model_name": "xgb_d4_500_lr002_mcw5",
      "target_hit_bps": 80.0,
      "trades": 232,
      "win_rate": 0.6724137931034483,
      "avg_return": 0.0002354211518840055,
      "median_return": 0.008,
      "compound_return": 0.03460665756237957,
      "max_drawdown": -0.16980588863181756,
      "profit_factor": 1.0483295793932488,
      "windows": 10
    },
    {
      "entry_policy": "vwap_low",
      "feature_group": "reversal_fundamental_regime_sector_external",
      "model_name": "xgb_d3_600_lr002_mcw3",
      "target_hit_bps": 80.0,
      "trades": 234,
      "win_rate": 0.6837606837606838,
      "avg_return": 0.00022587699370363884,
      "median_return": 0.008,
      "compound_return": 0.030204841989277753,
      "max_drawdown": -0.26609540100261286,
      "profit_factor": 1.045756627239689,
      "windows": 10
    },
    {
      "entry_policy": "vwap_low",
      "feature_group": "reversal_fundamental_regime_sector",
      "model_name": "xgb_d3_400_lr003_mcw3",
      "target_hit_bps": 80.0,
      "trades": 234,
      "win_rate": 0.7008547008547008,
      "avg_return": 0.00021933670777552757,
      "median_return": 0.008,
      "compound_return": 0.027544864249238854,
      "max_drawdown": -0.26642040098780795,
      "profit_factor": 1.0422773839050474,
      "windows": 10
    },
    {
      "entry_policy": "vwap_low",
      "feature_group": "reversal_fundamental_regime",
      "model_name": "xgb_d3_600_lr002_mcw3",
      "target_hit_bps": 80.0,
      "trades": 239,
      "win_rate": 0.6569037656903766,
      "avg_return": 0.00019817971362292268,
      "median_return": 0.008,
      "compound_return": 0.026902181539245618,
      "max_drawdown": -0.19491401085780413,
      "profit_factor": 1.0405678433040844,
      "windows": 10
    },
    {
      "entry_policy": "vwap_low",
      "feature_group": "reversal_fundamental_regime_sector_external",
      "model_name": "xgb_d2_200_lr003_mcw5",
      "target_hit_bps": 80.0,
      "trades": 239,
      "win_rate": 0.702928870292887,
      "avg_return": 0.00016356164270577245,
      "median_return": 0.008,
      "compound_return": 0.013613520687343561,
      "max_drawdown": -0.24964709429834686,
      "profit_factor": 1.031565758176665,
      "windows": 10
    },
    {
      "entry_policy": "vwap_low",
      "feature_group": "reversal_fundamental_regime_sector_external",
      "model_name": "xgb_d4_500_lr002_mcw5",
      "target_hit_bps": 80.0,
      "trades": 249,
      "win_rate": 0.6987951807228916,
      "avg_return": 0.00013211256734060322,
      "median_return": 0.008,
      "compound_return": 0.007298345288401231,
      "max_drawdown": -0.24773268785793534,
      "profit_factor": 1.0257783055737313,
      "windows": 10
    },
    {
      "entry_policy": "vwap_low",
      "feature_group": "all_no_ak",
      "model_name": "random_forest_600_d4",
      "target_hit_bps": 80.0,
      "trades": 332,
      "win_rate": 0.677710843373494,
      "avg_return": 0.00010080483177505652,
      "median_return": 0.008,
      "compound_return": 0.001428406238951574,
      "max_drawdown": -0.2135166277905296,
      "profit_factor": 1.0196507376565342,
      "windows": 10
    },
    {
      "entry_policy": "vwap_low",
      "feature_group": "reversal_fundamental_regime",
      "model_name": "lgbm_leaves7_400",
      "target_hit_bps": 80.0,
      "trades": 247,
      "win_rate": 0.6720647773279352,
      "avg_return": 8.324313768140243e-05,
      "median_return": 0.008,
      "compound_return": -0.00228798804203445,
      "max_drawdown": -0.19101077665156385,
      "profit_factor": 1.0164065483686877,
      "windows": 10
    }
  ]
}

[2026-05-17T13:48:27] RUN search_vwap_low_close_profit_50bps
  /usr/bin/python3 model_training/search_walk_forward_model_complexity.py --samples /root/stock_realtime_v021_full/saved_data/002128_pipeline_out_v2_new27_full/04_external/power_utility_rate/training_samples_with_power_utility_rate_external.csv --intraday-bars /root/stock_realtime_v021_full/saved_data/002128_pipeline_out_v2_new27_full/00_base/002128_5m.csv --out-dir /root/stock_realtime_v021_full/saved_data/002128_pipeline_out_v2_new27_full/10_search/search_vwap_low_close_profit_50bps --round-trip-cost-bps 1.7 --target-hit-bps 50.0 --label-mode close_profit --entry-policy vwap_low --entry-vwap-premium-bps 50.0 --max-missing 0.35 --groups reversal_fundamental_regime,reversal_fundamental_regime_sector,reversal_fundamental_regime_sector_external,all_no_ak --models xgb_d2_200_lr003_mcw5,xgb_d3_400_lr003_mcw3,xgb_d3_600_lr002_mcw3,xgb_d4_500_lr002_mcw5,lgbm_leaves7_400,lgbm_leaves15_700,extra_trees_600_d3,random_forest_600_d4 --quantiles 0.5,0.6,0.7,0.8 --train-rows 756 --valid-rows 126 --test-rows 63 --min-valid-trades 8 --min-train-entries 80
{
  "rows": 1530,
  "target_hit_bps": 50.0,
  "label_mode": "close_profit",
  "entry_policy": "vwap_low",
  "entry_vwap_premium_bps": 50.0,
  "groups": {
    "reversal_fundamental_regime": 137,
    "reversal_fundamental_regime_sector": 160,
    "reversal_fundamental_regime_sector_external": 430,
    "all_no_ak": 485
  },
  "models": [
    "xgb_d2_200_lr003_mcw5",
    "xgb_d3_400_lr003_mcw3",
    "xgb_d3_600_lr002_mcw3",
    "xgb_d4_500_lr002_mcw5",
    "extra_trees_600_d3",
    "random_forest_600_d4",
    "lgbm_leaves7_400",
    "lgbm_leaves15_700"
  ],
  "top": [
    {
      "entry_policy": "vwap_low",
      "feature_group": "all_no_ak",
      "model_name": "random_forest_600_d4",
      "target_hit_bps": 50.0,
      "trades": 195,
      "win_rate": 0.5384615384615384,
      "avg_return": 0.004091147152097624,
      "median_return": 0.0013092899408284654,
      "compound_return": 1.1183360288387227,
      "max_drawdown": -0.23331140010919837,
      "profit_factor": 1.6740684630466542,
      "windows": 10
    },
    {
      "entry_policy": "vwap_low",
      "feature_group": "reversal_fundamental_regime_sector_external",
      "model_name": "extra_trees_600_d3",
      "target_hit_bps": 50.0,
      "trades": 168,
      "win_rate": 0.5476190476190477,
      "avg_return": 0.0041239071380182,
      "median_return": 0.0018911797748056881,
      "compound_return": 0.9319282350312026,
      "max_drawdown": -0.15232835166779102,
      "profit_factor": 1.8200035261024758,
      "windows": 10
    },
    {
      "entry_policy": "vwap_low",
      "feature_group": "reversal_fundamental_regime_sector",
      "model_name": "xgb_d4_500_lr002_mcw5",
      "target_hit_bps": 50.0,
      "trades": 181,
      "win_rate": 0.4972375690607735,
      "avg_return": 0.003442755509801228,
      "median_return": -0.00016999999999999999,
      "compound_return": 0.7833162177675499,
      "max_drawdown": -0.29412679834352595,
      "profit_factor": 1.5324244317967881,
      "windows": 10
    },
    {
      "entry_policy": "vwap_low",
      "feature_group": "reversal_fundamental_regime_sector_external",
      "model_name": "lgbm_leaves7_400",
      "target_hit_bps": 50.0,
      "trades": 202,
      "win_rate": 0.5148514851485149,
      "avg_return": 0.0029946053905321028,
      "median_return": 0.000552831765935239,
      "compound_return": 0.7582428632453171,
      "max_drawdown": -0.17547961689495883,
      "profit_factor": 1.5124735169247632,
      "windows": 10
    },
    {
      "entry_policy": "vwap_low",
      "feature_group": "all_no_ak",
      "model_name": "extra_trees_600_d3",
      "target_hit_bps": 50.0,
      "trades": 177,
      "win_rate": 0.519774011299435,
      "avg_return": 0.0032051734137548845,
      "median_return": 0.0005647538574575818,
      "compound_return": 0.6967051852195973,
      "max_drawdown": -0.186081544691985,
      "profit_factor": 1.5370739545655694,
      "windows": 10
    },
    {
      "entry_policy": "vwap_low",
      "feature_group": "reversal_fundamental_regime_sector_external",
      "model_name": "random_forest_600_d4",
      "target_hit_bps": 50.0,
      "trades": 178,
      "win_rate": 0.5112359550561798,
      "avg_return": 0.0031443827129413733,
      "median_return": 0.000552831765935239,
      "compound_return": 0.6729540647166932,
      "max_drawdown": -0.2385183719201619,
      "profit_factor": 1.4689674534546926,
      "windows": 10
    },
    {
      "entry_policy": "vwap_low",
      "feature_group": "all_no_ak",
      "model_name": "xgb_d2_200_lr003_mcw5",
      "target_hit_bps": 50.0,
      "trades": 199,
      "win_rate": 0.5125628140703518,
      "avg_return": 0.0027105373589456703,
      "median_return": 0.0005483908045975684,
      "compound_return": 0.6477149583339907,
      "max_drawdown": -0.22837621725052515,
      "profit_factor": 1.4465230874726989,
      "windows": 10
    },
    {
      "entry_policy": "vwap_low",
      "feature_group": "reversal_fundamental_regime_sector",
      "model_name": "xgb_d3_600_lr002_mcw3",
      "target_hit_bps": 50.0,
      "trades": 156,
      "win_rate": 0.4807692307692308,
      "avg_return": 0.003411988708170954,
      "median_return": -0.00016999999999999999,
      "compound_return": 0.6323988051912843,
      "max_drawdown": -0.2887379542466272,
      "profit_factor": 1.4909321087423066,
      "windows": 10
    },
    {
      "entry_policy": "vwap_low",
      "feature_group": "all_no_ak",
      "model_name": "xgb_d4_500_lr002_mcw5",
      "target_hit_bps": 50.0,
      "trades": 236,
      "win_rate": 0.5084745762711864,
      "avg_return": 0.0022495130108103317,
      "median_return": 0.00039304880454516314,
      "compound_return": 0.6170626713470557,
      "max_drawdown": -0.2686529411739975,
      "profit_factor": 1.3582512462775678,
      "windows": 10
    },
    {
      "entry_policy": "vwap_low",
      "feature_group": "reversal_fundamental_regime_sector_external",
      "model_name": "xgb_d2_200_lr003_mcw5",
      "target_hit_bps": 50.0,
      "trades": 204,
      "win_rate": 0.5049019607843137,
      "avg_return": 0.002458309034888547,
      "median_return": 0.0004375808965859686,
      "compound_return": 0.5791680607219194,
      "max_drawdown": -0.30682723415337043,
      "profit_factor": 1.3818918289265412,
      "windows": 10
    },
    {
      "entry_policy": "vwap_low",
      "feature_group": "reversal_fundamental_regime_sector",
      "model_name": "lgbm_leaves7_400",
      "target_hit_bps": 50.0,
      "trades": 162,
      "win_rate": 0.4876543209876543,
      "avg_return": 0.0027925174293092943,
      "median_return": -0.00016999999999999999,
      "compound_return": 0.5160991942435842,
      "max_drawdown": -0.2739867693649656,
      "profit_factor": 1.4497671957242486,
      "windows": 10
    },
    {
      "entry_policy": "vwap_low",
      "feature_group": "reversal_fundamental_regime",
      "model_name": "xgb_d2_200_lr003_mcw5",
      "target_hit_bps": 50.0,
      "trades": 137,
      "win_rate": 0.5109489051094891,
      "avg_return": 0.0029655520139653018,
      "median_return": 0.0008406114199091021,
      "compound_return": 0.44708517020381344,
      "max_drawdown": -0.30112006047477546,
      "profit_factor": 1.4299315180296448,
      "windows": 10
    },
    {
      "entry_policy": "vwap_low",
      "feature_group": "reversal_fundamental_regime_sector_external",
      "model_name": "xgb_d3_600_lr002_mcw3",
      "target_hit_bps": 50.0,
      "trades": 211,
      "win_rate": 0.4834123222748815,
      "avg_return": 0.0019620929266743106,
      "median_return": -0.000656144871171601,
      "compound_return": 0.43863881148745687,
      "max_drawdown": -0.34021512741708015,
      "profit_factor": 1.282617751896947,
      "windows": 10
    },
    {
      "entry_policy": "vwap_low",
      "feature_group": "reversal_fundamental_regime_sector_external",
      "model_name": "xgb_d3_400_lr003_mcw3",
      "target_hit_bps": 50.0,
      "trades": 228,
      "win_rate": 0.4824561403508772,
      "avg_return": 0.001736148357065092,
      "median_return": -0.00016999999999999999,
      "compound_return": 0.41240977169164905,
      "max_drawdown": -0.3040839145282882,
      "profit_factor": 1.2597006547345688,
      "windows": 10
    },
    {
      "entry_policy": "vwap_low",
      "feature_group": "reversal_fundamental_regime",
      "model_name": "xgb_d3_600_lr002_mcw3",
      "target_hit_bps": 50.0,
      "trades": 162,
      "win_rate": 0.47530864197530864,
      "avg_return": 0.0022855455148321,
      "median_return": -0.0007527893739429047,
      "compound_return": 0.38980185257681366,
      "max_drawdown": -0.2823903126470325,
      "profit_factor": 1.3156772449895522,
      "windows": 10
    },
    {
      "entry_policy": "vwap_low",
      "feature_group": "reversal_fundamental_regime_sector",
      "model_name": "lgbm_leaves15_700",
      "target_hit_bps": 50.0,
      "trades": 154,
      "win_rate": 0.4805194805194805,
      "avg_return": 0.0022782865791898025,
      "median_return": -0.00016999999999999999,
      "compound_return": 0.37779185297695816,
      "max_drawdown": -0.3148977613907207,
      "profit_factor": 1.378015482007732,
      "windows": 10
    },
    {
      "entry_policy": "vwap_low",
      "feature_group": "all_no_ak",
      "model_name": "xgb_d3_400_lr003_mcw3",
      "target_hit_bps": 50.0,
      "trades": 213,
      "win_rate": 0.4647887323943662,
      "avg_return": 0.0016729917579338814,
      "median_return": -0.0009009941520468044,
      "compound_return": 0.36662165777054434,
      "max_drawdown": -0.24247219759587246,
      "profit_factor": 1.2559330684319039,
      "windows": 10
    },
    {
      "entry_policy": "vwap_low",
      "feature_group": "reversal_fundamental_regime_sector_external",
      "model_name": "lgbm_leaves15_700",
      "target_hit_bps": 50.0,
      "trades": 211,
      "win_rate": 0.4786729857819905,
      "avg_return": 0.001677491346455955,
      "median_return": -0.00016999999999999999,
      "compound_return": 0.36625045739679885,
      "max_drawdown": -0.2267024073757441,
      "profit_factor": 1.267152268647115,
      "windows": 10
    },
    {
      "entry_policy": "vwap_low",
      "feature_group": "reversal_fundamental_regime",
      "model_name": "xgb_d4_500_lr002_mcw5",
      "target_hit_bps": 50.0,
      "trades": 158,
      "win_rate": 0.4936708860759494,
      "avg_return": 0.0021798497248184364,
      "median_return": -0.00016999999999999999,
      "compound_return": 0.36140777787685496,
      "max_drawdown": -0.2823903126470332,
      "profit_factor": 1.3208333383443143,
      "windows": 10
    },
    {
      "entry_policy": "vwap_low",
      "feature_group": "all_no_ak",
      "model_name": "lgbm_leaves7_400",
      "target_hit_bps": 50.0,
      "trades": 206,
      "win_rate": 0.4854368932038835,
      "avg_return": 0.0016880820504571947,
      "median_return": -0.00016999999999999999,
      "compound_return": 0.35881163614798073,
      "max_drawdown": -0.18423674656399736,
      "profit_factor": 1.2600145243842822,
      "windows": 10
    }
  ]
}

[2026-05-17T14:08:51] RUN search_all_days_hit_50bps
  /usr/bin/python3 model_training/search_walk_forward_model_complexity.py --samples /root/stock_realtime_v021_full/saved_data/002128_pipeline_out_v2_new27_full/04_external/power_utility_rate/training_samples_with_power_utility_rate_external.csv --intraday-bars /root/stock_realtime_v021_full/saved_data/002128_pipeline_out_v2_new27_full/00_base/002128_5m.csv --out-dir /root/stock_realtime_v021_full/saved_data/002128_pipeline_out_v2_new27_full/10_search/search_all_days_hit_50bps --round-trip-cost-bps 1.7 --target-hit-bps 50.0 --label-mode hit --entry-policy all_days --entry-vwap-premium-bps 50.0 --max-missing 0.35 --groups reversal_fundamental_regime,reversal_fundamental_regime_sector,reversal_fundamental_regime_sector_external,all_no_ak --models xgb_d2_200_lr003_mcw5,xgb_d3_400_lr003_mcw3,xgb_d3_600_lr002_mcw3,xgb_d4_500_lr002_mcw5,lgbm_leaves7_400,lgbm_leaves15_700,extra_trees_600_d3,random_forest_600_d4 --quantiles 0.5,0.6,0.7,0.8 --train-rows 756 --valid-rows 126 --test-rows 63 --min-valid-trades 8 --min-train-entries 80
{
  "rows": 1530,
  "target_hit_bps": 50.0,
  "label_mode": "hit",
  "entry_policy": "all_days",
  "entry_vwap_premium_bps": 50.0,
  "groups": {
    "reversal_fundamental_regime": 137,
    "reversal_fundamental_regime_sector": 160,
    "reversal_fundamental_regime_sector_external": 430,
    "all_no_ak": 485
  },
  "models": [
    "xgb_d2_200_lr003_mcw5",
    "xgb_d3_400_lr003_mcw3",
    "xgb_d3_600_lr002_mcw3",
    "xgb_d4_500_lr002_mcw5",
    "extra_trees_600_d3",
    "random_forest_600_d4",
    "lgbm_leaves7_400",
    "lgbm_leaves15_700"
  ],
  "top": [
    {
      "entry_policy": "all_days",
      "feature_group": "reversal_fundamental_regime_sector_external",
      "model_name": "lgbm_leaves7_400",
      "target_hit_bps": 50.0,
      "trades": 219,
      "win_rate": 0.7671232876712328,
      "avg_return": 0.0005841016883441246,
      "median_return": 0.005,
      "compound_return": 0.1247329533715611,
      "max_drawdown": -0.12526692005535356,
      "profit_factor": 1.179840037712712,
      "windows": 10
    },
    {
      "entry_policy": "all_days",
      "feature_group": "reversal_fundamental_regime",
      "model_name": "xgb_d2_200_lr003_mcw5",
      "target_hit_bps": 50.0,
      "trades": 223,
      "win_rate": 0.7847533632286996,
      "avg_return": 0.0005227285244305642,
      "median_return": 0.005,
      "compound_return": 0.11025566499480854,
      "max_drawdown": -0.16508754441353535,
      "profit_factor": 1.1561123871381396,
      "windows": 10
    },
    {
      "entry_policy": "all_days",
      "feature_group": "reversal_fundamental_regime_sector_external",
      "model_name": "xgb_d4_500_lr002_mcw5",
      "target_hit_bps": 50.0,
      "trades": 222,
      "win_rate": 0.7657657657657657,
      "avg_return": 0.00033006889800028604,
      "median_return": 0.005,
      "compound_return": 0.06326965854816824,
      "max_drawdown": -0.21457552533266722,
      "profit_factor": 1.094895581807347,
      "windows": 10
    },
    {
      "entry_policy": "all_days",
      "feature_group": "reversal_fundamental_regime_sector_external",
      "model_name": "xgb_d3_400_lr003_mcw3",
      "target_hit_bps": 50.0,
      "trades": 260,
      "win_rate": 0.7730769230769231,
      "avg_return": 0.0002769462326108099,
      "median_return": 0.005,
      "compound_return": 0.058152007026396335,
      "max_drawdown": -0.1594808915430227,
      "profit_factor": 1.0771773688355029,
      "windows": 10
    },
    {
      "entry_policy": "all_days",
      "feature_group": "reversal_fundamental_regime",
      "model_name": "xgb_d3_400_lr003_mcw3",
      "target_hit_bps": 50.0,
      "trades": 286,
      "win_rate": 0.7692307692307693,
      "avg_return": 0.0002211592007874686,
      "median_return": 0.005,
      "compound_return": 0.04965135541042298,
      "max_drawdown": -0.1554344705958216,
      "profit_factor": 1.0619024340645484,
      "windows": 10
    },
    {
      "entry_policy": "all_days",
      "feature_group": "reversal_fundamental_regime",
      "model_name": "random_forest_600_d4",
      "target_hit_bps": 50.0,
      "trades": 257,
      "win_rate": 0.7821011673151751,
      "avg_return": 0.0002044821932879384,
      "median_return": 0.005,
      "compound_return": 0.038389223414714735,
      "max_drawdown": -0.2258735848769221,
      "profit_factor": 1.0558793857837132,
      "windows": 10
    },
    {
      "entry_policy": "all_days",
      "feature_group": "reversal_fundamental_regime",
      "model_name": "xgb_d4_500_lr002_mcw5",
      "target_hit_bps": 50.0,
      "trades": 194,
      "win_rate": 0.7731958762886598,
      "avg_return": 0.00023544405293857322,
      "median_return": 0.005,
      "compound_return": 0.036166642249724656,
      "max_drawdown": -0.17203516345126557,
      "profit_factor": 1.0659746673988082,
      "windows": 10
    },
    {
      "entry_policy": "all_days",
      "feature_group": "reversal_fundamental_regime_sector",
      "model_name": "random_forest_600_d4",
      "target_hit_bps": 50.0,
      "trades": 300,
      "win_rate": 0.7633333333333333,
      "avg_return": 0.0001516045914645341,
      "median_return": 0.005,
      "compound_return": 0.02942967023437415,
      "max_drawdown": -0.22916104460370113,
      "profit_factor": 1.0418210592495811,
      "windows": 10
    },
    {
      "entry_policy": "all_days",
      "feature_group": "all_no_ak",
      "model_name": "xgb_d3_600_lr002_mcw3",
      "target_hit_bps": 50.0,
      "trades": 254,
      "win_rate": 0.7834645669291339,
      "avg_return": 0.00015398984576055162,
      "median_return": 0.005,
      "compound_return": 0.022171481531519488,
      "max_drawdown": -0.19544256694645912,
      "profit_factor": 1.040918474717851,
      "windows": 10
    },
    {
      "entry_policy": "all_days",
      "feature_group": "reversal_fundamental_regime_sector",
      "model_name": "xgb_d2_200_lr003_mcw5",
      "target_hit_bps": 50.0,
      "trades": 256,
      "win_rate": 0.76171875,
      "avg_return": 0.00011762654164536871,
      "median_return": 0.005,
      "compound_return": 0.01618493379565522,
      "max_drawdown": -0.2177087501981575,
      "profit_factor": 1.0322785324603747,
      "windows": 10
    },
    {
      "entry_policy": "all_days",
      "feature_group": "reversal_fundamental_regime_sector",
      "model_name": "lgbm_leaves7_400",
      "target_hit_bps": 50.0,
      "trades": 187,
      "win_rate": 0.7433155080213903,
      "avg_return": 6.505602358995962e-05,
      "median_return": 0.005,
      "compound_return": 0.002987448888667865,
      "max_drawdown": -0.1739950162406131,
      "profit_factor": 1.0181007097050705,
      "windows": 10
    },
    {
      "entry_policy": "all_days",
      "feature_group": "reversal_fundamental_regime_sector",
      "model_name": "lgbm_leaves15_700",
      "target_hit_bps": 50.0,
      "trades": 190,
      "win_rate": 0.7631578947368421,
      "avg_return": 7.261738986463545e-05,
      "median_return": 0.005,
      "compound_return": 0.002637806363785522,
      "max_drawdown": -0.2606286548445096,
      "profit_factor": 1.0196071782786538,
      "windows": 10
    },
    {
      "entry_policy": "all_days",
      "feature_group": "all_no_ak",
      "model_name": "xgb_d4_500_lr002_mcw5",
      "target_hit_bps": 50.0,
      "trades": 299,
      "win_rate": 0.7725752508361204,
      "avg_return": 3.1051760071671785e-05,
      "median_return": 0.005,
      "compound_return": -0.009289712834324115,
      "max_drawdown": -0.266763239080409,
      "profit_factor": 1.0081092585449978,
      "windows": 10
    },
    {
      "entry_policy": "all_days",
      "feature_group": "reversal_fundamental_regime_sector",
      "model_name": "extra_trees_600_d3",
      "target_hit_bps": 50.0,
      "trades": 283,
      "win_rate": 0.7879858657243817,
      "avg_return": 4.5012611776237e-06,
      "median_return": 0.005,
      "compound_return": -0.016354618378333297,
      "max_drawdown": -0.27906646089994414,
      "profit_factor": 1.0011562324116023,
      "windows": 10
    },
    {
      "entry_policy": "all_days",
      "feature_group": "reversal_fundamental_regime_sector_external",
      "model_name": "xgb_d3_600_lr002_mcw3",
      "target_hit_bps": 50.0,
      "trades": 208,
      "win_rate": 0.75,
      "avg_return": -3.383789312703524e-05,
      "median_return": 0.005,
      "compound_return": -0.01861706201939861,
      "max_drawdown": -0.19543650565010906,
      "profit_factor": 0.9910572561291543,
      "windows": 10
    },
    {
      "entry_policy": "all_days",
      "feature_group": "reversal_fundamental_regime_sector_external",
      "model_name": "lgbm_leaves15_700",
      "target_hit_bps": 50.0,
      "trades": 207,
      "win_rate": 0.7681159420289855,
      "avg_return": -3.905540327657846e-05,
      "median_return": 0.005,
      "compound_return": -0.01971298259884602,
      "max_drawdown": -0.20452520605517766,
      "profit_factor": 0.9899332277044643,
      "windows": 10
    },
    {
      "entry_policy": "all_days",
      "feature_group": "reversal_fundamental_regime_sector_external",
      "model_name": "random_forest_600_d4",
      "target_hit_bps": 50.0,
      "trades": 260,
      "win_rate": 0.7692307692307693,
      "avg_return": -2.6452054108051847e-05,
      "median_return": 0.005,
      "compound_return": -0.0232412302348054,
      "max_drawdown": -0.21659058448151147,
      "profit_factor": 0.9930664637333673,
      "windows": 10
    },
    {
      "entry_policy": "all_days",
      "feature_group": "all_no_ak",
      "model_name": "xgb_d2_200_lr003_mcw5",
      "target_hit_bps": 50.0,
      "trades": 276,
      "win_rate": 0.7644927536231884,
      "avg_return": -5.0015381307815395e-05,
      "median_return": 0.005,
      "compound_return": -0.03149556537451215,
      "max_drawdown": -0.2627456422050586,
      "profit_factor": 0.9869873531873976,
      "windows": 10
    },
    {
      "entry_policy": "all_days",
      "feature_group": "reversal_fundamental_regime_sector",
      "model_name": "xgb_d3_600_lr002_mcw3",
      "target_hit_bps": 50.0,
      "trades": 233,
      "win_rate": 0.759656652360515,
      "avg_return": -0.00010706304657929359,
      "median_return": 0.005,
      "compound_return": -0.038169609538085125,
      "max_drawdown": -0.27685131796147044,
      "profit_factor": 0.9723185273230475,
      "windows": 10
    },
    {
      "entry_policy": "all_days",
      "feature_group": "reversal_fundamental_regime_sector_external",
      "model_name": "xgb_d2_200_lr003_mcw5",
      "target_hit_bps": 50.0,
      "trades": 237,
      "win_rate": 0.759493670886076,
      "avg_return": -0.0001303191366177673,
      "median_return": 0.005,
      "compound_return": -0.04396586654536838,
      "max_drawdown": -0.24090245122526033,
      "profit_factor": 0.9666701610701418,
      "windows": 10
    }
  ]
}

[2026-05-17T14:28:53] RUN search_all_days_hit_80bps
  /usr/bin/python3 model_training/search_walk_forward_model_complexity.py --samples /root/stock_realtime_v021_full/saved_data/002128_pipeline_out_v2_new27_full/04_external/power_utility_rate/training_samples_with_power_utility_rate_external.csv --intraday-bars /root/stock_realtime_v021_full/saved_data/002128_pipeline_out_v2_new27_full/00_base/002128_5m.csv --out-dir /root/stock_realtime_v021_full/saved_data/002128_pipeline_out_v2_new27_full/10_search/search_all_days_hit_80bps --round-trip-cost-bps 1.7 --target-hit-bps 80.0 --label-mode hit --entry-policy all_days --entry-vwap-premium-bps 50.0 --max-missing 0.35 --groups reversal_fundamental_regime,reversal_fundamental_regime_sector,reversal_fundamental_regime_sector_external,all_no_ak --models xgb_d2_200_lr003_mcw5,xgb_d3_400_lr003_mcw3,xgb_d3_600_lr002_mcw3,xgb_d4_500_lr002_mcw5,lgbm_leaves7_400,lgbm_leaves15_700,extra_trees_600_d3,random_forest_600_d4 --quantiles 0.5,0.6,0.7,0.8 --train-rows 756 --valid-rows 126 --test-rows 63 --min-valid-trades 8 --min-train-entries 80
{
  "rows": 1530,
  "target_hit_bps": 80.0,
  "label_mode": "hit",
  "entry_policy": "all_days",
  "entry_vwap_premium_bps": 50.0,
  "groups": {
    "reversal_fundamental_regime": 137,
    "reversal_fundamental_regime_sector": 160,
    "reversal_fundamental_regime_sector_external": 430,
    "all_no_ak": 485
  },
  "models": [
    "xgb_d2_200_lr003_mcw5",
    "xgb_d3_400_lr003_mcw3",
    "xgb_d3_600_lr002_mcw3",
    "xgb_d4_500_lr002_mcw5",
    "extra_trees_600_d3",
    "random_forest_600_d4",
    "lgbm_leaves7_400",
    "lgbm_leaves15_700"
  ],
  "top": [
    {
      "entry_policy": "all_days",
      "feature_group": "reversal_fundamental_regime",
      "model_name": "random_forest_600_d4",
      "target_hit_bps": 80.0,
      "trades": 297,
      "win_rate": 0.6835016835016835,
      "avg_return": 0.0009345269604761541,
      "median_return": 0.008,
      "compound_return": 0.29110477787888733,
      "max_drawdown": -0.21727137978509126,
      "profit_factor": 1.2146331705661702,
      "windows": 10
    },
    {
      "entry_policy": "all_days",
      "feature_group": "reversal_fundamental_regime",
      "model_name": "xgb_d2_200_lr003_mcw5",
      "target_hit_bps": 80.0,
      "trades": 260,
      "win_rate": 0.7076923076923077,
      "avg_return": 0.0009594221780009766,
      "median_return": 0.008,
      "compound_return": 0.2532774754254483,
      "max_drawdown": -0.1803569303140301,
      "profit_factor": 1.2128523946619811,
      "windows": 10
    },
    {
      "entry_policy": "all_days",
      "feature_group": "reversal_fundamental_regime_sector_external",
      "model_name": "random_forest_600_d4",
      "target_hit_bps": 80.0,
      "trades": 312,
      "win_rate": 0.7083333333333334,
      "avg_return": 0.0007814822324824628,
      "median_return": 0.008,
      "compound_return": 0.23884422847295084,
      "max_drawdown": -0.19006303790493706,
      "profit_factor": 1.1664396216215471,
      "windows": 10
    },
    {
      "entry_policy": "all_days",
      "feature_group": "reversal_fundamental_regime_sector",
      "model_name": "lgbm_leaves15_700",
      "target_hit_bps": 80.0,
      "trades": 210,
      "win_rate": 0.6952380952380952,
      "avg_return": 0.0008401955532046737,
      "median_return": 0.008,
      "compound_return": 0.1718352537208312,
      "max_drawdown": -0.13009036667349572,
      "profit_factor": 1.183018561060266,
      "windows": 10
    },
    {
      "entry_policy": "all_days",
      "feature_group": "reversal_fundamental_regime",
      "model_name": "lgbm_leaves15_700",
      "target_hit_bps": 80.0,
      "trades": 204,
      "win_rate": 0.7156862745098039,
      "avg_return": 0.0008539373511096649,
      "median_return": 0.008,
      "compound_return": 0.16874361914508018,
      "max_drawdown": -0.1440305925648091,
      "profit_factor": 1.1865677666552152,
      "windows": 10
    },
    {
      "entry_policy": "all_days",
      "feature_group": "reversal_fundamental_regime_sector_external",
      "model_name": "xgb_d3_600_lr002_mcw3",
      "target_hit_bps": 80.0,
      "trades": 261,
      "win_rate": 0.7011494252873564,
      "avg_return": 0.0005935022360318185,
      "median_return": 0.008,
      "compound_return": 0.13886821486379608,
      "max_drawdown": -0.24254631024288642,
      "profit_factor": 1.1252165958880018,
      "windows": 10
    },
    {
      "entry_policy": "all_days",
      "feature_group": "reversal_fundamental_regime_sector",
      "model_name": "xgb_d2_200_lr003_mcw5",
      "target_hit_bps": 80.0,
      "trades": 296,
      "win_rate": 0.6891891891891891,
      "avg_return": 0.0004868416943172703,
      "median_return": 0.008,
      "compound_return": 0.12435887350744679,
      "max_drawdown": -0.2917176458249948,
      "profit_factor": 1.100262230604817,
      "windows": 10
    },
    {
      "entry_policy": "all_days",
      "feature_group": "reversal_fundamental_regime_sector",
      "model_name": "xgb_d3_400_lr003_mcw3",
      "target_hit_bps": 80.0,
      "trades": 240,
      "win_rate": 0.7083333333333334,
      "avg_return": 0.0005770335411671996,
      "median_return": 0.008,
      "compound_return": 0.12176002876260084,
      "max_drawdown": -0.26642040098780795,
      "profit_factor": 1.1178784406106244,
      "windows": 10
    },
    {
      "entry_policy": "all_days",
      "feature_group": "all_no_ak",
      "model_name": "xgb_d3_400_lr003_mcw3",
      "target_hit_bps": 80.0,
      "trades": 294,
      "win_rate": 0.6836734693877551,
      "avg_return": 0.000469115613858747,
      "median_return": 0.008,
      "compound_return": 0.11705567508175396,
      "max_drawdown": -0.2683387696254331,
      "profit_factor": 1.0988805579222216,
      "windows": 10
    },
    {
      "entry_policy": "all_days",
      "feature_group": "reversal_fundamental_regime_sector",
      "model_name": "xgb_d3_600_lr002_mcw3",
      "target_hit_bps": 80.0,
      "trades": 234,
      "win_rate": 0.6923076923076923,
      "avg_return": 0.0005468912583623922,
      "median_return": 0.008,
      "compound_return": 0.11217695019707286,
      "max_drawdown": -0.27224246129742846,
      "profit_factor": 1.1140712837289422,
      "windows": 10
    },
    {
      "entry_policy": "all_days",
      "feature_group": "reversal_fundamental_regime_sector",
      "model_name": "xgb_d4_500_lr002_mcw5",
      "target_hit_bps": 80.0,
      "trades": 248,
      "win_rate": 0.6854838709677419,
      "avg_return": 0.0005137488026881128,
      "median_return": 0.008,
      "compound_return": 0.11050368880780326,
      "max_drawdown": -0.2744671157219094,
      "profit_factor": 1.1080384400098415,
      "windows": 10
    },
    {
      "entry_policy": "all_days",
      "feature_group": "reversal_fundamental_regime_sector_external",
      "model_name": "xgb_d3_400_lr003_mcw3",
      "target_hit_bps": 80.0,
      "trades": 228,
      "win_rate": 0.7192982456140351,
      "avg_return": 0.0005589476023393872,
      "median_return": 0.008,
      "compound_return": 0.11001642480457385,
      "max_drawdown": -0.2080857922986219,
      "profit_factor": 1.1136038472604455,
      "windows": 10
    },
    {
      "entry_policy": "all_days",
      "feature_group": "reversal_fundamental_regime",
      "model_name": "xgb_d4_500_lr002_mcw5",
      "target_hit_bps": 80.0,
      "trades": 249,
      "win_rate": 0.678714859437751,
      "avg_return": 0.0004448691165899074,
      "median_return": 0.008,
      "compound_return": 0.09345435874766772,
      "max_drawdown": -0.16980588863181756,
      "profit_factor": 1.094037928201677,
      "windows": 10
    },
    {
      "entry_policy": "all_days",
      "feature_group": "reversal_fundamental_regime_sector_external",
      "model_name": "xgb_d2_200_lr003_mcw5",
      "target_hit_bps": 80.0,
      "trades": 267,
      "win_rate": 0.7078651685393258,
      "avg_return": 0.0003362192782119077,
      "median_return": 0.008,
      "compound_return": 0.06397698152791964,
      "max_drawdown": -0.2330833516260663,
      "profit_factor": 1.0662158021026065,
      "windows": 10
    },
    {
      "entry_policy": "all_days",
      "feature_group": "reversal_fundamental_regime",
      "model_name": "xgb_d3_400_lr003_mcw3",
      "target_hit_bps": 80.0,
      "trades": 221,
      "win_rate": 0.669683257918552,
      "avg_return": 0.00029762308887528783,
      "median_return": 0.008,
      "compound_return": 0.04736562987256243,
      "max_drawdown": -0.163666620331537,
      "profit_factor": 1.061536615714783,
      "windows": 10
    },
    {
      "entry_policy": "all_days",
      "feature_group": "reversal_fundamental_regime_sector_external",
      "model_name": "lgbm_leaves7_400",
      "target_hit_bps": 80.0,
      "trades": 225,
      "win_rate": 0.6844444444444444,
      "avg_return": 0.00028262003867810355,
      "median_return": 0.008,
      "compound_return": 0.04438847187331629,
      "max_drawdown": -0.24094749905943447,
      "profit_factor": 1.0566786982190646,
      "windows": 10
    },
    {
      "entry_policy": "all_days",
      "feature_group": "reversal_fundamental_regime_sector",
      "model_name": "lgbm_leaves7_400",
      "target_hit_bps": 80.0,
      "trades": 200,
      "win_rate": 0.7,
      "avg_return": 0.0002802344075275348,
      "median_return": 0.008,
      "compound_return": 0.036418125104480614,
      "max_drawdown": -0.19427461515860234,
      "profit_factor": 1.054982969461145,
      "windows": 10
    },
    {
      "entry_policy": "all_days",
      "feature_group": "reversal_fundamental_regime",
      "model_name": "xgb_d3_600_lr002_mcw3",
      "target_hit_bps": 80.0,
      "trades": 250,
      "win_rate": 0.656,
      "avg_return": 0.00022207861739870444,
      "median_return": 0.008,
      "compound_return": 0.03464479007400323,
      "max_drawdown": -0.19491401085780413,
      "profit_factor": 1.045680358186781,
      "windows": 10
    },
    {
      "entry_policy": "all_days",
      "feature_group": "reversal_fundamental_regime",
      "model_name": "lgbm_leaves7_400",
      "target_hit_bps": 80.0,
      "trades": 261,
      "win_rate": 0.6743295019157088,
      "avg_return": 0.00020197608352913416,
      "median_return": 0.008,
      "compound_return": 0.02955368177198192,
      "max_drawdown": -0.19101077665156385,
      "profit_factor": 1.0405173037766187,
      "windows": 10
    },
    {
      "entry_policy": "all_days",
      "feature_group": "all_no_ak",
      "model_name": "xgb_d2_200_lr003_mcw5",
      "target_hit_bps": 80.0,
      "trades": 259,
      "win_rate": 0.694980694980695,
      "avg_return": 0.0001798177249067199,
      "median_return": 0.008,
      "compound_return": 0.020279522513469983,
      "max_drawdown": -0.2661651198354986,
      "profit_factor": 1.035169274097217,
      "windows": 10
    }
  ]
}

[2026-05-17T14:49:10] RUN search_all_days_close_profit_50bps
  /usr/bin/python3 model_training/search_walk_forward_model_complexity.py --samples /root/stock_realtime_v021_full/saved_data/002128_pipeline_out_v2_new27_full/04_external/power_utility_rate/training_samples_with_power_utility_rate_external.csv --intraday-bars /root/stock_realtime_v021_full/saved_data/002128_pipeline_out_v2_new27_full/00_base/002128_5m.csv --out-dir /root/stock_realtime_v021_full/saved_data/002128_pipeline_out_v2_new27_full/10_search/search_all_days_close_profit_50bps --round-trip-cost-bps 1.7 --target-hit-bps 50.0 --label-mode close_profit --entry-policy all_days --entry-vwap-premium-bps 50.0 --max-missing 0.35 --groups reversal_fundamental_regime,reversal_fundamental_regime_sector,reversal_fundamental_regime_sector_external,all_no_ak --models xgb_d2_200_lr003_mcw5,xgb_d3_400_lr003_mcw3,xgb_d3_600_lr002_mcw3,xgb_d4_500_lr002_mcw5,lgbm_leaves7_400,lgbm_leaves15_700,extra_trees_600_d3,random_forest_600_d4 --quantiles 0.5,0.6,0.7,0.8 --train-rows 756 --valid-rows 126 --test-rows 63 --min-valid-trades 8 --min-train-entries 80
{
  "rows": 1530,
  "target_hit_bps": 50.0,
  "label_mode": "close_profit",
  "entry_policy": "all_days",
  "entry_vwap_premium_bps": 50.0,
  "groups": {
    "reversal_fundamental_regime": 137,
    "reversal_fundamental_regime_sector": 160,
    "reversal_fundamental_regime_sector_external": 430,
    "all_no_ak": 485
  },
  "models": [
    "xgb_d2_200_lr003_mcw5",
    "xgb_d3_400_lr003_mcw3",
    "xgb_d3_600_lr002_mcw3",
    "xgb_d4_500_lr002_mcw5",
    "extra_trees_600_d3",
    "random_forest_600_d4",
    "lgbm_leaves7_400",
    "lgbm_leaves15_700"
  ],
  "top": [
    {
      "entry_policy": "all_days",
      "feature_group": "reversal_fundamental_regime_sector_external",
      "model_name": "extra_trees_600_d3",
      "target_hit_bps": 50.0,
      "trades": 174,
      "win_rate": 0.5517241379310345,
      "avg_return": 0.004643062137468735,
      "median_return": 0.002034280612534082,
      "compound_return": 1.1609686175208478,
      "max_drawdown": -0.15232835166779102,
      "profit_factor": 1.9238748638691874,
      "windows": 10
    },
    {
      "entry_policy": "all_days",
      "feature_group": "all_no_ak",
      "model_name": "random_forest_600_d4",
      "target_hit_bps": 50.0,
      "trades": 189,
      "win_rate": 0.5343915343915344,
      "avg_return": 0.003499059200663096,
      "median_return": 0.0010982308180087531,
      "compound_return": 0.8553749450503172,
      "max_drawdown": -0.23331140010919837,
      "profit_factor": 1.5621202754943126,
      "windows": 10
    },
    {
      "entry_policy": "all_days",
      "feature_group": "reversal_fundamental_regime_sector",
      "model_name": "xgb_d4_500_lr002_mcw5",
      "target_hit_bps": 50.0,
      "trades": 185,
      "win_rate": 0.4972972972972973,
      "avg_return": 0.0034979630634981835,
      "median_return": -0.00016999999999999999,
      "compound_return": 0.8247471679844953,
      "max_drawdown": -0.29412679834352595,
      "profit_factor": 1.5389356943299655,
      "windows": 10
    },
    {
      "entry_policy": "all_days",
      "feature_group": "all_no_ak",
      "model_name": "xgb_d2_200_lr003_mcw5",
      "target_hit_bps": 50.0,
      "trades": 195,
      "win_rate": 0.517948717948718,
      "avg_return": 0.003160497646649696,
      "median_return": 0.0005572727272729096,
      "compound_return": 0.7795819547730971,
      "max_drawdown": -0.22837621725052515,
      "profit_factor": 1.5348291688656641,
      "windows": 10
    },
    {
      "entry_policy": "all_days",
      "feature_group": "reversal_fundamental_regime_sector",
      "model_name": "lgbm_leaves7_400",
      "target_hit_bps": 50.0,
      "trades": 170,
      "win_rate": 0.5,
      "avg_return": 0.003480126826382237,
      "median_return": -3.7213169271597686e-06,
      "compound_return": 0.7377911938536907,
      "max_drawdown": -0.2739867693649656,
      "profit_factor": 1.578887029333537,
      "windows": 10
    },
    {
      "entry_policy": "all_days",
      "feature_group": "reversal_fundamental_regime_sector_external",
      "model_name": "lgbm_leaves7_400",
      "target_hit_bps": 50.0,
      "trades": 198,
      "win_rate": 0.51010101010101,
      "avg_return": 0.002847687416505259,
      "median_return": 0.000552831765935239,
      "compound_return": 0.6894260784479498,
      "max_drawdown": -0.17547961689495883,
      "profit_factor": 1.479339438322961,
      "windows": 10
    },
    {
      "entry_policy": "all_days",
      "feature_group": "reversal_fundamental_regime_sector",
      "model_name": "xgb_d3_600_lr002_mcw3",
      "target_hit_bps": 50.0,
      "trades": 159,
      "win_rate": 0.48427672955974843,
      "avg_return": 0.0035233644359760454,
      "median_return": -0.00016999999999999999,
      "compound_return": 0.6774039053872687,
      "max_drawdown": -0.2887379542466272,
      "profit_factor": 1.5096179305799862,
      "windows": 10
    },
    {
      "entry_policy": "all_days",
      "feature_group": "reversal_fundamental_regime_sector_external",
      "model_name": "random_forest_600_d4",
      "target_hit_bps": 50.0,
      "trades": 180,
      "win_rate": 0.5111111111111111,
      "avg_return": 0.003097071265198851,
      "median_return": 0.000552831765935239,
      "compound_return": 0.6685362009311531,
      "max_drawdown": -0.2385183719201619,
      "profit_factor": 1.4588438254569518,
      "windows": 10
    },
    {
      "entry_policy": "all_days",
      "feature_group": "all_no_ak",
      "model_name": "extra_trees_600_d3",
      "target_hit_bps": 50.0,
      "trades": 178,
      "win_rate": 0.5168539325842697,
      "avg_return": 0.0029877034684870993,
      "median_return": 0.0005610132923652457,
      "compound_return": 0.6364645552600245,
      "max_drawdown": -0.186081544691985,
      "profit_factor": 1.4870901056124066,
      "windows": 10
    },
    {
      "entry_policy": "all_days",
      "feature_group": "all_no_ak",
      "model_name": "xgb_d4_500_lr002_mcw5",
      "target_hit_bps": 50.0,
      "trades": 241,
      "win_rate": 0.5020746887966805,
      "avg_return": 0.002170129045732359,
      "median_return": 0.00017176349965808763,
      "compound_return": 0.600448721131698,
      "max_drawdown": -0.2686529411739975,
      "profit_factor": 1.3372392702450282,
      "windows": 10
    },
    {
      "entry_policy": "all_days",
      "feature_group": "reversal_fundamental_regime_sector_external",
      "model_name": "xgb_d2_200_lr003_mcw5",
      "target_hit_bps": 50.0,
      "trades": 205,
      "win_rate": 0.5024390243902439,
      "avg_return": 0.0023380344931184954,
      "median_return": 0.00032677098857436873,
      "compound_return": 0.5441137322825469,
      "max_drawdown": -0.30682723415337043,
      "profit_factor": 1.3589207626195146,
      "windows": 10
    },
    {
      "entry_policy": "all_days",
      "feature_group": "reversal_fundamental_regime",
      "model_name": "xgb_d3_600_lr002_mcw3",
      "target_hit_bps": 50.0,
      "trades": 157,
      "win_rate": 0.4585987261146497,
      "avg_return": 0.0026503949469709053,
      "median_return": -0.001292964626614098,
      "compound_return": 0.4565902672138189,
      "max_drawdown": -0.2823903126470325,
      "profit_factor": 1.3730301432135659,
      "windows": 10
    },
    {
      "entry_policy": "all_days",
      "feature_group": "reversal_fundamental_regime",
      "model_name": "xgb_d2_200_lr003_mcw5",
      "target_hit_bps": 50.0,
      "trades": 139,
      "win_rate": 0.5035971223021583,
      "avg_return": 0.00262892441222205,
      "median_return": 0.0008280039920158834,
      "compound_return": 0.3897100773457587,
      "max_drawdown": -0.30112006047477546,
      "profit_factor": 1.3805512001664937,
      "windows": 10
    },
    {
      "entry_policy": "all_days",
      "feature_group": "reversal_fundamental_regime_sector_external",
      "model_name": "xgb_d3_400_lr003_mcw3",
      "target_hit_bps": 50.0,
      "trades": 232,
      "win_rate": 0.4827586206896552,
      "avg_return": 0.0015571921116632119,
      "median_return": -0.00016999999999999999,
      "compound_return": 0.3636981273440114,
      "max_drawdown": -0.3040839145282882,
      "profit_factor": 1.2304156751961788,
      "windows": 10
    },
    {
      "entry_policy": "all_days",
      "feature_group": "reversal_fundamental_regime",
      "model_name": "xgb_d4_500_lr002_mcw5",
      "target_hit_bps": 50.0,
      "trades": 160,
      "win_rate": 0.49375,
      "avg_return": 0.0021276246812449834,
      "median_return": -0.00016999999999999999,
      "compound_return": 0.35573959460430005,
      "max_drawdown": -0.2823903126470332,
      "profit_factor": 1.3127175354650706,
      "windows": 10
    },
    {
      "entry_policy": "all_days",
      "feature_group": "reversal_fundamental_regime_sector_external",
      "model_name": "lgbm_leaves15_700",
      "target_hit_bps": 50.0,
      "trades": 222,
      "win_rate": 0.481981981981982,
      "avg_return": 0.0015592908625731016,
      "median_return": -0.00016999999999999999,
      "compound_return": 0.34600568006558174,
      "max_drawdown": -0.2267024073757441,
      "profit_factor": 1.23335683252415,
      "windows": 10
    },
    {
      "entry_policy": "all_days",
      "feature_group": "reversal_fundamental_regime_sector_external",
      "model_name": "xgb_d3_600_lr002_mcw3",
      "target_hit_bps": 50.0,
      "trades": 215,
      "win_rate": 0.4744186046511628,
      "avg_return": 0.001561895634782858,
      "median_return": -0.0007480346820810634,
      "compound_return": 0.32799832246704996,
      "max_drawdown": -0.34021512741708015,
      "profit_factor": 1.215564117085762,
      "windows": 10
    },
    {
      "entry_policy": "all_days",
      "feature_group": "reversal_fundamental_regime_sector",
      "model_name": "xgb_d2_200_lr003_mcw5",
      "target_hit_bps": 50.0,
      "trades": 166,
      "win_rate": 0.463855421686747,
      "avg_return": 0.001962734349482948,
      "median_return": -0.0009241771894400418,
      "compound_return": 0.32548870728016777,
      "max_drawdown": -0.33234801622016563,
      "profit_factor": 1.2543494185247297,
      "windows": 10
    },
    {
      "entry_policy": "all_days",
      "feature_group": "reversal_fundamental_regime_sector",
      "model_name": "lgbm_leaves15_700",
      "target_hit_bps": 50.0,
      "trades": 157,
      "win_rate": 0.4713375796178344,
      "avg_return": 0.001956646470630997,
      "median_return": -0.00016999999999999999,
      "compound_return": 0.3182951833283234,
      "max_drawdown": -0.3148977613907207,
      "profit_factor": 1.3161027081992167,
      "windows": 10
    },
    {
      "entry_policy": "all_days",
      "feature_group": "reversal_fundamental_regime_sector",
      "model_name": "random_forest_600_d4",
      "target_hit_bps": 50.0,
      "trades": 148,
      "win_rate": 0.47297297297297297,
      "avg_return": 0.0021195865967371264,
      "median_return": -0.0007527893739429047,
      "compound_return": 0.3178172794007339,
      "max_drawdown": -0.30037062444821694,
      "profit_factor": 1.2866086265608616,
      "windows": 10
    }
  ]
}

[2026-05-17T15:09:42] RUN summarize
  /usr/bin/python3 model_training/summarize_nextday_search_results.py --pipeline-out /root/stock_realtime_v021_full/saved_data/002128_pipeline_out_v2_new27_full --out-dir /root/stock_realtime_v021_full/saved_data/002128_pipeline_out_v2_new27_full/99_summary --excel
{
  "rows": 192,
  "outputs": {
    "final_leaderboard": "/root/stock_realtime_v021_full/saved_data/002128_pipeline_out_v2_new27_full/99_summary/final_leaderboard.csv",
    "best_by_target_top5": "/root/stock_realtime_v021_full/saved_data/002128_pipeline_out_v2_new27_full/99_summary/best_by_target_top5.csv",
    "best_by_entry_policy_top5": "/root/stock_realtime_v021_full/saved_data/002128_pipeline_out_v2_new27_full/99_summary/best_by_entry_policy_top5.csv",
    "excel": "/root/stock_realtime_v021_full/saved_data/002128_pipeline_out_v2_new27_full/99_summary/final_leaderboard.xlsx",
    "summary_manifest": "/root/stock_realtime_v021_full/saved_data/002128_pipeline_out_v2_new27_full/99_summary/summary_manifest.json"
  }
}
=== nextday pipeline end: 2026-05-17T15:09:43 status=ok ===
