=== nextday pipeline start: 2026-05-18T01:01:19 ===
symbol=002601.SZ, out_root=/root/stock_realtime_v021_full/saved_data/002601_pipeline_out_v2_new27_full

[2026-05-18T01:01:19] RUN update_data
  /usr/bin/python3 bootstrap/ashare_xgb_dual_opportunity_regression_baostock_full_v19_compressed_trading_axis.py --mode update_data --symbol 002601 --benchmark_symbol 000300 --daily_start 2018-01-01 --daily_end 2026-05-15 --intraday_start '2018-01-01 09:30:00' --intraday_end '2026-05-15 15:00:00' --output_dir /root/stock_realtime_v021_full/saved_data/002601_pipeline_out_v2_new27_full/00_base --cache_mode incremental --feature_cache_mode incremental --adjust qfq
/root/stock_realtime_v021_full/bootstrap/ashare_fetch_and_train_xgb_sell_signal_baostock_state_cache_helper_fix2.py:246: FutureWarning: The behavior of DataFrame concatenation with empty or all-NA entries is deprecated. In a future version, this will no longer exclude empty or all-NA columns when determining the result dtypes. To retain the old behavior, exclude the relevant entries before the concat operation.
  merged = _normalize_daily_df(pd.concat([df_old, df_new], axis=0, ignore_index=True))
/root/stock_realtime_v021_full/bootstrap/ashare_fetch_and_train_xgb_sell_signal_baostock_state_cache_helper_fix2.py:248: FutureWarning: The behavior of DataFrame concatenation with empty or all-NA entries is deprecated. In a future version, this will no longer exclude empty or all-NA columns when determining the result dtypes. To retain the old behavior, exclude the relevant entries before the concat operation.
  merged = _normalize_intraday_df(pd.concat([df_old, df_new], axis=0, ignore_index=True))
/root/stock_realtime_v021_full/bootstrap/ashare_fetch_and_train_xgb_sell_signal_baostock_state_cache_helper_fix2.py:254: FutureWarning: The behavior of DataFrame concatenation with empty or all-NA entries is deprecated. In a future version, this will no longer exclude empty or all-NA columns when determining the result dtypes. To retain the old behavior, exclude the relevant entries before the concat operation.
  merged = _normalize_bench_df(pd.concat([df_old, df_new], axis=0, ignore_index=True))
/root/stock_realtime_v021_full/bootstrap/ashare_fetch_and_train_xgb_sell_signal_baostock_state_cache_helper_fix2.py:250: FutureWarning: The behavior of DataFrame concatenation with empty or all-NA entries is deprecated. In a future version, this will no longer exclude empty or all-NA columns when determining the result dtypes. To retain the old behavior, exclude the relevant entries before the concat operation.
  merged = _normalize_daily_feature_df(pd.concat([df_old, df_new], axis=0, ignore_index=True))
/root/stock_realtime_v021_full/bootstrap/ashare_fetch_and_train_xgb_sell_signal_baostock_state_cache_helper_fix2.py:252: FutureWarning: The behavior of DataFrame concatenation with empty or all-NA entries is deprecated. In a future version, this will no longer exclude empty or all-NA columns when determining the result dtypes. To retain the old behavior, exclude the relevant entries before the concat operation.
  merged = _normalize_intraday_feature_df(pd.concat([df_old, df_new], axis=0, ignore_index=True))
login success!
logout success!
login success!
logout success!
login success!
logout success!
{
  "mode": "update_data",
  "symbol": "002601",
  "data_source": "baostock",
  "daily_rows": 2027,
  "intraday_rows": 73920,
  "daily_min": "2018-01-02 00:00:00",
  "daily_max": "2026-05-15 00:00:00",
  "intraday_min": "2020-01-02 09:35:00",
  "intraday_max": "2026-05-15 15:00:00",
  "base_paths": {
    "daily_csv": "/root/stock_realtime_v021_full/saved_data/002601_pipeline_out_v2_new27_full/00_base/002601_daily.csv",
    "intraday_csv": "/root/stock_realtime_v021_full/saved_data/002601_pipeline_out_v2_new27_full/00_base/002601_5m.csv",
    "benchmark_csv": "/root/stock_realtime_v021_full/saved_data/002601_pipeline_out_v2_new27_full/00_base/000300_benchmark_daily.csv",
    "raw_daily_cache_csv": "/root/stock_realtime_v021_full/saved_data/002601_pipeline_out_v2_new27_full/00_base/raw_cache/002601_daily_raw.csv",
    "raw_intraday_cache_csv": "/root/stock_realtime_v021_full/saved_data/002601_pipeline_out_v2_new27_full/00_base/raw_cache/002601_5m_raw.csv",
    "raw_benchmark_cache_csv": "/root/stock_realtime_v021_full/saved_data/002601_pipeline_out_v2_new27_full/00_base/raw_cache/000300_benchmark_daily_raw.csv",
    "daily_features_csv": "/root/stock_realtime_v021_full/saved_data/002601_pipeline_out_v2_new27_full/00_base/daily_features.csv",
    "intraday_features_csv": "/root/stock_realtime_v021_full/saved_data/002601_pipeline_out_v2_new27_full/00_base/intraday_features.csv",
    "daily_features_cache_csv": "/root/stock_realtime_v021_full/saved_data/002601_pipeline_out_v2_new27_full/00_base/feature_cache/daily_features_cache.csv",
    "intraday_features_cache_csv": "/root/stock_realtime_v021_full/saved_data/002601_pipeline_out_v2_new27_full/00_base/feature_cache/intraday_features_cache.csv",
    "feature_state_json": "/root/stock_realtime_v021_full/saved_data/002601_pipeline_out_v2_new27_full/00_base/feature_cache/feature_state.json"
  },
  "fetch_logs": {
    "symbol": "002601",
    "benchmark_symbol": "000300",
    "daily_start": "2018-01-01",
    "daily_end": "2026-05-15",
    "intraday_start": "2018-01-01 09:30:00",
    "intraday_end": "2026-05-15 15:00:00",
    "perf_start": "2018-01-01",
    "data_source": "baostock",
    "cache_mode": "incremental",
    "force_refresh": false,
    "raw_cache_dir": "/root/stock_realtime_v021_full/saved_data/002601_pipeline_out_v2_new27_full/00_base/raw_cache",
    "feature_cache_dir": "/root/stock_realtime_v021_full/saved_data/002601_pipeline_out_v2_new27_full/00_base/feature_cache",
    "feature_cache_mode": "incremental",
    "daily": {
      "cache_path": "/root/stock_realtime_v021_full/saved_data/002601_pipeline_out_v2_new27_full/00_base/raw_cache/002601_daily_raw.csv",
      "requested_start": "2018-01-01",
      "requested_end": "2026-05-15",
      "mode": "initial_fetch",
      "fetch_segments": [
        {
          "provider": "baostock",
          "code": "sz.002601",
          "adjustflag": "2",
          "rows": 2027,
          "start": "2018-01-01",
          "end": "2026-05-15"
        }
      ],
      "cache_after": {
        "rows": 2027,
        "min": "2018-01-02 00:00:00",
        "max": "2026-05-15 00:00:00"
      }
    },
    "intraday_5m": {
      "cache_path": "/root/stock_realtime_v021_full/saved_data/002601_pipeline_out_v2_new27_full/00_base/raw_cache/002601_5m_raw.csv",
      "requested_start": "2018-01-01 09:30:00",
      "requested_end": "2026-05-15 15:00:00",
      "mode": "initial_fetch",
      "fetch_segments": [
        {
          "provider": "baostock",
          "code": "sz.002601",
          "adjustflag": "2",
          "requested_start": "2018-01-01 09:30:00",
          "effective_start": "2018-01-01 09:30:00",
          "requested_end": "2026-05-15 15:00:00",
          "rows": 73920
        }
      ],
      "cache_after": {
        "rows": 73920,
        "min": "2020-01-02 09:35:00",
        "max": "2026-05-15 15:00:00"
      }
    },
    "benchmark_daily": {
      "cache_path": "/root/stock_realtime_v021_full/saved_data/002601_pipeline_out_v2_new27_full/00_base/raw_cache/000300_benchmark_daily_raw.csv",
      "requested_start": "2018-01-01",
      "requested_end": "2026-05-15",
      "mode": "initial_fetch",
      "fetch_segments": [
        {
          "provider": "baostock",
          "code": "sh.000300",
          "rows": 2027,
          "start": "2018-01-01",
          "end": "2026-05-15"
        }
      ],
      "cache_after": {
        "rows": 2027,
        "min": "2018-01-02 00:00:00",
        "max": "2026-05-15 00:00:00"
      }
    },
    "feature_build": {
      "mode": "full_rebuild",
      "reason": "feature_cache_missing",
      "daily_cache_after": {
        "rows": 2027,
        "min": "2018-01-02 00:00:00",
        "max": "2026-05-15 00:00:00"
      },
      "intraday_cache_after": {
        "rows": 73920,
        "min": "2020-01-02 09:35:00",
        "max": "2026-05-15 15:00:00"
      },
      "daily_context_days": 260,
      "intraday_context_days": 40,
      "daily_appended_rows": 2027,
      "intraday_appended_rows": 73920
    },
    "feature_state": {
      "daily_feature_max": "2026-05-15 00:00:00",
      "intraday_feature_max": "2026-05-15 15:00:00",
      "daily_context_days": 260,
      "intraday_context_days": 40,
      "feature_build_mode": "full_rebuild"
    }
  }
}

[2026-05-18T01:04:37] RUN samples
  /usr/bin/python3 feature_building/build_nextday_samples_from_baostock.py --daily-features /root/stock_realtime_v021_full/saved_data/002601_pipeline_out_v2_new27_full/00_base/daily_features.csv --intraday-bars /root/stock_realtime_v021_full/saved_data/002601_pipeline_out_v2_new27_full/00_base/002601_5m.csv --out-dir /root/stock_realtime_v021_full/saved_data/002601_pipeline_out_v2_new27_full/01_samples --min-bars 40 --keep-unlabeled-tail
{
  "rows": 1540,
  "date_min": "2020-01-02",
  "date_max": "2026-05-15",
  "out": "/root/stock_realtime_v021_full/saved_data/002601_pipeline_out_v2_new27_full/01_samples/training_samples.csv"
}

[2026-05-18T01:04:38] RUN fundamental
  /usr/bin/python3 feature_building/build_fundamental_features.py --symbol 002601.SZ --daily-samples /root/stock_realtime_v021_full/saved_data/002601_pipeline_out_v2_new27_full/01_samples/training_samples.csv --out-dir /root/stock_realtime_v021_full/saved_data/002601_pipeline_out_v2_new27_full/02_fundamental --start-date 2018-01-01 --end-date 2026-05-15 --fallback-lag-days 120
login success!
logout success!
{
  "rows": 1540,
  "date_min": "2020-01-02",
  "date_max": "2026-05-15",
  "source_errors": [],
  "top_missing_rates": {
    "ak_fund_小单净流入-净额_sum10": 0.9246753246753247,
    "ak_fund_主力净流入-净额_sum10": 0.9246753246753247,
    "ak_fund_主力净流入-净占比_sum10": 0.9246753246753247,
    "ak_fund_涨跌幅_sum10": 0.9246753246753247,
    "ak_fund_收盘价_sum10": 0.9246753246753247,
    "ak_fund_中单净流入-净额_sum10": 0.9246753246753247,
    "ak_fund_中单净流入-净占比_sum10": 0.9246753246753247,
    "ak_fund_小单净流入-净占比_sum10": 0.9246753246753247,
    "ak_fund_超大单净流入-净额_sum10": 0.9246753246753247,
    "ak_fund_大单净流入-净额_sum10": 0.9246753246753247,
    "ak_fund_大单净流入-净占比_sum10": 0.9246753246753247,
    "ak_fund_超大单净流入-净占比_sum10": 0.9246753246753247,
    "ak_fund_涨跌幅_sum5": 0.9233766233766234,
    "ak_fund_主力净流入-净占比_sum5": 0.9233766233766234,
    "ak_fund_主力净流入-净额_sum5": 0.9233766233766234,
    "ak_fund_收盘价_sum5": 0.9233766233766234,
    "ak_fund_超大单净流入-净占比_sum5": 0.9233766233766234,
    "ak_fund_中单净流入-净占比_sum5": 0.9233766233766234,
    "ak_fund_中单净流入-净额_sum5": 0.9233766233766234,
    "ak_fund_小单净流入-净额_sum5": 0.9233766233766234,
    "ak_fund_小单净流入-净占比_sum5": 0.9233766233766234,
    "ak_fund_大单净流入-净占比_sum5": 0.9233766233766234,
    "ak_fund_大单净流入-净额_sum5": 0.9233766233766234,
    "ak_fund_超大单净流入-净额_sum5": 0.9233766233766234,
    "ak_fund_大单净流入-净额": 0.922077922077922,
    "ak_fund_超大单净流入-净占比": 0.922077922077922,
    "ak_fund_超大单净流入-净额": 0.922077922077922,
    "ak_fund_收盘价": 0.922077922077922,
    "ak_fund_涨跌幅": 0.922077922077922,
    "ak_fund_中单净流入-净额": 0.922077922077922
  },
  "valuation_non_null": {
    "peTTM": 1540,
    "pbMRQ": 1540,
    "psTTM": 1540,
    "pcfNcfTTM": 1540
  },
  "future_effective_date_violations": 0,
  "rows_with_quarterly": 1540,
  "sample_rows": 1540,
  "quarterly_raw_rows": 37,
  "quarterly_used_pubDate_rows": 37,
  "quarterly_fallback_rows": 0,
  "elapsed_seconds": 36.809,
  "symbol": "002601",
  "baostock_code": "sz.002601",
  "valuation_rows": 2027,
  "fund_flow_rows": 120,
  "feature_columns": 125,
  "merged_columns": 194,
  "outputs": {
    "daily_valuation": "/root/stock_realtime_v021_full/saved_data/002601_pipeline_out_v2_new27_full/02_fundamental/baostock_daily_valuation.csv",
    "quarterly_fundamentals": "/root/stock_realtime_v021_full/saved_data/002601_pipeline_out_v2_new27_full/02_fundamental/baostock_quarterly_fundamentals_pit.csv",
    "fundamental_features": "/root/stock_realtime_v021_full/saved_data/002601_pipeline_out_v2_new27_full/02_fundamental/fundamental_features.csv",
    "merged_samples": "/root/stock_realtime_v021_full/saved_data/002601_pipeline_out_v2_new27_full/02_fundamental/training_samples_with_fundamentals.csv"
  }
}

[2026-05-18T01:05:16] RUN sector
  /usr/bin/python3 feature_building/build_sector_features.py --samples /root/stock_realtime_v021_full/saved_data/002601_pipeline_out_v2_new27_full/02_fundamental/training_samples_with_fundamentals.csv --out-dir /root/stock_realtime_v021_full/saved_data/002601_pipeline_out_v2_new27_full/03_sector --sector-symbol '化学原料' --start-date 2018-01-01 --end-date 2026-05-15

  0%|          | 0/9 [00:00<?, ?it/s]
 11%|█         | 1/9 [00:00<00:01,  4.25it/s]
 22%|██▏       | 2/9 [00:00<00:01,  4.04it/s]
 33%|███▎      | 3/9 [00:00<00:01,  4.20it/s]
 44%|████▍     | 4/9 [00:00<00:01,  4.05it/s]
 56%|█████▌    | 5/9 [00:01<00:00,  4.01it/s]
 67%|██████▋   | 6/9 [00:01<00:00,  3.86it/s]
 78%|███████▊  | 7/9 [00:01<00:00,  4.05it/s]
 89%|████████▉ | 8/9 [00:01<00:00,  4.03it/s]
100%|██████████| 9/9 [00:02<00:00,  4.23it/s]
                                             
{
  "sector_symbol": "化学原料",
  "sector_rows": 2027,
  "sector_date_min": "2018-01-02",
  "sector_date_max": "2026-05-15",
  "sample_rows": 1540,
  "merged_rows": 1540,
  "sector_feature_cols": 23,
  "top_missing": {
    "sector_ret60": 0.03896103896103896,
    "sector_ma60_gap": 0.01948051948051948,
    "stock_vs_sector_ret20": 0.012987012987012988,
    "sector_ret20": 0.012987012987012988,
    "sector_vol20": 0.007142857142857143,
    "sector_ma20_gap": 0.006493506493506494,
    "sector_range_z20": 0.006493506493506494,
    "sector_volume_shock20": 0.006493506493506494,
    "sector_amount_z20": 0.006493506493506494,
    "sector_volume_z20": 0.006493506493506494,
    "sector_amount_shock20": 0.006493506493506494,
    "sector_ret5": 0.003246753246753247,
    "stock_vs_sector_ret5": 0.003246753246753247,
    "sector_vs_bench_ret5": 0.003246753246753247,
    "stock_vs_sector_ret1": 0.0006493506493506494,
    "sector_ret1": 0.0006493506493506494,
    "sector_amount": 0.0,
    "sector_volume": 0.0,
    "sector_close": 0.0,
    "sector_low": 0.0
  },
  "outputs": {
    "sector_index": "/root/stock_realtime_v021_full/saved_data/002601_pipeline_out_v2_new27_full/03_sector/sector_index_ths.csv",
    "sector_features": "/root/stock_realtime_v021_full/saved_data/002601_pipeline_out_v2_new27_full/03_sector/sector_features.csv",
    "merged_samples": "/root/stock_realtime_v021_full/saved_data/002601_pipeline_out_v2_new27_full/03_sector/training_samples_with_sector.csv"
  }
}
[INFO] final samples for search: /root/stock_realtime_v021_full/saved_data/002601_pipeline_out_v2_new27_full/03_sector/training_samples_with_sector.csv

[2026-05-18T01:05:20] RUN search_vwap_low_hit_50bps
  /usr/bin/python3 model_training/search_walk_forward_model_complexity.py --samples /root/stock_realtime_v021_full/saved_data/002601_pipeline_out_v2_new27_full/03_sector/training_samples_with_sector.csv --intraday-bars /root/stock_realtime_v021_full/saved_data/002601_pipeline_out_v2_new27_full/00_base/002601_5m.csv --out-dir /root/stock_realtime_v021_full/saved_data/002601_pipeline_out_v2_new27_full/10_search/search_vwap_low_hit_50bps --round-trip-cost-bps 1.7 --target-hit-bps 50.0 --label-mode hit --entry-policy vwap_low --entry-vwap-premium-bps 50.0 --max-missing 0.35 --groups reversal_fundamental_regime,reversal_fundamental_regime_sector,reversal_fundamental_regime_sector_external,all_no_ak --models xgb_d2_200_lr003_mcw5,xgb_d3_400_lr003_mcw3,xgb_d3_600_lr002_mcw3,xgb_d4_500_lr002_mcw5,lgbm_leaves7_400,lgbm_leaves15_700,extra_trees_600_d3,random_forest_600_d4 --quantiles 0.5,0.6,0.7,0.8 --train-rows 756 --valid-rows 126 --test-rows 63 --min-valid-trades 8 --min-train-entries 80
{
  "rows": 1539,
  "target_hit_bps": 50.0,
  "label_mode": "hit",
  "entry_policy": "vwap_low",
  "entry_vwap_premium_bps": 50.0,
  "groups": {
    "reversal_fundamental_regime": 137,
    "reversal_fundamental_regime_sector": 160,
    "reversal_fundamental_regime_sector_external": 160,
    "all_no_ak": 215
  },
  "models": [
    "xgb_d2_200_lr003_mcw5",
    "xgb_d3_400_lr003_mcw3",
    "xgb_d3_600_lr002_mcw3",
    "xgb_d4_500_lr002_mcw5",
    "extra_trees_600_d3",
    "random_forest_600_d4",
    "lgbm_leaves7_400",
    "lgbm_leaves15_700"
  ],
  "top": [
    {
      "entry_policy": "vwap_low",
      "feature_group": "reversal_fundamental_regime",
      "model_name": "lgbm_leaves7_400",
      "target_hit_bps": 50.0,
      "trades": 174,
      "win_rate": 0.7873563218390804,
      "avg_return": 0.0004137505255394015,
      "median_return": 0.005,
      "compound_return": 0.06425058214887036,
      "max_drawdown": -0.12825558257922953,
      "profit_factor": 1.1183441219768853,
      "windows": 10
    },
    {
      "entry_policy": "vwap_low",
      "feature_group": "reversal_fundamental_regime_sector",
      "model_name": "xgb_d4_500_lr002_mcw5",
      "target_hit_bps": 50.0,
      "trades": 218,
      "win_rate": 0.7889908256880734,
      "avg_return": 0.00019239592717635348,
      "median_return": 0.005,
      "compound_return": 0.026557788860279485,
      "max_drawdown": -0.1566532880262177,
      "profit_factor": 1.0520119721225558,
      "windows": 10
    },
    {
      "entry_policy": "vwap_low",
      "feature_group": "reversal_fundamental_regime_sector_external",
      "model_name": "xgb_d4_500_lr002_mcw5",
      "target_hit_bps": 50.0,
      "trades": 218,
      "win_rate": 0.7889908256880734,
      "avg_return": 0.00019239592717635348,
      "median_return": 0.005,
      "compound_return": 0.026557788860279485,
      "max_drawdown": -0.1566532880262177,
      "profit_factor": 1.0520119721225558,
      "windows": 10
    },
    {
      "entry_policy": "vwap_low",
      "feature_group": "reversal_fundamental_regime_sector",
      "model_name": "xgb_d3_400_lr003_mcw3",
      "target_hit_bps": 50.0,
      "trades": 202,
      "win_rate": 0.7970297029702971,
      "avg_return": -1.747532329437273e-05,
      "median_return": 0.005,
      "compound_return": -0.01964089223685228,
      "max_drawdown": -0.20094874426351095,
      "profit_factor": 0.9955281570734078,
      "windows": 10
    },
    {
      "entry_policy": "vwap_low",
      "feature_group": "reversal_fundamental_regime_sector_external",
      "model_name": "xgb_d3_400_lr003_mcw3",
      "target_hit_bps": 50.0,
      "trades": 202,
      "win_rate": 0.7970297029702971,
      "avg_return": -1.747532329437273e-05,
      "median_return": 0.005,
      "compound_return": -0.01964089223685228,
      "max_drawdown": -0.20094874426351095,
      "profit_factor": 0.9955281570734078,
      "windows": 10
    },
    {
      "entry_policy": "vwap_low",
      "feature_group": "reversal_fundamental_regime",
      "model_name": "xgb_d3_600_lr002_mcw3",
      "target_hit_bps": 50.0,
      "trades": 249,
      "win_rate": 0.7871485943775101,
      "avg_return": -3.3481623500692706e-05,
      "median_return": 0.005,
      "compound_return": -0.0266463036125828,
      "max_drawdown": -0.1946826334805991,
      "profit_factor": 0.9914526297496035,
      "windows": 10
    },
    {
      "entry_policy": "vwap_low",
      "feature_group": "reversal_fundamental_regime_sector",
      "model_name": "lgbm_leaves7_400",
      "target_hit_bps": 50.0,
      "trades": 197,
      "win_rate": 0.7868020304568528,
      "avg_return": -0.000270088999360594,
      "median_return": 0.005,
      "compound_return": -0.06560102775364818,
      "max_drawdown": -0.26394006080689447,
      "profit_factor": 0.9344558871121773,
      "windows": 10
    },
    {
      "entry_policy": "vwap_low",
      "feature_group": "reversal_fundamental_regime_sector_external",
      "model_name": "lgbm_leaves7_400",
      "target_hit_bps": 50.0,
      "trades": 197,
      "win_rate": 0.7868020304568528,
      "avg_return": -0.000270088999360594,
      "median_return": 0.005,
      "compound_return": -0.06560102775364818,
      "max_drawdown": -0.26394006080689447,
      "profit_factor": 0.9344558871121773,
      "windows": 10
    },
    {
      "entry_policy": "vwap_low",
      "feature_group": "reversal_fundamental_regime_sector",
      "model_name": "xgb_d3_600_lr002_mcw3",
      "target_hit_bps": 50.0,
      "trades": 186,
      "win_rate": 0.7903225806451613,
      "avg_return": -0.00028205288635722506,
      "median_return": 0.005,
      "compound_return": -0.0660830282916256,
      "max_drawdown": -0.2246238346706596,
      "profit_factor": 0.9327234288217089,
      "windows": 10
    },
    {
      "entry_policy": "vwap_low",
      "feature_group": "reversal_fundamental_regime_sector_external",
      "model_name": "xgb_d3_600_lr002_mcw3",
      "target_hit_bps": 50.0,
      "trades": 186,
      "win_rate": 0.7903225806451613,
      "avg_return": -0.00028205288635722506,
      "median_return": 0.005,
      "compound_return": -0.0660830282916256,
      "max_drawdown": -0.2246238346706596,
      "profit_factor": 0.9327234288217089,
      "windows": 10
    },
    {
      "entry_policy": "vwap_low",
      "feature_group": "reversal_fundamental_regime",
      "model_name": "xgb_d2_200_lr003_mcw5",
      "target_hit_bps": 50.0,
      "trades": 216,
      "win_rate": 0.7870370370370371,
      "avg_return": -0.0002824674747528633,
      "median_return": 0.005,
      "compound_return": -0.07597745338474282,
      "max_drawdown": -0.22885690533254344,
      "profit_factor": 0.9326570040293932,
      "windows": 10
    },
    {
      "entry_policy": "vwap_low",
      "feature_group": "reversal_fundamental_regime",
      "model_name": "random_forest_600_d4",
      "target_hit_bps": 50.0,
      "trades": 209,
      "win_rate": 0.7894736842105263,
      "avg_return": -0.00030239161130703857,
      "median_return": 0.005,
      "compound_return": -0.07885912146215501,
      "max_drawdown": -0.17948131989640648,
      "profit_factor": 0.92844140377314,
      "windows": 10
    },
    {
      "entry_policy": "vwap_low",
      "feature_group": "reversal_fundamental_regime",
      "model_name": "xgb_d3_400_lr003_mcw3",
      "target_hit_bps": 50.0,
      "trades": 199,
      "win_rate": 0.7939698492462312,
      "avg_return": -0.0003545169777622502,
      "median_return": 0.005,
      "compound_return": -0.08411103636626549,
      "max_drawdown": -0.23481534583171504,
      "profit_factor": 0.9175386928688523,
      "windows": 10
    },
    {
      "entry_policy": "vwap_low",
      "feature_group": "reversal_fundamental_regime_sector",
      "model_name": "random_forest_600_d4",
      "target_hit_bps": 50.0,
      "trades": 158,
      "win_rate": 0.7974683544303798,
      "avg_return": -0.00047225188205834973,
      "median_return": 0.005,
      "compound_return": -0.08678884271118714,
      "max_drawdown": -0.19194871827447502,
      "profit_factor": 0.8935562739937478,
      "windows": 10
    },
    {
      "entry_policy": "vwap_low",
      "feature_group": "reversal_fundamental_regime_sector_external",
      "model_name": "random_forest_600_d4",
      "target_hit_bps": 50.0,
      "trades": 158,
      "win_rate": 0.7974683544303798,
      "avg_return": -0.00047225188205834973,
      "median_return": 0.005,
      "compound_return": -0.08678884271118714,
      "max_drawdown": -0.19194871827447502,
      "profit_factor": 0.8935562739937478,
      "windows": 10
    },
    {
      "entry_policy": "vwap_low",
      "feature_group": "reversal_fundamental_regime_sector",
      "model_name": "extra_trees_600_d3",
      "target_hit_bps": 50.0,
      "trades": 280,
      "win_rate": 0.7714285714285715,
      "avg_return": -0.0003628412295835356,
      "median_return": 0.005,
      "compound_return": -0.11497483271638242,
      "max_drawdown": -0.2539017745260437,
      "profit_factor": 0.9123598837962977,
      "windows": 10
    },
    {
      "entry_policy": "vwap_low",
      "feature_group": "reversal_fundamental_regime_sector_external",
      "model_name": "extra_trees_600_d3",
      "target_hit_bps": 50.0,
      "trades": 280,
      "win_rate": 0.7714285714285715,
      "avg_return": -0.0003628412295835356,
      "median_return": 0.005,
      "compound_return": -0.11497483271638242,
      "max_drawdown": -0.2539017745260437,
      "profit_factor": 0.9123598837962977,
      "windows": 10
    },
    {
      "entry_policy": "vwap_low",
      "feature_group": "all_no_ak",
      "model_name": "lgbm_leaves7_400",
      "target_hit_bps": 50.0,
      "trades": 212,
      "win_rate": 0.7405660377358491,
      "avg_return": -0.0005230777046188711,
      "median_return": 0.005,
      "compound_return": -0.11662287845634756,
      "max_drawdown": -0.2361557762350237,
      "profit_factor": 0.8737118000858832,
      "windows": 10
    },
    {
      "entry_policy": "vwap_low",
      "feature_group": "reversal_fundamental_regime_sector",
      "model_name": "lgbm_leaves15_700",
      "target_hit_bps": 50.0,
      "trades": 191,
      "win_rate": 0.774869109947644,
      "avg_return": -0.000617883294992049,
      "median_return": 0.005,
      "compound_return": -0.12599225964840743,
      "max_drawdown": -0.23103593700835368,
      "profit_factor": 0.8605452047615161,
      "windows": 10
    },
    {
      "entry_policy": "vwap_low",
      "feature_group": "reversal_fundamental_regime_sector_external",
      "model_name": "lgbm_leaves15_700",
      "target_hit_bps": 50.0,
      "trades": 191,
      "win_rate": 0.774869109947644,
      "avg_return": -0.000617883294992049,
      "median_return": 0.005,
      "compound_return": -0.12599225964840743,
      "max_drawdown": -0.23103593700835368,
      "profit_factor": 0.8605452047615161,
      "windows": 10
    }
  ]
}

[2026-05-18T01:15:18] RUN search_vwap_low_hit_80bps
  /usr/bin/python3 model_training/search_walk_forward_model_complexity.py --samples /root/stock_realtime_v021_full/saved_data/002601_pipeline_out_v2_new27_full/03_sector/training_samples_with_sector.csv --intraday-bars /root/stock_realtime_v021_full/saved_data/002601_pipeline_out_v2_new27_full/00_base/002601_5m.csv --out-dir /root/stock_realtime_v021_full/saved_data/002601_pipeline_out_v2_new27_full/10_search/search_vwap_low_hit_80bps --round-trip-cost-bps 1.7 --target-hit-bps 80.0 --label-mode hit --entry-policy vwap_low --entry-vwap-premium-bps 50.0 --max-missing 0.35 --groups reversal_fundamental_regime,reversal_fundamental_regime_sector,reversal_fundamental_regime_sector_external,all_no_ak --models xgb_d2_200_lr003_mcw5,xgb_d3_400_lr003_mcw3,xgb_d3_600_lr002_mcw3,xgb_d4_500_lr002_mcw5,lgbm_leaves7_400,lgbm_leaves15_700,extra_trees_600_d3,random_forest_600_d4 --quantiles 0.5,0.6,0.7,0.8 --train-rows 756 --valid-rows 126 --test-rows 63 --min-valid-trades 8 --min-train-entries 80
{
  "rows": 1539,
  "target_hit_bps": 80.0,
  "label_mode": "hit",
  "entry_policy": "vwap_low",
  "entry_vwap_premium_bps": 50.0,
  "groups": {
    "reversal_fundamental_regime": 137,
    "reversal_fundamental_regime_sector": 160,
    "reversal_fundamental_regime_sector_external": 160,
    "all_no_ak": 215
  },
  "models": [
    "xgb_d2_200_lr003_mcw5",
    "xgb_d3_400_lr003_mcw3",
    "xgb_d3_600_lr002_mcw3",
    "xgb_d4_500_lr002_mcw5",
    "extra_trees_600_d3",
    "random_forest_600_d4",
    "lgbm_leaves7_400",
    "lgbm_leaves15_700"
  ],
  "top": [
    {
      "entry_policy": "vwap_low",
      "feature_group": "reversal_fundamental_regime_sector",
      "model_name": "xgb_d3_400_lr003_mcw3",
      "target_hit_bps": 80.0,
      "trades": 219,
      "win_rate": 0.7077625570776256,
      "avg_return": 0.0009337359361364739,
      "median_return": 0.008,
      "compound_return": 0.2050046781912449,
      "max_drawdown": -0.12700939551948953,
      "profit_factor": 1.2090150572497855,
      "windows": 10
    },
    {
      "entry_policy": "vwap_low",
      "feature_group": "reversal_fundamental_regime_sector_external",
      "model_name": "xgb_d3_400_lr003_mcw3",
      "target_hit_bps": 80.0,
      "trades": 219,
      "win_rate": 0.7077625570776256,
      "avg_return": 0.0009337359361364739,
      "median_return": 0.008,
      "compound_return": 0.2050046781912449,
      "max_drawdown": -0.12700939551948953,
      "profit_factor": 1.2090150572497855,
      "windows": 10
    },
    {
      "entry_policy": "vwap_low",
      "feature_group": "reversal_fundamental_regime",
      "model_name": "lgbm_leaves7_400",
      "target_hit_bps": 80.0,
      "trades": 190,
      "win_rate": 0.7263157894736842,
      "avg_return": 0.0007842663710370562,
      "median_return": 0.008,
      "compound_return": 0.1363061122222795,
      "max_drawdown": -0.16302642847656812,
      "profit_factor": 1.1632383381650944,
      "windows": 10
    },
    {
      "entry_policy": "vwap_low",
      "feature_group": "reversal_fundamental_regime",
      "model_name": "xgb_d3_600_lr002_mcw3",
      "target_hit_bps": 80.0,
      "trades": 208,
      "win_rate": 0.7067307692307693,
      "avg_return": 0.0006963677079456098,
      "median_return": 0.008,
      "compound_return": 0.1345803935279879,
      "max_drawdown": -0.13532220979736864,
      "profit_factor": 1.1479178453739929,
      "windows": 10
    },
    {
      "entry_policy": "vwap_low",
      "feature_group": "all_no_ak",
      "model_name": "random_forest_600_d4",
      "target_hit_bps": 80.0,
      "trades": 252,
      "win_rate": 0.7420634920634921,
      "avg_return": 0.0006105615705396386,
      "median_return": 0.008,
      "compound_return": 0.13425100705045034,
      "max_drawdown": -0.1627009373413545,
      "profit_factor": 1.1205301040529154,
      "windows": 10
    },
    {
      "entry_policy": "vwap_low",
      "feature_group": "reversal_fundamental_regime",
      "model_name": "random_forest_600_d4",
      "target_hit_bps": 80.0,
      "trades": 234,
      "win_rate": 0.7307692307692307,
      "avg_return": 0.0006083251651686623,
      "median_return": 0.008,
      "compound_return": 0.12387966077026458,
      "max_drawdown": -0.18020438993434307,
      "profit_factor": 1.120090381018107,
      "windows": 10
    },
    {
      "entry_policy": "vwap_low",
      "feature_group": "reversal_fundamental_regime_sector",
      "model_name": "lgbm_leaves15_700",
      "target_hit_bps": 80.0,
      "trades": 211,
      "win_rate": 0.6635071090047393,
      "avg_return": 0.0005697753073713292,
      "median_return": 0.008,
      "compound_return": 0.11244788715758958,
      "max_drawdown": -0.1005491792445532,
      "profit_factor": 1.1280192012661423,
      "windows": 10
    },
    {
      "entry_policy": "vwap_low",
      "feature_group": "reversal_fundamental_regime_sector_external",
      "model_name": "lgbm_leaves15_700",
      "target_hit_bps": 80.0,
      "trades": 211,
      "win_rate": 0.6635071090047393,
      "avg_return": 0.0005697753073713292,
      "median_return": 0.008,
      "compound_return": 0.11244788715758958,
      "max_drawdown": -0.1005491792445532,
      "profit_factor": 1.1280192012661423,
      "windows": 10
    },
    {
      "entry_policy": "vwap_low",
      "feature_group": "all_no_ak",
      "model_name": "xgb_d2_200_lr003_mcw5",
      "target_hit_bps": 80.0,
      "trades": 269,
      "win_rate": 0.7026022304832714,
      "avg_return": 0.0004596042916651621,
      "median_return": 0.008,
      "compound_return": 0.10595591708943819,
      "max_drawdown": -0.17231002737483458,
      "profit_factor": 1.096238893317237,
      "windows": 10
    },
    {
      "entry_policy": "vwap_low",
      "feature_group": "reversal_fundamental_regime_sector",
      "model_name": "xgb_d3_600_lr002_mcw3",
      "target_hit_bps": 80.0,
      "trades": 205,
      "win_rate": 0.7024390243902439,
      "avg_return": 0.0005067497750566523,
      "median_return": 0.008,
      "compound_return": 0.09006477162789461,
      "max_drawdown": -0.15620248624173427,
      "profit_factor": 1.107068130038633,
      "windows": 10
    },
    {
      "entry_policy": "vwap_low",
      "feature_group": "reversal_fundamental_regime_sector_external",
      "model_name": "xgb_d3_600_lr002_mcw3",
      "target_hit_bps": 80.0,
      "trades": 205,
      "win_rate": 0.7024390243902439,
      "avg_return": 0.0005067497750566523,
      "median_return": 0.008,
      "compound_return": 0.09006477162789461,
      "max_drawdown": -0.15620248624173427,
      "profit_factor": 1.107068130038633,
      "windows": 10
    },
    {
      "entry_policy": "vwap_low",
      "feature_group": "reversal_fundamental_regime_sector",
      "model_name": "xgb_d2_200_lr003_mcw5",
      "target_hit_bps": 80.0,
      "trades": 277,
      "win_rate": 0.7003610108303249,
      "avg_return": 0.00033700223130769336,
      "median_return": 0.008,
      "compound_return": 0.0722601558192959,
      "max_drawdown": -0.17319716052693268,
      "profit_factor": 1.0697767562108418,
      "windows": 10
    },
    {
      "entry_policy": "vwap_low",
      "feature_group": "reversal_fundamental_regime_sector_external",
      "model_name": "xgb_d2_200_lr003_mcw5",
      "target_hit_bps": 80.0,
      "trades": 277,
      "win_rate": 0.7003610108303249,
      "avg_return": 0.00033700223130769336,
      "median_return": 0.008,
      "compound_return": 0.0722601558192959,
      "max_drawdown": -0.17319716052693268,
      "profit_factor": 1.0697767562108418,
      "windows": 10
    },
    {
      "entry_policy": "vwap_low",
      "feature_group": "reversal_fundamental_regime",
      "model_name": "xgb_d4_500_lr002_mcw5",
      "target_hit_bps": 80.0,
      "trades": 224,
      "win_rate": 0.6785714285714286,
      "avg_return": 0.00037732764111187165,
      "median_return": 0.008,
      "compound_return": 0.06731624930462687,
      "max_drawdown": -0.1685278317011516,
      "profit_factor": 1.0785548563511391,
      "windows": 10
    },
    {
      "entry_policy": "vwap_low",
      "feature_group": "reversal_fundamental_regime",
      "model_name": "xgb_d2_200_lr003_mcw5",
      "target_hit_bps": 80.0,
      "trades": 217,
      "win_rate": 0.7327188940092166,
      "avg_return": 0.0003947900724329699,
      "median_return": 0.008,
      "compound_return": 0.06358582193103413,
      "max_drawdown": -0.15980986273307096,
      "profit_factor": 1.0763117630467085,
      "windows": 10
    },
    {
      "entry_policy": "vwap_low",
      "feature_group": "reversal_fundamental_regime_sector",
      "model_name": "xgb_d4_500_lr002_mcw5",
      "target_hit_bps": 80.0,
      "trades": 247,
      "win_rate": 0.6882591093117408,
      "avg_return": 0.00027286410061657355,
      "median_return": 0.008,
      "compound_return": 0.04735678156874101,
      "max_drawdown": -0.16428810518534165,
      "profit_factor": 1.056441027978672,
      "windows": 10
    },
    {
      "entry_policy": "vwap_low",
      "feature_group": "reversal_fundamental_regime_sector_external",
      "model_name": "xgb_d4_500_lr002_mcw5",
      "target_hit_bps": 80.0,
      "trades": 247,
      "win_rate": 0.6882591093117408,
      "avg_return": 0.00027286410061657355,
      "median_return": 0.008,
      "compound_return": 0.04735678156874101,
      "max_drawdown": -0.16428810518534165,
      "profit_factor": 1.056441027978672,
      "windows": 10
    },
    {
      "entry_policy": "vwap_low",
      "feature_group": "all_no_ak",
      "model_name": "lgbm_leaves15_700",
      "target_hit_bps": 80.0,
      "trades": 238,
      "win_rate": 0.7016806722689075,
      "avg_return": 0.00020055073951945917,
      "median_return": 0.008,
      "compound_return": 0.025386369076949356,
      "max_drawdown": -0.14328015495590862,
      "profit_factor": 1.0393504007292502,
      "windows": 10
    },
    {
      "entry_policy": "vwap_low",
      "feature_group": "reversal_fundamental_regime_sector",
      "model_name": "random_forest_600_d4",
      "target_hit_bps": 80.0,
      "trades": 285,
      "win_rate": 0.6947368421052632,
      "avg_return": 0.00012760990451484428,
      "median_return": 0.008,
      "compound_return": 0.0075834250729702735,
      "max_drawdown": -0.1959254066873265,
      "profit_factor": 1.0245164134407638,
      "windows": 10
    },
    {
      "entry_policy": "vwap_low",
      "feature_group": "reversal_fundamental_regime_sector_external",
      "model_name": "random_forest_600_d4",
      "target_hit_bps": 80.0,
      "trades": 285,
      "win_rate": 0.6947368421052632,
      "avg_return": 0.00012760990451484428,
      "median_return": 0.008,
      "compound_return": 0.0075834250729702735,
      "max_drawdown": -0.1959254066873265,
      "profit_factor": 1.0245164134407638,
      "windows": 10
    }
  ]
}

[2026-05-18T01:27:43] RUN search_vwap_low_close_profit_50bps
  /usr/bin/python3 model_training/search_walk_forward_model_complexity.py --samples /root/stock_realtime_v021_full/saved_data/002601_pipeline_out_v2_new27_full/03_sector/training_samples_with_sector.csv --intraday-bars /root/stock_realtime_v021_full/saved_data/002601_pipeline_out_v2_new27_full/00_base/002601_5m.csv --out-dir /root/stock_realtime_v021_full/saved_data/002601_pipeline_out_v2_new27_full/10_search/search_vwap_low_close_profit_50bps --round-trip-cost-bps 1.7 --target-hit-bps 50.0 --label-mode close_profit --entry-policy vwap_low --entry-vwap-premium-bps 50.0 --max-missing 0.35 --groups reversal_fundamental_regime,reversal_fundamental_regime_sector,reversal_fundamental_regime_sector_external,all_no_ak --models xgb_d2_200_lr003_mcw5,xgb_d3_400_lr003_mcw3,xgb_d3_600_lr002_mcw3,xgb_d4_500_lr002_mcw5,lgbm_leaves7_400,lgbm_leaves15_700,extra_trees_600_d3,random_forest_600_d4 --quantiles 0.5,0.6,0.7,0.8 --train-rows 756 --valid-rows 126 --test-rows 63 --min-valid-trades 8 --min-train-entries 80
{
  "rows": 1539,
  "target_hit_bps": 50.0,
  "label_mode": "close_profit",
  "entry_policy": "vwap_low",
  "entry_vwap_premium_bps": 50.0,
  "groups": {
    "reversal_fundamental_regime": 137,
    "reversal_fundamental_regime_sector": 160,
    "reversal_fundamental_regime_sector_external": 160,
    "all_no_ak": 215
  },
  "models": [
    "xgb_d2_200_lr003_mcw5",
    "xgb_d3_400_lr003_mcw3",
    "xgb_d3_600_lr002_mcw3",
    "xgb_d4_500_lr002_mcw5",
    "extra_trees_600_d3",
    "random_forest_600_d4",
    "lgbm_leaves7_400",
    "lgbm_leaves15_700"
  ],
  "top": [
    {
      "entry_policy": "vwap_low",
      "feature_group": "reversal_fundamental_regime",
      "model_name": "lgbm_leaves7_400",
      "target_hit_bps": 50.0,
      "trades": 194,
      "win_rate": 0.5412371134020618,
      "avg_return": 0.002707682901457367,
      "median_return": 0.0016238965685895258,
      "compound_return": 0.6411780885008436,
      "max_drawdown": -0.14541317641932017,
      "profit_factor": 1.5215737627094856,
      "windows": 10
    },
    {
      "entry_policy": "vwap_low",
      "feature_group": "reversal_fundamental_regime",
      "model_name": "xgb_d2_200_lr003_mcw5",
      "target_hit_bps": 50.0,
      "trades": 221,
      "win_rate": 0.5339366515837104,
      "avg_return": 0.002154013078194428,
      "median_return": 0.0009644299489506326,
      "compound_return": 0.5604180263109841,
      "max_drawdown": -0.17569192049543403,
      "profit_factor": 1.4137422293858102,
      "windows": 10
    },
    {
      "entry_policy": "vwap_low",
      "feature_group": "reversal_fundamental_regime",
      "model_name": "extra_trees_600_d3",
      "target_hit_bps": 50.0,
      "trades": 172,
      "win_rate": 0.5058139534883721,
      "avg_return": 0.0022531475092595395,
      "median_return": 0.0003703062959671301,
      "compound_return": 0.43072745747581176,
      "max_drawdown": -0.13840078159142188,
      "profit_factor": 1.4398427227506831,
      "windows": 10
    },
    {
      "entry_policy": "vwap_low",
      "feature_group": "all_no_ak",
      "model_name": "extra_trees_600_d3",
      "target_hit_bps": 50.0,
      "trades": 158,
      "win_rate": 0.5253164556962026,
      "avg_return": 0.002329533048732726,
      "median_return": 0.0007424094347097156,
      "compound_return": 0.4068394220376639,
      "max_drawdown": -0.12842798994894666,
      "profit_factor": 1.4615689475837759,
      "windows": 10
    },
    {
      "entry_policy": "vwap_low",
      "feature_group": "reversal_fundamental_regime",
      "model_name": "xgb_d3_400_lr003_mcw3",
      "target_hit_bps": 50.0,
      "trades": 207,
      "win_rate": 0.5217391304347826,
      "avg_return": 0.0017415915133085348,
      "median_return": 0.0009593054771315258,
      "compound_return": 0.39570477279423755,
      "max_drawdown": -0.14346072520961994,
      "profit_factor": 1.3376383585919187,
      "windows": 10
    },
    {
      "entry_policy": "vwap_low",
      "feature_group": "reversal_fundamental_regime_sector",
      "model_name": "extra_trees_600_d3",
      "target_hit_bps": 50.0,
      "trades": 149,
      "win_rate": 0.5033557046979866,
      "avg_return": 0.0020214887661092625,
      "median_return": 0.0004224170616113944,
      "compound_return": 0.3124652708025286,
      "max_drawdown": -0.13244631523840122,
      "profit_factor": 1.3553648575606216,
      "windows": 10
    },
    {
      "entry_policy": "vwap_low",
      "feature_group": "reversal_fundamental_regime_sector_external",
      "model_name": "extra_trees_600_d3",
      "target_hit_bps": 50.0,
      "trades": 149,
      "win_rate": 0.5033557046979866,
      "avg_return": 0.0020214887661092625,
      "median_return": 0.0004224170616113944,
      "compound_return": 0.3124652708025286,
      "max_drawdown": -0.13244631523840122,
      "profit_factor": 1.3553648575606216,
      "windows": 10
    },
    {
      "entry_policy": "vwap_low",
      "feature_group": "reversal_fundamental_regime_sector",
      "model_name": "random_forest_600_d4",
      "target_hit_bps": 50.0,
      "trades": 132,
      "win_rate": 0.5454545454545454,
      "avg_return": 0.0022145523446967467,
      "median_return": 0.0016570462937034493,
      "compound_return": 0.3044672769525567,
      "max_drawdown": -0.12451933478779875,
      "profit_factor": 1.357356387301718,
      "windows": 10
    },
    {
      "entry_policy": "vwap_low",
      "feature_group": "reversal_fundamental_regime_sector_external",
      "model_name": "random_forest_600_d4",
      "target_hit_bps": 50.0,
      "trades": 132,
      "win_rate": 0.5454545454545454,
      "avg_return": 0.0022145523446967467,
      "median_return": 0.0016570462937034493,
      "compound_return": 0.3044672769525567,
      "max_drawdown": -0.12451933478779875,
      "profit_factor": 1.357356387301718,
      "windows": 10
    },
    {
      "entry_policy": "vwap_low",
      "feature_group": "reversal_fundamental_regime",
      "model_name": "random_forest_600_d4",
      "target_hit_bps": 50.0,
      "trades": 200,
      "win_rate": 0.525,
      "avg_return": 0.0014681763007708133,
      "median_return": 0.0006961624739181306,
      "compound_return": 0.29820057357927987,
      "max_drawdown": -0.19203027363316005,
      "profit_factor": 1.253563676215351,
      "windows": 10
    },
    {
      "entry_policy": "vwap_low",
      "feature_group": "all_no_ak",
      "model_name": "random_forest_600_d4",
      "target_hit_bps": 50.0,
      "trades": 107,
      "win_rate": 0.5233644859813084,
      "avg_return": 0.002531262915554416,
      "median_return": 0.0014274440894568342,
      "compound_return": 0.27981261907259247,
      "max_drawdown": -0.1603715067082656,
      "profit_factor": 1.3939801597849275,
      "windows": 10
    },
    {
      "entry_policy": "vwap_low",
      "feature_group": "reversal_fundamental_regime_sector",
      "model_name": "xgb_d2_200_lr003_mcw5",
      "target_hit_bps": 50.0,
      "trades": 183,
      "win_rate": 0.4918032786885246,
      "avg_return": 0.001520453413861978,
      "median_return": -0.00016999999999999999,
      "compound_return": 0.27969713400907503,
      "max_drawdown": -0.19894660888615467,
      "profit_factor": 1.2430138056225943,
      "windows": 10
    },
    {
      "entry_policy": "vwap_low",
      "feature_group": "reversal_fundamental_regime_sector_external",
      "model_name": "xgb_d2_200_lr003_mcw5",
      "target_hit_bps": 50.0,
      "trades": 183,
      "win_rate": 0.4918032786885246,
      "avg_return": 0.001520453413861978,
      "median_return": -0.00016999999999999999,
      "compound_return": 0.27969713400907503,
      "max_drawdown": -0.19894660888615467,
      "profit_factor": 1.2430138056225943,
      "windows": 10
    },
    {
      "entry_policy": "vwap_low",
      "feature_group": "reversal_fundamental_regime_sector",
      "model_name": "lgbm_leaves7_400",
      "target_hit_bps": 50.0,
      "trades": 175,
      "win_rate": 0.52,
      "avg_return": 0.0010869134746720444,
      "median_return": 0.0009175475802065715,
      "compound_return": 0.17806558953083207,
      "max_drawdown": -0.2090947246741961,
      "profit_factor": 1.1760691161389043,
      "windows": 10
    },
    {
      "entry_policy": "vwap_low",
      "feature_group": "reversal_fundamental_regime_sector_external",
      "model_name": "lgbm_leaves7_400",
      "target_hit_bps": 50.0,
      "trades": 175,
      "win_rate": 0.52,
      "avg_return": 0.0010869134746720444,
      "median_return": 0.0009175475802065715,
      "compound_return": 0.17806558953083207,
      "max_drawdown": -0.2090947246741961,
      "profit_factor": 1.1760691161389043,
      "windows": 10
    },
    {
      "entry_policy": "vwap_low",
      "feature_group": "reversal_fundamental_regime_sector",
      "model_name": "lgbm_leaves15_700",
      "target_hit_bps": 50.0,
      "trades": 155,
      "win_rate": 0.5161290322580645,
      "avg_return": 0.001198947679206677,
      "median_return": 0.0004573525721456341,
      "compound_return": 0.17704838596293815,
      "max_drawdown": -0.1989466088861539,
      "profit_factor": 1.2019668190357782,
      "windows": 10
    },
    {
      "entry_policy": "vwap_low",
      "feature_group": "reversal_fundamental_regime_sector_external",
      "model_name": "lgbm_leaves15_700",
      "target_hit_bps": 50.0,
      "trades": 155,
      "win_rate": 0.5161290322580645,
      "avg_return": 0.001198947679206677,
      "median_return": 0.0004573525721456341,
      "compound_return": 0.17704838596293815,
      "max_drawdown": -0.1989466088861539,
      "profit_factor": 1.2019668190357782,
      "windows": 10
    },
    {
      "entry_policy": "vwap_low",
      "feature_group": "reversal_fundamental_regime_sector",
      "model_name": "xgb_d3_600_lr002_mcw3",
      "target_hit_bps": 50.0,
      "trades": 179,
      "win_rate": 0.5083798882681564,
      "avg_return": 0.001031083953514737,
      "median_return": 0.0004255926146514745,
      "compound_return": 0.17376284940786313,
      "max_drawdown": -0.18465110061486267,
      "profit_factor": 1.1800478561062613,
      "windows": 10
    },
    {
      "entry_policy": "vwap_low",
      "feature_group": "reversal_fundamental_regime_sector_external",
      "model_name": "xgb_d3_600_lr002_mcw3",
      "target_hit_bps": 50.0,
      "trades": 179,
      "win_rate": 0.5083798882681564,
      "avg_return": 0.001031083953514737,
      "median_return": 0.0004255926146514745,
      "compound_return": 0.17376284940786313,
      "max_drawdown": -0.18465110061486267,
      "profit_factor": 1.1800478561062613,
      "windows": 10
    },
    {
      "entry_policy": "vwap_low",
      "feature_group": "all_no_ak",
      "model_name": "xgb_d2_200_lr003_mcw5",
      "target_hit_bps": 50.0,
      "trades": 161,
      "win_rate": 0.4968944099378882,
      "avg_return": 0.0010967154474197797,
      "median_return": -0.00016999999999999999,
      "compound_return": 0.16148499791999216,
      "max_drawdown": -0.19203027363315972,
      "profit_factor": 1.1784943737750542,
      "windows": 10
    }
  ]
}

[2026-05-18T02:51:45] RUN search_all_days_hit_50bps
  /usr/bin/python3 model_training/search_walk_forward_model_complexity.py --samples /root/stock_realtime_v021_full/saved_data/002601_pipeline_out_v2_new27_full/03_sector/training_samples_with_sector.csv --intraday-bars /root/stock_realtime_v021_full/saved_data/002601_pipeline_out_v2_new27_full/00_base/002601_5m.csv --out-dir /root/stock_realtime_v021_full/saved_data/002601_pipeline_out_v2_new27_full/10_search/search_all_days_hit_50bps --round-trip-cost-bps 1.7 --target-hit-bps 50.0 --label-mode hit --entry-policy all_days --entry-vwap-premium-bps 50.0 --max-missing 0.35 --groups reversal_fundamental_regime,reversal_fundamental_regime_sector,reversal_fundamental_regime_sector_external,all_no_ak --models xgb_d2_200_lr003_mcw5,xgb_d3_400_lr003_mcw3,xgb_d3_600_lr002_mcw3,xgb_d4_500_lr002_mcw5,lgbm_leaves7_400,lgbm_leaves15_700,extra_trees_600_d3,random_forest_600_d4 --quantiles 0.5,0.6,0.7,0.8 --train-rows 756 --valid-rows 126 --test-rows 63 --min-valid-trades 8 --min-train-entries 80
{
  "rows": 1539,
  "target_hit_bps": 50.0,
  "label_mode": "hit",
  "entry_policy": "all_days",
  "entry_vwap_premium_bps": 50.0,
  "groups": {
    "reversal_fundamental_regime": 137,
    "reversal_fundamental_regime_sector": 160,
    "reversal_fundamental_regime_sector_external": 160,
    "all_no_ak": 215
  },
  "models": [
    "xgb_d2_200_lr003_mcw5",
    "xgb_d3_400_lr003_mcw3",
    "xgb_d3_600_lr002_mcw3",
    "xgb_d4_500_lr002_mcw5",
    "extra_trees_600_d3",
    "random_forest_600_d4",
    "lgbm_leaves7_400",
    "lgbm_leaves15_700"
  ],
  "top": [
    {
      "entry_policy": "all_days",
      "feature_group": "reversal_fundamental_regime",
      "model_name": "lgbm_leaves7_400",
      "target_hit_bps": 50.0,
      "trades": 183,
      "win_rate": 0.7868852459016393,
      "avg_return": 0.00025617692367048775,
      "median_return": 0.005,
      "compound_return": 0.03678658286709369,
      "max_drawdown": -0.13568432467288383,
      "profit_factor": 1.0701335003794854,
      "windows": 10
    },
    {
      "entry_policy": "all_days",
      "feature_group": "reversal_fundamental_regime_sector",
      "model_name": "xgb_d2_200_lr003_mcw5",
      "target_hit_bps": 50.0,
      "trades": 187,
      "win_rate": 0.8021390374331551,
      "avg_return": -3.5559659316298446e-05,
      "median_return": 0.005,
      "compound_return": -0.0219418606679207,
      "max_drawdown": -0.2022377938258102,
      "profit_factor": 0.9909469443488742,
      "windows": 10
    },
    {
      "entry_policy": "all_days",
      "feature_group": "reversal_fundamental_regime_sector_external",
      "model_name": "xgb_d2_200_lr003_mcw5",
      "target_hit_bps": 50.0,
      "trades": 187,
      "win_rate": 0.8021390374331551,
      "avg_return": -3.5559659316298446e-05,
      "median_return": 0.005,
      "compound_return": -0.0219418606679207,
      "max_drawdown": -0.2022377938258102,
      "profit_factor": 0.9909469443488742,
      "windows": 10
    },
    {
      "entry_policy": "all_days",
      "feature_group": "reversal_fundamental_regime_sector",
      "model_name": "xgb_d3_400_lr003_mcw3",
      "target_hit_bps": 50.0,
      "trades": 217,
      "win_rate": 0.8018433179723502,
      "avg_return": -8.936094722166751e-05,
      "median_return": 0.005,
      "compound_return": -0.03693673769931538,
      "max_drawdown": -0.184847461435386,
      "profit_factor": 0.977717483430988,
      "windows": 10
    },
    {
      "entry_policy": "all_days",
      "feature_group": "reversal_fundamental_regime_sector_external",
      "model_name": "xgb_d3_400_lr003_mcw3",
      "target_hit_bps": 50.0,
      "trades": 217,
      "win_rate": 0.8018433179723502,
      "avg_return": -8.936094722166751e-05,
      "median_return": 0.005,
      "compound_return": -0.03693673769931538,
      "max_drawdown": -0.184847461435386,
      "profit_factor": 0.977717483430988,
      "windows": 10
    },
    {
      "entry_policy": "all_days",
      "feature_group": "reversal_fundamental_regime",
      "model_name": "xgb_d3_600_lr002_mcw3",
      "target_hit_bps": 50.0,
      "trades": 273,
      "win_rate": 0.7912087912087912,
      "avg_return": -7.383423906229853e-05,
      "median_return": 0.005,
      "compound_return": -0.04012665652715797,
      "max_drawdown": -0.2444735105126149,
      "profit_factor": 0.9814599230323472,
      "windows": 10
    },
    {
      "entry_policy": "all_days",
      "feature_group": "reversal_fundamental_regime_sector",
      "model_name": "xgb_d4_500_lr002_mcw5",
      "target_hit_bps": 50.0,
      "trades": 218,
      "win_rate": 0.7798165137614679,
      "avg_return": -0.00012699027680813818,
      "median_return": 0.005,
      "compound_return": -0.04373843446634362,
      "max_drawdown": -0.145291856849029,
      "profit_factor": 0.9680333366607439,
      "windows": 10
    },
    {
      "entry_policy": "all_days",
      "feature_group": "reversal_fundamental_regime_sector_external",
      "model_name": "xgb_d4_500_lr002_mcw5",
      "target_hit_bps": 50.0,
      "trades": 218,
      "win_rate": 0.7798165137614679,
      "avg_return": -0.00012699027680813818,
      "median_return": 0.005,
      "compound_return": -0.04373843446634362,
      "max_drawdown": -0.145291856849029,
      "profit_factor": 0.9680333366607439,
      "windows": 10
    },
    {
      "entry_policy": "all_days",
      "feature_group": "reversal_fundamental_regime",
      "model_name": "xgb_d2_200_lr003_mcw5",
      "target_hit_bps": 50.0,
      "trades": 228,
      "win_rate": 0.7894736842105263,
      "avg_return": -0.0002144246734886539,
      "median_return": 0.005,
      "compound_return": -0.06524406111683057,
      "max_drawdown": -0.23911270947968843,
      "profit_factor": 0.9482043574454769,
      "windows": 10
    },
    {
      "entry_policy": "all_days",
      "feature_group": "reversal_fundamental_regime",
      "model_name": "xgb_d3_400_lr003_mcw3",
      "target_hit_bps": 50.0,
      "trades": 211,
      "win_rate": 0.7962085308056872,
      "avg_return": -0.0002768944530022864,
      "median_return": 0.005,
      "compound_return": -0.07347212332616415,
      "max_drawdown": -0.24121686533230835,
      "profit_factor": 0.9346051633785711,
      "windows": 10
    },
    {
      "entry_policy": "all_days",
      "feature_group": "reversal_fundamental_regime_sector",
      "model_name": "xgb_d3_600_lr002_mcw3",
      "target_hit_bps": 50.0,
      "trades": 199,
      "win_rate": 0.7889447236180904,
      "avg_return": -0.0004678047593169973,
      "median_return": 0.005,
      "compound_return": -0.10501493024583641,
      "max_drawdown": -0.2309089820629976,
      "profit_factor": 0.893048612906207,
      "windows": 10
    },
    {
      "entry_policy": "all_days",
      "feature_group": "reversal_fundamental_regime_sector_external",
      "model_name": "xgb_d3_600_lr002_mcw3",
      "target_hit_bps": 50.0,
      "trades": 199,
      "win_rate": 0.7889447236180904,
      "avg_return": -0.0004678047593169973,
      "median_return": 0.005,
      "compound_return": -0.10501493024583641,
      "max_drawdown": -0.2309089820629976,
      "profit_factor": 0.893048612906207,
      "windows": 10
    },
    {
      "entry_policy": "all_days",
      "feature_group": "reversal_fundamental_regime_sector",
      "model_name": "lgbm_leaves15_700",
      "target_hit_bps": 50.0,
      "trades": 201,
      "win_rate": 0.7810945273631841,
      "avg_return": -0.0006113029940900524,
      "median_return": 0.005,
      "compound_return": -0.1314412958604826,
      "max_drawdown": -0.21554092617643827,
      "profit_factor": 0.862884723914233,
      "windows": 10
    },
    {
      "entry_policy": "all_days",
      "feature_group": "reversal_fundamental_regime_sector_external",
      "model_name": "lgbm_leaves15_700",
      "target_hit_bps": 50.0,
      "trades": 201,
      "win_rate": 0.7810945273631841,
      "avg_return": -0.0006113029940900524,
      "median_return": 0.005,
      "compound_return": -0.1314412958604826,
      "max_drawdown": -0.21554092617643827,
      "profit_factor": 0.862884723914233,
      "windows": 10
    },
    {
      "entry_policy": "all_days",
      "feature_group": "reversal_fundamental_regime_sector",
      "model_name": "random_forest_600_d4",
      "target_hit_bps": 50.0,
      "trades": 174,
      "win_rate": 0.7931034482758621,
      "avg_return": -0.000992701687218129,
      "median_return": 0.005,
      "compound_return": -0.1759273157338378,
      "max_drawdown": -0.274263100265967,
      "profit_factor": 0.7989412304589295,
      "windows": 10
    },
    {
      "entry_policy": "all_days",
      "feature_group": "reversal_fundamental_regime_sector_external",
      "model_name": "random_forest_600_d4",
      "target_hit_bps": 50.0,
      "trades": 174,
      "win_rate": 0.7931034482758621,
      "avg_return": -0.000992701687218129,
      "median_return": 0.005,
      "compound_return": -0.1759273157338378,
      "max_drawdown": -0.274263100265967,
      "profit_factor": 0.7989412304589295,
      "windows": 10
    },
    {
      "entry_policy": "all_days",
      "feature_group": "reversal_fundamental_regime_sector",
      "model_name": "extra_trees_600_d3",
      "target_hit_bps": 50.0,
      "trades": 298,
      "win_rate": 0.7718120805369127,
      "avg_return": -0.000581677503702734,
      "median_return": 0.005,
      "compound_return": -0.17945812467332822,
      "max_drawdown": -0.30147712878586674,
      "profit_factor": 0.8667620562171275,
      "windows": 10
    },
    {
      "entry_policy": "all_days",
      "feature_group": "reversal_fundamental_regime_sector_external",
      "model_name": "extra_trees_600_d3",
      "target_hit_bps": 50.0,
      "trades": 298,
      "win_rate": 0.7718120805369127,
      "avg_return": -0.000581677503702734,
      "median_return": 0.005,
      "compound_return": -0.17945812467332822,
      "max_drawdown": -0.30147712878586674,
      "profit_factor": 0.8667620562171275,
      "windows": 10
    },
    {
      "entry_policy": "all_days",
      "feature_group": "reversal_fundamental_regime",
      "model_name": "random_forest_600_d4",
      "target_hit_bps": 50.0,
      "trades": 232,
      "win_rate": 0.7801724137931034,
      "avg_return": -0.0008525205145404343,
      "median_return": 0.005,
      "compound_return": -0.19921741432862394,
      "max_drawdown": -0.28684421738517907,
      "profit_factor": 0.8198312499977697,
      "windows": 10
    },
    {
      "entry_policy": "all_days",
      "feature_group": "all_no_ak",
      "model_name": "lgbm_leaves7_400",
      "target_hit_bps": 50.0,
      "trades": 216,
      "win_rate": 0.7453703703703703,
      "avg_return": -0.0009561435115640076,
      "median_return": 0.005,
      "compound_return": -0.20069681744812418,
      "max_drawdown": -0.26042093156609214,
      "profit_factor": 0.7921688742626795,
      "windows": 10
    }
  ]
}

[2026-05-18T04:33:25] RUN search_all_days_hit_80bps
  /usr/bin/python3 model_training/search_walk_forward_model_complexity.py --samples /root/stock_realtime_v021_full/saved_data/002601_pipeline_out_v2_new27_full/03_sector/training_samples_with_sector.csv --intraday-bars /root/stock_realtime_v021_full/saved_data/002601_pipeline_out_v2_new27_full/00_base/002601_5m.csv --out-dir /root/stock_realtime_v021_full/saved_data/002601_pipeline_out_v2_new27_full/10_search/search_all_days_hit_80bps --round-trip-cost-bps 1.7 --target-hit-bps 80.0 --label-mode hit --entry-policy all_days --entry-vwap-premium-bps 50.0 --max-missing 0.35 --groups reversal_fundamental_regime,reversal_fundamental_regime_sector,reversal_fundamental_regime_sector_external,all_no_ak --models xgb_d2_200_lr003_mcw5,xgb_d3_400_lr003_mcw3,xgb_d3_600_lr002_mcw3,xgb_d4_500_lr002_mcw5,lgbm_leaves7_400,lgbm_leaves15_700,extra_trees_600_d3,random_forest_600_d4 --quantiles 0.5,0.6,0.7,0.8 --train-rows 756 --valid-rows 126 --test-rows 63 --min-valid-trades 8 --min-train-entries 80
{
  "rows": 1539,
  "target_hit_bps": 80.0,
  "label_mode": "hit",
  "entry_policy": "all_days",
  "entry_vwap_premium_bps": 50.0,
  "groups": {
    "reversal_fundamental_regime": 137,
    "reversal_fundamental_regime_sector": 160,
    "reversal_fundamental_regime_sector_external": 160,
    "all_no_ak": 215
  },
  "models": [
    "xgb_d2_200_lr003_mcw5",
    "xgb_d3_400_lr003_mcw3",
    "xgb_d3_600_lr002_mcw3",
    "xgb_d4_500_lr002_mcw5",
    "extra_trees_600_d3",
    "random_forest_600_d4",
    "lgbm_leaves7_400",
    "lgbm_leaves15_700"
  ],
  "top": [
    {
      "entry_policy": "all_days",
      "feature_group": "reversal_fundamental_regime_sector",
      "model_name": "xgb_d3_400_lr003_mcw3",
      "target_hit_bps": 80.0,
      "trades": 234,
      "win_rate": 0.7094017094017094,
      "avg_return": 0.0006657624883429447,
      "median_return": 0.008,
      "compound_return": 0.14398073200190753,
      "max_drawdown": -0.12700939551948953,
      "profit_factor": 1.139715350336789,
      "windows": 10
    },
    {
      "entry_policy": "all_days",
      "feature_group": "reversal_fundamental_regime_sector_external",
      "model_name": "xgb_d3_400_lr003_mcw3",
      "target_hit_bps": 80.0,
      "trades": 234,
      "win_rate": 0.7094017094017094,
      "avg_return": 0.0006657624883429447,
      "median_return": 0.008,
      "compound_return": 0.14398073200190753,
      "max_drawdown": -0.12700939551948953,
      "profit_factor": 1.139715350336789,
      "windows": 10
    },
    {
      "entry_policy": "all_days",
      "feature_group": "reversal_fundamental_regime",
      "model_name": "xgb_d3_600_lr002_mcw3",
      "target_hit_bps": 80.0,
      "trades": 218,
      "win_rate": 0.7110091743119266,
      "avg_return": 0.0006960237580679043,
      "median_return": 0.008,
      "compound_return": 0.14078214888894136,
      "max_drawdown": -0.13532220979736864,
      "profit_factor": 1.1464134217878041,
      "windows": 10
    },
    {
      "entry_policy": "all_days",
      "feature_group": "reversal_fundamental_regime_sector",
      "model_name": "lgbm_leaves15_700",
      "target_hit_bps": 80.0,
      "trades": 221,
      "win_rate": 0.669683257918552,
      "avg_return": 0.00048483726055353383,
      "median_return": 0.008,
      "compound_return": 0.09598001296833858,
      "max_drawdown": -0.10517060168690529,
      "profit_factor": 1.105443832301466,
      "windows": 10
    },
    {
      "entry_policy": "all_days",
      "feature_group": "reversal_fundamental_regime_sector_external",
      "model_name": "lgbm_leaves15_700",
      "target_hit_bps": 80.0,
      "trades": 221,
      "win_rate": 0.669683257918552,
      "avg_return": 0.00048483726055353383,
      "median_return": 0.008,
      "compound_return": 0.09598001296833858,
      "max_drawdown": -0.10517060168690529,
      "profit_factor": 1.105443832301466,
      "windows": 10
    },
    {
      "entry_policy": "all_days",
      "feature_group": "all_no_ak",
      "model_name": "lgbm_leaves15_700",
      "target_hit_bps": 80.0,
      "trades": 237,
      "win_rate": 0.7088607594936709,
      "avg_return": 0.0003294584067065127,
      "median_return": 0.008,
      "compound_return": 0.05691149426572628,
      "max_drawdown": -0.14328015495590862,
      "profit_factor": 1.0655803801086323,
      "windows": 10
    },
    {
      "entry_policy": "all_days",
      "feature_group": "reversal_fundamental_regime_sector",
      "model_name": "xgb_d3_600_lr002_mcw3",
      "target_hit_bps": 80.0,
      "trades": 214,
      "win_rate": 0.7009345794392523,
      "avg_return": 0.00030392592810090724,
      "median_return": 0.008,
      "compound_return": 0.04662300995186741,
      "max_drawdown": -0.15620248624173427,
      "profit_factor": 1.0615268718870643,
      "windows": 10
    },
    {
      "entry_policy": "all_days",
      "feature_group": "reversal_fundamental_regime_sector_external",
      "model_name": "xgb_d3_600_lr002_mcw3",
      "target_hit_bps": 80.0,
      "trades": 214,
      "win_rate": 0.7009345794392523,
      "avg_return": 0.00030392592810090724,
      "median_return": 0.008,
      "compound_return": 0.04662300995186741,
      "max_drawdown": -0.15620248624173427,
      "profit_factor": 1.0615268718870643,
      "windows": 10
    },
    {
      "entry_policy": "all_days",
      "feature_group": "reversal_fundamental_regime",
      "model_name": "xgb_d4_500_lr002_mcw5",
      "target_hit_bps": 80.0,
      "trades": 232,
      "win_rate": 0.6767241379310345,
      "avg_return": 0.0001624044669656884,
      "median_return": 0.008,
      "compound_return": 0.0166478890704318,
      "max_drawdown": -0.1685278317011516,
      "profit_factor": 1.03240275535428,
      "windows": 10
    },
    {
      "entry_policy": "all_days",
      "feature_group": "reversal_fundamental_regime",
      "model_name": "random_forest_600_d4",
      "target_hit_bps": 80.0,
      "trades": 266,
      "win_rate": 0.7330827067669173,
      "avg_return": 0.00017360347017198472,
      "median_return": 0.008,
      "compound_return": 0.013156308151204055,
      "max_drawdown": -0.18020438993434307,
      "profit_factor": 1.031339112637095,
      "windows": 10
    },
    {
      "entry_policy": "all_days",
      "feature_group": "reversal_fundamental_regime",
      "model_name": "xgb_d2_200_lr003_mcw5",
      "target_hit_bps": 80.0,
      "trades": 235,
      "win_rate": 0.7319148936170212,
      "avg_return": 3.91241484714256e-05,
      "median_return": 0.008,
      "compound_return": -0.01969002544494991,
      "max_drawdown": -0.17648819792086368,
      "profit_factor": 1.0070556191778304,
      "windows": 10
    },
    {
      "entry_policy": "all_days",
      "feature_group": "reversal_fundamental_regime",
      "model_name": "lgbm_leaves7_400",
      "target_hit_bps": 80.0,
      "trades": 208,
      "win_rate": 0.7211538461538461,
      "avg_return": 5.656961747090938e-06,
      "median_return": 0.008,
      "compound_return": -0.02633516389531254,
      "max_drawdown": -0.20005782434108554,
      "profit_factor": 1.0010172678707148,
      "windows": 10
    },
    {
      "entry_policy": "all_days",
      "feature_group": "reversal_fundamental_regime_sector",
      "model_name": "xgb_d2_200_lr003_mcw5",
      "target_hit_bps": 80.0,
      "trades": 290,
      "win_rate": 0.696551724137931,
      "avg_return": -2.5710278200697396e-05,
      "median_return": 0.008,
      "compound_return": -0.034021375472033655,
      "max_drawdown": -0.17319716052693268,
      "profit_factor": 0.995038073194694,
      "windows": 10
    },
    {
      "entry_policy": "all_days",
      "feature_group": "reversal_fundamental_regime_sector_external",
      "model_name": "xgb_d2_200_lr003_mcw5",
      "target_hit_bps": 80.0,
      "trades": 290,
      "win_rate": 0.696551724137931,
      "avg_return": -2.5710278200697396e-05,
      "median_return": 0.008,
      "compound_return": -0.034021375472033655,
      "max_drawdown": -0.17319716052693268,
      "profit_factor": 0.995038073194694,
      "windows": 10
    },
    {
      "entry_policy": "all_days",
      "feature_group": "reversal_fundamental_regime",
      "model_name": "xgb_d3_400_lr003_mcw3",
      "target_hit_bps": 80.0,
      "trades": 237,
      "win_rate": 0.6919831223628692,
      "avg_return": -5.3134004378004825e-05,
      "median_return": 0.008,
      "compound_return": -0.03636870828808658,
      "max_drawdown": -0.16498683483836274,
      "profit_factor": 0.9900404813178445,
      "windows": 10
    },
    {
      "entry_policy": "all_days",
      "feature_group": "reversal_fundamental_regime",
      "model_name": "lgbm_leaves15_700",
      "target_hit_bps": 80.0,
      "trades": 238,
      "win_rate": 0.6764705882352942,
      "avg_return": -8.685316770853451e-05,
      "median_return": 0.008,
      "compound_return": -0.04258965535820536,
      "max_drawdown": -0.1551037707261499,
      "profit_factor": 0.9834150804091116,
      "windows": 10
    },
    {
      "entry_policy": "all_days",
      "feature_group": "reversal_fundamental_regime_sector",
      "model_name": "xgb_d4_500_lr002_mcw5",
      "target_hit_bps": 80.0,
      "trades": 249,
      "win_rate": 0.678714859437751,
      "avg_return": -0.00011022539124789524,
      "median_return": 0.008,
      "compound_return": -0.04893784966523318,
      "max_drawdown": -0.16428810518534165,
      "profit_factor": 0.9785738674790515,
      "windows": 10
    },
    {
      "entry_policy": "all_days",
      "feature_group": "reversal_fundamental_regime_sector_external",
      "model_name": "xgb_d4_500_lr002_mcw5",
      "target_hit_bps": 80.0,
      "trades": 249,
      "win_rate": 0.678714859437751,
      "avg_return": -0.00011022539124789524,
      "median_return": 0.008,
      "compound_return": -0.04893784966523318,
      "max_drawdown": -0.16428810518534165,
      "profit_factor": 0.9785738674790515,
      "windows": 10
    },
    {
      "entry_policy": "all_days",
      "feature_group": "all_no_ak",
      "model_name": "random_forest_600_d4",
      "target_hit_bps": 80.0,
      "trades": 285,
      "win_rate": 0.7298245614035088,
      "avg_return": -8.952530784401664e-05,
      "median_return": 0.008,
      "compound_return": -0.05970960704888273,
      "max_drawdown": -0.23335836042356983,
      "profit_factor": 0.9842881608642526,
      "windows": 10
    },
    {
      "entry_policy": "all_days",
      "feature_group": "all_no_ak",
      "model_name": "xgb_d2_200_lr003_mcw5",
      "target_hit_bps": 80.0,
      "trades": 306,
      "win_rate": 0.7091503267973857,
      "avg_return": -0.00010279994072174841,
      "median_return": 0.008,
      "compound_return": -0.06379479145345557,
      "max_drawdown": -0.18552773419293722,
      "profit_factor": 0.9810927642594508,
      "windows": 10
    }
  ]
}

[2026-05-18T04:43:32] RUN search_all_days_close_profit_50bps
  /usr/bin/python3 model_training/search_walk_forward_model_complexity.py --samples /root/stock_realtime_v021_full/saved_data/002601_pipeline_out_v2_new27_full/03_sector/training_samples_with_sector.csv --intraday-bars /root/stock_realtime_v021_full/saved_data/002601_pipeline_out_v2_new27_full/00_base/002601_5m.csv --out-dir /root/stock_realtime_v021_full/saved_data/002601_pipeline_out_v2_new27_full/10_search/search_all_days_close_profit_50bps --round-trip-cost-bps 1.7 --target-hit-bps 50.0 --label-mode close_profit --entry-policy all_days --entry-vwap-premium-bps 50.0 --max-missing 0.35 --groups reversal_fundamental_regime,reversal_fundamental_regime_sector,reversal_fundamental_regime_sector_external,all_no_ak --models xgb_d2_200_lr003_mcw5,xgb_d3_400_lr003_mcw3,xgb_d3_600_lr002_mcw3,xgb_d4_500_lr002_mcw5,lgbm_leaves7_400,lgbm_leaves15_700,extra_trees_600_d3,random_forest_600_d4 --quantiles 0.5,0.6,0.7,0.8 --train-rows 756 --valid-rows 126 --test-rows 63 --min-valid-trades 8 --min-train-entries 80
{
  "rows": 1539,
  "target_hit_bps": 50.0,
  "label_mode": "close_profit",
  "entry_policy": "all_days",
  "entry_vwap_premium_bps": 50.0,
  "groups": {
    "reversal_fundamental_regime": 137,
    "reversal_fundamental_regime_sector": 160,
    "reversal_fundamental_regime_sector_external": 160,
    "all_no_ak": 215
  },
  "models": [
    "xgb_d2_200_lr003_mcw5",
    "xgb_d3_400_lr003_mcw3",
    "xgb_d3_600_lr002_mcw3",
    "xgb_d4_500_lr002_mcw5",
    "extra_trees_600_d3",
    "random_forest_600_d4",
    "lgbm_leaves7_400",
    "lgbm_leaves15_700"
  ],
  "top": [
    {
      "entry_policy": "all_days",
      "feature_group": "reversal_fundamental_regime",
      "model_name": "lgbm_leaves7_400",
      "target_hit_bps": 50.0,
      "trades": 202,
      "win_rate": 0.5445544554455446,
      "avg_return": 0.002898346901355712,
      "median_return": 0.0016238965685895258,
      "compound_return": 0.7346273228554134,
      "max_drawdown": -0.14541317641932017,
      "profit_factor": 1.539311354006412,
      "windows": 10
    },
    {
      "entry_policy": "all_days",
      "feature_group": "reversal_fundamental_regime",
      "model_name": "xgb_d2_200_lr003_mcw5",
      "target_hit_bps": 50.0,
      "trades": 223,
      "win_rate": 0.5381165919282511,
      "avg_return": 0.0022354791416389513,
      "median_return": 0.0013724164524420192,
      "compound_return": 0.5956626556239535,
      "max_drawdown": -0.17569192049543403,
      "profit_factor": 1.4332760922945775,
      "windows": 10
    },
    {
      "entry_policy": "all_days",
      "feature_group": "reversal_fundamental_regime",
      "model_name": "xgb_d3_400_lr003_mcw3",
      "target_hit_bps": 50.0,
      "trades": 211,
      "win_rate": 0.5260663507109005,
      "avg_return": 0.0020008951558601923,
      "median_return": 0.0013724164524420192,
      "compound_return": 0.48112562093692146,
      "max_drawdown": -0.14346072520961994,
      "profit_factor": 1.3870224928054753,
      "windows": 10
    },
    {
      "entry_policy": "all_days",
      "feature_group": "all_no_ak",
      "model_name": "extra_trees_600_d3",
      "target_hit_bps": 50.0,
      "trades": 160,
      "win_rate": 0.53125,
      "avg_return": 0.002356355573283479,
      "median_return": 0.0012366247802907439,
      "compound_return": 0.41944756383878445,
      "max_drawdown": -0.12842798994894666,
      "profit_factor": 1.4727934259529136,
      "windows": 10
    },
    {
      "entry_policy": "all_days",
      "feature_group": "reversal_fundamental_regime",
      "model_name": "extra_trees_600_d3",
      "target_hit_bps": 50.0,
      "trades": 170,
      "win_rate": 0.49411764705882355,
      "avg_return": 0.001838842549976578,
      "median_return": -0.00016999999999999999,
      "compound_return": 0.3282797929787187,
      "max_drawdown": -0.13840078159142188,
      "profit_factor": 1.3457173124833883,
      "windows": 10
    },
    {
      "entry_policy": "all_days",
      "feature_group": "reversal_fundamental_regime_sector",
      "model_name": "random_forest_600_d4",
      "target_hit_bps": 50.0,
      "trades": 133,
      "win_rate": 0.5488721804511278,
      "avg_return": 0.0022536837188130115,
      "median_return": 0.0016603843807199183,
      "compound_return": 0.3141451524252141,
      "max_drawdown": -0.12451933478779875,
      "profit_factor": 1.366425995125338,
      "windows": 10
    },
    {
      "entry_policy": "all_days",
      "feature_group": "reversal_fundamental_regime_sector_external",
      "model_name": "random_forest_600_d4",
      "target_hit_bps": 50.0,
      "trades": 133,
      "win_rate": 0.5488721804511278,
      "avg_return": 0.0022536837188130115,
      "median_return": 0.0016603843807199183,
      "compound_return": 0.3141451524252141,
      "max_drawdown": -0.12451933478779875,
      "profit_factor": 1.366425995125338,
      "windows": 10
    },
    {
      "entry_policy": "all_days",
      "feature_group": "reversal_fundamental_regime_sector",
      "model_name": "xgb_d2_200_lr003_mcw5",
      "target_hit_bps": 50.0,
      "trades": 189,
      "win_rate": 0.4973544973544973,
      "avg_return": 0.0016090939390321236,
      "median_return": -0.00016999999999999999,
      "compound_return": 0.3087538148293987,
      "max_drawdown": -0.19894660888615467,
      "profit_factor": 1.2504763138603534,
      "windows": 10
    },
    {
      "entry_policy": "all_days",
      "feature_group": "reversal_fundamental_regime_sector_external",
      "model_name": "xgb_d2_200_lr003_mcw5",
      "target_hit_bps": 50.0,
      "trades": 189,
      "win_rate": 0.4973544973544973,
      "avg_return": 0.0016090939390321236,
      "median_return": -0.00016999999999999999,
      "compound_return": 0.3087538148293987,
      "max_drawdown": -0.19894660888615467,
      "profit_factor": 1.2504763138603534,
      "windows": 10
    },
    {
      "entry_policy": "all_days",
      "feature_group": "all_no_ak",
      "model_name": "random_forest_600_d4",
      "target_hit_bps": 50.0,
      "trades": 108,
      "win_rate": 0.5277777777777778,
      "avg_return": 0.002576519972837801,
      "median_return": 0.001516821511868719,
      "compound_return": 0.28930758101955334,
      "max_drawdown": -0.1603715067082656,
      "profit_factor": 1.4047721155937636,
      "windows": 10
    },
    {
      "entry_policy": "all_days",
      "feature_group": "reversal_fundamental_regime_sector",
      "model_name": "extra_trees_600_d3",
      "target_hit_bps": 50.0,
      "trades": 152,
      "win_rate": 0.5,
      "avg_return": 0.0018139824182865543,
      "median_return": 0.0001262085308056972,
      "compound_return": 0.2790066741176034,
      "max_drawdown": -0.13244631523840122,
      "profit_factor": 1.313153335402297,
      "windows": 10
    },
    {
      "entry_policy": "all_days",
      "feature_group": "reversal_fundamental_regime_sector_external",
      "model_name": "extra_trees_600_d3",
      "target_hit_bps": 50.0,
      "trades": 152,
      "win_rate": 0.5,
      "avg_return": 0.0018139824182865543,
      "median_return": 0.0001262085308056972,
      "compound_return": 0.2790066741176034,
      "max_drawdown": -0.13244631523840122,
      "profit_factor": 1.313153335402297,
      "windows": 10
    },
    {
      "entry_policy": "all_days",
      "feature_group": "reversal_fundamental_regime",
      "model_name": "random_forest_600_d4",
      "target_hit_bps": 50.0,
      "trades": 204,
      "win_rate": 0.5245098039215687,
      "avg_return": 0.001298425704789225,
      "median_return": 0.0006961624739181306,
      "compound_return": 0.26037461968225917,
      "max_drawdown": -0.19203027363316005,
      "profit_factor": 1.2190411914862171,
      "windows": 10
    },
    {
      "entry_policy": "all_days",
      "feature_group": "reversal_fundamental_regime",
      "model_name": "xgb_d4_500_lr002_mcw5",
      "target_hit_bps": 50.0,
      "trades": 206,
      "win_rate": 0.5194174757281553,
      "avg_return": 0.0011007095109501761,
      "median_return": 0.00043230300647312606,
      "compound_return": 0.20880323940500567,
      "max_drawdown": -0.17281922935503946,
      "profit_factor": 1.1714476460222272,
      "windows": 10
    },
    {
      "entry_policy": "all_days",
      "feature_group": "reversal_fundamental_regime_sector",
      "model_name": "xgb_d3_600_lr002_mcw3",
      "target_hit_bps": 50.0,
      "trades": 182,
      "win_rate": 0.510989010989011,
      "avg_return": 0.0008844535630970079,
      "median_return": 0.0004414725933985543,
      "compound_return": 0.14497947186656646,
      "max_drawdown": -0.18465110061486267,
      "profit_factor": 1.1502780249444617,
      "windows": 10
    },
    {
      "entry_policy": "all_days",
      "feature_group": "reversal_fundamental_regime_sector_external",
      "model_name": "xgb_d3_600_lr002_mcw3",
      "target_hit_bps": 50.0,
      "trades": 182,
      "win_rate": 0.510989010989011,
      "avg_return": 0.0008844535630970079,
      "median_return": 0.0004414725933985543,
      "compound_return": 0.14497947186656646,
      "max_drawdown": -0.18465110061486267,
      "profit_factor": 1.1502780249444617,
      "windows": 10
    },
    {
      "entry_policy": "all_days",
      "feature_group": "reversal_fundamental_regime",
      "model_name": "xgb_d3_600_lr002_mcw3",
      "target_hit_bps": 50.0,
      "trades": 188,
      "win_rate": 0.5212765957446809,
      "avg_return": 0.000861086424277988,
      "median_return": 0.0009497011623206299,
      "compound_return": 0.14251150789277212,
      "max_drawdown": -0.14270231314196602,
      "profit_factor": 1.1442409660063502,
      "windows": 10
    },
    {
      "entry_policy": "all_days",
      "feature_group": "reversal_fundamental_regime_sector",
      "model_name": "xgb_d3_400_lr003_mcw3",
      "target_hit_bps": 50.0,
      "trades": 208,
      "win_rate": 0.5144230769230769,
      "avg_return": 0.0007857447245946207,
      "median_return": 0.0006874500761761028,
      "compound_return": 0.1395435032365291,
      "max_drawdown": -0.21314798519762035,
      "profit_factor": 1.1279654028587667,
      "windows": 10
    },
    {
      "entry_policy": "all_days",
      "feature_group": "reversal_fundamental_regime_sector_external",
      "model_name": "xgb_d3_400_lr003_mcw3",
      "target_hit_bps": 50.0,
      "trades": 208,
      "win_rate": 0.5144230769230769,
      "avg_return": 0.0007857447245946207,
      "median_return": 0.0006874500761761028,
      "compound_return": 0.1395435032365291,
      "max_drawdown": -0.21314798519762035,
      "profit_factor": 1.1279654028587667,
      "windows": 10
    },
    {
      "entry_policy": "all_days",
      "feature_group": "reversal_fundamental_regime_sector",
      "model_name": "lgbm_leaves7_400",
      "target_hit_bps": 50.0,
      "trades": 177,
      "win_rate": 0.519774011299435,
      "avg_return": 0.0008562737043489697,
      "median_return": 0.0009175475802065715,
      "compound_return": 0.13213140406256807,
      "max_drawdown": -0.2090947246741961,
      "profit_factor": 1.1345550999921596,
      "windows": 10
    }
  ]
}

[2026-05-18T04:53:33] RUN summarize
  /usr/bin/python3 model_training/summarize_nextday_search_results.py --pipeline-out /root/stock_realtime_v021_full/saved_data/002601_pipeline_out_v2_new27_full --out-dir /root/stock_realtime_v021_full/saved_data/002601_pipeline_out_v2_new27_full/99_summary --excel
{
  "rows": 192,
  "outputs": {
    "final_leaderboard": "/root/stock_realtime_v021_full/saved_data/002601_pipeline_out_v2_new27_full/99_summary/final_leaderboard.csv",
    "best_by_target_top5": "/root/stock_realtime_v021_full/saved_data/002601_pipeline_out_v2_new27_full/99_summary/best_by_target_top5.csv",
    "best_by_entry_policy_top5": "/root/stock_realtime_v021_full/saved_data/002601_pipeline_out_v2_new27_full/99_summary/best_by_entry_policy_top5.csv",
    "excel": "/root/stock_realtime_v021_full/saved_data/002601_pipeline_out_v2_new27_full/99_summary/final_leaderboard.xlsx",
    "summary_manifest": "/root/stock_realtime_v021_full/saved_data/002601_pipeline_out_v2_new27_full/99_summary/summary_manifest.json"
  }
}
=== nextday pipeline end: 2026-05-18T04:53:34 status=ok ===
