=== nextday pipeline start: 2026-05-18T19:05:54 ===
symbol=000786.SZ, out_root=/root/stock_realtime_v021_full/saved_data/000786_pipeline_out_v2_new27_full

[2026-05-18T19:05:54] RUN update_data
  /usr/bin/python3 bootstrap/ashare_xgb_dual_opportunity_regression_baostock_full_v19_compressed_trading_axis.py --mode update_data --symbol 000786 --benchmark_symbol 000300 --daily_start 2018-01-01 --daily_end 2026-05-15 --intraday_start '2018-01-01 09:30:00' --intraday_end '2026-05-15 15:00:00' --output_dir /root/stock_realtime_v021_full/saved_data/000786_pipeline_out_v2_new27_full/00_base --cache_mode incremental --feature_cache_mode incremental --adjust qfq
/root/stock_realtime_v021_full/bootstrap/ashare_fetch_and_train_xgb_sell_signal_baostock_state_cache_helper_fix2.py:246: FutureWarning: The behavior of DataFrame concatenation with empty or all-NA entries is deprecated. In a future version, this will no longer exclude empty or all-NA columns when determining the result dtypes. To retain the old behavior, exclude the relevant entries before the concat operation.
  merged = _normalize_daily_df(pd.concat([df_old, df_new], axis=0, ignore_index=True))
/root/stock_realtime_v021_full/bootstrap/ashare_fetch_and_train_xgb_sell_signal_baostock_state_cache_helper_fix2.py:248: FutureWarning: The behavior of DataFrame concatenation with empty or all-NA entries is deprecated. In a future version, this will no longer exclude empty or all-NA columns when determining the result dtypes. To retain the old behavior, exclude the relevant entries before the concat operation.
  merged = _normalize_intraday_df(pd.concat([df_old, df_new], axis=0, ignore_index=True))
/root/stock_realtime_v021_full/bootstrap/ashare_fetch_and_train_xgb_sell_signal_baostock_state_cache_helper_fix2.py:254: FutureWarning: The behavior of DataFrame concatenation with empty or all-NA entries is deprecated. In a future version, this will no longer exclude empty or all-NA columns when determining the result dtypes. To retain the old behavior, exclude the relevant entries before the concat operation.
  merged = _normalize_bench_df(pd.concat([df_old, df_new], axis=0, ignore_index=True))
/root/stock_realtime_v021_full/bootstrap/ashare_fetch_and_train_xgb_sell_signal_baostock_state_cache_helper_fix2.py:250: FutureWarning: The behavior of DataFrame concatenation with empty or all-NA entries is deprecated. In a future version, this will no longer exclude empty or all-NA columns when determining the result dtypes. To retain the old behavior, exclude the relevant entries before the concat operation.
  merged = _normalize_daily_feature_df(pd.concat([df_old, df_new], axis=0, ignore_index=True))
/root/stock_realtime_v021_full/bootstrap/ashare_fetch_and_train_xgb_sell_signal_baostock_state_cache_helper_fix2.py:252: FutureWarning: The behavior of DataFrame concatenation with empty or all-NA entries is deprecated. In a future version, this will no longer exclude empty or all-NA columns when determining the result dtypes. To retain the old behavior, exclude the relevant entries before the concat operation.
  merged = _normalize_intraday_feature_df(pd.concat([df_old, df_new], axis=0, ignore_index=True))
login success!
logout success!
login success!
logout success!
login success!
logout success!
{
  "mode": "update_data",
  "symbol": "000786",
  "data_source": "baostock",
  "daily_rows": 2027,
  "intraday_rows": 73920,
  "daily_min": "2018-01-02 00:00:00",
  "daily_max": "2026-05-15 00:00:00",
  "intraday_min": "2020-01-02 09:35:00",
  "intraday_max": "2026-05-15 15:00:00",
  "base_paths": {
    "daily_csv": "/root/stock_realtime_v021_full/saved_data/000786_pipeline_out_v2_new27_full/00_base/000786_daily.csv",
    "intraday_csv": "/root/stock_realtime_v021_full/saved_data/000786_pipeline_out_v2_new27_full/00_base/000786_5m.csv",
    "benchmark_csv": "/root/stock_realtime_v021_full/saved_data/000786_pipeline_out_v2_new27_full/00_base/000300_benchmark_daily.csv",
    "raw_daily_cache_csv": "/root/stock_realtime_v021_full/saved_data/000786_pipeline_out_v2_new27_full/00_base/raw_cache/000786_daily_raw.csv",
    "raw_intraday_cache_csv": "/root/stock_realtime_v021_full/saved_data/000786_pipeline_out_v2_new27_full/00_base/raw_cache/000786_5m_raw.csv",
    "raw_benchmark_cache_csv": "/root/stock_realtime_v021_full/saved_data/000786_pipeline_out_v2_new27_full/00_base/raw_cache/000300_benchmark_daily_raw.csv",
    "daily_features_csv": "/root/stock_realtime_v021_full/saved_data/000786_pipeline_out_v2_new27_full/00_base/daily_features.csv",
    "intraday_features_csv": "/root/stock_realtime_v021_full/saved_data/000786_pipeline_out_v2_new27_full/00_base/intraday_features.csv",
    "daily_features_cache_csv": "/root/stock_realtime_v021_full/saved_data/000786_pipeline_out_v2_new27_full/00_base/feature_cache/daily_features_cache.csv",
    "intraday_features_cache_csv": "/root/stock_realtime_v021_full/saved_data/000786_pipeline_out_v2_new27_full/00_base/feature_cache/intraday_features_cache.csv",
    "feature_state_json": "/root/stock_realtime_v021_full/saved_data/000786_pipeline_out_v2_new27_full/00_base/feature_cache/feature_state.json"
  },
  "fetch_logs": {
    "symbol": "000786",
    "benchmark_symbol": "000300",
    "daily_start": "2018-01-01",
    "daily_end": "2026-05-15",
    "intraday_start": "2018-01-01 09:30:00",
    "intraday_end": "2026-05-15 15:00:00",
    "perf_start": "2018-01-01",
    "data_source": "baostock",
    "cache_mode": "incremental",
    "force_refresh": false,
    "raw_cache_dir": "/root/stock_realtime_v021_full/saved_data/000786_pipeline_out_v2_new27_full/00_base/raw_cache",
    "feature_cache_dir": "/root/stock_realtime_v021_full/saved_data/000786_pipeline_out_v2_new27_full/00_base/feature_cache",
    "feature_cache_mode": "incremental",
    "daily": {
      "cache_path": "/root/stock_realtime_v021_full/saved_data/000786_pipeline_out_v2_new27_full/00_base/raw_cache/000786_daily_raw.csv",
      "requested_start": "2018-01-01",
      "requested_end": "2026-05-15",
      "mode": "initial_fetch",
      "fetch_segments": [
        {
          "provider": "baostock",
          "code": "sz.000786",
          "adjustflag": "2",
          "rows": 2027,
          "start": "2018-01-01",
          "end": "2026-05-15"
        }
      ],
      "cache_after": {
        "rows": 2027,
        "min": "2018-01-02 00:00:00",
        "max": "2026-05-15 00:00:00"
      }
    },
    "intraday_5m": {
      "cache_path": "/root/stock_realtime_v021_full/saved_data/000786_pipeline_out_v2_new27_full/00_base/raw_cache/000786_5m_raw.csv",
      "requested_start": "2018-01-01 09:30:00",
      "requested_end": "2026-05-15 15:00:00",
      "mode": "initial_fetch",
      "fetch_segments": [
        {
          "provider": "baostock",
          "code": "sz.000786",
          "adjustflag": "2",
          "requested_start": "2018-01-01 09:30:00",
          "effective_start": "2018-01-01 09:30:00",
          "requested_end": "2026-05-15 15:00:00",
          "rows": 73920
        }
      ],
      "cache_after": {
        "rows": 73920,
        "min": "2020-01-02 09:35:00",
        "max": "2026-05-15 15:00:00"
      }
    },
    "benchmark_daily": {
      "cache_path": "/root/stock_realtime_v021_full/saved_data/000786_pipeline_out_v2_new27_full/00_base/raw_cache/000300_benchmark_daily_raw.csv",
      "requested_start": "2018-01-01",
      "requested_end": "2026-05-15",
      "mode": "initial_fetch",
      "fetch_segments": [
        {
          "provider": "baostock",
          "code": "sh.000300",
          "rows": 2027,
          "start": "2018-01-01",
          "end": "2026-05-15"
        }
      ],
      "cache_after": {
        "rows": 2027,
        "min": "2018-01-02 00:00:00",
        "max": "2026-05-15 00:00:00"
      }
    },
    "feature_build": {
      "mode": "full_rebuild",
      "reason": "feature_cache_missing",
      "daily_cache_after": {
        "rows": 2027,
        "min": "2018-01-02 00:00:00",
        "max": "2026-05-15 00:00:00"
      },
      "intraday_cache_after": {
        "rows": 73920,
        "min": "2020-01-02 09:35:00",
        "max": "2026-05-15 15:00:00"
      },
      "daily_context_days": 260,
      "intraday_context_days": 40,
      "daily_appended_rows": 2027,
      "intraday_appended_rows": 73920
    },
    "feature_state": {
      "daily_feature_max": "2026-05-15 00:00:00",
      "intraday_feature_max": "2026-05-15 15:00:00",
      "daily_context_days": 260,
      "intraday_context_days": 40,
      "feature_build_mode": "full_rebuild"
    }
  }
}

[2026-05-18T19:09:26] RUN samples
  /usr/bin/python3 feature_building/build_nextday_samples_from_baostock.py --daily-features /root/stock_realtime_v021_full/saved_data/000786_pipeline_out_v2_new27_full/00_base/daily_features.csv --intraday-bars /root/stock_realtime_v021_full/saved_data/000786_pipeline_out_v2_new27_full/00_base/000786_5m.csv --out-dir /root/stock_realtime_v021_full/saved_data/000786_pipeline_out_v2_new27_full/01_samples --min-bars 40 --keep-unlabeled-tail
{
  "rows": 1540,
  "date_min": "2020-01-02",
  "date_max": "2026-05-15",
  "out": "/root/stock_realtime_v021_full/saved_data/000786_pipeline_out_v2_new27_full/01_samples/training_samples.csv"
}

[2026-05-18T19:09:27] RUN fundamental
  /usr/bin/python3 feature_building/build_fundamental_features.py --symbol 000786.SZ --daily-samples /root/stock_realtime_v021_full/saved_data/000786_pipeline_out_v2_new27_full/01_samples/training_samples.csv --out-dir /root/stock_realtime_v021_full/saved_data/000786_pipeline_out_v2_new27_full/02_fundamental --start-date 2018-01-01 --end-date 2026-05-15 --fallback-lag-days 120
login success!
logout success!
{
  "rows": 1540,
  "date_min": "2020-01-02",
  "date_max": "2026-05-15",
  "source_errors": [],
  "top_missing_rates": {
    "ak_fund_小单净流入-净额_sum10": 0.9246753246753247,
    "ak_fund_主力净流入-净额_sum10": 0.9246753246753247,
    "ak_fund_主力净流入-净占比_sum10": 0.9246753246753247,
    "ak_fund_涨跌幅_sum10": 0.9246753246753247,
    "ak_fund_收盘价_sum10": 0.9246753246753247,
    "ak_fund_中单净流入-净额_sum10": 0.9246753246753247,
    "ak_fund_中单净流入-净占比_sum10": 0.9246753246753247,
    "ak_fund_小单净流入-净占比_sum10": 0.9246753246753247,
    "ak_fund_超大单净流入-净额_sum10": 0.9246753246753247,
    "ak_fund_大单净流入-净额_sum10": 0.9246753246753247,
    "ak_fund_大单净流入-净占比_sum10": 0.9246753246753247,
    "ak_fund_超大单净流入-净占比_sum10": 0.9246753246753247,
    "ak_fund_涨跌幅_sum5": 0.9233766233766234,
    "ak_fund_主力净流入-净占比_sum5": 0.9233766233766234,
    "ak_fund_主力净流入-净额_sum5": 0.9233766233766234,
    "ak_fund_收盘价_sum5": 0.9233766233766234,
    "ak_fund_超大单净流入-净占比_sum5": 0.9233766233766234,
    "ak_fund_中单净流入-净占比_sum5": 0.9233766233766234,
    "ak_fund_中单净流入-净额_sum5": 0.9233766233766234,
    "ak_fund_小单净流入-净额_sum5": 0.9233766233766234,
    "ak_fund_小单净流入-净占比_sum5": 0.9233766233766234,
    "ak_fund_大单净流入-净占比_sum5": 0.9233766233766234,
    "ak_fund_大单净流入-净额_sum5": 0.9233766233766234,
    "ak_fund_超大单净流入-净额_sum5": 0.9233766233766234,
    "ak_fund_大单净流入-净额": 0.922077922077922,
    "ak_fund_超大单净流入-净占比": 0.922077922077922,
    "ak_fund_超大单净流入-净额": 0.922077922077922,
    "ak_fund_收盘价": 0.922077922077922,
    "ak_fund_涨跌幅": 0.922077922077922,
    "ak_fund_中单净流入-净额": 0.922077922077922
  },
  "valuation_non_null": {
    "peTTM": 1540,
    "pbMRQ": 1540,
    "psTTM": 1540,
    "pcfNcfTTM": 1540
  },
  "future_effective_date_violations": 0,
  "rows_with_quarterly": 1540,
  "sample_rows": 1540,
  "quarterly_raw_rows": 37,
  "quarterly_used_pubDate_rows": 37,
  "quarterly_fallback_rows": 0,
  "elapsed_seconds": 82.422,
  "symbol": "000786",
  "baostock_code": "sz.000786",
  "valuation_rows": 2027,
  "fund_flow_rows": 121,
  "feature_columns": 125,
  "merged_columns": 194,
  "outputs": {
    "daily_valuation": "/root/stock_realtime_v021_full/saved_data/000786_pipeline_out_v2_new27_full/02_fundamental/baostock_daily_valuation.csv",
    "quarterly_fundamentals": "/root/stock_realtime_v021_full/saved_data/000786_pipeline_out_v2_new27_full/02_fundamental/baostock_quarterly_fundamentals_pit.csv",
    "fundamental_features": "/root/stock_realtime_v021_full/saved_data/000786_pipeline_out_v2_new27_full/02_fundamental/fundamental_features.csv",
    "merged_samples": "/root/stock_realtime_v021_full/saved_data/000786_pipeline_out_v2_new27_full/02_fundamental/training_samples_with_fundamentals.csv"
  }
}

[2026-05-18T19:10:50] RUN sector
  /usr/bin/python3 feature_building/build_sector_features.py --samples /root/stock_realtime_v021_full/saved_data/000786_pipeline_out_v2_new27_full/02_fundamental/training_samples_with_fundamentals.csv --out-dir /root/stock_realtime_v021_full/saved_data/000786_pipeline_out_v2_new27_full/03_sector --sector-symbol '建筑材料' --start-date 2018-01-01 --end-date 2026-05-15

  0%|          | 0/9 [00:00<?, ?it/s]
 11%|█         | 1/9 [00:00<00:02,  3.41it/s]
 22%|██▏       | 2/9 [00:00<00:01,  3.57it/s]
 33%|███▎      | 3/9 [00:01<00:02,  2.73it/s]
 44%|████▍     | 4/9 [00:01<00:01,  2.99it/s]
 56%|█████▌    | 5/9 [00:01<00:01,  3.08it/s]
 67%|██████▋   | 6/9 [00:01<00:00,  3.28it/s]
 78%|███████▊  | 7/9 [00:02<00:00,  3.62it/s]
 89%|████████▉ | 8/9 [00:02<00:00,  3.84it/s]
100%|██████████| 9/9 [00:02<00:00,  4.28it/s]
                                             
{
  "sector_symbol": "建筑材料",
  "sector_rows": 2027,
  "sector_date_min": "2018-01-02",
  "sector_date_max": "2026-05-15",
  "sample_rows": 1540,
  "merged_rows": 1540,
  "sector_feature_cols": 23,
  "top_missing": {
    "sector_ret60": 0.03896103896103896,
    "sector_ma60_gap": 0.01948051948051948,
    "stock_vs_sector_ret20": 0.012987012987012988,
    "sector_ret20": 0.012987012987012988,
    "sector_vol20": 0.007142857142857143,
    "sector_ma20_gap": 0.006493506493506494,
    "sector_range_z20": 0.006493506493506494,
    "sector_volume_shock20": 0.006493506493506494,
    "sector_amount_z20": 0.006493506493506494,
    "sector_volume_z20": 0.006493506493506494,
    "sector_amount_shock20": 0.006493506493506494,
    "sector_ret5": 0.003246753246753247,
    "stock_vs_sector_ret5": 0.003246753246753247,
    "sector_vs_bench_ret5": 0.003246753246753247,
    "stock_vs_sector_ret1": 0.0006493506493506494,
    "sector_ret1": 0.0006493506493506494,
    "sector_amount": 0.0,
    "sector_volume": 0.0,
    "sector_close": 0.0,
    "sector_low": 0.0
  },
  "outputs": {
    "sector_index": "/root/stock_realtime_v021_full/saved_data/000786_pipeline_out_v2_new27_full/03_sector/sector_index_ths.csv",
    "sector_features": "/root/stock_realtime_v021_full/saved_data/000786_pipeline_out_v2_new27_full/03_sector/sector_features.csv",
    "merged_samples": "/root/stock_realtime_v021_full/saved_data/000786_pipeline_out_v2_new27_full/03_sector/training_samples_with_sector.csv"
  }
}

[2026-05-18T19:10:55] RUN external_material_wind_battery
  /usr/bin/python3 feature_building/build_stock_external_features.py --samples /root/stock_realtime_v021_full/saved_data/000786_pipeline_out_v2_new27_full/03_sector/training_samples_with_sector.csv --out-dir /root/stock_realtime_v021_full/saved_data/000786_pipeline_out_v2_new27_full/04_external/material_wind_battery --profile material_wind_battery --target-symbol 000786.SZ --start-date 2018-01-01 --end-date 2026-05-15 --adjust qfq --domestic-lag-days 0 --future-lag-days 1 --us-lag-days 1
login success!

  0%|          | 0/9 [00:00<?, ?it/s]
 11%|█         | 1/9 [00:00<00:02,  3.63it/s]
 22%|██▏       | 2/9 [00:00<00:01,  3.78it/s]
 33%|███▎      | 3/9 [00:00<00:01,  3.44it/s]
 44%|████▍     | 4/9 [00:01<00:01,  3.05it/s]
 56%|█████▌    | 5/9 [00:01<00:01,  3.17it/s]
 67%|██████▋   | 6/9 [00:01<00:00,  3.36it/s]
 78%|███████▊  | 7/9 [00:02<00:00,  3.57it/s]
 89%|████████▉ | 8/9 [00:02<00:00,  3.55it/s]
100%|██████████| 9/9 [00:02<00:00,  3.82it/s]
                                             

  0%|          | 0/9 [00:00<?, ?it/s]
 11%|█         | 1/9 [00:00<00:01,  4.60it/s]
 22%|██▏       | 2/9 [00:00<00:01,  4.63it/s]
 33%|███▎      | 3/9 [00:00<00:01,  4.67it/s]
 44%|████▍     | 4/9 [00:00<00:01,  4.38it/s]
 56%|█████▌    | 5/9 [00:01<00:00,  4.20it/s]
 67%|██████▋   | 6/9 [00:01<00:00,  4.16it/s]
 78%|███████▊  | 7/9 [00:01<00:00,  4.07it/s]
 89%|████████▉ | 8/9 [00:01<00:00,  3.97it/s]
100%|██████████| 9/9 [00:02<00:00,  4.30it/s]
                                             

  0%|          | 0/9 [00:00<?, ?it/s]
 11%|█         | 1/9 [00:00<00:02,  3.96it/s]
 22%|██▏       | 2/9 [00:00<00:01,  4.02it/s]
 33%|███▎      | 3/9 [00:00<00:01,  3.96it/s]
 44%|████▍     | 4/9 [00:01<00:01,  3.92it/s]
 56%|█████▌    | 5/9 [00:01<00:00,  4.09it/s]
 67%|██████▋   | 6/9 [00:01<00:00,  4.08it/s]
 78%|███████▊  | 7/9 [00:01<00:00,  4.05it/s]
 89%|████████▉ | 8/9 [00:01<00:00,  3.99it/s]
100%|██████████| 9/9 [00:02<00:00,  4.36it/s]
                                             

  0%|          | 0/9 [00:00<?, ?it/s]
 11%|█         | 1/9 [00:00<00:01,  4.79it/s]
 22%|██▏       | 2/9 [00:00<00:01,  4.11it/s]
 33%|███▎      | 3/9 [00:00<00:01,  4.21it/s]
 44%|████▍     | 4/9 [00:00<00:01,  4.23it/s]
 56%|█████▌    | 5/9 [00:01<00:01,  3.99it/s]
 67%|██████▋   | 6/9 [00:01<00:00,  3.79it/s]
 78%|███████▊  | 7/9 [00:01<00:00,  3.78it/s]
 89%|████████▉ | 8/9 [00:02<00:00,  3.73it/s]
100%|██████████| 9/9 [00:02<00:00,  3.93it/s]
                                             
{
  "profile": "material_wind_battery",
  "description": "Fiberglass/material + wind + battery proxy for 中材科技",
  "sample_rows": 1540,
  "merged_rows": 1540,
  "raw_rows": 2027,
  "raw_date_min": "2018-01-02",
  "raw_date_max": "2026-05-15",
  "lag_days_legacy": null,
  "lag_policy": {
    "domestic": 0,
    "futures": 1,
    "us": 1
  },
  "enable_us_yf": false,
  "feature_cols": 524,
  "source_meta": {
    "profile": {
      "key": "material_wind_battery",
      "prefix": "mwb",
      "description": "Fiberglass/material + wind + battery proxy for 中材科技",
      "stocks": [
        "600176",
        "300196",
        "605006",
        "002202",
        "601615",
        "002812",
        "300568"
      ],
      "etfs": [
        "516660",
        "159566",
        "515790",
        "516160"
      ],
      "futures": [
        "SA0",
        "FG0",
        "SI0"
      ],
      "boards": [
        "建筑材料",
        "非金属材料",
        "风电设备",
        "电池"
      ],
      "us_tickers": []
    },
    "used": {
      "stocks": [
        "600176",
        "300196",
        "605006",
        "002202",
        "601615",
        "002812",
        "300568"
      ],
      "etfs": [
        "516660",
        "159566",
        "515790",
        "516160"
      ],
      "futures": [
        "SA0",
        "FG0",
        "SI0"
      ],
      "boards": [
        "建筑材料",
        "非金属材料",
        "风电设备",
        "电池"
      ],
      "us_yf": []
    },
    "start_date": "20180101",
    "end_date": "20260515",
    "target_symbol_excluded": "000786",
    "em_sources_used": false,
    "baostock_cache_dir": "/root/stock_realtime_v021_full/saved_data/000786_pipeline_out_v2_new27_full/04_external/material_wind_battery/baostock_external_cache",
    "us_yfinance_enabled": false
  },
  "errors": {},
  "top_missing": {
    "mwb_etf_515790_range_pct_ret60": 0.9837662337662337,
    "mwb_etf_516160_range_pct_ret60": 0.9837662337662337,
    "mwb_etf_516660_range_pct_ret60": 0.9837662337662337,
    "mwb_etf_159566_range_pct_ret60": 0.9837662337662337,
    "mwb_etf_159566_close_ret60": 0.9837662337662337,
    "mwb_etf_516660_close_ret60": 0.9837662337662337,
    "mwb_etf_515790_close_ret60": 0.9837662337662337,
    "mwb_etf_516160_close_ret60": 0.9837662337662337,
    "mwb_etf_basket_close_ret60": 0.9837662337662337,
    "mwb_etf_515790_range_pct_z60": 0.9577922077922078,
    "mwb_etf_515790_range_pct_ret20": 0.9577922077922078,
    "mwb_etf_basket_close_ret20": 0.9577922077922078,
    "mwb_etf_basket_close_z60": 0.9577922077922078,
    "mwb_etf_516160_close_z60": 0.9577922077922078,
    "mwb_etf_515790_close_ret20": 0.9577922077922078,
    "mwb_etf_159566_close_ret20": 0.9577922077922078,
    "mwb_etf_516160_range_pct_z60": 0.9577922077922078,
    "mwb_etf_516160_range_pct_ret20": 0.9577922077922078,
    "mwb_etf_516160_close_ret20": 0.9577922077922078,
    "mwb_etf_516660_range_pct_ret20": 0.9577922077922078,
    "mwb_etf_516660_close_ret20": 0.9577922077922078,
    "mwb_stock_vs_etf_basket_ret20": 0.9577922077922078,
    "mwb_etf_516660_close_z60": 0.9577922077922078,
    "mwb_etf_159566_range_pct_ret20": 0.9577922077922078,
    "mwb_etf_516660_range_pct_z60": 0.9577922077922078,
    "mwb_etf_159566_close_z60": 0.9577922077922078,
    "mwb_etf_159566_range_pct_z60": 0.9577922077922078,
    "mwb_etf_515790_close_z60": 0.9577922077922078,
    "mwb_etf_516660_close_vol20": 0.951948051948052,
    "mwb_etf_515790_close_vol20": 0.951948051948052,
    "mwb_etf_516160_close_vol20": 0.951948051948052,
    "mwb_etf_basket_close_vol20": 0.951948051948052,
    "mwb_etf_159566_close_vol20": 0.951948051948052,
    "mwb_etf_516660_close_ma20_gap": 0.9512987012987013,
    "mwb_etf_516660_range_pct_ma20_gap": 0.9512987012987013,
    "mwb_etf_159566_volume_shock20": 0.9512987012987013,
    "mwb_etf_159566_range_pct_z20": 0.9512987012987013,
    "mwb_etf_159566_volume_z20": 0.9512987012987013,
    "mwb_etf_515790_range_pct_ma20_gap": 0.9512987012987013,
    "mwb_etf_515790_volume_z20": 0.9512987012987013,
    "mwb_etf_515790_range_pct_z20": 0.9512987012987013,
    "mwb_etf_159566_range_pct_ma20_gap": 0.9512987012987013,
    "mwb_etf_516660_close_z20": 0.9512987012987013,
    "mwb_etf_516160_volume_z20": 0.9512987012987013,
    "mwb_etf_516160_range_pct_z20": 0.9512987012987013,
    "mwb_etf_516160_volume_shock20": 0.9512987012987013,
    "mwb_etf_516160_range_pct_ma20_gap": 0.9512987012987013,
    "mwb_etf_basket_close_ma20_gap": 0.9512987012987013,
    "mwb_etf_515790_close_ma20_gap": 0.9512987012987013,
    "mwb_etf_515790_close_z20": 0.9512987012987013
  },
  "outputs": {
    "features": "/root/stock_realtime_v021_full/saved_data/000786_pipeline_out_v2_new27_full/04_external/material_wind_battery/stock_external_features_material_wind_battery.csv",
    "merged_samples": "/root/stock_realtime_v021_full/saved_data/000786_pipeline_out_v2_new27_full/04_external/material_wind_battery/training_samples_with_material_wind_battery_external.csv",
    "report": "/root/stock_realtime_v021_full/saved_data/000786_pipeline_out_v2_new27_full/04_external/material_wind_battery/validation_report.json"
  }
}
logout success!
[INFO] final samples for search: /root/stock_realtime_v021_full/saved_data/000786_pipeline_out_v2_new27_full/04_external/material_wind_battery/training_samples_with_material_wind_battery_external.csv

[2026-05-18T19:11:27] RUN search_vwap_low_hit_50bps
  /usr/bin/python3 model_training/search_walk_forward_model_complexity.py --samples /root/stock_realtime_v021_full/saved_data/000786_pipeline_out_v2_new27_full/04_external/material_wind_battery/training_samples_with_material_wind_battery_external.csv --intraday-bars /root/stock_realtime_v021_full/saved_data/000786_pipeline_out_v2_new27_full/00_base/000786_5m.csv --out-dir /root/stock_realtime_v021_full/saved_data/000786_pipeline_out_v2_new27_full/10_search/search_vwap_low_hit_50bps --round-trip-cost-bps 1.7 --target-hit-bps 50.0 --label-mode hit --entry-policy vwap_low --entry-vwap-premium-bps 50.0 --max-missing 0.35 --groups reversal_fundamental_regime,reversal_fundamental_regime_sector,reversal_fundamental_regime_sector_external,all_no_ak --models xgb_d2_200_lr003_mcw5,xgb_d3_400_lr003_mcw3,xgb_d3_600_lr002_mcw3,xgb_d4_500_lr002_mcw5,lgbm_leaves7_400,lgbm_leaves15_700,extra_trees_600_d3,random_forest_600_d4 --quantiles 0.5,0.6,0.7,0.8 --train-rows 756 --valid-rows 126 --test-rows 63 --min-valid-trades 8 --min-train-entries 80
{
  "rows": 1539,
  "target_hit_bps": 50.0,
  "label_mode": "hit",
  "entry_policy": "vwap_low",
  "entry_vwap_premium_bps": 50.0,
  "groups": {
    "reversal_fundamental_regime": 137,
    "reversal_fundamental_regime_sector": 160,
    "reversal_fundamental_regime_sector_external": 541,
    "all_no_ak": 596
  },
  "models": [
    "xgb_d2_200_lr003_mcw5",
    "xgb_d3_400_lr003_mcw3",
    "xgb_d3_600_lr002_mcw3",
    "xgb_d4_500_lr002_mcw5",
    "extra_trees_600_d3",
    "random_forest_600_d4",
    "lgbm_leaves7_400",
    "lgbm_leaves15_700"
  ],
  "top": [
    {
      "entry_policy": "vwap_low",
      "feature_group": "reversal_fundamental_regime_sector_external",
      "model_name": "xgb_d4_500_lr002_mcw5",
      "target_hit_bps": 50.0,
      "trades": 202,
      "win_rate": 0.7425742574257426,
      "avg_return": -0.0005077198431921362,
      "median_return": 0.005,
      "compound_return": -0.10982446670747348,
      "max_drawdown": -0.23781563983412157,
      "profit_factor": 0.8771818729185549,
      "windows": 10
    },
    {
      "entry_policy": "vwap_low",
      "feature_group": "reversal_fundamental_regime_sector_external",
      "model_name": "xgb_d3_600_lr002_mcw3",
      "target_hit_bps": 50.0,
      "trades": 204,
      "win_rate": 0.7401960784313726,
      "avg_return": -0.0005149264376190739,
      "median_return": 0.005,
      "compound_return": -0.11172879616527764,
      "max_drawdown": -0.2562927718271373,
      "profit_factor": 0.876312441038206,
      "windows": 10
    },
    {
      "entry_policy": "vwap_low",
      "feature_group": "all_no_ak",
      "model_name": "xgb_d4_500_lr002_mcw5",
      "target_hit_bps": 50.0,
      "trades": 207,
      "win_rate": 0.7294685990338164,
      "avg_return": -0.0007380983799489554,
      "median_return": 0.005,
      "compound_return": -0.15397559711865028,
      "max_drawdown": -0.2834606530685152,
      "profit_factor": 0.8304552062567735,
      "windows": 10
    },
    {
      "entry_policy": "vwap_low",
      "feature_group": "reversal_fundamental_regime_sector_external",
      "model_name": "xgb_d2_200_lr003_mcw5",
      "target_hit_bps": 50.0,
      "trades": 226,
      "win_rate": 0.7345132743362832,
      "avg_return": -0.0008335373380576181,
      "median_return": 0.005,
      "compound_return": -0.18480568377705353,
      "max_drawdown": -0.26334592113511424,
      "profit_factor": 0.812945641068206,
      "windows": 10
    },
    {
      "entry_policy": "vwap_low",
      "feature_group": "all_no_ak",
      "model_name": "lgbm_leaves15_700",
      "target_hit_bps": 50.0,
      "trades": 172,
      "win_rate": 0.7093023255813954,
      "avg_return": -0.0012775264340394396,
      "median_return": 0.005,
      "compound_return": -0.20710297341827733,
      "max_drawdown": -0.3147204524552001,
      "profit_factor": 0.7330417430774113,
      "windows": 10
    },
    {
      "entry_policy": "vwap_low",
      "feature_group": "all_no_ak",
      "model_name": "lgbm_leaves7_400",
      "target_hit_bps": 50.0,
      "trades": 214,
      "win_rate": 0.7242990654205608,
      "avg_return": -0.0010689708698225625,
      "median_return": 0.005,
      "compound_return": -0.21715341756661033,
      "max_drawdown": -0.29139962989526114,
      "profit_factor": 0.7696257078053294,
      "windows": 10
    },
    {
      "entry_policy": "vwap_low",
      "feature_group": "reversal_fundamental_regime_sector",
      "model_name": "xgb_d4_500_lr002_mcw5",
      "target_hit_bps": 50.0,
      "trades": 142,
      "win_rate": 0.7253521126760564,
      "avg_return": -0.001655012596231288,
      "median_return": 0.005,
      "compound_return": -0.21825696685675866,
      "max_drawdown": -0.223851755767571,
      "profit_factor": 0.684126583583601,
      "windows": 10
    },
    {
      "entry_policy": "vwap_low",
      "feature_group": "reversal_fundamental_regime_sector_external",
      "model_name": "lgbm_leaves15_700",
      "target_hit_bps": 50.0,
      "trades": 184,
      "win_rate": 0.717391304347826,
      "avg_return": -0.001373993464734575,
      "median_return": 0.005,
      "compound_return": -0.23490369256483457,
      "max_drawdown": -0.254383431332069,
      "profit_factor": 0.7215782183683844,
      "windows": 10
    },
    {
      "entry_policy": "vwap_low",
      "feature_group": "reversal_fundamental_regime_sector_external",
      "model_name": "extra_trees_600_d3",
      "target_hit_bps": 50.0,
      "trades": 226,
      "win_rate": 0.7433628318584071,
      "avg_return": -0.0011395641398016245,
      "median_return": 0.005,
      "compound_return": -0.24109622112951745,
      "max_drawdown": -0.3182268939970052,
      "profit_factor": 0.7608167283682601,
      "windows": 10
    },
    {
      "entry_policy": "vwap_low",
      "feature_group": "reversal_fundamental_regime_sector_external",
      "model_name": "lgbm_leaves7_400",
      "target_hit_bps": 50.0,
      "trades": 197,
      "win_rate": 0.7157360406091371,
      "avg_return": -0.0013363158361511637,
      "median_return": 0.005,
      "compound_return": -0.24323000601709,
      "max_drawdown": -0.3151247382749218,
      "profit_factor": 0.726240018791515,
      "windows": 10
    },
    {
      "entry_policy": "vwap_low",
      "feature_group": "reversal_fundamental_regime_sector_external",
      "model_name": "xgb_d3_400_lr003_mcw3",
      "target_hit_bps": 50.0,
      "trades": 212,
      "win_rate": 0.7264150943396226,
      "avg_return": -0.001276441503821532,
      "median_return": 0.005,
      "compound_return": -0.2499339132371332,
      "max_drawdown": -0.34199630721759855,
      "profit_factor": 0.7376383254451615,
      "windows": 10
    },
    {
      "entry_policy": "vwap_low",
      "feature_group": "reversal_fundamental_regime_sector",
      "model_name": "lgbm_leaves15_700",
      "target_hit_bps": 50.0,
      "trades": 167,
      "win_rate": 0.6826347305389222,
      "avg_return": -0.0017367453306604164,
      "median_return": 0.005,
      "compound_return": -0.2610134637950723,
      "max_drawdown": -0.2732111624156103,
      "profit_factor": 0.6581230184351683,
      "windows": 10
    },
    {
      "entry_policy": "vwap_low",
      "feature_group": "all_no_ak",
      "model_name": "xgb_d3_600_lr002_mcw3",
      "target_hit_bps": 50.0,
      "trades": 204,
      "win_rate": 0.7156862745098039,
      "avg_return": -0.0014102620673184787,
      "median_return": 0.005,
      "compound_return": -0.262040497604895,
      "max_drawdown": -0.37974064892127923,
      "profit_factor": 0.715972411444825,
      "windows": 10
    },
    {
      "entry_policy": "vwap_low",
      "feature_group": "all_no_ak",
      "model_name": "xgb_d3_400_lr003_mcw3",
      "target_hit_bps": 50.0,
      "trades": 205,
      "win_rate": 0.7121951219512195,
      "avg_return": -0.001431213128328045,
      "median_return": 0.005,
      "compound_return": -0.2662166155739768,
      "max_drawdown": -0.3613379702532954,
      "profit_factor": 0.711962261302619,
      "windows": 10
    },
    {
      "entry_policy": "vwap_low",
      "feature_group": "reversal_fundamental_regime",
      "model_name": "xgb_d2_200_lr003_mcw5",
      "target_hit_bps": 50.0,
      "trades": 256,
      "win_rate": 0.72265625,
      "avg_return": -0.0012373846979598555,
      "median_return": 0.005,
      "compound_return": -0.28532322227219997,
      "max_drawdown": -0.33369837768029986,
      "profit_factor": 0.7409215385264635,
      "windows": 10
    },
    {
      "entry_policy": "vwap_low",
      "feature_group": "all_no_ak",
      "model_name": "random_forest_600_d4",
      "target_hit_bps": 50.0,
      "trades": 247,
      "win_rate": 0.7165991902834008,
      "avg_return": -0.001326294637515685,
      "median_return": 0.005,
      "compound_return": -0.29244705149541117,
      "max_drawdown": -0.33620751307399144,
      "profit_factor": 0.7254593890088604,
      "windows": 10
    },
    {
      "entry_policy": "vwap_low",
      "feature_group": "reversal_fundamental_regime",
      "model_name": "lgbm_leaves7_400",
      "target_hit_bps": 50.0,
      "trades": 219,
      "win_rate": 0.7214611872146118,
      "avg_return": -0.001506048029394325,
      "median_return": 0.005,
      "compound_return": -0.29415494126561004,
      "max_drawdown": -0.35894197166504194,
      "profit_factor": 0.7034728343866031,
      "windows": 10
    },
    {
      "entry_policy": "vwap_low",
      "feature_group": "all_no_ak",
      "model_name": "xgb_d2_200_lr003_mcw5",
      "target_hit_bps": 50.0,
      "trades": 209,
      "win_rate": 0.7129186602870813,
      "avg_return": -0.0015881154890111128,
      "median_return": 0.005,
      "compound_return": -0.2944101890356188,
      "max_drawdown": -0.32978310223502194,
      "profit_factor": 0.6886016514971971,
      "windows": 10
    },
    {
      "entry_policy": "vwap_low",
      "feature_group": "reversal_fundamental_regime_sector",
      "model_name": "lgbm_leaves7_400",
      "target_hit_bps": 50.0,
      "trades": 170,
      "win_rate": 0.7,
      "avg_return": -0.0020735130864640208,
      "median_return": 0.005,
      "compound_return": -0.3079792924697464,
      "max_drawdown": -0.3447155220441118,
      "profit_factor": 0.6206904942041664,
      "windows": 10
    },
    {
      "entry_policy": "vwap_low",
      "feature_group": "reversal_fundamental_regime",
      "model_name": "xgb_d4_500_lr002_mcw5",
      "target_hit_bps": 50.0,
      "trades": 237,
      "win_rate": 0.6962025316455697,
      "avg_return": -0.0014984440538591598,
      "median_return": 0.005,
      "compound_return": -0.30991231066383784,
      "max_drawdown": -0.3433706888625965,
      "profit_factor": 0.6954499393325241,
      "windows": 10
    }
  ]
}

[2026-05-18T19:37:51] RUN search_vwap_low_hit_80bps
  /usr/bin/python3 model_training/search_walk_forward_model_complexity.py --samples /root/stock_realtime_v021_full/saved_data/000786_pipeline_out_v2_new27_full/04_external/material_wind_battery/training_samples_with_material_wind_battery_external.csv --intraday-bars /root/stock_realtime_v021_full/saved_data/000786_pipeline_out_v2_new27_full/00_base/000786_5m.csv --out-dir /root/stock_realtime_v021_full/saved_data/000786_pipeline_out_v2_new27_full/10_search/search_vwap_low_hit_80bps --round-trip-cost-bps 1.7 --target-hit-bps 80.0 --label-mode hit --entry-policy vwap_low --entry-vwap-premium-bps 50.0 --max-missing 0.35 --groups reversal_fundamental_regime,reversal_fundamental_regime_sector,reversal_fundamental_regime_sector_external,all_no_ak --models xgb_d2_200_lr003_mcw5,xgb_d3_400_lr003_mcw3,xgb_d3_600_lr002_mcw3,xgb_d4_500_lr002_mcw5,lgbm_leaves7_400,lgbm_leaves15_700,extra_trees_600_d3,random_forest_600_d4 --quantiles 0.5,0.6,0.7,0.8 --train-rows 756 --valid-rows 126 --test-rows 63 --min-valid-trades 8 --min-train-entries 80
{
  "rows": 1539,
  "target_hit_bps": 80.0,
  "label_mode": "hit",
  "entry_policy": "vwap_low",
  "entry_vwap_premium_bps": 50.0,
  "groups": {
    "reversal_fundamental_regime": 137,
    "reversal_fundamental_regime_sector": 160,
    "reversal_fundamental_regime_sector_external": 541,
    "all_no_ak": 596
  },
  "models": [
    "xgb_d2_200_lr003_mcw5",
    "xgb_d3_400_lr003_mcw3",
    "xgb_d3_600_lr002_mcw3",
    "xgb_d4_500_lr002_mcw5",
    "extra_trees_600_d3",
    "random_forest_600_d4",
    "lgbm_leaves7_400",
    "lgbm_leaves15_700"
  ],
  "top": [
    {
      "entry_policy": "vwap_low",
      "feature_group": "all_no_ak",
      "model_name": "lgbm_leaves15_700",
      "target_hit_bps": 80.0,
      "trades": 179,
      "win_rate": 0.6480446927374302,
      "avg_return": 0.00034154059200981366,
      "median_return": 0.008,
      "compound_return": 0.049636527473654546,
      "max_drawdown": -0.15637929354662805,
      "profit_factor": 1.074470449873366,
      "windows": 10
    },
    {
      "entry_policy": "vwap_low",
      "feature_group": "reversal_fundamental_regime_sector_external",
      "model_name": "xgb_d3_400_lr003_mcw3",
      "target_hit_bps": 80.0,
      "trades": 233,
      "win_rate": 0.6824034334763949,
      "avg_return": -5.304245334093565e-05,
      "median_return": 0.008,
      "compound_return": -0.033669642634508334,
      "max_drawdown": -0.15446448392073586,
      "profit_factor": 0.990009438544718,
      "windows": 10
    },
    {
      "entry_policy": "vwap_low",
      "feature_group": "reversal_fundamental_regime_sector_external",
      "model_name": "xgb_d3_600_lr002_mcw3",
      "target_hit_bps": 80.0,
      "trades": 163,
      "win_rate": 0.6809815950920245,
      "avg_return": -0.00040551307250837726,
      "median_return": 0.008,
      "compound_return": -0.07994123379154383,
      "max_drawdown": -0.2052777939281818,
      "profit_factor": 0.9271212884130713,
      "windows": 10
    },
    {
      "entry_policy": "vwap_low",
      "feature_group": "reversal_fundamental_regime_sector_external",
      "model_name": "lgbm_leaves15_700",
      "target_hit_bps": 80.0,
      "trades": 173,
      "win_rate": 0.6705202312138728,
      "avg_return": -0.000551816591992512,
      "median_return": 0.008,
      "compound_return": -0.10708133840603185,
      "max_drawdown": -0.22122356878817673,
      "profit_factor": 0.9026600348258659,
      "windows": 10
    },
    {
      "entry_policy": "vwap_low",
      "feature_group": "all_no_ak",
      "model_name": "xgb_d3_600_lr002_mcw3",
      "target_hit_bps": 80.0,
      "trades": 212,
      "win_rate": 0.6792452830188679,
      "avg_return": -0.00044580440252479063,
      "median_return": 0.008,
      "compound_return": -0.11028190675984206,
      "max_drawdown": -0.1809490756399661,
      "profit_factor": 0.9211851488036814,
      "windows": 10
    },
    {
      "entry_policy": "vwap_low",
      "feature_group": "reversal_fundamental_regime_sector_external",
      "model_name": "xgb_d4_500_lr002_mcw5",
      "target_hit_bps": 80.0,
      "trades": 245,
      "win_rate": 0.6816326530612244,
      "avg_return": -0.00044434831475007405,
      "median_return": 0.008,
      "compound_return": -0.12581585154856023,
      "max_drawdown": -0.2516485773957936,
      "profit_factor": 0.9216856969128655,
      "windows": 10
    },
    {
      "entry_policy": "vwap_low",
      "feature_group": "reversal_fundamental_regime_sector_external",
      "model_name": "xgb_d2_200_lr003_mcw5",
      "target_hit_bps": 80.0,
      "trades": 216,
      "win_rate": 0.6574074074074074,
      "avg_return": -0.0005442962498014079,
      "median_return": 0.008,
      "compound_return": -0.12893621417419088,
      "max_drawdown": -0.19989853364991395,
      "profit_factor": 0.9012451820474148,
      "windows": 10
    },
    {
      "entry_policy": "vwap_low",
      "feature_group": "all_no_ak",
      "model_name": "xgb_d4_500_lr002_mcw5",
      "target_hit_bps": 80.0,
      "trades": 197,
      "win_rate": 0.6548223350253807,
      "avg_return": -0.0006937539768104731,
      "median_return": 0.008,
      "compound_return": -0.14473088847518312,
      "max_drawdown": -0.17937764544103718,
      "profit_factor": 0.8771387782011582,
      "windows": 10
    },
    {
      "entry_policy": "vwap_low",
      "feature_group": "reversal_fundamental_regime_sector_external",
      "model_name": "lgbm_leaves7_400",
      "target_hit_bps": 80.0,
      "trades": 229,
      "win_rate": 0.6506550218340611,
      "avg_return": -0.0006714088854242576,
      "median_return": 0.008,
      "compound_return": -0.1615482501340103,
      "max_drawdown": -0.22921933516305737,
      "profit_factor": 0.8793074313110542,
      "windows": 10
    },
    {
      "entry_policy": "vwap_low",
      "feature_group": "all_no_ak",
      "model_name": "xgb_d3_400_lr003_mcw3",
      "target_hit_bps": 80.0,
      "trades": 216,
      "win_rate": 0.6574074074074074,
      "avg_return": -0.0008616610964543506,
      "median_return": 0.008,
      "compound_return": -0.18842304663884912,
      "max_drawdown": -0.23574777139536762,
      "profit_factor": 0.8524963720226177,
      "windows": 10
    },
    {
      "entry_policy": "vwap_low",
      "feature_group": "reversal_fundamental_regime_sector",
      "model_name": "xgb_d4_500_lr002_mcw5",
      "target_hit_bps": 80.0,
      "trades": 231,
      "win_rate": 0.6277056277056277,
      "avg_return": -0.0009210649435155049,
      "median_return": 0.008,
      "compound_return": -0.20776169634219432,
      "max_drawdown": -0.27020290216243537,
      "profit_factor": 0.839414348726533,
      "windows": 10
    },
    {
      "entry_policy": "vwap_low",
      "feature_group": "all_no_ak",
      "model_name": "xgb_d2_200_lr003_mcw5",
      "target_hit_bps": 80.0,
      "trades": 188,
      "win_rate": 0.6542553191489362,
      "avg_return": -0.0011765794217384045,
      "median_return": 0.008,
      "compound_return": -0.2149206340203118,
      "max_drawdown": -0.24894981065819277,
      "profit_factor": 0.8093241860800116,
      "windows": 10
    },
    {
      "entry_policy": "vwap_low",
      "feature_group": "reversal_fundamental_regime_sector_external",
      "model_name": "random_forest_600_d4",
      "target_hit_bps": 80.0,
      "trades": 228,
      "win_rate": 0.6535087719298246,
      "avg_return": -0.0009666178073198076,
      "median_return": 0.008,
      "compound_return": -0.21698128108485037,
      "max_drawdown": -0.2890360066022759,
      "profit_factor": 0.836405194358277,
      "windows": 10
    },
    {
      "entry_policy": "vwap_low",
      "feature_group": "all_no_ak",
      "model_name": "random_forest_600_d4",
      "target_hit_bps": 80.0,
      "trades": 222,
      "win_rate": 0.6576576576576577,
      "avg_return": -0.0010021834496465824,
      "median_return": 0.008,
      "compound_return": -0.2184688720315784,
      "max_drawdown": -0.2900755661066168,
      "profit_factor": 0.8323757733995446,
      "windows": 10
    },
    {
      "entry_policy": "vwap_low",
      "feature_group": "reversal_fundamental_regime_sector",
      "model_name": "xgb_d3_600_lr002_mcw3",
      "target_hit_bps": 80.0,
      "trades": 222,
      "win_rate": 0.6171171171171171,
      "avg_return": -0.0011248730311637044,
      "median_return": 0.008,
      "compound_return": -0.23554362093540615,
      "max_drawdown": -0.2831998163697548,
      "profit_factor": 0.8040371408118829,
      "windows": 10
    },
    {
      "entry_policy": "vwap_low",
      "feature_group": "reversal_fundamental_regime",
      "model_name": "lgbm_leaves15_700",
      "target_hit_bps": 80.0,
      "trades": 226,
      "win_rate": 0.6238938053097345,
      "avg_return": -0.0011116672571700095,
      "median_return": 0.008,
      "compound_return": -0.23720082104947926,
      "max_drawdown": -0.27190943305306703,
      "profit_factor": 0.8065206164510894,
      "windows": 10
    },
    {
      "entry_policy": "vwap_low",
      "feature_group": "reversal_fundamental_regime_sector",
      "model_name": "xgb_d2_200_lr003_mcw5",
      "target_hit_bps": 80.0,
      "trades": 209,
      "win_rate": 0.6267942583732058,
      "avg_return": -0.0012027741533470315,
      "median_return": 0.008,
      "compound_return": -0.2377221328530763,
      "max_drawdown": -0.2666330986125508,
      "profit_factor": 0.8019085213364204,
      "windows": 10
    },
    {
      "entry_policy": "vwap_low",
      "feature_group": "reversal_fundamental_regime",
      "model_name": "xgb_d3_600_lr002_mcw3",
      "target_hit_bps": 80.0,
      "trades": 208,
      "win_rate": 0.6346153846153846,
      "avg_return": -0.0012660315680639725,
      "median_return": 0.008,
      "compound_return": -0.24712233622618918,
      "max_drawdown": -0.29948058656933507,
      "profit_factor": 0.7896188269584549,
      "windows": 10
    },
    {
      "entry_policy": "vwap_low",
      "feature_group": "reversal_fundamental_regime",
      "model_name": "lgbm_leaves7_400",
      "target_hit_bps": 80.0,
      "trades": 222,
      "win_rate": 0.6126126126126126,
      "avg_return": -0.001209727174876535,
      "median_return": 0.008,
      "compound_return": -0.2513021045907994,
      "max_drawdown": -0.36091059419061255,
      "profit_factor": 0.7928592960176307,
      "windows": 10
    },
    {
      "entry_policy": "vwap_low",
      "feature_group": "reversal_fundamental_regime_sector",
      "model_name": "lgbm_leaves7_400",
      "target_hit_bps": 80.0,
      "trades": 260,
      "win_rate": 0.6269230769230769,
      "avg_return": -0.001063414978480323,
      "median_return": 0.008,
      "compound_return": -0.2587908914387357,
      "max_drawdown": -0.32153225439106503,
      "profit_factor": 0.8174504810247472,
      "windows": 10
    }
  ]
}

[2026-05-18T20:04:39] RUN search_vwap_low_close_profit_50bps
  /usr/bin/python3 model_training/search_walk_forward_model_complexity.py --samples /root/stock_realtime_v021_full/saved_data/000786_pipeline_out_v2_new27_full/04_external/material_wind_battery/training_samples_with_material_wind_battery_external.csv --intraday-bars /root/stock_realtime_v021_full/saved_data/000786_pipeline_out_v2_new27_full/00_base/000786_5m.csv --out-dir /root/stock_realtime_v021_full/saved_data/000786_pipeline_out_v2_new27_full/10_search/search_vwap_low_close_profit_50bps --round-trip-cost-bps 1.7 --target-hit-bps 50.0 --label-mode close_profit --entry-policy vwap_low --entry-vwap-premium-bps 50.0 --max-missing 0.35 --groups reversal_fundamental_regime,reversal_fundamental_regime_sector,reversal_fundamental_regime_sector_external,all_no_ak --models xgb_d2_200_lr003_mcw5,xgb_d3_400_lr003_mcw3,xgb_d3_600_lr002_mcw3,xgb_d4_500_lr002_mcw5,lgbm_leaves7_400,lgbm_leaves15_700,extra_trees_600_d3,random_forest_600_d4 --quantiles 0.5,0.6,0.7,0.8 --train-rows 756 --valid-rows 126 --test-rows 63 --min-valid-trades 8 --min-train-entries 80
{
  "rows": 1539,
  "target_hit_bps": 50.0,
  "label_mode": "close_profit",
  "entry_policy": "vwap_low",
  "entry_vwap_premium_bps": 50.0,
  "groups": {
    "reversal_fundamental_regime": 137,
    "reversal_fundamental_regime_sector": 160,
    "reversal_fundamental_regime_sector_external": 541,
    "all_no_ak": 596
  },
  "models": [
    "xgb_d2_200_lr003_mcw5",
    "xgb_d3_400_lr003_mcw3",
    "xgb_d3_600_lr002_mcw3",
    "xgb_d4_500_lr002_mcw5",
    "extra_trees_600_d3",
    "random_forest_600_d4",
    "lgbm_leaves7_400",
    "lgbm_leaves15_700"
  ],
  "top": [
    {
      "entry_policy": "vwap_low",
      "feature_group": "reversal_fundamental_regime_sector_external",
      "model_name": "xgb_d4_500_lr002_mcw5",
      "target_hit_bps": 50.0,
      "trades": 247,
      "win_rate": 0.5263157894736842,
      "avg_return": 0.0020544083601827775,
      "median_return": 0.0014856291390728006,
      "compound_return": 0.5763891102348839,
      "max_drawdown": -0.1806790892305702,
      "profit_factor": 1.3273257671851066,
      "windows": 10
    },
    {
      "entry_policy": "vwap_low",
      "feature_group": "all_no_ak",
      "model_name": "xgb_d4_500_lr002_mcw5",
      "target_hit_bps": 50.0,
      "trades": 209,
      "win_rate": 0.5406698564593302,
      "avg_return": 0.0021757756456016867,
      "median_return": 0.0018826855969893454,
      "compound_return": 0.5118478175125563,
      "max_drawdown": -0.11190327414479773,
      "profit_factor": 1.3588456858950695,
      "windows": 10
    },
    {
      "entry_policy": "vwap_low",
      "feature_group": "reversal_fundamental_regime_sector_external",
      "model_name": "random_forest_600_d4",
      "target_hit_bps": 50.0,
      "trades": 225,
      "win_rate": 0.5333333333333333,
      "avg_return": 0.001817251478004218,
      "median_return": 0.001542328767123239,
      "compound_return": 0.4315094273686573,
      "max_drawdown": -0.14690353285939972,
      "profit_factor": 1.269872225443089,
      "windows": 10
    },
    {
      "entry_policy": "vwap_low",
      "feature_group": "reversal_fundamental_regime_sector_external",
      "model_name": "xgb_d2_200_lr003_mcw5",
      "target_hit_bps": 50.0,
      "trades": 257,
      "win_rate": 0.48638132295719844,
      "avg_return": 0.0013052672960157956,
      "median_return": -0.00016999999999999999,
      "compound_return": 0.3309154186097498,
      "max_drawdown": -0.147956530757963,
      "profit_factor": 1.209380559152993,
      "windows": 10
    },
    {
      "entry_policy": "vwap_low",
      "feature_group": "all_no_ak",
      "model_name": "random_forest_600_d4",
      "target_hit_bps": 50.0,
      "trades": 215,
      "win_rate": 0.5116279069767442,
      "avg_return": 0.0013168869924402536,
      "median_return": 0.00021328861632819235,
      "compound_return": 0.26923335305921436,
      "max_drawdown": -0.1697624435082733,
      "profit_factor": 1.1957800154926372,
      "windows": 10
    },
    {
      "entry_policy": "vwap_low",
      "feature_group": "reversal_fundamental_regime_sector_external",
      "model_name": "xgb_d3_600_lr002_mcw3",
      "target_hit_bps": 50.0,
      "trades": 235,
      "win_rate": 0.49361702127659574,
      "avg_return": 0.0008661221077558266,
      "median_return": -0.00016999999999999999,
      "compound_return": 0.171181100392924,
      "max_drawdown": -0.2155698351177906,
      "profit_factor": 1.1301906506757025,
      "windows": 10
    },
    {
      "entry_policy": "vwap_low",
      "feature_group": "reversal_fundamental_regime_sector",
      "model_name": "extra_trees_600_d3",
      "target_hit_bps": 50.0,
      "trades": 170,
      "win_rate": 0.5,
      "avg_return": 0.0011831343118200322,
      "median_return": -3.1108144192791294e-06,
      "compound_return": 0.16547953859951758,
      "max_drawdown": -0.17043728949796044,
      "profit_factor": 1.1472610386802546,
      "windows": 10
    },
    {
      "entry_policy": "vwap_low",
      "feature_group": "all_no_ak",
      "model_name": "extra_trees_600_d3",
      "target_hit_bps": 50.0,
      "trades": 271,
      "win_rate": 0.4833948339483395,
      "avg_return": 0.000653922715626224,
      "median_return": -0.00016999999999999999,
      "compound_return": 0.1272123921572874,
      "max_drawdown": -0.22681926451385093,
      "profit_factor": 1.0905168016159241,
      "windows": 10
    },
    {
      "entry_policy": "vwap_low",
      "feature_group": "reversal_fundamental_regime_sector",
      "model_name": "xgb_d3_400_lr003_mcw3",
      "target_hit_bps": 50.0,
      "trades": 288,
      "win_rate": 0.4895833333333333,
      "avg_return": 0.0005549266142577163,
      "median_return": -0.00016999999999999999,
      "compound_return": 0.11529341607704358,
      "max_drawdown": -0.23963245087654572,
      "profit_factor": 1.089697990537682,
      "windows": 10
    },
    {
      "entry_policy": "vwap_low",
      "feature_group": "all_no_ak",
      "model_name": "lgbm_leaves15_700",
      "target_hit_bps": 50.0,
      "trades": 228,
      "win_rate": 0.5,
      "avg_return": 0.000559878833448419,
      "median_return": -3.1108144192791294e-06,
      "compound_return": 0.07375858941421787,
      "max_drawdown": -0.3067144838278725,
      "profit_factor": 1.0733861285166952,
      "windows": 10
    },
    {
      "entry_policy": "vwap_low",
      "feature_group": "reversal_fundamental_regime_sector_external",
      "model_name": "extra_trees_600_d3",
      "target_hit_bps": 50.0,
      "trades": 225,
      "win_rate": 0.49333333333333335,
      "avg_return": 0.0005011890201404674,
      "median_return": -0.00016999999999999999,
      "compound_return": 0.06860556843147081,
      "max_drawdown": -0.2511637509560253,
      "profit_factor": 1.0694533575222427,
      "windows": 10
    },
    {
      "entry_policy": "vwap_low",
      "feature_group": "reversal_fundamental_regime_sector",
      "model_name": "lgbm_leaves7_400",
      "target_hit_bps": 50.0,
      "trades": 306,
      "win_rate": 0.48366013071895425,
      "avg_return": 0.00035611780456354446,
      "median_return": -0.00016999999999999999,
      "compound_return": 0.047893804020363584,
      "max_drawdown": -0.23969832831104243,
      "profit_factor": 1.0511756386772062,
      "windows": 10
    },
    {
      "entry_policy": "vwap_low",
      "feature_group": "reversal_fundamental_regime_sector_external",
      "model_name": "lgbm_leaves7_400",
      "target_hit_bps": 50.0,
      "trades": 213,
      "win_rate": 0.48826291079812206,
      "avg_return": 0.00026426266412221184,
      "median_return": -0.00016999999999999999,
      "compound_return": 0.006854103749167173,
      "max_drawdown": -0.29894032257487246,
      "profit_factor": 1.0350113640849576,
      "windows": 10
    },
    {
      "entry_policy": "vwap_low",
      "feature_group": "reversal_fundamental_regime_sector",
      "model_name": "xgb_d2_200_lr003_mcw5",
      "target_hit_bps": 50.0,
      "trades": 270,
      "win_rate": 0.4888888888888889,
      "avg_return": 0.0001844315615560894,
      "median_return": -0.00016999999999999999,
      "compound_return": -0.001531197791279748,
      "max_drawdown": -0.23591529245043819,
      "profit_factor": 1.0275558411923786,
      "windows": 10
    },
    {
      "entry_policy": "vwap_low",
      "feature_group": "reversal_fundamental_regime_sector_external",
      "model_name": "xgb_d3_400_lr003_mcw3",
      "target_hit_bps": 50.0,
      "trades": 188,
      "win_rate": 0.4946808510638298,
      "avg_return": 4.882474580683848e-05,
      "median_return": -0.00016999999999999999,
      "compound_return": -0.02716195464505544,
      "max_drawdown": -0.19156891768582662,
      "profit_factor": 1.0069894421222685,
      "windows": 10
    },
    {
      "entry_policy": "vwap_low",
      "feature_group": "reversal_fundamental_regime",
      "model_name": "lgbm_leaves7_400",
      "target_hit_bps": 50.0,
      "trades": 226,
      "win_rate": 0.4778761061946903,
      "avg_return": 5.631055992088957e-05,
      "median_return": -0.0003123690205011319,
      "compound_return": -0.028386545327346524,
      "max_drawdown": -0.21036473017041468,
      "profit_factor": 1.0085524462272624,
      "windows": 10
    },
    {
      "entry_policy": "vwap_low",
      "feature_group": "all_no_ak",
      "model_name": "xgb_d3_600_lr002_mcw3",
      "target_hit_bps": 50.0,
      "trades": 189,
      "win_rate": 0.4708994708994709,
      "avg_return": 3.658212496705899e-06,
      "median_return": -0.0009998755186723073,
      "compound_return": -0.03821863841957063,
      "max_drawdown": -0.19318416237124447,
      "profit_factor": 1.0004998243193297,
      "windows": 10
    },
    {
      "entry_policy": "vwap_low",
      "feature_group": "all_no_ak",
      "model_name": "xgb_d3_400_lr003_mcw3",
      "target_hit_bps": 50.0,
      "trades": 154,
      "win_rate": 0.474025974025974,
      "avg_return": -8.250028708527106e-05,
      "median_return": -0.0007210739589195124,
      "compound_return": -0.04448085683393421,
      "max_drawdown": -0.19270242015283123,
      "profit_factor": 0.9888049668869068,
      "windows": 10
    },
    {
      "entry_policy": "vwap_low",
      "feature_group": "reversal_fundamental_regime_sector_external",
      "model_name": "lgbm_leaves15_700",
      "target_hit_bps": 50.0,
      "trades": 218,
      "win_rate": 0.4724770642201835,
      "avg_return": -2.6934143799396185e-05,
      "median_return": -0.0005509689956513762,
      "compound_return": -0.04994165045972676,
      "max_drawdown": -0.3401360731269759,
      "profit_factor": 0.9962107856285871,
      "windows": 10
    },
    {
      "entry_policy": "vwap_low",
      "feature_group": "reversal_fundamental_regime_sector",
      "model_name": "lgbm_leaves15_700",
      "target_hit_bps": 50.0,
      "trades": 274,
      "win_rate": 0.4927007299270073,
      "avg_return": -2.9437487730766723e-05,
      "median_return": -0.00016999999999999999,
      "compound_return": -0.0607944296003845,
      "max_drawdown": -0.35765227221380325,
      "profit_factor": 0.995738098030676,
      "windows": 10
    }
  ]
}

[2026-05-18T20:31:48] RUN search_all_days_hit_50bps
  /usr/bin/python3 model_training/search_walk_forward_model_complexity.py --samples /root/stock_realtime_v021_full/saved_data/000786_pipeline_out_v2_new27_full/04_external/material_wind_battery/training_samples_with_material_wind_battery_external.csv --intraday-bars /root/stock_realtime_v021_full/saved_data/000786_pipeline_out_v2_new27_full/00_base/000786_5m.csv --out-dir /root/stock_realtime_v021_full/saved_data/000786_pipeline_out_v2_new27_full/10_search/search_all_days_hit_50bps --round-trip-cost-bps 1.7 --target-hit-bps 50.0 --label-mode hit --entry-policy all_days --entry-vwap-premium-bps 50.0 --max-missing 0.35 --groups reversal_fundamental_regime,reversal_fundamental_regime_sector,reversal_fundamental_regime_sector_external,all_no_ak --models xgb_d2_200_lr003_mcw5,xgb_d3_400_lr003_mcw3,xgb_d3_600_lr002_mcw3,xgb_d4_500_lr002_mcw5,lgbm_leaves7_400,lgbm_leaves15_700,extra_trees_600_d3,random_forest_600_d4 --quantiles 0.5,0.6,0.7,0.8 --train-rows 756 --valid-rows 126 --test-rows 63 --min-valid-trades 8 --min-train-entries 80
{
  "rows": 1539,
  "target_hit_bps": 50.0,
  "label_mode": "hit",
  "entry_policy": "all_days",
  "entry_vwap_premium_bps": 50.0,
  "groups": {
    "reversal_fundamental_regime": 137,
    "reversal_fundamental_regime_sector": 160,
    "reversal_fundamental_regime_sector_external": 541,
    "all_no_ak": 596
  },
  "models": [
    "xgb_d2_200_lr003_mcw5",
    "xgb_d3_400_lr003_mcw3",
    "xgb_d3_600_lr002_mcw3",
    "xgb_d4_500_lr002_mcw5",
    "extra_trees_600_d3",
    "random_forest_600_d4",
    "lgbm_leaves7_400",
    "lgbm_leaves15_700"
  ],
  "top": [
    {
      "entry_policy": "all_days",
      "feature_group": "all_no_ak",
      "model_name": "xgb_d4_500_lr002_mcw5",
      "target_hit_bps": 50.0,
      "trades": 224,
      "win_rate": 0.7455357142857143,
      "avg_return": -0.00033586403641190914,
      "median_return": 0.005,
      "compound_return": -0.08573015708324516,
      "max_drawdown": -0.23334596668174268,
      "profit_factor": 0.9163334172552068,
      "windows": 10
    },
    {
      "entry_policy": "all_days",
      "feature_group": "reversal_fundamental_regime_sector_external",
      "model_name": "xgb_d4_500_lr002_mcw5",
      "target_hit_bps": 50.0,
      "trades": 203,
      "win_rate": 0.7339901477832512,
      "avg_return": -0.0005551378927227783,
      "median_return": 0.005,
      "compound_return": -0.1185201468162902,
      "max_drawdown": -0.24901595831744694,
      "profit_factor": 0.8665694374666739,
      "windows": 10
    },
    {
      "entry_policy": "all_days",
      "feature_group": "reversal_fundamental_regime_sector_external",
      "model_name": "xgb_d3_600_lr002_mcw3",
      "target_hit_bps": 50.0,
      "trades": 243,
      "win_rate": 0.7448559670781894,
      "avg_return": -0.00045878971852580816,
      "median_return": 0.005,
      "compound_return": -0.11915844487159766,
      "max_drawdown": -0.2806486651966392,
      "profit_factor": 0.8886611723340573,
      "windows": 10
    },
    {
      "entry_policy": "all_days",
      "feature_group": "all_no_ak",
      "model_name": "lgbm_leaves15_700",
      "target_hit_bps": 50.0,
      "trades": 193,
      "win_rate": 0.7253886010362695,
      "avg_return": -0.0008563633071820709,
      "median_return": 0.005,
      "compound_return": -0.1631228000099364,
      "max_drawdown": -0.29099635141794034,
      "profit_factor": 0.8075135543741844,
      "windows": 10
    },
    {
      "entry_policy": "all_days",
      "feature_group": "all_no_ak",
      "model_name": "lgbm_leaves7_400",
      "target_hit_bps": 50.0,
      "trades": 246,
      "win_rate": 0.7317073170731707,
      "avg_return": -0.0008220968003597462,
      "median_return": 0.005,
      "compound_return": -0.19690062439629785,
      "max_drawdown": -0.28386348606282197,
      "profit_factor": 0.8139626232587912,
      "windows": 10
    },
    {
      "entry_policy": "all_days",
      "feature_group": "reversal_fundamental_regime_sector_external",
      "model_name": "xgb_d2_200_lr003_mcw5",
      "target_hit_bps": 50.0,
      "trades": 229,
      "win_rate": 0.7336244541484717,
      "avg_return": -0.0008886291220123698,
      "median_return": 0.005,
      "compound_return": -0.19723818315435215,
      "max_drawdown": -0.28890943699419425,
      "profit_factor": 0.8032547435818869,
      "windows": 10
    },
    {
      "entry_policy": "all_days",
      "feature_group": "all_no_ak",
      "model_name": "xgb_d2_200_lr003_mcw5",
      "target_hit_bps": 50.0,
      "trades": 227,
      "win_rate": 0.7400881057268722,
      "avg_return": -0.0009224520232200108,
      "median_return": 0.005,
      "compound_return": -0.20246937682540644,
      "max_drawdown": -0.24997054917696204,
      "profit_factor": 0.7983409815486098,
      "windows": 10
    },
    {
      "entry_policy": "all_days",
      "feature_group": "reversal_fundamental_regime_sector_external",
      "model_name": "lgbm_leaves7_400",
      "target_hit_bps": 50.0,
      "trades": 178,
      "win_rate": 0.7303370786516854,
      "avg_return": -0.0012344173136178487,
      "median_return": 0.005,
      "compound_return": -0.20888710812835232,
      "max_drawdown": -0.29115070173097457,
      "profit_factor": 0.7454208824118287,
      "windows": 10
    },
    {
      "entry_policy": "all_days",
      "feature_group": "reversal_fundamental_regime_sector_external",
      "model_name": "xgb_d3_400_lr003_mcw3",
      "target_hit_bps": 50.0,
      "trades": 198,
      "win_rate": 0.7222222222222222,
      "avg_return": -0.001284593109485042,
      "median_return": 0.005,
      "compound_return": -0.2367123120504233,
      "max_drawdown": -0.33039751271283957,
      "profit_factor": 0.7363059661422124,
      "windows": 10
    },
    {
      "entry_policy": "all_days",
      "feature_group": "reversal_fundamental_regime_sector",
      "model_name": "xgb_d4_500_lr002_mcw5",
      "target_hit_bps": 50.0,
      "trades": 163,
      "win_rate": 0.7055214723926381,
      "avg_return": -0.0017078158743084116,
      "median_return": 0.005,
      "compound_return": -0.2520817687497382,
      "max_drawdown": -0.25868175748757993,
      "profit_factor": 0.671484115861043,
      "windows": 10
    },
    {
      "entry_policy": "all_days",
      "feature_group": "reversal_fundamental_regime",
      "model_name": "xgb_d4_500_lr002_mcw5",
      "target_hit_bps": 50.0,
      "trades": 264,
      "win_rate": 0.7196969696969697,
      "avg_return": -0.0010656124583421501,
      "median_return": 0.005,
      "compound_return": -0.2575829911405294,
      "max_drawdown": -0.3227961004017649,
      "profit_factor": 0.7680545154158761,
      "windows": 10
    },
    {
      "entry_policy": "all_days",
      "feature_group": "reversal_fundamental_regime_sector",
      "model_name": "lgbm_leaves15_700",
      "target_hit_bps": 50.0,
      "trades": 161,
      "win_rate": 0.6770186335403726,
      "avg_return": -0.0017916566144291286,
      "median_return": 0.005,
      "compound_return": -0.25940280249417025,
      "max_drawdown": -0.28481296649445464,
      "profit_factor": 0.6461836423743951,
      "windows": 10
    },
    {
      "entry_policy": "all_days",
      "feature_group": "reversal_fundamental_regime_sector_external",
      "model_name": "extra_trees_600_d3",
      "target_hit_bps": 50.0,
      "trades": 237,
      "win_rate": 0.7341772151898734,
      "avg_return": -0.0012509507762331286,
      "median_return": 0.005,
      "compound_return": -0.2703985642786867,
      "max_drawdown": -0.3505089888285786,
      "profit_factor": 0.7422143118876812,
      "windows": 10
    },
    {
      "entry_policy": "all_days",
      "feature_group": "all_no_ak",
      "model_name": "xgb_d3_600_lr002_mcw3",
      "target_hit_bps": 50.0,
      "trades": 221,
      "win_rate": 0.7239819004524887,
      "avg_return": -0.0013815504700116425,
      "median_return": 0.005,
      "compound_return": -0.27590656084363463,
      "max_drawdown": -0.38222036347193966,
      "profit_factor": 0.7225691210210954,
      "windows": 10
    },
    {
      "entry_policy": "all_days",
      "feature_group": "reversal_fundamental_regime_sector_external",
      "model_name": "lgbm_leaves15_700",
      "target_hit_bps": 50.0,
      "trades": 213,
      "win_rate": 0.7089201877934272,
      "avg_return": -0.0014533231658212648,
      "median_return": 0.005,
      "compound_return": -0.2782330243625646,
      "max_drawdown": -0.31050328051482745,
      "profit_factor": 0.7079012367668104,
      "windows": 10
    },
    {
      "entry_policy": "all_days",
      "feature_group": "reversal_fundamental_regime",
      "model_name": "xgb_d2_200_lr003_mcw5",
      "target_hit_bps": 50.0,
      "trades": 247,
      "win_rate": 0.7206477732793523,
      "avg_return": -0.0012769353054116136,
      "median_return": 0.005,
      "compound_return": -0.28389071877746686,
      "max_drawdown": -0.32858836109579426,
      "profit_factor": 0.7333895146507294,
      "windows": 10
    },
    {
      "entry_policy": "all_days",
      "feature_group": "all_no_ak",
      "model_name": "xgb_d3_400_lr003_mcw3",
      "target_hit_bps": 50.0,
      "trades": 226,
      "win_rate": 0.7168141592920354,
      "avg_return": -0.001458939100865764,
      "median_return": 0.005,
      "compound_return": -0.2934552588788496,
      "max_drawdown": -0.37577511657687446,
      "profit_factor": 0.7083506801302879,
      "windows": 10
    },
    {
      "entry_policy": "all_days",
      "feature_group": "reversal_fundamental_regime_sector",
      "model_name": "lgbm_leaves7_400",
      "target_hit_bps": 50.0,
      "trades": 187,
      "win_rate": 0.7112299465240641,
      "avg_return": -0.0017890125168642434,
      "median_return": 0.005,
      "compound_return": -0.29585054545366274,
      "max_drawdown": -0.326546272118032,
      "profit_factor": 0.6591006488525347,
      "windows": 10
    },
    {
      "entry_policy": "all_days",
      "feature_group": "all_no_ak",
      "model_name": "random_forest_600_d4",
      "target_hit_bps": 50.0,
      "trades": 271,
      "win_rate": 0.7232472324723247,
      "avg_return": -0.0012943307996177394,
      "median_return": 0.005,
      "compound_return": -0.3098869843805515,
      "max_drawdown": -0.3589949038127471,
      "profit_factor": 0.7325305879275951,
      "windows": 10
    },
    {
      "entry_policy": "all_days",
      "feature_group": "reversal_fundamental_regime_sector",
      "model_name": "xgb_d3_600_lr002_mcw3",
      "target_hit_bps": 50.0,
      "trades": 203,
      "win_rate": 0.7142857142857143,
      "avg_return": -0.0017566050362732312,
      "median_return": 0.005,
      "compound_return": -0.3121144832326411,
      "max_drawdown": -0.3317401839364592,
      "profit_factor": 0.6661878624503935,
      "windows": 10
    }
  ]
}

[2026-05-18T20:58:08] RUN search_all_days_hit_80bps
  /usr/bin/python3 model_training/search_walk_forward_model_complexity.py --samples /root/stock_realtime_v021_full/saved_data/000786_pipeline_out_v2_new27_full/04_external/material_wind_battery/training_samples_with_material_wind_battery_external.csv --intraday-bars /root/stock_realtime_v021_full/saved_data/000786_pipeline_out_v2_new27_full/00_base/000786_5m.csv --out-dir /root/stock_realtime_v021_full/saved_data/000786_pipeline_out_v2_new27_full/10_search/search_all_days_hit_80bps --round-trip-cost-bps 1.7 --target-hit-bps 80.0 --label-mode hit --entry-policy all_days --entry-vwap-premium-bps 50.0 --max-missing 0.35 --groups reversal_fundamental_regime,reversal_fundamental_regime_sector,reversal_fundamental_regime_sector_external,all_no_ak --models xgb_d2_200_lr003_mcw5,xgb_d3_400_lr003_mcw3,xgb_d3_600_lr002_mcw3,xgb_d4_500_lr002_mcw5,lgbm_leaves7_400,lgbm_leaves15_700,extra_trees_600_d3,random_forest_600_d4 --quantiles 0.5,0.6,0.7,0.8 --train-rows 756 --valid-rows 126 --test-rows 63 --min-valid-trades 8 --min-train-entries 80
{
  "rows": 1539,
  "target_hit_bps": 80.0,
  "label_mode": "hit",
  "entry_policy": "all_days",
  "entry_vwap_premium_bps": 50.0,
  "groups": {
    "reversal_fundamental_regime": 137,
    "reversal_fundamental_regime_sector": 160,
    "reversal_fundamental_regime_sector_external": 541,
    "all_no_ak": 596
  },
  "models": [
    "xgb_d2_200_lr003_mcw5",
    "xgb_d3_400_lr003_mcw3",
    "xgb_d3_600_lr002_mcw3",
    "xgb_d4_500_lr002_mcw5",
    "extra_trees_600_d3",
    "random_forest_600_d4",
    "lgbm_leaves7_400",
    "lgbm_leaves15_700"
  ],
  "top": [
    {
      "entry_policy": "all_days",
      "feature_group": "all_no_ak",
      "model_name": "lgbm_leaves15_700",
      "target_hit_bps": 80.0,
      "trades": 190,
      "win_rate": 0.6631578947368421,
      "avg_return": 0.0005385536918487919,
      "median_return": 0.008,
      "compound_return": 0.09279109411049591,
      "max_drawdown": -0.14086360394929398,
      "profit_factor": 1.1190319651615228,
      "windows": 10
    },
    {
      "entry_policy": "all_days",
      "feature_group": "reversal_fundamental_regime_sector_external",
      "model_name": "xgb_d3_600_lr002_mcw3",
      "target_hit_bps": 80.0,
      "trades": 182,
      "win_rate": 0.7142857142857143,
      "avg_return": 0.0002787939773776114,
      "median_return": 0.008,
      "compound_return": 0.033028157963417515,
      "max_drawdown": -0.14046003788327166,
      "profit_factor": 1.0542835028404478,
      "windows": 10
    },
    {
      "entry_policy": "all_days",
      "feature_group": "reversal_fundamental_regime_sector_external",
      "model_name": "lgbm_leaves15_700",
      "target_hit_bps": 80.0,
      "trades": 193,
      "win_rate": 0.689119170984456,
      "avg_return": 0.00025361115397331955,
      "median_return": 0.008,
      "compound_return": 0.03158390621840157,
      "max_drawdown": -0.14395514697664746,
      "profit_factor": 1.0505116533188885,
      "windows": 10
    },
    {
      "entry_policy": "all_days",
      "feature_group": "all_no_ak",
      "model_name": "xgb_d3_600_lr002_mcw3",
      "target_hit_bps": 80.0,
      "trades": 246,
      "win_rate": 0.6910569105691057,
      "avg_return": -3.612637384296124e-05,
      "median_return": 0.008,
      "compound_return": -0.03215178640385452,
      "max_drawdown": -0.1507747749226318,
      "profit_factor": 0.9931693320155514,
      "windows": 10
    },
    {
      "entry_policy": "all_days",
      "feature_group": "reversal_fundamental_regime_sector_external",
      "model_name": "xgb_d3_400_lr003_mcw3",
      "target_hit_bps": 80.0,
      "trades": 250,
      "win_rate": 0.68,
      "avg_return": -9.217039396800875e-05,
      "median_return": 0.008,
      "compound_return": -0.04512501393824131,
      "max_drawdown": -0.17111894024615026,
      "profit_factor": 0.9826746563591658,
      "windows": 10
    },
    {
      "entry_policy": "all_days",
      "feature_group": "reversal_fundamental_regime_sector_external",
      "model_name": "xgb_d2_200_lr003_mcw5",
      "target_hit_bps": 80.0,
      "trades": 197,
      "win_rate": 0.6802030456852792,
      "avg_return": -0.0003326254031828482,
      "median_return": 0.008,
      "compound_return": -0.08152211289137778,
      "max_drawdown": -0.17103061847930545,
      "profit_factor": 0.9398922829798334,
      "windows": 10
    },
    {
      "entry_policy": "all_days",
      "feature_group": "all_no_ak",
      "model_name": "random_forest_600_d4",
      "target_hit_bps": 80.0,
      "trades": 251,
      "win_rate": 0.6772908366533864,
      "avg_return": -0.000458688895805957,
      "median_return": 0.008,
      "compound_return": -0.13095162254377124,
      "max_drawdown": -0.23678892168328924,
      "profit_factor": 0.9174106353349922,
      "windows": 10
    },
    {
      "entry_policy": "all_days",
      "feature_group": "reversal_fundamental_regime_sector_external",
      "model_name": "xgb_d4_500_lr002_mcw5",
      "target_hit_bps": 80.0,
      "trades": 255,
      "win_rate": 0.6784313725490196,
      "avg_return": -0.0005543680325841169,
      "median_return": 0.008,
      "compound_return": -0.1544410764033668,
      "max_drawdown": -0.28759743510137925,
      "profit_factor": 0.9039039964449662,
      "windows": 10
    },
    {
      "entry_policy": "all_days",
      "feature_group": "reversal_fundamental_regime",
      "model_name": "xgb_d2_200_lr003_mcw5",
      "target_hit_bps": 80.0,
      "trades": 239,
      "win_rate": 0.6694560669456067,
      "avg_return": -0.0006156963295755432,
      "median_return": 0.008,
      "compound_return": -0.1567131596088135,
      "max_drawdown": -0.27152548274899757,
      "profit_factor": 0.8915570015004826,
      "windows": 10
    },
    {
      "entry_policy": "all_days",
      "feature_group": "all_no_ak",
      "model_name": "xgb_d4_500_lr002_mcw5",
      "target_hit_bps": 80.0,
      "trades": 236,
      "win_rate": 0.6652542372881356,
      "avg_return": -0.0006442980840649001,
      "median_return": 0.008,
      "compound_return": -0.16041436327478942,
      "max_drawdown": -0.20716193689333362,
      "profit_factor": 0.8858721334418886,
      "windows": 10
    },
    {
      "entry_policy": "all_days",
      "feature_group": "all_no_ak",
      "model_name": "lgbm_leaves7_400",
      "target_hit_bps": 80.0,
      "trades": 216,
      "win_rate": 0.6574074074074074,
      "avg_return": -0.0007522904089049627,
      "median_return": 0.008,
      "compound_return": -0.16880427809096388,
      "max_drawdown": -0.23588973218188414,
      "profit_factor": 0.870001238362581,
      "windows": 10
    },
    {
      "entry_policy": "all_days",
      "feature_group": "reversal_fundamental_regime",
      "model_name": "lgbm_leaves15_700",
      "target_hit_bps": 80.0,
      "trades": 251,
      "win_rate": 0.649402390438247,
      "avg_return": -0.0007061712151620556,
      "median_return": 0.008,
      "compound_return": -0.1804803503956447,
      "max_drawdown": -0.23624694174135952,
      "profit_factor": 0.8737293277319209,
      "windows": 10
    },
    {
      "entry_policy": "all_days",
      "feature_group": "all_no_ak",
      "model_name": "xgb_d3_400_lr003_mcw3",
      "target_hit_bps": 80.0,
      "trades": 212,
      "win_rate": 0.6650943396226415,
      "avg_return": -0.0008490413328715339,
      "median_return": 0.008,
      "compound_return": -0.18330022871086515,
      "max_drawdown": -0.24308279354307472,
      "profit_factor": 0.856435892952811,
      "windows": 10
    },
    {
      "entry_policy": "all_days",
      "feature_group": "all_no_ak",
      "model_name": "xgb_d2_200_lr003_mcw5",
      "target_hit_bps": 80.0,
      "trades": 202,
      "win_rate": 0.6633663366336634,
      "avg_return": -0.0009372268303857318,
      "median_return": 0.008,
      "compound_return": -0.18990181879032297,
      "max_drawdown": -0.241483415249923,
      "profit_factor": 0.8428354682848284,
      "windows": 10
    },
    {
      "entry_policy": "all_days",
      "feature_group": "reversal_fundamental_regime_sector_external",
      "model_name": "lgbm_leaves7_400",
      "target_hit_bps": 80.0,
      "trades": 210,
      "win_rate": 0.6523809523809524,
      "avg_return": -0.0009135710244802016,
      "median_return": 0.008,
      "compound_return": -0.19213711280863288,
      "max_drawdown": -0.2632335155834844,
      "profit_factor": 0.8426655901686382,
      "windows": 10
    },
    {
      "entry_policy": "all_days",
      "feature_group": "reversal_fundamental_regime_sector_external",
      "model_name": "random_forest_600_d4",
      "target_hit_bps": 80.0,
      "trades": 237,
      "win_rate": 0.6582278481012658,
      "avg_return": -0.0008385558444149035,
      "median_return": 0.008,
      "compound_return": -0.19993182023497114,
      "max_drawdown": -0.2838802448495745,
      "profit_factor": 0.8548777096816074,
      "windows": 10
    },
    {
      "entry_policy": "all_days",
      "feature_group": "reversal_fundamental_regime_sector",
      "model_name": "xgb_d2_200_lr003_mcw5",
      "target_hit_bps": 80.0,
      "trades": 216,
      "win_rate": 0.625,
      "avg_return": -0.0009502713625920027,
      "median_return": 0.008,
      "compound_return": -0.20113660845563808,
      "max_drawdown": -0.24646315390083529,
      "profit_factor": 0.8363012570134049,
      "windows": 10
    },
    {
      "entry_policy": "all_days",
      "feature_group": "reversal_fundamental_regime_sector",
      "model_name": "xgb_d3_600_lr002_mcw3",
      "target_hit_bps": 80.0,
      "trades": 217,
      "win_rate": 0.631336405529954,
      "avg_return": -0.0009850210369455898,
      "median_return": 0.008,
      "compound_return": -0.20787993481702716,
      "max_drawdown": -0.27865465864165206,
      "profit_factor": 0.8284488164278708,
      "windows": 10
    },
    {
      "entry_policy": "all_days",
      "feature_group": "reversal_fundamental_regime_sector",
      "model_name": "xgb_d4_500_lr002_mcw5",
      "target_hit_bps": 80.0,
      "trades": 228,
      "win_rate": 0.6271929824561403,
      "avg_return": -0.0009560573909798403,
      "median_return": 0.008,
      "compound_return": -0.2113805448196524,
      "max_drawdown": -0.25040337765038323,
      "profit_factor": 0.8325095119062813,
      "windows": 10
    },
    {
      "entry_policy": "all_days",
      "feature_group": "reversal_fundamental_regime_sector",
      "model_name": "lgbm_leaves7_400",
      "target_hit_bps": 80.0,
      "trades": 283,
      "win_rate": 0.6395759717314488,
      "avg_return": -0.0007656716846213958,
      "median_return": 0.008,
      "compound_return": -0.21423498010259623,
      "max_drawdown": -0.32153225439106503,
      "profit_factor": 0.8642521482951725,
      "windows": 10
    }
  ]
}

[2026-05-18T21:25:04] RUN search_all_days_close_profit_50bps
  /usr/bin/python3 model_training/search_walk_forward_model_complexity.py --samples /root/stock_realtime_v021_full/saved_data/000786_pipeline_out_v2_new27_full/04_external/material_wind_battery/training_samples_with_material_wind_battery_external.csv --intraday-bars /root/stock_realtime_v021_full/saved_data/000786_pipeline_out_v2_new27_full/00_base/000786_5m.csv --out-dir /root/stock_realtime_v021_full/saved_data/000786_pipeline_out_v2_new27_full/10_search/search_all_days_close_profit_50bps --round-trip-cost-bps 1.7 --target-hit-bps 50.0 --label-mode close_profit --entry-policy all_days --entry-vwap-premium-bps 50.0 --max-missing 0.35 --groups reversal_fundamental_regime,reversal_fundamental_regime_sector,reversal_fundamental_regime_sector_external,all_no_ak --models xgb_d2_200_lr003_mcw5,xgb_d3_400_lr003_mcw3,xgb_d3_600_lr002_mcw3,xgb_d4_500_lr002_mcw5,lgbm_leaves7_400,lgbm_leaves15_700,extra_trees_600_d3,random_forest_600_d4 --quantiles 0.5,0.6,0.7,0.8 --train-rows 756 --valid-rows 126 --test-rows 63 --min-valid-trades 8 --min-train-entries 80
{
  "rows": 1539,
  "target_hit_bps": 50.0,
  "label_mode": "close_profit",
  "entry_policy": "all_days",
  "entry_vwap_premium_bps": 50.0,
  "groups": {
    "reversal_fundamental_regime": 137,
    "reversal_fundamental_regime_sector": 160,
    "reversal_fundamental_regime_sector_external": 541,
    "all_no_ak": 596
  },
  "models": [
    "xgb_d2_200_lr003_mcw5",
    "xgb_d3_400_lr003_mcw3",
    "xgb_d3_600_lr002_mcw3",
    "xgb_d4_500_lr002_mcw5",
    "extra_trees_600_d3",
    "random_forest_600_d4",
    "lgbm_leaves7_400",
    "lgbm_leaves15_700"
  ],
  "top": [
    {
      "entry_policy": "all_days",
      "feature_group": "all_no_ak",
      "model_name": "xgb_d4_500_lr002_mcw5",
      "target_hit_bps": 50.0,
      "trades": 254,
      "win_rate": 0.5078740157480315,
      "avg_return": 0.0017549951289065476,
      "median_return": 0.00021499310940154354,
      "compound_return": 0.48324608355134435,
      "max_drawdown": -0.1702580722484316,
      "profit_factor": 1.2779783386515478,
      "windows": 10
    },
    {
      "entry_policy": "all_days",
      "feature_group": "reversal_fundamental_regime_sector_external",
      "model_name": "random_forest_600_d4",
      "target_hit_bps": 50.0,
      "trades": 257,
      "win_rate": 0.5097276264591439,
      "avg_return": 0.0015726213683774106,
      "median_return": 0.00021328861632819235,
      "compound_return": 0.41289544876534157,
      "max_drawdown": -0.23569813820707175,
      "profit_factor": 1.2275523675601803,
      "windows": 10
    },
    {
      "entry_policy": "all_days",
      "feature_group": "reversal_fundamental_regime_sector_external",
      "model_name": "xgb_d4_500_lr002_mcw5",
      "target_hit_bps": 50.0,
      "trades": 242,
      "win_rate": 0.5,
      "avg_return": 0.0012696512603976853,
      "median_return": -3.1108144192791294e-06,
      "compound_return": 0.2873957055072227,
      "max_drawdown": -0.32237738065981814,
      "profit_factor": 1.1848409588496478,
      "windows": 10
    },
    {
      "entry_policy": "all_days",
      "feature_group": "reversal_fundamental_regime_sector_external",
      "model_name": "xgb_d2_200_lr003_mcw5",
      "target_hit_bps": 50.0,
      "trades": 248,
      "win_rate": 0.4838709677419355,
      "avg_return": 0.0012073314764376205,
      "median_return": -0.00016999999999999999,
      "compound_return": 0.2818879596217998,
      "max_drawdown": -0.20163296763805405,
      "profit_factor": 1.1896684033214413,
      "windows": 10
    },
    {
      "entry_policy": "all_days",
      "feature_group": "all_no_ak",
      "model_name": "random_forest_600_d4",
      "target_hit_bps": 50.0,
      "trades": 240,
      "win_rate": 0.5,
      "avg_return": 0.001103778638820322,
      "median_return": -3.1108144192791294e-06,
      "compound_return": 0.23657604282960465,
      "max_drawdown": -0.17939689589040242,
      "profit_factor": 1.1575083559165413,
      "windows": 10
    },
    {
      "entry_policy": "all_days",
      "feature_group": "reversal_fundamental_regime_sector",
      "model_name": "extra_trees_600_d3",
      "target_hit_bps": 50.0,
      "trades": 232,
      "win_rate": 0.4827586206896552,
      "avg_return": 0.0009891628530877877,
      "median_return": -0.00016999999999999999,
      "compound_return": 0.18831130627183246,
      "max_drawdown": -0.17043728949796044,
      "profit_factor": 1.1337086695664205,
      "windows": 10
    },
    {
      "entry_policy": "all_days",
      "feature_group": "reversal_fundamental_regime_sector",
      "model_name": "xgb_d3_400_lr003_mcw3",
      "target_hit_bps": 50.0,
      "trades": 299,
      "win_rate": 0.4782608695652174,
      "avg_return": 0.0007183312868321284,
      "median_return": -0.00016999999999999999,
      "compound_return": 0.1735121443422729,
      "max_drawdown": -0.23963245087654572,
      "profit_factor": 1.1153138417640354,
      "windows": 10
    },
    {
      "entry_policy": "all_days",
      "feature_group": "reversal_fundamental_regime_sector_external",
      "model_name": "extra_trees_600_d3",
      "target_hit_bps": 50.0,
      "trades": 263,
      "win_rate": 0.4790874524714829,
      "avg_return": 0.0005538611747125416,
      "median_return": -0.00016999999999999999,
      "compound_return": 0.09220494971558924,
      "max_drawdown": -0.3208378947310818,
      "profit_factor": 1.075913857706519,
      "windows": 10
    },
    {
      "entry_policy": "all_days",
      "feature_group": "all_no_ak",
      "model_name": "extra_trees_600_d3",
      "target_hit_bps": 50.0,
      "trades": 297,
      "win_rate": 0.4781144781144781,
      "avg_return": 0.00047350716200077224,
      "median_return": -0.00016999999999999999,
      "compound_return": 0.08184521013344592,
      "max_drawdown": -0.22868476938973925,
      "profit_factor": 1.0655393414619503,
      "windows": 10
    },
    {
      "entry_policy": "all_days",
      "feature_group": "all_no_ak",
      "model_name": "lgbm_leaves15_700",
      "target_hit_bps": 50.0,
      "trades": 234,
      "win_rate": 0.5,
      "avg_return": 0.000591210152109233,
      "median_return": -3.1108144192791294e-06,
      "compound_return": 0.08145844224934229,
      "max_drawdown": -0.33380199187530046,
      "profit_factor": 1.0762414057712641,
      "windows": 10
    },
    {
      "entry_policy": "all_days",
      "feature_group": "reversal_fundamental_regime_sector_external",
      "model_name": "lgbm_leaves7_400",
      "target_hit_bps": 50.0,
      "trades": 192,
      "win_rate": 0.4739583333333333,
      "avg_return": 0.0006533409853062551,
      "median_return": -0.00016999999999999999,
      "compound_return": 0.07988621458554546,
      "max_drawdown": -0.3216099872273822,
      "profit_factor": 1.086494811209957,
      "windows": 10
    },
    {
      "entry_policy": "all_days",
      "feature_group": "reversal_fundamental_regime_sector_external",
      "model_name": "xgb_d3_400_lr003_mcw3",
      "target_hit_bps": 50.0,
      "trades": 209,
      "win_rate": 0.4784688995215311,
      "avg_return": 0.00047560800439606894,
      "median_return": -0.00016999999999999999,
      "compound_return": 0.05760068185966816,
      "max_drawdown": -0.19156891768582662,
      "profit_factor": 1.068956647824993,
      "windows": 10
    },
    {
      "entry_policy": "all_days",
      "feature_group": "reversal_fundamental_regime_sector_external",
      "model_name": "xgb_d3_600_lr002_mcw3",
      "target_hit_bps": 50.0,
      "trades": 257,
      "win_rate": 0.4669260700389105,
      "avg_return": 0.00037035340023530326,
      "median_return": -0.0009252870090634656,
      "compound_return": 0.0456843910847089,
      "max_drawdown": -0.3573550889883016,
      "profit_factor": 1.0535855494627426,
      "windows": 10
    },
    {
      "entry_policy": "all_days",
      "feature_group": "all_no_ak",
      "model_name": "xgb_d2_200_lr003_mcw5",
      "target_hit_bps": 50.0,
      "trades": 190,
      "win_rate": 0.5,
      "avg_return": 0.00041435335279695675,
      "median_return": -3.1108144192791294e-06,
      "compound_return": 0.0374686172847174,
      "max_drawdown": -0.146610975177076,
      "profit_factor": 1.0572810027075592,
      "windows": 10
    },
    {
      "entry_policy": "all_days",
      "feature_group": "reversal_fundamental_regime_sector",
      "model_name": "lgbm_leaves7_400",
      "target_hit_bps": 50.0,
      "trades": 342,
      "win_rate": 0.4766081871345029,
      "avg_return": 0.0002950217542709261,
      "median_return": -0.0003123690205011319,
      "compound_return": 0.029031125746506792,
      "max_drawdown": -0.23969832831104243,
      "profit_factor": 1.0411774950602128,
      "windows": 10
    },
    {
      "entry_policy": "all_days",
      "feature_group": "reversal_fundamental_regime",
      "model_name": "lgbm_leaves7_400",
      "target_hit_bps": 50.0,
      "trades": 259,
      "win_rate": 0.4864864864864865,
      "avg_return": 0.00026164479766066983,
      "median_return": -0.00016999999999999999,
      "compound_return": 0.017992709161974263,
      "max_drawdown": -0.1901517891374993,
      "profit_factor": 1.0389060330618285,
      "windows": 10
    },
    {
      "entry_policy": "all_days",
      "feature_group": "reversal_fundamental_regime_sector",
      "model_name": "lgbm_leaves15_700",
      "target_hit_bps": 50.0,
      "trades": 294,
      "win_rate": 0.4897959183673469,
      "avg_return": 0.00020536234669900504,
      "median_return": -0.00016999999999999999,
      "compound_return": 0.0008769239624564218,
      "max_drawdown": -0.33511493788381075,
      "profit_factor": 1.0298254969535532,
      "windows": 10
    },
    {
      "entry_policy": "all_days",
      "feature_group": "all_no_ak",
      "model_name": "lgbm_leaves7_400",
      "target_hit_bps": 50.0,
      "trades": 183,
      "win_rate": 0.47540983606557374,
      "avg_return": 0.00011543996526655813,
      "median_return": -0.0005168609087755592,
      "compound_return": -0.02843171506217035,
      "max_drawdown": -0.25660999101662374,
      "profit_factor": 1.0141162777557382,
      "windows": 10
    },
    {
      "entry_policy": "all_days",
      "feature_group": "reversal_fundamental_regime_sector",
      "model_name": "xgb_d2_200_lr003_mcw5",
      "target_hit_bps": 50.0,
      "trades": 300,
      "win_rate": 0.47,
      "avg_return": 2.0033939141059498e-05,
      "median_return": -0.000676853674772545,
      "compound_return": -0.05217528293919471,
      "max_drawdown": -0.32019031487306937,
      "profit_factor": 1.0028725104930303,
      "windows": 10
    },
    {
      "entry_policy": "all_days",
      "feature_group": "reversal_fundamental_regime",
      "model_name": "extra_trees_600_d3",
      "target_hit_bps": 50.0,
      "trades": 266,
      "win_rate": 0.47368421052631576,
      "avg_return": 1.5143695604139548e-05,
      "median_return": -0.0006569589584749479,
      "compound_return": -0.05506485995563748,
      "max_drawdown": -0.22252278864495834,
      "profit_factor": 1.0019691322772208,
      "windows": 10
    }
  ]
}

[2026-05-18T21:52:34] RUN summarize
  /usr/bin/python3 model_training/summarize_nextday_search_results.py --pipeline-out /root/stock_realtime_v021_full/saved_data/000786_pipeline_out_v2_new27_full --out-dir /root/stock_realtime_v021_full/saved_data/000786_pipeline_out_v2_new27_full/99_summary --excel
{
  "rows": 192,
  "outputs": {
    "final_leaderboard": "/root/stock_realtime_v021_full/saved_data/000786_pipeline_out_v2_new27_full/99_summary/final_leaderboard.csv",
    "best_by_target_top5": "/root/stock_realtime_v021_full/saved_data/000786_pipeline_out_v2_new27_full/99_summary/best_by_target_top5.csv",
    "best_by_entry_policy_top5": "/root/stock_realtime_v021_full/saved_data/000786_pipeline_out_v2_new27_full/99_summary/best_by_entry_policy_top5.csv",
    "excel": "/root/stock_realtime_v021_full/saved_data/000786_pipeline_out_v2_new27_full/99_summary/final_leaderboard.xlsx",
    "summary_manifest": "/root/stock_realtime_v021_full/saved_data/000786_pipeline_out_v2_new27_full/99_summary/summary_manifest.json"
  }
}
=== nextday pipeline end: 2026-05-18T21:52:35 status=ok ===
