=== nextday pipeline start: 2026-05-16T22:19:16 ===
symbol=601390.SH, out_root=/root/stock_realtime_v021_full/saved_data/601390_pipeline_out_v2_new27_full

[2026-05-16T22:19:16] RUN update_data
  /usr/bin/python3 bootstrap/ashare_xgb_dual_opportunity_regression_baostock_full_v19_compressed_trading_axis.py --mode update_data --symbol 601390 --benchmark_symbol 000300 --daily_start 2018-01-01 --daily_end 2026-05-15 --intraday_start '2018-01-01 09:30:00' --intraday_end '2026-05-15 15:00:00' --output_dir /root/stock_realtime_v021_full/saved_data/601390_pipeline_out_v2_new27_full/00_base --cache_mode incremental --feature_cache_mode incremental --adjust qfq
/root/stock_realtime_v021_full/bootstrap/ashare_fetch_and_train_xgb_sell_signal_baostock_state_cache_helper_fix2.py:246: FutureWarning: The behavior of DataFrame concatenation with empty or all-NA entries is deprecated. In a future version, this will no longer exclude empty or all-NA columns when determining the result dtypes. To retain the old behavior, exclude the relevant entries before the concat operation.
  merged = _normalize_daily_df(pd.concat([df_old, df_new], axis=0, ignore_index=True))
/root/stock_realtime_v021_full/bootstrap/ashare_fetch_and_train_xgb_sell_signal_baostock_state_cache_helper_fix2.py:248: FutureWarning: The behavior of DataFrame concatenation with empty or all-NA entries is deprecated. In a future version, this will no longer exclude empty or all-NA columns when determining the result dtypes. To retain the old behavior, exclude the relevant entries before the concat operation.
  merged = _normalize_intraday_df(pd.concat([df_old, df_new], axis=0, ignore_index=True))
/root/stock_realtime_v021_full/bootstrap/ashare_fetch_and_train_xgb_sell_signal_baostock_state_cache_helper_fix2.py:254: FutureWarning: The behavior of DataFrame concatenation with empty or all-NA entries is deprecated. In a future version, this will no longer exclude empty or all-NA columns when determining the result dtypes. To retain the old behavior, exclude the relevant entries before the concat operation.
  merged = _normalize_bench_df(pd.concat([df_old, df_new], axis=0, ignore_index=True))
/root/stock_realtime_v021_full/bootstrap/ashare_fetch_and_train_xgb_sell_signal_baostock_state_cache_helper_fix2.py:250: FutureWarning: The behavior of DataFrame concatenation with empty or all-NA entries is deprecated. In a future version, this will no longer exclude empty or all-NA columns when determining the result dtypes. To retain the old behavior, exclude the relevant entries before the concat operation.
  merged = _normalize_daily_feature_df(pd.concat([df_old, df_new], axis=0, ignore_index=True))
/root/stock_realtime_v021_full/bootstrap/ashare_fetch_and_train_xgb_sell_signal_baostock_state_cache_helper_fix2.py:252: FutureWarning: The behavior of DataFrame concatenation with empty or all-NA entries is deprecated. In a future version, this will no longer exclude empty or all-NA columns when determining the result dtypes. To retain the old behavior, exclude the relevant entries before the concat operation.
  merged = _normalize_intraday_feature_df(pd.concat([df_old, df_new], axis=0, ignore_index=True))
login success!
logout success!
login success!
logout success!
login success!
logout success!
{
  "mode": "update_data",
  "symbol": "601390",
  "data_source": "baostock",
  "daily_rows": 2027,
  "intraday_rows": 73920,
  "daily_min": "2018-01-02 00:00:00",
  "daily_max": "2026-05-15 00:00:00",
  "intraday_min": "2020-01-02 09:35:00",
  "intraday_max": "2026-05-15 15:00:00",
  "base_paths": {
    "daily_csv": "/root/stock_realtime_v021_full/saved_data/601390_pipeline_out_v2_new27_full/00_base/601390_daily.csv",
    "intraday_csv": "/root/stock_realtime_v021_full/saved_data/601390_pipeline_out_v2_new27_full/00_base/601390_5m.csv",
    "benchmark_csv": "/root/stock_realtime_v021_full/saved_data/601390_pipeline_out_v2_new27_full/00_base/000300_benchmark_daily.csv",
    "raw_daily_cache_csv": "/root/stock_realtime_v021_full/saved_data/601390_pipeline_out_v2_new27_full/00_base/raw_cache/601390_daily_raw.csv",
    "raw_intraday_cache_csv": "/root/stock_realtime_v021_full/saved_data/601390_pipeline_out_v2_new27_full/00_base/raw_cache/601390_5m_raw.csv",
    "raw_benchmark_cache_csv": "/root/stock_realtime_v021_full/saved_data/601390_pipeline_out_v2_new27_full/00_base/raw_cache/000300_benchmark_daily_raw.csv",
    "daily_features_csv": "/root/stock_realtime_v021_full/saved_data/601390_pipeline_out_v2_new27_full/00_base/daily_features.csv",
    "intraday_features_csv": "/root/stock_realtime_v021_full/saved_data/601390_pipeline_out_v2_new27_full/00_base/intraday_features.csv",
    "daily_features_cache_csv": "/root/stock_realtime_v021_full/saved_data/601390_pipeline_out_v2_new27_full/00_base/feature_cache/daily_features_cache.csv",
    "intraday_features_cache_csv": "/root/stock_realtime_v021_full/saved_data/601390_pipeline_out_v2_new27_full/00_base/feature_cache/intraday_features_cache.csv",
    "feature_state_json": "/root/stock_realtime_v021_full/saved_data/601390_pipeline_out_v2_new27_full/00_base/feature_cache/feature_state.json"
  },
  "fetch_logs": {
    "symbol": "601390",
    "benchmark_symbol": "000300",
    "daily_start": "2018-01-01",
    "daily_end": "2026-05-15",
    "intraday_start": "2018-01-01 09:30:00",
    "intraday_end": "2026-05-15 15:00:00",
    "perf_start": "2018-01-01",
    "data_source": "baostock",
    "cache_mode": "incremental",
    "force_refresh": false,
    "raw_cache_dir": "/root/stock_realtime_v021_full/saved_data/601390_pipeline_out_v2_new27_full/00_base/raw_cache",
    "feature_cache_dir": "/root/stock_realtime_v021_full/saved_data/601390_pipeline_out_v2_new27_full/00_base/feature_cache",
    "feature_cache_mode": "incremental",
    "daily": {
      "cache_path": "/root/stock_realtime_v021_full/saved_data/601390_pipeline_out_v2_new27_full/00_base/raw_cache/601390_daily_raw.csv",
      "requested_start": "2018-01-01",
      "requested_end": "2026-05-15",
      "mode": "initial_fetch",
      "fetch_segments": [
        {
          "provider": "baostock",
          "code": "sh.601390",
          "adjustflag": "2",
          "rows": 2027,
          "start": "2018-01-01",
          "end": "2026-05-15"
        }
      ],
      "cache_after": {
        "rows": 2027,
        "min": "2018-01-02 00:00:00",
        "max": "2026-05-15 00:00:00"
      }
    },
    "intraday_5m": {
      "cache_path": "/root/stock_realtime_v021_full/saved_data/601390_pipeline_out_v2_new27_full/00_base/raw_cache/601390_5m_raw.csv",
      "requested_start": "2018-01-01 09:30:00",
      "requested_end": "2026-05-15 15:00:00",
      "mode": "initial_fetch",
      "fetch_segments": [
        {
          "provider": "baostock",
          "code": "sh.601390",
          "adjustflag": "2",
          "requested_start": "2018-01-01 09:30:00",
          "effective_start": "2018-01-01 09:30:00",
          "requested_end": "2026-05-15 15:00:00",
          "rows": 73920
        }
      ],
      "cache_after": {
        "rows": 73920,
        "min": "2020-01-02 09:35:00",
        "max": "2026-05-15 15:00:00"
      }
    },
    "benchmark_daily": {
      "cache_path": "/root/stock_realtime_v021_full/saved_data/601390_pipeline_out_v2_new27_full/00_base/raw_cache/000300_benchmark_daily_raw.csv",
      "requested_start": "2018-01-01",
      "requested_end": "2026-05-15",
      "mode": "initial_fetch",
      "fetch_segments": [
        {
          "provider": "baostock",
          "code": "sh.000300",
          "rows": 2027,
          "start": "2018-01-01",
          "end": "2026-05-15"
        }
      ],
      "cache_after": {
        "rows": 2027,
        "min": "2018-01-02 00:00:00",
        "max": "2026-05-15 00:00:00"
      }
    },
    "feature_build": {
      "mode": "full_rebuild",
      "reason": "feature_cache_missing",
      "daily_cache_after": {
        "rows": 2027,
        "min": "2018-01-02 00:00:00",
        "max": "2026-05-15 00:00:00"
      },
      "intraday_cache_after": {
        "rows": 73920,
        "min": "2020-01-02 09:35:00",
        "max": "2026-05-15 15:00:00"
      },
      "daily_context_days": 260,
      "intraday_context_days": 40,
      "daily_appended_rows": 2027,
      "intraday_appended_rows": 73920
    },
    "feature_state": {
      "daily_feature_max": "2026-05-15 00:00:00",
      "intraday_feature_max": "2026-05-15 15:00:00",
      "daily_context_days": 260,
      "intraday_context_days": 40,
      "feature_build_mode": "full_rebuild"
    }
  }
}

[2026-05-16T22:22:14] RUN samples
  /usr/bin/python3 feature_building/build_nextday_samples_from_baostock.py --daily-features /root/stock_realtime_v021_full/saved_data/601390_pipeline_out_v2_new27_full/00_base/daily_features.csv --intraday-bars /root/stock_realtime_v021_full/saved_data/601390_pipeline_out_v2_new27_full/00_base/601390_5m.csv --out-dir /root/stock_realtime_v021_full/saved_data/601390_pipeline_out_v2_new27_full/01_samples --min-bars 40 --keep-unlabeled-tail
{
  "rows": 1540,
  "date_min": "2020-01-02",
  "date_max": "2026-05-15",
  "out": "/root/stock_realtime_v021_full/saved_data/601390_pipeline_out_v2_new27_full/01_samples/training_samples.csv"
}

[2026-05-16T22:22:15] RUN fundamental
  /usr/bin/python3 feature_building/build_fundamental_features.py --symbol 601390.SH --daily-samples /root/stock_realtime_v021_full/saved_data/601390_pipeline_out_v2_new27_full/01_samples/training_samples.csv --out-dir /root/stock_realtime_v021_full/saved_data/601390_pipeline_out_v2_new27_full/02_fundamental --start-date 2018-01-01 --end-date 2026-05-15 --fallback-lag-days 120
login success!
logout success!
{
  "rows": 1540,
  "date_min": "2020-01-02",
  "date_max": "2026-05-15",
  "source_errors": [],
  "top_missing_rates": {
    "ak_fund_小单净流入-净额_sum10": 0.9246753246753247,
    "ak_fund_主力净流入-净额_sum10": 0.9246753246753247,
    "ak_fund_主力净流入-净占比_sum10": 0.9246753246753247,
    "ak_fund_涨跌幅_sum10": 0.9246753246753247,
    "ak_fund_收盘价_sum10": 0.9246753246753247,
    "ak_fund_中单净流入-净额_sum10": 0.9246753246753247,
    "ak_fund_中单净流入-净占比_sum10": 0.9246753246753247,
    "ak_fund_小单净流入-净占比_sum10": 0.9246753246753247,
    "ak_fund_超大单净流入-净额_sum10": 0.9246753246753247,
    "ak_fund_大单净流入-净额_sum10": 0.9246753246753247,
    "ak_fund_大单净流入-净占比_sum10": 0.9246753246753247,
    "ak_fund_超大单净流入-净占比_sum10": 0.9246753246753247,
    "ak_fund_涨跌幅_sum5": 0.9233766233766234,
    "ak_fund_主力净流入-净占比_sum5": 0.9233766233766234,
    "ak_fund_主力净流入-净额_sum5": 0.9233766233766234,
    "ak_fund_收盘价_sum5": 0.9233766233766234,
    "ak_fund_超大单净流入-净占比_sum5": 0.9233766233766234,
    "ak_fund_中单净流入-净占比_sum5": 0.9233766233766234,
    "ak_fund_中单净流入-净额_sum5": 0.9233766233766234,
    "ak_fund_小单净流入-净额_sum5": 0.9233766233766234,
    "ak_fund_小单净流入-净占比_sum5": 0.9233766233766234,
    "ak_fund_大单净流入-净占比_sum5": 0.9233766233766234,
    "ak_fund_大单净流入-净额_sum5": 0.9233766233766234,
    "ak_fund_超大单净流入-净额_sum5": 0.9233766233766234,
    "ak_fund_大单净流入-净额": 0.922077922077922,
    "ak_fund_超大单净流入-净占比": 0.922077922077922,
    "ak_fund_超大单净流入-净额": 0.922077922077922,
    "ak_fund_收盘价": 0.922077922077922,
    "ak_fund_涨跌幅": 0.922077922077922,
    "ak_fund_中单净流入-净额": 0.922077922077922
  },
  "valuation_non_null": {
    "peTTM": 1540,
    "pbMRQ": 1540,
    "psTTM": 1540,
    "pcfNcfTTM": 1540
  },
  "future_effective_date_violations": 0,
  "rows_with_quarterly": 1540,
  "sample_rows": 1540,
  "quarterly_raw_rows": 37,
  "quarterly_used_pubDate_rows": 37,
  "quarterly_fallback_rows": 0,
  "elapsed_seconds": 37.65,
  "symbol": "601390",
  "baostock_code": "sh.601390",
  "valuation_rows": 2027,
  "fund_flow_rows": 120,
  "feature_columns": 125,
  "merged_columns": 194,
  "outputs": {
    "daily_valuation": "/root/stock_realtime_v021_full/saved_data/601390_pipeline_out_v2_new27_full/02_fundamental/baostock_daily_valuation.csv",
    "quarterly_fundamentals": "/root/stock_realtime_v021_full/saved_data/601390_pipeline_out_v2_new27_full/02_fundamental/baostock_quarterly_fundamentals_pit.csv",
    "fundamental_features": "/root/stock_realtime_v021_full/saved_data/601390_pipeline_out_v2_new27_full/02_fundamental/fundamental_features.csv",
    "merged_samples": "/root/stock_realtime_v021_full/saved_data/601390_pipeline_out_v2_new27_full/02_fundamental/training_samples_with_fundamentals.csv"
  }
}

[2026-05-16T22:22:53] RUN sector
  /usr/bin/python3 feature_building/build_sector_features.py --samples /root/stock_realtime_v021_full/saved_data/601390_pipeline_out_v2_new27_full/02_fundamental/training_samples_with_fundamentals.csv --out-dir /root/stock_realtime_v021_full/saved_data/601390_pipeline_out_v2_new27_full/03_sector --sector-symbol '建筑装饰' --start-date 2018-01-01 --end-date 2026-05-15

  0%|          | 0/9 [00:00<?, ?it/s]
 11%|█         | 1/9 [00:00<00:01,  4.30it/s]
 22%|██▏       | 2/9 [00:00<00:01,  3.77it/s]
 33%|███▎      | 3/9 [00:00<00:01,  3.78it/s]
 44%|████▍     | 4/9 [00:01<00:01,  4.00it/s]
 56%|█████▌    | 5/9 [00:01<00:00,  4.15it/s]
 67%|██████▋   | 6/9 [00:01<00:00,  4.04it/s]
 78%|███████▊  | 7/9 [00:01<00:00,  4.18it/s]
 89%|████████▉ | 8/9 [00:01<00:00,  4.10it/s]
100%|██████████| 9/9 [00:02<00:00,  4.28it/s]
                                             
{
  "sector_symbol": "建筑装饰",
  "sector_rows": 2027,
  "sector_date_min": "2018-01-02",
  "sector_date_max": "2026-05-15",
  "sample_rows": 1540,
  "merged_rows": 1540,
  "sector_feature_cols": 23,
  "top_missing": {
    "sector_ret60": 0.03896103896103896,
    "sector_ma60_gap": 0.01948051948051948,
    "stock_vs_sector_ret20": 0.012987012987012988,
    "sector_ret20": 0.012987012987012988,
    "sector_vol20": 0.007142857142857143,
    "sector_ma20_gap": 0.006493506493506494,
    "sector_range_z20": 0.006493506493506494,
    "sector_volume_shock20": 0.006493506493506494,
    "sector_amount_z20": 0.006493506493506494,
    "sector_volume_z20": 0.006493506493506494,
    "sector_amount_shock20": 0.006493506493506494,
    "sector_ret5": 0.003246753246753247,
    "stock_vs_sector_ret5": 0.003246753246753247,
    "sector_vs_bench_ret5": 0.003246753246753247,
    "stock_vs_sector_ret1": 0.0006493506493506494,
    "sector_ret1": 0.0006493506493506494,
    "sector_amount": 0.0,
    "sector_volume": 0.0,
    "sector_close": 0.0,
    "sector_low": 0.0
  },
  "outputs": {
    "sector_index": "/root/stock_realtime_v021_full/saved_data/601390_pipeline_out_v2_new27_full/03_sector/sector_index_ths.csv",
    "sector_features": "/root/stock_realtime_v021_full/saved_data/601390_pipeline_out_v2_new27_full/03_sector/sector_features.csv",
    "merged_samples": "/root/stock_realtime_v021_full/saved_data/601390_pipeline_out_v2_new27_full/03_sector/training_samples_with_sector.csv"
  }
}
[INFO] final samples for search: /root/stock_realtime_v021_full/saved_data/601390_pipeline_out_v2_new27_full/03_sector/training_samples_with_sector.csv

[2026-05-16T22:22:58] RUN search_vwap_low_hit_50bps
  /usr/bin/python3 model_training/search_walk_forward_model_complexity.py --samples /root/stock_realtime_v021_full/saved_data/601390_pipeline_out_v2_new27_full/03_sector/training_samples_with_sector.csv --intraday-bars /root/stock_realtime_v021_full/saved_data/601390_pipeline_out_v2_new27_full/00_base/601390_5m.csv --out-dir /root/stock_realtime_v021_full/saved_data/601390_pipeline_out_v2_new27_full/10_search/search_vwap_low_hit_50bps --round-trip-cost-bps 1.7 --target-hit-bps 50.0 --label-mode hit --entry-policy vwap_low --entry-vwap-premium-bps 50.0 --max-missing 0.35 --groups reversal_fundamental_regime,reversal_fundamental_regime_sector,reversal_fundamental_regime_sector_external,all_no_ak --models xgb_d2_200_lr003_mcw5,xgb_d3_400_lr003_mcw3,xgb_d3_600_lr002_mcw3,xgb_d4_500_lr002_mcw5,lgbm_leaves7_400,lgbm_leaves15_700,extra_trees_600_d3,random_forest_600_d4 --quantiles 0.5,0.6,0.7,0.8 --train-rows 756 --valid-rows 126 --test-rows 63 --min-valid-trades 8 --min-train-entries 80
{
  "rows": 1539,
  "target_hit_bps": 50.0,
  "label_mode": "hit",
  "entry_policy": "vwap_low",
  "entry_vwap_premium_bps": 50.0,
  "groups": {
    "reversal_fundamental_regime": 137,
    "reversal_fundamental_regime_sector": 160,
    "reversal_fundamental_regime_sector_external": 160,
    "all_no_ak": 215
  },
  "models": [
    "xgb_d2_200_lr003_mcw5",
    "xgb_d3_400_lr003_mcw3",
    "xgb_d3_600_lr002_mcw3",
    "xgb_d4_500_lr002_mcw5",
    "extra_trees_600_d3",
    "random_forest_600_d4",
    "lgbm_leaves7_400",
    "lgbm_leaves15_700"
  ],
  "top": [
    {
      "entry_policy": "vwap_low",
      "feature_group": "reversal_fundamental_regime_sector",
      "model_name": "lgbm_leaves15_700",
      "target_hit_bps": 50.0,
      "trades": 214,
      "win_rate": 0.6728971962616822,
      "avg_return": -0.0005837518192484955,
      "median_return": 0.005,
      "compound_return": -0.12686599363172535,
      "max_drawdown": -0.20516359521724103,
      "profit_factor": 0.8496941649833487,
      "windows": 10
    },
    {
      "entry_policy": "vwap_low",
      "feature_group": "reversal_fundamental_regime_sector_external",
      "model_name": "lgbm_leaves15_700",
      "target_hit_bps": 50.0,
      "trades": 214,
      "win_rate": 0.6728971962616822,
      "avg_return": -0.0005837518192484955,
      "median_return": 0.005,
      "compound_return": -0.12686599363172535,
      "max_drawdown": -0.20516359521724103,
      "profit_factor": 0.8496941649833487,
      "windows": 10
    },
    {
      "entry_policy": "vwap_low",
      "feature_group": "all_no_ak",
      "model_name": "xgb_d3_400_lr003_mcw3",
      "target_hit_bps": 50.0,
      "trades": 228,
      "win_rate": 0.6973684210526315,
      "avg_return": -0.000649675696848874,
      "median_return": 0.005,
      "compound_return": -0.1518010547505495,
      "max_drawdown": -0.20396893158224183,
      "profit_factor": 0.8411788649253708,
      "windows": 10
    },
    {
      "entry_policy": "vwap_low",
      "feature_group": "all_no_ak",
      "model_name": "xgb_d3_600_lr002_mcw3",
      "target_hit_bps": 50.0,
      "trades": 219,
      "win_rate": 0.7031963470319634,
      "avg_return": -0.0007069599761374859,
      "median_return": 0.005,
      "compound_return": -0.1573930784733255,
      "max_drawdown": -0.1673942827577185,
      "profit_factor": 0.8313471364975525,
      "windows": 10
    },
    {
      "entry_policy": "vwap_low",
      "feature_group": "reversal_fundamental_regime",
      "model_name": "xgb_d3_600_lr002_mcw3",
      "target_hit_bps": 50.0,
      "trades": 259,
      "win_rate": 0.6872586872586872,
      "avg_return": -0.0006636085938844643,
      "median_return": 0.005,
      "compound_return": -0.1726281936948314,
      "max_drawdown": -0.2705419399115101,
      "profit_factor": 0.8349209202677604,
      "windows": 10
    },
    {
      "entry_policy": "vwap_low",
      "feature_group": "reversal_fundamental_regime",
      "model_name": "random_forest_600_d4",
      "target_hit_bps": 50.0,
      "trades": 199,
      "win_rate": 0.7035175879396985,
      "avg_return": -0.001080496972892839,
      "median_return": 0.005,
      "compound_return": -0.20669758830459317,
      "max_drawdown": -0.24711185947717496,
      "profit_factor": 0.7599863038484781,
      "windows": 10
    },
    {
      "entry_policy": "vwap_low",
      "feature_group": "all_no_ak",
      "model_name": "lgbm_leaves15_700",
      "target_hit_bps": 50.0,
      "trades": 182,
      "win_rate": 0.6648351648351648,
      "avg_return": -0.0013391616217059712,
      "median_return": 0.005,
      "compound_return": -0.2264251567502784,
      "max_drawdown": -0.23791370293925596,
      "profit_factor": 0.7098235623793474,
      "windows": 10
    },
    {
      "entry_policy": "vwap_low",
      "feature_group": "reversal_fundamental_regime",
      "model_name": "lgbm_leaves15_700",
      "target_hit_bps": 50.0,
      "trades": 258,
      "win_rate": 0.6550387596899225,
      "avg_return": -0.0010935398442212926,
      "median_return": 0.005,
      "compound_return": -0.2593951489754154,
      "max_drawdown": -0.28798392715200594,
      "profit_factor": 0.7426831480994873,
      "windows": 10
    },
    {
      "entry_policy": "vwap_low",
      "feature_group": "reversal_fundamental_regime",
      "model_name": "xgb_d2_200_lr003_mcw5",
      "target_hit_bps": 50.0,
      "trades": 202,
      "win_rate": 0.7029702970297029,
      "avg_return": -0.0014289352258320378,
      "median_return": 0.005,
      "compound_return": -0.264426366927363,
      "max_drawdown": -0.2631869348745607,
      "profit_factor": 0.7083491553402956,
      "windows": 10
    },
    {
      "entry_policy": "vwap_low",
      "feature_group": "reversal_fundamental_regime_sector",
      "model_name": "xgb_d3_600_lr002_mcw3",
      "target_hit_bps": 50.0,
      "trades": 260,
      "win_rate": 0.676923076923077,
      "avg_return": -0.001108406463910115,
      "median_return": 0.005,
      "compound_return": -0.2648439330338158,
      "max_drawdown": -0.27936508729272036,
      "profit_factor": 0.7496052338948461,
      "windows": 10
    },
    {
      "entry_policy": "vwap_low",
      "feature_group": "reversal_fundamental_regime_sector_external",
      "model_name": "xgb_d3_600_lr002_mcw3",
      "target_hit_bps": 50.0,
      "trades": 260,
      "win_rate": 0.676923076923077,
      "avg_return": -0.001108406463910115,
      "median_return": 0.005,
      "compound_return": -0.2648439330338158,
      "max_drawdown": -0.27936508729272036,
      "profit_factor": 0.7496052338948461,
      "windows": 10
    },
    {
      "entry_policy": "vwap_low",
      "feature_group": "reversal_fundamental_regime_sector",
      "model_name": "xgb_d3_400_lr003_mcw3",
      "target_hit_bps": 50.0,
      "trades": 231,
      "win_rate": 0.6623376623376623,
      "avg_return": -0.0012612016612438665,
      "median_return": 0.005,
      "compound_return": -0.2660907121341072,
      "max_drawdown": -0.31980401845747286,
      "profit_factor": 0.7205325692030684,
      "windows": 10
    },
    {
      "entry_policy": "vwap_low",
      "feature_group": "reversal_fundamental_regime_sector_external",
      "model_name": "xgb_d3_400_lr003_mcw3",
      "target_hit_bps": 50.0,
      "trades": 231,
      "win_rate": 0.6623376623376623,
      "avg_return": -0.0012612016612438665,
      "median_return": 0.005,
      "compound_return": -0.2660907121341072,
      "max_drawdown": -0.31980401845747286,
      "profit_factor": 0.7205325692030684,
      "windows": 10
    },
    {
      "entry_policy": "vwap_low",
      "feature_group": "reversal_fundamental_regime_sector",
      "model_name": "random_forest_600_d4",
      "target_hit_bps": 50.0,
      "trades": 217,
      "win_rate": 0.7050691244239631,
      "avg_return": -0.0014425209019030701,
      "median_return": 0.005,
      "compound_return": -0.2835213384910341,
      "max_drawdown": -0.310842909164856,
      "profit_factor": 0.7047270887032702,
      "windows": 10
    },
    {
      "entry_policy": "vwap_low",
      "feature_group": "reversal_fundamental_regime_sector_external",
      "model_name": "random_forest_600_d4",
      "target_hit_bps": 50.0,
      "trades": 217,
      "win_rate": 0.7050691244239631,
      "avg_return": -0.0014425209019030701,
      "median_return": 0.005,
      "compound_return": -0.2835213384910341,
      "max_drawdown": -0.310842909164856,
      "profit_factor": 0.7047270887032702,
      "windows": 10
    },
    {
      "entry_policy": "vwap_low",
      "feature_group": "reversal_fundamental_regime",
      "model_name": "extra_trees_600_d3",
      "target_hit_bps": 50.0,
      "trades": 293,
      "win_rate": 0.6996587030716723,
      "avg_return": -0.001115233769465925,
      "median_return": 0.005,
      "compound_return": -0.29531112133865123,
      "max_drawdown": -0.32988313448128215,
      "profit_factor": 0.7535370883613565,
      "windows": 10
    },
    {
      "entry_policy": "vwap_low",
      "feature_group": "reversal_fundamental_regime",
      "model_name": "xgb_d3_400_lr003_mcw3",
      "target_hit_bps": 50.0,
      "trades": 267,
      "win_rate": 0.6741573033707865,
      "avg_return": -0.0012572401412006158,
      "median_return": 0.005,
      "compound_return": -0.2995221088562695,
      "max_drawdown": -0.3058082783168301,
      "profit_factor": 0.7252515253021072,
      "windows": 10
    },
    {
      "entry_policy": "vwap_low",
      "feature_group": "reversal_fundamental_regime",
      "model_name": "xgb_d4_500_lr002_mcw5",
      "target_hit_bps": 50.0,
      "trades": 273,
      "win_rate": 0.6703296703296703,
      "avg_return": -0.0012515008371468133,
      "median_return": 0.005,
      "compound_return": -0.30355893578804094,
      "max_drawdown": -0.3404672721892005,
      "profit_factor": 0.7239362552222439,
      "windows": 10
    },
    {
      "entry_policy": "vwap_low",
      "feature_group": "reversal_fundamental_regime",
      "model_name": "lgbm_leaves7_400",
      "target_hit_bps": 50.0,
      "trades": 244,
      "win_rate": 0.6598360655737705,
      "avg_return": -0.0014139200819163875,
      "median_return": 0.005,
      "compound_return": -0.3053766361759275,
      "max_drawdown": -0.336825134744413,
      "profit_factor": 0.6950354305091447,
      "windows": 10
    },
    {
      "entry_policy": "vwap_low",
      "feature_group": "reversal_fundamental_regime_sector",
      "model_name": "extra_trees_600_d3",
      "target_hit_bps": 50.0,
      "trades": 245,
      "win_rate": 0.7020408163265306,
      "avg_return": -0.0014281866565046461,
      "median_return": 0.005,
      "compound_return": -0.3106863281623914,
      "max_drawdown": -0.33509134381263117,
      "profit_factor": 0.7043737039770666,
      "windows": 10
    }
  ]
}

[2026-05-16T22:32:51] RUN search_vwap_low_hit_80bps
  /usr/bin/python3 model_training/search_walk_forward_model_complexity.py --samples /root/stock_realtime_v021_full/saved_data/601390_pipeline_out_v2_new27_full/03_sector/training_samples_with_sector.csv --intraday-bars /root/stock_realtime_v021_full/saved_data/601390_pipeline_out_v2_new27_full/00_base/601390_5m.csv --out-dir /root/stock_realtime_v021_full/saved_data/601390_pipeline_out_v2_new27_full/10_search/search_vwap_low_hit_80bps --round-trip-cost-bps 1.7 --target-hit-bps 80.0 --label-mode hit --entry-policy vwap_low --entry-vwap-premium-bps 50.0 --max-missing 0.35 --groups reversal_fundamental_regime,reversal_fundamental_regime_sector,reversal_fundamental_regime_sector_external,all_no_ak --models xgb_d2_200_lr003_mcw5,xgb_d3_400_lr003_mcw3,xgb_d3_600_lr002_mcw3,xgb_d4_500_lr002_mcw5,lgbm_leaves7_400,lgbm_leaves15_700,extra_trees_600_d3,random_forest_600_d4 --quantiles 0.5,0.6,0.7,0.8 --train-rows 756 --valid-rows 126 --test-rows 63 --min-valid-trades 8 --min-train-entries 80
{
  "rows": 1539,
  "target_hit_bps": 80.0,
  "label_mode": "hit",
  "entry_policy": "vwap_low",
  "entry_vwap_premium_bps": 50.0,
  "groups": {
    "reversal_fundamental_regime": 137,
    "reversal_fundamental_regime_sector": 160,
    "reversal_fundamental_regime_sector_external": 160,
    "all_no_ak": 215
  },
  "models": [
    "xgb_d2_200_lr003_mcw5",
    "xgb_d3_400_lr003_mcw3",
    "xgb_d3_600_lr002_mcw3",
    "xgb_d4_500_lr002_mcw5",
    "extra_trees_600_d3",
    "random_forest_600_d4",
    "lgbm_leaves7_400",
    "lgbm_leaves15_700"
  ],
  "top": [
    {
      "entry_policy": "vwap_low",
      "feature_group": "reversal_fundamental_regime",
      "model_name": "xgb_d3_400_lr003_mcw3",
      "target_hit_bps": 80.0,
      "trades": 224,
      "win_rate": 0.59375,
      "avg_return": -0.0006092755097400395,
      "median_return": 0.004890542229303522,
      "compound_return": -0.1440788538054678,
      "max_drawdown": -0.2869367532231103,
      "profit_factor": 0.8732070109995799,
      "windows": 10
    },
    {
      "entry_policy": "vwap_low",
      "feature_group": "all_no_ak",
      "model_name": "random_forest_600_d4",
      "target_hit_bps": 80.0,
      "trades": 211,
      "win_rate": 0.6113744075829384,
      "avg_return": -0.0006563560118225076,
      "median_return": 0.008,
      "compound_return": -0.14618551916191647,
      "max_drawdown": -0.19720806398889346,
      "profit_factor": 0.8705158753472213,
      "windows": 10
    },
    {
      "entry_policy": "vwap_low",
      "feature_group": "reversal_fundamental_regime",
      "model_name": "xgb_d4_500_lr002_mcw5",
      "target_hit_bps": 80.0,
      "trades": 237,
      "win_rate": 0.5654008438818565,
      "avg_return": -0.0009634699841153389,
      "median_return": 0.006281612903225934,
      "compound_return": -0.2207504732069091,
      "max_drawdown": -0.26561863123599794,
      "profit_factor": 0.8132439748700684,
      "windows": 10
    },
    {
      "entry_policy": "vwap_low",
      "feature_group": "reversal_fundamental_regime",
      "model_name": "xgb_d2_200_lr003_mcw5",
      "target_hit_bps": 80.0,
      "trades": 213,
      "win_rate": 0.5868544600938967,
      "avg_return": -0.001102632915982699,
      "median_return": 0.005196726296958779,
      "compound_return": -0.225542683419642,
      "max_drawdown": -0.27297884266461037,
      "profit_factor": 0.7923127870456638,
      "windows": 10
    },
    {
      "entry_policy": "vwap_low",
      "feature_group": "reversal_fundamental_regime",
      "model_name": "xgb_d3_600_lr002_mcw3",
      "target_hit_bps": 80.0,
      "trades": 195,
      "win_rate": 0.5743589743589743,
      "avg_return": -0.0012462452942250094,
      "median_return": 0.004532194357366851,
      "compound_return": -0.2305612309188413,
      "max_drawdown": -0.25298598239239134,
      "profit_factor": 0.7690466336233499,
      "windows": 10
    },
    {
      "entry_policy": "vwap_low",
      "feature_group": "all_no_ak",
      "model_name": "xgb_d3_400_lr003_mcw3",
      "target_hit_bps": 80.0,
      "trades": 183,
      "win_rate": 0.5956284153005464,
      "avg_return": -0.001469018903162871,
      "median_return": 0.005274646098003547,
      "compound_return": -0.2504860022029999,
      "max_drawdown": -0.2707722025572191,
      "profit_factor": 0.7425410807680559,
      "windows": 10
    },
    {
      "entry_policy": "vwap_low",
      "feature_group": "reversal_fundamental_regime",
      "model_name": "lgbm_leaves15_700",
      "target_hit_bps": 80.0,
      "trades": 218,
      "win_rate": 0.573394495412844,
      "avg_return": -0.0013063410675048517,
      "median_return": 0.0057781295006147405,
      "compound_return": -0.2632814865032238,
      "max_drawdown": -0.27447078641876865,
      "profit_factor": 0.7621571810940918,
      "windows": 10
    },
    {
      "entry_policy": "vwap_low",
      "feature_group": "reversal_fundamental_regime",
      "model_name": "random_forest_600_d4",
      "target_hit_bps": 80.0,
      "trades": 256,
      "win_rate": 0.59375,
      "avg_return": -0.0011324707438344216,
      "median_return": 0.006175931256605097,
      "compound_return": -0.2694631551205221,
      "max_drawdown": -0.2927380709222758,
      "profit_factor": 0.7910343364896635,
      "windows": 10
    },
    {
      "entry_policy": "vwap_low",
      "feature_group": "all_no_ak",
      "model_name": "xgb_d4_500_lr002_mcw5",
      "target_hit_bps": 80.0,
      "trades": 263,
      "win_rate": 0.6007604562737643,
      "avg_return": -0.0011814598027774053,
      "median_return": 0.008,
      "compound_return": -0.28541594201951936,
      "max_drawdown": -0.2835141604112048,
      "profit_factor": 0.7847612061948159,
      "windows": 10
    },
    {
      "entry_policy": "vwap_low",
      "feature_group": "reversal_fundamental_regime_sector",
      "model_name": "xgb_d2_200_lr003_mcw5",
      "target_hit_bps": 80.0,
      "trades": 240,
      "win_rate": 0.5708333333333333,
      "avg_return": -0.00131449995555826,
      "median_return": 0.004002264430649553,
      "compound_return": -0.28723138923376246,
      "max_drawdown": -0.29663332154780786,
      "profit_factor": 0.7569195852532881,
      "windows": 10
    },
    {
      "entry_policy": "vwap_low",
      "feature_group": "reversal_fundamental_regime_sector_external",
      "model_name": "xgb_d2_200_lr003_mcw5",
      "target_hit_bps": 80.0,
      "trades": 240,
      "win_rate": 0.5708333333333333,
      "avg_return": -0.00131449995555826,
      "median_return": 0.004002264430649553,
      "compound_return": -0.28723138923376246,
      "max_drawdown": -0.29663332154780786,
      "profit_factor": 0.7569195852532881,
      "windows": 10
    },
    {
      "entry_policy": "vwap_low",
      "feature_group": "all_no_ak",
      "model_name": "xgb_d3_600_lr002_mcw3",
      "target_hit_bps": 80.0,
      "trades": 221,
      "win_rate": 0.5520361990950227,
      "avg_return": -0.0014452955213266002,
      "median_return": 0.003446636528029016,
      "compound_return": -0.2883227588892955,
      "max_drawdown": -0.29771029525004555,
      "profit_factor": 0.7323572512868513,
      "windows": 10
    },
    {
      "entry_policy": "vwap_low",
      "feature_group": "reversal_fundamental_regime",
      "model_name": "extra_trees_600_d3",
      "target_hit_bps": 80.0,
      "trades": 307,
      "win_rate": 0.5863192182410424,
      "avg_return": -0.0010282695592085912,
      "median_return": 0.004495629860031162,
      "compound_return": -0.28892851830948985,
      "max_drawdown": -0.2836024724913031,
      "profit_factor": 0.8004560442546998,
      "windows": 10
    },
    {
      "entry_policy": "vwap_low",
      "feature_group": "reversal_fundamental_regime_sector",
      "model_name": "random_forest_600_d4",
      "target_hit_bps": 80.0,
      "trades": 236,
      "win_rate": 0.6059322033898306,
      "avg_return": -0.0013820998880522883,
      "median_return": 0.008,
      "compound_return": -0.29636182011896184,
      "max_drawdown": -0.3350187638336741,
      "profit_factor": 0.7613353163724509,
      "windows": 10
    },
    {
      "entry_policy": "vwap_low",
      "feature_group": "reversal_fundamental_regime_sector_external",
      "model_name": "random_forest_600_d4",
      "target_hit_bps": 80.0,
      "trades": 236,
      "win_rate": 0.6059322033898306,
      "avg_return": -0.0013820998880522883,
      "median_return": 0.008,
      "compound_return": -0.29636182011896184,
      "max_drawdown": -0.3350187638336741,
      "profit_factor": 0.7613353163724509,
      "windows": 10
    },
    {
      "entry_policy": "vwap_low",
      "feature_group": "all_no_ak",
      "model_name": "xgb_d2_200_lr003_mcw5",
      "target_hit_bps": 80.0,
      "trades": 155,
      "win_rate": 0.6064516129032258,
      "avg_return": -0.0021419682139064244,
      "median_return": 0.008,
      "compound_return": -0.29675907408308144,
      "max_drawdown": -0.35043676797784085,
      "profit_factor": 0.6730944682881623,
      "windows": 10
    },
    {
      "entry_policy": "vwap_low",
      "feature_group": "all_no_ak",
      "model_name": "lgbm_leaves7_400",
      "target_hit_bps": 80.0,
      "trades": 250,
      "win_rate": 0.58,
      "avg_return": -0.0013708541017733787,
      "median_return": 0.005235686197481163,
      "compound_return": -0.30711531826143046,
      "max_drawdown": -0.3179192974442787,
      "profit_factor": 0.7543840815506785,
      "windows": 10
    },
    {
      "entry_policy": "vwap_low",
      "feature_group": "all_no_ak",
      "model_name": "lgbm_leaves15_700",
      "target_hit_bps": 80.0,
      "trades": 237,
      "win_rate": 0.5611814345991561,
      "avg_return": -0.0015261330009733508,
      "median_return": 0.0030197926634767426,
      "compound_return": -0.3191537835438927,
      "max_drawdown": -0.33666307026171705,
      "profit_factor": 0.7183645239643022,
      "windows": 10
    },
    {
      "entry_policy": "vwap_low",
      "feature_group": "all_no_ak",
      "model_name": "extra_trees_600_d3",
      "target_hit_bps": 80.0,
      "trades": 273,
      "win_rate": 0.5824175824175825,
      "avg_return": -0.0013183355437635883,
      "median_return": 0.0050931578947368585,
      "compound_return": -0.3192860413248845,
      "max_drawdown": -0.35484409958950036,
      "profit_factor": 0.760952326928993,
      "windows": 10
    },
    {
      "entry_policy": "vwap_low",
      "feature_group": "reversal_fundamental_regime_sector",
      "model_name": "lgbm_leaves7_400",
      "target_hit_bps": 80.0,
      "trades": 260,
      "win_rate": 0.5692307692307692,
      "avg_return": -0.0014619351150567947,
      "median_return": 0.003363745395517207,
      "compound_return": -0.33325477738723197,
      "max_drawdown": -0.3977932735094193,
      "profit_factor": 0.7312761329163174,
      "windows": 10
    }
  ]
}

[2026-05-16T22:42:51] RUN search_vwap_low_close_profit_50bps
  /usr/bin/python3 model_training/search_walk_forward_model_complexity.py --samples /root/stock_realtime_v021_full/saved_data/601390_pipeline_out_v2_new27_full/03_sector/training_samples_with_sector.csv --intraday-bars /root/stock_realtime_v021_full/saved_data/601390_pipeline_out_v2_new27_full/00_base/601390_5m.csv --out-dir /root/stock_realtime_v021_full/saved_data/601390_pipeline_out_v2_new27_full/10_search/search_vwap_low_close_profit_50bps --round-trip-cost-bps 1.7 --target-hit-bps 50.0 --label-mode close_profit --entry-policy vwap_low --entry-vwap-premium-bps 50.0 --max-missing 0.35 --groups reversal_fundamental_regime,reversal_fundamental_regime_sector,reversal_fundamental_regime_sector_external,all_no_ak --models xgb_d2_200_lr003_mcw5,xgb_d3_400_lr003_mcw3,xgb_d3_600_lr002_mcw3,xgb_d4_500_lr002_mcw5,lgbm_leaves7_400,lgbm_leaves15_700,extra_trees_600_d3,random_forest_600_d4 --quantiles 0.5,0.6,0.7,0.8 --train-rows 756 --valid-rows 126 --test-rows 63 --min-valid-trades 8 --min-train-entries 80
{
  "rows": 1539,
  "target_hit_bps": 50.0,
  "label_mode": "close_profit",
  "entry_policy": "vwap_low",
  "entry_vwap_premium_bps": 50.0,
  "groups": {
    "reversal_fundamental_regime": 137,
    "reversal_fundamental_regime_sector": 160,
    "reversal_fundamental_regime_sector_external": 160,
    "all_no_ak": 215
  },
  "models": [
    "xgb_d2_200_lr003_mcw5",
    "xgb_d3_400_lr003_mcw3",
    "xgb_d3_600_lr002_mcw3",
    "xgb_d4_500_lr002_mcw5",
    "extra_trees_600_d3",
    "random_forest_600_d4",
    "lgbm_leaves7_400",
    "lgbm_leaves15_700"
  ],
  "top": [
    {
      "entry_policy": "vwap_low",
      "feature_group": "all_no_ak",
      "model_name": "xgb_d3_400_lr003_mcw3",
      "target_hit_bps": 50.0,
      "trades": 222,
      "win_rate": 0.5045045045045045,
      "avg_return": 0.0018750006110592988,
      "median_return": 0.0013083330783855186,
      "compound_return": 0.4282815408511884,
      "max_drawdown": -0.2615599053474471,
      "profit_factor": 1.288352654672412,
      "windows": 10
    },
    {
      "entry_policy": "vwap_low",
      "feature_group": "reversal_fundamental_regime",
      "model_name": "xgb_d3_600_lr002_mcw3",
      "target_hit_bps": 50.0,
      "trades": 194,
      "win_rate": 0.4793814432989691,
      "avg_return": 0.0019126116830450767,
      "median_return": -0.00016999999999999999,
      "compound_return": 0.3835628264697726,
      "max_drawdown": -0.217615662383578,
      "profit_factor": 1.3087700169739704,
      "windows": 10
    },
    {
      "entry_policy": "vwap_low",
      "feature_group": "all_no_ak",
      "model_name": "random_forest_600_d4",
      "target_hit_bps": 50.0,
      "trades": 202,
      "win_rate": 0.49504950495049505,
      "avg_return": 0.0016777553049901455,
      "median_return": -0.00016999999999999999,
      "compound_return": 0.3217794816747077,
      "max_drawdown": -0.20780394162014737,
      "profit_factor": 1.2425771362092586,
      "windows": 10
    },
    {
      "entry_policy": "vwap_low",
      "feature_group": "all_no_ak",
      "model_name": "lgbm_leaves15_700",
      "target_hit_bps": 50.0,
      "trades": 201,
      "win_rate": 0.4975124378109453,
      "avg_return": 0.001534454615671048,
      "median_return": -0.00016999999999999999,
      "compound_return": 0.2969826145358003,
      "max_drawdown": -0.1597211243565254,
      "profit_factor": 1.2585333932772182,
      "windows": 10
    },
    {
      "entry_policy": "vwap_low",
      "feature_group": "reversal_fundamental_regime",
      "model_name": "random_forest_600_d4",
      "target_hit_bps": 50.0,
      "trades": 229,
      "win_rate": 0.48034934497816595,
      "avg_return": 0.001295786526606286,
      "median_return": -0.00016999999999999999,
      "compound_return": 0.2634757382014161,
      "max_drawdown": -0.16062405207044383,
      "profit_factor": 1.1909770993603974,
      "windows": 10
    },
    {
      "entry_policy": "vwap_low",
      "feature_group": "reversal_fundamental_regime_sector",
      "model_name": "xgb_d2_200_lr003_mcw5",
      "target_hit_bps": 50.0,
      "trades": 240,
      "win_rate": 0.4708333333333333,
      "avg_return": 0.001137104554714391,
      "median_return": -0.00016999999999999999,
      "compound_return": 0.23572015685070657,
      "max_drawdown": -0.1891338942325974,
      "profit_factor": 1.1736661802634736,
      "windows": 10
    },
    {
      "entry_policy": "vwap_low",
      "feature_group": "reversal_fundamental_regime_sector_external",
      "model_name": "xgb_d2_200_lr003_mcw5",
      "target_hit_bps": 50.0,
      "trades": 240,
      "win_rate": 0.4708333333333333,
      "avg_return": 0.001137104554714391,
      "median_return": -0.00016999999999999999,
      "compound_return": 0.23572015685070657,
      "max_drawdown": -0.1891338942325974,
      "profit_factor": 1.1736661802634736,
      "windows": 10
    },
    {
      "entry_policy": "vwap_low",
      "feature_group": "all_no_ak",
      "model_name": "xgb_d3_600_lr002_mcw3",
      "target_hit_bps": 50.0,
      "trades": 253,
      "win_rate": 0.466403162055336,
      "avg_return": 0.0010266205888262562,
      "median_return": -0.00016999999999999999,
      "compound_return": 0.2163996123656371,
      "max_drawdown": -0.30052570297508785,
      "profit_factor": 1.1571691929720689,
      "windows": 10
    },
    {
      "entry_policy": "vwap_low",
      "feature_group": "reversal_fundamental_regime",
      "model_name": "extra_trees_600_d3",
      "target_hit_bps": 50.0,
      "trades": 218,
      "win_rate": 0.46788990825688076,
      "avg_return": 0.0010418411045296093,
      "median_return": -0.00016999999999999999,
      "compound_return": 0.18028094411391615,
      "max_drawdown": -0.15783411134658532,
      "profit_factor": 1.153319178356135,
      "windows": 10
    },
    {
      "entry_policy": "vwap_low",
      "feature_group": "all_no_ak",
      "model_name": "lgbm_leaves7_400",
      "target_hit_bps": 50.0,
      "trades": 195,
      "win_rate": 0.4564102564102564,
      "avg_return": 0.0008603354047861552,
      "median_return": -0.00016999999999999999,
      "compound_return": 0.12342007839584435,
      "max_drawdown": -0.26356563612130546,
      "profit_factor": 1.1228160454409681,
      "windows": 10
    },
    {
      "entry_policy": "vwap_low",
      "feature_group": "reversal_fundamental_regime",
      "model_name": "lgbm_leaves15_700",
      "target_hit_bps": 50.0,
      "trades": 214,
      "win_rate": 0.4672897196261682,
      "avg_return": 0.0007934303430048055,
      "median_return": -0.00016999999999999999,
      "compound_return": 0.12237031019035083,
      "max_drawdown": -0.1913165426434259,
      "profit_factor": 1.114516008595173,
      "windows": 10
    },
    {
      "entry_policy": "vwap_low",
      "feature_group": "all_no_ak",
      "model_name": "xgb_d2_200_lr003_mcw5",
      "target_hit_bps": 50.0,
      "trades": 245,
      "win_rate": 0.4897959183673469,
      "avg_return": 0.0007274023867137788,
      "median_return": -0.00016999999999999999,
      "compound_return": 0.11805507462856646,
      "max_drawdown": -0.24278917227268293,
      "profit_factor": 1.1057214556269808,
      "windows": 10
    },
    {
      "entry_policy": "vwap_low",
      "feature_group": "reversal_fundamental_regime",
      "model_name": "xgb_d4_500_lr002_mcw5",
      "target_hit_bps": 50.0,
      "trades": 209,
      "win_rate": 0.4784688995215311,
      "avg_return": 0.0007589981713598952,
      "median_return": -0.00016999999999999999,
      "compound_return": 0.1098748902885125,
      "max_drawdown": -0.18857170089020647,
      "profit_factor": 1.1099256570663063,
      "windows": 10
    },
    {
      "entry_policy": "vwap_low",
      "feature_group": "reversal_fundamental_regime",
      "model_name": "xgb_d2_200_lr003_mcw5",
      "target_hit_bps": 50.0,
      "trades": 231,
      "win_rate": 0.4675324675324675,
      "avg_return": 0.0006923974706767895,
      "median_return": -0.00016999999999999999,
      "compound_return": 0.10142368470367957,
      "max_drawdown": -0.2094619385974541,
      "profit_factor": 1.0971693914449812,
      "windows": 10
    },
    {
      "entry_policy": "vwap_low",
      "feature_group": "reversal_fundamental_regime",
      "model_name": "xgb_d3_400_lr003_mcw3",
      "target_hit_bps": 50.0,
      "trades": 212,
      "win_rate": 0.45754716981132076,
      "avg_return": 0.0005119903371188199,
      "median_return": -0.00016999999999999999,
      "compound_return": 0.05931125451409214,
      "max_drawdown": -0.3258901921334384,
      "profit_factor": 1.0746718902342853,
      "windows": 10
    },
    {
      "entry_policy": "vwap_low",
      "feature_group": "reversal_fundamental_regime_sector",
      "model_name": "xgb_d3_600_lr002_mcw3",
      "target_hit_bps": 50.0,
      "trades": 225,
      "win_rate": 0.4622222222222222,
      "avg_return": 0.0003766635423136149,
      "median_return": -0.00016999999999999999,
      "compound_return": 0.038299373539273374,
      "max_drawdown": -0.31255517349362116,
      "profit_factor": 1.0593352909433849,
      "windows": 10
    },
    {
      "entry_policy": "vwap_low",
      "feature_group": "reversal_fundamental_regime_sector_external",
      "model_name": "xgb_d3_600_lr002_mcw3",
      "target_hit_bps": 50.0,
      "trades": 225,
      "win_rate": 0.4622222222222222,
      "avg_return": 0.0003766635423136149,
      "median_return": -0.00016999999999999999,
      "compound_return": 0.038299373539273374,
      "max_drawdown": -0.31255517349362116,
      "profit_factor": 1.0593352909433849,
      "windows": 10
    },
    {
      "entry_policy": "vwap_low",
      "feature_group": "reversal_fundamental_regime_sector",
      "model_name": "extra_trees_600_d3",
      "target_hit_bps": 50.0,
      "trades": 226,
      "win_rate": 0.47345132743362833,
      "avg_return": 0.00037983086346638954,
      "median_return": -0.00016999999999999999,
      "compound_return": 0.02416772712378812,
      "max_drawdown": -0.16889362512638129,
      "profit_factor": 1.0547888077927752,
      "windows": 10
    },
    {
      "entry_policy": "vwap_low",
      "feature_group": "reversal_fundamental_regime_sector_external",
      "model_name": "extra_trees_600_d3",
      "target_hit_bps": 50.0,
      "trades": 226,
      "win_rate": 0.47345132743362833,
      "avg_return": 0.00037983086346638954,
      "median_return": -0.00016999999999999999,
      "compound_return": 0.02416772712378812,
      "max_drawdown": -0.16889362512638129,
      "profit_factor": 1.0547888077927752,
      "windows": 10
    },
    {
      "entry_policy": "vwap_low",
      "feature_group": "all_no_ak",
      "model_name": "extra_trees_600_d3",
      "target_hit_bps": 50.0,
      "trades": 202,
      "win_rate": 0.4801980198019802,
      "avg_return": 0.00038371065952807814,
      "median_return": -0.00016999999999999999,
      "compound_return": 0.02074925555789431,
      "max_drawdown": -0.19998399756026108,
      "profit_factor": 1.0544969444463668,
      "windows": 10
    }
  ]
}

[2026-05-16T22:52:42] RUN search_all_days_hit_50bps
  /usr/bin/python3 model_training/search_walk_forward_model_complexity.py --samples /root/stock_realtime_v021_full/saved_data/601390_pipeline_out_v2_new27_full/03_sector/training_samples_with_sector.csv --intraday-bars /root/stock_realtime_v021_full/saved_data/601390_pipeline_out_v2_new27_full/00_base/601390_5m.csv --out-dir /root/stock_realtime_v021_full/saved_data/601390_pipeline_out_v2_new27_full/10_search/search_all_days_hit_50bps --round-trip-cost-bps 1.7 --target-hit-bps 50.0 --label-mode hit --entry-policy all_days --entry-vwap-premium-bps 50.0 --max-missing 0.35 --groups reversal_fundamental_regime,reversal_fundamental_regime_sector,reversal_fundamental_regime_sector_external,all_no_ak --models xgb_d2_200_lr003_mcw5,xgb_d3_400_lr003_mcw3,xgb_d3_600_lr002_mcw3,xgb_d4_500_lr002_mcw5,lgbm_leaves7_400,lgbm_leaves15_700,extra_trees_600_d3,random_forest_600_d4 --quantiles 0.5,0.6,0.7,0.8 --train-rows 756 --valid-rows 126 --test-rows 63 --min-valid-trades 8 --min-train-entries 80
{
  "rows": 1539,
  "target_hit_bps": 50.0,
  "label_mode": "hit",
  "entry_policy": "all_days",
  "entry_vwap_premium_bps": 50.0,
  "groups": {
    "reversal_fundamental_regime": 137,
    "reversal_fundamental_regime_sector": 160,
    "reversal_fundamental_regime_sector_external": 160,
    "all_no_ak": 215
  },
  "models": [
    "xgb_d2_200_lr003_mcw5",
    "xgb_d3_400_lr003_mcw3",
    "xgb_d3_600_lr002_mcw3",
    "xgb_d4_500_lr002_mcw5",
    "extra_trees_600_d3",
    "random_forest_600_d4",
    "lgbm_leaves7_400",
    "lgbm_leaves15_700"
  ],
  "top": [
    {
      "entry_policy": "all_days",
      "feature_group": "reversal_fundamental_regime_sector",
      "model_name": "lgbm_leaves15_700",
      "target_hit_bps": 50.0,
      "trades": 219,
      "win_rate": 0.6666666666666666,
      "avg_return": -0.0007885266070555832,
      "median_return": 0.005,
      "compound_return": -0.16825175577013274,
      "max_drawdown": -0.20516359521724103,
      "profit_factor": 0.8057268075988391,
      "windows": 10
    },
    {
      "entry_policy": "all_days",
      "feature_group": "reversal_fundamental_regime_sector_external",
      "model_name": "lgbm_leaves15_700",
      "target_hit_bps": 50.0,
      "trades": 219,
      "win_rate": 0.6666666666666666,
      "avg_return": -0.0007885266070555832,
      "median_return": 0.005,
      "compound_return": -0.16825175577013274,
      "max_drawdown": -0.20516359521724103,
      "profit_factor": 0.8057268075988391,
      "windows": 10
    },
    {
      "entry_policy": "all_days",
      "feature_group": "all_no_ak",
      "model_name": "xgb_d3_600_lr002_mcw3",
      "target_hit_bps": 50.0,
      "trades": 226,
      "win_rate": 0.6946902654867256,
      "avg_return": -0.0010733905248097376,
      "median_return": 0.005,
      "compound_return": -0.22961726219024514,
      "max_drawdown": -0.21795886289134925,
      "profit_factor": 0.7623491311628134,
      "windows": 10
    },
    {
      "entry_policy": "all_days",
      "feature_group": "reversal_fundamental_regime",
      "model_name": "xgb_d3_600_lr002_mcw3",
      "target_hit_bps": 50.0,
      "trades": 265,
      "win_rate": 0.6830188679245283,
      "avg_return": -0.0009371907114636095,
      "median_return": 0.005,
      "compound_return": -0.23491549381029775,
      "max_drawdown": -0.29583514920068366,
      "profit_factor": 0.7807298394032575,
      "windows": 10
    },
    {
      "entry_policy": "all_days",
      "feature_group": "all_no_ak",
      "model_name": "xgb_d3_400_lr003_mcw3",
      "target_hit_bps": 50.0,
      "trades": 236,
      "win_rate": 0.6864406779661016,
      "avg_return": -0.0010968860180436192,
      "median_return": 0.005,
      "compound_return": -0.24232313199119904,
      "max_drawdown": -0.23085701387451196,
      "profit_factor": 0.755418151367034,
      "windows": 10
    },
    {
      "entry_policy": "all_days",
      "feature_group": "reversal_fundamental_regime",
      "model_name": "lgbm_leaves15_700",
      "target_hit_bps": 50.0,
      "trades": 263,
      "win_rate": 0.6539923954372624,
      "avg_return": -0.0011004361818629342,
      "median_return": 0.005,
      "compound_return": -0.2648876521517082,
      "max_drawdown": -0.28798392715200594,
      "profit_factor": 0.7412993873650158,
      "windows": 10
    },
    {
      "entry_policy": "all_days",
      "feature_group": "reversal_fundamental_regime",
      "model_name": "random_forest_600_d4",
      "target_hit_bps": 50.0,
      "trades": 206,
      "win_rate": 0.6941747572815534,
      "avg_return": -0.0014698102982454667,
      "median_return": 0.005,
      "compound_return": -0.2746956282703149,
      "max_drawdown": -0.31847804151888925,
      "profit_factor": 0.6968015660788467,
      "windows": 10
    },
    {
      "entry_policy": "all_days",
      "feature_group": "all_no_ak",
      "model_name": "lgbm_leaves15_700",
      "target_hit_bps": 50.0,
      "trades": 188,
      "win_rate": 0.6542553191489362,
      "avg_return": -0.0017898374414009462,
      "median_return": 0.005,
      "compound_return": -0.29625099015858125,
      "max_drawdown": -0.30670253608921905,
      "profit_factor": 0.6430541247328392,
      "windows": 10
    },
    {
      "entry_policy": "all_days",
      "feature_group": "reversal_fundamental_regime",
      "model_name": "lgbm_leaves7_400",
      "target_hit_bps": 50.0,
      "trades": 246,
      "win_rate": 0.6626016260162602,
      "avg_return": -0.0013617743901934898,
      "median_return": 0.005,
      "compound_return": -0.2984130369535912,
      "max_drawdown": -0.336825134744413,
      "profit_factor": 0.7038750729258596,
      "windows": 10
    },
    {
      "entry_policy": "all_days",
      "feature_group": "reversal_fundamental_regime_sector",
      "model_name": "xgb_d3_400_lr003_mcw3",
      "target_hit_bps": 50.0,
      "trades": 236,
      "win_rate": 0.6567796610169492,
      "avg_return": -0.0014368729719208806,
      "median_return": 0.005,
      "compound_return": -0.3008773485464509,
      "max_drawdown": -0.32822338857577815,
      "profit_factor": 0.691792296104941,
      "windows": 10
    },
    {
      "entry_policy": "all_days",
      "feature_group": "reversal_fundamental_regime_sector_external",
      "model_name": "xgb_d3_400_lr003_mcw3",
      "target_hit_bps": 50.0,
      "trades": 236,
      "win_rate": 0.6567796610169492,
      "avg_return": -0.0014368729719208806,
      "median_return": 0.005,
      "compound_return": -0.3008773485464509,
      "max_drawdown": -0.32822338857577815,
      "profit_factor": 0.691792296104941,
      "windows": 10
    },
    {
      "entry_policy": "all_days",
      "feature_group": "reversal_fundamental_regime",
      "model_name": "xgb_d2_200_lr003_mcw5",
      "target_hit_bps": 50.0,
      "trades": 208,
      "win_rate": 0.6971153846153846,
      "avg_return": -0.0017554126362492877,
      "median_return": 0.005,
      "compound_return": -0.3198027953855991,
      "max_drawdown": -0.316362661182525,
      "profit_factor": 0.6622877323665002,
      "windows": 10
    },
    {
      "entry_policy": "all_days",
      "feature_group": "reversal_fundamental_regime_sector",
      "model_name": "xgb_d3_600_lr002_mcw3",
      "target_hit_bps": 50.0,
      "trades": 268,
      "win_rate": 0.667910447761194,
      "avg_return": -0.0014885250820648533,
      "median_return": 0.005,
      "compound_return": -0.34330176966584947,
      "max_drawdown": -0.35826230782366675,
      "profit_factor": 0.6875257673961327,
      "windows": 10
    },
    {
      "entry_policy": "all_days",
      "feature_group": "reversal_fundamental_regime_sector_external",
      "model_name": "xgb_d3_600_lr002_mcw3",
      "target_hit_bps": 50.0,
      "trades": 268,
      "win_rate": 0.667910447761194,
      "avg_return": -0.0014885250820648533,
      "median_return": 0.005,
      "compound_return": -0.34330176966584947,
      "max_drawdown": -0.35826230782366675,
      "profit_factor": 0.6875257673961327,
      "windows": 10
    },
    {
      "entry_policy": "all_days",
      "feature_group": "reversal_fundamental_regime",
      "model_name": "xgb_d3_400_lr003_mcw3",
      "target_hit_bps": 50.0,
      "trades": 273,
      "win_rate": 0.6703296703296703,
      "avg_return": -0.001509758353195402,
      "median_return": 0.005,
      "compound_return": -0.35225641318888035,
      "max_drawdown": -0.3457253169901725,
      "profit_factor": 0.6861530193054711,
      "windows": 10
    },
    {
      "entry_policy": "all_days",
      "feature_group": "reversal_fundamental_regime_sector",
      "model_name": "random_forest_600_d4",
      "target_hit_bps": 50.0,
      "trades": 225,
      "win_rate": 0.6933333333333334,
      "avg_return": -0.001883404787065409,
      "median_return": 0.005,
      "compound_return": -0.35998587207910393,
      "max_drawdown": -0.3862938455784408,
      "profit_factor": 0.6426529138604181,
      "windows": 10
    },
    {
      "entry_policy": "all_days",
      "feature_group": "reversal_fundamental_regime_sector_external",
      "model_name": "random_forest_600_d4",
      "target_hit_bps": 50.0,
      "trades": 225,
      "win_rate": 0.6933333333333334,
      "avg_return": -0.001883404787065409,
      "median_return": 0.005,
      "compound_return": -0.35998587207910393,
      "max_drawdown": -0.3862938455784408,
      "profit_factor": 0.6426529138604181,
      "windows": 10
    },
    {
      "entry_policy": "all_days",
      "feature_group": "reversal_fundamental_regime",
      "model_name": "xgb_d4_500_lr002_mcw5",
      "target_hit_bps": 50.0,
      "trades": 280,
      "win_rate": 0.6642857142857143,
      "avg_return": -0.0015336491156213259,
      "median_return": 0.005,
      "compound_return": -0.36325449024481604,
      "max_drawdown": -0.37698717224179623,
      "profit_factor": 0.6796253646376642,
      "windows": 10
    },
    {
      "entry_policy": "all_days",
      "feature_group": "reversal_fundamental_regime_sector",
      "model_name": "extra_trees_600_d3",
      "target_hit_bps": 50.0,
      "trades": 252,
      "win_rate": 0.6944444444444444,
      "avg_return": -0.0017367768042719422,
      "median_return": 0.005,
      "compound_return": -0.3697709570699972,
      "max_drawdown": -0.39811796044339287,
      "profit_factor": 0.6597653456198983,
      "windows": 10
    },
    {
      "entry_policy": "all_days",
      "feature_group": "reversal_fundamental_regime_sector_external",
      "model_name": "extra_trees_600_d3",
      "target_hit_bps": 50.0,
      "trades": 252,
      "win_rate": 0.6944444444444444,
      "avg_return": -0.0017367768042719422,
      "median_return": 0.005,
      "compound_return": -0.3697709570699972,
      "max_drawdown": -0.39811796044339287,
      "profit_factor": 0.6597653456198983,
      "windows": 10
    }
  ]
}

[2026-05-16T23:11:14] RUN search_all_days_hit_80bps
  /usr/bin/python3 model_training/search_walk_forward_model_complexity.py --samples /root/stock_realtime_v021_full/saved_data/601390_pipeline_out_v2_new27_full/03_sector/training_samples_with_sector.csv --intraday-bars /root/stock_realtime_v021_full/saved_data/601390_pipeline_out_v2_new27_full/00_base/601390_5m.csv --out-dir /root/stock_realtime_v021_full/saved_data/601390_pipeline_out_v2_new27_full/10_search/search_all_days_hit_80bps --round-trip-cost-bps 1.7 --target-hit-bps 80.0 --label-mode hit --entry-policy all_days --entry-vwap-premium-bps 50.0 --max-missing 0.35 --groups reversal_fundamental_regime,reversal_fundamental_regime_sector,reversal_fundamental_regime_sector_external,all_no_ak --models xgb_d2_200_lr003_mcw5,xgb_d3_400_lr003_mcw3,xgb_d3_600_lr002_mcw3,xgb_d4_500_lr002_mcw5,lgbm_leaves7_400,lgbm_leaves15_700,extra_trees_600_d3,random_forest_600_d4 --quantiles 0.5,0.6,0.7,0.8 --train-rows 756 --valid-rows 126 --test-rows 63 --min-valid-trades 8 --min-train-entries 80
{
  "rows": 1539,
  "target_hit_bps": 80.0,
  "label_mode": "hit",
  "entry_policy": "all_days",
  "entry_vwap_premium_bps": 50.0,
  "groups": {
    "reversal_fundamental_regime": 137,
    "reversal_fundamental_regime_sector": 160,
    "reversal_fundamental_regime_sector_external": 160,
    "all_no_ak": 215
  },
  "models": [
    "xgb_d2_200_lr003_mcw5",
    "xgb_d3_400_lr003_mcw3",
    "xgb_d3_600_lr002_mcw3",
    "xgb_d4_500_lr002_mcw5",
    "extra_trees_600_d3",
    "random_forest_600_d4",
    "lgbm_leaves7_400",
    "lgbm_leaves15_700"
  ],
  "top": [
    {
      "entry_policy": "all_days",
      "feature_group": "reversal_fundamental_regime",
      "model_name": "xgb_d3_400_lr003_mcw3",
      "target_hit_bps": 80.0,
      "trades": 230,
      "win_rate": 0.5869565217391305,
      "avg_return": -0.000900939318709712,
      "median_return": 0.004558276259507558,
      "compound_return": -0.20370310288384663,
      "max_drawdown": -0.29998590786903834,
      "profit_factor": 0.8218447346642792,
      "windows": 10
    },
    {
      "entry_policy": "all_days",
      "feature_group": "all_no_ak",
      "model_name": "random_forest_600_d4",
      "target_hit_bps": 80.0,
      "trades": 219,
      "win_rate": 0.5981735159817352,
      "avg_return": -0.0011676382380406288,
      "median_return": 0.008,
      "compound_return": -0.24227639217357266,
      "max_drawdown": -0.2856910229359152,
      "profit_factor": 0.7873989475572751,
      "windows": 10
    },
    {
      "entry_policy": "all_days",
      "feature_group": "reversal_fundamental_regime",
      "model_name": "xgb_d4_500_lr002_mcw5",
      "target_hit_bps": 80.0,
      "trades": 245,
      "win_rate": 0.5551020408163265,
      "avg_return": -0.0014104654770272817,
      "median_return": 0.005196726296958779,
      "compound_return": -0.308449579984729,
      "max_drawdown": -0.34856618647617155,
      "profit_factor": 0.7451403037919041,
      "windows": 10
    },
    {
      "entry_policy": "all_days",
      "feature_group": "reversal_fundamental_regime",
      "model_name": "xgb_d2_200_lr003_mcw5",
      "target_hit_bps": 80.0,
      "trades": 221,
      "win_rate": 0.5746606334841629,
      "avg_return": -0.0015931333336681606,
      "median_return": 0.004532194357366851,
      "compound_return": -0.31270246031570015,
      "max_drawdown": -0.35509507024585696,
      "profit_factor": 0.7214671221983734,
      "windows": 10
    },
    {
      "entry_policy": "all_days",
      "feature_group": "reversal_fundamental_regime",
      "model_name": "xgb_d3_600_lr002_mcw3",
      "target_hit_bps": 80.0,
      "trades": 203,
      "win_rate": 0.5615763546798029,
      "avg_return": -0.0017745787586710613,
      "median_return": 0.003814063745020139,
      "compound_return": -0.31715620524798194,
      "max_drawdown": -0.33736038120778833,
      "profit_factor": 0.6961182219592436,
      "windows": 10
    },
    {
      "entry_policy": "all_days",
      "feature_group": "all_no_ak",
      "model_name": "xgb_d3_400_lr003_mcw3",
      "target_hit_bps": 80.0,
      "trades": 190,
      "win_rate": 0.5842105263157895,
      "avg_return": -0.0019109215651120762,
      "median_return": 0.004864460327162815,
      "compound_return": -0.3191957306593035,
      "max_drawdown": -0.332628563817559,
      "profit_factor": 0.685489425576833,
      "windows": 10
    },
    {
      "entry_policy": "all_days",
      "feature_group": "reversal_fundamental_regime",
      "model_name": "lgbm_leaves15_700",
      "target_hit_bps": 80.0,
      "trades": 226,
      "win_rate": 0.5619469026548672,
      "avg_return": -0.0017787787980194972,
      "median_return": 0.0045139121086990065,
      "compound_return": -0.34619402396249344,
      "max_drawdown": -0.35641850061960145,
      "profit_factor": 0.6978724036759358,
      "windows": 10
    },
    {
      "entry_policy": "all_days",
      "feature_group": "reversal_fundamental_regime",
      "model_name": "random_forest_600_d4",
      "target_hit_bps": 80.0,
      "trades": 264,
      "win_rate": 0.5833333333333334,
      "avg_return": -0.001542174871431669,
      "median_return": 0.005755984410844798,
      "compound_return": -0.3516799888321559,
      "max_drawdown": -0.37262251574443006,
      "profit_factor": 0.7322526412968012,
      "windows": 10
    },
    {
      "entry_policy": "all_days",
      "feature_group": "all_no_ak",
      "model_name": "lgbm_leaves15_700",
      "target_hit_bps": 80.0,
      "trades": 242,
      "win_rate": 0.5578512396694215,
      "avg_return": -0.0017064981134646234,
      "median_return": 0.002350822257664257,
      "compound_return": -0.35398360196182366,
      "max_drawdown": -0.3755689535126904,
      "profit_factor": 0.6944430293133149,
      "windows": 10
    },
    {
      "entry_policy": "all_days",
      "feature_group": "all_no_ak",
      "model_name": "xgb_d4_500_lr002_mcw5",
      "target_hit_bps": 80.0,
      "trades": 271,
      "win_rate": 0.5904059040590406,
      "avg_return": -0.0015791349954494696,
      "median_return": 0.005139734513274433,
      "compound_return": -0.36583740067662296,
      "max_drawdown": -0.3593559591067259,
      "profit_factor": 0.728606580975612,
      "windows": 10
    },
    {
      "entry_policy": "all_days",
      "feature_group": "reversal_fundamental_regime_sector",
      "model_name": "xgb_d2_200_lr003_mcw5",
      "target_hit_bps": 80.0,
      "trades": 248,
      "win_rate": 0.5604838709677419,
      "avg_return": -0.0017447646974610123,
      "median_return": 0.003493605833587824,
      "compound_return": -0.36744853195146854,
      "max_drawdown": -0.3710864245804142,
      "profit_factor": 0.6976363551324146,
      "windows": 10
    },
    {
      "entry_policy": "all_days",
      "feature_group": "reversal_fundamental_regime_sector_external",
      "model_name": "xgb_d2_200_lr003_mcw5",
      "target_hit_bps": 80.0,
      "trades": 248,
      "win_rate": 0.5604838709677419,
      "avg_return": -0.0017447646974610123,
      "median_return": 0.003493605833587824,
      "compound_return": -0.36744853195146854,
      "max_drawdown": -0.3710864245804142,
      "profit_factor": 0.6976363551324146,
      "windows": 10
    },
    {
      "entry_policy": "all_days",
      "feature_group": "all_no_ak",
      "model_name": "xgb_d3_600_lr002_mcw3",
      "target_hit_bps": 80.0,
      "trades": 229,
      "win_rate": 0.5414847161572053,
      "avg_return": -0.001906689807203176,
      "median_return": 0.0016716206261508972,
      "compound_return": -0.3684170755536469,
      "max_drawdown": -0.37204939795185377,
      "profit_factor": 0.6708743165581303,
      "windows": 10
    },
    {
      "entry_policy": "all_days",
      "feature_group": "reversal_fundamental_regime",
      "model_name": "extra_trees_600_d3",
      "target_hit_bps": 80.0,
      "trades": 315,
      "win_rate": 0.5777777777777777,
      "avg_return": -0.0013742870168678926,
      "median_return": 0.004171534008682979,
      "compound_return": -0.36895466097020513,
      "max_drawdown": -0.3625631224092202,
      "profit_factor": 0.7476127153482145,
      "windows": 10
    },
    {
      "entry_policy": "all_days",
      "feature_group": "all_no_ak",
      "model_name": "lgbm_leaves7_400",
      "target_hit_bps": 80.0,
      "trades": 257,
      "win_rate": 0.5719844357976653,
      "avg_return": -0.0017002263172600533,
      "median_return": 0.005139734513274433,
      "compound_return": -0.37063370280624297,
      "max_drawdown": -0.37425327706876343,
      "profit_factor": 0.7097718030782277,
      "windows": 10
    },
    {
      "entry_policy": "all_days",
      "feature_group": "reversal_fundamental_regime_sector",
      "model_name": "random_forest_600_d4",
      "target_hit_bps": 80.0,
      "trades": 244,
      "win_rate": 0.5942622950819673,
      "avg_return": -0.0018172017590847899,
      "median_return": 0.008,
      "compound_return": -0.3755513964338705,
      "max_drawdown": -0.40831235932319154,
      "profit_factor": 0.704380255565796,
      "windows": 10
    },
    {
      "entry_policy": "all_days",
      "feature_group": "reversal_fundamental_regime_sector_external",
      "model_name": "random_forest_600_d4",
      "target_hit_bps": 80.0,
      "trades": 244,
      "win_rate": 0.5942622950819673,
      "avg_return": -0.0018172017590847899,
      "median_return": 0.008,
      "compound_return": -0.3755513964338705,
      "max_drawdown": -0.40831235932319154,
      "profit_factor": 0.704380255565796,
      "windows": 10
    },
    {
      "entry_policy": "all_days",
      "feature_group": "all_no_ak",
      "model_name": "xgb_d2_200_lr003_mcw5",
      "target_hit_bps": 80.0,
      "trades": 163,
      "win_rate": 0.588957055214724,
      "avg_return": -0.0027559922011769593,
      "median_return": 0.008,
      "compound_return": -0.37590394223119694,
      "max_drawdown": -0.419194643096922,
      "profit_factor": 0.6089671989554586,
      "windows": 10
    },
    {
      "entry_policy": "all_days",
      "feature_group": "all_no_ak",
      "model_name": "extra_trees_600_d3",
      "target_hit_bps": 80.0,
      "trades": 281,
      "win_rate": 0.5729537366548043,
      "avg_return": -0.0016979617760989614,
      "median_return": 0.004576835443038,
      "compound_return": -0.3958956562099668,
      "max_drawdown": -0.42595256554407257,
      "profit_factor": 0.7088561606428587,
      "windows": 10
    },
    {
      "entry_policy": "all_days",
      "feature_group": "reversal_fundamental_regime_sector",
      "model_name": "lgbm_leaves7_400",
      "target_hit_bps": 80.0,
      "trades": 268,
      "win_rate": 0.5597014925373134,
      "avg_return": -0.001855689498325057,
      "median_return": 0.003176209816852186,
      "compound_return": -0.4082923083205604,
      "max_drawdown": -0.4379556915215784,
      "profit_factor": 0.6786677428991078,
      "windows": 10
    }
  ]
}

[2026-05-16T23:45:43] RUN search_all_days_close_profit_50bps
  /usr/bin/python3 model_training/search_walk_forward_model_complexity.py --samples /root/stock_realtime_v021_full/saved_data/601390_pipeline_out_v2_new27_full/03_sector/training_samples_with_sector.csv --intraday-bars /root/stock_realtime_v021_full/saved_data/601390_pipeline_out_v2_new27_full/00_base/601390_5m.csv --out-dir /root/stock_realtime_v021_full/saved_data/601390_pipeline_out_v2_new27_full/10_search/search_all_days_close_profit_50bps --round-trip-cost-bps 1.7 --target-hit-bps 50.0 --label-mode close_profit --entry-policy all_days --entry-vwap-premium-bps 50.0 --max-missing 0.35 --groups reversal_fundamental_regime,reversal_fundamental_regime_sector,reversal_fundamental_regime_sector_external,all_no_ak --models xgb_d2_200_lr003_mcw5,xgb_d3_400_lr003_mcw3,xgb_d3_600_lr002_mcw3,xgb_d4_500_lr002_mcw5,lgbm_leaves7_400,lgbm_leaves15_700,extra_trees_600_d3,random_forest_600_d4 --quantiles 0.5,0.6,0.7,0.8 --train-rows 756 --valid-rows 126 --test-rows 63 --min-valid-trades 8 --min-train-entries 80
{
  "rows": 1539,
  "target_hit_bps": 50.0,
  "label_mode": "close_profit",
  "entry_policy": "all_days",
  "entry_vwap_premium_bps": 50.0,
  "groups": {
    "reversal_fundamental_regime": 137,
    "reversal_fundamental_regime_sector": 160,
    "reversal_fundamental_regime_sector_external": 160,
    "all_no_ak": 215
  },
  "models": [
    "xgb_d2_200_lr003_mcw5",
    "xgb_d3_400_lr003_mcw3",
    "xgb_d3_600_lr002_mcw3",
    "xgb_d4_500_lr002_mcw5",
    "extra_trees_600_d3",
    "random_forest_600_d4",
    "lgbm_leaves7_400",
    "lgbm_leaves15_700"
  ],
  "top": [
    {
      "entry_policy": "all_days",
      "feature_group": "all_no_ak",
      "model_name": "xgb_d3_400_lr003_mcw3",
      "target_hit_bps": 50.0,
      "trades": 226,
      "win_rate": 0.5,
      "avg_return": 0.0015940075347895119,
      "median_return": 0.0005620644216691763,
      "compound_return": 0.34828694510793445,
      "max_drawdown": -0.2615599053474471,
      "profit_factor": 1.236611430665056,
      "windows": 10
    },
    {
      "entry_policy": "all_days",
      "feature_group": "reversal_fundamental_regime",
      "model_name": "xgb_d3_600_lr002_mcw3",
      "target_hit_bps": 50.0,
      "trades": 200,
      "win_rate": 0.475,
      "avg_return": 0.0015829039796450026,
      "median_return": -0.00016999999999999999,
      "compound_return": 0.30799412957242045,
      "max_drawdown": -0.217615662383578,
      "profit_factor": 1.2457638809802136,
      "windows": 10
    },
    {
      "entry_policy": "all_days",
      "feature_group": "all_no_ak",
      "model_name": "random_forest_600_d4",
      "target_hit_bps": 50.0,
      "trades": 205,
      "win_rate": 0.4878048780487805,
      "avg_return": 0.0013435416889354527,
      "median_return": -0.00016999999999999999,
      "compound_return": 0.23907543504187045,
      "max_drawdown": -0.20780394162014737,
      "profit_factor": 1.188571902922654,
      "windows": 10
    },
    {
      "entry_policy": "all_days",
      "feature_group": "all_no_ak",
      "model_name": "lgbm_leaves15_700",
      "target_hit_bps": 50.0,
      "trades": 204,
      "win_rate": 0.49019607843137253,
      "avg_return": 0.0011247571033793002,
      "median_return": -0.00016999999999999999,
      "compound_return": 0.1968495270792301,
      "max_drawdown": -0.1597211243565254,
      "profit_factor": 1.1803918497625443,
      "windows": 10
    },
    {
      "entry_policy": "all_days",
      "feature_group": "reversal_fundamental_regime",
      "model_name": "random_forest_600_d4",
      "target_hit_bps": 50.0,
      "trades": 234,
      "win_rate": 0.47435897435897434,
      "avg_return": 0.0009967866134209706,
      "median_return": -0.00016999999999999999,
      "compound_return": 0.18378691678548242,
      "max_drawdown": -0.16062405207044383,
      "profit_factor": 1.1422044165356957,
      "windows": 10
    },
    {
      "entry_policy": "all_days",
      "feature_group": "reversal_fundamental_regime_sector",
      "model_name": "xgb_d2_200_lr003_mcw5",
      "target_hit_bps": 50.0,
      "trades": 243,
      "win_rate": 0.4691358024691358,
      "avg_return": 0.0009297463312156303,
      "median_return": -0.00016999999999999999,
      "compound_return": 0.1776629985410123,
      "max_drawdown": -0.1891338942325974,
      "profit_factor": 1.1388250007787553,
      "windows": 10
    },
    {
      "entry_policy": "all_days",
      "feature_group": "reversal_fundamental_regime_sector_external",
      "model_name": "xgb_d2_200_lr003_mcw5",
      "target_hit_bps": 50.0,
      "trades": 243,
      "win_rate": 0.4691358024691358,
      "avg_return": 0.0009297463312156303,
      "median_return": -0.00016999999999999999,
      "compound_return": 0.1776629985410123,
      "max_drawdown": -0.1891338942325974,
      "profit_factor": 1.1388250007787553,
      "windows": 10
    },
    {
      "entry_policy": "all_days",
      "feature_group": "all_no_ak",
      "model_name": "xgb_d3_600_lr002_mcw3",
      "target_hit_bps": 50.0,
      "trades": 256,
      "win_rate": 0.4609375,
      "avg_return": 0.0007060940637208565,
      "median_return": -0.00016999999999999999,
      "compound_return": 0.12248790730339176,
      "max_drawdown": -0.30052570297508785,
      "profit_factor": 1.1043916359810975,
      "windows": 10
    },
    {
      "entry_policy": "all_days",
      "feature_group": "reversal_fundamental_regime",
      "model_name": "extra_trees_600_d3",
      "target_hit_bps": 50.0,
      "trades": 222,
      "win_rate": 0.46396396396396394,
      "avg_return": 0.0007777568102783843,
      "median_return": -0.00016999999999999999,
      "compound_return": 0.1164117983045787,
      "max_drawdown": -0.15783411134658532,
      "profit_factor": 1.1117666656970864,
      "windows": 10
    },
    {
      "entry_policy": "all_days",
      "feature_group": "all_no_ak",
      "model_name": "lgbm_leaves7_400",
      "target_hit_bps": 50.0,
      "trades": 196,
      "win_rate": 0.45408163265306123,
      "avg_return": 0.0006263664169714475,
      "median_return": -0.0009151564828613866,
      "compound_return": 0.07286888657166846,
      "max_drawdown": -0.26356563612130546,
      "profit_factor": 1.0870084753669549,
      "windows": 10
    },
    {
      "entry_policy": "all_days",
      "feature_group": "reversal_fundamental_regime",
      "model_name": "lgbm_leaves15_700",
      "target_hit_bps": 50.0,
      "trades": 219,
      "win_rate": 0.4611872146118721,
      "avg_return": 0.0004854203029712144,
      "median_return": -0.00016999999999999999,
      "compound_return": 0.05158116520951905,
      "max_drawdown": -0.1913165426434259,
      "profit_factor": 1.067747392542291,
      "windows": 10
    },
    {
      "entry_policy": "all_days",
      "feature_group": "reversal_fundamental_regime",
      "model_name": "xgb_d4_500_lr002_mcw5",
      "target_hit_bps": 50.0,
      "trades": 213,
      "win_rate": 0.47417840375586856,
      "avg_return": 0.00048181307521823257,
      "median_return": -0.00016999999999999999,
      "compound_return": 0.04771348118613861,
      "max_drawdown": -0.18857170089020647,
      "profit_factor": 1.0674264343261972,
      "windows": 10
    },
    {
      "entry_policy": "all_days",
      "feature_group": "reversal_fundamental_regime",
      "model_name": "xgb_d2_200_lr003_mcw5",
      "target_hit_bps": 50.0,
      "trades": 237,
      "win_rate": 0.4641350210970464,
      "avg_return": 0.00044505462086326614,
      "median_return": -0.00016999999999999999,
      "compound_return": 0.04126512089106926,
      "max_drawdown": -0.2094619385974541,
      "profit_factor": 1.0608823388043718,
      "windows": 10
    },
    {
      "entry_policy": "all_days",
      "feature_group": "all_no_ak",
      "model_name": "extra_trees_600_d3",
      "target_hit_bps": 50.0,
      "trades": 203,
      "win_rate": 0.4827586206896552,
      "avg_return": 0.0004262597521933984,
      "median_return": -0.00016999999999999999,
      "compound_return": 0.029957614724503534,
      "max_drawdown": -0.19998399756026108,
      "profit_factor": 1.060839731012733,
      "windows": 10
    },
    {
      "entry_policy": "all_days",
      "feature_group": "reversal_fundamental_regime_sector",
      "model_name": "xgb_d3_600_lr002_mcw3",
      "target_hit_bps": 50.0,
      "trades": 228,
      "win_rate": 0.4605263157894737,
      "avg_return": 0.0003234318001523037,
      "median_return": -0.00016999999999999999,
      "compound_return": 0.026329066728455253,
      "max_drawdown": -0.31255517349362116,
      "profit_factor": 1.0504294585835652,
      "windows": 10
    },
    {
      "entry_policy": "all_days",
      "feature_group": "reversal_fundamental_regime_sector_external",
      "model_name": "xgb_d3_600_lr002_mcw3",
      "target_hit_bps": 50.0,
      "trades": 228,
      "win_rate": 0.4605263157894737,
      "avg_return": 0.0003234318001523037,
      "median_return": -0.00016999999999999999,
      "compound_return": 0.026329066728455253,
      "max_drawdown": -0.31255517349362116,
      "profit_factor": 1.0504294585835652,
      "windows": 10
    },
    {
      "entry_policy": "all_days",
      "feature_group": "all_no_ak",
      "model_name": "xgb_d2_200_lr003_mcw5",
      "target_hit_bps": 50.0,
      "trades": 249,
      "win_rate": 0.4819277108433735,
      "avg_return": 0.00036849815993885446,
      "median_return": -0.00016999999999999999,
      "compound_return": 0.024015942385601008,
      "max_drawdown": -0.24278917227268293,
      "profit_factor": 1.051776755228382,
      "windows": 10
    },
    {
      "entry_policy": "all_days",
      "feature_group": "reversal_fundamental_regime",
      "model_name": "xgb_d3_400_lr003_mcw3",
      "target_hit_bps": 50.0,
      "trades": 218,
      "win_rate": 0.4541284403669725,
      "avg_return": 0.0002480554169148875,
      "median_return": -0.00016999999999999999,
      "compound_return": 0.0014528258393480264,
      "max_drawdown": -0.3258901921334384,
      "profit_factor": 1.0351133645877766,
      "windows": 10
    },
    {
      "entry_policy": "all_days",
      "feature_group": "reversal_fundamental_regime_sector",
      "model_name": "extra_trees_600_d3",
      "target_hit_bps": 50.0,
      "trades": 231,
      "win_rate": 0.47186147186147187,
      "avg_return": 0.00023529403508882837,
      "median_return": -0.00016999999999999999,
      "compound_return": -0.009000998870094867,
      "max_drawdown": -0.16889362512638129,
      "profit_factor": 1.0333401092180907,
      "windows": 10
    },
    {
      "entry_policy": "all_days",
      "feature_group": "reversal_fundamental_regime_sector_external",
      "model_name": "extra_trees_600_d3",
      "target_hit_bps": 50.0,
      "trades": 231,
      "win_rate": 0.47186147186147187,
      "avg_return": 0.00023529403508882837,
      "median_return": -0.00016999999999999999,
      "compound_return": -0.009000998870094867,
      "max_drawdown": -0.16889362512638129,
      "profit_factor": 1.0333401092180907,
      "windows": 10
    }
  ]
}

[2026-05-16T23:55:42] RUN summarize
  /usr/bin/python3 model_training/summarize_nextday_search_results.py --pipeline-out /root/stock_realtime_v021_full/saved_data/601390_pipeline_out_v2_new27_full --out-dir /root/stock_realtime_v021_full/saved_data/601390_pipeline_out_v2_new27_full/99_summary --excel
{
  "rows": 192,
  "outputs": {
    "final_leaderboard": "/root/stock_realtime_v021_full/saved_data/601390_pipeline_out_v2_new27_full/99_summary/final_leaderboard.csv",
    "best_by_target_top5": "/root/stock_realtime_v021_full/saved_data/601390_pipeline_out_v2_new27_full/99_summary/best_by_target_top5.csv",
    "best_by_entry_policy_top5": "/root/stock_realtime_v021_full/saved_data/601390_pipeline_out_v2_new27_full/99_summary/best_by_entry_policy_top5.csv",
    "excel": "/root/stock_realtime_v021_full/saved_data/601390_pipeline_out_v2_new27_full/99_summary/final_leaderboard.xlsx",
    "summary_manifest": "/root/stock_realtime_v021_full/saved_data/601390_pipeline_out_v2_new27_full/99_summary/summary_manifest.json"
  }
}
=== nextday pipeline end: 2026-05-16T23:55:43 status=ok ===
