=== nextday pipeline start: 2026-05-30T23:59:32 ===
symbol=600584.SH, out_root=/mnt/d/VSCodeWorkspace/stock_realtime_v021_full/saved_data/600584_pipeline_out

[2026-05-30T23:59:32] RUN update_data
  /usr/bin/python3 bootstrap/ashare_xgb_dual_opportunity_regression_baostock_full_v19_compressed_trading_axis.py --mode update_data --symbol 600584 --benchmark_symbol 000300 --daily_start 2018-01-01 --daily_end 2026-05-30 --intraday_start '2018-01-01 09:30:00' --intraday_end '2026-05-30 15:00:00' --output_dir /mnt/d/VSCodeWorkspace/stock_realtime_v021_full/saved_data/600584_pipeline_out/00_base --cache_mode incremental --feature_cache_mode incremental --adjust qfq
未安装 xgboost。请先执行: pip install -U xgboost
原始错误: ModuleNotFoundError: No module named 'xgboost'

[2026-05-30T23:59:32] RUN samples
  /usr/bin/python3 feature_building/build_nextday_samples_from_baostock.py --daily-features /mnt/d/VSCodeWorkspace/stock_realtime_v021_full/saved_data/600584_pipeline_out/00_base/daily_features.csv --intraday-bars /mnt/d/VSCodeWorkspace/stock_realtime_v021_full/saved_data/600584_pipeline_out/00_base/600584_5m.csv --out-dir /mnt/d/VSCodeWorkspace/stock_realtime_v021_full/saved_data/600584_pipeline_out/01_samples --min-bars 40 --keep-unlabeled-tail
Traceback (most recent call last):
  File "/mnt/d/VSCodeWorkspace/stock_realtime_v021_full/feature_building/build_nextday_samples_from_baostock.py", line 75, in <module>
    main()
  File "/mnt/d/VSCodeWorkspace/stock_realtime_v021_full/feature_building/build_nextday_samples_from_baostock.py", line 61, in main
    samples = build_samples(Path(args.daily_features), Path(args.intraday_bars), args.min_bars, args.keep_unlabeled_tail)
  File "/mnt/d/VSCodeWorkspace/stock_realtime_v021_full/feature_building/build_nextday_samples_from_baostock.py", line 34, in build_samples
    daily = pd.read_csv(daily_features, parse_dates=["date"]).sort_values("date")
  File "/usr/local/lib/python3.10/dist-packages/pandas/io/parsers/readers.py", line 1026, in read_csv
    return _read(filepath_or_buffer, kwds)
  File "/usr/local/lib/python3.10/dist-packages/pandas/io/parsers/readers.py", line 620, in _read
    parser = TextFileReader(filepath_or_buffer, **kwds)
  File "/usr/local/lib/python3.10/dist-packages/pandas/io/parsers/readers.py", line 1620, in __init__
    self._engine = self._make_engine(f, self.engine)
  File "/usr/local/lib/python3.10/dist-packages/pandas/io/parsers/readers.py", line 1880, in _make_engine
    self.handles = get_handle(
  File "/usr/local/lib/python3.10/dist-packages/pandas/io/common.py", line 873, in get_handle
    handle = open(
FileNotFoundError: [Errno 2] No such file or directory: '/mnt/d/VSCodeWorkspace/stock_realtime_v021_full/saved_data/600584_pipeline_out/00_base/daily_features.csv'

[2026-05-30T23:59:33] RUN asof_samples
  /usr/bin/python3 feature_building/build_asof1455_training_samples.py --samples /mnt/d/VSCodeWorkspace/stock_realtime_v021_full/saved_data/600584_pipeline_out/01_samples/training_samples.csv --intraday-bars /mnt/d/VSCodeWorkspace/stock_realtime_v021_full/saved_data/600584_pipeline_out/00_base/600584_5m.csv --out-dir /mnt/d/VSCodeWorkspace/stock_realtime_v021_full/saved_data/600584_pipeline_out/01_samples_asof1455 --cutoff-time 14:55 --min-bars 40
Traceback (most recent call last):
  File "/mnt/d/VSCodeWorkspace/stock_realtime_v021_full/feature_building/build_asof1455_training_samples.py", line 116, in <module>
    main()
  File "/mnt/d/VSCodeWorkspace/stock_realtime_v021_full/feature_building/build_asof1455_training_samples.py", line 100, in main
    df = build_asof_samples(Path(args.samples), Path(args.intraday_bars), args.cutoff_time, args.min_bars)
  File "/mnt/d/VSCodeWorkspace/stock_realtime_v021_full/feature_building/build_asof1455_training_samples.py", line 80, in build_asof_samples
    base = pd.read_csv(samples, parse_dates=["date"]).sort_values("date")
  File "/usr/local/lib/python3.10/dist-packages/pandas/io/parsers/readers.py", line 1026, in read_csv
    return _read(filepath_or_buffer, kwds)
  File "/usr/local/lib/python3.10/dist-packages/pandas/io/parsers/readers.py", line 620, in _read
    parser = TextFileReader(filepath_or_buffer, **kwds)
  File "/usr/local/lib/python3.10/dist-packages/pandas/io/parsers/readers.py", line 1620, in __init__
    self._engine = self._make_engine(f, self.engine)
  File "/usr/local/lib/python3.10/dist-packages/pandas/io/parsers/readers.py", line 1880, in _make_engine
    self.handles = get_handle(
  File "/usr/local/lib/python3.10/dist-packages/pandas/io/common.py", line 873, in get_handle
    handle = open(
FileNotFoundError: [Errno 2] No such file or directory: '/mnt/d/VSCodeWorkspace/stock_realtime_v021_full/saved_data/600584_pipeline_out/01_samples/training_samples.csv'

[2026-05-30T23:59:33] RUN fundamental
  /usr/bin/python3 feature_building/build_fundamental_features.py --symbol 600584.SH --daily-samples /mnt/d/VSCodeWorkspace/stock_realtime_v021_full/saved_data/600584_pipeline_out/01_samples_asof1455/training_samples_asof1455.csv --out-dir /mnt/d/VSCodeWorkspace/stock_realtime_v021_full/saved_data/600584_pipeline_out/02_fundamental --start-date 2018-01-01 --end-date 2026-05-30 --fallback-lag-days 120 --skip-akshare
Traceback (most recent call last):
  File "/mnt/d/VSCodeWorkspace/stock_realtime_v021_full/feature_building/build_fundamental_features.py", line 373, in <module>
    main()
  File "/mnt/d/VSCodeWorkspace/stock_realtime_v021_full/feature_building/build_fundamental_features.py", line 313, in main
    samples = pd.read_csv(args.daily_samples, parse_dates=["date"]).sort_values("date")
  File "/usr/local/lib/python3.10/dist-packages/pandas/io/parsers/readers.py", line 1026, in read_csv
    return _read(filepath_or_buffer, kwds)
  File "/usr/local/lib/python3.10/dist-packages/pandas/io/parsers/readers.py", line 620, in _read
    parser = TextFileReader(filepath_or_buffer, **kwds)
  File "/usr/local/lib/python3.10/dist-packages/pandas/io/parsers/readers.py", line 1620, in __init__
    self._engine = self._make_engine(f, self.engine)
  File "/usr/local/lib/python3.10/dist-packages/pandas/io/parsers/readers.py", line 1880, in _make_engine
    self.handles = get_handle(
  File "/usr/local/lib/python3.10/dist-packages/pandas/io/common.py", line 873, in get_handle
    handle = open(
FileNotFoundError: [Errno 2] No such file or directory: '/mnt/d/VSCodeWorkspace/stock_realtime_v021_full/saved_data/600584_pipeline_out/01_samples_asof1455/training_samples_asof1455.csv'

[2026-05-30T23:59:34] RUN sector
  /usr/bin/python3 feature_building/build_sector_features.py --samples /mnt/d/VSCodeWorkspace/stock_realtime_v021_full/saved_data/600584_pipeline_out/02_fundamental/training_samples_with_fundamentals.csv --out-dir /mnt/d/VSCodeWorkspace/stock_realtime_v021_full/saved_data/600584_pipeline_out/03_sector --sector-symbol '半导体' --start-date 2018-01-01 --end-date 2026-05-30
Traceback (most recent call last):
  File "/mnt/d/VSCodeWorkspace/stock_realtime_v021_full/feature_building/build_sector_features.py", line 133, in <module>
    main()
  File "/mnt/d/VSCodeWorkspace/stock_realtime_v021_full/feature_building/build_sector_features.py", line 97, in main
    samples = pd.read_csv(args.samples, parse_dates=["date"]).sort_values("date")
  File "/usr/local/lib/python3.10/dist-packages/pandas/io/parsers/readers.py", line 1026, in read_csv
    return _read(filepath_or_buffer, kwds)
  File "/usr/local/lib/python3.10/dist-packages/pandas/io/parsers/readers.py", line 620, in _read
    parser = TextFileReader(filepath_or_buffer, **kwds)
  File "/usr/local/lib/python3.10/dist-packages/pandas/io/parsers/readers.py", line 1620, in __init__
    self._engine = self._make_engine(f, self.engine)
  File "/usr/local/lib/python3.10/dist-packages/pandas/io/parsers/readers.py", line 1880, in _make_engine
    self.handles = get_handle(
  File "/usr/local/lib/python3.10/dist-packages/pandas/io/common.py", line 873, in get_handle
    handle = open(
FileNotFoundError: [Errno 2] No such file or directory: '/mnt/d/VSCodeWorkspace/stock_realtime_v021_full/saved_data/600584_pipeline_out/02_fundamental/training_samples_with_fundamentals.csv'

[2026-05-30T23:59:35] RUN external_ai_compute
  /usr/bin/python3 feature_building/build_stock_external_features.py --samples /mnt/d/VSCodeWorkspace/stock_realtime_v021_full/saved_data/600584_pipeline_out/03_sector/training_samples_with_sector.csv --out-dir /mnt/d/VSCodeWorkspace/stock_realtime_v021_full/saved_data/600584_pipeline_out/04_external/ai_compute --profile ai_compute --target-symbol 600584.SH --start-date 2018-01-01 --end-date 2026-05-30 --adjust qfq --domestic-lag-days 0 --future-lag-days 1 --us-lag-days 1 --enable-us-yf
Traceback (most recent call last):
  File "/mnt/d/VSCodeWorkspace/stock_realtime_v021_full/feature_building/build_stock_external_features.py", line 837, in <module>
    main()
  File "/mnt/d/VSCodeWorkspace/stock_realtime_v021_full/feature_building/build_stock_external_features.py", line 757, in main
    samples = pd.read_csv(args.samples, parse_dates=["date"]).sort_values("date")
  File "/usr/local/lib/python3.10/dist-packages/pandas/io/parsers/readers.py", line 1026, in read_csv
    return _read(filepath_or_buffer, kwds)
  File "/usr/local/lib/python3.10/dist-packages/pandas/io/parsers/readers.py", line 620, in _read
    parser = TextFileReader(filepath_or_buffer, **kwds)
  File "/usr/local/lib/python3.10/dist-packages/pandas/io/parsers/readers.py", line 1620, in __init__
    self._engine = self._make_engine(f, self.engine)
  File "/usr/local/lib/python3.10/dist-packages/pandas/io/parsers/readers.py", line 1880, in _make_engine
    self.handles = get_handle(
  File "/usr/local/lib/python3.10/dist-packages/pandas/io/common.py", line 873, in get_handle
    handle = open(
FileNotFoundError: [Errno 2] No such file or directory: '/mnt/d/VSCodeWorkspace/stock_realtime_v021_full/saved_data/600584_pipeline_out/03_sector/training_samples_with_sector.csv'
[INFO] final samples for search: /mnt/d/VSCodeWorkspace/stock_realtime_v021_full/saved_data/600584_pipeline_out/04_external/ai_compute/training_samples_with_ai_compute_external.csv
=== nextday pipeline end: 2026-05-30T23:59:35 status=partial_failed ===
=== nextday pipeline start: 2026-05-31T00:00:12 ===
symbol=600584.SH, out_root=/mnt/d/VSCodeWorkspace/stock_realtime_v021_full/saved_data/600584_pipeline_out

[2026-05-31T00:00:12] RUN update_data
  /usr/bin/python3 bootstrap/ashare_xgb_dual_opportunity_regression_baostock_full_v19_compressed_trading_axis.py --mode update_data --symbol 600584 --benchmark_symbol 000300 --daily_start 2018-01-01 --daily_end 2026-05-30 --intraday_start '2018-01-01 09:30:00' --intraday_end '2026-05-30 15:00:00' --output_dir /mnt/d/VSCodeWorkspace/stock_realtime_v021_full/saved_data/600584_pipeline_out/00_base --cache_mode incremental --feature_cache_mode incremental --adjust qfq
未安装 xgboost。请先执行: pip install -U xgboost
原始错误: ModuleNotFoundError: No module named 'xgboost'

[2026-05-31T00:00:13] RUN samples
  /usr/bin/python3 feature_building/build_nextday_samples_from_baostock.py --daily-features /mnt/d/VSCodeWorkspace/stock_realtime_v021_full/saved_data/600584_pipeline_out/00_base/daily_features.csv --intraday-bars /mnt/d/VSCodeWorkspace/stock_realtime_v021_full/saved_data/600584_pipeline_out/00_base/600584_5m.csv --out-dir /mnt/d/VSCodeWorkspace/stock_realtime_v021_full/saved_data/600584_pipeline_out/01_samples --min-bars 40 --keep-unlabeled-tail
Traceback (most recent call last):
  File "/mnt/d/VSCodeWorkspace/stock_realtime_v021_full/feature_building/build_nextday_samples_from_baostock.py", line 75, in <module>
    main()
  File "/mnt/d/VSCodeWorkspace/stock_realtime_v021_full/feature_building/build_nextday_samples_from_baostock.py", line 61, in main
    samples = build_samples(Path(args.daily_features), Path(args.intraday_bars), args.min_bars, args.keep_unlabeled_tail)
  File "/mnt/d/VSCodeWorkspace/stock_realtime_v021_full/feature_building/build_nextday_samples_from_baostock.py", line 34, in build_samples
    daily = pd.read_csv(daily_features, parse_dates=["date"]).sort_values("date")
  File "/usr/local/lib/python3.10/dist-packages/pandas/io/parsers/readers.py", line 1026, in read_csv
    return _read(filepath_or_buffer, kwds)
  File "/usr/local/lib/python3.10/dist-packages/pandas/io/parsers/readers.py", line 620, in _read
    parser = TextFileReader(filepath_or_buffer, **kwds)
  File "/usr/local/lib/python3.10/dist-packages/pandas/io/parsers/readers.py", line 1620, in __init__
    self._engine = self._make_engine(f, self.engine)
  File "/usr/local/lib/python3.10/dist-packages/pandas/io/parsers/readers.py", line 1880, in _make_engine
    self.handles = get_handle(
  File "/usr/local/lib/python3.10/dist-packages/pandas/io/common.py", line 873, in get_handle
    handle = open(
FileNotFoundError: [Errno 2] No such file or directory: '/mnt/d/VSCodeWorkspace/stock_realtime_v021_full/saved_data/600584_pipeline_out/00_base/daily_features.csv'

[2026-05-31T00:00:13] RUN asof_samples
  /usr/bin/python3 feature_building/build_asof1455_training_samples.py --samples /mnt/d/VSCodeWorkspace/stock_realtime_v021_full/saved_data/600584_pipeline_out/01_samples/training_samples.csv --intraday-bars /mnt/d/VSCodeWorkspace/stock_realtime_v021_full/saved_data/600584_pipeline_out/00_base/600584_5m.csv --out-dir /mnt/d/VSCodeWorkspace/stock_realtime_v021_full/saved_data/600584_pipeline_out/01_samples_asof1455 --cutoff-time 14:55 --min-bars 40
Traceback (most recent call last):
  File "/mnt/d/VSCodeWorkspace/stock_realtime_v021_full/feature_building/build_asof1455_training_samples.py", line 116, in <module>
    main()
  File "/mnt/d/VSCodeWorkspace/stock_realtime_v021_full/feature_building/build_asof1455_training_samples.py", line 100, in main
    df = build_asof_samples(Path(args.samples), Path(args.intraday_bars), args.cutoff_time, args.min_bars)
  File "/mnt/d/VSCodeWorkspace/stock_realtime_v021_full/feature_building/build_asof1455_training_samples.py", line 80, in build_asof_samples
    base = pd.read_csv(samples, parse_dates=["date"]).sort_values("date")
  File "/usr/local/lib/python3.10/dist-packages/pandas/io/parsers/readers.py", line 1026, in read_csv
    return _read(filepath_or_buffer, kwds)
  File "/usr/local/lib/python3.10/dist-packages/pandas/io/parsers/readers.py", line 620, in _read
    parser = TextFileReader(filepath_or_buffer, **kwds)
  File "/usr/local/lib/python3.10/dist-packages/pandas/io/parsers/readers.py", line 1620, in __init__
    self._engine = self._make_engine(f, self.engine)
  File "/usr/local/lib/python3.10/dist-packages/pandas/io/parsers/readers.py", line 1880, in _make_engine
    self.handles = get_handle(
  File "/usr/local/lib/python3.10/dist-packages/pandas/io/common.py", line 873, in get_handle
    handle = open(
FileNotFoundError: [Errno 2] No such file or directory: '/mnt/d/VSCodeWorkspace/stock_realtime_v021_full/saved_data/600584_pipeline_out/01_samples/training_samples.csv'

[2026-05-31T00:00:14] RUN fundamental
  /usr/bin/python3 feature_building/build_fundamental_features.py --symbol 600584.SH --daily-samples /mnt/d/VSCodeWorkspace/stock_realtime_v021_full/saved_data/600584_pipeline_out/01_samples_asof1455/training_samples_asof1455.csv --out-dir /mnt/d/VSCodeWorkspace/stock_realtime_v021_full/saved_data/600584_pipeline_out/02_fundamental --start-date 2018-01-01 --end-date 2026-05-30 --fallback-lag-days 120 --skip-akshare
Traceback (most recent call last):
  File "/mnt/d/VSCodeWorkspace/stock_realtime_v021_full/feature_building/build_fundamental_features.py", line 373, in <module>
    main()
  File "/mnt/d/VSCodeWorkspace/stock_realtime_v021_full/feature_building/build_fundamental_features.py", line 313, in main
    samples = pd.read_csv(args.daily_samples, parse_dates=["date"]).sort_values("date")
  File "/usr/local/lib/python3.10/dist-packages/pandas/io/parsers/readers.py", line 1026, in read_csv
    return _read(filepath_or_buffer, kwds)
  File "/usr/local/lib/python3.10/dist-packages/pandas/io/parsers/readers.py", line 620, in _read
    parser = TextFileReader(filepath_or_buffer, **kwds)
  File "/usr/local/lib/python3.10/dist-packages/pandas/io/parsers/readers.py", line 1620, in __init__
    self._engine = self._make_engine(f, self.engine)
  File "/usr/local/lib/python3.10/dist-packages/pandas/io/parsers/readers.py", line 1880, in _make_engine
    self.handles = get_handle(
  File "/usr/local/lib/python3.10/dist-packages/pandas/io/common.py", line 873, in get_handle
    handle = open(
FileNotFoundError: [Errno 2] No such file or directory: '/mnt/d/VSCodeWorkspace/stock_realtime_v021_full/saved_data/600584_pipeline_out/01_samples_asof1455/training_samples_asof1455.csv'

[2026-05-31T00:00:15] RUN sector
  /usr/bin/python3 feature_building/build_sector_features.py --samples /mnt/d/VSCodeWorkspace/stock_realtime_v021_full/saved_data/600584_pipeline_out/02_fundamental/training_samples_with_fundamentals.csv --out-dir /mnt/d/VSCodeWorkspace/stock_realtime_v021_full/saved_data/600584_pipeline_out/03_sector --sector-symbol '半导体' --start-date 2018-01-01 --end-date 2026-05-30
Traceback (most recent call last):
  File "/mnt/d/VSCodeWorkspace/stock_realtime_v021_full/feature_building/build_sector_features.py", line 133, in <module>
    main()
  File "/mnt/d/VSCodeWorkspace/stock_realtime_v021_full/feature_building/build_sector_features.py", line 97, in main
    samples = pd.read_csv(args.samples, parse_dates=["date"]).sort_values("date")
  File "/usr/local/lib/python3.10/dist-packages/pandas/io/parsers/readers.py", line 1026, in read_csv
    return _read(filepath_or_buffer, kwds)
  File "/usr/local/lib/python3.10/dist-packages/pandas/io/parsers/readers.py", line 620, in _read
    parser = TextFileReader(filepath_or_buffer, **kwds)
  File "/usr/local/lib/python3.10/dist-packages/pandas/io/parsers/readers.py", line 1620, in __init__
    self._engine = self._make_engine(f, self.engine)
  File "/usr/local/lib/python3.10/dist-packages/pandas/io/parsers/readers.py", line 1880, in _make_engine
    self.handles = get_handle(
  File "/usr/local/lib/python3.10/dist-packages/pandas/io/common.py", line 873, in get_handle
    handle = open(
FileNotFoundError: [Errno 2] No such file or directory: '/mnt/d/VSCodeWorkspace/stock_realtime_v021_full/saved_data/600584_pipeline_out/02_fundamental/training_samples_with_fundamentals.csv'

[2026-05-31T00:00:15] RUN external_ai_compute
  /usr/bin/python3 feature_building/build_stock_external_features.py --samples /mnt/d/VSCodeWorkspace/stock_realtime_v021_full/saved_data/600584_pipeline_out/03_sector/training_samples_with_sector.csv --out-dir /mnt/d/VSCodeWorkspace/stock_realtime_v021_full/saved_data/600584_pipeline_out/04_external/ai_compute --profile ai_compute --target-symbol 600584.SH --start-date 2018-01-01 --end-date 2026-05-30 --adjust qfq --domestic-lag-days 0 --future-lag-days 1 --us-lag-days 1 --enable-us-yf
Traceback (most recent call last):
  File "/mnt/d/VSCodeWorkspace/stock_realtime_v021_full/feature_building/build_stock_external_features.py", line 837, in <module>
    main()
  File "/mnt/d/VSCodeWorkspace/stock_realtime_v021_full/feature_building/build_stock_external_features.py", line 757, in main
    samples = pd.read_csv(args.samples, parse_dates=["date"]).sort_values("date")
  File "/usr/local/lib/python3.10/dist-packages/pandas/io/parsers/readers.py", line 1026, in read_csv
    return _read(filepath_or_buffer, kwds)
  File "/usr/local/lib/python3.10/dist-packages/pandas/io/parsers/readers.py", line 620, in _read
    parser = TextFileReader(filepath_or_buffer, **kwds)
  File "/usr/local/lib/python3.10/dist-packages/pandas/io/parsers/readers.py", line 1620, in __init__
    self._engine = self._make_engine(f, self.engine)
  File "/usr/local/lib/python3.10/dist-packages/pandas/io/parsers/readers.py", line 1880, in _make_engine
    self.handles = get_handle(
  File "/usr/local/lib/python3.10/dist-packages/pandas/io/common.py", line 873, in get_handle
    handle = open(
FileNotFoundError: [Errno 2] No such file or directory: '/mnt/d/VSCodeWorkspace/stock_realtime_v021_full/saved_data/600584_pipeline_out/03_sector/training_samples_with_sector.csv'
[INFO] final samples for search: /mnt/d/VSCodeWorkspace/stock_realtime_v021_full/saved_data/600584_pipeline_out/04_external/ai_compute/training_samples_with_ai_compute_external.csv
=== nextday pipeline end: 2026-05-31T00:00:16 status=partial_failed ===
=== nextday pipeline start: 2026-05-31T00:02:54 ===
symbol=600584.SH, out_root=/mnt/d/VSCodeWorkspace/stock_realtime_v021_full/saved_data/600584_pipeline_out

[2026-05-31T00:02:54] RUN update_data
  /usr/bin/python3 bootstrap/ashare_xgb_dual_opportunity_regression_baostock_full_v19_compressed_trading_axis.py --mode update_data --symbol 600584 --benchmark_symbol 000300 --daily_start 2018-01-01 --daily_end 2026-05-31 --intraday_start '2018-01-01 09:30:00' --intraday_end '2026-05-31 15:00:00' --output_dir /mnt/d/VSCodeWorkspace/stock_realtime_v021_full/saved_data/600584_pipeline_out/00_base --cache_mode incremental --feature_cache_mode incremental --adjust qfq
未安装 xgboost。请先执行: pip install -U xgboost
原始错误: ModuleNotFoundError: No module named 'xgboost'

[2026-05-31T00:02:55] RUN samples
  /usr/bin/python3 feature_building/build_nextday_samples_from_baostock.py --daily-features /mnt/d/VSCodeWorkspace/stock_realtime_v021_full/saved_data/600584_pipeline_out/00_base/daily_features.csv --intraday-bars /mnt/d/VSCodeWorkspace/stock_realtime_v021_full/saved_data/600584_pipeline_out/00_base/600584_5m.csv --out-dir /mnt/d/VSCodeWorkspace/stock_realtime_v021_full/saved_data/600584_pipeline_out/01_samples --min-bars 40 --keep-unlabeled-tail
Traceback (most recent call last):
  File "/mnt/d/VSCodeWorkspace/stock_realtime_v021_full/feature_building/build_nextday_samples_from_baostock.py", line 75, in <module>
    main()
  File "/mnt/d/VSCodeWorkspace/stock_realtime_v021_full/feature_building/build_nextday_samples_from_baostock.py", line 61, in main
    samples = build_samples(Path(args.daily_features), Path(args.intraday_bars), args.min_bars, args.keep_unlabeled_tail)
  File "/mnt/d/VSCodeWorkspace/stock_realtime_v021_full/feature_building/build_nextday_samples_from_baostock.py", line 34, in build_samples
    daily = pd.read_csv(daily_features, parse_dates=["date"]).sort_values("date")
  File "/usr/local/lib/python3.10/dist-packages/pandas/io/parsers/readers.py", line 1026, in read_csv
    return _read(filepath_or_buffer, kwds)
  File "/usr/local/lib/python3.10/dist-packages/pandas/io/parsers/readers.py", line 620, in _read
    parser = TextFileReader(filepath_or_buffer, **kwds)
  File "/usr/local/lib/python3.10/dist-packages/pandas/io/parsers/readers.py", line 1620, in __init__
    self._engine = self._make_engine(f, self.engine)
  File "/usr/local/lib/python3.10/dist-packages/pandas/io/parsers/readers.py", line 1880, in _make_engine
    self.handles = get_handle(
  File "/usr/local/lib/python3.10/dist-packages/pandas/io/common.py", line 873, in get_handle
    handle = open(
FileNotFoundError: [Errno 2] No such file or directory: '/mnt/d/VSCodeWorkspace/stock_realtime_v021_full/saved_data/600584_pipeline_out/00_base/daily_features.csv'

[2026-05-31T00:02:55] RUN asof_samples
  /usr/bin/python3 feature_building/build_asof1455_training_samples.py --samples /mnt/d/VSCodeWorkspace/stock_realtime_v021_full/saved_data/600584_pipeline_out/01_samples/training_samples.csv --intraday-bars /mnt/d/VSCodeWorkspace/stock_realtime_v021_full/saved_data/600584_pipeline_out/00_base/600584_5m.csv --out-dir /mnt/d/VSCodeWorkspace/stock_realtime_v021_full/saved_data/600584_pipeline_out/01_samples_asof1455 --cutoff-time 14:55 --min-bars 40
Traceback (most recent call last):
  File "/mnt/d/VSCodeWorkspace/stock_realtime_v021_full/feature_building/build_asof1455_training_samples.py", line 116, in <module>
    main()
  File "/mnt/d/VSCodeWorkspace/stock_realtime_v021_full/feature_building/build_asof1455_training_samples.py", line 100, in main
    df = build_asof_samples(Path(args.samples), Path(args.intraday_bars), args.cutoff_time, args.min_bars)
  File "/mnt/d/VSCodeWorkspace/stock_realtime_v021_full/feature_building/build_asof1455_training_samples.py", line 80, in build_asof_samples
    base = pd.read_csv(samples, parse_dates=["date"]).sort_values("date")
  File "/usr/local/lib/python3.10/dist-packages/pandas/io/parsers/readers.py", line 1026, in read_csv
    return _read(filepath_or_buffer, kwds)
  File "/usr/local/lib/python3.10/dist-packages/pandas/io/parsers/readers.py", line 620, in _read
    parser = TextFileReader(filepath_or_buffer, **kwds)
  File "/usr/local/lib/python3.10/dist-packages/pandas/io/parsers/readers.py", line 1620, in __init__
    self._engine = self._make_engine(f, self.engine)
  File "/usr/local/lib/python3.10/dist-packages/pandas/io/parsers/readers.py", line 1880, in _make_engine
    self.handles = get_handle(
  File "/usr/local/lib/python3.10/dist-packages/pandas/io/common.py", line 873, in get_handle
    handle = open(
FileNotFoundError: [Errno 2] No such file or directory: '/mnt/d/VSCodeWorkspace/stock_realtime_v021_full/saved_data/600584_pipeline_out/01_samples/training_samples.csv'

[2026-05-31T00:02:56] RUN fundamental
  /usr/bin/python3 feature_building/build_fundamental_features.py --symbol 600584.SH --daily-samples /mnt/d/VSCodeWorkspace/stock_realtime_v021_full/saved_data/600584_pipeline_out/01_samples_asof1455/training_samples_asof1455.csv --out-dir /mnt/d/VSCodeWorkspace/stock_realtime_v021_full/saved_data/600584_pipeline_out/02_fundamental --start-date 2018-01-01 --end-date 2026-05-31 --fallback-lag-days 120 --skip-akshare
Traceback (most recent call last):
  File "/mnt/d/VSCodeWorkspace/stock_realtime_v021_full/feature_building/build_fundamental_features.py", line 373, in <module>
    main()
  File "/mnt/d/VSCodeWorkspace/stock_realtime_v021_full/feature_building/build_fundamental_features.py", line 313, in main
    samples = pd.read_csv(args.daily_samples, parse_dates=["date"]).sort_values("date")
  File "/usr/local/lib/python3.10/dist-packages/pandas/io/parsers/readers.py", line 1026, in read_csv
    return _read(filepath_or_buffer, kwds)
  File "/usr/local/lib/python3.10/dist-packages/pandas/io/parsers/readers.py", line 620, in _read
    parser = TextFileReader(filepath_or_buffer, **kwds)
  File "/usr/local/lib/python3.10/dist-packages/pandas/io/parsers/readers.py", line 1620, in __init__
    self._engine = self._make_engine(f, self.engine)
  File "/usr/local/lib/python3.10/dist-packages/pandas/io/parsers/readers.py", line 1880, in _make_engine
    self.handles = get_handle(
  File "/usr/local/lib/python3.10/dist-packages/pandas/io/common.py", line 873, in get_handle
    handle = open(
FileNotFoundError: [Errno 2] No such file or directory: '/mnt/d/VSCodeWorkspace/stock_realtime_v021_full/saved_data/600584_pipeline_out/01_samples_asof1455/training_samples_asof1455.csv'

[2026-05-31T00:02:56] RUN sector
  /usr/bin/python3 feature_building/build_sector_features.py --samples /mnt/d/VSCodeWorkspace/stock_realtime_v021_full/saved_data/600584_pipeline_out/02_fundamental/training_samples_with_fundamentals.csv --out-dir /mnt/d/VSCodeWorkspace/stock_realtime_v021_full/saved_data/600584_pipeline_out/03_sector --sector-symbol '半导体' --start-date 2018-01-01 --end-date 2026-05-31
Traceback (most recent call last):
  File "/mnt/d/VSCodeWorkspace/stock_realtime_v021_full/feature_building/build_sector_features.py", line 133, in <module>
    main()
  File "/mnt/d/VSCodeWorkspace/stock_realtime_v021_full/feature_building/build_sector_features.py", line 97, in main
    samples = pd.read_csv(args.samples, parse_dates=["date"]).sort_values("date")
  File "/usr/local/lib/python3.10/dist-packages/pandas/io/parsers/readers.py", line 1026, in read_csv
    return _read(filepath_or_buffer, kwds)
  File "/usr/local/lib/python3.10/dist-packages/pandas/io/parsers/readers.py", line 620, in _read
    parser = TextFileReader(filepath_or_buffer, **kwds)
  File "/usr/local/lib/python3.10/dist-packages/pandas/io/parsers/readers.py", line 1620, in __init__
    self._engine = self._make_engine(f, self.engine)
  File "/usr/local/lib/python3.10/dist-packages/pandas/io/parsers/readers.py", line 1880, in _make_engine
    self.handles = get_handle(
  File "/usr/local/lib/python3.10/dist-packages/pandas/io/common.py", line 873, in get_handle
    handle = open(
FileNotFoundError: [Errno 2] No such file or directory: '/mnt/d/VSCodeWorkspace/stock_realtime_v021_full/saved_data/600584_pipeline_out/02_fundamental/training_samples_with_fundamentals.csv'

[2026-05-31T00:02:57] RUN external_ai_compute
  /usr/bin/python3 feature_building/build_stock_external_features.py --samples /mnt/d/VSCodeWorkspace/stock_realtime_v021_full/saved_data/600584_pipeline_out/03_sector/training_samples_with_sector.csv --out-dir /mnt/d/VSCodeWorkspace/stock_realtime_v021_full/saved_data/600584_pipeline_out/04_external/ai_compute --profile ai_compute --target-symbol 600584.SH --start-date 2018-01-01 --end-date 2026-05-31 --adjust qfq --domestic-lag-days 0 --future-lag-days 1 --us-lag-days 1 --enable-us-yf
Traceback (most recent call last):
  File "/mnt/d/VSCodeWorkspace/stock_realtime_v021_full/feature_building/build_stock_external_features.py", line 837, in <module>
    main()
  File "/mnt/d/VSCodeWorkspace/stock_realtime_v021_full/feature_building/build_stock_external_features.py", line 757, in main
    samples = pd.read_csv(args.samples, parse_dates=["date"]).sort_values("date")
  File "/usr/local/lib/python3.10/dist-packages/pandas/io/parsers/readers.py", line 1026, in read_csv
    return _read(filepath_or_buffer, kwds)
  File "/usr/local/lib/python3.10/dist-packages/pandas/io/parsers/readers.py", line 620, in _read
    parser = TextFileReader(filepath_or_buffer, **kwds)
  File "/usr/local/lib/python3.10/dist-packages/pandas/io/parsers/readers.py", line 1620, in __init__
    self._engine = self._make_engine(f, self.engine)
  File "/usr/local/lib/python3.10/dist-packages/pandas/io/parsers/readers.py", line 1880, in _make_engine
    self.handles = get_handle(
  File "/usr/local/lib/python3.10/dist-packages/pandas/io/common.py", line 873, in get_handle
    handle = open(
FileNotFoundError: [Errno 2] No such file or directory: '/mnt/d/VSCodeWorkspace/stock_realtime_v021_full/saved_data/600584_pipeline_out/03_sector/training_samples_with_sector.csv'
[INFO] final samples for search: /mnt/d/VSCodeWorkspace/stock_realtime_v021_full/saved_data/600584_pipeline_out/04_external/ai_compute/training_samples_with_ai_compute_external.csv
=== nextday pipeline end: 2026-05-31T00:02:57 status=partial_failed ===
=== nextday pipeline start: 2026-05-31T00:22:10 ===
symbol=600584.SH, out_root=/mnt/d/VSCodeWorkspace/stock_realtime_v021_full/saved_data/600584_pipeline_out

[2026-05-31T00:22:10] RUN update_data
  /usr/bin/python3 bootstrap/ashare_xgb_dual_opportunity_regression_baostock_full_v19_compressed_trading_axis.py --mode update_data --symbol 600584 --benchmark_symbol 000300 --daily_start 2018-01-01 --daily_end 2026-05-31 --intraday_start '2018-01-01 09:30:00' --intraday_end '2026-05-31 15:00:00' --output_dir /mnt/d/VSCodeWorkspace/stock_realtime_v021_full/saved_data/600584_pipeline_out/00_base --cache_mode incremental --feature_cache_mode incremental --adjust qfq
未安装 xgboost。请先执行: pip install -U xgboost
原始错误: ModuleNotFoundError: No module named 'xgboost'

[2026-05-31T00:22:11] RUN samples
  /usr/bin/python3 feature_building/build_nextday_samples_from_baostock.py --daily-features /mnt/d/VSCodeWorkspace/stock_realtime_v021_full/saved_data/600584_pipeline_out/00_base/daily_features.csv --intraday-bars /mnt/d/VSCodeWorkspace/stock_realtime_v021_full/saved_data/600584_pipeline_out/00_base/600584_5m.csv --out-dir /mnt/d/VSCodeWorkspace/stock_realtime_v021_full/saved_data/600584_pipeline_out/01_samples --min-bars 40 --keep-unlabeled-tail
Traceback (most recent call last):
  File "/mnt/d/VSCodeWorkspace/stock_realtime_v021_full/feature_building/build_nextday_samples_from_baostock.py", line 75, in <module>
    main()
  File "/mnt/d/VSCodeWorkspace/stock_realtime_v021_full/feature_building/build_nextday_samples_from_baostock.py", line 61, in main
    samples = build_samples(Path(args.daily_features), Path(args.intraday_bars), args.min_bars, args.keep_unlabeled_tail)
  File "/mnt/d/VSCodeWorkspace/stock_realtime_v021_full/feature_building/build_nextday_samples_from_baostock.py", line 34, in build_samples
    daily = pd.read_csv(daily_features, parse_dates=["date"]).sort_values("date")
  File "/usr/local/lib/python3.10/dist-packages/pandas/io/parsers/readers.py", line 1026, in read_csv
    return _read(filepath_or_buffer, kwds)
  File "/usr/local/lib/python3.10/dist-packages/pandas/io/parsers/readers.py", line 620, in _read
    parser = TextFileReader(filepath_or_buffer, **kwds)
  File "/usr/local/lib/python3.10/dist-packages/pandas/io/parsers/readers.py", line 1620, in __init__
    self._engine = self._make_engine(f, self.engine)
  File "/usr/local/lib/python3.10/dist-packages/pandas/io/parsers/readers.py", line 1880, in _make_engine
    self.handles = get_handle(
  File "/usr/local/lib/python3.10/dist-packages/pandas/io/common.py", line 873, in get_handle
    handle = open(
FileNotFoundError: [Errno 2] No such file or directory: '/mnt/d/VSCodeWorkspace/stock_realtime_v021_full/saved_data/600584_pipeline_out/00_base/daily_features.csv'

[2026-05-31T00:22:11] RUN asof_samples
  /usr/bin/python3 feature_building/build_asof1455_training_samples.py --samples /mnt/d/VSCodeWorkspace/stock_realtime_v021_full/saved_data/600584_pipeline_out/01_samples/training_samples.csv --intraday-bars /mnt/d/VSCodeWorkspace/stock_realtime_v021_full/saved_data/600584_pipeline_out/00_base/600584_5m.csv --out-dir /mnt/d/VSCodeWorkspace/stock_realtime_v021_full/saved_data/600584_pipeline_out/01_samples_asof1455 --cutoff-time 14:55 --min-bars 40
Traceback (most recent call last):
  File "/mnt/d/VSCodeWorkspace/stock_realtime_v021_full/feature_building/build_asof1455_training_samples.py", line 116, in <module>
    main()
  File "/mnt/d/VSCodeWorkspace/stock_realtime_v021_full/feature_building/build_asof1455_training_samples.py", line 100, in main
    df = build_asof_samples(Path(args.samples), Path(args.intraday_bars), args.cutoff_time, args.min_bars)
  File "/mnt/d/VSCodeWorkspace/stock_realtime_v021_full/feature_building/build_asof1455_training_samples.py", line 80, in build_asof_samples
    base = pd.read_csv(samples, parse_dates=["date"]).sort_values("date")
  File "/usr/local/lib/python3.10/dist-packages/pandas/io/parsers/readers.py", line 1026, in read_csv
    return _read(filepath_or_buffer, kwds)
  File "/usr/local/lib/python3.10/dist-packages/pandas/io/parsers/readers.py", line 620, in _read
    parser = TextFileReader(filepath_or_buffer, **kwds)
  File "/usr/local/lib/python3.10/dist-packages/pandas/io/parsers/readers.py", line 1620, in __init__
    self._engine = self._make_engine(f, self.engine)
  File "/usr/local/lib/python3.10/dist-packages/pandas/io/parsers/readers.py", line 1880, in _make_engine
    self.handles = get_handle(
  File "/usr/local/lib/python3.10/dist-packages/pandas/io/common.py", line 873, in get_handle
    handle = open(
FileNotFoundError: [Errno 2] No such file or directory: '/mnt/d/VSCodeWorkspace/stock_realtime_v021_full/saved_data/600584_pipeline_out/01_samples/training_samples.csv'

[2026-05-31T00:22:12] RUN fundamental
  /usr/bin/python3 feature_building/build_fundamental_features.py --symbol 600584.SH --daily-samples /mnt/d/VSCodeWorkspace/stock_realtime_v021_full/saved_data/600584_pipeline_out/01_samples_asof1455/training_samples_asof1455.csv --out-dir /mnt/d/VSCodeWorkspace/stock_realtime_v021_full/saved_data/600584_pipeline_out/02_fundamental --start-date 2018-01-01 --end-date 2026-05-31 --fallback-lag-days 120 --skip-akshare
Traceback (most recent call last):
  File "/mnt/d/VSCodeWorkspace/stock_realtime_v021_full/feature_building/build_fundamental_features.py", line 373, in <module>
    main()
  File "/mnt/d/VSCodeWorkspace/stock_realtime_v021_full/feature_building/build_fundamental_features.py", line 313, in main
    samples = pd.read_csv(args.daily_samples, parse_dates=["date"]).sort_values("date")
  File "/usr/local/lib/python3.10/dist-packages/pandas/io/parsers/readers.py", line 1026, in read_csv
    return _read(filepath_or_buffer, kwds)
  File "/usr/local/lib/python3.10/dist-packages/pandas/io/parsers/readers.py", line 620, in _read
    parser = TextFileReader(filepath_or_buffer, **kwds)
  File "/usr/local/lib/python3.10/dist-packages/pandas/io/parsers/readers.py", line 1620, in __init__
    self._engine = self._make_engine(f, self.engine)
  File "/usr/local/lib/python3.10/dist-packages/pandas/io/parsers/readers.py", line 1880, in _make_engine
    self.handles = get_handle(
  File "/usr/local/lib/python3.10/dist-packages/pandas/io/common.py", line 873, in get_handle
    handle = open(
FileNotFoundError: [Errno 2] No such file or directory: '/mnt/d/VSCodeWorkspace/stock_realtime_v021_full/saved_data/600584_pipeline_out/01_samples_asof1455/training_samples_asof1455.csv'

[2026-05-31T00:22:13] RUN sector
  /usr/bin/python3 feature_building/build_sector_features.py --samples /mnt/d/VSCodeWorkspace/stock_realtime_v021_full/saved_data/600584_pipeline_out/02_fundamental/training_samples_with_fundamentals.csv --out-dir /mnt/d/VSCodeWorkspace/stock_realtime_v021_full/saved_data/600584_pipeline_out/03_sector --sector-symbol '半导体' --start-date 2018-01-01 --end-date 2026-05-31
Traceback (most recent call last):
  File "/mnt/d/VSCodeWorkspace/stock_realtime_v021_full/feature_building/build_sector_features.py", line 133, in <module>
    main()
  File "/mnt/d/VSCodeWorkspace/stock_realtime_v021_full/feature_building/build_sector_features.py", line 97, in main
    samples = pd.read_csv(args.samples, parse_dates=["date"]).sort_values("date")
  File "/usr/local/lib/python3.10/dist-packages/pandas/io/parsers/readers.py", line 1026, in read_csv
    return _read(filepath_or_buffer, kwds)
  File "/usr/local/lib/python3.10/dist-packages/pandas/io/parsers/readers.py", line 620, in _read
    parser = TextFileReader(filepath_or_buffer, **kwds)
  File "/usr/local/lib/python3.10/dist-packages/pandas/io/parsers/readers.py", line 1620, in __init__
    self._engine = self._make_engine(f, self.engine)
  File "/usr/local/lib/python3.10/dist-packages/pandas/io/parsers/readers.py", line 1880, in _make_engine
    self.handles = get_handle(
  File "/usr/local/lib/python3.10/dist-packages/pandas/io/common.py", line 873, in get_handle
    handle = open(
FileNotFoundError: [Errno 2] No such file or directory: '/mnt/d/VSCodeWorkspace/stock_realtime_v021_full/saved_data/600584_pipeline_out/02_fundamental/training_samples_with_fundamentals.csv'

[2026-05-31T00:22:14] RUN external_ai_compute
  /usr/bin/python3 feature_building/build_stock_external_features.py --samples /mnt/d/VSCodeWorkspace/stock_realtime_v021_full/saved_data/600584_pipeline_out/03_sector/training_samples_with_sector.csv --out-dir /mnt/d/VSCodeWorkspace/stock_realtime_v021_full/saved_data/600584_pipeline_out/04_external/ai_compute --profile ai_compute --target-symbol 600584.SH --start-date 2018-01-01 --end-date 2026-05-31 --adjust qfq --domestic-lag-days 0 --future-lag-days 1 --us-lag-days 1 --enable-us-yf
Traceback (most recent call last):
  File "/mnt/d/VSCodeWorkspace/stock_realtime_v021_full/feature_building/build_stock_external_features.py", line 837, in <module>
    main()
  File "/mnt/d/VSCodeWorkspace/stock_realtime_v021_full/feature_building/build_stock_external_features.py", line 757, in main
    samples = pd.read_csv(args.samples, parse_dates=["date"]).sort_values("date")
  File "/usr/local/lib/python3.10/dist-packages/pandas/io/parsers/readers.py", line 1026, in read_csv
    return _read(filepath_or_buffer, kwds)
  File "/usr/local/lib/python3.10/dist-packages/pandas/io/parsers/readers.py", line 620, in _read
    parser = TextFileReader(filepath_or_buffer, **kwds)
  File "/usr/local/lib/python3.10/dist-packages/pandas/io/parsers/readers.py", line 1620, in __init__
    self._engine = self._make_engine(f, self.engine)
  File "/usr/local/lib/python3.10/dist-packages/pandas/io/parsers/readers.py", line 1880, in _make_engine
    self.handles = get_handle(
  File "/usr/local/lib/python3.10/dist-packages/pandas/io/common.py", line 873, in get_handle
    handle = open(
FileNotFoundError: [Errno 2] No such file or directory: '/mnt/d/VSCodeWorkspace/stock_realtime_v021_full/saved_data/600584_pipeline_out/03_sector/training_samples_with_sector.csv'
[INFO] final samples for search: /mnt/d/VSCodeWorkspace/stock_realtime_v021_full/saved_data/600584_pipeline_out/04_external/ai_compute/training_samples_with_ai_compute_external.csv
=== nextday pipeline end: 2026-05-31T00:22:14 status=partial_failed ===
=== nextday pipeline start: 2026-05-31T02:43:13 ===
symbol=600584.SH, out_root=/root/stock_realtime_v021_full/saved_data/600584_pipeline_out

[2026-05-31T02:43:13] RUN update_data
  /usr/bin/python3 bootstrap/ashare_xgb_dual_opportunity_regression_baostock_full_v19_compressed_trading_axis.py --mode update_data --symbol 600584 --benchmark_symbol 000300 --daily_start 2018-01-01 --daily_end 2026-05-31 --intraday_start '2018-01-01 09:30:00' --intraday_end '2026-05-31 15:00:00' --output_dir /root/stock_realtime_v021_full/saved_data/600584_pipeline_out/00_base --cache_mode incremental --feature_cache_mode incremental --adjust qfq
/root/stock_realtime_v021_full/bootstrap/ashare_fetch_and_train_xgb_sell_signal_baostock_state_cache_helper_fix2.py:246: FutureWarning: The behavior of DataFrame concatenation with empty or all-NA entries is deprecated. In a future version, this will no longer exclude empty or all-NA columns when determining the result dtypes. To retain the old behavior, exclude the relevant entries before the concat operation.
  merged = _normalize_daily_df(pd.concat([df_old, df_new], axis=0, ignore_index=True))
/root/stock_realtime_v021_full/bootstrap/ashare_fetch_and_train_xgb_sell_signal_baostock_state_cache_helper_fix2.py:248: FutureWarning: The behavior of DataFrame concatenation with empty or all-NA entries is deprecated. In a future version, this will no longer exclude empty or all-NA columns when determining the result dtypes. To retain the old behavior, exclude the relevant entries before the concat operation.
  merged = _normalize_intraday_df(pd.concat([df_old, df_new], axis=0, ignore_index=True))
/root/stock_realtime_v021_full/bootstrap/ashare_fetch_and_train_xgb_sell_signal_baostock_state_cache_helper_fix2.py:254: FutureWarning: The behavior of DataFrame concatenation with empty or all-NA entries is deprecated. In a future version, this will no longer exclude empty or all-NA columns when determining the result dtypes. To retain the old behavior, exclude the relevant entries before the concat operation.
  merged = _normalize_bench_df(pd.concat([df_old, df_new], axis=0, ignore_index=True))
/root/stock_realtime_v021_full/bootstrap/ashare_fetch_and_train_xgb_sell_signal_baostock_state_cache_helper_fix2.py:250: FutureWarning: The behavior of DataFrame concatenation with empty or all-NA entries is deprecated. In a future version, this will no longer exclude empty or all-NA columns when determining the result dtypes. To retain the old behavior, exclude the relevant entries before the concat operation.
  merged = _normalize_daily_feature_df(pd.concat([df_old, df_new], axis=0, ignore_index=True))
/root/stock_realtime_v021_full/bootstrap/ashare_fetch_and_train_xgb_sell_signal_baostock_state_cache_helper_fix2.py:252: FutureWarning: The behavior of DataFrame concatenation with empty or all-NA entries is deprecated. In a future version, this will no longer exclude empty or all-NA columns when determining the result dtypes. To retain the old behavior, exclude the relevant entries before the concat operation.
  merged = _normalize_intraday_feature_df(pd.concat([df_old, df_new], axis=0, ignore_index=True))
login success!
logout success!
login success!
logout success!
login success!
logout success!
{
  "mode": "update_data",
  "symbol": "600584",
  "data_source": "baostock",
  "daily_rows": 2037,
  "intraday_rows": 74400,
  "daily_min": "2018-01-02 00:00:00",
  "daily_max": "2026-05-29 00:00:00",
  "intraday_min": "2020-01-02 09:35:00",
  "intraday_max": "2026-05-29 15:00:00",
  "base_paths": {
    "daily_csv": "/root/stock_realtime_v021_full/saved_data/600584_pipeline_out/00_base/600584_daily.csv",
    "intraday_csv": "/root/stock_realtime_v021_full/saved_data/600584_pipeline_out/00_base/600584_5m.csv",
    "benchmark_csv": "/root/stock_realtime_v021_full/saved_data/600584_pipeline_out/00_base/000300_benchmark_daily.csv",
    "raw_daily_cache_csv": "/root/stock_realtime_v021_full/saved_data/600584_pipeline_out/00_base/raw_cache/600584_daily_raw.csv",
    "raw_intraday_cache_csv": "/root/stock_realtime_v021_full/saved_data/600584_pipeline_out/00_base/raw_cache/600584_5m_raw.csv",
    "raw_benchmark_cache_csv": "/root/stock_realtime_v021_full/saved_data/600584_pipeline_out/00_base/raw_cache/000300_benchmark_daily_raw.csv",
    "daily_features_csv": "/root/stock_realtime_v021_full/saved_data/600584_pipeline_out/00_base/daily_features.csv",
    "intraday_features_csv": "/root/stock_realtime_v021_full/saved_data/600584_pipeline_out/00_base/intraday_features.csv",
    "daily_features_cache_csv": "/root/stock_realtime_v021_full/saved_data/600584_pipeline_out/00_base/feature_cache/daily_features_cache.csv",
    "intraday_features_cache_csv": "/root/stock_realtime_v021_full/saved_data/600584_pipeline_out/00_base/feature_cache/intraday_features_cache.csv",
    "feature_state_json": "/root/stock_realtime_v021_full/saved_data/600584_pipeline_out/00_base/feature_cache/feature_state.json"
  },
  "fetch_logs": {
    "symbol": "600584",
    "benchmark_symbol": "000300",
    "daily_start": "2018-01-01",
    "daily_end": "2026-05-31",
    "intraday_start": "2018-01-01 09:30:00",
    "intraday_end": "2026-05-31 15:00:00",
    "perf_start": "2018-01-01",
    "data_source": "baostock",
    "cache_mode": "incremental",
    "force_refresh": false,
    "raw_cache_dir": "/root/stock_realtime_v021_full/saved_data/600584_pipeline_out/00_base/raw_cache",
    "feature_cache_dir": "/root/stock_realtime_v021_full/saved_data/600584_pipeline_out/00_base/feature_cache",
    "feature_cache_mode": "incremental",
    "daily": {
      "cache_path": "/root/stock_realtime_v021_full/saved_data/600584_pipeline_out/00_base/raw_cache/600584_daily_raw.csv",
      "requested_start": "2018-01-01",
      "requested_end": "2026-05-31",
      "mode": "initial_fetch",
      "fetch_segments": [
        {
          "provider": "baostock",
          "code": "sh.600584",
          "adjustflag": "2",
          "rows": 2037,
          "start": "2018-01-01",
          "end": "2026-05-31"
        }
      ],
      "cache_after": {
        "rows": 2037,
        "min": "2018-01-02 00:00:00",
        "max": "2026-05-29 00:00:00"
      }
    },
    "intraday_5m": {
      "cache_path": "/root/stock_realtime_v021_full/saved_data/600584_pipeline_out/00_base/raw_cache/600584_5m_raw.csv",
      "requested_start": "2018-01-01 09:30:00",
      "requested_end": "2026-05-31 15:00:00",
      "mode": "initial_fetch",
      "fetch_segments": [
        {
          "provider": "baostock",
          "code": "sh.600584",
          "adjustflag": "2",
          "requested_start": "2018-01-01 09:30:00",
          "effective_start": "2018-01-01 09:30:00",
          "requested_end": "2026-05-31 15:00:00",
          "rows": 74400
        }
      ],
      "cache_after": {
        "rows": 74400,
        "min": "2020-01-02 09:35:00",
        "max": "2026-05-29 15:00:00"
      }
    },
    "benchmark_daily": {
      "cache_path": "/root/stock_realtime_v021_full/saved_data/600584_pipeline_out/00_base/raw_cache/000300_benchmark_daily_raw.csv",
      "requested_start": "2018-01-01",
      "requested_end": "2026-05-31",
      "mode": "initial_fetch",
      "fetch_segments": [
        {
          "provider": "baostock",
          "code": "sh.000300",
          "rows": 2037,
          "start": "2018-01-01",
          "end": "2026-05-31"
        }
      ],
      "cache_after": {
        "rows": 2037,
        "min": "2018-01-02 00:00:00",
        "max": "2026-05-29 00:00:00"
      }
    },
    "feature_build": {
      "mode": "full_rebuild",
      "reason": "feature_cache_missing",
      "daily_cache_after": {
        "rows": 2037,
        "min": "2018-01-02 00:00:00",
        "max": "2026-05-29 00:00:00"
      },
      "intraday_cache_after": {
        "rows": 74400,
        "min": "2020-01-02 09:35:00",
        "max": "2026-05-29 15:00:00"
      },
      "daily_context_days": 260,
      "intraday_context_days": 40,
      "daily_appended_rows": 2037,
      "intraday_appended_rows": 74400
    },
    "feature_state": {
      "daily_feature_max": "2026-05-29 00:00:00",
      "intraday_feature_max": "2026-05-29 15:00:00",
      "daily_context_days": 260,
      "intraday_context_days": 40,
      "feature_build_mode": "full_rebuild"
    }
  }
}

[2026-05-31T02:45:55] RUN samples
  /usr/bin/python3 feature_building/build_nextday_samples_from_baostock.py --daily-features /root/stock_realtime_v021_full/saved_data/600584_pipeline_out/00_base/daily_features.csv --intraday-bars /root/stock_realtime_v021_full/saved_data/600584_pipeline_out/00_base/600584_5m.csv --out-dir /root/stock_realtime_v021_full/saved_data/600584_pipeline_out/01_samples --min-bars 40 --keep-unlabeled-tail
{
  "rows": 1550,
  "date_min": "2020-01-02",
  "date_max": "2026-05-29",
  "out": "/root/stock_realtime_v021_full/saved_data/600584_pipeline_out/01_samples/training_samples.csv"
}

[2026-05-31T02:45:56] RUN asof_samples
  /usr/bin/python3 feature_building/build_asof1455_training_samples.py --samples /root/stock_realtime_v021_full/saved_data/600584_pipeline_out/01_samples/training_samples.csv --intraday-bars /root/stock_realtime_v021_full/saved_data/600584_pipeline_out/00_base/600584_5m.csv --out-dir /root/stock_realtime_v021_full/saved_data/600584_pipeline_out/01_samples_asof1455 --cutoff-time 14:55 --min-bars 40
{
  "rows": 1550,
  "date_min": "2020-01-02",
  "date_max": "2026-05-29",
  "cutoff_time": "14:55",
  "min_bars": 40,
  "out": "/root/stock_realtime_v021_full/saved_data/600584_pipeline_out/01_samples_asof1455/training_samples_asof1455.csv"
}

[2026-05-31T02:45:57] RUN fundamental
  /usr/bin/python3 feature_building/build_fundamental_features.py --symbol 600584.SH --daily-samples /root/stock_realtime_v021_full/saved_data/600584_pipeline_out/01_samples_asof1455/training_samples_asof1455.csv --out-dir /root/stock_realtime_v021_full/saved_data/600584_pipeline_out/02_fundamental --start-date 2018-01-01 --end-date 2026-05-31 --fallback-lag-days 120 --skip-akshare
login success!
logout success!
{
  "rows": 1550,
  "date_min": "2020-01-02",
  "date_max": "2026-05-29",
  "source_errors": [],
  "top_missing_rates": {
    "profit_MBRevenue_chg4q": 0.8309677419354838,
    "profit_MBRevenue": 0.8025806451612904,
    "cashflow_ebitToInterest_chg4q": 0.07225806451612904,
    "cashflow_ebitToInterest": 0.06709677419354838,
    "cashflow_CFOToNP_chg4q": 0.053548387096774196,
    "cashflow_CFOToNP": 0.05096774193548387,
    "pbMRQ_rank252": 0.03806451612903226,
    "psTTM_rank252": 0.03806451612903226,
    "pcfNcfTTM_rank252": 0.03806451612903226,
    "peTTM_rank252": 0.03806451612903226,
    "solvency_assetToEquity_chg4q": 0.0025806451612903226,
    "profit_totalShare_chg4q": 0.0025806451612903226,
    "profit_liqaShare_chg4q": 0.0025806451612903226,
    "profit_netProfit_chg4q": 0.0025806451612903226,
    "profit_gpMargin_chg4q": 0.0025806451612903226,
    "profit_npMargin_chg4q": 0.0025806451612903226,
    "profit_roeAvg_chg4q": 0.0025806451612903226,
    "cashflow_CFOToOR_chg4q": 0.0025806451612903226,
    "cashflow_CAToAsset_chg4q": 0.0025806451612903226,
    "cashflow_tangibleAssetToAsset_chg4q": 0.0025806451612903226,
    "cashflow_NCAToAsset_chg4q": 0.0025806451612903226,
    "cashflow_CFOToGr_chg4q": 0.0025806451612903226,
    "profit_epsTTM_chg4q": 0.0025806451612903226,
    "growth_YOYNI_chg4q": 0.0025806451612903226,
    "growth_YOYEPSBasic_chg4q": 0.0025806451612903226,
    "growth_YOYPNI_chg4q": 0.0025806451612903226,
    "solvency_currentRatio_chg4q": 0.0025806451612903226,
    "solvency_quickRatio_chg4q": 0.0025806451612903226,
    "solvency_cashRatio_chg4q": 0.0025806451612903226,
    "growth_YOYEquity_chg4q": 0.0025806451612903226
  },
  "valuation_non_null": {
    "peTTM": 1550,
    "pbMRQ": 1550,
    "psTTM": 1550,
    "pcfNcfTTM": 1550
  },
  "future_effective_date_violations": 0,
  "rows_with_quarterly": 1550,
  "sample_rows": 1550,
  "quarterly_raw_rows": 37,
  "quarterly_used_pubDate_rows": 37,
  "quarterly_fallback_rows": 0,
  "elapsed_seconds": 37.569,
  "symbol": "600584",
  "baostock_code": "sh.600584",
  "valuation_rows": 2037,
  "fund_flow_rows": 0,
  "feature_columns": 95,
  "merged_columns": 185,
  "outputs": {
    "daily_valuation": "/root/stock_realtime_v021_full/saved_data/600584_pipeline_out/02_fundamental/baostock_daily_valuation.csv",
    "quarterly_fundamentals": "/root/stock_realtime_v021_full/saved_data/600584_pipeline_out/02_fundamental/baostock_quarterly_fundamentals_pit.csv",
    "fundamental_features": "/root/stock_realtime_v021_full/saved_data/600584_pipeline_out/02_fundamental/fundamental_features.csv",
    "merged_samples": "/root/stock_realtime_v021_full/saved_data/600584_pipeline_out/02_fundamental/training_samples_with_fundamentals.csv"
  }
}

[2026-05-31T02:46:35] RUN sector
  /usr/bin/python3 feature_building/build_sector_features.py --samples /root/stock_realtime_v021_full/saved_data/600584_pipeline_out/02_fundamental/training_samples_with_fundamentals.csv --out-dir /root/stock_realtime_v021_full/saved_data/600584_pipeline_out/03_sector --sector-symbol '半导体' --start-date 2018-01-01 --end-date 2026-05-31

  0%|          | 0/9 [00:00<?, ?it/s]
 11%|█         | 1/9 [00:00<00:01,  4.89it/s]
 22%|██▏       | 2/9 [00:00<00:01,  4.80it/s]
 33%|███▎      | 3/9 [00:00<00:01,  4.63it/s]
 44%|████▍     | 4/9 [00:00<00:01,  4.54it/s]
 56%|█████▌    | 5/9 [00:01<00:00,  4.53it/s]
 67%|██████▋   | 6/9 [00:01<00:00,  4.56it/s]
 78%|███████▊  | 7/9 [00:01<00:00,  4.53it/s]
 89%|████████▉ | 8/9 [00:01<00:00,  4.54it/s]
100%|██████████| 9/9 [00:01<00:00,  4.82it/s]
                                             
{
  "sector_symbol": "半导体",
  "sector_rows": 2037,
  "sector_date_min": "2018-01-02",
  "sector_date_max": "2026-05-29",
  "sample_rows": 1550,
  "merged_rows": 1550,
  "sector_feature_cols": 23,
  "top_missing": {
    "sector_ret60": 0.03870967741935484,
    "sector_ma60_gap": 0.01935483870967742,
    "stock_vs_sector_ret20": 0.012903225806451613,
    "sector_ret20": 0.012903225806451613,
    "sector_vol20": 0.0070967741935483875,
    "sector_ma20_gap": 0.0064516129032258064,
    "sector_range_z20": 0.0064516129032258064,
    "sector_volume_shock20": 0.0064516129032258064,
    "sector_amount_z20": 0.0064516129032258064,
    "sector_volume_z20": 0.0064516129032258064,
    "sector_amount_shock20": 0.0064516129032258064,
    "sector_ret5": 0.0032258064516129032,
    "stock_vs_sector_ret5": 0.0032258064516129032,
    "sector_vs_bench_ret5": 0.0032258064516129032,
    "stock_vs_sector_ret1": 0.0006451612903225806,
    "sector_ret1": 0.0006451612903225806,
    "sector_amount": 0.0,
    "sector_volume": 0.0,
    "sector_close": 0.0,
    "sector_low": 0.0
  },
  "outputs": {
    "sector_index": "/root/stock_realtime_v021_full/saved_data/600584_pipeline_out/03_sector/sector_index_ths.csv",
    "sector_features": "/root/stock_realtime_v021_full/saved_data/600584_pipeline_out/03_sector/sector_features.csv",
    "merged_samples": "/root/stock_realtime_v021_full/saved_data/600584_pipeline_out/03_sector/training_samples_with_sector.csv"
  }
}

[2026-05-31T02:46:39] RUN external_ai_compute
  /usr/bin/python3 feature_building/build_stock_external_features.py --samples /root/stock_realtime_v021_full/saved_data/600584_pipeline_out/03_sector/training_samples_with_sector.csv --out-dir /root/stock_realtime_v021_full/saved_data/600584_pipeline_out/04_external/ai_compute --profile ai_compute --target-symbol 600584.SH --start-date 2018-01-01 --end-date 2026-05-31 --adjust qfq --domestic-lag-days 0 --future-lag-days 1 --us-lag-days 1 --enable-us-yf
login success!

  0%|          | 0/9 [00:00<?, ?it/s]
 11%|█         | 1/9 [00:00<00:01,  4.04it/s]
 22%|██▏       | 2/9 [00:00<00:01,  4.03it/s]
 33%|███▎      | 3/9 [00:00<00:01,  4.32it/s]
 44%|████▍     | 4/9 [00:00<00:01,  4.34it/s]
 56%|█████▌    | 5/9 [00:01<00:00,  4.51it/s]
 67%|██████▋   | 6/9 [00:01<00:00,  4.59it/s]
 78%|███████▊  | 7/9 [00:01<00:00,  4.61it/s]
 89%|████████▉ | 8/9 [00:01<00:00,  4.65it/s]
100%|██████████| 9/9 [00:01<00:00,  4.91it/s]
                                             

  0%|          | 0/9 [00:00<?, ?it/s]
 11%|█         | 1/9 [00:00<00:01,  4.01it/s]
 22%|██▏       | 2/9 [00:00<00:01,  4.41it/s]
 33%|███▎      | 3/9 [00:00<00:01,  4.55it/s]
 44%|████▍     | 4/9 [00:00<00:01,  4.61it/s]
 56%|█████▌    | 5/9 [00:01<00:00,  4.67it/s]
 67%|██████▋   | 6/9 [00:01<00:00,  4.51it/s]
 78%|███████▊  | 7/9 [00:01<00:00,  4.34it/s]
 89%|████████▉ | 8/9 [00:01<00:00,  4.33it/s]
100%|██████████| 9/9 [00:02<00:00,  4.50it/s]
                                             

  0%|          | 0/9 [00:00<?, ?it/s]
 11%|█         | 1/9 [00:00<00:01,  4.26it/s]
 22%|██▏       | 2/9 [00:00<00:01,  4.22it/s]
 33%|███▎      | 3/9 [00:00<00:01,  4.38it/s]
 44%|████▍     | 4/9 [00:00<00:01,  4.45it/s]
 56%|█████▌    | 5/9 [00:01<00:00,  4.46it/s]
 67%|██████▋   | 6/9 [00:01<00:00,  4.43it/s]
 78%|███████▊  | 7/9 [00:01<00:00,  4.53it/s]
 89%|████████▉ | 8/9 [00:01<00:00,  4.58it/s]
100%|██████████| 9/9 [00:01<00:00,  4.77it/s]
                                             
1 Failed download:
['NVDA']: YFRateLimitError('Too Many Requests. Rate limited. Try after a while.')

1 Failed download:
['AMD']: YFRateLimitError('Too Many Requests. Rate limited. Try after a while.')

1 Failed download:
['AVGO']: YFRateLimitError('Too Many Requests. Rate limited. Try after a while.')

1 Failed download:
['SMCI']: YFRateLimitError('Too Many Requests. Rate limited. Try after a while.')

1 Failed download:
['DELL']: YFRateLimitError('Too Many Requests. Rate limited. Try after a while.')

1 Failed download:
['MSFT']: YFRateLimitError('Too Many Requests. Rate limited. Try after a while.')

1 Failed download:
['AMZN']: YFRateLimitError('Too Many Requests. Rate limited. Try after a while.')

1 Failed download:
['GOOGL']: YFRateLimitError('Too Many Requests. Rate limited. Try after a while.')

1 Failed download:
['META']: YFRateLimitError('Too Many Requests. Rate limited. Try after a while.')

1 Failed download:
['^IXIC']: YFRateLimitError('Too Many Requests. Rate limited. Try after a while.')

1 Failed download:
['^GSPC']: YFRateLimitError('Too Many Requests. Rate limited. Try after a while.')

1 Failed download:
['^SOX']: YFRateLimitError('Too Many Requests. Rate limited. Try after a while.')
{
  "profile": "ai_compute",
  "description": "AI compute/server/cloud-capex proxy for 工业富联",
  "sample_rows": 1550,
  "merged_rows": 1550,
  "raw_rows": 2037,
  "raw_date_min": "2018-01-02",
  "raw_date_max": "2026-05-29",
  "lag_days_legacy": null,
  "lag_policy": {
    "domestic": 0,
    "futures": 1,
    "us": 1
  },
  "enable_us_yf": true,
  "feature_cols": 467,
  "source_meta": {
    "profile": {
      "key": "ai_compute",
      "prefix": "ai",
      "description": "AI compute/server/cloud-capex proxy for 工业富联",
      "stocks": [
        "300308",
        "300502",
        "300394",
        "002463",
        "603019",
        "000977",
        "000938"
      ],
      "etfs": [
        "512480",
        "159995",
        "515050",
        "159819"
      ],
      "futures": [
        "CU0",
        "AL0"
      ],
      "boards": [
        "半导体",
        "通信设备",
        "消费电子"
      ],
      "us_tickers": [
        "NVDA",
        "AMD",
        "AVGO",
        "SMCI",
        "DELL",
        "MSFT",
        "AMZN",
        "GOOGL",
        "META",
        "^IXIC",
        "^GSPC",
        "^SOX"
      ]
    },
    "used": {
      "stocks": [
        "300308",
        "300502",
        "300394",
        "002463",
        "603019",
        "000977",
        "000938"
      ],
      "etfs": [
        "512480",
        "159995",
        "515050",
        "159819"
      ],
      "futures": [
        "CU0",
        "AL0"
      ],
      "boards": [
        "半导体",
        "通信设备",
        "消费电子"
      ],
      "us_yf": []
    },
    "start_date": "20180101",
    "end_date": "20260531",
    "target_symbol_excluded": "600584",
    "em_sources_used": false,
    "baostock_cache_dir": "/root/stock_realtime_v021_full/saved_data/600584_pipeline_out/04_external/ai_compute/baostock_external_cache",
    "us_yfinance_enabled": true
  },
  "errors": {
    "us_yf_NVDA": "empty",
    "us_yf_AMD": "empty",
    "us_yf_AVGO": "empty",
    "us_yf_SMCI": "empty",
    "us_yf_DELL": "empty",
    "us_yf_MSFT": "empty",
    "us_yf_AMZN": "empty",
    "us_yf_GOOGL": "empty",
    "us_yf_META": "empty",
    "us_yf_^IXIC": "empty",
    "us_yf_^GSPC": "empty",
    "us_yf_^SOX": "empty"
  },
  "top_missing": {
    "ai_etf_159819_range_pct_ret60": 0.9774193548387097,
    "ai_etf_basket_close_ret60": 0.9774193548387097,
    "ai_etf_515050_range_pct_ret60": 0.9774193548387097,
    "ai_etf_515050_close_ret60": 0.9774193548387097,
    "ai_etf_159995_close_ret60": 0.9774193548387097,
    "ai_etf_159819_close_ret60": 0.9774193548387097,
    "ai_etf_512480_range_pct_ret60": 0.9774193548387097,
    "ai_etf_159995_range_pct_ret60": 0.9774193548387097,
    "ai_etf_512480_close_ret60": 0.9774193548387097,
    "ai_etf_159819_close_ret20": 0.9516129032258065,
    "ai_etf_159819_range_pct_z60": 0.9516129032258065,
    "ai_etf_515050_close_z60": 0.9516129032258065,
    "ai_etf_basket_close_ret20": 0.9516129032258065,
    "ai_etf_basket_close_z60": 0.9516129032258065,
    "ai_etf_515050_range_pct_ret20": 0.9516129032258065,
    "ai_etf_159995_close_ret20": 0.9516129032258065,
    "ai_etf_159995_close_z60": 0.9516129032258065,
    "ai_etf_159995_range_pct_ret20": 0.9516129032258065,
    "ai_etf_512480_range_pct_ret20": 0.9516129032258065,
    "ai_etf_512480_close_z60": 0.9516129032258065,
    "ai_etf_512480_range_pct_z60": 0.9516129032258065,
    "ai_etf_512480_close_ret20": 0.9516129032258065,
    "ai_etf_159995_range_pct_z60": 0.9516129032258065,
    "ai_etf_515050_close_ret20": 0.9516129032258065,
    "ai_etf_159819_range_pct_ret20": 0.9516129032258065,
    "ai_etf_159819_close_z60": 0.9516129032258065,
    "ai_etf_515050_range_pct_z60": 0.9516129032258065,
    "ai_stock_vs_etf_basket_ret20": 0.9516129032258065,
    "ai_etf_basket_close_vol20": 0.9458064516129032,
    "ai_etf_515050_close_vol20": 0.9458064516129032,
    "ai_etf_512480_close_vol20": 0.9458064516129032,
    "ai_etf_159995_close_vol20": 0.9458064516129032,
    "ai_etf_159819_close_vol20": 0.9458064516129032,
    "ai_etf_515050_range_pct_ma20_gap": 0.9451612903225807,
    "ai_etf_515050_volume_shock20": 0.9451612903225807,
    "ai_etf_159995_volume_z20": 0.9451612903225807,
    "ai_etf_159995_close_ma20_gap": 0.9451612903225807,
    "ai_etf_159995_range_pct_ma20_gap": 0.9451612903225807,
    "ai_etf_512480_volume_shock20": 0.9451612903225807,
    "ai_etf_512480_close_ma20_gap": 0.9451612903225807,
    "ai_etf_512480_range_pct_ma20_gap": 0.9451612903225807,
    "ai_etf_512480_range_pct_z20": 0.9451612903225807,
    "ai_etf_512480_close_z20": 0.9451612903225807,
    "ai_etf_159995_range_pct_z20": 0.9451612903225807,
    "ai_etf_159995_close_z20": 0.9451612903225807,
    "ai_etf_512480_volume_z20": 0.9451612903225807,
    "ai_etf_159995_volume_shock20": 0.9451612903225807,
    "ai_etf_515050_range_pct_z20": 0.9451612903225807,
    "ai_etf_515050_close_z20": 0.9451612903225807,
    "ai_etf_515050_close_ma20_gap": 0.9451612903225807
  },
  "outputs": {
    "features": "/root/stock_realtime_v021_full/saved_data/600584_pipeline_out/04_external/ai_compute/stock_external_features_ai_compute.csv",
    "merged_samples": "/root/stock_realtime_v021_full/saved_data/600584_pipeline_out/04_external/ai_compute/training_samples_with_ai_compute_external.csv",
    "report": "/root/stock_realtime_v021_full/saved_data/600584_pipeline_out/04_external/ai_compute/validation_report.json"
  }
}
logout success!
[INFO] final samples for search: /root/stock_realtime_v021_full/saved_data/600584_pipeline_out/04_external/ai_compute/training_samples_with_ai_compute_external.csv
=== nextday pipeline end: 2026-05-31T02:47:14 status=ok ===
=== nextday pipeline start: 2026-06-02T21:08:08 ===
symbol=600584.SH, out_root=/root/stock_realtime_v021_full/saved_data/600584_pipeline_out

[2026-06-02T21:08:08] RUN update_data
  /usr/bin/python3 bootstrap/ashare_xgb_dual_opportunity_regression_baostock_full_v19_compressed_trading_axis.py --mode update_data --symbol 600584 --benchmark_symbol 000300 --daily_start 2018-01-01 --daily_end 2026-06-02 --intraday_start '2018-01-01 09:30:00' --intraday_end '2026-06-02 15:00:00' --output_dir /root/stock_realtime_v021_full/saved_data/600584_pipeline_out/00_base --cache_mode incremental --feature_cache_mode incremental --adjust qfq
/root/stock_realtime_v021_full/bootstrap/ashare_fetch_and_train_xgb_sell_signal_baostock_state_cache_helper_fix2.py:246: FutureWarning: The behavior of DataFrame concatenation with empty or all-NA entries is deprecated. In a future version, this will no longer exclude empty or all-NA columns when determining the result dtypes. To retain the old behavior, exclude the relevant entries before the concat operation.
  merged = _normalize_daily_df(pd.concat([df_old, df_new], axis=0, ignore_index=True))
/root/stock_realtime_v021_full/bootstrap/ashare_fetch_and_train_xgb_sell_signal_baostock_state_cache_helper_fix2.py:254: FutureWarning: The behavior of DataFrame concatenation with empty or all-NA entries is deprecated. In a future version, this will no longer exclude empty or all-NA columns when determining the result dtypes. To retain the old behavior, exclude the relevant entries before the concat operation.
  merged = _normalize_bench_df(pd.concat([df_old, df_new], axis=0, ignore_index=True))
login success!
logout success!
login success!
logout success!
login success!
logout success!
login success!
logout success!
login success!
logout success!
login success!
logout success!
{
  "mode": "update_data",
  "symbol": "600584",
  "data_source": "baostock",
  "daily_rows": 2039,
  "intraday_rows": 74496,
  "daily_min": "2018-01-02 00:00:00",
  "daily_max": "2026-06-02 00:00:00",
  "intraday_min": "2020-01-02 09:35:00",
  "intraday_max": "2026-06-02 15:00:00",
  "base_paths": {
    "daily_csv": "/root/stock_realtime_v021_full/saved_data/600584_pipeline_out/00_base/600584_daily.csv",
    "intraday_csv": "/root/stock_realtime_v021_full/saved_data/600584_pipeline_out/00_base/600584_5m.csv",
    "benchmark_csv": "/root/stock_realtime_v021_full/saved_data/600584_pipeline_out/00_base/000300_benchmark_daily.csv",
    "raw_daily_cache_csv": "/root/stock_realtime_v021_full/saved_data/600584_pipeline_out/00_base/raw_cache/600584_daily_raw.csv",
    "raw_intraday_cache_csv": "/root/stock_realtime_v021_full/saved_data/600584_pipeline_out/00_base/raw_cache/600584_5m_raw.csv",
    "raw_benchmark_cache_csv": "/root/stock_realtime_v021_full/saved_data/600584_pipeline_out/00_base/raw_cache/000300_benchmark_daily_raw.csv",
    "daily_features_csv": "/root/stock_realtime_v021_full/saved_data/600584_pipeline_out/00_base/daily_features.csv",
    "intraday_features_csv": "/root/stock_realtime_v021_full/saved_data/600584_pipeline_out/00_base/intraday_features.csv",
    "daily_features_cache_csv": "/root/stock_realtime_v021_full/saved_data/600584_pipeline_out/00_base/feature_cache/daily_features_cache.csv",
    "intraday_features_cache_csv": "/root/stock_realtime_v021_full/saved_data/600584_pipeline_out/00_base/feature_cache/intraday_features_cache.csv",
    "feature_state_json": "/root/stock_realtime_v021_full/saved_data/600584_pipeline_out/00_base/feature_cache/feature_state.json"
  },
  "fetch_logs": {
    "symbol": "600584",
    "benchmark_symbol": "000300",
    "daily_start": "2018-01-01",
    "daily_end": "2026-06-02",
    "intraday_start": "2018-01-01 09:30:00",
    "intraday_end": "2026-06-02 15:00:00",
    "perf_start": "2018-01-01",
    "data_source": "baostock",
    "cache_mode": "incremental",
    "force_refresh": false,
    "raw_cache_dir": "/root/stock_realtime_v021_full/saved_data/600584_pipeline_out/00_base/raw_cache",
    "feature_cache_dir": "/root/stock_realtime_v021_full/saved_data/600584_pipeline_out/00_base/feature_cache",
    "feature_cache_mode": "incremental",
    "daily": {
      "cache_path": "/root/stock_realtime_v021_full/saved_data/600584_pipeline_out/00_base/raw_cache/600584_daily_raw.csv",
      "requested_start": "2018-01-01",
      "requested_end": "2026-06-02",
      "mode": "incremental",
      "cache_before": {
        "rows": 2037,
        "min": "2018-01-02 00:00:00",
        "max": "2026-05-29 00:00:00"
      },
      "fetch_segments": [
        {
          "provider": "baostock",
          "code": "sh.600584",
          "adjustflag": "2",
          "rows": 0
        },
        {
          "provider": "baostock",
          "code": "sh.600584",
          "adjustflag": "2",
          "rows": 2,
          "start": "2026-05-30",
          "end": "2026-06-02"
        }
      ],
      "cache_after": {
        "rows": 2039,
        "min": "2018-01-02 00:00:00",
        "max": "2026-06-02 00:00:00"
      }
    },
    "intraday_5m": {
      "cache_path": "/root/stock_realtime_v021_full/saved_data/600584_pipeline_out/00_base/raw_cache/600584_5m_raw.csv",
      "requested_start": "2018-01-01 09:30:00",
      "requested_end": "2026-06-02 15:00:00",
      "mode": "incremental",
      "cache_before": {
        "rows": 74400,
        "min": "2020-01-02 09:35:00",
        "max": "2026-05-29 15:00:00"
      },
      "fetch_segments": [
        {
          "provider": "baostock",
          "code": "sh.600584",
          "adjustflag": "2",
          "requested_start": "2018-01-01 09:30:00",
          "effective_start": "2018-01-01 09:30:00",
          "requested_end": "2020-01-02 09:30:00",
          "rows": 0
        },
        {
          "provider": "baostock",
          "code": "sh.600584",
          "adjustflag": "2",
          "requested_start": "2026-05-29 15:05:00",
          "effective_start": "2026-05-29 15:05:00",
          "requested_end": "2026-06-02 15:00:00",
          "rows": 96
        }
      ],
      "cache_after": {
        "rows": 74496,
        "min": "2020-01-02 09:35:00",
        "max": "2026-06-02 15:00:00"
      }
    },
    "benchmark_daily": {
      "cache_path": "/root/stock_realtime_v021_full/saved_data/600584_pipeline_out/00_base/raw_cache/000300_benchmark_daily_raw.csv",
      "requested_start": "2018-01-01",
      "requested_end": "2026-06-02",
      "mode": "incremental",
      "cache_before": {
        "rows": 2037,
        "min": "2018-01-02 00:00:00",
        "max": "2026-05-29 00:00:00"
      },
      "fetch_segments": [
        {
          "provider": "baostock",
          "code": "sh.000300",
          "rows": 0,
          "start": "2018-01-01",
          "end": "2018-01-01"
        },
        {
          "provider": "baostock",
          "code": "sh.000300",
          "rows": 2,
          "start": "2026-05-30",
          "end": "2026-06-02"
        }
      ],
      "cache_after": {
        "rows": 2039,
        "min": "2018-01-02 00:00:00",
        "max": "2026-06-02 00:00:00"
      }
    },
    "feature_build": {
      "mode": "stateful_incremental_append",
      "daily_context_days": 260,
      "intraday_context_days": 40,
      "daily_append": {
        "needed": true,
        "first_new_date": "2026-06-01 00:00:00",
        "context_start": "2025-05-06 00:00:00",
        "context_raw_rows": 262,
        "appended_rows": 2,
        "cache_before": {
          "rows": 2037,
          "min": "2018-01-02 00:00:00",
          "max": "2026-05-29 00:00:00"
        },
        "cache_after": {
          "rows": 2039,
          "min": "2018-01-02 00:00:00",
          "max": "2026-06-02 00:00:00"
        }
      },
      "intraday_append": {
        "needed": true,
        "first_new_datetime": "2026-06-01 09:35:00",
        "context_start_date": "2026-03-31 00:00:00",
        "context_raw_rows": 2016,
        "appended_rows": 96,
        "cache_before": {
          "rows": 74400,
          "min": "2020-01-02 09:35:00",
          "max": "2026-05-29 15:00:00"
        },
        "cache_after": {
          "rows": 74496,
          "min": "2020-01-02 09:35:00",
          "max": "2026-06-02 15:00:00"
        }
      }
    },
    "feature_state": {
      "daily_feature_max": "2026-06-02 00:00:00",
      "intraday_feature_max": "2026-06-02 15:00:00",
      "daily_context_days": 260,
      "intraday_context_days": 40,
      "feature_build_mode": "stateful_incremental_append"
    }
  }
}

[2026-06-02T21:08:32] RUN samples
  /usr/bin/python3 feature_building/build_nextday_samples_from_baostock.py --daily-features /root/stock_realtime_v021_full/saved_data/600584_pipeline_out/00_base/daily_features.csv --intraday-bars /root/stock_realtime_v021_full/saved_data/600584_pipeline_out/00_base/600584_5m.csv --out-dir /root/stock_realtime_v021_full/saved_data/600584_pipeline_out/01_samples --min-bars 40 --keep-unlabeled-tail
{
  "rows": 1552,
  "date_min": "2020-01-02",
  "date_max": "2026-06-02",
  "out": "/root/stock_realtime_v021_full/saved_data/600584_pipeline_out/01_samples/training_samples.csv"
}

[2026-06-02T21:08:33] RUN asof_samples
  /usr/bin/python3 feature_building/build_asof1455_training_samples.py --samples /root/stock_realtime_v021_full/saved_data/600584_pipeline_out/01_samples/training_samples.csv --intraday-bars /root/stock_realtime_v021_full/saved_data/600584_pipeline_out/00_base/600584_5m.csv --out-dir /root/stock_realtime_v021_full/saved_data/600584_pipeline_out/01_samples_asof1455 --cutoff-time 14:55 --min-bars 40
{
  "rows": 1552,
  "date_min": "2020-01-02",
  "date_max": "2026-06-02",
  "cutoff_time": "14:55",
  "min_bars": 40,
  "out": "/root/stock_realtime_v021_full/saved_data/600584_pipeline_out/01_samples_asof1455/training_samples_asof1455.csv"
}

[2026-06-02T21:08:35] RUN fundamental
  /usr/bin/python3 feature_building/build_fundamental_features.py --symbol 600584.SH --daily-samples /root/stock_realtime_v021_full/saved_data/600584_pipeline_out/01_samples_asof1455/training_samples_asof1455.csv --out-dir /root/stock_realtime_v021_full/saved_data/600584_pipeline_out/02_fundamental --start-date 2018-01-01 --end-date 2026-06-02 --fallback-lag-days 120 --skip-akshare
login success!
logout success!
{
  "rows": 1552,
  "date_min": "2020-01-02",
  "date_max": "2026-06-02",
  "source_errors": [],
  "top_missing_rates": {
    "profit_MBRevenue_chg4q": 0.8311855670103093,
    "profit_MBRevenue": 0.8028350515463918,
    "cashflow_ebitToInterest_chg4q": 0.07216494845360824,
    "cashflow_ebitToInterest": 0.06701030927835051,
    "cashflow_CFOToNP_chg4q": 0.053479381443298966,
    "cashflow_CFOToNP": 0.0509020618556701,
    "pbMRQ_rank252": 0.03801546391752577,
    "psTTM_rank252": 0.03801546391752577,
    "pcfNcfTTM_rank252": 0.03801546391752577,
    "peTTM_rank252": 0.03801546391752577,
    "solvency_assetToEquity_chg4q": 0.002577319587628866,
    "profit_totalShare_chg4q": 0.002577319587628866,
    "profit_liqaShare_chg4q": 0.002577319587628866,
    "profit_netProfit_chg4q": 0.002577319587628866,
    "profit_gpMargin_chg4q": 0.002577319587628866,
    "profit_npMargin_chg4q": 0.002577319587628866,
    "profit_roeAvg_chg4q": 0.002577319587628866,
    "cashflow_CFOToOR_chg4q": 0.002577319587628866,
    "cashflow_CAToAsset_chg4q": 0.002577319587628866,
    "cashflow_tangibleAssetToAsset_chg4q": 0.002577319587628866,
    "cashflow_NCAToAsset_chg4q": 0.002577319587628866,
    "cashflow_CFOToGr_chg4q": 0.002577319587628866,
    "profit_epsTTM_chg4q": 0.002577319587628866,
    "growth_YOYNI_chg4q": 0.002577319587628866,
    "growth_YOYEPSBasic_chg4q": 0.002577319587628866,
    "growth_YOYPNI_chg4q": 0.002577319587628866,
    "solvency_currentRatio_chg4q": 0.002577319587628866,
    "solvency_quickRatio_chg4q": 0.002577319587628866,
    "solvency_cashRatio_chg4q": 0.002577319587628866,
    "growth_YOYEquity_chg4q": 0.002577319587628866
  },
  "valuation_non_null": {
    "peTTM": 1552,
    "pbMRQ": 1552,
    "psTTM": 1552,
    "pcfNcfTTM": 1552
  },
  "future_effective_date_violations": 0,
  "rows_with_quarterly": 1552,
  "sample_rows": 1552,
  "quarterly_raw_rows": 37,
  "quarterly_used_pubDate_rows": 37,
  "quarterly_fallback_rows": 0,
  "elapsed_seconds": 27.424,
  "symbol": "600584",
  "baostock_code": "sh.600584",
  "valuation_rows": 2039,
  "fund_flow_rows": 0,
  "feature_columns": 95,
  "merged_columns": 185,
  "outputs": {
    "daily_valuation": "/root/stock_realtime_v021_full/saved_data/600584_pipeline_out/02_fundamental/baostock_daily_valuation.csv",
    "quarterly_fundamentals": "/root/stock_realtime_v021_full/saved_data/600584_pipeline_out/02_fundamental/baostock_quarterly_fundamentals_pit.csv",
    "fundamental_features": "/root/stock_realtime_v021_full/saved_data/600584_pipeline_out/02_fundamental/fundamental_features.csv",
    "merged_samples": "/root/stock_realtime_v021_full/saved_data/600584_pipeline_out/02_fundamental/training_samples_with_fundamentals.csv"
  }
}

[2026-06-02T21:09:03] RUN sector
  /usr/bin/python3 feature_building/build_sector_features.py --samples /root/stock_realtime_v021_full/saved_data/600584_pipeline_out/02_fundamental/training_samples_with_fundamentals.csv --out-dir /root/stock_realtime_v021_full/saved_data/600584_pipeline_out/03_sector --sector-symbol '半导体' --start-date 2018-01-01 --end-date 2026-06-02

  0%|          | 0/9 [00:00<?, ?it/s]
 11%|█         | 1/9 [00:00<00:01,  4.62it/s]
 22%|██▏       | 2/9 [00:00<00:01,  3.93it/s]
 33%|███▎      | 3/9 [00:00<00:01,  4.14it/s]
 44%|████▍     | 4/9 [00:00<00:01,  4.01it/s]
 56%|█████▌    | 5/9 [00:01<00:00,  4.12it/s]
 67%|██████▋   | 6/9 [00:01<00:00,  4.20it/s]
 78%|███████▊  | 7/9 [00:01<00:00,  3.97it/s]
 89%|████████▉ | 8/9 [00:02<00:00,  3.73it/s]
100%|██████████| 9/9 [00:02<00:00,  4.16it/s]
                                             
{
  "sector_symbol": "半导体",
  "sector_rows": 2039,
  "sector_date_min": "2018-01-02",
  "sector_date_max": "2026-06-02",
  "sample_rows": 1552,
  "merged_rows": 1552,
  "sector_feature_cols": 23,
  "top_missing": {
    "sector_ret60": 0.03865979381443299,
    "sector_ma60_gap": 0.019329896907216496,
    "stock_vs_sector_ret20": 0.01288659793814433,
    "sector_ret20": 0.01288659793814433,
    "sector_vol20": 0.007087628865979381,
    "sector_ma20_gap": 0.006443298969072165,
    "sector_range_z20": 0.006443298969072165,
    "sector_volume_shock20": 0.006443298969072165,
    "sector_amount_z20": 0.006443298969072165,
    "sector_volume_z20": 0.006443298969072165,
    "sector_amount_shock20": 0.006443298969072165,
    "sector_ret5": 0.0032216494845360823,
    "stock_vs_sector_ret5": 0.0032216494845360823,
    "sector_vs_bench_ret5": 0.0032216494845360823,
    "stock_vs_sector_ret1": 0.0006443298969072165,
    "sector_ret1": 0.0006443298969072165,
    "sector_amount": 0.0,
    "sector_volume": 0.0,
    "sector_close": 0.0,
    "sector_low": 0.0
  },
  "outputs": {
    "sector_index": "/root/stock_realtime_v021_full/saved_data/600584_pipeline_out/03_sector/sector_index_ths.csv",
    "sector_features": "/root/stock_realtime_v021_full/saved_data/600584_pipeline_out/03_sector/sector_features.csv",
    "merged_samples": "/root/stock_realtime_v021_full/saved_data/600584_pipeline_out/03_sector/training_samples_with_sector.csv"
  }
}

[2026-06-02T21:09:07] RUN external_ai_compute
  /usr/bin/python3 feature_building/build_stock_external_features.py --samples /root/stock_realtime_v021_full/saved_data/600584_pipeline_out/03_sector/training_samples_with_sector.csv --out-dir /root/stock_realtime_v021_full/saved_data/600584_pipeline_out/04_external/ai_compute --profile ai_compute --target-symbol 600584.SH --start-date 2018-01-01 --end-date 2026-06-02 --adjust qfq --domestic-lag-days 0 --future-lag-days 1 --us-lag-days 1 --enable-us-yf
login success!

  0%|          | 0/9 [00:00<?, ?it/s]
 11%|█         | 1/9 [00:00<00:01,  4.39it/s]
 22%|██▏       | 2/9 [00:00<00:01,  4.46it/s]
 33%|███▎      | 3/9 [00:00<00:01,  4.34it/s]
 44%|████▍     | 4/9 [00:00<00:01,  4.59it/s]
 56%|█████▌    | 5/9 [00:01<00:00,  4.63it/s]
 67%|██████▋   | 6/9 [00:01<00:00,  4.63it/s]
 78%|███████▊  | 7/9 [00:01<00:00,  4.47it/s]
 89%|████████▉ | 8/9 [00:01<00:00,  4.30it/s]
100%|██████████| 9/9 [00:01<00:00,  4.63it/s]
                                             

  0%|          | 0/9 [00:00<?, ?it/s]
 11%|█         | 1/9 [00:00<00:01,  4.05it/s]
 22%|██▏       | 2/9 [00:00<00:01,  4.09it/s]
 33%|███▎      | 3/9 [00:00<00:01,  4.29it/s]
 44%|████▍     | 4/9 [00:00<00:01,  4.04it/s]
 56%|█████▌    | 5/9 [00:01<00:01,  3.96it/s]
 67%|██████▋   | 6/9 [00:01<00:00,  4.02it/s]
 78%|███████▊  | 7/9 [00:01<00:00,  4.07it/s]
 89%|████████▉ | 8/9 [00:01<00:00,  4.24it/s]
100%|██████████| 9/9 [00:02<00:00,  4.56it/s]
                                             

  0%|          | 0/9 [00:00<?, ?it/s]
 11%|█         | 1/9 [00:00<00:01,  4.81it/s]
 22%|██▏       | 2/9 [00:00<00:01,  4.70it/s]
 33%|███▎      | 3/9 [00:00<00:01,  4.72it/s]
 44%|████▍     | 4/9 [00:00<00:01,  4.78it/s]
 56%|█████▌    | 5/9 [00:01<00:00,  4.69it/s]
 67%|██████▋   | 6/9 [00:01<00:00,  4.64it/s]
 78%|███████▊  | 7/9 [00:01<00:00,  4.18it/s]
 89%|████████▉ | 8/9 [00:01<00:00,  4.26it/s]
100%|██████████| 9/9 [00:02<00:00,  4.35it/s]
                                             
/root/stock_realtime_v021_full/feature_building/build_stock_external_features.py:497: FutureWarning: The default fill_method='pad' in DataFrame.pct_change is deprecated and will be removed in a future version. Either fill in any non-leading NA values prior to calling pct_change or specify 'fill_method=None' to not fill NA values.
  returns = out[cols].apply(pd.to_numeric, errors="coerce").pct_change()

1 Failed download:
['NVDA']: YFRateLimitError('Too Many Requests. Rate limited. Try after a while.')

1 Failed download:
['AMD']: YFRateLimitError('Too Many Requests. Rate limited. Try after a while.')

1 Failed download:
['AVGO']: YFRateLimitError('Too Many Requests. Rate limited. Try after a while.')

1 Failed download:
['SMCI']: YFRateLimitError('Too Many Requests. Rate limited. Try after a while.')

1 Failed download:
['DELL']: YFRateLimitError('Too Many Requests. Rate limited. Try after a while.')

1 Failed download:
['MSFT']: YFRateLimitError('Too Many Requests. Rate limited. Try after a while.')

1 Failed download:
['AMZN']: YFRateLimitError('Too Many Requests. Rate limited. Try after a while.')

1 Failed download:
['GOOGL']: YFRateLimitError('Too Many Requests. Rate limited. Try after a while.')

1 Failed download:
['META']: YFRateLimitError('Too Many Requests. Rate limited. Try after a while.')

1 Failed download:
['^IXIC']: YFRateLimitError('Too Many Requests. Rate limited. Try after a while.')

1 Failed download:
['^GSPC']: YFRateLimitError('Too Many Requests. Rate limited. Try after a while.')

1 Failed download:
['^SOX']: YFRateLimitError('Too Many Requests. Rate limited. Try after a while.')
{
  "profile": "ai_compute",
  "description": "AI compute/server/cloud-capex proxy for 工业富联",
  "sample_rows": 1552,
  "merged_rows": 1552,
  "raw_rows": 2039,
  "raw_date_min": "2018-01-02",
  "raw_date_max": "2026-06-02",
  "lag_days_legacy": null,
  "lag_policy": {
    "domestic": 0,
    "futures": 1,
    "us": 1
  },
  "enable_us_yf": true,
  "feature_cols": 467,
  "source_meta": {
    "profile": {
      "key": "ai_compute",
      "prefix": "ai",
      "description": "AI compute/server/cloud-capex proxy for 工业富联",
      "stocks": [
        "300308",
        "300502",
        "300394",
        "002463",
        "603019",
        "000977",
        "000938"
      ],
      "etfs": [
        "512480",
        "159995",
        "515050",
        "159819"
      ],
      "futures": [
        "CU0",
        "AL0"
      ],
      "boards": [
        "半导体",
        "通信设备",
        "消费电子"
      ],
      "us_tickers": [
        "NVDA",
        "AMD",
        "AVGO",
        "SMCI",
        "DELL",
        "MSFT",
        "AMZN",
        "GOOGL",
        "META",
        "^IXIC",
        "^GSPC",
        "^SOX"
      ]
    },
    "used": {
      "stocks": [
        "300308",
        "300502",
        "300394",
        "002463",
        "603019",
        "000977",
        "000938"
      ],
      "etfs": [
        "512480",
        "159995",
        "515050",
        "159819"
      ],
      "futures": [
        "CU0",
        "AL0"
      ],
      "boards": [
        "半导体",
        "通信设备",
        "消费电子"
      ],
      "us_yf": []
    },
    "start_date": "20180101",
    "end_date": "20260602",
    "target_symbol_excluded": "600584",
    "em_sources_used": false,
    "baostock_cache_dir": "/root/stock_realtime_v021_full/saved_data/600584_pipeline_out/04_external/ai_compute/baostock_external_cache",
    "us_yfinance_enabled": true
  },
  "errors": {
    "us_yf_NVDA": "empty",
    "us_yf_AMD": "empty",
    "us_yf_AVGO": "empty",
    "us_yf_SMCI": "empty",
    "us_yf_DELL": "empty",
    "us_yf_MSFT": "empty",
    "us_yf_AMZN": "empty",
    "us_yf_GOOGL": "empty",
    "us_yf_META": "empty",
    "us_yf_^IXIC": "empty",
    "us_yf_^GSPC": "empty",
    "us_yf_^SOX": "empty"
  },
  "top_missing": {
    "ai_etf_159819_close_ret60": 0.976159793814433,
    "ai_etf_515050_range_pct_ret60": 0.976159793814433,
    "ai_etf_159819_range_pct_ret60": 0.976159793814433,
    "ai_etf_512480_range_pct_ret60": 0.976159793814433,
    "ai_etf_159995_range_pct_ret60": 0.976159793814433,
    "ai_etf_159995_close_ret60": 0.976159793814433,
    "ai_etf_512480_close_ret60": 0.976159793814433,
    "ai_etf_515050_close_ret60": 0.976159793814433,
    "ai_etf_basket_close_ret60": 0.976159793814433,
    "ai_stock_vs_etf_basket_ret20": 0.9503865979381443,
    "ai_etf_159819_range_pct_ret20": 0.9503865979381443,
    "ai_etf_159819_range_pct_z60": 0.9503865979381443,
    "ai_etf_basket_close_ret20": 0.9503865979381443,
    "ai_etf_basket_close_z60": 0.9503865979381443,
    "ai_etf_159819_close_z60": 0.9503865979381443,
    "ai_etf_515050_close_ret20": 0.9503865979381443,
    "ai_etf_515050_close_z60": 0.9503865979381443,
    "ai_etf_515050_range_pct_ret20": 0.9503865979381443,
    "ai_etf_515050_range_pct_z60": 0.9503865979381443,
    "ai_etf_159819_close_ret20": 0.9503865979381443,
    "ai_etf_512480_range_pct_z60": 0.9503865979381443,
    "ai_etf_512480_range_pct_ret20": 0.9503865979381443,
    "ai_etf_512480_close_z60": 0.9503865979381443,
    "ai_etf_512480_close_ret20": 0.9503865979381443,
    "ai_etf_159995_range_pct_ret20": 0.9503865979381443,
    "ai_etf_159995_close_ret20": 0.9503865979381443,
    "ai_etf_159995_range_pct_z60": 0.9503865979381443,
    "ai_etf_159995_close_z60": 0.9503865979381443,
    "ai_etf_159819_close_vol20": 0.9445876288659794,
    "ai_etf_515050_close_vol20": 0.9445876288659794,
    "ai_etf_512480_close_vol20": 0.9445876288659794,
    "ai_etf_159995_close_vol20": 0.9445876288659794,
    "ai_etf_basket_close_vol20": 0.9445876288659794,
    "ai_etf_159995_range_pct_z20": 0.9439432989690721,
    "ai_etf_515050_range_pct_z20": 0.9439432989690721,
    "ai_etf_159995_volume_shock20": 0.9439432989690721,
    "ai_etf_512480_range_pct_ma20_gap": 0.9439432989690721,
    "ai_etf_512480_close_z20": 0.9439432989690721,
    "ai_etf_512480_range_pct_z20": 0.9439432989690721,
    "ai_etf_515050_volume_z20": 0.9439432989690721,
    "ai_etf_515050_range_pct_ma20_gap": 0.9439432989690721,
    "ai_etf_515050_close_ma20_gap": 0.9439432989690721,
    "ai_etf_159995_range_pct_ma20_gap": 0.9439432989690721,
    "ai_etf_159995_volume_z20": 0.9439432989690721,
    "ai_etf_159819_volume_z20": 0.9439432989690721,
    "ai_etf_159819_range_pct_z20": 0.9439432989690721,
    "ai_etf_159819_volume_shock20": 0.9439432989690721,
    "ai_etf_159819_range_pct_ma20_gap": 0.9439432989690721,
    "ai_etf_basket_close_ma20_gap": 0.9439432989690721,
    "ai_etf_basket_close_z20": 0.9439432989690721
  },
  "outputs": {
    "features": "/root/stock_realtime_v021_full/saved_data/600584_pipeline_out/04_external/ai_compute/stock_external_features_ai_compute.csv",
    "merged_samples": "/root/stock_realtime_v021_full/saved_data/600584_pipeline_out/04_external/ai_compute/training_samples_with_ai_compute_external.csv",
    "report": "/root/stock_realtime_v021_full/saved_data/600584_pipeline_out/04_external/ai_compute/validation_report.json"
  }
}
logout success!
[INFO] final samples for search: /root/stock_realtime_v021_full/saved_data/600584_pipeline_out/04_external/ai_compute/training_samples_with_ai_compute_external.csv
=== nextday pipeline end: 2026-06-02T21:09:47 status=ok ===
