=== nextday pipeline start: 2026-05-17T03:40:34 ===
symbol=600885.SH, out_root=/root/stock_realtime_v021_full/saved_data/600885_pipeline_out_v2_new27_full

[2026-05-17T03:40:34] RUN update_data
  /usr/bin/python3 bootstrap/ashare_xgb_dual_opportunity_regression_baostock_full_v19_compressed_trading_axis.py --mode update_data --symbol 600885 --benchmark_symbol 000300 --daily_start 2018-01-01 --daily_end 2026-05-15 --intraday_start '2018-01-01 09:30:00' --intraday_end '2026-05-15 15:00:00' --output_dir /root/stock_realtime_v021_full/saved_data/600885_pipeline_out_v2_new27_full/00_base --cache_mode incremental --feature_cache_mode incremental --adjust qfq
/root/stock_realtime_v021_full/bootstrap/ashare_fetch_and_train_xgb_sell_signal_baostock_state_cache_helper_fix2.py:246: FutureWarning: The behavior of DataFrame concatenation with empty or all-NA entries is deprecated. In a future version, this will no longer exclude empty or all-NA columns when determining the result dtypes. To retain the old behavior, exclude the relevant entries before the concat operation.
  merged = _normalize_daily_df(pd.concat([df_old, df_new], axis=0, ignore_index=True))
/root/stock_realtime_v021_full/bootstrap/ashare_fetch_and_train_xgb_sell_signal_baostock_state_cache_helper_fix2.py:248: FutureWarning: The behavior of DataFrame concatenation with empty or all-NA entries is deprecated. In a future version, this will no longer exclude empty or all-NA columns when determining the result dtypes. To retain the old behavior, exclude the relevant entries before the concat operation.
  merged = _normalize_intraday_df(pd.concat([df_old, df_new], axis=0, ignore_index=True))
/root/stock_realtime_v021_full/bootstrap/ashare_fetch_and_train_xgb_sell_signal_baostock_state_cache_helper_fix2.py:254: FutureWarning: The behavior of DataFrame concatenation with empty or all-NA entries is deprecated. In a future version, this will no longer exclude empty or all-NA columns when determining the result dtypes. To retain the old behavior, exclude the relevant entries before the concat operation.
  merged = _normalize_bench_df(pd.concat([df_old, df_new], axis=0, ignore_index=True))
/root/stock_realtime_v021_full/bootstrap/ashare_fetch_and_train_xgb_sell_signal_baostock_state_cache_helper_fix2.py:250: FutureWarning: The behavior of DataFrame concatenation with empty or all-NA entries is deprecated. In a future version, this will no longer exclude empty or all-NA columns when determining the result dtypes. To retain the old behavior, exclude the relevant entries before the concat operation.
  merged = _normalize_daily_feature_df(pd.concat([df_old, df_new], axis=0, ignore_index=True))
/root/stock_realtime_v021_full/bootstrap/ashare_fetch_and_train_xgb_sell_signal_baostock_state_cache_helper_fix2.py:252: FutureWarning: The behavior of DataFrame concatenation with empty or all-NA entries is deprecated. In a future version, this will no longer exclude empty or all-NA columns when determining the result dtypes. To retain the old behavior, exclude the relevant entries before the concat operation.
  merged = _normalize_intraday_feature_df(pd.concat([df_old, df_new], axis=0, ignore_index=True))
login success!
logout success!
login success!
logout success!
login success!
logout success!
{
  "mode": "update_data",
  "symbol": "600885",
  "data_source": "baostock",
  "daily_rows": 2027,
  "intraday_rows": 73920,
  "daily_min": "2018-01-02 00:00:00",
  "daily_max": "2026-05-15 00:00:00",
  "intraday_min": "2020-01-02 09:35:00",
  "intraday_max": "2026-05-15 15:00:00",
  "base_paths": {
    "daily_csv": "/root/stock_realtime_v021_full/saved_data/600885_pipeline_out_v2_new27_full/00_base/600885_daily.csv",
    "intraday_csv": "/root/stock_realtime_v021_full/saved_data/600885_pipeline_out_v2_new27_full/00_base/600885_5m.csv",
    "benchmark_csv": "/root/stock_realtime_v021_full/saved_data/600885_pipeline_out_v2_new27_full/00_base/000300_benchmark_daily.csv",
    "raw_daily_cache_csv": "/root/stock_realtime_v021_full/saved_data/600885_pipeline_out_v2_new27_full/00_base/raw_cache/600885_daily_raw.csv",
    "raw_intraday_cache_csv": "/root/stock_realtime_v021_full/saved_data/600885_pipeline_out_v2_new27_full/00_base/raw_cache/600885_5m_raw.csv",
    "raw_benchmark_cache_csv": "/root/stock_realtime_v021_full/saved_data/600885_pipeline_out_v2_new27_full/00_base/raw_cache/000300_benchmark_daily_raw.csv",
    "daily_features_csv": "/root/stock_realtime_v021_full/saved_data/600885_pipeline_out_v2_new27_full/00_base/daily_features.csv",
    "intraday_features_csv": "/root/stock_realtime_v021_full/saved_data/600885_pipeline_out_v2_new27_full/00_base/intraday_features.csv",
    "daily_features_cache_csv": "/root/stock_realtime_v021_full/saved_data/600885_pipeline_out_v2_new27_full/00_base/feature_cache/daily_features_cache.csv",
    "intraday_features_cache_csv": "/root/stock_realtime_v021_full/saved_data/600885_pipeline_out_v2_new27_full/00_base/feature_cache/intraday_features_cache.csv",
    "feature_state_json": "/root/stock_realtime_v021_full/saved_data/600885_pipeline_out_v2_new27_full/00_base/feature_cache/feature_state.json"
  },
  "fetch_logs": {
    "symbol": "600885",
    "benchmark_symbol": "000300",
    "daily_start": "2018-01-01",
    "daily_end": "2026-05-15",
    "intraday_start": "2018-01-01 09:30:00",
    "intraday_end": "2026-05-15 15:00:00",
    "perf_start": "2018-01-01",
    "data_source": "baostock",
    "cache_mode": "incremental",
    "force_refresh": false,
    "raw_cache_dir": "/root/stock_realtime_v021_full/saved_data/600885_pipeline_out_v2_new27_full/00_base/raw_cache",
    "feature_cache_dir": "/root/stock_realtime_v021_full/saved_data/600885_pipeline_out_v2_new27_full/00_base/feature_cache",
    "feature_cache_mode": "incremental",
    "daily": {
      "cache_path": "/root/stock_realtime_v021_full/saved_data/600885_pipeline_out_v2_new27_full/00_base/raw_cache/600885_daily_raw.csv",
      "requested_start": "2018-01-01",
      "requested_end": "2026-05-15",
      "mode": "initial_fetch",
      "fetch_segments": [
        {
          "provider": "baostock",
          "code": "sh.600885",
          "adjustflag": "2",
          "rows": 2027,
          "start": "2018-01-01",
          "end": "2026-05-15"
        }
      ],
      "cache_after": {
        "rows": 2027,
        "min": "2018-01-02 00:00:00",
        "max": "2026-05-15 00:00:00"
      }
    },
    "intraday_5m": {
      "cache_path": "/root/stock_realtime_v021_full/saved_data/600885_pipeline_out_v2_new27_full/00_base/raw_cache/600885_5m_raw.csv",
      "requested_start": "2018-01-01 09:30:00",
      "requested_end": "2026-05-15 15:00:00",
      "mode": "initial_fetch",
      "fetch_segments": [
        {
          "provider": "baostock",
          "code": "sh.600885",
          "adjustflag": "2",
          "requested_start": "2018-01-01 09:30:00",
          "effective_start": "2018-01-01 09:30:00",
          "requested_end": "2026-05-15 15:00:00",
          "rows": 73920
        }
      ],
      "cache_after": {
        "rows": 73920,
        "min": "2020-01-02 09:35:00",
        "max": "2026-05-15 15:00:00"
      }
    },
    "benchmark_daily": {
      "cache_path": "/root/stock_realtime_v021_full/saved_data/600885_pipeline_out_v2_new27_full/00_base/raw_cache/000300_benchmark_daily_raw.csv",
      "requested_start": "2018-01-01",
      "requested_end": "2026-05-15",
      "mode": "initial_fetch",
      "fetch_segments": [
        {
          "provider": "baostock",
          "code": "sh.000300",
          "rows": 2027,
          "start": "2018-01-01",
          "end": "2026-05-15"
        }
      ],
      "cache_after": {
        "rows": 2027,
        "min": "2018-01-02 00:00:00",
        "max": "2026-05-15 00:00:00"
      }
    },
    "feature_build": {
      "mode": "full_rebuild",
      "reason": "feature_cache_missing",
      "daily_cache_after": {
        "rows": 2027,
        "min": "2018-01-02 00:00:00",
        "max": "2026-05-15 00:00:00"
      },
      "intraday_cache_after": {
        "rows": 73920,
        "min": "2020-01-02 09:35:00",
        "max": "2026-05-15 15:00:00"
      },
      "daily_context_days": 260,
      "intraday_context_days": 40,
      "daily_appended_rows": 2027,
      "intraday_appended_rows": 73920
    },
    "feature_state": {
      "daily_feature_max": "2026-05-15 00:00:00",
      "intraday_feature_max": "2026-05-15 15:00:00",
      "daily_context_days": 260,
      "intraday_context_days": 40,
      "feature_build_mode": "full_rebuild"
    }
  }
}

[2026-05-17T03:43:15] RUN samples
  /usr/bin/python3 feature_building/build_nextday_samples_from_baostock.py --daily-features /root/stock_realtime_v021_full/saved_data/600885_pipeline_out_v2_new27_full/00_base/daily_features.csv --intraday-bars /root/stock_realtime_v021_full/saved_data/600885_pipeline_out_v2_new27_full/00_base/600885_5m.csv --out-dir /root/stock_realtime_v021_full/saved_data/600885_pipeline_out_v2_new27_full/01_samples --min-bars 40 --keep-unlabeled-tail
{
  "rows": 1540,
  "date_min": "2020-01-02",
  "date_max": "2026-05-15",
  "out": "/root/stock_realtime_v021_full/saved_data/600885_pipeline_out_v2_new27_full/01_samples/training_samples.csv"
}

[2026-05-17T03:43:16] RUN fundamental
  /usr/bin/python3 feature_building/build_fundamental_features.py --symbol 600885.SH --daily-samples /root/stock_realtime_v021_full/saved_data/600885_pipeline_out_v2_new27_full/01_samples/training_samples.csv --out-dir /root/stock_realtime_v021_full/saved_data/600885_pipeline_out_v2_new27_full/02_fundamental --start-date 2018-01-01 --end-date 2026-05-15 --fallback-lag-days 120
login success!
logout success!
{
  "rows": 1540,
  "date_min": "2020-01-02",
  "date_max": "2026-05-15",
  "source_errors": [],
  "top_missing_rates": {
    "ak_fund_小单净流入-净额_sum10": 0.9246753246753247,
    "ak_fund_主力净流入-净额_sum10": 0.9246753246753247,
    "ak_fund_主力净流入-净占比_sum10": 0.9246753246753247,
    "ak_fund_涨跌幅_sum10": 0.9246753246753247,
    "ak_fund_收盘价_sum10": 0.9246753246753247,
    "ak_fund_中单净流入-净额_sum10": 0.9246753246753247,
    "ak_fund_中单净流入-净占比_sum10": 0.9246753246753247,
    "ak_fund_小单净流入-净占比_sum10": 0.9246753246753247,
    "ak_fund_超大单净流入-净额_sum10": 0.9246753246753247,
    "ak_fund_大单净流入-净额_sum10": 0.9246753246753247,
    "ak_fund_大单净流入-净占比_sum10": 0.9246753246753247,
    "ak_fund_超大单净流入-净占比_sum10": 0.9246753246753247,
    "ak_fund_涨跌幅_sum5": 0.9233766233766234,
    "ak_fund_主力净流入-净占比_sum5": 0.9233766233766234,
    "ak_fund_主力净流入-净额_sum5": 0.9233766233766234,
    "ak_fund_收盘价_sum5": 0.9233766233766234,
    "ak_fund_超大单净流入-净占比_sum5": 0.9233766233766234,
    "ak_fund_中单净流入-净占比_sum5": 0.9233766233766234,
    "ak_fund_中单净流入-净额_sum5": 0.9233766233766234,
    "ak_fund_小单净流入-净额_sum5": 0.9233766233766234,
    "ak_fund_小单净流入-净占比_sum5": 0.9233766233766234,
    "ak_fund_大单净流入-净占比_sum5": 0.9233766233766234,
    "ak_fund_大单净流入-净额_sum5": 0.9233766233766234,
    "ak_fund_超大单净流入-净额_sum5": 0.9233766233766234,
    "ak_fund_大单净流入-净额": 0.922077922077922,
    "ak_fund_超大单净流入-净占比": 0.922077922077922,
    "ak_fund_超大单净流入-净额": 0.922077922077922,
    "ak_fund_收盘价": 0.922077922077922,
    "ak_fund_涨跌幅": 0.922077922077922,
    "ak_fund_中单净流入-净额": 0.922077922077922
  },
  "valuation_non_null": {
    "peTTM": 1540,
    "pbMRQ": 1540,
    "psTTM": 1540,
    "pcfNcfTTM": 1540
  },
  "future_effective_date_violations": 0,
  "rows_with_quarterly": 1540,
  "sample_rows": 1540,
  "quarterly_raw_rows": 37,
  "quarterly_used_pubDate_rows": 37,
  "quarterly_fallback_rows": 0,
  "elapsed_seconds": 15.166,
  "symbol": "600885",
  "baostock_code": "sh.600885",
  "valuation_rows": 2027,
  "fund_flow_rows": 120,
  "feature_columns": 125,
  "merged_columns": 194,
  "outputs": {
    "daily_valuation": "/root/stock_realtime_v021_full/saved_data/600885_pipeline_out_v2_new27_full/02_fundamental/baostock_daily_valuation.csv",
    "quarterly_fundamentals": "/root/stock_realtime_v021_full/saved_data/600885_pipeline_out_v2_new27_full/02_fundamental/baostock_quarterly_fundamentals_pit.csv",
    "fundamental_features": "/root/stock_realtime_v021_full/saved_data/600885_pipeline_out_v2_new27_full/02_fundamental/fundamental_features.csv",
    "merged_samples": "/root/stock_realtime_v021_full/saved_data/600885_pipeline_out_v2_new27_full/02_fundamental/training_samples_with_fundamentals.csv"
  }
}

[2026-05-17T03:43:32] RUN sector
  /usr/bin/python3 feature_building/build_sector_features.py --samples /root/stock_realtime_v021_full/saved_data/600885_pipeline_out_v2_new27_full/02_fundamental/training_samples_with_fundamentals.csv --out-dir /root/stock_realtime_v021_full/saved_data/600885_pipeline_out_v2_new27_full/03_sector --sector-symbol '电网设备' --start-date 2018-01-01 --end-date 2026-05-15

  0%|          | 0/9 [00:00<?, ?it/s]
 11%|█         | 1/9 [00:00<00:01,  4.35it/s]
 22%|██▏       | 2/9 [00:00<00:01,  4.17it/s]
 33%|███▎      | 3/9 [00:00<00:01,  4.03it/s]
 44%|████▍     | 4/9 [00:00<00:01,  3.97it/s]
 56%|█████▌    | 5/9 [00:01<00:01,  3.95it/s]
 67%|██████▋   | 6/9 [00:01<00:00,  3.91it/s]
 78%|███████▊  | 7/9 [00:01<00:00,  4.04it/s]
 89%|████████▉ | 8/9 [00:01<00:00,  4.09it/s]
100%|██████████| 9/9 [00:02<00:00,  4.18it/s]
                                             
{
  "sector_symbol": "电网设备",
  "sector_rows": 2027,
  "sector_date_min": "2018-01-02",
  "sector_date_max": "2026-05-15",
  "sample_rows": 1540,
  "merged_rows": 1540,
  "sector_feature_cols": 23,
  "top_missing": {
    "sector_ret60": 0.03896103896103896,
    "sector_ma60_gap": 0.01948051948051948,
    "stock_vs_sector_ret20": 0.012987012987012988,
    "sector_ret20": 0.012987012987012988,
    "sector_vol20": 0.007142857142857143,
    "sector_ma20_gap": 0.006493506493506494,
    "sector_range_z20": 0.006493506493506494,
    "sector_volume_shock20": 0.006493506493506494,
    "sector_amount_z20": 0.006493506493506494,
    "sector_volume_z20": 0.006493506493506494,
    "sector_amount_shock20": 0.006493506493506494,
    "sector_ret5": 0.003246753246753247,
    "stock_vs_sector_ret5": 0.003246753246753247,
    "sector_vs_bench_ret5": 0.003246753246753247,
    "stock_vs_sector_ret1": 0.0006493506493506494,
    "sector_ret1": 0.0006493506493506494,
    "sector_amount": 0.0,
    "sector_volume": 0.0,
    "sector_close": 0.0,
    "sector_low": 0.0
  },
  "outputs": {
    "sector_index": "/root/stock_realtime_v021_full/saved_data/600885_pipeline_out_v2_new27_full/03_sector/sector_index_ths.csv",
    "sector_features": "/root/stock_realtime_v021_full/saved_data/600885_pipeline_out_v2_new27_full/03_sector/sector_features.csv",
    "merged_samples": "/root/stock_realtime_v021_full/saved_data/600885_pipeline_out_v2_new27_full/03_sector/training_samples_with_sector.csv"
  }
}

[2026-05-17T03:43:36] RUN external_storage_power
  /usr/bin/python3 feature_building/build_stock_external_features.py --samples /root/stock_realtime_v021_full/saved_data/600885_pipeline_out_v2_new27_full/03_sector/training_samples_with_sector.csv --out-dir /root/stock_realtime_v021_full/saved_data/600885_pipeline_out_v2_new27_full/04_external/storage_power --profile storage_power --target-symbol 600885.SH --start-date 2018-01-01 --end-date 2026-05-15 --adjust qfq --domestic-lag-days 0 --future-lag-days 1 --us-lag-days 1
login success!

  0%|          | 0/9 [00:00<?, ?it/s]
 11%|█         | 1/9 [00:00<00:02,  3.62it/s]
 22%|██▏       | 2/9 [00:00<00:01,  4.25it/s]
 33%|███▎      | 3/9 [00:00<00:01,  4.19it/s]
 44%|████▍     | 4/9 [00:00<00:01,  4.04it/s]
 56%|█████▌    | 5/9 [00:01<00:00,  4.06it/s]
 67%|██████▋   | 6/9 [00:01<00:00,  4.25it/s]
 78%|███████▊  | 7/9 [00:01<00:00,  4.12it/s]
 89%|████████▉ | 8/9 [00:01<00:00,  4.18it/s]
100%|██████████| 9/9 [00:02<00:00,  4.46it/s]
                                             

  0%|          | 0/9 [00:00<?, ?it/s]
 11%|█         | 1/9 [00:00<00:02,  3.78it/s]
 22%|██▏       | 2/9 [00:00<00:01,  3.64it/s]
 33%|███▎      | 3/9 [00:00<00:01,  3.88it/s]
 44%|████▍     | 4/9 [00:01<00:01,  3.91it/s]
 56%|█████▌    | 5/9 [00:01<00:01,  3.95it/s]
 67%|██████▋   | 6/9 [00:01<00:00,  3.99it/s]
 78%|███████▊  | 7/9 [00:01<00:00,  4.14it/s]
 89%|████████▉ | 8/9 [00:01<00:00,  4.21it/s]
100%|██████████| 9/9 [00:02<00:00,  4.54it/s]
                                             

  0%|          | 0/9 [00:00<?, ?it/s]
 11%|█         | 1/9 [00:00<00:02,  3.94it/s]
 22%|██▏       | 2/9 [00:00<00:01,  4.25it/s]
 33%|███▎      | 3/9 [00:00<00:01,  4.07it/s]
 44%|████▍     | 4/9 [00:00<00:01,  4.28it/s]
 56%|█████▌    | 5/9 [00:01<00:00,  4.39it/s]
 67%|██████▋   | 6/9 [00:01<00:00,  4.22it/s]
 78%|███████▊  | 7/9 [00:01<00:00,  4.27it/s]
 89%|████████▉ | 8/9 [00:01<00:00,  4.33it/s]
100%|██████████| 9/9 [00:02<00:00,  4.46it/s]
                                             

  0%|          | 0/9 [00:00<?, ?it/s]
 11%|█         | 1/9 [00:00<00:01,  4.58it/s]
 22%|██▏       | 2/9 [00:00<00:01,  4.79it/s]
 33%|███▎      | 3/9 [00:00<00:01,  4.17it/s]
 44%|████▍     | 4/9 [00:00<00:01,  4.29it/s]
 56%|█████▌    | 5/9 [00:01<00:00,  4.14it/s]
 67%|██████▋   | 6/9 [00:01<00:00,  4.24it/s]
 78%|███████▊  | 7/9 [00:01<00:00,  4.25it/s]
 89%|████████▉ | 8/9 [00:01<00:00,  4.36it/s]
100%|██████████| 9/9 [00:02<00:00,  4.48it/s]
                                             
{
  "profile": "storage_power",
  "description": "Storage/photovoltaic inverter/data-center power proxy for 科士达",
  "sample_rows": 1540,
  "merged_rows": 1540,
  "raw_rows": 2027,
  "raw_date_min": "2018-01-02",
  "raw_date_max": "2026-05-15",
  "lag_days_legacy": null,
  "lag_policy": {
    "domestic": 0,
    "futures": 1,
    "us": 1
  },
  "enable_us_yf": false,
  "feature_cols": 578,
  "source_meta": {
    "profile": {
      "key": "storage_power",
      "prefix": "sp",
      "description": "Storage/photovoltaic inverter/data-center power proxy for 科士达",
      "stocks": [
        "300274",
        "300763",
        "688390",
        "605117",
        "300750",
        "002594",
        "300693"
      ],
      "etfs": [
        "159566",
        "515790",
        "516160",
        "515030",
        "512480"
      ],
      "futures": [
        "LC0",
        "SI0",
        "CU0",
        "AL0"
      ],
      "boards": [
        "其他电源设备",
        "光伏设备",
        "电池",
        "电网设备"
      ],
      "us_tickers": []
    },
    "used": {
      "stocks": [
        "300274",
        "300763",
        "688390",
        "605117",
        "300750",
        "002594",
        "300693"
      ],
      "etfs": [
        "159566",
        "515790",
        "516160",
        "515030",
        "512480"
      ],
      "futures": [
        "LC0",
        "SI0",
        "CU0",
        "AL0"
      ],
      "boards": [
        "其他电源设备",
        "光伏设备",
        "电池",
        "电网设备"
      ],
      "us_yf": []
    },
    "start_date": "20180101",
    "end_date": "20260515",
    "target_symbol_excluded": "600885",
    "em_sources_used": false,
    "baostock_cache_dir": "/root/stock_realtime_v021_full/saved_data/600885_pipeline_out_v2_new27_full/04_external/storage_power/baostock_external_cache",
    "us_yfinance_enabled": false
  },
  "errors": {},
  "top_missing": {
    "sp_etf_512480_close_ret60": 0.9837662337662337,
    "sp_etf_512480_range_pct_ret60": 0.9837662337662337,
    "sp_etf_159566_close_ret60": 0.9837662337662337,
    "sp_etf_516160_range_pct_ret60": 0.9837662337662337,
    "sp_etf_515790_close_ret60": 0.9837662337662337,
    "sp_etf_515030_close_ret60": 0.9837662337662337,
    "sp_etf_515030_range_pct_ret60": 0.9837662337662337,
    "sp_etf_159566_range_pct_ret60": 0.9837662337662337,
    "sp_etf_515790_range_pct_ret60": 0.9837662337662337,
    "sp_etf_516160_close_ret60": 0.9837662337662337,
    "sp_etf_basket_close_ret60": 0.9837662337662337,
    "sp_stock_vs_etf_basket_ret20": 0.9577922077922078,
    "sp_etf_512480_close_ret20": 0.9577922077922078,
    "sp_etf_515030_close_z60": 0.9577922077922078,
    "sp_etf_515030_range_pct_ret20": 0.9577922077922078,
    "sp_etf_512480_range_pct_ret20": 0.9577922077922078,
    "sp_etf_512480_close_z60": 0.9577922077922078,
    "sp_etf_512480_range_pct_z60": 0.9577922077922078,
    "sp_etf_515030_close_ret20": 0.9577922077922078,
    "sp_etf_basket_close_ret20": 0.9577922077922078,
    "sp_etf_515790_range_pct_z60": 0.9577922077922078,
    "sp_etf_515030_range_pct_z60": 0.9577922077922078,
    "sp_etf_516160_close_z60": 0.9577922077922078,
    "sp_etf_515790_range_pct_ret20": 0.9577922077922078,
    "sp_etf_159566_range_pct_z60": 0.9577922077922078,
    "sp_etf_159566_close_z60": 0.9577922077922078,
    "sp_etf_159566_range_pct_ret20": 0.9577922077922078,
    "sp_etf_159566_close_ret20": 0.9577922077922078,
    "sp_etf_516160_close_ret20": 0.9577922077922078,
    "sp_etf_516160_range_pct_ret20": 0.9577922077922078,
    "sp_etf_515790_close_ret20": 0.9577922077922078,
    "sp_etf_515790_close_z60": 0.9577922077922078,
    "sp_etf_516160_range_pct_z60": 0.9577922077922078,
    "sp_etf_basket_close_z60": 0.9577922077922078,
    "sp_etf_512480_close_vol20": 0.951948051948052,
    "sp_etf_basket_close_vol20": 0.951948051948052,
    "sp_etf_515790_close_vol20": 0.951948051948052,
    "sp_etf_159566_close_vol20": 0.951948051948052,
    "sp_etf_516160_close_vol20": 0.951948051948052,
    "sp_etf_515030_close_vol20": 0.951948051948052,
    "sp_etf_515790_volume_z20": 0.9512987012987013,
    "sp_etf_515790_volume_shock20": 0.9512987012987013,
    "sp_etf_515790_close_z20": 0.9512987012987013,
    "sp_etf_516160_close_ma20_gap": 0.9512987012987013,
    "sp_etf_159566_volume_z20": 0.9512987012987013,
    "sp_etf_159566_close_z20": 0.9512987012987013,
    "sp_etf_159566_close_ma20_gap": 0.9512987012987013,
    "sp_etf_515790_range_pct_ma20_gap": 0.9512987012987013,
    "sp_etf_512480_close_z20": 0.9512987012987013,
    "sp_etf_512480_range_pct_z20": 0.9512987012987013
  },
  "outputs": {
    "features": "/root/stock_realtime_v021_full/saved_data/600885_pipeline_out_v2_new27_full/04_external/storage_power/stock_external_features_storage_power.csv",
    "merged_samples": "/root/stock_realtime_v021_full/saved_data/600885_pipeline_out_v2_new27_full/04_external/storage_power/training_samples_with_storage_power_external.csv",
    "report": "/root/stock_realtime_v021_full/saved_data/600885_pipeline_out_v2_new27_full/04_external/storage_power/validation_report.json"
  }
}
logout success!
[INFO] final samples for search: /root/stock_realtime_v021_full/saved_data/600885_pipeline_out_v2_new27_full/04_external/storage_power/training_samples_with_storage_power_external.csv

[2026-05-17T03:44:03] RUN search_vwap_low_hit_50bps
  /usr/bin/python3 model_training/search_walk_forward_model_complexity.py --samples /root/stock_realtime_v021_full/saved_data/600885_pipeline_out_v2_new27_full/04_external/storage_power/training_samples_with_storage_power_external.csv --intraday-bars /root/stock_realtime_v021_full/saved_data/600885_pipeline_out_v2_new27_full/00_base/600885_5m.csv --out-dir /root/stock_realtime_v021_full/saved_data/600885_pipeline_out_v2_new27_full/10_search/search_vwap_low_hit_50bps --round-trip-cost-bps 1.7 --target-hit-bps 50.0 --label-mode hit --entry-policy vwap_low --entry-vwap-premium-bps 50.0 --max-missing 0.35 --groups reversal_fundamental_regime,reversal_fundamental_regime_sector,reversal_fundamental_regime_sector_external,all_no_ak --models xgb_d2_200_lr003_mcw5,xgb_d3_400_lr003_mcw3,xgb_d3_600_lr002_mcw3,xgb_d4_500_lr002_mcw5,lgbm_leaves7_400,lgbm_leaves15_700,extra_trees_600_d3,random_forest_600_d4 --quantiles 0.5,0.6,0.7,0.8 --train-rows 756 --valid-rows 126 --test-rows 63 --min-valid-trades 8 --min-train-entries 80
{
  "rows": 1539,
  "target_hit_bps": 50.0,
  "label_mode": "hit",
  "entry_policy": "vwap_low",
  "entry_vwap_premium_bps": 50.0,
  "groups": {
    "reversal_fundamental_regime": 137,
    "reversal_fundamental_regime_sector": 160,
    "reversal_fundamental_regime_sector_external": 541,
    "all_no_ak": 596
  },
  "models": [
    "xgb_d2_200_lr003_mcw5",
    "xgb_d3_400_lr003_mcw3",
    "xgb_d3_600_lr002_mcw3",
    "xgb_d4_500_lr002_mcw5",
    "extra_trees_600_d3",
    "random_forest_600_d4",
    "lgbm_leaves7_400",
    "lgbm_leaves15_700"
  ],
  "top": [
    {
      "entry_policy": "vwap_low",
      "feature_group": "reversal_fundamental_regime_sector_external",
      "model_name": "xgb_d3_600_lr002_mcw3",
      "target_hit_bps": 50.0,
      "trades": 190,
      "win_rate": 0.8631578947368421,
      "avg_return": 0.0011329973217824476,
      "median_return": 0.005,
      "compound_return": 0.22190936700212993,
      "max_drawdown": -0.11133189734987148,
      "profit_factor": 1.357419865216956,
      "windows": 10
    },
    {
      "entry_policy": "vwap_low",
      "feature_group": "reversal_fundamental_regime_sector_external",
      "model_name": "extra_trees_600_d3",
      "target_hit_bps": 50.0,
      "trades": 184,
      "win_rate": 0.8206521739130435,
      "avg_return": 0.0008478429538419972,
      "median_return": 0.005,
      "compound_return": 0.15832716456563878,
      "max_drawdown": -0.10234676267295884,
      "profit_factor": 1.2615071759909788,
      "windows": 10
    },
    {
      "entry_policy": "vwap_low",
      "feature_group": "reversal_fundamental_regime_sector_external",
      "model_name": "random_forest_600_d4",
      "target_hit_bps": 50.0,
      "trades": 235,
      "win_rate": 0.8127659574468085,
      "avg_return": 0.00043185121149626134,
      "median_return": 0.005,
      "compound_return": 0.09183940586908768,
      "max_drawdown": -0.14355703292373578,
      "profit_factor": 1.1192437873037353,
      "windows": 10
    },
    {
      "entry_policy": "vwap_low",
      "feature_group": "reversal_fundamental_regime_sector",
      "model_name": "lgbm_leaves15_700",
      "target_hit_bps": 50.0,
      "trades": 164,
      "win_rate": 0.8170731707317073,
      "avg_return": 0.00045891962775978585,
      "median_return": 0.005,
      "compound_return": 0.06689896087452185,
      "max_drawdown": -0.12414185735835725,
      "profit_factor": 1.1265480305436077,
      "windows": 10
    },
    {
      "entry_policy": "vwap_low",
      "feature_group": "all_no_ak",
      "model_name": "xgb_d3_600_lr002_mcw3",
      "target_hit_bps": 50.0,
      "trades": 205,
      "win_rate": 0.8292682926829268,
      "avg_return": 0.00034225585654776286,
      "median_return": 0.005,
      "compound_return": 0.054157056876779075,
      "max_drawdown": -0.14220252667305144,
      "profit_factor": 1.0902533443204536,
      "windows": 10
    },
    {
      "entry_policy": "vwap_low",
      "feature_group": "all_no_ak",
      "model_name": "random_forest_600_d4",
      "target_hit_bps": 50.0,
      "trades": 218,
      "win_rate": 0.8211009174311926,
      "avg_return": 0.0003104698899956944,
      "median_return": 0.005,
      "compound_return": 0.05100134082940255,
      "max_drawdown": -0.1889687023370914,
      "profit_factor": 1.0820517999402373,
      "windows": 10
    },
    {
      "entry_policy": "vwap_low",
      "feature_group": "reversal_fundamental_regime_sector_external",
      "model_name": "xgb_d3_400_lr003_mcw3",
      "target_hit_bps": 50.0,
      "trades": 192,
      "win_rate": 0.828125,
      "avg_return": 0.00023708124643938159,
      "median_return": 0.005,
      "compound_return": 0.026733712199196624,
      "max_drawdown": -0.1322059083048721,
      "profit_factor": 1.0609335011015357,
      "windows": 10
    },
    {
      "entry_policy": "vwap_low",
      "feature_group": "reversal_fundamental_regime",
      "model_name": "lgbm_leaves7_400",
      "target_hit_bps": 50.0,
      "trades": 157,
      "win_rate": 0.8089171974522293,
      "avg_return": 0.00022354624286262135,
      "median_return": 0.005,
      "compound_return": 0.022512897641944418,
      "max_drawdown": -0.1250050053559606,
      "profit_factor": 1.0585040349790473,
      "windows": 10
    },
    {
      "entry_policy": "vwap_low",
      "feature_group": "all_no_ak",
      "model_name": "xgb_d3_400_lr003_mcw3",
      "target_hit_bps": 50.0,
      "trades": 191,
      "win_rate": 0.8324607329842932,
      "avg_return": 0.00020604368109323424,
      "median_return": 0.005,
      "compound_return": 0.02223971727257923,
      "max_drawdown": -0.13766987737963,
      "profit_factor": 1.052249347478716,
      "windows": 10
    },
    {
      "entry_policy": "vwap_low",
      "feature_group": "reversal_fundamental_regime",
      "model_name": "extra_trees_600_d3",
      "target_hit_bps": 50.0,
      "trades": 167,
      "win_rate": 0.7904191616766467,
      "avg_return": 0.0001393231973303165,
      "median_return": 0.005,
      "compound_return": 0.010555943480403007,
      "max_drawdown": -0.1530641381018325,
      "profit_factor": 1.0365411766037211,
      "windows": 10
    },
    {
      "entry_policy": "vwap_low",
      "feature_group": "reversal_fundamental_regime_sector_external",
      "model_name": "xgb_d4_500_lr002_mcw5",
      "target_hit_bps": 50.0,
      "trades": 174,
      "win_rate": 0.8390804597701149,
      "avg_return": 0.00014314130959566467,
      "median_return": 0.005,
      "compound_return": 0.008539550643065219,
      "max_drawdown": -0.19335959770429412,
      "profit_factor": 1.0354466322450813,
      "windows": 10
    },
    {
      "entry_policy": "vwap_low",
      "feature_group": "reversal_fundamental_regime_sector",
      "model_name": "xgb_d3_400_lr003_mcw3",
      "target_hit_bps": 50.0,
      "trades": 193,
      "win_rate": 0.8238341968911918,
      "avg_return": 0.00012601285783810765,
      "median_return": 0.005,
      "compound_return": 0.006687153108419386,
      "max_drawdown": -0.12050383181812585,
      "profit_factor": 1.031557192037581,
      "windows": 10
    },
    {
      "entry_policy": "vwap_low",
      "feature_group": "reversal_fundamental_regime",
      "model_name": "xgb_d2_200_lr003_mcw5",
      "target_hit_bps": 50.0,
      "trades": 196,
      "win_rate": 0.8112244897959183,
      "avg_return": 0.00011035959656018602,
      "median_return": 0.005,
      "compound_return": 0.004433512348359425,
      "max_drawdown": -0.11605976554712893,
      "profit_factor": 1.0279691407435994,
      "windows": 10
    },
    {
      "entry_policy": "vwap_low",
      "feature_group": "reversal_fundamental_regime",
      "model_name": "xgb_d3_400_lr003_mcw3",
      "target_hit_bps": 50.0,
      "trades": 181,
      "win_rate": 0.8121546961325967,
      "avg_return": 0.00011580288655262968,
      "median_return": 0.005,
      "compound_return": 0.0043926961859059865,
      "max_drawdown": -0.15117960019861576,
      "profit_factor": 1.0295331668289296,
      "windows": 10
    },
    {
      "entry_policy": "vwap_low",
      "feature_group": "reversal_fundamental_regime_sector",
      "model_name": "extra_trees_600_d3",
      "target_hit_bps": 50.0,
      "trades": 196,
      "win_rate": 0.7908163265306123,
      "avg_return": 7.121848141512157e-05,
      "median_return": 0.005,
      "compound_return": -0.0009739297156751148,
      "max_drawdown": -0.15277953456994087,
      "profit_factor": 1.0183417438733102,
      "windows": 10
    },
    {
      "entry_policy": "vwap_low",
      "feature_group": "reversal_fundamental_regime_sector_external",
      "model_name": "xgb_d2_200_lr003_mcw5",
      "target_hit_bps": 50.0,
      "trades": 155,
      "win_rate": 0.832258064516129,
      "avg_return": 3.411436762452416e-05,
      "median_return": 0.005,
      "compound_return": -0.008775762071481563,
      "max_drawdown": -0.11622686999654919,
      "profit_factor": 1.0083562516355635,
      "windows": 10
    },
    {
      "entry_policy": "vwap_low",
      "feature_group": "reversal_fundamental_regime_sector",
      "model_name": "random_forest_600_d4",
      "target_hit_bps": 50.0,
      "trades": 194,
      "win_rate": 0.8092783505154639,
      "avg_return": 2.5010792538595474e-05,
      "median_return": 0.005,
      "compound_return": -0.013090070945911636,
      "max_drawdown": -0.1368805141588365,
      "profit_factor": 1.0062194536620956,
      "windows": 10
    },
    {
      "entry_policy": "vwap_low",
      "feature_group": "reversal_fundamental_regime_sector",
      "model_name": "xgb_d4_500_lr002_mcw5",
      "target_hit_bps": 50.0,
      "trades": 248,
      "win_rate": 0.8185483870967742,
      "avg_return": 2.4464948782957637e-05,
      "median_return": 0.005,
      "compound_return": -0.015276655352183255,
      "max_drawdown": -0.16591695736306933,
      "profit_factor": 1.0060135897489113,
      "windows": 10
    },
    {
      "entry_policy": "vwap_low",
      "feature_group": "reversal_fundamental_regime_sector",
      "model_name": "xgb_d2_200_lr003_mcw5",
      "target_hit_bps": 50.0,
      "trades": 166,
      "win_rate": 0.8192771084337349,
      "avg_return": -1.5903845580133032e-06,
      "median_return": 0.005,
      "compound_return": -0.016309766919513247,
      "max_drawdown": -0.11294386085480435,
      "profit_factor": 0.9996119097363063,
      "windows": 10
    },
    {
      "entry_policy": "vwap_low",
      "feature_group": "reversal_fundamental_regime_sector",
      "model_name": "xgb_d3_600_lr002_mcw3",
      "target_hit_bps": 50.0,
      "trades": 190,
      "win_rate": 0.8210526315789474,
      "avg_return": 5.212494799593274e-06,
      "median_return": 0.005,
      "compound_return": -0.016454870920731945,
      "max_drawdown": -0.12913389389601804,
      "profit_factor": 1.0012753240773087,
      "windows": 10
    }
  ]
}

[2026-05-17T04:09:30] RUN search_vwap_low_hit_80bps
  /usr/bin/python3 model_training/search_walk_forward_model_complexity.py --samples /root/stock_realtime_v021_full/saved_data/600885_pipeline_out_v2_new27_full/04_external/storage_power/training_samples_with_storage_power_external.csv --intraday-bars /root/stock_realtime_v021_full/saved_data/600885_pipeline_out_v2_new27_full/00_base/600885_5m.csv --out-dir /root/stock_realtime_v021_full/saved_data/600885_pipeline_out_v2_new27_full/10_search/search_vwap_low_hit_80bps --round-trip-cost-bps 1.7 --target-hit-bps 80.0 --label-mode hit --entry-policy vwap_low --entry-vwap-premium-bps 50.0 --max-missing 0.35 --groups reversal_fundamental_regime,reversal_fundamental_regime_sector,reversal_fundamental_regime_sector_external,all_no_ak --models xgb_d2_200_lr003_mcw5,xgb_d3_400_lr003_mcw3,xgb_d3_600_lr002_mcw3,xgb_d4_500_lr002_mcw5,lgbm_leaves7_400,lgbm_leaves15_700,extra_trees_600_d3,random_forest_600_d4 --quantiles 0.5,0.6,0.7,0.8 --train-rows 756 --valid-rows 126 --test-rows 63 --min-valid-trades 8 --min-train-entries 80
{
  "rows": 1539,
  "target_hit_bps": 80.0,
  "label_mode": "hit",
  "entry_policy": "vwap_low",
  "entry_vwap_premium_bps": 50.0,
  "groups": {
    "reversal_fundamental_regime": 137,
    "reversal_fundamental_regime_sector": 160,
    "reversal_fundamental_regime_sector_external": 541,
    "all_no_ak": 596
  },
  "models": [
    "xgb_d2_200_lr003_mcw5",
    "xgb_d3_400_lr003_mcw3",
    "xgb_d3_600_lr002_mcw3",
    "xgb_d4_500_lr002_mcw5",
    "extra_trees_600_d3",
    "random_forest_600_d4",
    "lgbm_leaves7_400",
    "lgbm_leaves15_700"
  ],
  "top": [
    {
      "entry_policy": "vwap_low",
      "feature_group": "reversal_fundamental_regime_sector",
      "model_name": "lgbm_leaves7_400",
      "target_hit_bps": 80.0,
      "trades": 201,
      "win_rate": 0.736318407960199,
      "avg_return": 0.0011168991567411973,
      "median_return": 0.008,
      "compound_return": 0.22935285608750378,
      "max_drawdown": -0.1490104679939157,
      "profit_factor": 1.243915914585373,
      "windows": 10
    },
    {
      "entry_policy": "vwap_low",
      "feature_group": "reversal_fundamental_regime_sector",
      "model_name": "xgb_d3_600_lr002_mcw3",
      "target_hit_bps": 80.0,
      "trades": 209,
      "win_rate": 0.7177033492822966,
      "avg_return": 0.0010491713024752746,
      "median_return": 0.008,
      "compound_return": 0.22401456695219957,
      "max_drawdown": -0.1503356459463624,
      "profit_factor": 1.2325031582739157,
      "windows": 10
    },
    {
      "entry_policy": "vwap_low",
      "feature_group": "reversal_fundamental_regime_sector_external",
      "model_name": "xgb_d3_600_lr002_mcw3",
      "target_hit_bps": 80.0,
      "trades": 163,
      "win_rate": 0.7791411042944786,
      "avg_return": 0.0013427321542384579,
      "median_return": 0.008,
      "compound_return": 0.22116225303555592,
      "max_drawdown": -0.1321102461198138,
      "profit_factor": 1.2790904561765895,
      "windows": 10
    },
    {
      "entry_policy": "vwap_low",
      "feature_group": "all_no_ak",
      "model_name": "xgb_d3_600_lr002_mcw3",
      "target_hit_bps": 80.0,
      "trades": 166,
      "win_rate": 0.7650602409638554,
      "avg_return": 0.0012754358368405594,
      "median_return": 0.008,
      "compound_return": 0.21670059146124254,
      "max_drawdown": -0.15017025479540924,
      "profit_factor": 1.2691525429874413,
      "windows": 10
    },
    {
      "entry_policy": "vwap_low",
      "feature_group": "reversal_fundamental_regime_sector",
      "model_name": "xgb_d2_200_lr003_mcw5",
      "target_hit_bps": 80.0,
      "trades": 136,
      "win_rate": 0.7867647058823529,
      "avg_return": 0.0014680430606790111,
      "median_return": 0.008,
      "compound_return": 0.2015779672167679,
      "max_drawdown": -0.10867915674494544,
      "profit_factor": 1.306833182297626,
      "windows": 10
    },
    {
      "entry_policy": "vwap_low",
      "feature_group": "all_no_ak",
      "model_name": "xgb_d4_500_lr002_mcw5",
      "target_hit_bps": 80.0,
      "trades": 171,
      "win_rate": 0.7543859649122807,
      "avg_return": 0.0010641240960658337,
      "median_return": 0.008,
      "compound_return": 0.17637409586354824,
      "max_drawdown": -0.17573024026509054,
      "profit_factor": 1.215447559838456,
      "windows": 10
    },
    {
      "entry_policy": "vwap_low",
      "feature_group": "reversal_fundamental_regime_sector_external",
      "model_name": "lgbm_leaves15_700",
      "target_hit_bps": 80.0,
      "trades": 191,
      "win_rate": 0.743455497382199,
      "avg_return": 0.0009250208714814441,
      "median_return": 0.008,
      "compound_return": 0.16851480171701372,
      "max_drawdown": -0.17005691027484204,
      "profit_factor": 1.1876231944421247,
      "windows": 10
    },
    {
      "entry_policy": "vwap_low",
      "feature_group": "all_no_ak",
      "model_name": "xgb_d3_400_lr003_mcw3",
      "target_hit_bps": 80.0,
      "trades": 195,
      "win_rate": 0.7384615384615385,
      "avg_return": 0.0008932175244964317,
      "median_return": 0.008,
      "compound_return": 0.1672335455521381,
      "max_drawdown": -0.16514397096697664,
      "profit_factor": 1.1799998680633743,
      "windows": 10
    },
    {
      "entry_policy": "vwap_low",
      "feature_group": "reversal_fundamental_regime_sector",
      "model_name": "lgbm_leaves15_700",
      "target_hit_bps": 80.0,
      "trades": 219,
      "win_rate": 0.7168949771689498,
      "avg_return": 0.0007480990374860503,
      "median_return": 0.008,
      "compound_return": 0.15761937760707356,
      "max_drawdown": -0.10332516015598214,
      "profit_factor": 1.1542634072613187,
      "windows": 10
    },
    {
      "entry_policy": "vwap_low",
      "feature_group": "all_no_ak",
      "model_name": "xgb_d2_200_lr003_mcw5",
      "target_hit_bps": 80.0,
      "trades": 198,
      "win_rate": 0.7323232323232324,
      "avg_return": 0.000840723594982774,
      "median_return": 0.008,
      "compound_return": 0.15683811043183393,
      "max_drawdown": -0.15174292813437218,
      "profit_factor": 1.1707390684508754,
      "windows": 10
    },
    {
      "entry_policy": "vwap_low",
      "feature_group": "reversal_fundamental_regime_sector",
      "model_name": "xgb_d4_500_lr002_mcw5",
      "target_hit_bps": 80.0,
      "trades": 202,
      "win_rate": 0.7227722772277227,
      "avg_return": 0.0007207603136818818,
      "median_return": 0.008,
      "compound_return": 0.13481510151415477,
      "max_drawdown": -0.1741898000042812,
      "profit_factor": 1.1460309234043324,
      "windows": 10
    },
    {
      "entry_policy": "vwap_low",
      "feature_group": "reversal_fundamental_regime_sector_external",
      "model_name": "xgb_d2_200_lr003_mcw5",
      "target_hit_bps": 80.0,
      "trades": 199,
      "win_rate": 0.7035175879396985,
      "avg_return": 0.000572143991805991,
      "median_return": 0.008,
      "compound_return": 0.10163144894979315,
      "max_drawdown": -0.2232251776462102,
      "profit_factor": 1.1152904355801028,
      "windows": 10
    },
    {
      "entry_policy": "vwap_low",
      "feature_group": "all_no_ak",
      "model_name": "lgbm_leaves15_700",
      "target_hit_bps": 80.0,
      "trades": 187,
      "win_rate": 0.7112299465240641,
      "avg_return": 0.0005813963131262666,
      "median_return": 0.008,
      "compound_return": 0.09603341428435308,
      "max_drawdown": -0.19426281470820306,
      "profit_factor": 1.115371888518885,
      "windows": 10
    },
    {
      "entry_policy": "vwap_low",
      "feature_group": "reversal_fundamental_regime_sector",
      "model_name": "extra_trees_600_d3",
      "target_hit_bps": 80.0,
      "trades": 243,
      "win_rate": 0.7119341563786008,
      "avg_return": 0.00046487319803546577,
      "median_return": 0.008,
      "compound_return": 0.09130281493157422,
      "max_drawdown": -0.10931207779442143,
      "profit_factor": 1.0906735274420807,
      "windows": 10
    },
    {
      "entry_policy": "vwap_low",
      "feature_group": "all_no_ak",
      "model_name": "lgbm_leaves7_400",
      "target_hit_bps": 80.0,
      "trades": 169,
      "win_rate": 0.727810650887574,
      "avg_return": 0.0004703077895383595,
      "median_return": 0.008,
      "compound_return": 0.06190748727570816,
      "max_drawdown": -0.1389167486529339,
      "profit_factor": 1.0891461089716716,
      "windows": 10
    },
    {
      "entry_policy": "vwap_low",
      "feature_group": "reversal_fundamental_regime",
      "model_name": "extra_trees_600_d3",
      "target_hit_bps": 80.0,
      "trades": 225,
      "win_rate": 0.72,
      "avg_return": 0.000362657883920331,
      "median_return": 0.008,
      "compound_return": 0.05816488023334454,
      "max_drawdown": -0.14259963488432692,
      "profit_factor": 1.068222197905268,
      "windows": 10
    },
    {
      "entry_policy": "vwap_low",
      "feature_group": "reversal_fundamental_regime_sector",
      "model_name": "xgb_d3_400_lr003_mcw3",
      "target_hit_bps": 80.0,
      "trades": 191,
      "win_rate": 0.7329842931937173,
      "avg_return": 0.00039397254301241783,
      "median_return": 0.008,
      "compound_return": 0.05339684867409922,
      "max_drawdown": -0.13449025452141306,
      "profit_factor": 1.0739183301138309,
      "windows": 10
    },
    {
      "entry_policy": "vwap_low",
      "feature_group": "reversal_fundamental_regime_sector_external",
      "model_name": "lgbm_leaves7_400",
      "target_hit_bps": 80.0,
      "trades": 171,
      "win_rate": 0.7076023391812866,
      "avg_return": 0.00038448057536626996,
      "median_return": 0.008,
      "compound_return": 0.05186673415989129,
      "max_drawdown": -0.20589163265457044,
      "profit_factor": 1.0739278888822639,
      "windows": 10
    },
    {
      "entry_policy": "vwap_low",
      "feature_group": "reversal_fundamental_regime_sector_external",
      "model_name": "xgb_d3_400_lr003_mcw3",
      "target_hit_bps": 80.0,
      "trades": 170,
      "win_rate": 0.7411764705882353,
      "avg_return": 0.0002809915441131789,
      "median_return": 0.008,
      "compound_return": 0.025826301931626272,
      "max_drawdown": -0.16469885019065322,
      "profit_factor": 1.050328571630041,
      "windows": 10
    },
    {
      "entry_policy": "vwap_low",
      "feature_group": "reversal_fundamental_regime",
      "model_name": "random_forest_600_d4",
      "target_hit_bps": 80.0,
      "trades": 265,
      "win_rate": 0.7056603773584905,
      "avg_return": 0.0001223407043478819,
      "median_return": 0.008,
      "compound_return": 0.0024307513615289267,
      "max_drawdown": -0.16175887746101014,
      "profit_factor": 1.0224047320995346,
      "windows": 10
    }
  ]
}

[2026-05-17T04:35:37] RUN search_vwap_low_close_profit_50bps
  /usr/bin/python3 model_training/search_walk_forward_model_complexity.py --samples /root/stock_realtime_v021_full/saved_data/600885_pipeline_out_v2_new27_full/04_external/storage_power/training_samples_with_storage_power_external.csv --intraday-bars /root/stock_realtime_v021_full/saved_data/600885_pipeline_out_v2_new27_full/00_base/600885_5m.csv --out-dir /root/stock_realtime_v021_full/saved_data/600885_pipeline_out_v2_new27_full/10_search/search_vwap_low_close_profit_50bps --round-trip-cost-bps 1.7 --target-hit-bps 50.0 --label-mode close_profit --entry-policy vwap_low --entry-vwap-premium-bps 50.0 --max-missing 0.35 --groups reversal_fundamental_regime,reversal_fundamental_regime_sector,reversal_fundamental_regime_sector_external,all_no_ak --models xgb_d2_200_lr003_mcw5,xgb_d3_400_lr003_mcw3,xgb_d3_600_lr002_mcw3,xgb_d4_500_lr002_mcw5,lgbm_leaves7_400,lgbm_leaves15_700,extra_trees_600_d3,random_forest_600_d4 --quantiles 0.5,0.6,0.7,0.8 --train-rows 756 --valid-rows 126 --test-rows 63 --min-valid-trades 8 --min-train-entries 80
{
  "rows": 1539,
  "target_hit_bps": 50.0,
  "label_mode": "close_profit",
  "entry_policy": "vwap_low",
  "entry_vwap_premium_bps": 50.0,
  "groups": {
    "reversal_fundamental_regime": 137,
    "reversal_fundamental_regime_sector": 160,
    "reversal_fundamental_regime_sector_external": 541,
    "all_no_ak": 596
  },
  "models": [
    "xgb_d2_200_lr003_mcw5",
    "xgb_d3_400_lr003_mcw3",
    "xgb_d3_600_lr002_mcw3",
    "xgb_d4_500_lr002_mcw5",
    "extra_trees_600_d3",
    "random_forest_600_d4",
    "lgbm_leaves7_400",
    "lgbm_leaves15_700"
  ],
  "top": [
    {
      "entry_policy": "vwap_low",
      "feature_group": "reversal_fundamental_regime_sector_external",
      "model_name": "lgbm_leaves15_700",
      "target_hit_bps": 50.0,
      "trades": 202,
      "win_rate": 0.49504950495049505,
      "avg_return": 0.00243137784506104,
      "median_return": -0.0006666017474079543,
      "compound_return": 0.5450380985742995,
      "max_drawdown": -0.16926791600800484,
      "profit_factor": 1.3171183251433238,
      "windows": 10
    },
    {
      "entry_policy": "vwap_low",
      "feature_group": "reversal_fundamental_regime_sector_external",
      "model_name": "extra_trees_600_d3",
      "target_hit_bps": 50.0,
      "trades": 191,
      "win_rate": 0.49214659685863876,
      "avg_return": 0.002063151658118687,
      "median_return": -0.0005297122302158029,
      "compound_return": 0.39963304665886623,
      "max_drawdown": -0.254749489103932,
      "profit_factor": 1.2652230748204985,
      "windows": 10
    },
    {
      "entry_policy": "vwap_low",
      "feature_group": "all_no_ak",
      "model_name": "random_forest_600_d4",
      "target_hit_bps": 50.0,
      "trades": 275,
      "win_rate": 0.5018181818181818,
      "avg_return": 0.0013393884843784481,
      "median_return": 0.00043642813826561336,
      "compound_return": 0.35015350528704214,
      "max_drawdown": -0.2669432539464027,
      "profit_factor": 1.1729608134017775,
      "windows": 10
    },
    {
      "entry_policy": "vwap_low",
      "feature_group": "all_no_ak",
      "model_name": "lgbm_leaves15_700",
      "target_hit_bps": 50.0,
      "trades": 246,
      "win_rate": 0.4715447154471545,
      "avg_return": 0.0013453980746203523,
      "median_return": -0.0011154073318092005,
      "compound_return": 0.30201401415581985,
      "max_drawdown": -0.20732411368131642,
      "profit_factor": 1.1748452220627654,
      "windows": 10
    },
    {
      "entry_policy": "vwap_low",
      "feature_group": "reversal_fundamental_regime_sector_external",
      "model_name": "random_forest_600_d4",
      "target_hit_bps": 50.0,
      "trades": 231,
      "win_rate": 0.4935064935064935,
      "avg_return": 0.001253075830933616,
      "median_return": -0.0005297122302158029,
      "compound_return": 0.26394372960014945,
      "max_drawdown": -0.20528631853121926,
      "profit_factor": 1.172635994916935,
      "windows": 10
    },
    {
      "entry_policy": "vwap_low",
      "feature_group": "all_no_ak",
      "model_name": "xgb_d4_500_lr002_mcw5",
      "target_hit_bps": 50.0,
      "trades": 266,
      "win_rate": 0.48872180451127817,
      "avg_return": 0.0009757237880153652,
      "median_return": -0.0006666017474079543,
      "compound_return": 0.20780712676977875,
      "max_drawdown": -0.27898044392495325,
      "profit_factor": 1.1221198312433172,
      "windows": 10
    },
    {
      "entry_policy": "vwap_low",
      "feature_group": "reversal_fundamental_regime_sector_external",
      "model_name": "xgb_d4_500_lr002_mcw5",
      "target_hit_bps": 50.0,
      "trades": 215,
      "win_rate": 0.4744186046511628,
      "avg_return": 0.0011119284545126839,
      "median_return": -0.0009470007770006027,
      "compound_return": 0.19938554392728047,
      "max_drawdown": -0.2246884634766858,
      "profit_factor": 1.1385866030583627,
      "windows": 10
    },
    {
      "entry_policy": "vwap_low",
      "feature_group": "reversal_fundamental_regime_sector_external",
      "model_name": "xgb_d2_200_lr003_mcw5",
      "target_hit_bps": 50.0,
      "trades": 231,
      "win_rate": 0.4805194805194805,
      "avg_return": 0.0009680132218716842,
      "median_return": -0.0008120545746388395,
      "compound_return": 0.1712528749436233,
      "max_drawdown": -0.23157528745419476,
      "profit_factor": 1.1182464508734098,
      "windows": 10
    },
    {
      "entry_policy": "vwap_low",
      "feature_group": "reversal_fundamental_regime_sector",
      "model_name": "random_forest_600_d4",
      "target_hit_bps": 50.0,
      "trades": 200,
      "win_rate": 0.485,
      "avg_return": 0.0008511669275544319,
      "median_return": -0.0007702750602495111,
      "compound_return": 0.13244124875379826,
      "max_drawdown": -0.2522574492672307,
      "profit_factor": 1.1167966716251259,
      "windows": 10
    },
    {
      "entry_policy": "vwap_low",
      "feature_group": "reversal_fundamental_regime_sector_external",
      "model_name": "xgb_d3_400_lr003_mcw3",
      "target_hit_bps": 50.0,
      "trades": 201,
      "win_rate": 0.46766169154228854,
      "avg_return": 0.0008893209961217609,
      "median_return": -0.0012565628395508864,
      "compound_return": 0.1316085710325845,
      "max_drawdown": -0.2054303318523707,
      "profit_factor": 1.11029889807514,
      "windows": 10
    },
    {
      "entry_policy": "vwap_low",
      "feature_group": "reversal_fundamental_regime",
      "model_name": "extra_trees_600_d3",
      "target_hit_bps": 50.0,
      "trades": 197,
      "win_rate": 0.49746192893401014,
      "avg_return": 0.0008320504602561644,
      "median_return": -0.00016999999999999999,
      "compound_return": 0.12470129646503936,
      "max_drawdown": -0.18750932586147107,
      "profit_factor": 1.1147567008247234,
      "windows": 10
    },
    {
      "entry_policy": "vwap_low",
      "feature_group": "reversal_fundamental_regime",
      "model_name": "lgbm_leaves7_400",
      "target_hit_bps": 50.0,
      "trades": 232,
      "win_rate": 0.4482758620689655,
      "avg_return": 0.0006416120140664282,
      "median_return": -0.001930318459161303,
      "compound_return": 0.0922265299262357,
      "max_drawdown": -0.25017242308627474,
      "profit_factor": 1.0835147140014465,
      "windows": 10
    },
    {
      "entry_policy": "vwap_low",
      "feature_group": "reversal_fundamental_regime_sector_external",
      "model_name": "xgb_d3_600_lr002_mcw3",
      "target_hit_bps": 50.0,
      "trades": 243,
      "win_rate": 0.48148148148148145,
      "avg_return": 0.0006159012051433549,
      "median_return": -0.0008120545746388395,
      "compound_return": 0.0893374315649269,
      "max_drawdown": -0.23017193825957016,
      "profit_factor": 1.0768214563372467,
      "windows": 10
    },
    {
      "entry_policy": "vwap_low",
      "feature_group": "reversal_fundamental_regime",
      "model_name": "lgbm_leaves15_700",
      "target_hit_bps": 50.0,
      "trades": 223,
      "win_rate": 0.47085201793721976,
      "avg_return": 0.0005088145784678523,
      "median_return": -0.0011650248756219748,
      "compound_return": 0.0636106266450227,
      "max_drawdown": -0.282005736137228,
      "profit_factor": 1.0696024644347653,
      "windows": 10
    },
    {
      "entry_policy": "vwap_low",
      "feature_group": "all_no_ak",
      "model_name": "xgb_d2_200_lr003_mcw5",
      "target_hit_bps": 50.0,
      "trades": 253,
      "win_rate": 0.48616600790513836,
      "avg_return": 0.00041210474865706077,
      "median_return": -0.0008120545746388395,
      "compound_return": 0.03682842793825314,
      "max_drawdown": -0.25004892735846307,
      "profit_factor": 1.0489689402707825,
      "windows": 10
    },
    {
      "entry_policy": "vwap_low",
      "feature_group": "reversal_fundamental_regime",
      "model_name": "xgb_d2_200_lr003_mcw5",
      "target_hit_bps": 50.0,
      "trades": 234,
      "win_rate": 0.4700854700854701,
      "avg_return": 0.0003714184762798349,
      "median_return": -0.0011183690654034094,
      "compound_return": 0.03649004810599754,
      "max_drawdown": -0.2443449196285259,
      "profit_factor": 1.0515231246210641,
      "windows": 10
    },
    {
      "entry_policy": "vwap_low",
      "feature_group": "reversal_fundamental_regime_sector",
      "model_name": "lgbm_leaves7_400",
      "target_hit_bps": 50.0,
      "trades": 253,
      "win_rate": 0.45849802371541504,
      "avg_return": 0.0003072370253067748,
      "median_return": -0.0017264202334630295,
      "compound_return": 0.02104966730598079,
      "max_drawdown": -0.2973303098837893,
      "profit_factor": 1.0412203140864744,
      "windows": 10
    },
    {
      "entry_policy": "vwap_low",
      "feature_group": "all_no_ak",
      "model_name": "xgb_d3_600_lr002_mcw3",
      "target_hit_bps": 50.0,
      "trades": 206,
      "win_rate": 0.470873786407767,
      "avg_return": 0.000333051356084268,
      "median_return": -0.0013382814197754299,
      "compound_return": 0.018373333385888868,
      "max_drawdown": -0.24984851317812984,
      "profit_factor": 1.0402309165369237,
      "windows": 10
    },
    {
      "entry_policy": "vwap_low",
      "feature_group": "reversal_fundamental_regime_sector",
      "model_name": "xgb_d4_500_lr002_mcw5",
      "target_hit_bps": 50.0,
      "trades": 219,
      "win_rate": 0.4931506849315068,
      "avg_return": 0.00033787874163988547,
      "median_return": -0.0005935493434984195,
      "compound_return": 0.014442424069332382,
      "max_drawdown": -0.3091264882828375,
      "profit_factor": 1.0410860350860074,
      "windows": 10
    },
    {
      "entry_policy": "vwap_low",
      "feature_group": "reversal_fundamental_regime_sector",
      "model_name": "extra_trees_600_d3",
      "target_hit_bps": 50.0,
      "trades": 211,
      "win_rate": 0.4881516587677725,
      "avg_return": 0.00030608860180019425,
      "median_return": -0.0004706614552014675,
      "compound_return": 0.012862056483095463,
      "max_drawdown": -0.2779994591058076,
      "profit_factor": 1.0406879218661969,
      "windows": 10
    }
  ]
}

[2026-05-17T05:02:04] RUN search_all_days_hit_50bps
  /usr/bin/python3 model_training/search_walk_forward_model_complexity.py --samples /root/stock_realtime_v021_full/saved_data/600885_pipeline_out_v2_new27_full/04_external/storage_power/training_samples_with_storage_power_external.csv --intraday-bars /root/stock_realtime_v021_full/saved_data/600885_pipeline_out_v2_new27_full/00_base/600885_5m.csv --out-dir /root/stock_realtime_v021_full/saved_data/600885_pipeline_out_v2_new27_full/10_search/search_all_days_hit_50bps --round-trip-cost-bps 1.7 --target-hit-bps 50.0 --label-mode hit --entry-policy all_days --entry-vwap-premium-bps 50.0 --max-missing 0.35 --groups reversal_fundamental_regime,reversal_fundamental_regime_sector,reversal_fundamental_regime_sector_external,all_no_ak --models xgb_d2_200_lr003_mcw5,xgb_d3_400_lr003_mcw3,xgb_d3_600_lr002_mcw3,xgb_d4_500_lr002_mcw5,lgbm_leaves7_400,lgbm_leaves15_700,extra_trees_600_d3,random_forest_600_d4 --quantiles 0.5,0.6,0.7,0.8 --train-rows 756 --valid-rows 126 --test-rows 63 --min-valid-trades 8 --min-train-entries 80
{
  "rows": 1539,
  "target_hit_bps": 50.0,
  "label_mode": "hit",
  "entry_policy": "all_days",
  "entry_vwap_premium_bps": 50.0,
  "groups": {
    "reversal_fundamental_regime": 137,
    "reversal_fundamental_regime_sector": 160,
    "reversal_fundamental_regime_sector_external": 541,
    "all_no_ak": 596
  },
  "models": [
    "xgb_d2_200_lr003_mcw5",
    "xgb_d3_400_lr003_mcw3",
    "xgb_d3_600_lr002_mcw3",
    "xgb_d4_500_lr002_mcw5",
    "extra_trees_600_d3",
    "random_forest_600_d4",
    "lgbm_leaves7_400",
    "lgbm_leaves15_700"
  ],
  "top": [
    {
      "entry_policy": "all_days",
      "feature_group": "reversal_fundamental_regime_sector_external",
      "model_name": "xgb_d3_600_lr002_mcw3",
      "target_hit_bps": 50.0,
      "trades": 189,
      "win_rate": 0.8624338624338624,
      "avg_return": 0.001112536990151667,
      "median_return": 0.005,
      "compound_return": 0.2158302159225174,
      "max_drawdown": -0.11133189734987148,
      "profit_factor": 1.349118181050603,
      "windows": 10
    },
    {
      "entry_policy": "all_days",
      "feature_group": "reversal_fundamental_regime_sector_external",
      "model_name": "extra_trees_600_d3",
      "target_hit_bps": 50.0,
      "trades": 184,
      "win_rate": 0.8152173913043478,
      "avg_return": 0.0006740299418697224,
      "median_return": 0.005,
      "compound_return": 0.1214663194598351,
      "max_drawdown": -0.10234676267295884,
      "profit_factor": 1.1989005074269004,
      "windows": 10
    },
    {
      "entry_policy": "all_days",
      "feature_group": "reversal_fundamental_regime",
      "model_name": "xgb_d4_500_lr002_mcw5",
      "target_hit_bps": 50.0,
      "trades": 207,
      "win_rate": 0.8260869565217391,
      "avg_return": 0.0005203919020463899,
      "median_return": 0.005,
      "compound_return": 0.09463965765378202,
      "max_drawdown": -0.13256491458436603,
      "profit_factor": 1.1449889998131313,
      "windows": 10
    },
    {
      "entry_policy": "all_days",
      "feature_group": "all_no_ak",
      "model_name": "lgbm_leaves7_400",
      "target_hit_bps": 50.0,
      "trades": 151,
      "win_rate": 0.8344370860927153,
      "avg_return": 0.0006168417247357993,
      "median_return": 0.005,
      "compound_return": 0.08424793393187491,
      "max_drawdown": -0.11133189734987148,
      "profit_factor": 1.1742902171917697,
      "windows": 10
    },
    {
      "entry_policy": "all_days",
      "feature_group": "reversal_fundamental_regime_sector",
      "model_name": "lgbm_leaves15_700",
      "target_hit_bps": 50.0,
      "trades": 159,
      "win_rate": 0.8176100628930818,
      "avg_return": 0.0005696316930667176,
      "median_return": 0.005,
      "compound_return": 0.08410325234641869,
      "max_drawdown": -0.09660160986847832,
      "profit_factor": 1.1618999199248978,
      "windows": 10
    },
    {
      "entry_policy": "all_days",
      "feature_group": "all_no_ak",
      "model_name": "xgb_d3_600_lr002_mcw3",
      "target_hit_bps": 50.0,
      "trades": 203,
      "win_rate": 0.8325123152709359,
      "avg_return": 0.0004557391809176638,
      "median_return": 0.005,
      "compound_return": 0.07840980995218394,
      "max_drawdown": -0.14220252667305144,
      "profit_factor": 1.123346519789375,
      "windows": 10
    },
    {
      "entry_policy": "all_days",
      "feature_group": "all_no_ak",
      "model_name": "xgb_d2_200_lr003_mcw5",
      "target_hit_bps": 50.0,
      "trades": 198,
      "win_rate": 0.8434343434343434,
      "avg_return": 0.0004303899168208227,
      "median_return": 0.005,
      "compound_return": 0.0702816874005816,
      "max_drawdown": -0.21360893280100468,
      "profit_factor": 1.1140273985367588,
      "windows": 10
    },
    {
      "entry_policy": "all_days",
      "feature_group": "reversal_fundamental_regime_sector_external",
      "model_name": "random_forest_600_d4",
      "target_hit_bps": 50.0,
      "trades": 236,
      "win_rate": 0.809322033898305,
      "avg_return": 0.0003156925444861137,
      "median_return": 0.005,
      "compound_return": 0.06237983808519498,
      "max_drawdown": -0.14355703292373578,
      "profit_factor": 1.0848506866134826,
      "windows": 10
    },
    {
      "entry_policy": "all_days",
      "feature_group": "all_no_ak",
      "model_name": "random_forest_600_d4",
      "target_hit_bps": 50.0,
      "trades": 233,
      "win_rate": 0.8197424892703863,
      "avg_return": 0.00031746076281795397,
      "median_return": 0.005,
      "compound_return": 0.056862087996385924,
      "max_drawdown": -0.17015021871261116,
      "profit_factor": 1.084189984974773,
      "windows": 10
    },
    {
      "entry_policy": "all_days",
      "feature_group": "reversal_fundamental_regime_sector_external",
      "model_name": "xgb_d3_400_lr003_mcw3",
      "target_hit_bps": 50.0,
      "trades": 190,
      "win_rate": 0.8315789473684211,
      "avg_return": 0.0003572221181597667,
      "median_return": 0.005,
      "compound_return": 0.05035554258369035,
      "max_drawdown": -0.1322059083048721,
      "profit_factor": 1.0943082448869736,
      "windows": 10
    },
    {
      "entry_policy": "all_days",
      "feature_group": "reversal_fundamental_regime_sector",
      "model_name": "lgbm_leaves7_400",
      "target_hit_bps": 50.0,
      "trades": 209,
      "win_rate": 0.7990430622009569,
      "avg_return": 0.00023504224592218174,
      "median_return": 0.005,
      "compound_return": 0.03639530529418589,
      "max_drawdown": -0.1487771435443368,
      "profit_factor": 1.0627583812988377,
      "windows": 10
    },
    {
      "entry_policy": "all_days",
      "feature_group": "reversal_fundamental_regime",
      "model_name": "lgbm_leaves7_400",
      "target_hit_bps": 50.0,
      "trades": 158,
      "win_rate": 0.810126582278481,
      "avg_return": 0.00025949999363537304,
      "median_return": 0.005,
      "compound_return": 0.02858133636086313,
      "max_drawdown": -0.1250050053559606,
      "profit_factor": 1.0684491942817194,
      "windows": 10
    },
    {
      "entry_policy": "all_days",
      "feature_group": "all_no_ak",
      "model_name": "xgb_d3_400_lr003_mcw3",
      "target_hit_bps": 50.0,
      "trades": 190,
      "win_rate": 0.8368421052631579,
      "avg_return": 0.00022684674210584043,
      "median_return": 0.005,
      "compound_return": 0.02608397980309185,
      "max_drawdown": -0.13766987737963,
      "profit_factor": 1.0575095520468072,
      "windows": 10
    },
    {
      "entry_policy": "all_days",
      "feature_group": "reversal_fundamental_regime_sector_external",
      "model_name": "xgb_d4_500_lr002_mcw5",
      "target_hit_bps": 50.0,
      "trades": 177,
      "win_rate": 0.8418079096045198,
      "avg_return": 0.0002254609484160769,
      "median_return": 0.005,
      "compound_return": 0.023743410436453116,
      "max_drawdown": -0.19335959770429412,
      "profit_factor": 1.0567943771252306,
      "windows": 10
    },
    {
      "entry_policy": "all_days",
      "feature_group": "reversal_fundamental_regime_sector",
      "model_name": "xgb_d3_400_lr003_mcw3",
      "target_hit_bps": 50.0,
      "trades": 194,
      "win_rate": 0.8247422680412371,
      "avg_return": 0.00015579752797789768,
      "median_return": 0.005,
      "compound_return": 0.012661668747145916,
      "max_drawdown": -0.11795280001254305,
      "profit_factor": 1.039264342763132,
      "windows": 10
    },
    {
      "entry_policy": "all_days",
      "feature_group": "reversal_fundamental_regime",
      "model_name": "xgb_d2_200_lr003_mcw5",
      "target_hit_bps": 50.0,
      "trades": 197,
      "win_rate": 0.8121827411167513,
      "avg_return": 0.00013518010622231688,
      "median_return": 0.005,
      "compound_return": 0.009455679910100878,
      "max_drawdown": -0.11605976554712905,
      "profit_factor": 1.0344343554652573,
      "windows": 10
    },
    {
      "entry_policy": "all_days",
      "feature_group": "reversal_fundamental_regime_sector_external",
      "model_name": "xgb_d2_200_lr003_mcw5",
      "target_hit_bps": 50.0,
      "trades": 158,
      "win_rate": 0.8354430379746836,
      "avg_return": 0.00012840333532785597,
      "median_return": 0.005,
      "compound_return": 0.006167067218319611,
      "max_drawdown": -0.11622686999654963,
      "profit_factor": 1.0320609124406404,
      "windows": 10
    },
    {
      "entry_policy": "all_days",
      "feature_group": "reversal_fundamental_regime_sector",
      "model_name": "xgb_d4_500_lr002_mcw5",
      "target_hit_bps": 50.0,
      "trades": 248,
      "win_rate": 0.8225806451612904,
      "avg_return": 6.617047791742362e-05,
      "median_return": 0.005,
      "compound_return": -0.005036979841955058,
      "max_drawdown": -0.16591695736306933,
      "profit_factor": 1.016351580902381,
      "windows": 10
    },
    {
      "entry_policy": "all_days",
      "feature_group": "reversal_fundamental_regime",
      "model_name": "extra_trees_600_d3",
      "target_hit_bps": 50.0,
      "trades": 168,
      "win_rate": 0.7916666666666666,
      "avg_return": 3.338963274472152e-05,
      "median_return": 0.005,
      "compound_return": -0.007502381577846773,
      "max_drawdown": -0.1530641381018325,
      "profit_factor": 1.0085070348244012,
      "windows": 10
    },
    {
      "entry_policy": "all_days",
      "feature_group": "reversal_fundamental_regime_sector",
      "model_name": "random_forest_600_d4",
      "target_hit_bps": 50.0,
      "trades": 193,
      "win_rate": 0.8082901554404145,
      "avg_return": 4.2378859039337785e-05,
      "median_return": 0.005,
      "compound_return": -0.009523640558302349,
      "max_drawdown": -0.1368805141588365,
      "profit_factor": 1.010597173520902,
      "windows": 10
    }
  ]
}

[2026-05-17T05:27:40] RUN search_all_days_hit_80bps
  /usr/bin/python3 model_training/search_walk_forward_model_complexity.py --samples /root/stock_realtime_v021_full/saved_data/600885_pipeline_out_v2_new27_full/04_external/storage_power/training_samples_with_storage_power_external.csv --intraday-bars /root/stock_realtime_v021_full/saved_data/600885_pipeline_out_v2_new27_full/00_base/600885_5m.csv --out-dir /root/stock_realtime_v021_full/saved_data/600885_pipeline_out_v2_new27_full/10_search/search_all_days_hit_80bps --round-trip-cost-bps 1.7 --target-hit-bps 80.0 --label-mode hit --entry-policy all_days --entry-vwap-premium-bps 50.0 --max-missing 0.35 --groups reversal_fundamental_regime,reversal_fundamental_regime_sector,reversal_fundamental_regime_sector_external,all_no_ak --models xgb_d2_200_lr003_mcw5,xgb_d3_400_lr003_mcw3,xgb_d3_600_lr002_mcw3,xgb_d4_500_lr002_mcw5,lgbm_leaves7_400,lgbm_leaves15_700,extra_trees_600_d3,random_forest_600_d4 --quantiles 0.5,0.6,0.7,0.8 --train-rows 756 --valid-rows 126 --test-rows 63 --min-valid-trades 8 --min-train-entries 80
{
  "rows": 1539,
  "target_hit_bps": 80.0,
  "label_mode": "hit",
  "entry_policy": "all_days",
  "entry_vwap_premium_bps": 50.0,
  "groups": {
    "reversal_fundamental_regime": 137,
    "reversal_fundamental_regime_sector": 160,
    "reversal_fundamental_regime_sector_external": 541,
    "all_no_ak": 596
  },
  "models": [
    "xgb_d2_200_lr003_mcw5",
    "xgb_d3_400_lr003_mcw3",
    "xgb_d3_600_lr002_mcw3",
    "xgb_d4_500_lr002_mcw5",
    "extra_trees_600_d3",
    "random_forest_600_d4",
    "lgbm_leaves7_400",
    "lgbm_leaves15_700"
  ],
  "top": [
    {
      "entry_policy": "all_days",
      "feature_group": "all_no_ak",
      "model_name": "xgb_d3_600_lr002_mcw3",
      "target_hit_bps": 80.0,
      "trades": 169,
      "win_rate": 0.7692307692307693,
      "avg_return": 0.0013948067983167627,
      "median_return": 0.008,
      "compound_return": 0.24613563512057568,
      "max_drawdown": -0.13651858976844267,
      "profit_factor": 1.2996626004508391,
      "windows": 10
    },
    {
      "entry_policy": "all_days",
      "feature_group": "reversal_fundamental_regime_sector_external",
      "model_name": "xgb_d3_600_lr002_mcw3",
      "target_hit_bps": 80.0,
      "trades": 170,
      "win_rate": 0.7764705882352941,
      "avg_return": 0.001379996408979952,
      "median_return": 0.008,
      "compound_return": 0.24012877072760364,
      "max_drawdown": -0.12562558602074947,
      "profit_factor": 1.290175090456236,
      "windows": 10
    },
    {
      "entry_policy": "all_days",
      "feature_group": "all_no_ak",
      "model_name": "xgb_d3_400_lr003_mcw3",
      "target_hit_bps": 80.0,
      "trades": 190,
      "win_rate": 0.7421052631578947,
      "avg_return": 0.0012088562781753564,
      "median_return": 0.008,
      "compound_return": 0.23618180013660361,
      "max_drawdown": -0.15562299539198043,
      "profit_factor": 1.2586086519524422,
      "windows": 10
    },
    {
      "entry_policy": "all_days",
      "feature_group": "reversal_fundamental_regime_sector",
      "model_name": "lgbm_leaves7_400",
      "target_hit_bps": 80.0,
      "trades": 197,
      "win_rate": 0.7411167512690355,
      "avg_return": 0.0011179113894777535,
      "median_return": 0.008,
      "compound_return": 0.22424271438865273,
      "max_drawdown": -0.1490104679939157,
      "profit_factor": 1.2423678985822657,
      "windows": 10
    },
    {
      "entry_policy": "all_days",
      "feature_group": "reversal_fundamental_regime_sector",
      "model_name": "xgb_d2_200_lr003_mcw5",
      "target_hit_bps": 80.0,
      "trades": 145,
      "win_rate": 0.7793103448275862,
      "avg_return": 0.001460938608526621,
      "median_return": 0.008,
      "compound_return": 0.2155431239278336,
      "max_drawdown": -0.10867915674494544,
      "profit_factor": 1.3085697425230478,
      "windows": 10
    },
    {
      "entry_policy": "all_days",
      "feature_group": "reversal_fundamental_regime_sector",
      "model_name": "xgb_d3_600_lr002_mcw3",
      "target_hit_bps": 80.0,
      "trades": 212,
      "win_rate": 0.7169811320754716,
      "avg_return": 0.00098252456610582,
      "median_return": 0.008,
      "compound_return": 0.2101207451269571,
      "max_drawdown": -0.1503356459463624,
      "profit_factor": 1.2147163400980339,
      "windows": 10
    },
    {
      "entry_policy": "all_days",
      "feature_group": "all_no_ak",
      "model_name": "xgb_d4_500_lr002_mcw5",
      "target_hit_bps": 80.0,
      "trades": 172,
      "win_rate": 0.7616279069767442,
      "avg_return": 0.0011612512815538235,
      "median_return": 0.008,
      "compound_return": 0.1973907509687154,
      "max_drawdown": -0.16766284542361065,
      "profit_factor": 1.2369839562324434,
      "windows": 10
    },
    {
      "entry_policy": "all_days",
      "feature_group": "reversal_fundamental_regime_sector_external",
      "model_name": "lgbm_leaves15_700",
      "target_hit_bps": 80.0,
      "trades": 194,
      "win_rate": 0.7474226804123711,
      "avg_return": 0.0010344277652214217,
      "median_return": 0.008,
      "compound_return": 0.19678411007972985,
      "max_drawdown": -0.17005691027484204,
      "profit_factor": 1.2131098511012628,
      "windows": 10
    },
    {
      "entry_policy": "all_days",
      "feature_group": "all_no_ak",
      "model_name": "xgb_d2_200_lr003_mcw5",
      "target_hit_bps": 80.0,
      "trades": 199,
      "win_rate": 0.7386934673366834,
      "avg_return": 0.0009437499649846072,
      "median_return": 0.008,
      "compound_return": 0.18173553680694043,
      "max_drawdown": -0.15174292813437218,
      "profit_factor": 1.1936917295693812,
      "windows": 10
    },
    {
      "entry_policy": "all_days",
      "feature_group": "reversal_fundamental_regime_sector",
      "model_name": "lgbm_leaves15_700",
      "target_hit_bps": 80.0,
      "trades": 213,
      "win_rate": 0.7183098591549296,
      "avg_return": 0.0007198341763947554,
      "median_return": 0.008,
      "compound_return": 0.146218775665389,
      "max_drawdown": -0.1121558977178545,
      "profit_factor": 1.1473499932614275,
      "windows": 10
    },
    {
      "entry_policy": "all_days",
      "feature_group": "reversal_fundamental_regime_sector_external",
      "model_name": "random_forest_600_d4",
      "target_hit_bps": 80.0,
      "trades": 212,
      "win_rate": 0.7311320754716981,
      "avg_return": 0.0006644311434522399,
      "median_return": 0.008,
      "compound_return": 0.12660493943082285,
      "max_drawdown": -0.2365538565933788,
      "profit_factor": 1.1312386378508037,
      "windows": 10
    },
    {
      "entry_policy": "all_days",
      "feature_group": "reversal_fundamental_regime_sector",
      "model_name": "xgb_d4_500_lr002_mcw5",
      "target_hit_bps": 80.0,
      "trades": 205,
      "win_rate": 0.7219512195121951,
      "avg_return": 0.0006566438495650809,
      "median_return": 0.008,
      "compound_return": 0.12193378518775644,
      "max_drawdown": -0.1741898000042812,
      "profit_factor": 1.131458721823745,
      "windows": 10
    },
    {
      "entry_policy": "all_days",
      "feature_group": "reversal_fundamental_regime_sector_external",
      "model_name": "xgb_d2_200_lr003_mcw5",
      "target_hit_bps": 80.0,
      "trades": 232,
      "win_rate": 0.7068965517241379,
      "avg_return": 0.0005548854449539836,
      "median_return": 0.008,
      "compound_return": 0.11445838170039879,
      "max_drawdown": -0.2232251776462102,
      "profit_factor": 1.1109808678220756,
      "windows": 10
    },
    {
      "entry_policy": "all_days",
      "feature_group": "reversal_fundamental_regime_sector",
      "model_name": "extra_trees_600_d3",
      "target_hit_bps": 80.0,
      "trades": 242,
      "win_rate": 0.7148760330578512,
      "avg_return": 0.0005433789874323645,
      "median_return": 0.008,
      "compound_return": 0.11245066978477691,
      "max_drawdown": -0.10931207779442143,
      "profit_factor": 1.1071438412144077,
      "windows": 10
    },
    {
      "entry_policy": "all_days",
      "feature_group": "all_no_ak",
      "model_name": "lgbm_leaves15_700",
      "target_hit_bps": 80.0,
      "trades": 191,
      "win_rate": 0.7120418848167539,
      "avg_return": 0.0005976118061070837,
      "median_return": 0.008,
      "compound_return": 0.10181034569246505,
      "max_drawdown": -0.19426281470820306,
      "profit_factor": 1.1193718217675308,
      "windows": 10
    },
    {
      "entry_policy": "all_days",
      "feature_group": "all_no_ak",
      "model_name": "lgbm_leaves7_400",
      "target_hit_bps": 80.0,
      "trades": 170,
      "win_rate": 0.7294117647058823,
      "avg_return": 0.000514600096658722,
      "median_return": 0.008,
      "compound_return": 0.0704027471739137,
      "max_drawdown": -0.13891674865293402,
      "profit_factor": 1.0981188163058353,
      "windows": 10
    },
    {
      "entry_policy": "all_days",
      "feature_group": "reversal_fundamental_regime_sector",
      "model_name": "xgb_d3_400_lr003_mcw3",
      "target_hit_bps": 80.0,
      "trades": 193,
      "win_rate": 0.7357512953367875,
      "avg_return": 0.0004530909166822741,
      "median_return": 0.008,
      "compound_return": 0.06615247215071784,
      "max_drawdown": -0.13449025452141306,
      "profit_factor": 1.0855808168839325,
      "windows": 10
    },
    {
      "entry_policy": "all_days",
      "feature_group": "reversal_fundamental_regime",
      "model_name": "extra_trees_600_d3",
      "target_hit_bps": 80.0,
      "trades": 229,
      "win_rate": 0.7205240174672489,
      "avg_return": 0.00034330318637194694,
      "median_return": 0.008,
      "compound_return": 0.054522851583220344,
      "max_drawdown": -0.14259963488432692,
      "profit_factor": 1.0642793006440958,
      "windows": 10
    },
    {
      "entry_policy": "all_days",
      "feature_group": "reversal_fundamental_regime_sector_external",
      "model_name": "lgbm_leaves7_400",
      "target_hit_bps": 80.0,
      "trades": 171,
      "win_rate": 0.7076023391812866,
      "avg_return": 0.00038448057536626996,
      "median_return": 0.008,
      "compound_return": 0.051866734159891514,
      "max_drawdown": -0.20589163265457044,
      "profit_factor": 1.0739278888822639,
      "windows": 10
    },
    {
      "entry_policy": "all_days",
      "feature_group": "reversal_fundamental_regime_sector_external",
      "model_name": "xgb_d3_400_lr003_mcw3",
      "target_hit_bps": 80.0,
      "trades": 172,
      "win_rate": 0.7441860465116279,
      "avg_return": 0.00037074745639093274,
      "median_return": 0.008,
      "compound_return": 0.042305175645855675,
      "max_drawdown": -0.16469885019065322,
      "profit_factor": 1.0671860424005601,
      "windows": 10
    }
  ]
}

[2026-05-17T05:53:42] RUN search_all_days_close_profit_50bps
  /usr/bin/python3 model_training/search_walk_forward_model_complexity.py --samples /root/stock_realtime_v021_full/saved_data/600885_pipeline_out_v2_new27_full/04_external/storage_power/training_samples_with_storage_power_external.csv --intraday-bars /root/stock_realtime_v021_full/saved_data/600885_pipeline_out_v2_new27_full/00_base/600885_5m.csv --out-dir /root/stock_realtime_v021_full/saved_data/600885_pipeline_out_v2_new27_full/10_search/search_all_days_close_profit_50bps --round-trip-cost-bps 1.7 --target-hit-bps 50.0 --label-mode close_profit --entry-policy all_days --entry-vwap-premium-bps 50.0 --max-missing 0.35 --groups reversal_fundamental_regime,reversal_fundamental_regime_sector,reversal_fundamental_regime_sector_external,all_no_ak --models xgb_d2_200_lr003_mcw5,xgb_d3_400_lr003_mcw3,xgb_d3_600_lr002_mcw3,xgb_d4_500_lr002_mcw5,lgbm_leaves7_400,lgbm_leaves15_700,extra_trees_600_d3,random_forest_600_d4 --quantiles 0.5,0.6,0.7,0.8 --train-rows 756 --valid-rows 126 --test-rows 63 --min-valid-trades 8 --min-train-entries 80
{
  "rows": 1539,
  "target_hit_bps": 50.0,
  "label_mode": "close_profit",
  "entry_policy": "all_days",
  "entry_vwap_premium_bps": 50.0,
  "groups": {
    "reversal_fundamental_regime": 137,
    "reversal_fundamental_regime_sector": 160,
    "reversal_fundamental_regime_sector_external": 541,
    "all_no_ak": 596
  },
  "models": [
    "xgb_d2_200_lr003_mcw5",
    "xgb_d3_400_lr003_mcw3",
    "xgb_d3_600_lr002_mcw3",
    "xgb_d4_500_lr002_mcw5",
    "extra_trees_600_d3",
    "random_forest_600_d4",
    "lgbm_leaves7_400",
    "lgbm_leaves15_700"
  ],
  "top": [
    {
      "entry_policy": "all_days",
      "feature_group": "reversal_fundamental_regime_sector_external",
      "model_name": "lgbm_leaves15_700",
      "target_hit_bps": 50.0,
      "trades": 202,
      "win_rate": 0.49504950495049505,
      "avg_return": 0.00243137784506104,
      "median_return": -0.0006666017474079543,
      "compound_return": 0.5450380985742995,
      "max_drawdown": -0.16926791600800484,
      "profit_factor": 1.3171183251433238,
      "windows": 10
    },
    {
      "entry_policy": "all_days",
      "feature_group": "all_no_ak",
      "model_name": "random_forest_600_d4",
      "target_hit_bps": 50.0,
      "trades": 275,
      "win_rate": 0.5018181818181818,
      "avg_return": 0.0013393884843784481,
      "median_return": 0.00043642813826561336,
      "compound_return": 0.35015350528704214,
      "max_drawdown": -0.2669432539464027,
      "profit_factor": 1.1729608134017775,
      "windows": 10
    },
    {
      "entry_policy": "all_days",
      "feature_group": "all_no_ak",
      "model_name": "lgbm_leaves15_700",
      "target_hit_bps": 50.0,
      "trades": 246,
      "win_rate": 0.4715447154471545,
      "avg_return": 0.0013453980746203523,
      "median_return": -0.0011154073318092005,
      "compound_return": 0.30201401415581985,
      "max_drawdown": -0.20732411368131642,
      "profit_factor": 1.1748452220627654,
      "windows": 10
    },
    {
      "entry_policy": "all_days",
      "feature_group": "reversal_fundamental_regime_sector_external",
      "model_name": "extra_trees_600_d3",
      "target_hit_bps": 50.0,
      "trades": 196,
      "win_rate": 0.4897959183673469,
      "avg_return": 0.001582158452934145,
      "median_return": -0.0005615411278090364,
      "compound_return": 0.2843600150697376,
      "max_drawdown": -0.254749489103932,
      "profit_factor": 1.1953397525157472,
      "windows": 10
    },
    {
      "entry_policy": "all_days",
      "feature_group": "reversal_fundamental_regime_sector_external",
      "model_name": "random_forest_600_d4",
      "target_hit_bps": 50.0,
      "trades": 230,
      "win_rate": 0.4956521739130435,
      "avg_return": 0.001276423535869283,
      "median_return": -0.00034985611510790146,
      "compound_return": 0.2691687658015727,
      "max_drawdown": -0.20528631853121926,
      "profit_factor": 1.1755223038964753,
      "windows": 10
    },
    {
      "entry_policy": "all_days",
      "feature_group": "reversal_fundamental_regime_sector_external",
      "model_name": "xgb_d2_200_lr003_mcw5",
      "target_hit_bps": 50.0,
      "trades": 232,
      "win_rate": 0.4870689655172414,
      "avg_return": 0.0012419099668455752,
      "median_return": -0.0005689704785631321,
      "compound_return": 0.2504199512634879,
      "max_drawdown": -0.23157528745419476,
      "profit_factor": 1.1560495761502008,
      "windows": 10
    },
    {
      "entry_policy": "all_days",
      "feature_group": "reversal_fundamental_regime",
      "model_name": "lgbm_leaves7_400",
      "target_hit_bps": 50.0,
      "trades": 233,
      "win_rate": 0.45493562231759654,
      "avg_return": 0.0011515026531101623,
      "median_return": -0.0017264202334630295,
      "compound_return": 0.23719671213405857,
      "max_drawdown": -0.25017242308627474,
      "profit_factor": 1.1594432363784748,
      "windows": 10
    },
    {
      "entry_policy": "all_days",
      "feature_group": "all_no_ak",
      "model_name": "xgb_d4_500_lr002_mcw5",
      "target_hit_bps": 50.0,
      "trades": 266,
      "win_rate": 0.4924812030075188,
      "avg_return": 0.0009996388675671411,
      "median_return": -0.0005370519219218238,
      "compound_return": 0.21551187182427411,
      "max_drawdown": -0.27898044392495325,
      "profit_factor": 1.1252766230412174,
      "windows": 10
    },
    {
      "entry_policy": "all_days",
      "feature_group": "reversal_fundamental_regime",
      "model_name": "xgb_d2_200_lr003_mcw5",
      "target_hit_bps": 50.0,
      "trades": 230,
      "win_rate": 0.47391304347826085,
      "avg_return": 0.00096318429503045,
      "median_return": -0.0010093570160927233,
      "compound_return": 0.19320190201319076,
      "max_drawdown": -0.2443449196285259,
      "profit_factor": 1.1437333995625405,
      "windows": 10
    },
    {
      "entry_policy": "all_days",
      "feature_group": "reversal_fundamental_regime_sector_external",
      "model_name": "xgb_d4_500_lr002_mcw5",
      "target_hit_bps": 50.0,
      "trades": 214,
      "win_rate": 0.4719626168224299,
      "avg_return": 0.0009805734851791364,
      "median_return": -0.0010560128263112888,
      "compound_return": 0.16533232860272506,
      "max_drawdown": -0.2246884634766858,
      "profit_factor": 1.1216465691426145,
      "windows": 10
    },
    {
      "entry_policy": "all_days",
      "feature_group": "reversal_fundamental_regime",
      "model_name": "extra_trees_600_d3",
      "target_hit_bps": 50.0,
      "trades": 198,
      "win_rate": 0.5,
      "avg_return": 0.0009097847641081567,
      "median_return": 0.00020230081906181044,
      "compound_return": 0.14294782341619738,
      "max_drawdown": -0.18750932586147107,
      "profit_factor": 1.1261147875366517,
      "windows": 10
    },
    {
      "entry_policy": "all_days",
      "feature_group": "reversal_fundamental_regime_sector",
      "model_name": "random_forest_600_d4",
      "target_hit_bps": 50.0,
      "trades": 200,
      "win_rate": 0.485,
      "avg_return": 0.0008511669275544319,
      "median_return": -0.0007702750602495111,
      "compound_return": 0.13244124875379826,
      "max_drawdown": -0.2522574492672307,
      "profit_factor": 1.1167966716251259,
      "windows": 10
    },
    {
      "entry_policy": "all_days",
      "feature_group": "reversal_fundamental_regime_sector_external",
      "model_name": "xgb_d3_600_lr002_mcw3",
      "target_hit_bps": 50.0,
      "trades": 246,
      "win_rate": 0.483739837398374,
      "avg_return": 0.0006531151082905454,
      "median_return": -0.0008004332279134517,
      "compound_return": 0.10064757163706206,
      "max_drawdown": -0.23017193825957016,
      "profit_factor": 1.0815505313640048,
      "windows": 10
    },
    {
      "entry_policy": "all_days",
      "feature_group": "reversal_fundamental_regime_sector_external",
      "model_name": "xgb_d3_400_lr003_mcw3",
      "target_hit_bps": 50.0,
      "trades": 195,
      "win_rate": 0.4717948717948718,
      "avg_return": 0.0007172098920228085,
      "median_return": -0.0011650248756219748,
      "compound_return": 0.08972927784580587,
      "max_drawdown": -0.2054303318523707,
      "profit_factor": 1.0875828780039614,
      "windows": 10
    },
    {
      "entry_policy": "all_days",
      "feature_group": "reversal_fundamental_regime_sector",
      "model_name": "extra_trees_600_d3",
      "target_hit_bps": 50.0,
      "trades": 214,
      "win_rate": 0.4953271028037383,
      "avg_return": 0.000543655065531903,
      "median_return": -0.00016999999999999999,
      "compound_return": 0.06618567680185805,
      "max_drawdown": -0.2779994591058076,
      "profit_factor": 1.0732947905812937,
      "windows": 10
    },
    {
      "entry_policy": "all_days",
      "feature_group": "reversal_fundamental_regime",
      "model_name": "lgbm_leaves15_700",
      "target_hit_bps": 50.0,
      "trades": 223,
      "win_rate": 0.47085201793721976,
      "avg_return": 0.0005023908458902025,
      "median_return": -0.0011650248756219748,
      "compound_return": 0.06211344665577245,
      "max_drawdown": -0.282005736137228,
      "profit_factor": 1.068723740362785,
      "windows": 10
    },
    {
      "entry_policy": "all_days",
      "feature_group": "reversal_fundamental_regime_sector",
      "model_name": "lgbm_leaves7_400",
      "target_hit_bps": 50.0,
      "trades": 255,
      "win_rate": 0.4627450980392157,
      "avg_return": 0.00043348395005135613,
      "median_return": -0.0016874506828528056,
      "compound_return": 0.0546546748661616,
      "max_drawdown": -0.2973303098837893,
      "profit_factor": 1.058617923052508,
      "windows": 10
    },
    {
      "entry_policy": "all_days",
      "feature_group": "all_no_ak",
      "model_name": "xgb_d2_200_lr003_mcw5",
      "target_hit_bps": 50.0,
      "trades": 254,
      "win_rate": 0.4881889763779528,
      "avg_return": 0.0004245986196016787,
      "median_return": -0.0006782230941333421,
      "compound_return": 0.04054602600182333,
      "max_drawdown": -0.25004892735846307,
      "profit_factor": 1.050652963595919,
      "windows": 10
    },
    {
      "entry_policy": "all_days",
      "feature_group": "all_no_ak",
      "model_name": "xgb_d3_600_lr002_mcw3",
      "target_hit_bps": 50.0,
      "trades": 207,
      "win_rate": 0.47342995169082125,
      "avg_return": 0.0003487639001060348,
      "median_return": -0.0012565628395508864,
      "compound_return": 0.022024759822676376,
      "max_drawdown": -0.24984851317812984,
      "profit_factor": 1.0423334215359055,
      "windows": 10
    },
    {
      "entry_policy": "all_days",
      "feature_group": "all_no_ak",
      "model_name": "xgb_d3_400_lr003_mcw3",
      "target_hit_bps": 50.0,
      "trades": 228,
      "win_rate": 0.4605263157894737,
      "avg_return": 0.00035417352681136086,
      "median_return": -0.0013382814197754299,
      "compound_return": 0.019310080893084836,
      "max_drawdown": -0.2759786553939475,
      "profit_factor": 1.0429140205741767,
      "windows": 10
    }
  ]
}

[2026-05-17T06:20:09] RUN summarize
  /usr/bin/python3 model_training/summarize_nextday_search_results.py --pipeline-out /root/stock_realtime_v021_full/saved_data/600885_pipeline_out_v2_new27_full --out-dir /root/stock_realtime_v021_full/saved_data/600885_pipeline_out_v2_new27_full/99_summary --excel
{
  "rows": 192,
  "outputs": {
    "final_leaderboard": "/root/stock_realtime_v021_full/saved_data/600885_pipeline_out_v2_new27_full/99_summary/final_leaderboard.csv",
    "best_by_target_top5": "/root/stock_realtime_v021_full/saved_data/600885_pipeline_out_v2_new27_full/99_summary/best_by_target_top5.csv",
    "best_by_entry_policy_top5": "/root/stock_realtime_v021_full/saved_data/600885_pipeline_out_v2_new27_full/99_summary/best_by_entry_policy_top5.csv",
    "excel": "/root/stock_realtime_v021_full/saved_data/600885_pipeline_out_v2_new27_full/99_summary/final_leaderboard.xlsx",
    "summary_manifest": "/root/stock_realtime_v021_full/saved_data/600885_pipeline_out_v2_new27_full/99_summary/summary_manifest.json"
  }
}
=== nextday pipeline end: 2026-05-17T06:20:10 status=ok ===
