
=== auto update start symbols=13 start=2018-01-01 end=2026-05-29 ===

[CMD] /usr/bin/python3 /root/stock_realtime_v021_full/pipelines/run_nextday_pipeline.py --symbol 002270.SZ --start-date 2018-01-01 --end-date 2026-05-29 --feature-time-mode asof1455 --feature-cutoff-time 14:55 --feature-pipeline  --no-fundamental --only-stages update_data,samples,asof_samples --cache-mode incremental --feature-cache-mode incremental --min-bars 40
{
  "status": "ok",
  "symbol": "002270.SZ",
  "out_root": "/root/stock_realtime_v021_full/saved_data/002270_pipeline_out",
  "final_samples": "/root/stock_realtime_v021_full/saved_data/002270_pipeline_out/01_samples/training_samples.csv",
  "leaderboard": "/root/stock_realtime_v021_full/saved_data/002270_pipeline_out/99_summary/final_leaderboard.csv",
  "manifest": "/root/stock_realtime_v021_full/saved_data/002270_pipeline_out/pipeline_summary.json"
}
[RET] 0
[ML4T_SAMPLE] 002270.SZ -> /root/stock_realtime_v021_full/saved_data/002270_pipeline_out/05_ml4t_asof1455/training_samples_asof1455.csv

[CMD] /usr/bin/python3 /root/stock_realtime_v021_full/pipelines/run_nextday_pipeline.py --symbol 002311.SZ --start-date 2018-01-01 --end-date 2026-05-29 --feature-time-mode asof1455 --feature-cutoff-time 14:55 --feature-pipeline  --no-fundamental --only-stages update_data,samples,asof_samples --cache-mode incremental --feature-cache-mode incremental --min-bars 40
{
  "status": "ok",
  "symbol": "002311.SZ",
  "out_root": "/root/stock_realtime_v021_full/saved_data/002311_pipeline_out",
  "final_samples": "/root/stock_realtime_v021_full/saved_data/002311_pipeline_out/01_samples/training_samples.csv",
  "leaderboard": "/root/stock_realtime_v021_full/saved_data/002311_pipeline_out/99_summary/final_leaderboard.csv",
  "manifest": "/root/stock_realtime_v021_full/saved_data/002311_pipeline_out/pipeline_summary.json"
}
[RET] 0
[ML4T_SAMPLE] 002311.SZ -> /root/stock_realtime_v021_full/saved_data/002311_pipeline_out/05_ml4t_asof1455/training_samples_asof1455.csv

[CMD] /usr/bin/python3 /root/stock_realtime_v021_full/pipelines/run_nextday_pipeline.py --symbol 002714.SZ --start-date 2018-01-01 --end-date 2026-05-29 --feature-time-mode asof1455 --feature-cutoff-time 14:55 --feature-pipeline  --no-fundamental --only-stages update_data,samples,asof_samples --cache-mode incremental --feature-cache-mode incremental --min-bars 40
{
  "status": "ok",
  "symbol": "002714.SZ",
  "out_root": "/root/stock_realtime_v021_full/saved_data/002714_pipeline_out",
  "final_samples": "/root/stock_realtime_v021_full/saved_data/002714_pipeline_out/01_samples/training_samples.csv",
  "leaderboard": "/root/stock_realtime_v021_full/saved_data/002714_pipeline_out/99_summary/final_leaderboard.csv",
  "manifest": "/root/stock_realtime_v021_full/saved_data/002714_pipeline_out/pipeline_summary.json"
}
[RET] 0
[ML4T_SAMPLE] 002714.SZ -> /root/stock_realtime_v021_full/saved_data/002714_pipeline_out/05_ml4t_asof1455/training_samples_asof1455.csv

[CMD] /usr/bin/python3 /root/stock_realtime_v021_full/pipelines/run_nextday_pipeline.py --symbol 600096.SH --start-date 2018-01-01 --end-date 2026-05-29 --feature-time-mode asof1455 --feature-cutoff-time 14:55 --feature-pipeline  --no-fundamental --only-stages update_data,samples,asof_samples --cache-mode incremental --feature-cache-mode incremental --min-bars 40
{
  "status": "ok",
  "symbol": "600096.SH",
  "out_root": "/root/stock_realtime_v021_full/saved_data/600096_pipeline_out",
  "final_samples": "/root/stock_realtime_v021_full/saved_data/600096_pipeline_out/01_samples/training_samples.csv",
  "leaderboard": "/root/stock_realtime_v021_full/saved_data/600096_pipeline_out/99_summary/final_leaderboard.csv",
  "manifest": "/root/stock_realtime_v021_full/saved_data/600096_pipeline_out/pipeline_summary.json"
}
[RET] 0
[ML4T_SAMPLE] 600096.SH -> /root/stock_realtime_v021_full/saved_data/600096_pipeline_out/05_ml4t_asof1455/training_samples_asof1455.csv

[CMD] /usr/bin/python3 /root/stock_realtime_v021_full/pipelines/run_nextday_pipeline.py --symbol 600176.SH --start-date 2018-01-01 --end-date 2026-05-29 --feature-time-mode asof1455 --feature-cutoff-time 14:55 --feature-pipeline  --no-fundamental --only-stages update_data,samples,asof_samples --cache-mode incremental --feature-cache-mode incremental --min-bars 40
{
  "status": "ok",
  "symbol": "600176.SH",
  "out_root": "/root/stock_realtime_v021_full/saved_data/600176_pipeline_out",
  "final_samples": "/root/stock_realtime_v021_full/saved_data/600176_pipeline_out/01_samples/training_samples.csv",
  "leaderboard": "/root/stock_realtime_v021_full/saved_data/600176_pipeline_out/99_summary/final_leaderboard.csv",
  "manifest": "/root/stock_realtime_v021_full/saved_data/600176_pipeline_out/pipeline_summary.json"
}
[RET] 0
[ML4T_SAMPLE] 600176.SH -> /root/stock_realtime_v021_full/saved_data/600176_pipeline_out/05_ml4t_asof1455/training_samples_asof1455.csv

[CMD] /usr/bin/python3 /root/stock_realtime_v021_full/pipelines/run_nextday_pipeline.py --symbol 600276.SH --start-date 2018-01-01 --end-date 2026-05-29 --feature-time-mode asof1455 --feature-cutoff-time 14:55 --feature-pipeline  --no-fundamental --only-stages update_data,samples,asof_samples --cache-mode incremental --feature-cache-mode incremental --min-bars 40
{
  "status": "ok",
  "symbol": "600276.SH",
  "out_root": "/root/stock_realtime_v021_full/saved_data/600276_pipeline_out",
  "final_samples": "/root/stock_realtime_v021_full/saved_data/600276_pipeline_out/01_samples/training_samples.csv",
  "leaderboard": "/root/stock_realtime_v021_full/saved_data/600276_pipeline_out/99_summary/final_leaderboard.csv",
  "manifest": "/root/stock_realtime_v021_full/saved_data/600276_pipeline_out/pipeline_summary.json"
}
[RET] 0
[ML4T_SAMPLE] 600276.SH -> /root/stock_realtime_v021_full/saved_data/600276_pipeline_out/05_ml4t_asof1455/training_samples_asof1455.csv

[CMD] /usr/bin/python3 /root/stock_realtime_v021_full/pipelines/run_nextday_pipeline.py --symbol 600309.SH --start-date 2018-01-01 --end-date 2026-05-29 --feature-time-mode asof1455 --feature-cutoff-time 14:55 --feature-pipeline  --no-fundamental --only-stages update_data,samples,asof_samples --cache-mode incremental --feature-cache-mode incremental --min-bars 40
{
  "status": "ok",
  "symbol": "600309.SH",
  "out_root": "/root/stock_realtime_v021_full/saved_data/600309_pipeline_out",
  "final_samples": "/root/stock_realtime_v021_full/saved_data/600309_pipeline_out/01_samples/training_samples.csv",
  "leaderboard": "/root/stock_realtime_v021_full/saved_data/600309_pipeline_out/99_summary/final_leaderboard.csv",
  "manifest": "/root/stock_realtime_v021_full/saved_data/600309_pipeline_out/pipeline_summary.json"
}
[RET] 0
[ML4T_SAMPLE] 600309.SH -> /root/stock_realtime_v021_full/saved_data/600309_pipeline_out/05_ml4t_asof1455/training_samples_asof1455.csv

[CMD] /usr/bin/python3 /root/stock_realtime_v021_full/pipelines/run_nextday_pipeline.py --symbol 600312.SH --start-date 2018-01-01 --end-date 2026-05-29 --feature-time-mode asof1455 --feature-cutoff-time 14:55 --feature-pipeline  --no-fundamental --only-stages update_data,samples,asof_samples --cache-mode incremental --feature-cache-mode incremental --min-bars 40
{
  "status": "ok",
  "symbol": "600312.SH",
  "out_root": "/root/stock_realtime_v021_full/saved_data/600312_pipeline_out",
  "final_samples": "/root/stock_realtime_v021_full/saved_data/600312_pipeline_out/01_samples/training_samples.csv",
  "leaderboard": "/root/stock_realtime_v021_full/saved_data/600312_pipeline_out/99_summary/final_leaderboard.csv",
  "manifest": "/root/stock_realtime_v021_full/saved_data/600312_pipeline_out/pipeline_summary.json"
}
[RET] 0
[ML4T_SAMPLE] 600312.SH -> /root/stock_realtime_v021_full/saved_data/600312_pipeline_out/05_ml4t_asof1455/training_samples_asof1455.csv

[CMD] /usr/bin/python3 /root/stock_realtime_v021_full/pipelines/run_nextday_pipeline.py --symbol 600487.SH --start-date 2018-01-01 --end-date 2026-05-29 --feature-time-mode asof1455 --feature-cutoff-time 14:55 --feature-pipeline  --no-fundamental --only-stages update_data,samples,asof_samples --cache-mode incremental --feature-cache-mode incremental --min-bars 40
{
  "status": "ok",
  "symbol": "600487.SH",
  "out_root": "/root/stock_realtime_v021_full/saved_data/600487_pipeline_out",
  "final_samples": "/root/stock_realtime_v021_full/saved_data/600487_pipeline_out/04_external/optical_cable_grid/training_samples_with_optical_cable_grid_external.csv",
  "leaderboard": "/root/stock_realtime_v021_full/saved_data/600487_pipeline_out/99_summary/final_leaderboard.csv",
  "manifest": "/root/stock_realtime_v021_full/saved_data/600487_pipeline_out/pipeline_summary.json"
}
[RET] 0
[ML4T_SAMPLE] 600487.SH -> /root/stock_realtime_v021_full/saved_data/600487_pipeline_out/05_ml4t_asof1455/training_samples_asof1455.csv

[CMD] /usr/bin/python3 /root/stock_realtime_v021_full/pipelines/run_nextday_pipeline.py --symbol 600522.SH --start-date 2018-01-01 --end-date 2026-05-29 --feature-time-mode asof1455 --feature-cutoff-time 14:55 --feature-pipeline  --no-fundamental --only-stages update_data,samples,asof_samples --cache-mode incremental --feature-cache-mode incremental --min-bars 40
{
  "status": "ok",
  "symbol": "600522.SH",
  "out_root": "/root/stock_realtime_v021_full/saved_data/600522_pipeline_out",
  "final_samples": "/root/stock_realtime_v021_full/saved_data/600522_pipeline_out/04_external/optical_cable_grid/training_samples_with_optical_cable_grid_external.csv",
  "leaderboard": "/root/stock_realtime_v021_full/saved_data/600522_pipeline_out/99_summary/final_leaderboard.csv",
  "manifest": "/root/stock_realtime_v021_full/saved_data/600522_pipeline_out/pipeline_summary.json"
}
[RET] 0
[ML4T_SAMPLE] 600522.SH -> /root/stock_realtime_v021_full/saved_data/600522_pipeline_out/05_ml4t_asof1455/training_samples_asof1455.csv

[CMD] /usr/bin/python3 /root/stock_realtime_v021_full/pipelines/run_nextday_pipeline.py --symbol 601899.SH --start-date 2018-01-01 --end-date 2026-05-29 --feature-time-mode asof1455 --feature-cutoff-time 14:55 --feature-pipeline  --no-fundamental --only-stages update_data,samples,asof_samples --cache-mode incremental --feature-cache-mode incremental --min-bars 40
{
  "status": "ok",
  "symbol": "601899.SH",
  "out_root": "/root/stock_realtime_v021_full/saved_data/601899_pipeline_out",
  "final_samples": "/root/stock_realtime_v021_full/saved_data/601899_pipeline_out/01_samples/training_samples.csv",
  "leaderboard": "/root/stock_realtime_v021_full/saved_data/601899_pipeline_out/99_summary/final_leaderboard.csv",
  "manifest": "/root/stock_realtime_v021_full/saved_data/601899_pipeline_out/pipeline_summary.json"
}
[RET] 0
[ML4T_SAMPLE] 601899.SH -> /root/stock_realtime_v021_full/saved_data/601899_pipeline_out/05_ml4t_asof1455/training_samples_asof1455.csv

[CMD] /usr/bin/python3 /root/stock_realtime_v021_full/pipelines/run_nextday_pipeline.py --symbol 601985.SH --start-date 2018-01-01 --end-date 2026-05-29 --feature-time-mode asof1455 --feature-cutoff-time 14:55 --feature-pipeline  --no-fundamental --only-stages update_data,samples,asof_samples --cache-mode incremental --feature-cache-mode incremental --min-bars 40
{
  "status": "ok",
  "symbol": "601985.SH",
  "out_root": "/root/stock_realtime_v021_full/saved_data/601985_pipeline_out",
  "final_samples": "/root/stock_realtime_v021_full/saved_data/601985_pipeline_out/01_samples/training_samples.csv",
  "leaderboard": "/root/stock_realtime_v021_full/saved_data/601985_pipeline_out/99_summary/final_leaderboard.csv",
  "manifest": "/root/stock_realtime_v021_full/saved_data/601985_pipeline_out/pipeline_summary.json"
}
[RET] 0
[ML4T_SAMPLE] 601985.SH -> /root/stock_realtime_v021_full/saved_data/601985_pipeline_out/05_ml4t_asof1455/training_samples_asof1455.csv

[CMD] /usr/bin/python3 /root/stock_realtime_v021_full/pipelines/run_nextday_pipeline.py --symbol 603308.SH --start-date 2018-01-01 --end-date 2026-05-29 --feature-time-mode asof1455 --feature-cutoff-time 14:55 --feature-pipeline  --no-fundamental --only-stages update_data,samples,asof_samples --cache-mode incremental --feature-cache-mode incremental --min-bars 40
{
  "status": "ok",
  "symbol": "603308.SH",
  "out_root": "/root/stock_realtime_v021_full/saved_data/603308_pipeline_out",
  "final_samples": "/root/stock_realtime_v021_full/saved_data/603308_pipeline_out/04_external/aero_nuclear_equipment/training_samples_with_aero_nuclear_equipment_external.csv",
  "leaderboard": "/root/stock_realtime_v021_full/saved_data/603308_pipeline_out/99_summary/final_leaderboard.csv",
  "manifest": "/root/stock_realtime_v021_full/saved_data/603308_pipeline_out/pipeline_summary.json"
}
[RET] 0
[ML4T_SAMPLE] 603308.SH -> /root/stock_realtime_v021_full/saved_data/603308_pipeline_out/05_ml4t_asof1455/training_samples_asof1455.csv
