=== nextday pipeline start: 2026-05-18T21:52:35 ===
symbol=600584.SH, out_root=/root/stock_realtime_v021_full/saved_data/600584_pipeline_out_v2_new27_full

[2026-05-18T21:52:35] RUN update_data
  /usr/bin/python3 bootstrap/ashare_xgb_dual_opportunity_regression_baostock_full_v19_compressed_trading_axis.py --mode update_data --symbol 600584 --benchmark_symbol 000300 --daily_start 2018-01-01 --daily_end 2026-05-15 --intraday_start '2018-01-01 09:30:00' --intraday_end '2026-05-15 15:00:00' --output_dir /root/stock_realtime_v021_full/saved_data/600584_pipeline_out_v2_new27_full/00_base --cache_mode incremental --feature_cache_mode incremental --adjust qfq
/root/stock_realtime_v021_full/bootstrap/ashare_fetch_and_train_xgb_sell_signal_baostock_state_cache_helper_fix2.py:246: FutureWarning: The behavior of DataFrame concatenation with empty or all-NA entries is deprecated. In a future version, this will no longer exclude empty or all-NA columns when determining the result dtypes. To retain the old behavior, exclude the relevant entries before the concat operation.
  merged = _normalize_daily_df(pd.concat([df_old, df_new], axis=0, ignore_index=True))
/root/stock_realtime_v021_full/bootstrap/ashare_fetch_and_train_xgb_sell_signal_baostock_state_cache_helper_fix2.py:248: FutureWarning: The behavior of DataFrame concatenation with empty or all-NA entries is deprecated. In a future version, this will no longer exclude empty or all-NA columns when determining the result dtypes. To retain the old behavior, exclude the relevant entries before the concat operation.
  merged = _normalize_intraday_df(pd.concat([df_old, df_new], axis=0, ignore_index=True))
/root/stock_realtime_v021_full/bootstrap/ashare_fetch_and_train_xgb_sell_signal_baostock_state_cache_helper_fix2.py:254: FutureWarning: The behavior of DataFrame concatenation with empty or all-NA entries is deprecated. In a future version, this will no longer exclude empty or all-NA columns when determining the result dtypes. To retain the old behavior, exclude the relevant entries before the concat operation.
  merged = _normalize_bench_df(pd.concat([df_old, df_new], axis=0, ignore_index=True))
/root/stock_realtime_v021_full/bootstrap/ashare_fetch_and_train_xgb_sell_signal_baostock_state_cache_helper_fix2.py:250: FutureWarning: The behavior of DataFrame concatenation with empty or all-NA entries is deprecated. In a future version, this will no longer exclude empty or all-NA columns when determining the result dtypes. To retain the old behavior, exclude the relevant entries before the concat operation.
  merged = _normalize_daily_feature_df(pd.concat([df_old, df_new], axis=0, ignore_index=True))
/root/stock_realtime_v021_full/bootstrap/ashare_fetch_and_train_xgb_sell_signal_baostock_state_cache_helper_fix2.py:252: FutureWarning: The behavior of DataFrame concatenation with empty or all-NA entries is deprecated. In a future version, this will no longer exclude empty or all-NA columns when determining the result dtypes. To retain the old behavior, exclude the relevant entries before the concat operation.
  merged = _normalize_intraday_feature_df(pd.concat([df_old, df_new], axis=0, ignore_index=True))
login success!
logout success!
login success!
logout success!
login success!
logout success!
{
  "mode": "update_data",
  "symbol": "600584",
  "data_source": "baostock",
  "daily_rows": 2027,
  "intraday_rows": 73920,
  "daily_min": "2018-01-02 00:00:00",
  "daily_max": "2026-05-15 00:00:00",
  "intraday_min": "2020-01-02 09:35:00",
  "intraday_max": "2026-05-15 15:00:00",
  "base_paths": {
    "daily_csv": "/root/stock_realtime_v021_full/saved_data/600584_pipeline_out_v2_new27_full/00_base/600584_daily.csv",
    "intraday_csv": "/root/stock_realtime_v021_full/saved_data/600584_pipeline_out_v2_new27_full/00_base/600584_5m.csv",
    "benchmark_csv": "/root/stock_realtime_v021_full/saved_data/600584_pipeline_out_v2_new27_full/00_base/000300_benchmark_daily.csv",
    "raw_daily_cache_csv": "/root/stock_realtime_v021_full/saved_data/600584_pipeline_out_v2_new27_full/00_base/raw_cache/600584_daily_raw.csv",
    "raw_intraday_cache_csv": "/root/stock_realtime_v021_full/saved_data/600584_pipeline_out_v2_new27_full/00_base/raw_cache/600584_5m_raw.csv",
    "raw_benchmark_cache_csv": "/root/stock_realtime_v021_full/saved_data/600584_pipeline_out_v2_new27_full/00_base/raw_cache/000300_benchmark_daily_raw.csv",
    "daily_features_csv": "/root/stock_realtime_v021_full/saved_data/600584_pipeline_out_v2_new27_full/00_base/daily_features.csv",
    "intraday_features_csv": "/root/stock_realtime_v021_full/saved_data/600584_pipeline_out_v2_new27_full/00_base/intraday_features.csv",
    "daily_features_cache_csv": "/root/stock_realtime_v021_full/saved_data/600584_pipeline_out_v2_new27_full/00_base/feature_cache/daily_features_cache.csv",
    "intraday_features_cache_csv": "/root/stock_realtime_v021_full/saved_data/600584_pipeline_out_v2_new27_full/00_base/feature_cache/intraday_features_cache.csv",
    "feature_state_json": "/root/stock_realtime_v021_full/saved_data/600584_pipeline_out_v2_new27_full/00_base/feature_cache/feature_state.json"
  },
  "fetch_logs": {
    "symbol": "600584",
    "benchmark_symbol": "000300",
    "daily_start": "2018-01-01",
    "daily_end": "2026-05-15",
    "intraday_start": "2018-01-01 09:30:00",
    "intraday_end": "2026-05-15 15:00:00",
    "perf_start": "2018-01-01",
    "data_source": "baostock",
    "cache_mode": "incremental",
    "force_refresh": false,
    "raw_cache_dir": "/root/stock_realtime_v021_full/saved_data/600584_pipeline_out_v2_new27_full/00_base/raw_cache",
    "feature_cache_dir": "/root/stock_realtime_v021_full/saved_data/600584_pipeline_out_v2_new27_full/00_base/feature_cache",
    "feature_cache_mode": "incremental",
    "daily": {
      "cache_path": "/root/stock_realtime_v021_full/saved_data/600584_pipeline_out_v2_new27_full/00_base/raw_cache/600584_daily_raw.csv",
      "requested_start": "2018-01-01",
      "requested_end": "2026-05-15",
      "mode": "initial_fetch",
      "fetch_segments": [
        {
          "provider": "baostock",
          "code": "sh.600584",
          "adjustflag": "2",
          "rows": 2027,
          "start": "2018-01-01",
          "end": "2026-05-15"
        }
      ],
      "cache_after": {
        "rows": 2027,
        "min": "2018-01-02 00:00:00",
        "max": "2026-05-15 00:00:00"
      }
    },
    "intraday_5m": {
      "cache_path": "/root/stock_realtime_v021_full/saved_data/600584_pipeline_out_v2_new27_full/00_base/raw_cache/600584_5m_raw.csv",
      "requested_start": "2018-01-01 09:30:00",
      "requested_end": "2026-05-15 15:00:00",
      "mode": "initial_fetch",
      "fetch_segments": [
        {
          "provider": "baostock",
          "code": "sh.600584",
          "adjustflag": "2",
          "requested_start": "2018-01-01 09:30:00",
          "effective_start": "2018-01-01 09:30:00",
          "requested_end": "2026-05-15 15:00:00",
          "rows": 73920
        }
      ],
      "cache_after": {
        "rows": 73920,
        "min": "2020-01-02 09:35:00",
        "max": "2026-05-15 15:00:00"
      }
    },
    "benchmark_daily": {
      "cache_path": "/root/stock_realtime_v021_full/saved_data/600584_pipeline_out_v2_new27_full/00_base/raw_cache/000300_benchmark_daily_raw.csv",
      "requested_start": "2018-01-01",
      "requested_end": "2026-05-15",
      "mode": "initial_fetch",
      "fetch_segments": [
        {
          "provider": "baostock",
          "code": "sh.000300",
          "rows": 2027,
          "start": "2018-01-01",
          "end": "2026-05-15"
        }
      ],
      "cache_after": {
        "rows": 2027,
        "min": "2018-01-02 00:00:00",
        "max": "2026-05-15 00:00:00"
      }
    },
    "feature_build": {
      "mode": "full_rebuild",
      "reason": "feature_cache_missing",
      "daily_cache_after": {
        "rows": 2027,
        "min": "2018-01-02 00:00:00",
        "max": "2026-05-15 00:00:00"
      },
      "intraday_cache_after": {
        "rows": 73920,
        "min": "2020-01-02 09:35:00",
        "max": "2026-05-15 15:00:00"
      },
      "daily_context_days": 260,
      "intraday_context_days": 40,
      "daily_appended_rows": 2027,
      "intraday_appended_rows": 73920
    },
    "feature_state": {
      "daily_feature_max": "2026-05-15 00:00:00",
      "intraday_feature_max": "2026-05-15 15:00:00",
      "daily_context_days": 260,
      "intraday_context_days": 40,
      "feature_build_mode": "full_rebuild"
    }
  }
}

[2026-05-18T21:56:10] RUN samples
  /usr/bin/python3 feature_building/build_nextday_samples_from_baostock.py --daily-features /root/stock_realtime_v021_full/saved_data/600584_pipeline_out_v2_new27_full/00_base/daily_features.csv --intraday-bars /root/stock_realtime_v021_full/saved_data/600584_pipeline_out_v2_new27_full/00_base/600584_5m.csv --out-dir /root/stock_realtime_v021_full/saved_data/600584_pipeline_out_v2_new27_full/01_samples --min-bars 40 --keep-unlabeled-tail
{
  "rows": 1540,
  "date_min": "2020-01-02",
  "date_max": "2026-05-15",
  "out": "/root/stock_realtime_v021_full/saved_data/600584_pipeline_out_v2_new27_full/01_samples/training_samples.csv"
}

[2026-05-18T21:56:11] RUN fundamental
  /usr/bin/python3 feature_building/build_fundamental_features.py --symbol 600584.SH --daily-samples /root/stock_realtime_v021_full/saved_data/600584_pipeline_out_v2_new27_full/01_samples/training_samples.csv --out-dir /root/stock_realtime_v021_full/saved_data/600584_pipeline_out_v2_new27_full/02_fundamental --start-date 2018-01-01 --end-date 2026-05-15 --fallback-lag-days 120
login success!
logout success!
{
  "rows": 1540,
  "date_min": "2020-01-02",
  "date_max": "2026-05-15",
  "source_errors": [],
  "top_missing_rates": {
    "ak_fund_小单净流入-净额_sum10": 0.9246753246753247,
    "ak_fund_主力净流入-净额_sum10": 0.9246753246753247,
    "ak_fund_主力净流入-净占比_sum10": 0.9246753246753247,
    "ak_fund_涨跌幅_sum10": 0.9246753246753247,
    "ak_fund_收盘价_sum10": 0.9246753246753247,
    "ak_fund_中单净流入-净额_sum10": 0.9246753246753247,
    "ak_fund_中单净流入-净占比_sum10": 0.9246753246753247,
    "ak_fund_小单净流入-净占比_sum10": 0.9246753246753247,
    "ak_fund_超大单净流入-净额_sum10": 0.9246753246753247,
    "ak_fund_大单净流入-净额_sum10": 0.9246753246753247,
    "ak_fund_大单净流入-净占比_sum10": 0.9246753246753247,
    "ak_fund_超大单净流入-净占比_sum10": 0.9246753246753247,
    "ak_fund_涨跌幅_sum5": 0.9233766233766234,
    "ak_fund_主力净流入-净占比_sum5": 0.9233766233766234,
    "ak_fund_主力净流入-净额_sum5": 0.9233766233766234,
    "ak_fund_收盘价_sum5": 0.9233766233766234,
    "ak_fund_超大单净流入-净占比_sum5": 0.9233766233766234,
    "ak_fund_中单净流入-净占比_sum5": 0.9233766233766234,
    "ak_fund_中单净流入-净额_sum5": 0.9233766233766234,
    "ak_fund_小单净流入-净额_sum5": 0.9233766233766234,
    "ak_fund_小单净流入-净占比_sum5": 0.9233766233766234,
    "ak_fund_大单净流入-净占比_sum5": 0.9233766233766234,
    "ak_fund_大单净流入-净额_sum5": 0.9233766233766234,
    "ak_fund_超大单净流入-净额_sum5": 0.9233766233766234,
    "ak_fund_大单净流入-净额": 0.922077922077922,
    "ak_fund_超大单净流入-净占比": 0.922077922077922,
    "ak_fund_超大单净流入-净额": 0.922077922077922,
    "ak_fund_收盘价": 0.922077922077922,
    "ak_fund_涨跌幅": 0.922077922077922,
    "ak_fund_中单净流入-净额": 0.922077922077922
  },
  "valuation_non_null": {
    "peTTM": 1540,
    "pbMRQ": 1540,
    "psTTM": 1540,
    "pcfNcfTTM": 1540
  },
  "future_effective_date_violations": 0,
  "rows_with_quarterly": 1540,
  "sample_rows": 1540,
  "quarterly_raw_rows": 37,
  "quarterly_used_pubDate_rows": 37,
  "quarterly_fallback_rows": 0,
  "elapsed_seconds": 31.542,
  "symbol": "600584",
  "baostock_code": "sh.600584",
  "valuation_rows": 2027,
  "fund_flow_rows": 121,
  "feature_columns": 125,
  "merged_columns": 194,
  "outputs": {
    "daily_valuation": "/root/stock_realtime_v021_full/saved_data/600584_pipeline_out_v2_new27_full/02_fundamental/baostock_daily_valuation.csv",
    "quarterly_fundamentals": "/root/stock_realtime_v021_full/saved_data/600584_pipeline_out_v2_new27_full/02_fundamental/baostock_quarterly_fundamentals_pit.csv",
    "fundamental_features": "/root/stock_realtime_v021_full/saved_data/600584_pipeline_out_v2_new27_full/02_fundamental/fundamental_features.csv",
    "merged_samples": "/root/stock_realtime_v021_full/saved_data/600584_pipeline_out_v2_new27_full/02_fundamental/training_samples_with_fundamentals.csv"
  }
}

[2026-05-18T21:56:43] RUN sector
  /usr/bin/python3 feature_building/build_sector_features.py --samples /root/stock_realtime_v021_full/saved_data/600584_pipeline_out_v2_new27_full/02_fundamental/training_samples_with_fundamentals.csv --out-dir /root/stock_realtime_v021_full/saved_data/600584_pipeline_out_v2_new27_full/03_sector --sector-symbol '半导体' --start-date 2018-01-01 --end-date 2026-05-15

  0%|          | 0/9 [00:00<?, ?it/s]
 11%|█         | 1/9 [00:00<00:01,  4.35it/s]
 22%|██▏       | 2/9 [00:00<00:01,  4.30it/s]
 33%|███▎      | 3/9 [00:00<00:01,  3.68it/s]
 44%|████▍     | 4/9 [00:01<00:01,  3.56it/s]
 56%|█████▌    | 5/9 [00:01<00:01,  3.65it/s]
 67%|██████▋   | 6/9 [00:01<00:00,  3.31it/s]
 78%|███████▊  | 7/9 [00:02<00:00,  3.26it/s]
 89%|████████▉ | 8/9 [00:02<00:00,  3.14it/s]
100%|██████████| 9/9 [00:02<00:00,  3.31it/s]
                                             
{
  "sector_symbol": "半导体",
  "sector_rows": 2027,
  "sector_date_min": "2018-01-02",
  "sector_date_max": "2026-05-15",
  "sample_rows": 1540,
  "merged_rows": 1540,
  "sector_feature_cols": 23,
  "top_missing": {
    "sector_ret60": 0.03896103896103896,
    "sector_ma60_gap": 0.01948051948051948,
    "stock_vs_sector_ret20": 0.012987012987012988,
    "sector_ret20": 0.012987012987012988,
    "sector_vol20": 0.007142857142857143,
    "sector_ma20_gap": 0.006493506493506494,
    "sector_range_z20": 0.006493506493506494,
    "sector_volume_shock20": 0.006493506493506494,
    "sector_amount_z20": 0.006493506493506494,
    "sector_volume_z20": 0.006493506493506494,
    "sector_amount_shock20": 0.006493506493506494,
    "sector_ret5": 0.003246753246753247,
    "stock_vs_sector_ret5": 0.003246753246753247,
    "sector_vs_bench_ret5": 0.003246753246753247,
    "stock_vs_sector_ret1": 0.0006493506493506494,
    "sector_ret1": 0.0006493506493506494,
    "sector_amount": 0.0,
    "sector_volume": 0.0,
    "sector_close": 0.0,
    "sector_low": 0.0
  },
  "outputs": {
    "sector_index": "/root/stock_realtime_v021_full/saved_data/600584_pipeline_out_v2_new27_full/03_sector/sector_index_ths.csv",
    "sector_features": "/root/stock_realtime_v021_full/saved_data/600584_pipeline_out_v2_new27_full/03_sector/sector_features.csv",
    "merged_samples": "/root/stock_realtime_v021_full/saved_data/600584_pipeline_out_v2_new27_full/03_sector/training_samples_with_sector.csv"
  }
}

[2026-05-18T21:56:48] RUN external_ai_compute
  /usr/bin/python3 feature_building/build_stock_external_features.py --samples /root/stock_realtime_v021_full/saved_data/600584_pipeline_out_v2_new27_full/03_sector/training_samples_with_sector.csv --out-dir /root/stock_realtime_v021_full/saved_data/600584_pipeline_out_v2_new27_full/04_external/ai_compute --profile ai_compute --target-symbol 600584.SH --start-date 2018-01-01 --end-date 2026-05-15 --adjust qfq --domestic-lag-days 0 --future-lag-days 1 --us-lag-days 1 --enable-us-yf
login success!

  0%|          | 0/9 [00:00<?, ?it/s]
 11%|█         | 1/9 [00:00<00:02,  3.77it/s]
 22%|██▏       | 2/9 [00:00<00:01,  4.10it/s]
 33%|███▎      | 3/9 [00:00<00:01,  4.28it/s]
 44%|████▍     | 4/9 [00:00<00:01,  4.13it/s]
 56%|█████▌    | 5/9 [00:01<00:00,  4.27it/s]
 67%|██████▋   | 6/9 [00:01<00:00,  4.08it/s]
 78%|███████▊  | 7/9 [00:01<00:00,  3.82it/s]
 89%|████████▉ | 8/9 [00:02<00:00,  3.81it/s]
100%|██████████| 9/9 [00:02<00:00,  4.05it/s]
                                             

  0%|          | 0/9 [00:00<?, ?it/s]
 11%|█         | 1/9 [00:00<00:02,  3.93it/s]
 22%|██▏       | 2/9 [00:00<00:01,  3.67it/s]
 33%|███▎      | 3/9 [00:00<00:01,  3.72it/s]
 44%|████▍     | 4/9 [00:01<00:01,  3.79it/s]
 56%|█████▌    | 5/9 [00:01<00:00,  4.10it/s]
 67%|██████▋   | 6/9 [00:01<00:00,  4.02it/s]
 78%|███████▊  | 7/9 [00:01<00:00,  4.05it/s]
 89%|████████▉ | 8/9 [00:02<00:00,  4.09it/s]
100%|██████████| 9/9 [00:02<00:00,  4.07it/s]
                                             

  0%|          | 0/9 [00:00<?, ?it/s]
 11%|█         | 1/9 [00:00<00:02,  3.67it/s]
 22%|██▏       | 2/9 [00:00<00:01,  3.76it/s]
 33%|███▎      | 3/9 [00:00<00:01,  3.76it/s]
 44%|████▍     | 4/9 [00:01<00:01,  3.66it/s]
 56%|█████▌    | 5/9 [00:01<00:01,  3.94it/s]
 67%|██████▋   | 6/9 [00:01<00:00,  4.11it/s]
 78%|███████▊  | 7/9 [00:01<00:00,  3.98it/s]
 89%|████████▉ | 8/9 [00:02<00:00,  3.96it/s]
100%|██████████| 9/9 [00:02<00:00,  4.35it/s]
                                             
1 Failed download:
['NVDA']: YFRateLimitError('Too Many Requests. Rate limited. Try after a while.')

1 Failed download:
['AMD']: YFRateLimitError('Too Many Requests. Rate limited. Try after a while.')

1 Failed download:
['AVGO']: YFRateLimitError('Too Many Requests. Rate limited. Try after a while.')

1 Failed download:
['SMCI']: YFRateLimitError('Too Many Requests. Rate limited. Try after a while.')

1 Failed download:
['DELL']: YFRateLimitError('Too Many Requests. Rate limited. Try after a while.')

1 Failed download:
['MSFT']: YFRateLimitError('Too Many Requests. Rate limited. Try after a while.')

1 Failed download:
['AMZN']: YFRateLimitError('Too Many Requests. Rate limited. Try after a while.')

1 Failed download:
['GOOGL']: YFRateLimitError('Too Many Requests. Rate limited. Try after a while.')

1 Failed download:
['META']: YFRateLimitError('Too Many Requests. Rate limited. Try after a while.')

1 Failed download:
['^IXIC']: YFRateLimitError('Too Many Requests. Rate limited. Try after a while.')

1 Failed download:
['^GSPC']: YFRateLimitError('Too Many Requests. Rate limited. Try after a while.')

1 Failed download:
['^SOX']: YFRateLimitError('Too Many Requests. Rate limited. Try after a while.')
{
  "profile": "ai_compute",
  "description": "AI compute/server/cloud-capex proxy for 工业富联",
  "sample_rows": 1540,
  "merged_rows": 1540,
  "raw_rows": 2027,
  "raw_date_min": "2018-01-02",
  "raw_date_max": "2026-05-15",
  "lag_days_legacy": null,
  "lag_policy": {
    "domestic": 0,
    "futures": 1,
    "us": 1
  },
  "enable_us_yf": true,
  "feature_cols": 467,
  "source_meta": {
    "profile": {
      "key": "ai_compute",
      "prefix": "ai",
      "description": "AI compute/server/cloud-capex proxy for 工业富联",
      "stocks": [
        "300308",
        "300502",
        "300394",
        "002463",
        "603019",
        "000977",
        "000938"
      ],
      "etfs": [
        "512480",
        "159995",
        "515050",
        "159819"
      ],
      "futures": [
        "CU0",
        "AL0"
      ],
      "boards": [
        "半导体",
        "通信设备",
        "消费电子"
      ],
      "us_tickers": [
        "NVDA",
        "AMD",
        "AVGO",
        "SMCI",
        "DELL",
        "MSFT",
        "AMZN",
        "GOOGL",
        "META",
        "^IXIC",
        "^GSPC",
        "^SOX"
      ]
    },
    "used": {
      "stocks": [
        "300308",
        "300502",
        "300394",
        "002463",
        "603019",
        "000977",
        "000938"
      ],
      "etfs": [
        "512480",
        "159995",
        "515050",
        "159819"
      ],
      "futures": [
        "CU0",
        "AL0"
      ],
      "boards": [
        "半导体",
        "通信设备",
        "消费电子"
      ],
      "us_yf": []
    },
    "start_date": "20180101",
    "end_date": "20260515",
    "target_symbol_excluded": "600584",
    "em_sources_used": false,
    "baostock_cache_dir": "/root/stock_realtime_v021_full/saved_data/600584_pipeline_out_v2_new27_full/04_external/ai_compute/baostock_external_cache",
    "us_yfinance_enabled": true
  },
  "errors": {
    "us_yf_NVDA": "empty",
    "us_yf_AMD": "empty",
    "us_yf_AVGO": "empty",
    "us_yf_SMCI": "empty",
    "us_yf_DELL": "empty",
    "us_yf_MSFT": "empty",
    "us_yf_AMZN": "empty",
    "us_yf_GOOGL": "empty",
    "us_yf_META": "empty",
    "us_yf_^IXIC": "empty",
    "us_yf_^GSPC": "empty",
    "us_yf_^SOX": "empty"
  },
  "top_missing": {
    "ai_etf_159819_range_pct_ret60": 0.9837662337662337,
    "ai_etf_basket_close_ret60": 0.9837662337662337,
    "ai_etf_515050_range_pct_ret60": 0.9837662337662337,
    "ai_etf_515050_close_ret60": 0.9837662337662337,
    "ai_etf_159995_close_ret60": 0.9837662337662337,
    "ai_etf_159819_close_ret60": 0.9837662337662337,
    "ai_etf_512480_range_pct_ret60": 0.9837662337662337,
    "ai_etf_159995_range_pct_ret60": 0.9837662337662337,
    "ai_etf_512480_close_ret60": 0.9837662337662337,
    "ai_etf_159819_close_ret20": 0.9577922077922078,
    "ai_etf_159819_range_pct_z60": 0.9577922077922078,
    "ai_etf_515050_close_z60": 0.9577922077922078,
    "ai_etf_basket_close_ret20": 0.9577922077922078,
    "ai_etf_basket_close_z60": 0.9577922077922078,
    "ai_etf_515050_range_pct_ret20": 0.9577922077922078,
    "ai_etf_159995_close_ret20": 0.9577922077922078,
    "ai_etf_159995_close_z60": 0.9577922077922078,
    "ai_etf_159995_range_pct_ret20": 0.9577922077922078,
    "ai_etf_512480_range_pct_ret20": 0.9577922077922078,
    "ai_etf_512480_close_z60": 0.9577922077922078,
    "ai_etf_512480_range_pct_z60": 0.9577922077922078,
    "ai_etf_512480_close_ret20": 0.9577922077922078,
    "ai_etf_159995_range_pct_z60": 0.9577922077922078,
    "ai_etf_515050_close_ret20": 0.9577922077922078,
    "ai_etf_159819_range_pct_ret20": 0.9577922077922078,
    "ai_etf_159819_close_z60": 0.9577922077922078,
    "ai_etf_515050_range_pct_z60": 0.9577922077922078,
    "ai_stock_vs_etf_basket_ret20": 0.9577922077922078,
    "ai_etf_basket_close_vol20": 0.951948051948052,
    "ai_etf_515050_close_vol20": 0.951948051948052,
    "ai_etf_512480_close_vol20": 0.951948051948052,
    "ai_etf_159995_close_vol20": 0.951948051948052,
    "ai_etf_159819_close_vol20": 0.951948051948052,
    "ai_etf_515050_range_pct_ma20_gap": 0.9512987012987013,
    "ai_etf_515050_volume_shock20": 0.9512987012987013,
    "ai_etf_159995_volume_z20": 0.9512987012987013,
    "ai_etf_159995_close_ma20_gap": 0.9512987012987013,
    "ai_etf_159995_range_pct_ma20_gap": 0.9512987012987013,
    "ai_etf_512480_volume_shock20": 0.9512987012987013,
    "ai_etf_512480_close_ma20_gap": 0.9512987012987013,
    "ai_etf_512480_range_pct_ma20_gap": 0.9512987012987013,
    "ai_etf_512480_range_pct_z20": 0.9512987012987013,
    "ai_etf_512480_close_z20": 0.9512987012987013,
    "ai_etf_159995_range_pct_z20": 0.9512987012987013,
    "ai_etf_159995_close_z20": 0.9512987012987013,
    "ai_etf_512480_volume_z20": 0.9512987012987013,
    "ai_etf_159995_volume_shock20": 0.9512987012987013,
    "ai_etf_515050_range_pct_z20": 0.9512987012987013,
    "ai_etf_515050_close_z20": 0.9512987012987013,
    "ai_etf_515050_close_ma20_gap": 0.9512987012987013
  },
  "outputs": {
    "features": "/root/stock_realtime_v021_full/saved_data/600584_pipeline_out_v2_new27_full/04_external/ai_compute/stock_external_features_ai_compute.csv",
    "merged_samples": "/root/stock_realtime_v021_full/saved_data/600584_pipeline_out_v2_new27_full/04_external/ai_compute/training_samples_with_ai_compute_external.csv",
    "report": "/root/stock_realtime_v021_full/saved_data/600584_pipeline_out_v2_new27_full/04_external/ai_compute/validation_report.json"
  }
}
logout success!
[INFO] final samples for search: /root/stock_realtime_v021_full/saved_data/600584_pipeline_out_v2_new27_full/04_external/ai_compute/training_samples_with_ai_compute_external.csv

[2026-05-18T21:57:42] RUN search_vwap_low_hit_50bps
  /usr/bin/python3 model_training/search_walk_forward_model_complexity.py --samples /root/stock_realtime_v021_full/saved_data/600584_pipeline_out_v2_new27_full/04_external/ai_compute/training_samples_with_ai_compute_external.csv --intraday-bars /root/stock_realtime_v021_full/saved_data/600584_pipeline_out_v2_new27_full/00_base/600584_5m.csv --out-dir /root/stock_realtime_v021_full/saved_data/600584_pipeline_out_v2_new27_full/10_search/search_vwap_low_hit_50bps --round-trip-cost-bps 1.7 --target-hit-bps 50.0 --label-mode hit --entry-policy vwap_low --entry-vwap-premium-bps 50.0 --max-missing 0.35 --groups reversal_fundamental_regime,reversal_fundamental_regime_sector,reversal_fundamental_regime_sector_external,all_no_ak --models xgb_d2_200_lr003_mcw5,xgb_d3_400_lr003_mcw3,xgb_d3_600_lr002_mcw3,xgb_d4_500_lr002_mcw5,lgbm_leaves7_400,lgbm_leaves15_700,extra_trees_600_d3,random_forest_600_d4 --quantiles 0.5,0.6,0.7,0.8 --train-rows 756 --valid-rows 126 --test-rows 63 --min-valid-trades 8 --min-train-entries 80
{
  "rows": 1534,
  "target_hit_bps": 50.0,
  "label_mode": "hit",
  "entry_policy": "vwap_low",
  "entry_vwap_premium_bps": 50.0,
  "groups": {
    "reversal_fundamental_regime": 137,
    "reversal_fundamental_regime_sector": 160,
    "reversal_fundamental_regime_sector_external": 513,
    "all_no_ak": 568
  },
  "models": [
    "xgb_d2_200_lr003_mcw5",
    "xgb_d3_400_lr003_mcw3",
    "xgb_d3_600_lr002_mcw3",
    "xgb_d4_500_lr002_mcw5",
    "extra_trees_600_d3",
    "random_forest_600_d4",
    "lgbm_leaves7_400",
    "lgbm_leaves15_700"
  ],
  "top": [
    {
      "entry_policy": "vwap_low",
      "feature_group": "reversal_fundamental_regime_sector",
      "model_name": "extra_trees_600_d3",
      "target_hit_bps": 50.0,
      "trades": 182,
      "win_rate": 0.8076923076923077,
      "avg_return": 2.6535573756952792e-05,
      "median_return": 0.005,
      "compound_return": -0.010354671525490078,
      "max_drawdown": -0.1353853714956088,
      "profit_factor": 1.006696139676069,
      "windows": 10
    },
    {
      "entry_policy": "vwap_low",
      "feature_group": "reversal_fundamental_regime",
      "model_name": "extra_trees_600_d3",
      "target_hit_bps": 50.0,
      "trades": 166,
      "win_rate": 0.8072289156626506,
      "avg_return": -9.855219413031014e-05,
      "median_return": 0.005,
      "compound_return": -0.030305376233639603,
      "max_drawdown": -0.13062032667475132,
      "profit_factor": 0.975850105498326,
      "windows": 10
    },
    {
      "entry_policy": "vwap_low",
      "feature_group": "reversal_fundamental_regime_sector_external",
      "model_name": "lgbm_leaves7_400",
      "target_hit_bps": 50.0,
      "trades": 109,
      "win_rate": 0.8256880733944955,
      "avg_return": -0.0004914769503076264,
      "median_return": 0.005,
      "compound_return": -0.062387671961561364,
      "max_drawdown": -0.1339011790166854,
      "profit_factor": 0.8928018285454641,
      "windows": 10
    },
    {
      "entry_policy": "vwap_low",
      "feature_group": "reversal_fundamental_regime_sector",
      "model_name": "xgb_d2_200_lr003_mcw5",
      "target_hit_bps": 50.0,
      "trades": 149,
      "win_rate": 0.8187919463087249,
      "avg_return": -0.0008155286490125513,
      "median_return": 0.005,
      "compound_return": -0.1281525244052183,
      "max_drawdown": -0.17479512341538317,
      "profit_factor": 0.8327552159703281,
      "windows": 10
    },
    {
      "entry_policy": "vwap_low",
      "feature_group": "reversal_fundamental_regime_sector_external",
      "model_name": "random_forest_600_d4",
      "target_hit_bps": 50.0,
      "trades": 127,
      "win_rate": 0.8031496062992126,
      "avg_return": -0.0014459779349297285,
      "median_return": 0.005,
      "compound_return": -0.18081960290149268,
      "max_drawdown": -0.25743354408744956,
      "profit_factor": 0.7352525659803485,
      "windows": 10
    },
    {
      "entry_policy": "vwap_low",
      "feature_group": "all_no_ak",
      "model_name": "extra_trees_600_d3",
      "target_hit_bps": 50.0,
      "trades": 178,
      "win_rate": 0.8089887640449438,
      "avg_return": -0.0010844795869694433,
      "median_return": 0.005,
      "compound_return": -0.19213045582879973,
      "max_drawdown": -0.25429377270172104,
      "profit_factor": 0.7853440115389615,
      "windows": 10
    },
    {
      "entry_policy": "vwap_low",
      "feature_group": "reversal_fundamental_regime_sector_external",
      "model_name": "lgbm_leaves15_700",
      "target_hit_bps": 50.0,
      "trades": 132,
      "win_rate": 0.7954545454545454,
      "avg_return": -0.0016087653557955387,
      "median_return": 0.005,
      "compound_return": -0.2037037177670301,
      "max_drawdown": -0.2592860907399639,
      "profit_factor": 0.7120024368126243,
      "windows": 10
    },
    {
      "entry_policy": "vwap_low",
      "feature_group": "all_no_ak",
      "model_name": "lgbm_leaves7_400",
      "target_hit_bps": 50.0,
      "trades": 141,
      "win_rate": 0.7943262411347518,
      "avg_return": -0.0016014076414915378,
      "median_return": 0.005,
      "compound_return": -0.2152942623538735,
      "max_drawdown": -0.25535909908861953,
      "profit_factor": 0.7112423587732262,
      "windows": 10
    },
    {
      "entry_policy": "vwap_low",
      "feature_group": "reversal_fundamental_regime",
      "model_name": "random_forest_600_d4",
      "target_hit_bps": 50.0,
      "trades": 140,
      "win_rate": 0.8071428571428572,
      "avg_return": -0.0016035807495217197,
      "median_return": 0.005,
      "compound_return": -0.21614650275647285,
      "max_drawdown": -0.240976762836543,
      "profit_factor": 0.715591541454637,
      "windows": 10
    },
    {
      "entry_policy": "vwap_low",
      "feature_group": "reversal_fundamental_regime",
      "model_name": "lgbm_leaves7_400",
      "target_hit_bps": 50.0,
      "trades": 131,
      "win_rate": 0.7786259541984732,
      "avg_return": -0.0018125899544307789,
      "median_return": 0.005,
      "compound_return": -0.22342694101402039,
      "max_drawdown": -0.2425534164268589,
      "profit_factor": 0.6802020789468914,
      "windows": 10
    },
    {
      "entry_policy": "vwap_low",
      "feature_group": "reversal_fundamental_regime_sector",
      "model_name": "xgb_d3_600_lr002_mcw3",
      "target_hit_bps": 50.0,
      "trades": 134,
      "win_rate": 0.7910447761194029,
      "avg_return": -0.0018840627908521712,
      "median_return": 0.005,
      "compound_return": -0.23616489345198366,
      "max_drawdown": -0.2550669256402216,
      "profit_factor": 0.6753504241303202,
      "windows": 10
    },
    {
      "entry_policy": "vwap_low",
      "feature_group": "reversal_fundamental_regime_sector_external",
      "model_name": "xgb_d3_400_lr003_mcw3",
      "target_hit_bps": 50.0,
      "trades": 142,
      "win_rate": 0.7887323943661971,
      "avg_return": -0.001776205171451712,
      "median_return": 0.005,
      "compound_return": -0.23642620351523835,
      "max_drawdown": -0.25893782664761433,
      "profit_factor": 0.6879949676015521,
      "windows": 10
    },
    {
      "entry_policy": "vwap_low",
      "feature_group": "reversal_fundamental_regime_sector_external",
      "model_name": "xgb_d3_600_lr002_mcw3",
      "target_hit_bps": 50.0,
      "trades": 137,
      "win_rate": 0.781021897810219,
      "avg_return": -0.0019125843850781917,
      "median_return": 0.005,
      "compound_return": -0.24301469369511186,
      "max_drawdown": -0.2881634428990735,
      "profit_factor": 0.6712469878170683,
      "windows": 10
    },
    {
      "entry_policy": "vwap_low",
      "feature_group": "reversal_fundamental_regime",
      "model_name": "xgb_d3_400_lr003_mcw3",
      "target_hit_bps": 50.0,
      "trades": 149,
      "win_rate": 0.7785234899328859,
      "avg_return": -0.0018765221804286584,
      "median_return": 0.005,
      "compound_return": -0.25728490971647244,
      "max_drawdown": -0.30737624376771866,
      "profit_factor": 0.6714263868403857,
      "windows": 10
    },
    {
      "entry_policy": "vwap_low",
      "feature_group": "reversal_fundamental_regime_sector_external",
      "model_name": "xgb_d2_200_lr003_mcw5",
      "target_hit_bps": 50.0,
      "trades": 149,
      "win_rate": 0.8053691275167785,
      "avg_return": -0.0019135311535854159,
      "median_return": 0.005,
      "compound_return": -0.2636973206442468,
      "max_drawdown": -0.3235536916638736,
      "profit_factor": 0.6778771413237652,
      "windows": 10
    },
    {
      "entry_policy": "vwap_low",
      "feature_group": "all_no_ak",
      "model_name": "xgb_d3_400_lr003_mcw3",
      "target_hit_bps": 50.0,
      "trades": 171,
      "win_rate": 0.7953216374269005,
      "avg_return": -0.0019090205890669415,
      "median_return": 0.005,
      "compound_return": -0.2943173830779263,
      "max_drawdown": -0.33531377501167947,
      "profit_factor": 0.6756471293626143,
      "windows": 10
    },
    {
      "entry_policy": "vwap_low",
      "feature_group": "all_no_ak",
      "model_name": "random_forest_600_d4",
      "target_hit_bps": 50.0,
      "trades": 128,
      "win_rate": 0.7890625,
      "avg_return": -0.0026345690562886294,
      "median_return": 0.005,
      "compound_return": -0.3012491796402188,
      "max_drawdown": -0.3418428712071805,
      "profit_factor": 0.5996023585301961,
      "windows": 10
    },
    {
      "entry_policy": "vwap_low",
      "feature_group": "reversal_fundamental_regime_sector",
      "model_name": "lgbm_leaves7_400",
      "target_hit_bps": 50.0,
      "trades": 154,
      "win_rate": 0.7922077922077922,
      "avg_return": -0.002223881804652365,
      "median_return": 0.005,
      "compound_return": -0.30571466596744945,
      "max_drawdown": -0.3495064576363215,
      "profit_factor": 0.6367165944213088,
      "windows": 10
    },
    {
      "entry_policy": "vwap_low",
      "feature_group": "all_no_ak",
      "model_name": "xgb_d2_200_lr003_mcw5",
      "target_hit_bps": 50.0,
      "trades": 164,
      "win_rate": 0.8048780487804879,
      "avg_return": -0.002109334602866314,
      "median_return": 0.005,
      "compound_return": -0.30877117709304125,
      "max_drawdown": -0.34103038902762417,
      "profit_factor": 0.6547932905362115,
      "windows": 10
    },
    {
      "entry_policy": "vwap_low",
      "feature_group": "reversal_fundamental_regime",
      "model_name": "xgb_d3_600_lr002_mcw3",
      "target_hit_bps": 50.0,
      "trades": 146,
      "win_rate": 0.7602739726027398,
      "avg_return": -0.0025479588334747544,
      "median_return": 0.005,
      "compound_return": -0.32358507911281,
      "max_drawdown": -0.36288117418665544,
      "profit_factor": 0.594865062985222,
      "windows": 10
    }
  ]
}

[2026-05-18T22:22:33] RUN search_vwap_low_hit_80bps
  /usr/bin/python3 model_training/search_walk_forward_model_complexity.py --samples /root/stock_realtime_v021_full/saved_data/600584_pipeline_out_v2_new27_full/04_external/ai_compute/training_samples_with_ai_compute_external.csv --intraday-bars /root/stock_realtime_v021_full/saved_data/600584_pipeline_out_v2_new27_full/00_base/600584_5m.csv --out-dir /root/stock_realtime_v021_full/saved_data/600584_pipeline_out_v2_new27_full/10_search/search_vwap_low_hit_80bps --round-trip-cost-bps 1.7 --target-hit-bps 80.0 --label-mode hit --entry-policy vwap_low --entry-vwap-premium-bps 50.0 --max-missing 0.35 --groups reversal_fundamental_regime,reversal_fundamental_regime_sector,reversal_fundamental_regime_sector_external,all_no_ak --models xgb_d2_200_lr003_mcw5,xgb_d3_400_lr003_mcw3,xgb_d3_600_lr002_mcw3,xgb_d4_500_lr002_mcw5,lgbm_leaves7_400,lgbm_leaves15_700,extra_trees_600_d3,random_forest_600_d4 --quantiles 0.5,0.6,0.7,0.8 --train-rows 756 --valid-rows 126 --test-rows 63 --min-valid-trades 8 --min-train-entries 80
{
  "rows": 1534,
  "target_hit_bps": 80.0,
  "label_mode": "hit",
  "entry_policy": "vwap_low",
  "entry_vwap_premium_bps": 50.0,
  "groups": {
    "reversal_fundamental_regime": 137,
    "reversal_fundamental_regime_sector": 160,
    "reversal_fundamental_regime_sector_external": 513,
    "all_no_ak": 568
  },
  "models": [
    "xgb_d2_200_lr003_mcw5",
    "xgb_d3_400_lr003_mcw3",
    "xgb_d3_600_lr002_mcw3",
    "xgb_d4_500_lr002_mcw5",
    "extra_trees_600_d3",
    "random_forest_600_d4",
    "lgbm_leaves7_400",
    "lgbm_leaves15_700"
  ],
  "top": [
    {
      "entry_policy": "vwap_low",
      "feature_group": "reversal_fundamental_regime",
      "model_name": "lgbm_leaves7_400",
      "target_hit_bps": 80.0,
      "trades": 200,
      "win_rate": 0.715,
      "avg_return": -0.0007237158125844683,
      "median_return": 0.008,
      "compound_return": -0.15746252885818346,
      "max_drawdown": -0.28263162765872385,
      "profit_factor": 0.8835273877724,
      "windows": 10
    },
    {
      "entry_policy": "vwap_low",
      "feature_group": "reversal_fundamental_regime_sector",
      "model_name": "extra_trees_600_d3",
      "target_hit_bps": 80.0,
      "trades": 204,
      "win_rate": 0.7156862745098039,
      "avg_return": -0.0011163580880414897,
      "median_return": 0.008,
      "compound_return": -0.2284072688378782,
      "max_drawdown": -0.304469587507025,
      "profit_factor": 0.8339109855428377,
      "windows": 10
    },
    {
      "entry_policy": "vwap_low",
      "feature_group": "reversal_fundamental_regime",
      "model_name": "xgb_d3_400_lr003_mcw3",
      "target_hit_bps": 80.0,
      "trades": 172,
      "win_rate": 0.7151162790697675,
      "avg_return": -0.0015763887043599586,
      "median_return": 0.008,
      "compound_return": -0.2588569842229521,
      "max_drawdown": -0.33215192717750375,
      "profit_factor": 0.7772221447904414,
      "windows": 10
    },
    {
      "entry_policy": "vwap_low",
      "feature_group": "reversal_fundamental_regime",
      "model_name": "extra_trees_600_d3",
      "target_hit_bps": 80.0,
      "trades": 224,
      "win_rate": 0.6964285714285714,
      "avg_return": -0.0013165861339104149,
      "median_return": 0.008,
      "compound_return": -0.28065878897407737,
      "max_drawdown": -0.3466654471308869,
      "profit_factor": 0.8047939963723976,
      "windows": 10
    },
    {
      "entry_policy": "vwap_low",
      "feature_group": "reversal_fundamental_regime",
      "model_name": "xgb_d3_600_lr002_mcw3",
      "target_hit_bps": 80.0,
      "trades": 162,
      "win_rate": 0.6975308641975309,
      "avg_return": -0.001912675186042776,
      "median_return": 0.008,
      "compound_return": -0.28580062826652863,
      "max_drawdown": -0.32559076089601025,
      "profit_factor": 0.7398004752699454,
      "windows": 10
    },
    {
      "entry_policy": "vwap_low",
      "feature_group": "reversal_fundamental_regime_sector",
      "model_name": "xgb_d2_200_lr003_mcw5",
      "target_hit_bps": 80.0,
      "trades": 162,
      "win_rate": 0.7222222222222222,
      "avg_return": -0.0019077236932212825,
      "median_return": 0.008,
      "compound_return": -0.28640800671656297,
      "max_drawdown": -0.3153470542089394,
      "profit_factor": 0.7480710280718137,
      "windows": 10
    },
    {
      "entry_policy": "vwap_low",
      "feature_group": "reversal_fundamental_regime",
      "model_name": "random_forest_600_d4",
      "target_hit_bps": 80.0,
      "trades": 178,
      "win_rate": 0.7191011235955056,
      "avg_return": -0.001750007568419355,
      "median_return": 0.008,
      "compound_return": -0.29017374436049326,
      "max_drawdown": -0.3549020318078353,
      "profit_factor": 0.7626616422151558,
      "windows": 10
    },
    {
      "entry_policy": "vwap_low",
      "feature_group": "reversal_fundamental_regime_sector",
      "model_name": "lgbm_leaves15_700",
      "target_hit_bps": 80.0,
      "trades": 196,
      "win_rate": 0.7193877551020408,
      "avg_return": -0.0016119025648071495,
      "median_return": 0.008,
      "compound_return": -0.29447687848575044,
      "max_drawdown": -0.33986165885675157,
      "profit_factor": 0.7765781173072868,
      "windows": 10
    },
    {
      "entry_policy": "vwap_low",
      "feature_group": "reversal_fundamental_regime_sector",
      "model_name": "xgb_d3_400_lr003_mcw3",
      "target_hit_bps": 80.0,
      "trades": 174,
      "win_rate": 0.7241379310344828,
      "avg_return": -0.0018588814709041667,
      "median_return": 0.008,
      "compound_return": -0.2980618788622288,
      "max_drawdown": -0.35443047000882,
      "profit_factor": 0.753684354883487,
      "windows": 10
    },
    {
      "entry_policy": "vwap_low",
      "feature_group": "reversal_fundamental_regime_sector",
      "model_name": "lgbm_leaves7_400",
      "target_hit_bps": 80.0,
      "trades": 208,
      "win_rate": 0.7115384615384616,
      "avg_return": -0.0015870871984639235,
      "median_return": 0.008,
      "compound_return": -0.3043993246709559,
      "max_drawdown": -0.354107076827088,
      "profit_factor": 0.7764746105416293,
      "windows": 10
    },
    {
      "entry_policy": "vwap_low",
      "feature_group": "reversal_fundamental_regime_sector",
      "model_name": "xgb_d4_500_lr002_mcw5",
      "target_hit_bps": 80.0,
      "trades": 178,
      "win_rate": 0.7078651685393258,
      "avg_return": -0.002104176741476822,
      "median_return": 0.008,
      "compound_return": -0.3332416739141052,
      "max_drawdown": -0.3403429358079193,
      "profit_factor": 0.7237525493697501,
      "windows": 10
    },
    {
      "entry_policy": "vwap_low",
      "feature_group": "reversal_fundamental_regime_sector",
      "model_name": "random_forest_600_d4",
      "target_hit_bps": 80.0,
      "trades": 167,
      "win_rate": 0.7245508982035929,
      "avg_return": -0.0023229445971532457,
      "median_return": 0.008,
      "compound_return": -0.342652725177941,
      "max_drawdown": -0.36647562001108347,
      "profit_factor": 0.7099836088412126,
      "windows": 10
    },
    {
      "entry_policy": "vwap_low",
      "feature_group": "all_no_ak",
      "model_name": "xgb_d3_400_lr003_mcw3",
      "target_hit_bps": 80.0,
      "trades": 175,
      "win_rate": 0.7142857142857143,
      "avg_return": -0.0022054768487617415,
      "median_return": 0.008,
      "compound_return": -0.3434958376050641,
      "max_drawdown": -0.4024146170112326,
      "profit_factor": 0.719283284021632,
      "windows": 10
    },
    {
      "entry_policy": "vwap_low",
      "feature_group": "all_no_ak",
      "model_name": "xgb_d3_600_lr002_mcw3",
      "target_hit_bps": 80.0,
      "trades": 181,
      "win_rate": 0.7071823204419889,
      "avg_return": -0.002244645055112806,
      "median_return": 0.008,
      "compound_return": -0.3554930319398937,
      "max_drawdown": -0.40373592579131923,
      "profit_factor": 0.713730754575985,
      "windows": 10
    },
    {
      "entry_policy": "vwap_low",
      "feature_group": "reversal_fundamental_regime",
      "model_name": "lgbm_leaves15_700",
      "target_hit_bps": 80.0,
      "trades": 168,
      "win_rate": 0.6726190476190477,
      "avg_return": -0.0025148108043569406,
      "median_return": 0.008,
      "compound_return": -0.3626594541344005,
      "max_drawdown": -0.3640686492625408,
      "profit_factor": 0.6724355390758451,
      "windows": 10
    },
    {
      "entry_policy": "vwap_low",
      "feature_group": "reversal_fundamental_regime_sector_external",
      "model_name": "extra_trees_600_d3",
      "target_hit_bps": 80.0,
      "trades": 169,
      "win_rate": 0.6982248520710059,
      "avg_return": -0.002621236769001887,
      "median_return": 0.008,
      "compound_return": -0.3808846733951007,
      "max_drawdown": -0.4033259512484817,
      "profit_factor": 0.6782587181399522,
      "windows": 10
    },
    {
      "entry_policy": "vwap_low",
      "feature_group": "reversal_fundamental_regime_sector_external",
      "model_name": "xgb_d3_400_lr003_mcw3",
      "target_hit_bps": 80.0,
      "trades": 190,
      "win_rate": 0.7210526315789474,
      "avg_return": -0.002496752995386693,
      "median_return": 0.008,
      "compound_return": -0.40016923675075533,
      "max_drawdown": -0.4400461938017646,
      "profit_factor": 0.6947888753777237,
      "windows": 10
    },
    {
      "entry_policy": "vwap_low",
      "feature_group": "all_no_ak",
      "model_name": "xgb_d2_200_lr003_mcw5",
      "target_hit_bps": 80.0,
      "trades": 198,
      "win_rate": 0.702020202020202,
      "avg_return": -0.0025024822351828587,
      "median_return": 0.008,
      "compound_return": -0.4127084562095271,
      "max_drawdown": -0.43422747788094107,
      "profit_factor": 0.6882924298251353,
      "windows": 10
    },
    {
      "entry_policy": "vwap_low",
      "feature_group": "reversal_fundamental_regime",
      "model_name": "xgb_d2_200_lr003_mcw5",
      "target_hit_bps": 80.0,
      "trades": 199,
      "win_rate": 0.6834170854271356,
      "avg_return": -0.0025229837408814832,
      "median_return": 0.008,
      "compound_return": -0.41541750246693687,
      "max_drawdown": -0.42555570941698195,
      "profit_factor": 0.680566310787513,
      "windows": 10
    },
    {
      "entry_policy": "vwap_low",
      "feature_group": "reversal_fundamental_regime_sector_external",
      "model_name": "xgb_d2_200_lr003_mcw5",
      "target_hit_bps": 80.0,
      "trades": 198,
      "win_rate": 0.702020202020202,
      "avg_return": -0.002540887809267336,
      "median_return": 0.008,
      "compound_return": -0.4171506333332111,
      "max_drawdown": -0.4616550035577782,
      "profit_factor": 0.6850154709739797,
      "windows": 10
    }
  ]
}

[2026-05-18T22:47:42] RUN search_vwap_low_close_profit_50bps
  /usr/bin/python3 model_training/search_walk_forward_model_complexity.py --samples /root/stock_realtime_v021_full/saved_data/600584_pipeline_out_v2_new27_full/04_external/ai_compute/training_samples_with_ai_compute_external.csv --intraday-bars /root/stock_realtime_v021_full/saved_data/600584_pipeline_out_v2_new27_full/00_base/600584_5m.csv --out-dir /root/stock_realtime_v021_full/saved_data/600584_pipeline_out_v2_new27_full/10_search/search_vwap_low_close_profit_50bps --round-trip-cost-bps 1.7 --target-hit-bps 50.0 --label-mode close_profit --entry-policy vwap_low --entry-vwap-premium-bps 50.0 --max-missing 0.35 --groups reversal_fundamental_regime,reversal_fundamental_regime_sector,reversal_fundamental_regime_sector_external,all_no_ak --models xgb_d2_200_lr003_mcw5,xgb_d3_400_lr003_mcw3,xgb_d3_600_lr002_mcw3,xgb_d4_500_lr002_mcw5,lgbm_leaves7_400,lgbm_leaves15_700,extra_trees_600_d3,random_forest_600_d4 --quantiles 0.5,0.6,0.7,0.8 --train-rows 756 --valid-rows 126 --test-rows 63 --min-valid-trades 8 --min-train-entries 80
{
  "rows": 1534,
  "target_hit_bps": 50.0,
  "label_mode": "close_profit",
  "entry_policy": "vwap_low",
  "entry_vwap_premium_bps": 50.0,
  "groups": {
    "reversal_fundamental_regime": 137,
    "reversal_fundamental_regime_sector": 160,
    "reversal_fundamental_regime_sector_external": 513,
    "all_no_ak": 568
  },
  "models": [
    "xgb_d2_200_lr003_mcw5",
    "xgb_d3_400_lr003_mcw3",
    "xgb_d3_600_lr002_mcw3",
    "xgb_d4_500_lr002_mcw5",
    "extra_trees_600_d3",
    "random_forest_600_d4",
    "lgbm_leaves7_400",
    "lgbm_leaves15_700"
  ],
  "top": [
    {
      "entry_policy": "vwap_low",
      "feature_group": "reversal_fundamental_regime",
      "model_name": "lgbm_leaves7_400",
      "target_hit_bps": 50.0,
      "trades": 159,
      "win_rate": 0.5849056603773585,
      "avg_return": 0.00445129990681574,
      "median_return": 0.0032882132564842105,
      "compound_return": 0.937821836238286,
      "max_drawdown": -0.14057135928391618,
      "profit_factor": 1.6908464637721938,
      "windows": 10
    },
    {
      "entry_policy": "vwap_low",
      "feature_group": "reversal_fundamental_regime_sector",
      "model_name": "xgb_d4_500_lr002_mcw5",
      "target_hit_bps": 50.0,
      "trades": 163,
      "win_rate": 0.5337423312883436,
      "avg_return": 0.004195449110261289,
      "median_return": 0.0011668983957220415,
      "compound_return": 0.8669138011325475,
      "max_drawdown": -0.18778727984936627,
      "profit_factor": 1.5458897924354937,
      "windows": 10
    },
    {
      "entry_policy": "vwap_low",
      "feature_group": "reversal_fundamental_regime",
      "model_name": "xgb_d4_500_lr002_mcw5",
      "target_hit_bps": 50.0,
      "trades": 153,
      "win_rate": 0.5686274509803921,
      "avg_return": 0.003834877258879018,
      "median_return": 0.0022571844660195274,
      "compound_return": 0.7111673073319666,
      "max_drawdown": -0.19415713787768707,
      "profit_factor": 1.5339464088551429,
      "windows": 10
    },
    {
      "entry_policy": "vwap_low",
      "feature_group": "reversal_fundamental_regime_sector",
      "model_name": "extra_trees_600_d3",
      "target_hit_bps": 50.0,
      "trades": 200,
      "win_rate": 0.565,
      "avg_return": 0.002835624094208144,
      "median_return": 0.0038731289123387115,
      "compound_return": 0.6721503097378025,
      "max_drawdown": -0.274301237219292,
      "profit_factor": 1.3824818170887674,
      "windows": 10
    },
    {
      "entry_policy": "vwap_low",
      "feature_group": "reversal_fundamental_regime",
      "model_name": "xgb_d3_400_lr003_mcw3",
      "target_hit_bps": 50.0,
      "trades": 153,
      "win_rate": 0.5490196078431373,
      "avg_return": 0.0036071069453482967,
      "median_return": 0.002108481012658373,
      "compound_return": 0.6583801273858161,
      "max_drawdown": -0.15449428273581722,
      "profit_factor": 1.5169265592547099,
      "windows": 10
    },
    {
      "entry_policy": "vwap_low",
      "feature_group": "reversal_fundamental_regime_sector",
      "model_name": "xgb_d3_600_lr002_mcw3",
      "target_hit_bps": 50.0,
      "trades": 185,
      "win_rate": 0.5351351351351351,
      "avg_return": 0.0028403529868352116,
      "median_return": 0.0010839184952977678,
      "compound_return": 0.6049743504709866,
      "max_drawdown": -0.19876295887500806,
      "profit_factor": 1.3980001990862123,
      "windows": 10
    },
    {
      "entry_policy": "vwap_low",
      "feature_group": "reversal_fundamental_regime",
      "model_name": "xgb_d3_600_lr002_mcw3",
      "target_hit_bps": 50.0,
      "trades": 156,
      "win_rate": 0.5641025641025641,
      "avg_return": 0.0033483441577319695,
      "median_return": 0.0030199443332232824,
      "compound_return": 0.5955636497681502,
      "max_drawdown": -0.1524726941195086,
      "profit_factor": 1.4177105498935694,
      "windows": 10
    },
    {
      "entry_policy": "vwap_low",
      "feature_group": "reversal_fundamental_regime_sector",
      "model_name": "random_forest_600_d4",
      "target_hit_bps": 50.0,
      "trades": 192,
      "win_rate": 0.5416666666666666,
      "avg_return": 0.0023829759236645666,
      "median_return": 0.002011993373899571,
      "compound_return": 0.4881107390546173,
      "max_drawdown": -0.21487457824801237,
      "profit_factor": 1.2917824109039235,
      "windows": 10
    },
    {
      "entry_policy": "vwap_low",
      "feature_group": "reversal_fundamental_regime_sector",
      "model_name": "xgb_d3_400_lr003_mcw3",
      "target_hit_bps": 50.0,
      "trades": 167,
      "win_rate": 0.5449101796407185,
      "avg_return": 0.0025614811052606023,
      "median_return": 0.001915505735140769,
      "compound_return": 0.45618103832089196,
      "max_drawdown": -0.1686543288122212,
      "profit_factor": 1.3279977991525416,
      "windows": 10
    },
    {
      "entry_policy": "vwap_low",
      "feature_group": "reversal_fundamental_regime",
      "model_name": "xgb_d2_200_lr003_mcw5",
      "target_hit_bps": 50.0,
      "trades": 139,
      "win_rate": 0.5107913669064749,
      "avg_return": 0.002824791555194122,
      "median_return": 0.00018765379113028574,
      "compound_return": 0.4210138678803863,
      "max_drawdown": -0.18269853665671365,
      "profit_factor": 1.3867681707629171,
      "windows": 10
    },
    {
      "entry_policy": "vwap_low",
      "feature_group": "reversal_fundamental_regime",
      "model_name": "random_forest_600_d4",
      "target_hit_bps": 50.0,
      "trades": 137,
      "win_rate": 0.5328467153284672,
      "avg_return": 0.0027201125498406797,
      "median_return": 0.0011668983957220415,
      "compound_return": 0.38247869822877445,
      "max_drawdown": -0.2188326980703491,
      "profit_factor": 1.3152733508379595,
      "windows": 10
    },
    {
      "entry_policy": "vwap_low",
      "feature_group": "reversal_fundamental_regime_sector",
      "model_name": "xgb_d2_200_lr003_mcw5",
      "target_hit_bps": 50.0,
      "trades": 170,
      "win_rate": 0.5117647058823529,
      "avg_return": 0.0017233066725835173,
      "median_return": 0.00041368519516027727,
      "compound_return": 0.26087228731854695,
      "max_drawdown": -0.18803994906826393,
      "profit_factor": 1.193520607869695,
      "windows": 10
    },
    {
      "entry_policy": "vwap_low",
      "feature_group": "reversal_fundamental_regime_sector",
      "model_name": "lgbm_leaves15_700",
      "target_hit_bps": 50.0,
      "trades": 162,
      "win_rate": 0.5061728395061729,
      "avg_return": 0.0014858663151975622,
      "median_return": 9.192473896646808e-05,
      "compound_return": 0.21334407189180538,
      "max_drawdown": -0.2725709505632127,
      "profit_factor": 1.1836813956042536,
      "windows": 10
    },
    {
      "entry_policy": "vwap_low",
      "feature_group": "reversal_fundamental_regime",
      "model_name": "lgbm_leaves15_700",
      "target_hit_bps": 50.0,
      "trades": 160,
      "win_rate": 0.525,
      "avg_return": 0.001103455407844413,
      "median_return": 0.0007210819624800004,
      "compound_return": 0.1302168159305197,
      "max_drawdown": -0.3705532057468255,
      "profit_factor": 1.1233015244027464,
      "windows": 10
    },
    {
      "entry_policy": "vwap_low",
      "feature_group": "reversal_fundamental_regime",
      "model_name": "extra_trees_600_d3",
      "target_hit_bps": 50.0,
      "trades": 181,
      "win_rate": 0.5027624309392266,
      "avg_return": 0.0009024938508746715,
      "median_return": 8.445292620873696e-05,
      "compound_return": 0.11578782048989811,
      "max_drawdown": -0.2893647493609458,
      "profit_factor": 1.1091886605192354,
      "windows": 10
    },
    {
      "entry_policy": "vwap_low",
      "feature_group": "reversal_fundamental_regime_sector",
      "model_name": "lgbm_leaves7_400",
      "target_hit_bps": 50.0,
      "trades": 205,
      "win_rate": 0.4975609756097561,
      "avg_return": 0.0008138229172098577,
      "median_return": -0.00016999999999999999,
      "compound_return": 0.10162638885667641,
      "max_drawdown": -0.3127316733506871,
      "profit_factor": 1.089981154087919,
      "windows": 10
    },
    {
      "entry_policy": "vwap_low",
      "feature_group": "reversal_fundamental_regime_sector_external",
      "model_name": "extra_trees_600_d3",
      "target_hit_bps": 50.0,
      "trades": 175,
      "win_rate": 0.49714285714285716,
      "avg_return": 0.0006842758146238683,
      "median_return": -0.00016999999999999999,
      "compound_return": 0.05858787847755442,
      "max_drawdown": -0.28821034738269335,
      "profit_factor": 1.0707556591086325,
      "windows": 10
    },
    {
      "entry_policy": "vwap_low",
      "feature_group": "all_no_ak",
      "model_name": "lgbm_leaves15_700",
      "target_hit_bps": 50.0,
      "trades": 168,
      "win_rate": 0.5119047619047619,
      "avg_return": 0.000418465350253328,
      "median_return": 0.00041166169422035895,
      "compound_return": 0.021024329904330452,
      "max_drawdown": -0.31942570083254873,
      "profit_factor": 1.048336505726965,
      "windows": 10
    },
    {
      "entry_policy": "vwap_low",
      "feature_group": "reversal_fundamental_regime_sector_external",
      "model_name": "lgbm_leaves15_700",
      "target_hit_bps": 50.0,
      "trades": 155,
      "win_rate": 0.5096774193548387,
      "avg_return": 0.0004412707098649337,
      "median_return": 0.0006397165991902688,
      "compound_return": 0.016048685432567433,
      "max_drawdown": -0.31189611563792263,
      "profit_factor": 1.046488432876323,
      "windows": 10
    },
    {
      "entry_policy": "vwap_low",
      "feature_group": "all_no_ak",
      "model_name": "extra_trees_600_d3",
      "target_hit_bps": 50.0,
      "trades": 113,
      "win_rate": 0.48672566371681414,
      "avg_return": 0.00013497774716454073,
      "median_return": -0.00016999999999999999,
      "compound_return": -0.025028997506896244,
      "max_drawdown": -0.19897237540942359,
      "profit_factor": 1.013575333316255,
      "windows": 10
    }
  ]
}

[2026-05-18T23:13:38] RUN search_all_days_hit_50bps
  /usr/bin/python3 model_training/search_walk_forward_model_complexity.py --samples /root/stock_realtime_v021_full/saved_data/600584_pipeline_out_v2_new27_full/04_external/ai_compute/training_samples_with_ai_compute_external.csv --intraday-bars /root/stock_realtime_v021_full/saved_data/600584_pipeline_out_v2_new27_full/00_base/600584_5m.csv --out-dir /root/stock_realtime_v021_full/saved_data/600584_pipeline_out_v2_new27_full/10_search/search_all_days_hit_50bps --round-trip-cost-bps 1.7 --target-hit-bps 50.0 --label-mode hit --entry-policy all_days --entry-vwap-premium-bps 50.0 --max-missing 0.35 --groups reversal_fundamental_regime,reversal_fundamental_regime_sector,reversal_fundamental_regime_sector_external,all_no_ak --models xgb_d2_200_lr003_mcw5,xgb_d3_400_lr003_mcw3,xgb_d3_600_lr002_mcw3,xgb_d4_500_lr002_mcw5,lgbm_leaves7_400,lgbm_leaves15_700,extra_trees_600_d3,random_forest_600_d4 --quantiles 0.5,0.6,0.7,0.8 --train-rows 756 --valid-rows 126 --test-rows 63 --min-valid-trades 8 --min-train-entries 80
{
  "rows": 1534,
  "target_hit_bps": 50.0,
  "label_mode": "hit",
  "entry_policy": "all_days",
  "entry_vwap_premium_bps": 50.0,
  "groups": {
    "reversal_fundamental_regime": 137,
    "reversal_fundamental_regime_sector": 160,
    "reversal_fundamental_regime_sector_external": 513,
    "all_no_ak": 568
  },
  "models": [
    "xgb_d2_200_lr003_mcw5",
    "xgb_d3_400_lr003_mcw3",
    "xgb_d3_600_lr002_mcw3",
    "xgb_d4_500_lr002_mcw5",
    "extra_trees_600_d3",
    "random_forest_600_d4",
    "lgbm_leaves7_400",
    "lgbm_leaves15_700"
  ],
  "top": [
    {
      "entry_policy": "all_days",
      "feature_group": "reversal_fundamental_regime_sector",
      "model_name": "extra_trees_600_d3",
      "target_hit_bps": 50.0,
      "trades": 189,
      "win_rate": 0.8042328042328042,
      "avg_return": 0.00021279353815470048,
      "median_return": 0.005,
      "compound_return": 0.027222987267474963,
      "max_drawdown": -0.10763086387900567,
      "profit_factor": 1.0565777746544533,
      "windows": 10
    },
    {
      "entry_policy": "all_days",
      "feature_group": "reversal_fundamental_regime",
      "model_name": "extra_trees_600_d3",
      "target_hit_bps": 50.0,
      "trades": 174,
      "win_rate": 0.8103448275862069,
      "avg_return": -0.0001032032330306447,
      "median_return": 0.005,
      "compound_return": -0.03281464023584568,
      "max_drawdown": -0.11853926469175002,
      "profit_factor": 0.9748503179545775,
      "windows": 10
    },
    {
      "entry_policy": "all_days",
      "feature_group": "reversal_fundamental_regime_sector",
      "model_name": "xgb_d3_600_lr002_mcw3",
      "target_hit_bps": 50.0,
      "trades": 129,
      "win_rate": 0.7984496124031008,
      "avg_return": -0.0010043736195579692,
      "median_return": 0.005,
      "compound_return": -0.13269963713543032,
      "max_drawdown": -0.16457441338217715,
      "profit_factor": 0.7989894605665472,
      "windows": 10
    },
    {
      "entry_policy": "all_days",
      "feature_group": "reversal_fundamental_regime_sector_external",
      "model_name": "xgb_d3_400_lr003_mcw3",
      "target_hit_bps": 50.0,
      "trades": 141,
      "win_rate": 0.8014184397163121,
      "avg_return": -0.0010597459130937215,
      "median_return": 0.005,
      "compound_return": -0.15200381733177448,
      "max_drawdown": -0.1810988802698772,
      "profit_factor": 0.7908466997096674,
      "windows": 10
    },
    {
      "entry_policy": "all_days",
      "feature_group": "reversal_fundamental_regime",
      "model_name": "lgbm_leaves7_400",
      "target_hit_bps": 50.0,
      "trades": 160,
      "win_rate": 0.81875,
      "avg_return": -0.0009637548744911196,
      "median_return": 0.005,
      "compound_return": -0.1584127178253656,
      "max_drawdown": -0.19133123285083597,
      "profit_factor": 0.8082674588602484,
      "windows": 10
    },
    {
      "entry_policy": "all_days",
      "feature_group": "reversal_fundamental_regime",
      "model_name": "xgb_d3_600_lr002_mcw3",
      "target_hit_bps": 50.0,
      "trades": 150,
      "win_rate": 0.8066666666666666,
      "avg_return": -0.001136121830979127,
      "median_return": 0.005,
      "compound_return": -0.17055560202995534,
      "max_drawdown": -0.21932268010649425,
      "profit_factor": 0.7777057603921005,
      "windows": 10
    },
    {
      "entry_policy": "all_days",
      "feature_group": "all_no_ak",
      "model_name": "extra_trees_600_d3",
      "target_hit_bps": 50.0,
      "trades": 215,
      "win_rate": 0.7906976744186046,
      "avg_return": -0.0007992262183290847,
      "median_return": 0.005,
      "compound_return": -0.17430875320775252,
      "max_drawdown": -0.23301080621921977,
      "profit_factor": 0.8295442243068267,
      "windows": 10
    },
    {
      "entry_policy": "all_days",
      "feature_group": "reversal_fundamental_regime_sector",
      "model_name": "lgbm_leaves7_400",
      "target_hit_bps": 50.0,
      "trades": 151,
      "win_rate": 0.8079470198675497,
      "avg_return": -0.0012359915344201636,
      "median_return": 0.005,
      "compound_return": -0.18463620209804965,
      "max_drawdown": -0.21652899088058042,
      "profit_factor": 0.7645470765961667,
      "windows": 10
    },
    {
      "entry_policy": "all_days",
      "feature_group": "reversal_fundamental_regime_sector",
      "model_name": "xgb_d3_400_lr003_mcw3",
      "target_hit_bps": 50.0,
      "trades": 141,
      "win_rate": 0.7801418439716312,
      "avg_return": -0.001361091928721665,
      "median_return": 0.005,
      "compound_return": -0.1864567410945177,
      "max_drawdown": -0.2124376308046142,
      "profit_factor": 0.7413258520632181,
      "windows": 10
    },
    {
      "entry_policy": "all_days",
      "feature_group": "reversal_fundamental_regime_sector_external",
      "model_name": "xgb_d3_600_lr002_mcw3",
      "target_hit_bps": 50.0,
      "trades": 136,
      "win_rate": 0.8014705882352942,
      "avg_return": -0.0014007580625430413,
      "median_return": 0.005,
      "compound_return": -0.1865735687522987,
      "max_drawdown": -0.206702276045177,
      "profit_factor": 0.7409894024771959,
      "windows": 10
    },
    {
      "entry_policy": "all_days",
      "feature_group": "all_no_ak",
      "model_name": "lgbm_leaves15_700",
      "target_hit_bps": 50.0,
      "trades": 148,
      "win_rate": 0.8175675675675675,
      "avg_return": -0.0013112728479804084,
      "median_return": 0.005,
      "compound_return": -0.19125401611293857,
      "max_drawdown": -0.2514481514574194,
      "profit_factor": 0.7571316973692154,
      "windows": 10
    },
    {
      "entry_policy": "all_days",
      "feature_group": "reversal_fundamental_regime_sector",
      "model_name": "lgbm_leaves15_700",
      "target_hit_bps": 50.0,
      "trades": 154,
      "win_rate": 0.7922077922077922,
      "avg_return": -0.0012980537404538375,
      "median_return": 0.005,
      "compound_return": -0.1956607464938307,
      "max_drawdown": -0.21745444043711037,
      "profit_factor": 0.7519626533030842,
      "windows": 10
    },
    {
      "entry_policy": "all_days",
      "feature_group": "all_no_ak",
      "model_name": "lgbm_leaves7_400",
      "target_hit_bps": 50.0,
      "trades": 112,
      "win_rate": 0.7767857142857143,
      "avg_return": -0.002016017294873845,
      "median_return": 0.005,
      "compound_return": -0.2123986327775811,
      "max_drawdown": -0.23561863487702317,
      "profit_factor": 0.6563053307721587,
      "windows": 10
    },
    {
      "entry_policy": "all_days",
      "feature_group": "reversal_fundamental_regime",
      "model_name": "xgb_d4_500_lr002_mcw5",
      "target_hit_bps": 50.0,
      "trades": 146,
      "win_rate": 0.7945205479452054,
      "avg_return": -0.0015894614238474737,
      "median_return": 0.005,
      "compound_return": -0.22089830343411387,
      "max_drawdown": -0.28065511148737887,
      "profit_factor": 0.7111566225101422,
      "windows": 10
    },
    {
      "entry_policy": "all_days",
      "feature_group": "reversal_fundamental_regime_sector",
      "model_name": "xgb_d4_500_lr002_mcw5",
      "target_hit_bps": 50.0,
      "trades": 159,
      "win_rate": 0.7861635220125787,
      "avg_return": -0.0015613347064463471,
      "median_return": 0.005,
      "compound_return": -0.23362062596114763,
      "max_drawdown": -0.270613496949339,
      "profit_factor": 0.7141400040511026,
      "windows": 10
    },
    {
      "entry_policy": "all_days",
      "feature_group": "reversal_fundamental_regime_sector",
      "model_name": "random_forest_600_d4",
      "target_hit_bps": 50.0,
      "trades": 211,
      "win_rate": 0.8104265402843602,
      "avg_return": -0.001174989286059365,
      "median_return": 0.005,
      "compound_return": -0.23780943972567392,
      "max_drawdown": -0.26590923492868745,
      "profit_factor": 0.7734113057899432,
      "windows": 10
    },
    {
      "entry_policy": "all_days",
      "feature_group": "reversal_fundamental_regime",
      "model_name": "random_forest_600_d4",
      "target_hit_bps": 50.0,
      "trades": 197,
      "win_rate": 0.8121827411167513,
      "avg_return": -0.0012590250790231717,
      "median_return": 0.005,
      "compound_return": -0.23808232813618446,
      "max_drawdown": -0.24764198772397217,
      "profit_factor": 0.7633070256857861,
      "windows": 10
    },
    {
      "entry_policy": "all_days",
      "feature_group": "reversal_fundamental_regime_sector_external",
      "model_name": "lgbm_leaves15_700",
      "target_hit_bps": 50.0,
      "trades": 149,
      "win_rate": 0.7919463087248322,
      "avg_return": -0.001770906616140544,
      "median_return": 0.005,
      "compound_return": -0.2459484052745733,
      "max_drawdown": -0.2627114452212692,
      "profit_factor": 0.6892296138714686,
      "windows": 10
    },
    {
      "entry_policy": "all_days",
      "feature_group": "reversal_fundamental_regime_sector_external",
      "model_name": "random_forest_600_d4",
      "target_hit_bps": 50.0,
      "trades": 153,
      "win_rate": 0.8169934640522876,
      "avg_return": -0.0017059635181623386,
      "median_return": 0.005,
      "compound_return": -0.2471632796094282,
      "max_drawdown": -0.2771154283154056,
      "profit_factor": 0.7049636124049274,
      "windows": 10
    },
    {
      "entry_policy": "all_days",
      "feature_group": "all_no_ak",
      "model_name": "xgb_d3_600_lr002_mcw3",
      "target_hit_bps": 50.0,
      "trades": 158,
      "win_rate": 0.7848101265822784,
      "avg_return": -0.0016686357425594012,
      "median_return": 0.005,
      "compound_return": -0.24747409758497818,
      "max_drawdown": -0.27690899489199805,
      "profit_factor": 0.7003397960177499,
      "windows": 10
    }
  ]
}

[2026-05-18T23:38:34] RUN search_all_days_hit_80bps
  /usr/bin/python3 model_training/search_walk_forward_model_complexity.py --samples /root/stock_realtime_v021_full/saved_data/600584_pipeline_out_v2_new27_full/04_external/ai_compute/training_samples_with_ai_compute_external.csv --intraday-bars /root/stock_realtime_v021_full/saved_data/600584_pipeline_out_v2_new27_full/00_base/600584_5m.csv --out-dir /root/stock_realtime_v021_full/saved_data/600584_pipeline_out_v2_new27_full/10_search/search_all_days_hit_80bps --round-trip-cost-bps 1.7 --target-hit-bps 80.0 --label-mode hit --entry-policy all_days --entry-vwap-premium-bps 50.0 --max-missing 0.35 --groups reversal_fundamental_regime,reversal_fundamental_regime_sector,reversal_fundamental_regime_sector_external,all_no_ak --models xgb_d2_200_lr003_mcw5,xgb_d3_400_lr003_mcw3,xgb_d3_600_lr002_mcw3,xgb_d4_500_lr002_mcw5,lgbm_leaves7_400,lgbm_leaves15_700,extra_trees_600_d3,random_forest_600_d4 --quantiles 0.5,0.6,0.7,0.8 --train-rows 756 --valid-rows 126 --test-rows 63 --min-valid-trades 8 --min-train-entries 80
{
  "rows": 1534,
  "target_hit_bps": 80.0,
  "label_mode": "hit",
  "entry_policy": "all_days",
  "entry_vwap_premium_bps": 50.0,
  "groups": {
    "reversal_fundamental_regime": 137,
    "reversal_fundamental_regime_sector": 160,
    "reversal_fundamental_regime_sector_external": 513,
    "all_no_ak": 568
  },
  "models": [
    "xgb_d2_200_lr003_mcw5",
    "xgb_d3_400_lr003_mcw3",
    "xgb_d3_600_lr002_mcw3",
    "xgb_d4_500_lr002_mcw5",
    "extra_trees_600_d3",
    "random_forest_600_d4",
    "lgbm_leaves7_400",
    "lgbm_leaves15_700"
  ],
  "top": [
    {
      "entry_policy": "all_days",
      "feature_group": "reversal_fundamental_regime_sector",
      "model_name": "xgb_d3_600_lr002_mcw3",
      "target_hit_bps": 80.0,
      "trades": 189,
      "win_rate": 0.746031746031746,
      "avg_return": -0.0005369200407905001,
      "median_return": 0.008,
      "compound_return": -0.12132033273005294,
      "max_drawdown": -0.20487958190988365,
      "profit_factor": 0.9169655298707401,
      "windows": 10
    },
    {
      "entry_policy": "all_days",
      "feature_group": "reversal_fundamental_regime_sector",
      "model_name": "extra_trees_600_d3",
      "target_hit_bps": 80.0,
      "trades": 202,
      "win_rate": 0.7128712871287128,
      "avg_return": -0.0005569134320239843,
      "median_return": 0.008,
      "compound_return": -0.13049148997646787,
      "max_drawdown": -0.2240237794462946,
      "profit_factor": 0.908715406419391,
      "windows": 10
    },
    {
      "entry_policy": "all_days",
      "feature_group": "reversal_fundamental_regime_sector",
      "model_name": "xgb_d2_200_lr003_mcw5",
      "target_hit_bps": 80.0,
      "trades": 176,
      "win_rate": 0.7727272727272727,
      "avg_return": -0.0007353700384097997,
      "median_return": 0.008,
      "compound_return": -0.1477778956849667,
      "max_drawdown": -0.19526619980919158,
      "profit_factor": 0.8923477995954381,
      "windows": 10
    },
    {
      "entry_policy": "all_days",
      "feature_group": "reversal_fundamental_regime_sector",
      "model_name": "lgbm_leaves7_400",
      "target_hit_bps": 80.0,
      "trades": 186,
      "win_rate": 0.7419354838709677,
      "avg_return": -0.0008218162973154175,
      "median_return": 0.008,
      "compound_return": -0.16550172152366127,
      "max_drawdown": -0.24325767492381134,
      "profit_factor": 0.8757462212235827,
      "windows": 10
    },
    {
      "entry_policy": "all_days",
      "feature_group": "reversal_fundamental_regime",
      "model_name": "lgbm_leaves15_700",
      "target_hit_bps": 80.0,
      "trades": 196,
      "win_rate": 0.7244897959183674,
      "avg_return": -0.0008785630985179699,
      "median_return": 0.008,
      "compound_return": -0.1817982791913343,
      "max_drawdown": -0.2645929054828866,
      "profit_factor": 0.8656678847460253,
      "windows": 10
    },
    {
      "entry_policy": "all_days",
      "feature_group": "reversal_fundamental_regime",
      "model_name": "lgbm_leaves7_400",
      "target_hit_bps": 80.0,
      "trades": 179,
      "win_rate": 0.7430167597765364,
      "avg_return": -0.0010881464041613182,
      "median_return": 0.008,
      "compound_return": -0.2003249192236377,
      "max_drawdown": -0.28178467741684676,
      "profit_factor": 0.8415047805206127,
      "windows": 10
    },
    {
      "entry_policy": "all_days",
      "feature_group": "reversal_fundamental_regime_sector",
      "model_name": "xgb_d3_400_lr003_mcw3",
      "target_hit_bps": 80.0,
      "trades": 216,
      "win_rate": 0.7314814814814815,
      "avg_return": -0.0010370611858096439,
      "median_return": 0.008,
      "compound_return": -0.2267450264664237,
      "max_drawdown": -0.2725911445931237,
      "profit_factor": 0.846871779908631,
      "windows": 10
    },
    {
      "entry_policy": "all_days",
      "feature_group": "reversal_fundamental_regime_sector_external",
      "model_name": "extra_trees_600_d3",
      "target_hit_bps": 80.0,
      "trades": 200,
      "win_rate": 0.73,
      "avg_return": -0.0012901695639485978,
      "median_return": 0.008,
      "compound_return": -0.25389746786643774,
      "max_drawdown": -0.2726556145816643,
      "profit_factor": 0.8181016690239743,
      "windows": 10
    },
    {
      "entry_policy": "all_days",
      "feature_group": "reversal_fundamental_regime",
      "model_name": "xgb_d3_400_lr003_mcw3",
      "target_hit_bps": 80.0,
      "trades": 193,
      "win_rate": 0.7253886010362695,
      "avg_return": -0.0015456011320743382,
      "median_return": 0.008,
      "compound_return": -0.28166248098184243,
      "max_drawdown": -0.342747274311337,
      "profit_factor": 0.785016167240277,
      "windows": 10
    },
    {
      "entry_policy": "all_days",
      "feature_group": "reversal_fundamental_regime",
      "model_name": "xgb_d2_200_lr003_mcw5",
      "target_hit_bps": 80.0,
      "trades": 205,
      "win_rate": 0.7317073170731707,
      "avg_return": -0.0016228416798207109,
      "median_return": 0.008,
      "compound_return": -0.30836078108697973,
      "max_drawdown": -0.36702743160991347,
      "profit_factor": 0.7803163346813615,
      "windows": 10
    },
    {
      "entry_policy": "all_days",
      "feature_group": "reversal_fundamental_regime",
      "model_name": "xgb_d3_600_lr002_mcw3",
      "target_hit_bps": 80.0,
      "trades": 208,
      "win_rate": 0.7307692307692307,
      "avg_return": -0.0016121255848269842,
      "median_return": 0.008,
      "compound_return": -0.31021391910828744,
      "max_drawdown": -0.3950004618315648,
      "profit_factor": 0.7800596162223349,
      "windows": 10
    },
    {
      "entry_policy": "all_days",
      "feature_group": "reversal_fundamental_regime_sector",
      "model_name": "xgb_d4_500_lr002_mcw5",
      "target_hit_bps": 80.0,
      "trades": 173,
      "win_rate": 0.7167630057803468,
      "avg_return": -0.0021173508783271762,
      "median_return": 0.008,
      "compound_return": -0.3279096488896953,
      "max_drawdown": -0.34361137280149245,
      "profit_factor": 0.7266384874681576,
      "windows": 10
    },
    {
      "entry_policy": "all_days",
      "feature_group": "all_no_ak",
      "model_name": "lgbm_leaves7_400",
      "target_hit_bps": 80.0,
      "trades": 220,
      "win_rate": 0.7181818181818181,
      "avg_return": -0.0016908880112275965,
      "median_return": 0.008,
      "compound_return": -0.3382560409034865,
      "max_drawdown": -0.42034507928429643,
      "profit_factor": 0.7710714092203935,
      "windows": 10
    },
    {
      "entry_policy": "all_days",
      "feature_group": "all_no_ak",
      "model_name": "xgb_d3_600_lr002_mcw3",
      "target_hit_bps": 80.0,
      "trades": 197,
      "win_rate": 0.6954314720812182,
      "avg_return": -0.0019696052360115503,
      "median_return": 0.008,
      "compound_return": -0.3451289630943768,
      "max_drawdown": -0.4017094283247463,
      "profit_factor": 0.7353483516279301,
      "windows": 10
    },
    {
      "entry_policy": "all_days",
      "feature_group": "reversal_fundamental_regime_sector",
      "model_name": "lgbm_leaves15_700",
      "target_hit_bps": 80.0,
      "trades": 213,
      "win_rate": 0.7089201877934272,
      "avg_return": -0.001863910180124915,
      "median_return": 0.008,
      "compound_return": -0.35135856935659315,
      "max_drawdown": -0.4006242319682318,
      "profit_factor": 0.7467058833810882,
      "windows": 10
    },
    {
      "entry_policy": "all_days",
      "feature_group": "reversal_fundamental_regime_sector_external",
      "model_name": "xgb_d3_400_lr003_mcw3",
      "target_hit_bps": 80.0,
      "trades": 199,
      "win_rate": 0.7135678391959799,
      "avg_return": -0.0020399477814177724,
      "median_return": 0.008,
      "compound_return": -0.3563031957313839,
      "max_drawdown": -0.38969294206640737,
      "profit_factor": 0.7336396579455112,
      "windows": 10
    },
    {
      "entry_policy": "all_days",
      "feature_group": "reversal_fundamental_regime",
      "model_name": "random_forest_600_d4",
      "target_hit_bps": 80.0,
      "trades": 228,
      "win_rate": 0.7280701754385965,
      "avg_return": -0.0017778547958090553,
      "median_return": 0.008,
      "compound_return": -0.3604339904353686,
      "max_drawdown": -0.4049719429339428,
      "profit_factor": 0.7640757187262641,
      "windows": 10
    },
    {
      "entry_policy": "all_days",
      "feature_group": "reversal_fundamental_regime",
      "model_name": "extra_trees_600_d3",
      "target_hit_bps": 80.0,
      "trades": 268,
      "win_rate": 0.7089552238805971,
      "avg_return": -0.0015109980054827722,
      "median_return": 0.008,
      "compound_return": -0.36144748949966066,
      "max_drawdown": -0.44581688942552955,
      "profit_factor": 0.7855706028482353,
      "windows": 10
    },
    {
      "entry_policy": "all_days",
      "feature_group": "reversal_fundamental_regime_sector",
      "model_name": "random_forest_600_d4",
      "target_hit_bps": 80.0,
      "trades": 182,
      "win_rate": 0.7197802197802198,
      "avg_return": -0.0022829082550123885,
      "median_return": 0.008,
      "compound_return": -0.36210924331387995,
      "max_drawdown": -0.39039540820577034,
      "profit_factor": 0.7124994927594329,
      "windows": 10
    },
    {
      "entry_policy": "all_days",
      "feature_group": "reversal_fundamental_regime",
      "model_name": "xgb_d4_500_lr002_mcw5",
      "target_hit_bps": 80.0,
      "trades": 218,
      "win_rate": 0.7064220183486238,
      "avg_return": -0.001942250368743258,
      "median_return": 0.008,
      "compound_return": -0.36919858998558286,
      "max_drawdown": -0.4301238737289028,
      "profit_factor": 0.7395265796419725,
      "windows": 10
    }
  ]
}

[2026-05-19T00:04:08] RUN search_all_days_close_profit_50bps
  /usr/bin/python3 model_training/search_walk_forward_model_complexity.py --samples /root/stock_realtime_v021_full/saved_data/600584_pipeline_out_v2_new27_full/04_external/ai_compute/training_samples_with_ai_compute_external.csv --intraday-bars /root/stock_realtime_v021_full/saved_data/600584_pipeline_out_v2_new27_full/00_base/600584_5m.csv --out-dir /root/stock_realtime_v021_full/saved_data/600584_pipeline_out_v2_new27_full/10_search/search_all_days_close_profit_50bps --round-trip-cost-bps 1.7 --target-hit-bps 50.0 --label-mode close_profit --entry-policy all_days --entry-vwap-premium-bps 50.0 --max-missing 0.35 --groups reversal_fundamental_regime,reversal_fundamental_regime_sector,reversal_fundamental_regime_sector_external,all_no_ak --models xgb_d2_200_lr003_mcw5,xgb_d3_400_lr003_mcw3,xgb_d3_600_lr002_mcw3,xgb_d4_500_lr002_mcw5,lgbm_leaves7_400,lgbm_leaves15_700,extra_trees_600_d3,random_forest_600_d4 --quantiles 0.5,0.6,0.7,0.8 --train-rows 756 --valid-rows 126 --test-rows 63 --min-valid-trades 8 --min-train-entries 80
{
  "rows": 1534,
  "target_hit_bps": 50.0,
  "label_mode": "close_profit",
  "entry_policy": "all_days",
  "entry_vwap_premium_bps": 50.0,
  "groups": {
    "reversal_fundamental_regime": 137,
    "reversal_fundamental_regime_sector": 160,
    "reversal_fundamental_regime_sector_external": 513,
    "all_no_ak": 568
  },
  "models": [
    "xgb_d2_200_lr003_mcw5",
    "xgb_d3_400_lr003_mcw3",
    "xgb_d3_600_lr002_mcw3",
    "xgb_d4_500_lr002_mcw5",
    "extra_trees_600_d3",
    "random_forest_600_d4",
    "lgbm_leaves7_400",
    "lgbm_leaves15_700"
  ],
  "top": [
    {
      "entry_policy": "all_days",
      "feature_group": "reversal_fundamental_regime",
      "model_name": "xgb_d3_600_lr002_mcw3",
      "target_hit_bps": 50.0,
      "trades": 160,
      "win_rate": 0.5375,
      "avg_return": 0.0050548098077586754,
      "median_return": 0.0014637001631120396,
      "compound_return": 1.1330121425296924,
      "max_drawdown": -0.24255870053524498,
      "profit_factor": 1.7807451598763462,
      "windows": 10
    },
    {
      "entry_policy": "all_days",
      "feature_group": "reversal_fundamental_regime",
      "model_name": "random_forest_600_d4",
      "target_hit_bps": 50.0,
      "trades": 164,
      "win_rate": 0.573170731707317,
      "avg_return": 0.004961724623271342,
      "median_return": 0.003273036201317806,
      "compound_return": 1.1123618187679507,
      "max_drawdown": -0.1818514261219466,
      "profit_factor": 1.6385836298410195,
      "windows": 10
    },
    {
      "entry_policy": "all_days",
      "feature_group": "reversal_fundamental_regime_sector",
      "model_name": "xgb_d2_200_lr003_mcw5",
      "target_hit_bps": 50.0,
      "trades": 161,
      "win_rate": 0.515527950310559,
      "avg_return": 0.004770574284283094,
      "median_return": 0.0008024473257697319,
      "compound_return": 1.0186516549462103,
      "max_drawdown": -0.15673135650686199,
      "profit_factor": 1.607375096812027,
      "windows": 10
    },
    {
      "entry_policy": "all_days",
      "feature_group": "reversal_fundamental_regime",
      "model_name": "xgb_d3_400_lr003_mcw3",
      "target_hit_bps": 50.0,
      "trades": 212,
      "win_rate": 0.5566037735849056,
      "avg_return": 0.0034717570730662417,
      "median_return": 0.0025740847576114535,
      "compound_return": 0.930969732908209,
      "max_drawdown": -0.20515049070301217,
      "profit_factor": 1.4275783782875364,
      "windows": 10
    },
    {
      "entry_policy": "all_days",
      "feature_group": "reversal_fundamental_regime_sector_external",
      "model_name": "extra_trees_600_d3",
      "target_hit_bps": 50.0,
      "trades": 146,
      "win_rate": 0.5342465753424658,
      "avg_return": 0.004198384588538932,
      "median_return": 0.002883215287361355,
      "compound_return": 0.7430453855108812,
      "max_drawdown": -0.19299447683766802,
      "profit_factor": 1.489486077339769,
      "windows": 10
    },
    {
      "entry_policy": "all_days",
      "feature_group": "reversal_fundamental_regime_sector",
      "model_name": "extra_trees_600_d3",
      "target_hit_bps": 50.0,
      "trades": 196,
      "win_rate": 0.5306122448979592,
      "avg_return": 0.003087461099619393,
      "median_return": 0.0010412420405206992,
      "compound_return": 0.723861824598035,
      "max_drawdown": -0.24186469468939276,
      "profit_factor": 1.408446681708225,
      "windows": 10
    },
    {
      "entry_policy": "all_days",
      "feature_group": "reversal_fundamental_regime_sector",
      "model_name": "lgbm_leaves7_400",
      "target_hit_bps": 50.0,
      "trades": 167,
      "win_rate": 0.5029940119760479,
      "avg_return": 0.003448943059720725,
      "median_return": 8.445292620873696e-05,
      "compound_return": 0.6815577289633565,
      "max_drawdown": -0.32962527992891844,
      "profit_factor": 1.4589921040141762,
      "windows": 10
    },
    {
      "entry_policy": "all_days",
      "feature_group": "reversal_fundamental_regime_sector",
      "model_name": "random_forest_600_d4",
      "target_hit_bps": 50.0,
      "trades": 152,
      "win_rate": 0.5263157894736842,
      "avg_return": 0.003803640962362943,
      "median_return": 0.0017033176516235739,
      "compound_return": 0.6792581847038979,
      "max_drawdown": -0.18179929465705436,
      "profit_factor": 1.4522080180292802,
      "windows": 10
    },
    {
      "entry_policy": "all_days",
      "feature_group": "reversal_fundamental_regime",
      "model_name": "lgbm_leaves7_400",
      "target_hit_bps": 50.0,
      "trades": 213,
      "win_rate": 0.539906103286385,
      "avg_return": 0.002496809511952946,
      "median_return": 0.0017605019305020377,
      "compound_return": 0.5810816650235417,
      "max_drawdown": -0.15628835117519713,
      "profit_factor": 1.3142045691018776,
      "windows": 10
    },
    {
      "entry_policy": "all_days",
      "feature_group": "all_no_ak",
      "model_name": "extra_trees_600_d3",
      "target_hit_bps": 50.0,
      "trades": 123,
      "win_rate": 0.4959349593495935,
      "avg_return": 0.004012566678847312,
      "median_return": -0.00016999999999999999,
      "compound_return": 0.5506544779851903,
      "max_drawdown": -0.17241779666577073,
      "profit_factor": 1.4237942616167887,
      "windows": 10
    },
    {
      "entry_policy": "all_days",
      "feature_group": "reversal_fundamental_regime",
      "model_name": "extra_trees_600_d3",
      "target_hit_bps": 50.0,
      "trades": 160,
      "win_rate": 0.51875,
      "avg_return": 0.002924780439550207,
      "median_return": 0.0006589241426655547,
      "compound_return": 0.5100179002181939,
      "max_drawdown": -0.22170201212162466,
      "profit_factor": 1.3795123940439453,
      "windows": 10
    },
    {
      "entry_policy": "all_days",
      "feature_group": "all_no_ak",
      "model_name": "xgb_d3_400_lr003_mcw3",
      "target_hit_bps": 50.0,
      "trades": 150,
      "win_rate": 0.54,
      "avg_return": 0.0028803645990034595,
      "median_return": 0.0021296025392835184,
      "compound_return": 0.4596498825799824,
      "max_drawdown": -0.19717089707505675,
      "profit_factor": 1.342988433981057,
      "windows": 10
    },
    {
      "entry_policy": "all_days",
      "feature_group": "reversal_fundamental_regime_sector",
      "model_name": "xgb_d3_400_lr003_mcw3",
      "target_hit_bps": 50.0,
      "trades": 164,
      "win_rate": 0.4878048780487805,
      "avg_return": 0.0025464531958008774,
      "median_return": -0.00016999999999999999,
      "compound_return": 0.43932297118468866,
      "max_drawdown": -0.25311412026454627,
      "profit_factor": 1.3250488656146422,
      "windows": 10
    },
    {
      "entry_policy": "all_days",
      "feature_group": "reversal_fundamental_regime",
      "model_name": "xgb_d2_200_lr003_mcw5",
      "target_hit_bps": 50.0,
      "trades": 162,
      "win_rate": 0.5123456790123457,
      "avg_return": 0.002619631457966879,
      "median_return": 0.00019511601628053116,
      "compound_return": 0.43462113912153955,
      "max_drawdown": -0.18136002390292272,
      "profit_factor": 1.3048440450216328,
      "windows": 10
    },
    {
      "entry_policy": "all_days",
      "feature_group": "reversal_fundamental_regime",
      "model_name": "xgb_d4_500_lr002_mcw5",
      "target_hit_bps": 50.0,
      "trades": 177,
      "win_rate": 0.5423728813559322,
      "avg_return": 0.0022040274404666335,
      "median_return": 0.0017605019305020377,
      "compound_return": 0.39289195964740875,
      "max_drawdown": -0.23790471342258657,
      "profit_factor": 1.2721786891117262,
      "windows": 10
    },
    {
      "entry_policy": "all_days",
      "feature_group": "reversal_fundamental_regime_sector_external",
      "model_name": "random_forest_600_d4",
      "target_hit_bps": 50.0,
      "trades": 141,
      "win_rate": 0.5390070921985816,
      "avg_return": 0.00269514866025998,
      "median_return": 0.002366139994927744,
      "compound_return": 0.3838414933355119,
      "max_drawdown": -0.1971590822823055,
      "profit_factor": 1.2961851357851657,
      "windows": 10
    },
    {
      "entry_policy": "all_days",
      "feature_group": "reversal_fundamental_regime_sector",
      "model_name": "xgb_d3_600_lr002_mcw3",
      "target_hit_bps": 50.0,
      "trades": 178,
      "win_rate": 0.5,
      "avg_return": 0.002140203837112457,
      "median_return": -4.2773536895631515e-05,
      "compound_return": 0.3792841162434122,
      "max_drawdown": -0.2812532458131255,
      "profit_factor": 1.265162671293318,
      "windows": 10
    },
    {
      "entry_policy": "all_days",
      "feature_group": "all_no_ak",
      "model_name": "lgbm_leaves7_400",
      "target_hit_bps": 50.0,
      "trades": 149,
      "win_rate": 0.5234899328859061,
      "avg_return": 0.002195349707990938,
      "median_return": 0.0021507240659086636,
      "compound_return": 0.3254031933799926,
      "max_drawdown": -0.22615404720630317,
      "profit_factor": 1.2702531515072255,
      "windows": 10
    },
    {
      "entry_policy": "all_days",
      "feature_group": "reversal_fundamental_regime_sector_external",
      "model_name": "xgb_d3_400_lr003_mcw3",
      "target_hit_bps": 50.0,
      "trades": 136,
      "win_rate": 0.5147058823529411,
      "avg_return": 0.002355741217054761,
      "median_return": 0.0015961997539780705,
      "compound_return": 0.3147822357863368,
      "max_drawdown": -0.1971532681702245,
      "profit_factor": 1.2725365273591311,
      "windows": 10
    },
    {
      "entry_policy": "all_days",
      "feature_group": "all_no_ak",
      "model_name": "random_forest_600_d4",
      "target_hit_bps": 50.0,
      "trades": 134,
      "win_rate": 0.5074626865671642,
      "avg_return": 0.0023315681735687683,
      "median_return": 0.0006337626422741084,
      "compound_return": 0.29301915578863746,
      "max_drawdown": -0.1971590822823055,
      "profit_factor": 1.2431555811171455,
      "windows": 10
    }
  ]
}

[2026-05-19T00:30:17] RUN summarize
  /usr/bin/python3 model_training/summarize_nextday_search_results.py --pipeline-out /root/stock_realtime_v021_full/saved_data/600584_pipeline_out_v2_new27_full --out-dir /root/stock_realtime_v021_full/saved_data/600584_pipeline_out_v2_new27_full/99_summary --excel
{
  "rows": 192,
  "outputs": {
    "final_leaderboard": "/root/stock_realtime_v021_full/saved_data/600584_pipeline_out_v2_new27_full/99_summary/final_leaderboard.csv",
    "best_by_target_top5": "/root/stock_realtime_v021_full/saved_data/600584_pipeline_out_v2_new27_full/99_summary/best_by_target_top5.csv",
    "best_by_entry_policy_top5": "/root/stock_realtime_v021_full/saved_data/600584_pipeline_out_v2_new27_full/99_summary/best_by_entry_policy_top5.csv",
    "excel": "/root/stock_realtime_v021_full/saved_data/600584_pipeline_out_v2_new27_full/99_summary/final_leaderboard.xlsx",
    "summary_manifest": "/root/stock_realtime_v021_full/saved_data/600584_pipeline_out_v2_new27_full/99_summary/summary_manifest.json"
  }
}
=== nextday pipeline end: 2026-05-19T00:30:18 status=ok ===
