=== nextday pipeline start: 2026-05-12T01:21:39 ===
symbol=002270.SZ, out_root=/root/workspace/stock_realtime_v021_full/saved_data/002270_pipeline_out_v2_all14

[2026-05-12T01:21:39] RUN update_data
  /usr/bin/python3 bootstrap/ashare_xgb_dual_opportunity_regression_baostock_full_v19_compressed_trading_axis.py --mode update_data --symbol 002270 --benchmark_symbol 000300 --daily_start 2018-01-01 --daily_end 2026-05-12 --intraday_start '2018-01-01 09:30:00' --intraday_end '2026-05-12 15:00:00' --output_dir /root/workspace/stock_realtime_v021_full/saved_data/002270_pipeline_out_v2_all14/00_base --cache_mode incremental --feature_cache_mode incremental --adjust qfq
/root/workspace/stock_realtime_v021_full/bootstrap/ashare_fetch_and_train_xgb_sell_signal_baostock_state_cache_helper_fix2.py:246: FutureWarning: The behavior of DataFrame concatenation with empty or all-NA entries is deprecated. In a future version, this will no longer exclude empty or all-NA columns when determining the result dtypes. To retain the old behavior, exclude the relevant entries before the concat operation.
  merged = _normalize_daily_df(pd.concat([df_old, df_new], axis=0, ignore_index=True))
/root/workspace/stock_realtime_v021_full/bootstrap/ashare_fetch_and_train_xgb_sell_signal_baostock_state_cache_helper_fix2.py:248: FutureWarning: The behavior of DataFrame concatenation with empty or all-NA entries is deprecated. In a future version, this will no longer exclude empty or all-NA columns when determining the result dtypes. To retain the old behavior, exclude the relevant entries before the concat operation.
  merged = _normalize_intraday_df(pd.concat([df_old, df_new], axis=0, ignore_index=True))
/root/workspace/stock_realtime_v021_full/bootstrap/ashare_fetch_and_train_xgb_sell_signal_baostock_state_cache_helper_fix2.py:254: FutureWarning: The behavior of DataFrame concatenation with empty or all-NA entries is deprecated. In a future version, this will no longer exclude empty or all-NA columns when determining the result dtypes. To retain the old behavior, exclude the relevant entries before the concat operation.
  merged = _normalize_bench_df(pd.concat([df_old, df_new], axis=0, ignore_index=True))
/root/workspace/stock_realtime_v021_full/bootstrap/ashare_fetch_and_train_xgb_sell_signal_baostock_state_cache_helper_fix2.py:250: FutureWarning: The behavior of DataFrame concatenation with empty or all-NA entries is deprecated. In a future version, this will no longer exclude empty or all-NA columns when determining the result dtypes. To retain the old behavior, exclude the relevant entries before the concat operation.
  merged = _normalize_daily_feature_df(pd.concat([df_old, df_new], axis=0, ignore_index=True))
/root/workspace/stock_realtime_v021_full/bootstrap/ashare_fetch_and_train_xgb_sell_signal_baostock_state_cache_helper_fix2.py:252: FutureWarning: The behavior of DataFrame concatenation with empty or all-NA entries is deprecated. In a future version, this will no longer exclude empty or all-NA columns when determining the result dtypes. To retain the old behavior, exclude the relevant entries before the concat operation.
  merged = _normalize_intraday_feature_df(pd.concat([df_old, df_new], axis=0, ignore_index=True))
login success!
logout success!
login success!
logout success!
login success!
logout success!
{
  "mode": "update_data",
  "symbol": "002270",
  "data_source": "baostock",
  "daily_rows": 2023,
  "intraday_rows": 73248,
  "daily_min": "2018-01-02 00:00:00",
  "daily_max": "2026-05-11 00:00:00",
  "intraday_min": "2020-01-02 09:35:00",
  "intraday_max": "2026-05-11 15:00:00",
  "base_paths": {
    "daily_csv": "/root/workspace/stock_realtime_v021_full/saved_data/002270_pipeline_out_v2_all14/00_base/002270_daily.csv",
    "intraday_csv": "/root/workspace/stock_realtime_v021_full/saved_data/002270_pipeline_out_v2_all14/00_base/002270_5m.csv",
    "benchmark_csv": "/root/workspace/stock_realtime_v021_full/saved_data/002270_pipeline_out_v2_all14/00_base/000300_benchmark_daily.csv",
    "raw_daily_cache_csv": "/root/workspace/stock_realtime_v021_full/saved_data/002270_pipeline_out_v2_all14/00_base/raw_cache/002270_daily_raw.csv",
    "raw_intraday_cache_csv": "/root/workspace/stock_realtime_v021_full/saved_data/002270_pipeline_out_v2_all14/00_base/raw_cache/002270_5m_raw.csv",
    "raw_benchmark_cache_csv": "/root/workspace/stock_realtime_v021_full/saved_data/002270_pipeline_out_v2_all14/00_base/raw_cache/000300_benchmark_daily_raw.csv",
    "daily_features_csv": "/root/workspace/stock_realtime_v021_full/saved_data/002270_pipeline_out_v2_all14/00_base/daily_features.csv",
    "intraday_features_csv": "/root/workspace/stock_realtime_v021_full/saved_data/002270_pipeline_out_v2_all14/00_base/intraday_features.csv",
    "daily_features_cache_csv": "/root/workspace/stock_realtime_v021_full/saved_data/002270_pipeline_out_v2_all14/00_base/feature_cache/daily_features_cache.csv",
    "intraday_features_cache_csv": "/root/workspace/stock_realtime_v021_full/saved_data/002270_pipeline_out_v2_all14/00_base/feature_cache/intraday_features_cache.csv",
    "feature_state_json": "/root/workspace/stock_realtime_v021_full/saved_data/002270_pipeline_out_v2_all14/00_base/feature_cache/feature_state.json"
  },
  "fetch_logs": {
    "symbol": "002270",
    "benchmark_symbol": "000300",
    "daily_start": "2018-01-01",
    "daily_end": "2026-05-12",
    "intraday_start": "2018-01-01 09:30:00",
    "intraday_end": "2026-05-12 15:00:00",
    "perf_start": "2018-01-01",
    "data_source": "baostock",
    "cache_mode": "incremental",
    "force_refresh": false,
    "raw_cache_dir": "/root/workspace/stock_realtime_v021_full/saved_data/002270_pipeline_out_v2_all14/00_base/raw_cache",
    "feature_cache_dir": "/root/workspace/stock_realtime_v021_full/saved_data/002270_pipeline_out_v2_all14/00_base/feature_cache",
    "feature_cache_mode": "incremental",
    "daily": {
      "cache_path": "/root/workspace/stock_realtime_v021_full/saved_data/002270_pipeline_out_v2_all14/00_base/raw_cache/002270_daily_raw.csv",
      "requested_start": "2018-01-01",
      "requested_end": "2026-05-12",
      "mode": "initial_fetch",
      "fetch_segments": [
        {
          "provider": "baostock",
          "code": "sz.002270",
          "adjustflag": "2",
          "rows": 2023,
          "start": "2018-01-01",
          "end": "2026-05-12"
        }
      ],
      "cache_after": {
        "rows": 2023,
        "min": "2018-01-02 00:00:00",
        "max": "2026-05-11 00:00:00"
      }
    },
    "intraday_5m": {
      "cache_path": "/root/workspace/stock_realtime_v021_full/saved_data/002270_pipeline_out_v2_all14/00_base/raw_cache/002270_5m_raw.csv",
      "requested_start": "2018-01-01 09:30:00",
      "requested_end": "2026-05-12 15:00:00",
      "mode": "initial_fetch",
      "fetch_segments": [
        {
          "provider": "baostock",
          "code": "sz.002270",
          "adjustflag": "2",
          "requested_start": "2018-01-01 09:30:00",
          "effective_start": "2018-01-01 09:30:00",
          "requested_end": "2026-05-12 15:00:00",
          "rows": 73248
        }
      ],
      "cache_after": {
        "rows": 73248,
        "min": "2020-01-02 09:35:00",
        "max": "2026-05-11 15:00:00"
      }
    },
    "benchmark_daily": {
      "cache_path": "/root/workspace/stock_realtime_v021_full/saved_data/002270_pipeline_out_v2_all14/00_base/raw_cache/000300_benchmark_daily_raw.csv",
      "requested_start": "2018-01-01",
      "requested_end": "2026-05-12",
      "mode": "initial_fetch",
      "fetch_segments": [
        {
          "provider": "baostock",
          "code": "sh.000300",
          "rows": 2023,
          "start": "2018-01-01",
          "end": "2026-05-12"
        }
      ],
      "cache_after": {
        "rows": 2023,
        "min": "2018-01-02 00:00:00",
        "max": "2026-05-11 00:00:00"
      }
    },
    "feature_build": {
      "mode": "full_rebuild",
      "reason": "feature_cache_missing",
      "daily_cache_after": {
        "rows": 2023,
        "min": "2018-01-02 00:00:00",
        "max": "2026-05-11 00:00:00"
      },
      "intraday_cache_after": {
        "rows": 73248,
        "min": "2020-01-02 09:35:00",
        "max": "2026-05-11 15:00:00"
      },
      "daily_context_days": 260,
      "intraday_context_days": 40,
      "daily_appended_rows": 2023,
      "intraday_appended_rows": 73248
    },
    "feature_state": {
      "daily_feature_max": "2026-05-11 00:00:00",
      "intraday_feature_max": "2026-05-11 15:00:00",
      "daily_context_days": 260,
      "intraday_context_days": 40,
      "feature_build_mode": "full_rebuild"
    }
  }
}

[2026-05-12T01:24:15] RUN samples
  /usr/bin/python3 feature_building/build_nextday_samples_from_baostock.py --daily-features /root/workspace/stock_realtime_v021_full/saved_data/002270_pipeline_out_v2_all14/00_base/daily_features.csv --intraday-bars /root/workspace/stock_realtime_v021_full/saved_data/002270_pipeline_out_v2_all14/00_base/002270_5m.csv --out-dir /root/workspace/stock_realtime_v021_full/saved_data/002270_pipeline_out_v2_all14/01_samples --min-bars 40 --keep-unlabeled-tail
{
  "rows": 1526,
  "date_min": "2020-01-02",
  "date_max": "2026-05-11",
  "out": "/root/workspace/stock_realtime_v021_full/saved_data/002270_pipeline_out_v2_all14/01_samples/training_samples.csv"
}

[2026-05-12T01:24:16] RUN fundamental
  /usr/bin/python3 feature_building/build_fundamental_features.py --symbol 002270.SZ --daily-samples /root/workspace/stock_realtime_v021_full/saved_data/002270_pipeline_out_v2_all14/01_samples/training_samples.csv --out-dir /root/workspace/stock_realtime_v021_full/saved_data/002270_pipeline_out_v2_all14/02_fundamental --start-date 2018-01-01 --end-date 2026-05-12 --fallback-lag-days 120
login success!
logout success!
{
  "rows": 1526,
  "date_min": "2020-01-02",
  "date_max": "2026-05-11",
  "source_errors": [],
  "top_missing_rates": {
    "ak_fund_小单净流入-净额_sum10": 0.9239842726081258,
    "ak_fund_主力净流入-净额_sum10": 0.9239842726081258,
    "ak_fund_主力净流入-净占比_sum10": 0.9239842726081258,
    "ak_fund_涨跌幅_sum10": 0.9239842726081258,
    "ak_fund_收盘价_sum10": 0.9239842726081258,
    "ak_fund_中单净流入-净额_sum10": 0.9239842726081258,
    "ak_fund_中单净流入-净占比_sum10": 0.9239842726081258,
    "ak_fund_小单净流入-净占比_sum10": 0.9239842726081258,
    "ak_fund_超大单净流入-净额_sum10": 0.9239842726081258,
    "ak_fund_大单净流入-净额_sum10": 0.9239842726081258,
    "ak_fund_大单净流入-净占比_sum10": 0.9239842726081258,
    "ak_fund_超大单净流入-净占比_sum10": 0.9239842726081258,
    "ak_fund_涨跌幅_sum5": 0.9226736566186108,
    "ak_fund_主力净流入-净占比_sum5": 0.9226736566186108,
    "ak_fund_主力净流入-净额_sum5": 0.9226736566186108,
    "ak_fund_收盘价_sum5": 0.9226736566186108,
    "ak_fund_超大单净流入-净占比_sum5": 0.9226736566186108,
    "ak_fund_中单净流入-净占比_sum5": 0.9226736566186108,
    "ak_fund_中单净流入-净额_sum5": 0.9226736566186108,
    "ak_fund_小单净流入-净额_sum5": 0.9226736566186108,
    "ak_fund_小单净流入-净占比_sum5": 0.9226736566186108,
    "ak_fund_大单净流入-净占比_sum5": 0.9226736566186108,
    "ak_fund_大单净流入-净额_sum5": 0.9226736566186108,
    "ak_fund_超大单净流入-净额_sum5": 0.9226736566186108,
    "ak_fund_大单净流入-净额": 0.9213630406290957,
    "ak_fund_超大单净流入-净占比": 0.9213630406290957,
    "ak_fund_超大单净流入-净额": 0.9213630406290957,
    "ak_fund_收盘价": 0.9213630406290957,
    "ak_fund_涨跌幅": 0.9213630406290957,
    "ak_fund_中单净流入-净额": 0.9213630406290957
  },
  "valuation_non_null": {
    "peTTM": 1526,
    "pbMRQ": 1526,
    "psTTM": 1526,
    "pcfNcfTTM": 1526
  },
  "future_effective_date_violations": 0,
  "rows_with_quarterly": 1526,
  "sample_rows": 1526,
  "quarterly_raw_rows": 37,
  "quarterly_used_pubDate_rows": 37,
  "quarterly_fallback_rows": 0,
  "elapsed_seconds": 21.323,
  "symbol": "002270",
  "baostock_code": "sz.002270",
  "valuation_rows": 2023,
  "fund_flow_rows": 120,
  "feature_columns": 125,
  "merged_columns": 194,
  "outputs": {
    "daily_valuation": "/root/workspace/stock_realtime_v021_full/saved_data/002270_pipeline_out_v2_all14/02_fundamental/baostock_daily_valuation.csv",
    "quarterly_fundamentals": "/root/workspace/stock_realtime_v021_full/saved_data/002270_pipeline_out_v2_all14/02_fundamental/baostock_quarterly_fundamentals_pit.csv",
    "fundamental_features": "/root/workspace/stock_realtime_v021_full/saved_data/002270_pipeline_out_v2_all14/02_fundamental/fundamental_features.csv",
    "merged_samples": "/root/workspace/stock_realtime_v021_full/saved_data/002270_pipeline_out_v2_all14/02_fundamental/training_samples_with_fundamentals.csv"
  }
}

[2026-05-12T01:24:38] RUN sector
  /usr/bin/python3 feature_building/build_sector_features.py --samples /root/workspace/stock_realtime_v021_full/saved_data/002270_pipeline_out_v2_all14/02_fundamental/training_samples_with_fundamentals.csv --out-dir /root/workspace/stock_realtime_v021_full/saved_data/002270_pipeline_out_v2_all14/03_sector --sector-symbol '电网设备' --start-date 2018-01-01 --end-date 2026-05-12

  0%|          | 0/9 [00:00<?, ?it/s]
 11%|█         | 1/9 [00:00<00:01,  4.29it/s]
 22%|██▏       | 2/9 [00:00<00:01,  3.93it/s]
 33%|███▎      | 3/9 [00:00<00:01,  3.75it/s]
 44%|████▍     | 4/9 [00:01<00:01,  3.78it/s]
 56%|█████▌    | 5/9 [00:01<00:01,  3.84it/s]
 67%|██████▋   | 6/9 [00:01<00:00,  3.94it/s]
 78%|███████▊  | 7/9 [00:01<00:00,  3.87it/s]
 89%|████████▉ | 8/9 [00:02<00:00,  3.91it/s]
100%|██████████| 9/9 [00:02<00:00,  4.04it/s]
                                             
{
  "sector_symbol": "电网设备",
  "sector_rows": 2023,
  "sector_date_min": "2018-01-02",
  "sector_date_max": "2026-05-11",
  "sample_rows": 1526,
  "merged_rows": 1526,
  "sector_feature_cols": 23,
  "top_missing": {
    "sector_ret60": 0.039318479685452164,
    "sector_ma60_gap": 0.019659239842726082,
    "stock_vs_sector_ret20": 0.01310615989515072,
    "sector_ret20": 0.01310615989515072,
    "sector_vol20": 0.007208387942332897,
    "sector_ma20_gap": 0.00655307994757536,
    "sector_range_z20": 0.00655307994757536,
    "sector_volume_shock20": 0.00655307994757536,
    "sector_amount_z20": 0.00655307994757536,
    "sector_volume_z20": 0.00655307994757536,
    "sector_amount_shock20": 0.00655307994757536,
    "sector_ret5": 0.00327653997378768,
    "stock_vs_sector_ret5": 0.00327653997378768,
    "sector_vs_bench_ret5": 0.00327653997378768,
    "stock_vs_sector_ret1": 0.000655307994757536,
    "sector_ret1": 0.000655307994757536,
    "sector_amount": 0.0,
    "sector_volume": 0.0,
    "sector_close": 0.0,
    "sector_low": 0.0
  },
  "outputs": {
    "sector_index": "/root/workspace/stock_realtime_v021_full/saved_data/002270_pipeline_out_v2_all14/03_sector/sector_index_ths.csv",
    "sector_features": "/root/workspace/stock_realtime_v021_full/saved_data/002270_pipeline_out_v2_all14/03_sector/sector_features.csv",
    "merged_samples": "/root/workspace/stock_realtime_v021_full/saved_data/002270_pipeline_out_v2_all14/03_sector/training_samples_with_sector.csv"
  }
}
[INFO] final samples for search: /root/workspace/stock_realtime_v021_full/saved_data/002270_pipeline_out_v2_all14/03_sector/training_samples_with_sector.csv

[2026-05-12T01:24:42] RUN search_vwap_low_hit_50bps
  /usr/bin/python3 model_training/search_walk_forward_model_complexity.py --samples /root/workspace/stock_realtime_v021_full/saved_data/002270_pipeline_out_v2_all14/03_sector/training_samples_with_sector.csv --intraday-bars /root/workspace/stock_realtime_v021_full/saved_data/002270_pipeline_out_v2_all14/00_base/002270_5m.csv --out-dir /root/workspace/stock_realtime_v021_full/saved_data/002270_pipeline_out_v2_all14/10_search/search_vwap_low_hit_50bps --round-trip-cost-bps 1.7 --target-hit-bps 50.0 --label-mode hit --entry-policy vwap_low --entry-vwap-premium-bps 50.0 --max-missing 0.35 --groups reversal_fundamental_regime,reversal_fundamental_regime_sector,reversal_fundamental_regime_sector_external,all_no_ak --models xgb_d2_200_lr003_mcw5,xgb_d3_400_lr003_mcw3,xgb_d3_600_lr002_mcw3,xgb_d4_500_lr002_mcw5,lgbm_leaves7_400,lgbm_leaves15_700,extra_trees_600_d3,random_forest_600_d4 --quantiles 0.5,0.6,0.7,0.8 --train-rows 756 --valid-rows 126 --test-rows 63 --min-valid-trades 8 --min-train-entries 80
{
  "rows": 1525,
  "target_hit_bps": 50.0,
  "label_mode": "hit",
  "entry_policy": "vwap_low",
  "entry_vwap_premium_bps": 50.0,
  "groups": {
    "reversal_fundamental_regime": 135,
    "reversal_fundamental_regime_sector": 158,
    "reversal_fundamental_regime_sector_external": 158,
    "all_no_ak": 213
  },
  "models": [
    "xgb_d2_200_lr003_mcw5",
    "xgb_d3_400_lr003_mcw3",
    "xgb_d3_600_lr002_mcw3",
    "xgb_d4_500_lr002_mcw5",
    "extra_trees_600_d3",
    "random_forest_600_d4",
    "lgbm_leaves7_400",
    "lgbm_leaves15_700"
  ],
  "top": [
    {
      "entry_policy": "vwap_low",
      "feature_group": "all_no_ak",
      "model_name": "lgbm_leaves15_700",
      "target_hit_bps": 50.0,
      "trades": 239,
      "win_rate": 0.8284518828451883,
      "avg_return": 0.00013711005458776881,
      "median_return": 0.005,
      "compound_return": 0.012136417695939095,
      "max_drawdown": -0.1391316840301846,
      "profit_factor": 1.0346727450656983,
      "windows": 10
    },
    {
      "entry_policy": "vwap_low",
      "feature_group": "reversal_fundamental_regime",
      "model_name": "xgb_d2_200_lr003_mcw5",
      "target_hit_bps": 50.0,
      "trades": 248,
      "win_rate": 0.8225806451612904,
      "avg_return": 3.4494809388985134e-05,
      "median_return": 0.005,
      "compound_return": -0.012663495208207087,
      "max_drawdown": -0.12823344450116358,
      "profit_factor": 1.0084821849566998,
      "windows": 10
    },
    {
      "entry_policy": "vwap_low",
      "feature_group": "reversal_fundamental_regime_sector",
      "model_name": "xgb_d3_400_lr003_mcw3",
      "target_hit_bps": 50.0,
      "trades": 182,
      "win_rate": 0.8296703296703297,
      "avg_return": -5.8556361601492543e-05,
      "median_return": 0.005,
      "compound_return": -0.026758213677383624,
      "max_drawdown": -0.12203127742659137,
      "profit_factor": 0.9859970890952332,
      "windows": 10
    },
    {
      "entry_policy": "vwap_low",
      "feature_group": "reversal_fundamental_regime_sector_external",
      "model_name": "xgb_d3_400_lr003_mcw3",
      "target_hit_bps": 50.0,
      "trades": 182,
      "win_rate": 0.8296703296703297,
      "avg_return": -5.8556361601492543e-05,
      "median_return": 0.005,
      "compound_return": -0.026758213677383624,
      "max_drawdown": -0.12203127742659137,
      "profit_factor": 0.9859970890952332,
      "windows": 10
    },
    {
      "entry_policy": "vwap_low",
      "feature_group": "reversal_fundamental_regime",
      "model_name": "xgb_d3_600_lr002_mcw3",
      "target_hit_bps": 50.0,
      "trades": 247,
      "win_rate": 0.8218623481781376,
      "avg_return": -0.00029235059734456127,
      "median_return": 0.005,
      "compound_return": -0.09227842868902336,
      "max_drawdown": -0.19036803137627234,
      "profit_factor": 0.9333012735663915,
      "windows": 10
    },
    {
      "entry_policy": "vwap_low",
      "feature_group": "reversal_fundamental_regime_sector",
      "model_name": "xgb_d4_500_lr002_mcw5",
      "target_hit_bps": 50.0,
      "trades": 214,
      "win_rate": 0.8084112149532711,
      "avg_return": -0.0004783541900531824,
      "median_return": 0.005,
      "compound_return": -0.11459177139731536,
      "max_drawdown": -0.2188217017849189,
      "profit_factor": 0.8938614299764195,
      "windows": 10
    },
    {
      "entry_policy": "vwap_low",
      "feature_group": "reversal_fundamental_regime_sector_external",
      "model_name": "xgb_d4_500_lr002_mcw5",
      "target_hit_bps": 50.0,
      "trades": 214,
      "win_rate": 0.8084112149532711,
      "avg_return": -0.0004783541900531824,
      "median_return": 0.005,
      "compound_return": -0.11459177139731536,
      "max_drawdown": -0.2188217017849189,
      "profit_factor": 0.8938614299764195,
      "windows": 10
    },
    {
      "entry_policy": "vwap_low",
      "feature_group": "reversal_fundamental_regime_sector",
      "model_name": "xgb_d3_600_lr002_mcw3",
      "target_hit_bps": 50.0,
      "trades": 211,
      "win_rate": 0.8056872037914692,
      "avg_return": -0.0006826254342998719,
      "median_return": 0.005,
      "compound_return": -0.15203309278007293,
      "max_drawdown": -0.2181788843193243,
      "profit_factor": 0.8540033239166495,
      "windows": 10
    },
    {
      "entry_policy": "vwap_low",
      "feature_group": "reversal_fundamental_regime_sector_external",
      "model_name": "xgb_d3_600_lr002_mcw3",
      "target_hit_bps": 50.0,
      "trades": 211,
      "win_rate": 0.8056872037914692,
      "avg_return": -0.0006826254342998719,
      "median_return": 0.005,
      "compound_return": -0.15203309278007293,
      "max_drawdown": -0.2181788843193243,
      "profit_factor": 0.8540033239166495,
      "windows": 10
    },
    {
      "entry_policy": "vwap_low",
      "feature_group": "reversal_fundamental_regime_sector",
      "model_name": "lgbm_leaves15_700",
      "target_hit_bps": 50.0,
      "trades": 227,
      "win_rate": 0.8105726872246696,
      "avg_return": -0.0006397360080756416,
      "median_return": 0.005,
      "compound_return": -0.1564984392479033,
      "max_drawdown": -0.21696186700628872,
      "profit_factor": 0.8632998178779973,
      "windows": 10
    },
    {
      "entry_policy": "vwap_low",
      "feature_group": "reversal_fundamental_regime_sector_external",
      "model_name": "lgbm_leaves15_700",
      "target_hit_bps": 50.0,
      "trades": 227,
      "win_rate": 0.8105726872246696,
      "avg_return": -0.0006397360080756416,
      "median_return": 0.005,
      "compound_return": -0.1564984392479033,
      "max_drawdown": -0.21696186700628872,
      "profit_factor": 0.8632998178779973,
      "windows": 10
    },
    {
      "entry_policy": "vwap_low",
      "feature_group": "reversal_fundamental_regime_sector",
      "model_name": "xgb_d2_200_lr003_mcw5",
      "target_hit_bps": 50.0,
      "trades": 276,
      "win_rate": 0.8297101449275363,
      "avg_return": -0.0005340543046464922,
      "median_return": 0.005,
      "compound_return": -0.16330983934289534,
      "max_drawdown": -0.22009477424028467,
      "profit_factor": 0.8856932947216866,
      "windows": 10
    },
    {
      "entry_policy": "vwap_low",
      "feature_group": "reversal_fundamental_regime_sector_external",
      "model_name": "xgb_d2_200_lr003_mcw5",
      "target_hit_bps": 50.0,
      "trades": 276,
      "win_rate": 0.8297101449275363,
      "avg_return": -0.0005340543046464922,
      "median_return": 0.005,
      "compound_return": -0.16330983934289534,
      "max_drawdown": -0.22009477424028467,
      "profit_factor": 0.8856932947216866,
      "windows": 10
    },
    {
      "entry_policy": "vwap_low",
      "feature_group": "all_no_ak",
      "model_name": "lgbm_leaves7_400",
      "target_hit_bps": 50.0,
      "trades": 238,
      "win_rate": 0.8067226890756303,
      "avg_return": -0.0007759406381121846,
      "median_return": 0.005,
      "compound_return": -0.18995789583897515,
      "max_drawdown": -0.2713450273355952,
      "profit_factor": 0.8380071912531204,
      "windows": 10
    },
    {
      "entry_policy": "vwap_low",
      "feature_group": "all_no_ak",
      "model_name": "xgb_d4_500_lr002_mcw5",
      "target_hit_bps": 50.0,
      "trades": 214,
      "win_rate": 0.8084112149532711,
      "avg_return": -0.0009258785516050184,
      "median_return": 0.005,
      "compound_return": -0.19872611234976167,
      "max_drawdown": -0.2379628410714355,
      "profit_factor": 0.8123108427040097,
      "windows": 10
    },
    {
      "entry_policy": "vwap_low",
      "feature_group": "all_no_ak",
      "model_name": "xgb_d2_200_lr003_mcw5",
      "target_hit_bps": 50.0,
      "trades": 240,
      "win_rate": 0.8208333333333333,
      "avg_return": -0.000842356192141078,
      "median_return": 0.005,
      "compound_return": -0.20640346427392942,
      "max_drawdown": -0.27508003235465295,
      "profit_factor": 0.8292911669444225,
      "windows": 10
    },
    {
      "entry_policy": "vwap_low",
      "feature_group": "all_no_ak",
      "model_name": "random_forest_600_d4",
      "target_hit_bps": 50.0,
      "trades": 185,
      "win_rate": 0.8216216216216217,
      "avg_return": -0.0011539659869554144,
      "median_return": 0.005,
      "compound_return": -0.21142970056513,
      "max_drawdown": -0.2341677413151435,
      "profit_factor": 0.7807013040660187,
      "windows": 10
    },
    {
      "entry_policy": "vwap_low",
      "feature_group": "all_no_ak",
      "model_name": "xgb_d3_400_lr003_mcw3",
      "target_hit_bps": 50.0,
      "trades": 177,
      "win_rate": 0.8022598870056498,
      "avg_return": -0.0012370510261477887,
      "median_return": 0.005,
      "compound_return": -0.2132431683080821,
      "max_drawdown": -0.2561583264982005,
      "profit_factor": 0.7623872460445831,
      "windows": 10
    },
    {
      "entry_policy": "vwap_low",
      "feature_group": "reversal_fundamental_regime_sector",
      "model_name": "extra_trees_600_d3",
      "target_hit_bps": 50.0,
      "trades": 246,
      "win_rate": 0.8130081300813008,
      "avg_return": -0.0008791281642262425,
      "median_return": 0.005,
      "compound_return": -0.21709772177915654,
      "max_drawdown": -0.37627070265707685,
      "profit_factor": 0.8203979755160705,
      "windows": 10
    },
    {
      "entry_policy": "vwap_low",
      "feature_group": "reversal_fundamental_regime_sector_external",
      "model_name": "extra_trees_600_d3",
      "target_hit_bps": 50.0,
      "trades": 246,
      "win_rate": 0.8130081300813008,
      "avg_return": -0.0008791281642262425,
      "median_return": 0.005,
      "compound_return": -0.21709772177915654,
      "max_drawdown": -0.37627070265707685,
      "profit_factor": 0.8203979755160705,
      "windows": 10
    }
  ]
}

[2026-05-12T01:30:39] RUN search_vwap_low_hit_80bps
  /usr/bin/python3 model_training/search_walk_forward_model_complexity.py --samples /root/workspace/stock_realtime_v021_full/saved_data/002270_pipeline_out_v2_all14/03_sector/training_samples_with_sector.csv --intraday-bars /root/workspace/stock_realtime_v021_full/saved_data/002270_pipeline_out_v2_all14/00_base/002270_5m.csv --out-dir /root/workspace/stock_realtime_v021_full/saved_data/002270_pipeline_out_v2_all14/10_search/search_vwap_low_hit_80bps --round-trip-cost-bps 1.7 --target-hit-bps 80.0 --label-mode hit --entry-policy vwap_low --entry-vwap-premium-bps 50.0 --max-missing 0.35 --groups reversal_fundamental_regime,reversal_fundamental_regime_sector,reversal_fundamental_regime_sector_external,all_no_ak --models xgb_d2_200_lr003_mcw5,xgb_d3_400_lr003_mcw3,xgb_d3_600_lr002_mcw3,xgb_d4_500_lr002_mcw5,lgbm_leaves7_400,lgbm_leaves15_700,extra_trees_600_d3,random_forest_600_d4 --quantiles 0.5,0.6,0.7,0.8 --train-rows 756 --valid-rows 126 --test-rows 63 --min-valid-trades 8 --min-train-entries 80
{
  "rows": 1525,
  "target_hit_bps": 80.0,
  "label_mode": "hit",
  "entry_policy": "vwap_low",
  "entry_vwap_premium_bps": 50.0,
  "groups": {
    "reversal_fundamental_regime": 135,
    "reversal_fundamental_regime_sector": 158,
    "reversal_fundamental_regime_sector_external": 158,
    "all_no_ak": 213
  },
  "models": [
    "xgb_d2_200_lr003_mcw5",
    "xgb_d3_400_lr003_mcw3",
    "xgb_d3_600_lr002_mcw3",
    "xgb_d4_500_lr002_mcw5",
    "extra_trees_600_d3",
    "random_forest_600_d4",
    "lgbm_leaves7_400",
    "lgbm_leaves15_700"
  ],
  "top": [
    {
      "entry_policy": "vwap_low",
      "feature_group": "reversal_fundamental_regime_sector",
      "model_name": "xgb_d3_400_lr003_mcw3",
      "target_hit_bps": 80.0,
      "trades": 201,
      "win_rate": 0.7164179104477612,
      "avg_return": 0.0001768536214642277,
      "median_return": 0.008,
      "compound_return": 0.013168798170947627,
      "max_drawdown": -0.14622196737874116,
      "profit_factor": 1.0320415851513536,
      "windows": 10
    },
    {
      "entry_policy": "vwap_low",
      "feature_group": "reversal_fundamental_regime_sector_external",
      "model_name": "xgb_d3_400_lr003_mcw3",
      "target_hit_bps": 80.0,
      "trades": 201,
      "win_rate": 0.7164179104477612,
      "avg_return": 0.0001768536214642277,
      "median_return": 0.008,
      "compound_return": 0.013168798170947627,
      "max_drawdown": -0.14622196737874116,
      "profit_factor": 1.0320415851513536,
      "windows": 10
    },
    {
      "entry_policy": "vwap_low",
      "feature_group": "reversal_fundamental_regime_sector",
      "model_name": "xgb_d3_600_lr002_mcw3",
      "target_hit_bps": 80.0,
      "trades": 232,
      "win_rate": 0.7155172413793104,
      "avg_return": -2.7551611693744508e-06,
      "median_return": 0.008,
      "compound_return": -0.025554094587030507,
      "max_drawdown": -0.15821002786457095,
      "profit_factor": 0.9995073136237094,
      "windows": 10
    },
    {
      "entry_policy": "vwap_low",
      "feature_group": "reversal_fundamental_regime_sector_external",
      "model_name": "xgb_d3_600_lr002_mcw3",
      "target_hit_bps": 80.0,
      "trades": 232,
      "win_rate": 0.7155172413793104,
      "avg_return": -2.7551611693744508e-06,
      "median_return": 0.008,
      "compound_return": -0.025554094587030507,
      "max_drawdown": -0.15821002786457095,
      "profit_factor": 0.9995073136237094,
      "windows": 10
    },
    {
      "entry_policy": "vwap_low",
      "feature_group": "all_no_ak",
      "model_name": "xgb_d4_500_lr002_mcw5",
      "target_hit_bps": 80.0,
      "trades": 254,
      "win_rate": 0.7125984251968503,
      "avg_return": -4.261521162282841e-05,
      "median_return": 0.008,
      "compound_return": -0.039753194159550365,
      "max_drawdown": -0.2653169812725963,
      "profit_factor": 0.9923951069376068,
      "windows": 10
    },
    {
      "entry_policy": "vwap_low",
      "feature_group": "all_no_ak",
      "model_name": "xgb_d3_600_lr002_mcw3",
      "target_hit_bps": 80.0,
      "trades": 249,
      "win_rate": 0.714859437751004,
      "avg_return": -0.00019715723218467228,
      "median_return": 0.008,
      "compound_return": -0.07677069798524871,
      "max_drawdown": -0.2641114369216322,
      "profit_factor": 0.9659945366380738,
      "windows": 10
    },
    {
      "entry_policy": "vwap_low",
      "feature_group": "all_no_ak",
      "model_name": "lgbm_leaves7_400",
      "target_hit_bps": 80.0,
      "trades": 214,
      "win_rate": 0.7289719626168224,
      "avg_return": -0.00038895100887732494,
      "median_return": 0.008,
      "compound_return": -0.10607623302106062,
      "max_drawdown": -0.26071426227384875,
      "profit_factor": 0.936416475764772,
      "windows": 10
    },
    {
      "entry_policy": "vwap_low",
      "feature_group": "all_no_ak",
      "model_name": "xgb_d2_200_lr003_mcw5",
      "target_hit_bps": 80.0,
      "trades": 256,
      "win_rate": 0.72265625,
      "avg_return": -0.0004120934138509217,
      "median_return": 0.008,
      "compound_return": -0.13101588032782652,
      "max_drawdown": -0.2280251053688176,
      "profit_factor": 0.932106335430988,
      "windows": 10
    },
    {
      "entry_policy": "vwap_low",
      "feature_group": "reversal_fundamental_regime",
      "model_name": "lgbm_leaves15_700",
      "target_hit_bps": 80.0,
      "trades": 225,
      "win_rate": 0.7111111111111111,
      "avg_return": -0.0005027560650630952,
      "median_return": 0.008,
      "compound_return": -0.13363197804543547,
      "max_drawdown": -0.27101991447061646,
      "profit_factor": 0.9172989395751598,
      "windows": 10
    },
    {
      "entry_policy": "vwap_low",
      "feature_group": "all_no_ak",
      "model_name": "xgb_d3_400_lr003_mcw3",
      "target_hit_bps": 80.0,
      "trades": 244,
      "win_rate": 0.7008196721311475,
      "avg_return": -0.0005021498432896174,
      "median_return": 0.008,
      "compound_return": -0.14214704277757462,
      "max_drawdown": -0.24992564794663163,
      "profit_factor": 0.9164587787809433,
      "windows": 10
    },
    {
      "entry_policy": "vwap_low",
      "feature_group": "reversal_fundamental_regime_sector",
      "model_name": "xgb_d4_500_lr002_mcw5",
      "target_hit_bps": 80.0,
      "trades": 235,
      "win_rate": 0.7063829787234043,
      "avg_return": -0.0005441283937093334,
      "median_return": 0.008,
      "compound_return": -0.1463696311673225,
      "max_drawdown": -0.25229554987334846,
      "profit_factor": 0.910183279968685,
      "windows": 10
    },
    {
      "entry_policy": "vwap_low",
      "feature_group": "reversal_fundamental_regime_sector_external",
      "model_name": "xgb_d4_500_lr002_mcw5",
      "target_hit_bps": 80.0,
      "trades": 235,
      "win_rate": 0.7063829787234043,
      "avg_return": -0.0005441283937093334,
      "median_return": 0.008,
      "compound_return": -0.1463696311673225,
      "max_drawdown": -0.25229554987334846,
      "profit_factor": 0.910183279968685,
      "windows": 10
    },
    {
      "entry_policy": "vwap_low",
      "feature_group": "reversal_fundamental_regime_sector",
      "model_name": "extra_trees_600_d3",
      "target_hit_bps": 80.0,
      "trades": 277,
      "win_rate": 0.7292418772563177,
      "avg_return": -0.0004395864124927142,
      "median_return": 0.008,
      "compound_return": -0.14655397576755202,
      "max_drawdown": -0.2769120130766197,
      "profit_factor": 0.927310007587181,
      "windows": 10
    },
    {
      "entry_policy": "vwap_low",
      "feature_group": "reversal_fundamental_regime_sector_external",
      "model_name": "extra_trees_600_d3",
      "target_hit_bps": 80.0,
      "trades": 277,
      "win_rate": 0.7292418772563177,
      "avg_return": -0.0004395864124927142,
      "median_return": 0.008,
      "compound_return": -0.14655397576755202,
      "max_drawdown": -0.2769120130766197,
      "profit_factor": 0.927310007587181,
      "windows": 10
    },
    {
      "entry_policy": "vwap_low",
      "feature_group": "reversal_fundamental_regime_sector",
      "model_name": "xgb_d2_200_lr003_mcw5",
      "target_hit_bps": 80.0,
      "trades": 226,
      "win_rate": 0.7035398230088495,
      "avg_return": -0.0006405250151304202,
      "median_return": 0.008,
      "compound_return": -0.15795650408641582,
      "max_drawdown": -0.2170890480921317,
      "profit_factor": 0.8948746659371143,
      "windows": 10
    },
    {
      "entry_policy": "vwap_low",
      "feature_group": "reversal_fundamental_regime_sector_external",
      "model_name": "xgb_d2_200_lr003_mcw5",
      "target_hit_bps": 80.0,
      "trades": 226,
      "win_rate": 0.7035398230088495,
      "avg_return": -0.0006405250151304202,
      "median_return": 0.008,
      "compound_return": -0.15795650408641582,
      "max_drawdown": -0.2170890480921317,
      "profit_factor": 0.8948746659371143,
      "windows": 10
    },
    {
      "entry_policy": "vwap_low",
      "feature_group": "all_no_ak",
      "model_name": "lgbm_leaves15_700",
      "target_hit_bps": 80.0,
      "trades": 259,
      "win_rate": 0.7027027027027027,
      "avg_return": -0.0005507487284874744,
      "median_return": 0.008,
      "compound_return": -0.16221207792396897,
      "max_drawdown": -0.28162850887710156,
      "profit_factor": 0.9086103886770315,
      "windows": 10
    },
    {
      "entry_policy": "vwap_low",
      "feature_group": "reversal_fundamental_regime",
      "model_name": "lgbm_leaves7_400",
      "target_hit_bps": 80.0,
      "trades": 239,
      "win_rate": 0.7154811715481172,
      "avg_return": -0.0006556774074439235,
      "median_return": 0.008,
      "compound_return": -0.17769613302279952,
      "max_drawdown": -0.28228409094070706,
      "profit_factor": 0.8960114781703002,
      "windows": 10
    },
    {
      "entry_policy": "vwap_low",
      "feature_group": "all_no_ak",
      "model_name": "extra_trees_600_d3",
      "target_hit_bps": 80.0,
      "trades": 275,
      "win_rate": 0.730909090909091,
      "avg_return": -0.0005912072029147559,
      "median_return": 0.008,
      "compound_return": -0.1820263155972891,
      "max_drawdown": -0.2971226823463393,
      "profit_factor": 0.9048101990117942,
      "windows": 10
    },
    {
      "entry_policy": "vwap_low",
      "feature_group": "reversal_fundamental_regime",
      "model_name": "xgb_d4_500_lr002_mcw5",
      "target_hit_bps": 80.0,
      "trades": 188,
      "win_rate": 0.7393617021276596,
      "avg_return": -0.0008985288755774513,
      "median_return": 0.008,
      "compound_return": -0.18462332367233958,
      "max_drawdown": -0.3173903760338177,
      "profit_factor": 0.8653784383047123,
      "windows": 10
    }
  ]
}

[2026-05-12T01:36:46] RUN search_vwap_low_close_profit_50bps
  /usr/bin/python3 model_training/search_walk_forward_model_complexity.py --samples /root/workspace/stock_realtime_v021_full/saved_data/002270_pipeline_out_v2_all14/03_sector/training_samples_with_sector.csv --intraday-bars /root/workspace/stock_realtime_v021_full/saved_data/002270_pipeline_out_v2_all14/00_base/002270_5m.csv --out-dir /root/workspace/stock_realtime_v021_full/saved_data/002270_pipeline_out_v2_all14/10_search/search_vwap_low_close_profit_50bps --round-trip-cost-bps 1.7 --target-hit-bps 50.0 --label-mode close_profit --entry-policy vwap_low --entry-vwap-premium-bps 50.0 --max-missing 0.35 --groups reversal_fundamental_regime,reversal_fundamental_regime_sector,reversal_fundamental_regime_sector_external,all_no_ak --models xgb_d2_200_lr003_mcw5,xgb_d3_400_lr003_mcw3,xgb_d3_600_lr002_mcw3,xgb_d4_500_lr002_mcw5,lgbm_leaves7_400,lgbm_leaves15_700,extra_trees_600_d3,random_forest_600_d4 --quantiles 0.5,0.6,0.7,0.8 --train-rows 756 --valid-rows 126 --test-rows 63 --min-valid-trades 8 --min-train-entries 80
{
  "rows": 1525,
  "target_hit_bps": 50.0,
  "label_mode": "close_profit",
  "entry_policy": "vwap_low",
  "entry_vwap_premium_bps": 50.0,
  "groups": {
    "reversal_fundamental_regime": 135,
    "reversal_fundamental_regime_sector": 158,
    "reversal_fundamental_regime_sector_external": 158,
    "all_no_ak": 213
  },
  "models": [
    "xgb_d2_200_lr003_mcw5",
    "xgb_d3_400_lr003_mcw3",
    "xgb_d3_600_lr002_mcw3",
    "xgb_d4_500_lr002_mcw5",
    "extra_trees_600_d3",
    "random_forest_600_d4",
    "lgbm_leaves7_400",
    "lgbm_leaves15_700"
  ],
  "top": [
    {
      "entry_policy": "vwap_low",
      "feature_group": "reversal_fundamental_regime_sector",
      "model_name": "xgb_d3_600_lr002_mcw3",
      "target_hit_bps": 50.0,
      "trades": 286,
      "win_rate": 0.5034965034965035,
      "avg_return": 0.002646996633345692,
      "median_return": 0.0003971847167980637,
      "compound_return": 0.9539838019090032,
      "max_drawdown": -0.2676420125945602,
      "profit_factor": 1.3418496985606077,
      "windows": 10
    },
    {
      "entry_policy": "vwap_low",
      "feature_group": "reversal_fundamental_regime_sector_external",
      "model_name": "xgb_d3_600_lr002_mcw3",
      "target_hit_bps": 50.0,
      "trades": 286,
      "win_rate": 0.5034965034965035,
      "avg_return": 0.002646996633345692,
      "median_return": 0.0003971847167980637,
      "compound_return": 0.9539838019090032,
      "max_drawdown": -0.2676420125945602,
      "profit_factor": 1.3418496985606077,
      "windows": 10
    },
    {
      "entry_policy": "vwap_low",
      "feature_group": "reversal_fundamental_regime_sector",
      "model_name": "xgb_d3_400_lr003_mcw3",
      "target_hit_bps": 50.0,
      "trades": 244,
      "win_rate": 0.5163934426229508,
      "avg_return": 0.0025833818596294952,
      "median_return": 0.00043523686462032876,
      "compound_return": 0.7505647011060077,
      "max_drawdown": -0.30723057981329516,
      "profit_factor": 1.3487908412361913,
      "windows": 10
    },
    {
      "entry_policy": "vwap_low",
      "feature_group": "reversal_fundamental_regime_sector_external",
      "model_name": "xgb_d3_400_lr003_mcw3",
      "target_hit_bps": 50.0,
      "trades": 244,
      "win_rate": 0.5163934426229508,
      "avg_return": 0.0025833818596294952,
      "median_return": 0.00043523686462032876,
      "compound_return": 0.7505647011060077,
      "max_drawdown": -0.30723057981329516,
      "profit_factor": 1.3487908412361913,
      "windows": 10
    },
    {
      "entry_policy": "vwap_low",
      "feature_group": "reversal_fundamental_regime_sector",
      "model_name": "lgbm_leaves7_400",
      "target_hit_bps": 50.0,
      "trades": 250,
      "win_rate": 0.504,
      "avg_return": 0.0022165034185754363,
      "median_return": 0.0003971847167980637,
      "compound_return": 0.6188438961582168,
      "max_drawdown": -0.27142066547067656,
      "profit_factor": 1.2888442195686731,
      "windows": 10
    },
    {
      "entry_policy": "vwap_low",
      "feature_group": "reversal_fundamental_regime_sector_external",
      "model_name": "lgbm_leaves7_400",
      "target_hit_bps": 50.0,
      "trades": 250,
      "win_rate": 0.504,
      "avg_return": 0.0022165034185754363,
      "median_return": 0.0003971847167980637,
      "compound_return": 0.6188438961582168,
      "max_drawdown": -0.27142066547067656,
      "profit_factor": 1.2888442195686731,
      "windows": 10
    },
    {
      "entry_policy": "vwap_low",
      "feature_group": "reversal_fundamental_regime",
      "model_name": "xgb_d3_400_lr003_mcw3",
      "target_hit_bps": 50.0,
      "trades": 246,
      "win_rate": 0.4959349593495935,
      "avg_return": 0.0022661011855290244,
      "median_return": -0.0001696679113880571,
      "compound_return": 0.6057134974932445,
      "max_drawdown": -0.2732092830105495,
      "profit_factor": 1.2724365454299098,
      "windows": 10
    },
    {
      "entry_policy": "vwap_low",
      "feature_group": "all_no_ak",
      "model_name": "xgb_d3_400_lr003_mcw3",
      "target_hit_bps": 50.0,
      "trades": 218,
      "win_rate": 0.5,
      "avg_return": 0.002293149100206783,
      "median_return": 0.00010460526469536006,
      "compound_return": 0.5504436496907228,
      "max_drawdown": -0.2620024977591897,
      "profit_factor": 1.2955775476603486,
      "windows": 10
    },
    {
      "entry_policy": "vwap_low",
      "feature_group": "reversal_fundamental_regime_sector",
      "model_name": "lgbm_leaves15_700",
      "target_hit_bps": 50.0,
      "trades": 243,
      "win_rate": 0.5061728395061729,
      "avg_return": 0.0020124137017915947,
      "median_return": 0.00041582308142929306,
      "compound_return": 0.5123407437163507,
      "max_drawdown": -0.3135389888566569,
      "profit_factor": 1.2486033084315737,
      "windows": 10
    },
    {
      "entry_policy": "vwap_low",
      "feature_group": "reversal_fundamental_regime_sector_external",
      "model_name": "lgbm_leaves15_700",
      "target_hit_bps": 50.0,
      "trades": 243,
      "win_rate": 0.5061728395061729,
      "avg_return": 0.0020124137017915947,
      "median_return": 0.00041582308142929306,
      "compound_return": 0.5123407437163507,
      "max_drawdown": -0.3135389888566569,
      "profit_factor": 1.2486033084315737,
      "windows": 10
    },
    {
      "entry_policy": "vwap_low",
      "feature_group": "all_no_ak",
      "model_name": "random_forest_600_d4",
      "target_hit_bps": 50.0,
      "trades": 184,
      "win_rate": 0.5163043478260869,
      "avg_return": 0.0021922341135506757,
      "median_return": 0.00042246384584155097,
      "compound_return": 0.423074486792246,
      "max_drawdown": -0.3088247566439938,
      "profit_factor": 1.2825252718205147,
      "windows": 10
    },
    {
      "entry_policy": "vwap_low",
      "feature_group": "reversal_fundamental_regime",
      "model_name": "lgbm_leaves15_700",
      "target_hit_bps": 50.0,
      "trades": 178,
      "win_rate": 0.5168539325842697,
      "avg_return": 0.0021415132776767373,
      "median_return": 0.0006099671592775281,
      "compound_return": 0.3906317968687303,
      "max_drawdown": -0.3054706575522307,
      "profit_factor": 1.2826961174860974,
      "windows": 10
    },
    {
      "entry_policy": "vwap_low",
      "feature_group": "reversal_fundamental_regime_sector",
      "model_name": "xgb_d4_500_lr002_mcw5",
      "target_hit_bps": 50.0,
      "trades": 257,
      "win_rate": 0.4980544747081712,
      "avg_return": 0.0015239760163235627,
      "median_return": -0.0001693358227761142,
      "compound_return": 0.3841961297631371,
      "max_drawdown": -0.2795127690523366,
      "profit_factor": 1.203750072440785,
      "windows": 10
    },
    {
      "entry_policy": "vwap_low",
      "feature_group": "reversal_fundamental_regime_sector_external",
      "model_name": "xgb_d4_500_lr002_mcw5",
      "target_hit_bps": 50.0,
      "trades": 257,
      "win_rate": 0.4980544747081712,
      "avg_return": 0.0015239760163235627,
      "median_return": -0.0001693358227761142,
      "compound_return": 0.3841961297631371,
      "max_drawdown": -0.2795127690523366,
      "profit_factor": 1.203750072440785,
      "windows": 10
    },
    {
      "entry_policy": "vwap_low",
      "feature_group": "all_no_ak",
      "model_name": "xgb_d3_600_lr002_mcw3",
      "target_hit_bps": 50.0,
      "trades": 222,
      "win_rate": 0.4954954954954955,
      "avg_return": 0.0017373515077854604,
      "median_return": -0.0001696679113880571,
      "compound_return": 0.3756564130037048,
      "max_drawdown": -0.2646583921867439,
      "profit_factor": 1.2122987365518656,
      "windows": 10
    },
    {
      "entry_policy": "vwap_low",
      "feature_group": "all_no_ak",
      "model_name": "extra_trees_600_d3",
      "target_hit_bps": 50.0,
      "trades": 159,
      "win_rate": 0.5408805031446541,
      "avg_return": 0.00221602785867933,
      "median_return": 0.0009548593925758943,
      "compound_return": 0.36364813990390643,
      "max_drawdown": -0.22350731137160784,
      "profit_factor": 1.2901723301248065,
      "windows": 10
    },
    {
      "entry_policy": "vwap_low",
      "feature_group": "reversal_fundamental_regime",
      "model_name": "lgbm_leaves7_400",
      "target_hit_bps": 50.0,
      "trades": 254,
      "win_rate": 0.484251968503937,
      "avg_return": 0.001486725797150586,
      "median_return": -0.00016999999999999999,
      "compound_return": 0.35433414708183264,
      "max_drawdown": -0.21629152189576195,
      "profit_factor": 1.18389611045545,
      "windows": 10
    },
    {
      "entry_policy": "vwap_low",
      "feature_group": "reversal_fundamental_regime_sector",
      "model_name": "random_forest_600_d4",
      "target_hit_bps": 50.0,
      "trades": 187,
      "win_rate": 0.5454545454545454,
      "avg_return": 0.0018259665976592292,
      "median_return": 0.0009548593925758943,
      "compound_return": 0.3346195044839557,
      "max_drawdown": -0.2626991897960693,
      "profit_factor": 1.2419951595380962,
      "windows": 10
    },
    {
      "entry_policy": "vwap_low",
      "feature_group": "reversal_fundamental_regime_sector_external",
      "model_name": "random_forest_600_d4",
      "target_hit_bps": 50.0,
      "trades": 187,
      "win_rate": 0.5454545454545454,
      "avg_return": 0.0018259665976592292,
      "median_return": 0.0009548593925758943,
      "compound_return": 0.3346195044839557,
      "max_drawdown": -0.2626991897960693,
      "profit_factor": 1.2419951595380962,
      "windows": 10
    },
    {
      "entry_policy": "vwap_low",
      "feature_group": "all_no_ak",
      "model_name": "xgb_d4_500_lr002_mcw5",
      "target_hit_bps": 50.0,
      "trades": 241,
      "win_rate": 0.5020746887966805,
      "avg_return": 0.0014730468826411574,
      "median_return": 0.0003785463521668343,
      "compound_return": 0.3216948319998172,
      "max_drawdown": -0.34990565553108144,
      "profit_factor": 1.1658423188625193,
      "windows": 10
    }
  ]
}

[2026-05-12T01:42:51] RUN search_all_days_hit_50bps
  /usr/bin/python3 model_training/search_walk_forward_model_complexity.py --samples /root/workspace/stock_realtime_v021_full/saved_data/002270_pipeline_out_v2_all14/03_sector/training_samples_with_sector.csv --intraday-bars /root/workspace/stock_realtime_v021_full/saved_data/002270_pipeline_out_v2_all14/00_base/002270_5m.csv --out-dir /root/workspace/stock_realtime_v021_full/saved_data/002270_pipeline_out_v2_all14/10_search/search_all_days_hit_50bps --round-trip-cost-bps 1.7 --target-hit-bps 50.0 --label-mode hit --entry-policy all_days --entry-vwap-premium-bps 50.0 --max-missing 0.35 --groups reversal_fundamental_regime,reversal_fundamental_regime_sector,reversal_fundamental_regime_sector_external,all_no_ak --models xgb_d2_200_lr003_mcw5,xgb_d3_400_lr003_mcw3,xgb_d3_600_lr002_mcw3,xgb_d4_500_lr002_mcw5,lgbm_leaves7_400,lgbm_leaves15_700,extra_trees_600_d3,random_forest_600_d4 --quantiles 0.5,0.6,0.7,0.8 --train-rows 756 --valid-rows 126 --test-rows 63 --min-valid-trades 8 --min-train-entries 80
{
  "rows": 1525,
  "target_hit_bps": 50.0,
  "label_mode": "hit",
  "entry_policy": "all_days",
  "entry_vwap_premium_bps": 50.0,
  "groups": {
    "reversal_fundamental_regime": 135,
    "reversal_fundamental_regime_sector": 158,
    "reversal_fundamental_regime_sector_external": 158,
    "all_no_ak": 213
  },
  "models": [
    "xgb_d2_200_lr003_mcw5",
    "xgb_d3_400_lr003_mcw3",
    "xgb_d3_600_lr002_mcw3",
    "xgb_d4_500_lr002_mcw5",
    "extra_trees_600_d3",
    "random_forest_600_d4",
    "lgbm_leaves7_400",
    "lgbm_leaves15_700"
  ],
  "top": [
    {
      "entry_policy": "all_days",
      "feature_group": "all_no_ak",
      "model_name": "lgbm_leaves15_700",
      "target_hit_bps": 50.0,
      "trades": 239,
      "win_rate": 0.8284518828451883,
      "avg_return": 0.0001371100545877687,
      "median_return": 0.005,
      "compound_return": 0.012136417695939317,
      "max_drawdown": -0.1391316840301846,
      "profit_factor": 1.0346727450656983,
      "windows": 10
    },
    {
      "entry_policy": "all_days",
      "feature_group": "reversal_fundamental_regime_sector",
      "model_name": "xgb_d4_500_lr002_mcw5",
      "target_hit_bps": 50.0,
      "trades": 202,
      "win_rate": 0.8217821782178217,
      "avg_return": 0.00012427866497729674,
      "median_return": 0.005,
      "compound_return": 0.008977010885520054,
      "max_drawdown": -0.13213618059485344,
      "profit_factor": 1.0313020677283133,
      "windows": 10
    },
    {
      "entry_policy": "all_days",
      "feature_group": "reversal_fundamental_regime_sector_external",
      "model_name": "xgb_d4_500_lr002_mcw5",
      "target_hit_bps": 50.0,
      "trades": 202,
      "win_rate": 0.8217821782178217,
      "avg_return": 0.00012427866497729674,
      "median_return": 0.005,
      "compound_return": 0.008977010885520054,
      "max_drawdown": -0.13213618059485344,
      "profit_factor": 1.0313020677283133,
      "windows": 10
    },
    {
      "entry_policy": "all_days",
      "feature_group": "reversal_fundamental_regime_sector",
      "model_name": "xgb_d3_600_lr002_mcw3",
      "target_hit_bps": 50.0,
      "trades": 194,
      "win_rate": 0.8195876288659794,
      "avg_return": 4.0508102550215626e-05,
      "median_return": 0.005,
      "compound_return": -0.008744687687174735,
      "max_drawdown": -0.12203127742659126,
      "profit_factor": 1.0100794348582127,
      "windows": 10
    },
    {
      "entry_policy": "all_days",
      "feature_group": "reversal_fundamental_regime_sector_external",
      "model_name": "xgb_d3_600_lr002_mcw3",
      "target_hit_bps": 50.0,
      "trades": 194,
      "win_rate": 0.8195876288659794,
      "avg_return": 4.0508102550215626e-05,
      "median_return": 0.005,
      "compound_return": -0.008744687687174735,
      "max_drawdown": -0.12203127742659126,
      "profit_factor": 1.0100794348582127,
      "windows": 10
    },
    {
      "entry_policy": "all_days",
      "feature_group": "reversal_fundamental_regime_sector",
      "model_name": "xgb_d3_400_lr003_mcw3",
      "target_hit_bps": 50.0,
      "trades": 184,
      "win_rate": 0.8315217391304348,
      "avg_return": -3.572053323215253e-06,
      "median_return": 0.005,
      "compound_return": -0.017001464769499597,
      "max_drawdown": -0.12203127742659137,
      "profit_factor": 0.9991364080011658,
      "windows": 10
    },
    {
      "entry_policy": "all_days",
      "feature_group": "reversal_fundamental_regime_sector_external",
      "model_name": "xgb_d3_400_lr003_mcw3",
      "target_hit_bps": 50.0,
      "trades": 184,
      "win_rate": 0.8315217391304348,
      "avg_return": -3.572053323215253e-06,
      "median_return": 0.005,
      "compound_return": -0.017001464769499597,
      "max_drawdown": -0.12203127742659137,
      "profit_factor": 0.9991364080011658,
      "windows": 10
    },
    {
      "entry_policy": "all_days",
      "feature_group": "reversal_fundamental_regime",
      "model_name": "xgb_d2_200_lr003_mcw5",
      "target_hit_bps": 50.0,
      "trades": 253,
      "win_rate": 0.8181818181818182,
      "avg_return": -0.0003531252122700527,
      "median_return": 0.005,
      "compound_return": -0.1096478419225917,
      "max_drawdown": -0.20874108132262548,
      "profit_factor": 0.920334390263362,
      "windows": 10
    },
    {
      "entry_policy": "all_days",
      "feature_group": "reversal_fundamental_regime_sector",
      "model_name": "xgb_d2_200_lr003_mcw5",
      "target_hit_bps": 50.0,
      "trades": 276,
      "win_rate": 0.8297101449275363,
      "avg_return": -0.0005340543046464922,
      "median_return": 0.005,
      "compound_return": -0.16330983934289545,
      "max_drawdown": -0.22009477424028467,
      "profit_factor": 0.8856932947216866,
      "windows": 10
    },
    {
      "entry_policy": "all_days",
      "feature_group": "reversal_fundamental_regime_sector_external",
      "model_name": "xgb_d2_200_lr003_mcw5",
      "target_hit_bps": 50.0,
      "trades": 276,
      "win_rate": 0.8297101449275363,
      "avg_return": -0.0005340543046464922,
      "median_return": 0.005,
      "compound_return": -0.16330983934289545,
      "max_drawdown": -0.22009477424028467,
      "profit_factor": 0.8856932947216866,
      "windows": 10
    },
    {
      "entry_policy": "all_days",
      "feature_group": "reversal_fundamental_regime",
      "model_name": "xgb_d3_600_lr002_mcw3",
      "target_hit_bps": 50.0,
      "trades": 254,
      "win_rate": 0.8188976377952756,
      "avg_return": -0.0006303385392791271,
      "median_return": 0.005,
      "compound_return": -0.1732362984813558,
      "max_drawdown": -0.2625774858688923,
      "profit_factor": 0.8660799050509244,
      "windows": 10
    },
    {
      "entry_policy": "all_days",
      "feature_group": "all_no_ak",
      "model_name": "xgb_d4_500_lr002_mcw5",
      "target_hit_bps": 50.0,
      "trades": 217,
      "win_rate": 0.8110599078341014,
      "avg_return": -0.0008439539633339814,
      "median_return": 0.005,
      "compound_return": -0.18664680833419844,
      "max_drawdown": -0.23032341855317673,
      "profit_factor": 0.8265198143133546,
      "windows": 10
    },
    {
      "entry_policy": "all_days",
      "feature_group": "all_no_ak",
      "model_name": "xgb_d3_600_lr002_mcw3",
      "target_hit_bps": 50.0,
      "trades": 182,
      "win_rate": 0.7967032967032966,
      "avg_return": -0.0010665608070030243,
      "median_return": 0.005,
      "compound_return": -0.19210908962550222,
      "max_drawdown": -0.2480229806681037,
      "profit_factor": 0.7870732379950395,
      "windows": 10
    },
    {
      "entry_policy": "all_days",
      "feature_group": "all_no_ak",
      "model_name": "xgb_d2_200_lr003_mcw5",
      "target_hit_bps": 50.0,
      "trades": 243,
      "win_rate": 0.823045267489712,
      "avg_return": -0.000770228337917114,
      "median_return": 0.005,
      "compound_return": -0.19443989729829247,
      "max_drawdown": -0.2641517732274039,
      "profit_factor": 0.841957188949739,
      "windows": 10
    },
    {
      "entry_policy": "all_days",
      "feature_group": "all_no_ak",
      "model_name": "xgb_d3_400_lr003_mcw3",
      "target_hit_bps": 50.0,
      "trades": 181,
      "win_rate": 0.8066298342541437,
      "avg_return": -0.0010992156443544673,
      "median_return": 0.005,
      "compound_return": -0.1973896242793517,
      "max_drawdown": -0.24116954439140204,
      "profit_factor": 0.7840912001940191,
      "windows": 10
    },
    {
      "entry_policy": "all_days",
      "feature_group": "reversal_fundamental_regime_sector",
      "model_name": "lgbm_leaves15_700",
      "target_hit_bps": 50.0,
      "trades": 222,
      "win_rate": 0.8063063063063063,
      "avg_return": -0.001082427090047977,
      "median_return": 0.005,
      "compound_return": -0.2367177253091166,
      "max_drawdown": -0.2742000766522692,
      "profit_factor": 0.7877976525395564,
      "windows": 10
    },
    {
      "entry_policy": "all_days",
      "feature_group": "reversal_fundamental_regime_sector_external",
      "model_name": "lgbm_leaves15_700",
      "target_hit_bps": 50.0,
      "trades": 222,
      "win_rate": 0.8063063063063063,
      "avg_return": -0.001082427090047977,
      "median_return": 0.005,
      "compound_return": -0.2367177253091166,
      "max_drawdown": -0.2742000766522692,
      "profit_factor": 0.7877976525395564,
      "windows": 10
    },
    {
      "entry_policy": "all_days",
      "feature_group": "all_no_ak",
      "model_name": "lgbm_leaves7_400",
      "target_hit_bps": 50.0,
      "trades": 252,
      "win_rate": 0.8095238095238095,
      "avg_return": -0.0009788671495642636,
      "median_return": 0.005,
      "compound_return": -0.24303664940114666,
      "max_drawdown": -0.30806762646821373,
      "profit_factor": 0.8045389087733255,
      "windows": 10
    },
    {
      "entry_policy": "all_days",
      "feature_group": "all_no_ak",
      "model_name": "extra_trees_600_d3",
      "target_hit_bps": 50.0,
      "trades": 258,
      "win_rate": 0.813953488372093,
      "avg_return": -0.001034106682583119,
      "median_return": 0.005,
      "compound_return": -0.25749001329798693,
      "max_drawdown": -0.35768952482576666,
      "profit_factor": 0.7955044392816912,
      "windows": 10
    },
    {
      "entry_policy": "all_days",
      "feature_group": "reversal_fundamental_regime",
      "model_name": "xgb_d4_500_lr002_mcw5",
      "target_hit_bps": 50.0,
      "trades": 265,
      "win_rate": 0.8150943396226416,
      "avg_return": -0.001035884338703325,
      "median_return": 0.005,
      "compound_return": -0.2671835403184569,
      "max_drawdown": -0.36385118019688045,
      "profit_factor": 0.7962132806354714,
      "windows": 10
    }
  ]
}

[2026-05-12T01:48:41] RUN search_all_days_hit_80bps
  /usr/bin/python3 model_training/search_walk_forward_model_complexity.py --samples /root/workspace/stock_realtime_v021_full/saved_data/002270_pipeline_out_v2_all14/03_sector/training_samples_with_sector.csv --intraday-bars /root/workspace/stock_realtime_v021_full/saved_data/002270_pipeline_out_v2_all14/00_base/002270_5m.csv --out-dir /root/workspace/stock_realtime_v021_full/saved_data/002270_pipeline_out_v2_all14/10_search/search_all_days_hit_80bps --round-trip-cost-bps 1.7 --target-hit-bps 80.0 --label-mode hit --entry-policy all_days --entry-vwap-premium-bps 50.0 --max-missing 0.35 --groups reversal_fundamental_regime,reversal_fundamental_regime_sector,reversal_fundamental_regime_sector_external,all_no_ak --models xgb_d2_200_lr003_mcw5,xgb_d3_400_lr003_mcw3,xgb_d3_600_lr002_mcw3,xgb_d4_500_lr002_mcw5,lgbm_leaves7_400,lgbm_leaves15_700,extra_trees_600_d3,random_forest_600_d4 --quantiles 0.5,0.6,0.7,0.8 --train-rows 756 --valid-rows 126 --test-rows 63 --min-valid-trades 8 --min-train-entries 80
{
  "rows": 1525,
  "target_hit_bps": 80.0,
  "label_mode": "hit",
  "entry_policy": "all_days",
  "entry_vwap_premium_bps": 50.0,
  "groups": {
    "reversal_fundamental_regime": 135,
    "reversal_fundamental_regime_sector": 158,
    "reversal_fundamental_regime_sector_external": 158,
    "all_no_ak": 213
  },
  "models": [
    "xgb_d2_200_lr003_mcw5",
    "xgb_d3_400_lr003_mcw3",
    "xgb_d3_600_lr002_mcw3",
    "xgb_d4_500_lr002_mcw5",
    "extra_trees_600_d3",
    "random_forest_600_d4",
    "lgbm_leaves7_400",
    "lgbm_leaves15_700"
  ],
  "top": [
    {
      "entry_policy": "all_days",
      "feature_group": "reversal_fundamental_regime_sector",
      "model_name": "xgb_d3_600_lr002_mcw3",
      "target_hit_bps": 80.0,
      "trades": 244,
      "win_rate": 0.7090163934426229,
      "avg_return": -0.0007235746308080129,
      "median_return": 0.008,
      "compound_return": -0.18972701896297484,
      "max_drawdown": -0.2888992519022635,
      "profit_factor": 0.8845524306186107,
      "windows": 10
    },
    {
      "entry_policy": "all_days",
      "feature_group": "reversal_fundamental_regime_sector_external",
      "model_name": "xgb_d3_600_lr002_mcw3",
      "target_hit_bps": 80.0,
      "trades": 244,
      "win_rate": 0.7090163934426229,
      "avg_return": -0.0007235746308080129,
      "median_return": 0.008,
      "compound_return": -0.18972701896297484,
      "max_drawdown": -0.2888992519022635,
      "profit_factor": 0.8845524306186107,
      "windows": 10
    },
    {
      "entry_policy": "all_days",
      "feature_group": "all_no_ak",
      "model_name": "xgb_d4_500_lr002_mcw5",
      "target_hit_bps": 80.0,
      "trades": 282,
      "win_rate": 0.7056737588652482,
      "avg_return": -0.0008414204170736403,
      "median_return": 0.008,
      "compound_return": -0.24330988033408574,
      "max_drawdown": -0.3179891147743066,
      "profit_factor": 0.867720748237754,
      "windows": 10
    },
    {
      "entry_policy": "all_days",
      "feature_group": "reversal_fundamental_regime",
      "model_name": "lgbm_leaves15_700",
      "target_hit_bps": 80.0,
      "trades": 241,
      "win_rate": 0.7095435684647303,
      "avg_return": -0.001066527498610194,
      "median_return": 0.008,
      "compound_return": -0.2562650943685205,
      "max_drawdown": -0.3743029373597251,
      "profit_factor": 0.8393274240357936,
      "windows": 10
    },
    {
      "entry_policy": "all_days",
      "feature_group": "reversal_fundamental_regime_sector",
      "model_name": "xgb_d3_400_lr003_mcw3",
      "target_hit_bps": 80.0,
      "trades": 217,
      "win_rate": 0.7050691244239631,
      "avg_return": -0.0012423417372830771,
      "median_return": 0.008,
      "compound_return": -0.26406773076903867,
      "max_drawdown": -0.31866072315577476,
      "profit_factor": 0.8186491522504381,
      "windows": 10
    },
    {
      "entry_policy": "all_days",
      "feature_group": "reversal_fundamental_regime_sector_external",
      "model_name": "xgb_d3_400_lr003_mcw3",
      "target_hit_bps": 80.0,
      "trades": 217,
      "win_rate": 0.7050691244239631,
      "avg_return": -0.0012423417372830771,
      "median_return": 0.008,
      "compound_return": -0.26406773076903867,
      "max_drawdown": -0.31866072315577476,
      "profit_factor": 0.8186491522504381,
      "windows": 10
    },
    {
      "entry_policy": "all_days",
      "feature_group": "reversal_fundamental_regime_sector",
      "model_name": "xgb_d2_200_lr003_mcw5",
      "target_hit_bps": 80.0,
      "trades": 243,
      "win_rate": 0.7037037037037037,
      "avg_return": -0.0011602943964930345,
      "median_return": 0.008,
      "compound_return": -0.27230827343793984,
      "max_drawdown": -0.31894889836636664,
      "profit_factor": 0.8248969043580741,
      "windows": 10
    },
    {
      "entry_policy": "all_days",
      "feature_group": "reversal_fundamental_regime_sector_external",
      "model_name": "xgb_d2_200_lr003_mcw5",
      "target_hit_bps": 80.0,
      "trades": 243,
      "win_rate": 0.7037037037037037,
      "avg_return": -0.0011602943964930345,
      "median_return": 0.008,
      "compound_return": -0.27230827343793984,
      "max_drawdown": -0.31894889836636664,
      "profit_factor": 0.8248969043580741,
      "windows": 10
    },
    {
      "entry_policy": "all_days",
      "feature_group": "all_no_ak",
      "model_name": "xgb_d3_400_lr003_mcw3",
      "target_hit_bps": 80.0,
      "trades": 254,
      "win_rate": 0.6968503937007874,
      "avg_return": -0.0011448034247585348,
      "median_return": 0.008,
      "compound_return": -0.28108141929115393,
      "max_drawdown": -0.3714046398461043,
      "profit_factor": 0.8272140122765452,
      "windows": 10
    },
    {
      "entry_policy": "all_days",
      "feature_group": "reversal_fundamental_regime",
      "model_name": "lgbm_leaves7_400",
      "target_hit_bps": 80.0,
      "trades": 249,
      "win_rate": 0.7108433734939759,
      "avg_return": -0.001172713987058874,
      "median_return": 0.008,
      "compound_return": -0.2870013199279601,
      "max_drawdown": -0.36857188090691184,
      "profit_factor": 0.8272423284617338,
      "windows": 10
    },
    {
      "entry_policy": "all_days",
      "feature_group": "all_no_ak",
      "model_name": "lgbm_leaves15_700",
      "target_hit_bps": 80.0,
      "trades": 270,
      "win_rate": 0.7,
      "avg_return": -0.0011684987778080203,
      "median_return": 0.008,
      "compound_return": -0.3012212623205309,
      "max_drawdown": -0.3979730343391872,
      "profit_factor": 0.8237148484182653,
      "windows": 10
    },
    {
      "entry_policy": "all_days",
      "feature_group": "all_no_ak",
      "model_name": "xgb_d2_200_lr003_mcw5",
      "target_hit_bps": 80.0,
      "trades": 278,
      "win_rate": 0.7158273381294964,
      "avg_return": -0.001129869238557544,
      "median_return": 0.008,
      "compound_return": -0.3021338225943535,
      "max_drawdown": -0.3624715228223775,
      "profit_factor": 0.8324287267197661,
      "windows": 10
    },
    {
      "entry_policy": "all_days",
      "feature_group": "all_no_ak",
      "model_name": "lgbm_leaves7_400",
      "target_hit_bps": 80.0,
      "trades": 230,
      "win_rate": 0.717391304347826,
      "avg_return": -0.001464096684368223,
      "median_return": 0.008,
      "compound_return": -0.31522027427623955,
      "max_drawdown": -0.4274835955554185,
      "profit_factor": 0.7939885709584223,
      "windows": 10
    },
    {
      "entry_policy": "all_days",
      "feature_group": "reversal_fundamental_regime_sector",
      "model_name": "xgb_d4_500_lr002_mcw5",
      "target_hit_bps": 80.0,
      "trades": 254,
      "win_rate": 0.6968503937007874,
      "avg_return": -0.0013525275144665872,
      "median_return": 0.008,
      "compound_return": -0.3190708826434101,
      "max_drawdown": -0.3710750387665791,
      "profit_factor": 0.8011162538950249,
      "windows": 10
    },
    {
      "entry_policy": "all_days",
      "feature_group": "reversal_fundamental_regime_sector_external",
      "model_name": "xgb_d4_500_lr002_mcw5",
      "target_hit_bps": 80.0,
      "trades": 254,
      "win_rate": 0.6968503937007874,
      "avg_return": -0.0013525275144665872,
      "median_return": 0.008,
      "compound_return": -0.3190708826434101,
      "max_drawdown": -0.3710750387665791,
      "profit_factor": 0.8011162538950249,
      "windows": 10
    },
    {
      "entry_policy": "all_days",
      "feature_group": "all_no_ak",
      "model_name": "xgb_d3_600_lr002_mcw3",
      "target_hit_bps": 80.0,
      "trades": 278,
      "win_rate": 0.7086330935251799,
      "avg_return": -0.001288933957350053,
      "median_return": 0.008,
      "compound_return": -0.33235203873726016,
      "max_drawdown": -0.40104709489982215,
      "profit_factor": 0.8118923738868415,
      "windows": 10
    },
    {
      "entry_policy": "all_days",
      "feature_group": "reversal_fundamental_regime_sector",
      "model_name": "extra_trees_600_d3",
      "target_hit_bps": 80.0,
      "trades": 289,
      "win_rate": 0.7197231833910035,
      "avg_return": -0.001238835627745126,
      "median_return": 0.008,
      "compound_return": -0.3325465483941489,
      "max_drawdown": -0.415527932626514,
      "profit_factor": 0.8172782221627545,
      "windows": 10
    },
    {
      "entry_policy": "all_days",
      "feature_group": "reversal_fundamental_regime_sector_external",
      "model_name": "extra_trees_600_d3",
      "target_hit_bps": 80.0,
      "trades": 289,
      "win_rate": 0.7197231833910035,
      "avg_return": -0.001238835627745126,
      "median_return": 0.008,
      "compound_return": -0.3325465483941489,
      "max_drawdown": -0.415527932626514,
      "profit_factor": 0.8172782221627545,
      "windows": 10
    },
    {
      "entry_policy": "all_days",
      "feature_group": "all_no_ak",
      "model_name": "extra_trees_600_d3",
      "target_hit_bps": 80.0,
      "trades": 290,
      "win_rate": 0.7241379310344828,
      "avg_return": -0.0012799881747765183,
      "median_return": 0.008,
      "compound_return": -0.34234196812804885,
      "max_drawdown": -0.4128586365403272,
      "profit_factor": 0.8133369405623825,
      "windows": 10
    },
    {
      "entry_policy": "all_days",
      "feature_group": "reversal_fundamental_regime",
      "model_name": "xgb_d3_400_lr003_mcw3",
      "target_hit_bps": 80.0,
      "trades": 216,
      "win_rate": 0.7222222222222222,
      "avg_return": -0.0018126663435512275,
      "median_return": 0.008,
      "compound_return": -0.35429845303302177,
      "max_drawdown": -0.449809789980974,
      "profit_factor": 0.7578409665513935,
      "windows": 10
    }
  ]
}

[2026-05-12T01:54:43] RUN search_all_days_close_profit_50bps
  /usr/bin/python3 model_training/search_walk_forward_model_complexity.py --samples /root/workspace/stock_realtime_v021_full/saved_data/002270_pipeline_out_v2_all14/03_sector/training_samples_with_sector.csv --intraday-bars /root/workspace/stock_realtime_v021_full/saved_data/002270_pipeline_out_v2_all14/00_base/002270_5m.csv --out-dir /root/workspace/stock_realtime_v021_full/saved_data/002270_pipeline_out_v2_all14/10_search/search_all_days_close_profit_50bps --round-trip-cost-bps 1.7 --target-hit-bps 50.0 --label-mode close_profit --entry-policy all_days --entry-vwap-premium-bps 50.0 --max-missing 0.35 --groups reversal_fundamental_regime,reversal_fundamental_regime_sector,reversal_fundamental_regime_sector_external,all_no_ak --models xgb_d2_200_lr003_mcw5,xgb_d3_400_lr003_mcw3,xgb_d3_600_lr002_mcw3,xgb_d4_500_lr002_mcw5,lgbm_leaves7_400,lgbm_leaves15_700,extra_trees_600_d3,random_forest_600_d4 --quantiles 0.5,0.6,0.7,0.8 --train-rows 756 --valid-rows 126 --test-rows 63 --min-valid-trades 8 --min-train-entries 80
{
  "rows": 1525,
  "target_hit_bps": 50.0,
  "label_mode": "close_profit",
  "entry_policy": "all_days",
  "entry_vwap_premium_bps": 50.0,
  "groups": {
    "reversal_fundamental_regime": 135,
    "reversal_fundamental_regime_sector": 158,
    "reversal_fundamental_regime_sector_external": 158,
    "all_no_ak": 213
  },
  "models": [
    "xgb_d2_200_lr003_mcw5",
    "xgb_d3_400_lr003_mcw3",
    "xgb_d3_600_lr002_mcw3",
    "xgb_d4_500_lr002_mcw5",
    "extra_trees_600_d3",
    "random_forest_600_d4",
    "lgbm_leaves7_400",
    "lgbm_leaves15_700"
  ],
  "top": [
    {
      "entry_policy": "all_days",
      "feature_group": "reversal_fundamental_regime_sector",
      "model_name": "xgb_d3_600_lr002_mcw3",
      "target_hit_bps": 50.0,
      "trades": 293,
      "win_rate": 0.5017064846416383,
      "avg_return": 0.0026146409217503285,
      "median_return": 0.0003785463521668343,
      "compound_return": 0.959812815469405,
      "max_drawdown": -0.2676420125945602,
      "profit_factor": 1.329169671052088,
      "windows": 10
    },
    {
      "entry_policy": "all_days",
      "feature_group": "reversal_fundamental_regime_sector_external",
      "model_name": "xgb_d3_600_lr002_mcw3",
      "target_hit_bps": 50.0,
      "trades": 293,
      "win_rate": 0.5017064846416383,
      "avg_return": 0.0026146409217503285,
      "median_return": 0.0003785463521668343,
      "compound_return": 0.959812815469405,
      "max_drawdown": -0.2676420125945602,
      "profit_factor": 1.329169671052088,
      "windows": 10
    },
    {
      "entry_policy": "all_days",
      "feature_group": "reversal_fundamental_regime_sector",
      "model_name": "xgb_d3_400_lr003_mcw3",
      "target_hit_bps": 50.0,
      "trades": 250,
      "win_rate": 0.516,
      "avg_return": 0.002445078181141306,
      "median_return": 0.00043523686462032876,
      "compound_return": 0.7097323325473874,
      "max_drawdown": -0.30723057981329516,
      "profit_factor": 1.319475988613155,
      "windows": 10
    },
    {
      "entry_policy": "all_days",
      "feature_group": "reversal_fundamental_regime_sector_external",
      "model_name": "xgb_d3_400_lr003_mcw3",
      "target_hit_bps": 50.0,
      "trades": 250,
      "win_rate": 0.516,
      "avg_return": 0.002445078181141306,
      "median_return": 0.00043523686462032876,
      "compound_return": 0.7097323325473874,
      "max_drawdown": -0.30723057981329516,
      "profit_factor": 1.319475988613155,
      "windows": 10
    },
    {
      "entry_policy": "all_days",
      "feature_group": "all_no_ak",
      "model_name": "xgb_d3_400_lr003_mcw3",
      "target_hit_bps": 50.0,
      "trades": 220,
      "win_rate": 0.5045454545454545,
      "avg_return": 0.0025387682638374803,
      "median_return": 0.0003971847167980637,
      "compound_return": 0.6418356771590108,
      "max_drawdown": -0.2620024977591897,
      "profit_factor": 1.3302390270597917,
      "windows": 10
    },
    {
      "entry_policy": "all_days",
      "feature_group": "reversal_fundamental_regime_sector",
      "model_name": "lgbm_leaves15_700",
      "target_hit_bps": 50.0,
      "trades": 246,
      "win_rate": 0.508130081300813,
      "avg_return": 0.0022149527242251825,
      "median_return": 0.00041582308142929306,
      "compound_return": 0.5970655855062517,
      "max_drawdown": -0.3135389888566569,
      "profit_factor": 1.2766138030322827,
      "windows": 10
    },
    {
      "entry_policy": "all_days",
      "feature_group": "reversal_fundamental_regime_sector_external",
      "model_name": "lgbm_leaves15_700",
      "target_hit_bps": 50.0,
      "trades": 246,
      "win_rate": 0.508130081300813,
      "avg_return": 0.0022149527242251825,
      "median_return": 0.00041582308142929306,
      "compound_return": 0.5970655855062517,
      "max_drawdown": -0.3135389888566569,
      "profit_factor": 1.2766138030322827,
      "windows": 10
    },
    {
      "entry_policy": "all_days",
      "feature_group": "reversal_fundamental_regime",
      "model_name": "xgb_d3_400_lr003_mcw3",
      "target_hit_bps": 50.0,
      "trades": 253,
      "win_rate": 0.49407114624505927,
      "avg_return": 0.0020887381866688854,
      "median_return": -0.00016999999999999999,
      "compound_return": 0.5417860053140615,
      "max_drawdown": -0.27320928301054936,
      "profit_factor": 1.2384053025723443,
      "windows": 10
    },
    {
      "entry_policy": "all_days",
      "feature_group": "all_no_ak",
      "model_name": "xgb_d4_500_lr002_mcw5",
      "target_hit_bps": 50.0,
      "trades": 246,
      "win_rate": 0.508130081300813,
      "avg_return": 0.002059485128606291,
      "median_return": 0.00041651107095542,
      "compound_return": 0.5309068536721291,
      "max_drawdown": -0.34990565553108144,
      "profit_factor": 1.2363718659858438,
      "windows": 10
    },
    {
      "entry_policy": "all_days",
      "feature_group": "all_no_ak",
      "model_name": "extra_trees_600_d3",
      "target_hit_bps": 50.0,
      "trades": 163,
      "win_rate": 0.5460122699386503,
      "avg_return": 0.002840575527607763,
      "median_return": 0.0009676564277587597,
      "compound_return": 0.5179367105800274,
      "max_drawdown": -0.22350731137160784,
      "profit_factor": 1.3759241439199954,
      "windows": 10
    },
    {
      "entry_policy": "all_days",
      "feature_group": "reversal_fundamental_regime_sector",
      "model_name": "lgbm_leaves7_400",
      "target_hit_bps": 50.0,
      "trades": 257,
      "win_rate": 0.5019455252918288,
      "avg_return": 0.00191551927053283,
      "median_return": 0.0003785463521668343,
      "compound_return": 0.5150653079383503,
      "max_drawdown": -0.27142066547067656,
      "profit_factor": 1.2404999795672642,
      "windows": 10
    },
    {
      "entry_policy": "all_days",
      "feature_group": "reversal_fundamental_regime_sector_external",
      "model_name": "lgbm_leaves7_400",
      "target_hit_bps": 50.0,
      "trades": 257,
      "win_rate": 0.5019455252918288,
      "avg_return": 0.00191551927053283,
      "median_return": 0.0003785463521668343,
      "compound_return": 0.5150653079383503,
      "max_drawdown": -0.27142066547067656,
      "profit_factor": 1.2404999795672642,
      "windows": 10
    },
    {
      "entry_policy": "all_days",
      "feature_group": "all_no_ak",
      "model_name": "random_forest_600_d4",
      "target_hit_bps": 50.0,
      "trades": 185,
      "win_rate": 0.518918918918919,
      "avg_return": 0.002463960301841582,
      "median_return": 0.00042772863120155505,
      "compound_return": 0.4977312213290832,
      "max_drawdown": -0.3088247566439938,
      "profit_factor": 1.3192699039998774,
      "windows": 10
    },
    {
      "entry_policy": "all_days",
      "feature_group": "all_no_ak",
      "model_name": "xgb_d3_600_lr002_mcw3",
      "target_hit_bps": 50.0,
      "trades": 226,
      "win_rate": 0.5,
      "avg_return": 0.0020335725517226723,
      "median_return": 0.00010460526469536006,
      "compound_return": 0.47892160816062934,
      "max_drawdown": -0.2646583921867439,
      "profit_factor": 1.2525895670363147,
      "windows": 10
    },
    {
      "entry_policy": "all_days",
      "feature_group": "reversal_fundamental_regime_sector",
      "model_name": "random_forest_600_d4",
      "target_hit_bps": 50.0,
      "trades": 191,
      "win_rate": 0.5497382198952879,
      "avg_return": 0.0022751814175914088,
      "median_return": 0.0009676564277587597,
      "compound_return": 0.46142151771822815,
      "max_drawdown": -0.2626991897960693,
      "profit_factor": 1.3058918934090509,
      "windows": 10
    },
    {
      "entry_policy": "all_days",
      "feature_group": "reversal_fundamental_regime_sector_external",
      "model_name": "random_forest_600_d4",
      "target_hit_bps": 50.0,
      "trades": 191,
      "win_rate": 0.5497382198952879,
      "avg_return": 0.0022751814175914088,
      "median_return": 0.0009676564277587597,
      "compound_return": 0.46142151771822815,
      "max_drawdown": -0.2626991897960693,
      "profit_factor": 1.3058918934090509,
      "windows": 10
    },
    {
      "entry_policy": "all_days",
      "feature_group": "reversal_fundamental_regime_sector",
      "model_name": "xgb_d4_500_lr002_mcw5",
      "target_hit_bps": 50.0,
      "trades": 264,
      "win_rate": 0.5,
      "avg_return": 0.0016058901909230413,
      "median_return": 0.00010460526469536006,
      "compound_return": 0.4116154722933618,
      "max_drawdown": -0.2795127690523366,
      "profit_factor": 1.2038301435340797,
      "windows": 10
    },
    {
      "entry_policy": "all_days",
      "feature_group": "reversal_fundamental_regime_sector_external",
      "model_name": "xgb_d4_500_lr002_mcw5",
      "target_hit_bps": 50.0,
      "trades": 264,
      "win_rate": 0.5,
      "avg_return": 0.0016058901909230413,
      "median_return": 0.00010460526469536006,
      "compound_return": 0.4116154722933618,
      "max_drawdown": -0.2795127690523366,
      "profit_factor": 1.2038301435340797,
      "windows": 10
    },
    {
      "entry_policy": "all_days",
      "feature_group": "reversal_fundamental_regime",
      "model_name": "lgbm_leaves7_400",
      "target_hit_bps": 50.0,
      "trades": 261,
      "win_rate": 0.48659003831417624,
      "avg_return": 0.0014870582524044232,
      "median_return": -0.00016999999999999999,
      "compound_return": 0.3524484068997382,
      "max_drawdown": -0.21629152189576195,
      "profit_factor": 1.1755284487632396,
      "windows": 10
    },
    {
      "entry_policy": "all_days",
      "feature_group": "all_no_ak",
      "model_name": "xgb_d2_200_lr003_mcw5",
      "target_hit_bps": 50.0,
      "trades": 215,
      "win_rate": 0.5069767441860465,
      "avg_return": 0.0016186621105523853,
      "median_return": 0.00041582308142929306,
      "compound_return": 0.3318710988924096,
      "max_drawdown": -0.3467515474595054,
      "profit_factor": 1.193652383535055,
      "windows": 10
    }
  ]
}

[2026-05-12T02:00:53] RUN summarize
  /usr/bin/python3 model_training/summarize_nextday_search_results.py --pipeline-out /root/workspace/stock_realtime_v021_full/saved_data/002270_pipeline_out_v2_all14 --out-dir /root/workspace/stock_realtime_v021_full/saved_data/002270_pipeline_out_v2_all14/99_summary --excel
{
  "rows": 192,
  "outputs": {
    "final_leaderboard": "/root/workspace/stock_realtime_v021_full/saved_data/002270_pipeline_out_v2_all14/99_summary/final_leaderboard.csv",
    "best_by_target_top5": "/root/workspace/stock_realtime_v021_full/saved_data/002270_pipeline_out_v2_all14/99_summary/best_by_target_top5.csv",
    "best_by_entry_policy_top5": "/root/workspace/stock_realtime_v021_full/saved_data/002270_pipeline_out_v2_all14/99_summary/best_by_entry_policy_top5.csv",
    "excel": "/root/workspace/stock_realtime_v021_full/saved_data/002270_pipeline_out_v2_all14/99_summary/final_leaderboard.xlsx",
    "summary_manifest": "/root/workspace/stock_realtime_v021_full/saved_data/002270_pipeline_out_v2_all14/99_summary/summary_manifest.json"
  }
}
=== nextday pipeline end: 2026-05-12T02:00:54 status=ok ===
