=== nextday pipeline start: 2026-05-30T23:58:17 ===
symbol=002128.SZ, out_root=/mnt/d/VSCodeWorkspace/stock_realtime_v021_full/saved_data/002128_pipeline_out

[2026-05-30T23:58:17] RUN update_data
  /usr/bin/python3 bootstrap/ashare_xgb_dual_opportunity_regression_baostock_full_v19_compressed_trading_axis.py --mode update_data --symbol 002128 --benchmark_symbol 000300 --daily_start 2018-01-01 --daily_end 2026-05-30 --intraday_start '2018-01-01 09:30:00' --intraday_end '2026-05-30 15:00:00' --output_dir /mnt/d/VSCodeWorkspace/stock_realtime_v021_full/saved_data/002128_pipeline_out/00_base --cache_mode incremental --feature_cache_mode incremental --adjust qfq
未安装 xgboost。请先执行: pip install -U xgboost
原始错误: ModuleNotFoundError: No module named 'xgboost'

[2026-05-30T23:58:18] RUN samples
  /usr/bin/python3 feature_building/build_nextday_samples_from_baostock.py --daily-features /mnt/d/VSCodeWorkspace/stock_realtime_v021_full/saved_data/002128_pipeline_out/00_base/daily_features.csv --intraday-bars /mnt/d/VSCodeWorkspace/stock_realtime_v021_full/saved_data/002128_pipeline_out/00_base/002128_5m.csv --out-dir /mnt/d/VSCodeWorkspace/stock_realtime_v021_full/saved_data/002128_pipeline_out/01_samples --min-bars 40 --keep-unlabeled-tail
Traceback (most recent call last):
  File "/mnt/d/VSCodeWorkspace/stock_realtime_v021_full/feature_building/build_nextday_samples_from_baostock.py", line 75, in <module>
    main()
  File "/mnt/d/VSCodeWorkspace/stock_realtime_v021_full/feature_building/build_nextday_samples_from_baostock.py", line 61, in main
    samples = build_samples(Path(args.daily_features), Path(args.intraday_bars), args.min_bars, args.keep_unlabeled_tail)
  File "/mnt/d/VSCodeWorkspace/stock_realtime_v021_full/feature_building/build_nextday_samples_from_baostock.py", line 34, in build_samples
    daily = pd.read_csv(daily_features, parse_dates=["date"]).sort_values("date")
  File "/usr/local/lib/python3.10/dist-packages/pandas/io/parsers/readers.py", line 1026, in read_csv
    return _read(filepath_or_buffer, kwds)
  File "/usr/local/lib/python3.10/dist-packages/pandas/io/parsers/readers.py", line 620, in _read
    parser = TextFileReader(filepath_or_buffer, **kwds)
  File "/usr/local/lib/python3.10/dist-packages/pandas/io/parsers/readers.py", line 1620, in __init__
    self._engine = self._make_engine(f, self.engine)
  File "/usr/local/lib/python3.10/dist-packages/pandas/io/parsers/readers.py", line 1880, in _make_engine
    self.handles = get_handle(
  File "/usr/local/lib/python3.10/dist-packages/pandas/io/common.py", line 873, in get_handle
    handle = open(
FileNotFoundError: [Errno 2] No such file or directory: '/mnt/d/VSCodeWorkspace/stock_realtime_v021_full/saved_data/002128_pipeline_out/00_base/daily_features.csv'

[2026-05-30T23:58:18] RUN asof_samples
  /usr/bin/python3 feature_building/build_asof1455_training_samples.py --samples /mnt/d/VSCodeWorkspace/stock_realtime_v021_full/saved_data/002128_pipeline_out/01_samples/training_samples.csv --intraday-bars /mnt/d/VSCodeWorkspace/stock_realtime_v021_full/saved_data/002128_pipeline_out/00_base/002128_5m.csv --out-dir /mnt/d/VSCodeWorkspace/stock_realtime_v021_full/saved_data/002128_pipeline_out/01_samples_asof1455 --cutoff-time 14:55 --min-bars 40
Traceback (most recent call last):
  File "/mnt/d/VSCodeWorkspace/stock_realtime_v021_full/feature_building/build_asof1455_training_samples.py", line 116, in <module>
    main()
  File "/mnt/d/VSCodeWorkspace/stock_realtime_v021_full/feature_building/build_asof1455_training_samples.py", line 100, in main
    df = build_asof_samples(Path(args.samples), Path(args.intraday_bars), args.cutoff_time, args.min_bars)
  File "/mnt/d/VSCodeWorkspace/stock_realtime_v021_full/feature_building/build_asof1455_training_samples.py", line 80, in build_asof_samples
    base = pd.read_csv(samples, parse_dates=["date"]).sort_values("date")
  File "/usr/local/lib/python3.10/dist-packages/pandas/io/parsers/readers.py", line 1026, in read_csv
    return _read(filepath_or_buffer, kwds)
  File "/usr/local/lib/python3.10/dist-packages/pandas/io/parsers/readers.py", line 620, in _read
    parser = TextFileReader(filepath_or_buffer, **kwds)
  File "/usr/local/lib/python3.10/dist-packages/pandas/io/parsers/readers.py", line 1620, in __init__
    self._engine = self._make_engine(f, self.engine)
  File "/usr/local/lib/python3.10/dist-packages/pandas/io/parsers/readers.py", line 1880, in _make_engine
    self.handles = get_handle(
  File "/usr/local/lib/python3.10/dist-packages/pandas/io/common.py", line 873, in get_handle
    handle = open(
FileNotFoundError: [Errno 2] No such file or directory: '/mnt/d/VSCodeWorkspace/stock_realtime_v021_full/saved_data/002128_pipeline_out/01_samples/training_samples.csv'

[2026-05-30T23:58:19] RUN fundamental
  /usr/bin/python3 feature_building/build_fundamental_features.py --symbol 002128.SZ --daily-samples /mnt/d/VSCodeWorkspace/stock_realtime_v021_full/saved_data/002128_pipeline_out/01_samples_asof1455/training_samples_asof1455.csv --out-dir /mnt/d/VSCodeWorkspace/stock_realtime_v021_full/saved_data/002128_pipeline_out/02_fundamental --start-date 2018-01-01 --end-date 2026-05-30 --fallback-lag-days 120 --skip-akshare
Traceback (most recent call last):
  File "/mnt/d/VSCodeWorkspace/stock_realtime_v021_full/feature_building/build_fundamental_features.py", line 373, in <module>
    main()
  File "/mnt/d/VSCodeWorkspace/stock_realtime_v021_full/feature_building/build_fundamental_features.py", line 313, in main
    samples = pd.read_csv(args.daily_samples, parse_dates=["date"]).sort_values("date")
  File "/usr/local/lib/python3.10/dist-packages/pandas/io/parsers/readers.py", line 1026, in read_csv
    return _read(filepath_or_buffer, kwds)
  File "/usr/local/lib/python3.10/dist-packages/pandas/io/parsers/readers.py", line 620, in _read
    parser = TextFileReader(filepath_or_buffer, **kwds)
  File "/usr/local/lib/python3.10/dist-packages/pandas/io/parsers/readers.py", line 1620, in __init__
    self._engine = self._make_engine(f, self.engine)
  File "/usr/local/lib/python3.10/dist-packages/pandas/io/parsers/readers.py", line 1880, in _make_engine
    self.handles = get_handle(
  File "/usr/local/lib/python3.10/dist-packages/pandas/io/common.py", line 873, in get_handle
    handle = open(
FileNotFoundError: [Errno 2] No such file or directory: '/mnt/d/VSCodeWorkspace/stock_realtime_v021_full/saved_data/002128_pipeline_out/01_samples_asof1455/training_samples_asof1455.csv'

[2026-05-30T23:58:19] RUN sector
  /usr/bin/python3 feature_building/build_sector_features.py --samples /mnt/d/VSCodeWorkspace/stock_realtime_v021_full/saved_data/002128_pipeline_out/02_fundamental/training_samples_with_fundamentals.csv --out-dir /mnt/d/VSCodeWorkspace/stock_realtime_v021_full/saved_data/002128_pipeline_out/03_sector --sector-symbol '煤炭开采加工' --start-date 2018-01-01 --end-date 2026-05-30
Traceback (most recent call last):
  File "/mnt/d/VSCodeWorkspace/stock_realtime_v021_full/feature_building/build_sector_features.py", line 133, in <module>
    main()
  File "/mnt/d/VSCodeWorkspace/stock_realtime_v021_full/feature_building/build_sector_features.py", line 97, in main
    samples = pd.read_csv(args.samples, parse_dates=["date"]).sort_values("date")
  File "/usr/local/lib/python3.10/dist-packages/pandas/io/parsers/readers.py", line 1026, in read_csv
    return _read(filepath_or_buffer, kwds)
  File "/usr/local/lib/python3.10/dist-packages/pandas/io/parsers/readers.py", line 620, in _read
    parser = TextFileReader(filepath_or_buffer, **kwds)
  File "/usr/local/lib/python3.10/dist-packages/pandas/io/parsers/readers.py", line 1620, in __init__
    self._engine = self._make_engine(f, self.engine)
  File "/usr/local/lib/python3.10/dist-packages/pandas/io/parsers/readers.py", line 1880, in _make_engine
    self.handles = get_handle(
  File "/usr/local/lib/python3.10/dist-packages/pandas/io/common.py", line 873, in get_handle
    handle = open(
FileNotFoundError: [Errno 2] No such file or directory: '/mnt/d/VSCodeWorkspace/stock_realtime_v021_full/saved_data/002128_pipeline_out/02_fundamental/training_samples_with_fundamentals.csv'

[2026-05-30T23:58:20] RUN external_power_utility_rate
  /usr/bin/python3 feature_building/build_stock_external_features.py --samples /mnt/d/VSCodeWorkspace/stock_realtime_v021_full/saved_data/002128_pipeline_out/03_sector/training_samples_with_sector.csv --out-dir /mnt/d/VSCodeWorkspace/stock_realtime_v021_full/saved_data/002128_pipeline_out/04_external/power_utility_rate --profile power_utility_rate --target-symbol 002128.SZ --start-date 2018-01-01 --end-date 2026-05-30 --adjust qfq --domestic-lag-days 0 --future-lag-days 1 --us-lag-days 1
Traceback (most recent call last):
  File "/mnt/d/VSCodeWorkspace/stock_realtime_v021_full/feature_building/build_stock_external_features.py", line 837, in <module>
    main()
  File "/mnt/d/VSCodeWorkspace/stock_realtime_v021_full/feature_building/build_stock_external_features.py", line 757, in main
    samples = pd.read_csv(args.samples, parse_dates=["date"]).sort_values("date")
  File "/usr/local/lib/python3.10/dist-packages/pandas/io/parsers/readers.py", line 1026, in read_csv
    return _read(filepath_or_buffer, kwds)
  File "/usr/local/lib/python3.10/dist-packages/pandas/io/parsers/readers.py", line 620, in _read
    parser = TextFileReader(filepath_or_buffer, **kwds)
  File "/usr/local/lib/python3.10/dist-packages/pandas/io/parsers/readers.py", line 1620, in __init__
    self._engine = self._make_engine(f, self.engine)
  File "/usr/local/lib/python3.10/dist-packages/pandas/io/parsers/readers.py", line 1880, in _make_engine
    self.handles = get_handle(
  File "/usr/local/lib/python3.10/dist-packages/pandas/io/common.py", line 873, in get_handle
    handle = open(
FileNotFoundError: [Errno 2] No such file or directory: '/mnt/d/VSCodeWorkspace/stock_realtime_v021_full/saved_data/002128_pipeline_out/03_sector/training_samples_with_sector.csv'
[INFO] final samples for search: /mnt/d/VSCodeWorkspace/stock_realtime_v021_full/saved_data/002128_pipeline_out/04_external/power_utility_rate/training_samples_with_power_utility_rate_external.csv
=== nextday pipeline end: 2026-05-30T23:58:21 status=partial_failed ===
=== nextday pipeline start: 2026-05-30T23:59:03 ===
symbol=002128.SZ, out_root=/mnt/d/VSCodeWorkspace/stock_realtime_v021_full/saved_data/002128_pipeline_out

[2026-05-30T23:59:03] RUN update_data
  /usr/bin/python3 bootstrap/ashare_xgb_dual_opportunity_regression_baostock_full_v19_compressed_trading_axis.py --mode update_data --symbol 002128 --benchmark_symbol 000300 --daily_start 2018-01-01 --daily_end 2026-05-30 --intraday_start '2018-01-01 09:30:00' --intraday_end '2026-05-30 15:00:00' --output_dir /mnt/d/VSCodeWorkspace/stock_realtime_v021_full/saved_data/002128_pipeline_out/00_base --cache_mode incremental --feature_cache_mode incremental --adjust qfq
未安装 xgboost。请先执行: pip install -U xgboost
原始错误: ModuleNotFoundError: No module named 'xgboost'

[2026-05-30T23:59:04] RUN samples
  /usr/bin/python3 feature_building/build_nextday_samples_from_baostock.py --daily-features /mnt/d/VSCodeWorkspace/stock_realtime_v021_full/saved_data/002128_pipeline_out/00_base/daily_features.csv --intraday-bars /mnt/d/VSCodeWorkspace/stock_realtime_v021_full/saved_data/002128_pipeline_out/00_base/002128_5m.csv --out-dir /mnt/d/VSCodeWorkspace/stock_realtime_v021_full/saved_data/002128_pipeline_out/01_samples --min-bars 40 --keep-unlabeled-tail
Traceback (most recent call last):
  File "/mnt/d/VSCodeWorkspace/stock_realtime_v021_full/feature_building/build_nextday_samples_from_baostock.py", line 75, in <module>
    main()
  File "/mnt/d/VSCodeWorkspace/stock_realtime_v021_full/feature_building/build_nextday_samples_from_baostock.py", line 61, in main
    samples = build_samples(Path(args.daily_features), Path(args.intraday_bars), args.min_bars, args.keep_unlabeled_tail)
  File "/mnt/d/VSCodeWorkspace/stock_realtime_v021_full/feature_building/build_nextday_samples_from_baostock.py", line 34, in build_samples
    daily = pd.read_csv(daily_features, parse_dates=["date"]).sort_values("date")
  File "/usr/local/lib/python3.10/dist-packages/pandas/io/parsers/readers.py", line 1026, in read_csv
    return _read(filepath_or_buffer, kwds)
  File "/usr/local/lib/python3.10/dist-packages/pandas/io/parsers/readers.py", line 620, in _read
    parser = TextFileReader(filepath_or_buffer, **kwds)
  File "/usr/local/lib/python3.10/dist-packages/pandas/io/parsers/readers.py", line 1620, in __init__
    self._engine = self._make_engine(f, self.engine)
  File "/usr/local/lib/python3.10/dist-packages/pandas/io/parsers/readers.py", line 1880, in _make_engine
    self.handles = get_handle(
  File "/usr/local/lib/python3.10/dist-packages/pandas/io/common.py", line 873, in get_handle
    handle = open(
FileNotFoundError: [Errno 2] No such file or directory: '/mnt/d/VSCodeWorkspace/stock_realtime_v021_full/saved_data/002128_pipeline_out/00_base/daily_features.csv'

[2026-05-30T23:59:04] RUN asof_samples
  /usr/bin/python3 feature_building/build_asof1455_training_samples.py --samples /mnt/d/VSCodeWorkspace/stock_realtime_v021_full/saved_data/002128_pipeline_out/01_samples/training_samples.csv --intraday-bars /mnt/d/VSCodeWorkspace/stock_realtime_v021_full/saved_data/002128_pipeline_out/00_base/002128_5m.csv --out-dir /mnt/d/VSCodeWorkspace/stock_realtime_v021_full/saved_data/002128_pipeline_out/01_samples_asof1455 --cutoff-time 14:55 --min-bars 40
Traceback (most recent call last):
  File "/mnt/d/VSCodeWorkspace/stock_realtime_v021_full/feature_building/build_asof1455_training_samples.py", line 116, in <module>
    main()
  File "/mnt/d/VSCodeWorkspace/stock_realtime_v021_full/feature_building/build_asof1455_training_samples.py", line 100, in main
    df = build_asof_samples(Path(args.samples), Path(args.intraday_bars), args.cutoff_time, args.min_bars)
  File "/mnt/d/VSCodeWorkspace/stock_realtime_v021_full/feature_building/build_asof1455_training_samples.py", line 80, in build_asof_samples
    base = pd.read_csv(samples, parse_dates=["date"]).sort_values("date")
  File "/usr/local/lib/python3.10/dist-packages/pandas/io/parsers/readers.py", line 1026, in read_csv
    return _read(filepath_or_buffer, kwds)
  File "/usr/local/lib/python3.10/dist-packages/pandas/io/parsers/readers.py", line 620, in _read
    parser = TextFileReader(filepath_or_buffer, **kwds)
  File "/usr/local/lib/python3.10/dist-packages/pandas/io/parsers/readers.py", line 1620, in __init__
    self._engine = self._make_engine(f, self.engine)
  File "/usr/local/lib/python3.10/dist-packages/pandas/io/parsers/readers.py", line 1880, in _make_engine
    self.handles = get_handle(
  File "/usr/local/lib/python3.10/dist-packages/pandas/io/common.py", line 873, in get_handle
    handle = open(
FileNotFoundError: [Errno 2] No such file or directory: '/mnt/d/VSCodeWorkspace/stock_realtime_v021_full/saved_data/002128_pipeline_out/01_samples/training_samples.csv'

[2026-05-30T23:59:05] RUN fundamental
  /usr/bin/python3 feature_building/build_fundamental_features.py --symbol 002128.SZ --daily-samples /mnt/d/VSCodeWorkspace/stock_realtime_v021_full/saved_data/002128_pipeline_out/01_samples_asof1455/training_samples_asof1455.csv --out-dir /mnt/d/VSCodeWorkspace/stock_realtime_v021_full/saved_data/002128_pipeline_out/02_fundamental --start-date 2018-01-01 --end-date 2026-05-30 --fallback-lag-days 120 --skip-akshare
Traceback (most recent call last):
  File "/mnt/d/VSCodeWorkspace/stock_realtime_v021_full/feature_building/build_fundamental_features.py", line 373, in <module>
    main()
  File "/mnt/d/VSCodeWorkspace/stock_realtime_v021_full/feature_building/build_fundamental_features.py", line 313, in main
    samples = pd.read_csv(args.daily_samples, parse_dates=["date"]).sort_values("date")
  File "/usr/local/lib/python3.10/dist-packages/pandas/io/parsers/readers.py", line 1026, in read_csv
    return _read(filepath_or_buffer, kwds)
  File "/usr/local/lib/python3.10/dist-packages/pandas/io/parsers/readers.py", line 620, in _read
    parser = TextFileReader(filepath_or_buffer, **kwds)
  File "/usr/local/lib/python3.10/dist-packages/pandas/io/parsers/readers.py", line 1620, in __init__
    self._engine = self._make_engine(f, self.engine)
  File "/usr/local/lib/python3.10/dist-packages/pandas/io/parsers/readers.py", line 1880, in _make_engine
    self.handles = get_handle(
  File "/usr/local/lib/python3.10/dist-packages/pandas/io/common.py", line 873, in get_handle
    handle = open(
FileNotFoundError: [Errno 2] No such file or directory: '/mnt/d/VSCodeWorkspace/stock_realtime_v021_full/saved_data/002128_pipeline_out/01_samples_asof1455/training_samples_asof1455.csv'

[2026-05-30T23:59:05] RUN sector
  /usr/bin/python3 feature_building/build_sector_features.py --samples /mnt/d/VSCodeWorkspace/stock_realtime_v021_full/saved_data/002128_pipeline_out/02_fundamental/training_samples_with_fundamentals.csv --out-dir /mnt/d/VSCodeWorkspace/stock_realtime_v021_full/saved_data/002128_pipeline_out/03_sector --sector-symbol '煤炭开采加工' --start-date 2018-01-01 --end-date 2026-05-30
Traceback (most recent call last):
  File "/mnt/d/VSCodeWorkspace/stock_realtime_v021_full/feature_building/build_sector_features.py", line 133, in <module>
    main()
  File "/mnt/d/VSCodeWorkspace/stock_realtime_v021_full/feature_building/build_sector_features.py", line 97, in main
    samples = pd.read_csv(args.samples, parse_dates=["date"]).sort_values("date")
  File "/usr/local/lib/python3.10/dist-packages/pandas/io/parsers/readers.py", line 1026, in read_csv
    return _read(filepath_or_buffer, kwds)
  File "/usr/local/lib/python3.10/dist-packages/pandas/io/parsers/readers.py", line 620, in _read
    parser = TextFileReader(filepath_or_buffer, **kwds)
  File "/usr/local/lib/python3.10/dist-packages/pandas/io/parsers/readers.py", line 1620, in __init__
    self._engine = self._make_engine(f, self.engine)
  File "/usr/local/lib/python3.10/dist-packages/pandas/io/parsers/readers.py", line 1880, in _make_engine
    self.handles = get_handle(
  File "/usr/local/lib/python3.10/dist-packages/pandas/io/common.py", line 873, in get_handle
    handle = open(
FileNotFoundError: [Errno 2] No such file or directory: '/mnt/d/VSCodeWorkspace/stock_realtime_v021_full/saved_data/002128_pipeline_out/02_fundamental/training_samples_with_fundamentals.csv'

[2026-05-30T23:59:06] RUN external_power_utility_rate
  /usr/bin/python3 feature_building/build_stock_external_features.py --samples /mnt/d/VSCodeWorkspace/stock_realtime_v021_full/saved_data/002128_pipeline_out/03_sector/training_samples_with_sector.csv --out-dir /mnt/d/VSCodeWorkspace/stock_realtime_v021_full/saved_data/002128_pipeline_out/04_external/power_utility_rate --profile power_utility_rate --target-symbol 002128.SZ --start-date 2018-01-01 --end-date 2026-05-30 --adjust qfq --domestic-lag-days 0 --future-lag-days 1 --us-lag-days 1
Traceback (most recent call last):
  File "/mnt/d/VSCodeWorkspace/stock_realtime_v021_full/feature_building/build_stock_external_features.py", line 837, in <module>
    main()
  File "/mnt/d/VSCodeWorkspace/stock_realtime_v021_full/feature_building/build_stock_external_features.py", line 757, in main
    samples = pd.read_csv(args.samples, parse_dates=["date"]).sort_values("date")
  File "/usr/local/lib/python3.10/dist-packages/pandas/io/parsers/readers.py", line 1026, in read_csv
    return _read(filepath_or_buffer, kwds)
  File "/usr/local/lib/python3.10/dist-packages/pandas/io/parsers/readers.py", line 620, in _read
    parser = TextFileReader(filepath_or_buffer, **kwds)
  File "/usr/local/lib/python3.10/dist-packages/pandas/io/parsers/readers.py", line 1620, in __init__
    self._engine = self._make_engine(f, self.engine)
  File "/usr/local/lib/python3.10/dist-packages/pandas/io/parsers/readers.py", line 1880, in _make_engine
    self.handles = get_handle(
  File "/usr/local/lib/python3.10/dist-packages/pandas/io/common.py", line 873, in get_handle
    handle = open(
FileNotFoundError: [Errno 2] No such file or directory: '/mnt/d/VSCodeWorkspace/stock_realtime_v021_full/saved_data/002128_pipeline_out/03_sector/training_samples_with_sector.csv'
[INFO] final samples for search: /mnt/d/VSCodeWorkspace/stock_realtime_v021_full/saved_data/002128_pipeline_out/04_external/power_utility_rate/training_samples_with_power_utility_rate_external.csv
=== nextday pipeline end: 2026-05-30T23:59:07 status=partial_failed ===
=== nextday pipeline start: 2026-05-31T00:01:51 ===
symbol=002128.SZ, out_root=/mnt/d/VSCodeWorkspace/stock_realtime_v021_full/saved_data/002128_pipeline_out

[2026-05-31T00:01:51] RUN update_data
  /usr/bin/python3 bootstrap/ashare_xgb_dual_opportunity_regression_baostock_full_v19_compressed_trading_axis.py --mode update_data --symbol 002128 --benchmark_symbol 000300 --daily_start 2018-01-01 --daily_end 2026-05-31 --intraday_start '2018-01-01 09:30:00' --intraday_end '2026-05-31 15:00:00' --output_dir /mnt/d/VSCodeWorkspace/stock_realtime_v021_full/saved_data/002128_pipeline_out/00_base --cache_mode incremental --feature_cache_mode incremental --adjust qfq
未安装 xgboost。请先执行: pip install -U xgboost
原始错误: ModuleNotFoundError: No module named 'xgboost'

[2026-05-31T00:01:52] RUN samples
  /usr/bin/python3 feature_building/build_nextday_samples_from_baostock.py --daily-features /mnt/d/VSCodeWorkspace/stock_realtime_v021_full/saved_data/002128_pipeline_out/00_base/daily_features.csv --intraday-bars /mnt/d/VSCodeWorkspace/stock_realtime_v021_full/saved_data/002128_pipeline_out/00_base/002128_5m.csv --out-dir /mnt/d/VSCodeWorkspace/stock_realtime_v021_full/saved_data/002128_pipeline_out/01_samples --min-bars 40 --keep-unlabeled-tail
Traceback (most recent call last):
  File "/mnt/d/VSCodeWorkspace/stock_realtime_v021_full/feature_building/build_nextday_samples_from_baostock.py", line 75, in <module>
    main()
  File "/mnt/d/VSCodeWorkspace/stock_realtime_v021_full/feature_building/build_nextday_samples_from_baostock.py", line 61, in main
    samples = build_samples(Path(args.daily_features), Path(args.intraday_bars), args.min_bars, args.keep_unlabeled_tail)
  File "/mnt/d/VSCodeWorkspace/stock_realtime_v021_full/feature_building/build_nextday_samples_from_baostock.py", line 34, in build_samples
    daily = pd.read_csv(daily_features, parse_dates=["date"]).sort_values("date")
  File "/usr/local/lib/python3.10/dist-packages/pandas/io/parsers/readers.py", line 1026, in read_csv
    return _read(filepath_or_buffer, kwds)
  File "/usr/local/lib/python3.10/dist-packages/pandas/io/parsers/readers.py", line 620, in _read
    parser = TextFileReader(filepath_or_buffer, **kwds)
  File "/usr/local/lib/python3.10/dist-packages/pandas/io/parsers/readers.py", line 1620, in __init__
    self._engine = self._make_engine(f, self.engine)
  File "/usr/local/lib/python3.10/dist-packages/pandas/io/parsers/readers.py", line 1880, in _make_engine
    self.handles = get_handle(
  File "/usr/local/lib/python3.10/dist-packages/pandas/io/common.py", line 873, in get_handle
    handle = open(
FileNotFoundError: [Errno 2] No such file or directory: '/mnt/d/VSCodeWorkspace/stock_realtime_v021_full/saved_data/002128_pipeline_out/00_base/daily_features.csv'

[2026-05-31T00:01:53] RUN asof_samples
  /usr/bin/python3 feature_building/build_asof1455_training_samples.py --samples /mnt/d/VSCodeWorkspace/stock_realtime_v021_full/saved_data/002128_pipeline_out/01_samples/training_samples.csv --intraday-bars /mnt/d/VSCodeWorkspace/stock_realtime_v021_full/saved_data/002128_pipeline_out/00_base/002128_5m.csv --out-dir /mnt/d/VSCodeWorkspace/stock_realtime_v021_full/saved_data/002128_pipeline_out/01_samples_asof1455 --cutoff-time 14:55 --min-bars 40
Traceback (most recent call last):
  File "/mnt/d/VSCodeWorkspace/stock_realtime_v021_full/feature_building/build_asof1455_training_samples.py", line 116, in <module>
    main()
  File "/mnt/d/VSCodeWorkspace/stock_realtime_v021_full/feature_building/build_asof1455_training_samples.py", line 100, in main
    df = build_asof_samples(Path(args.samples), Path(args.intraday_bars), args.cutoff_time, args.min_bars)
  File "/mnt/d/VSCodeWorkspace/stock_realtime_v021_full/feature_building/build_asof1455_training_samples.py", line 80, in build_asof_samples
    base = pd.read_csv(samples, parse_dates=["date"]).sort_values("date")
  File "/usr/local/lib/python3.10/dist-packages/pandas/io/parsers/readers.py", line 1026, in read_csv
    return _read(filepath_or_buffer, kwds)
  File "/usr/local/lib/python3.10/dist-packages/pandas/io/parsers/readers.py", line 620, in _read
    parser = TextFileReader(filepath_or_buffer, **kwds)
  File "/usr/local/lib/python3.10/dist-packages/pandas/io/parsers/readers.py", line 1620, in __init__
    self._engine = self._make_engine(f, self.engine)
  File "/usr/local/lib/python3.10/dist-packages/pandas/io/parsers/readers.py", line 1880, in _make_engine
    self.handles = get_handle(
  File "/usr/local/lib/python3.10/dist-packages/pandas/io/common.py", line 873, in get_handle
    handle = open(
FileNotFoundError: [Errno 2] No such file or directory: '/mnt/d/VSCodeWorkspace/stock_realtime_v021_full/saved_data/002128_pipeline_out/01_samples/training_samples.csv'

[2026-05-31T00:01:53] RUN fundamental
  /usr/bin/python3 feature_building/build_fundamental_features.py --symbol 002128.SZ --daily-samples /mnt/d/VSCodeWorkspace/stock_realtime_v021_full/saved_data/002128_pipeline_out/01_samples_asof1455/training_samples_asof1455.csv --out-dir /mnt/d/VSCodeWorkspace/stock_realtime_v021_full/saved_data/002128_pipeline_out/02_fundamental --start-date 2018-01-01 --end-date 2026-05-31 --fallback-lag-days 120 --skip-akshare
Traceback (most recent call last):
  File "/mnt/d/VSCodeWorkspace/stock_realtime_v021_full/feature_building/build_fundamental_features.py", line 373, in <module>
    main()
  File "/mnt/d/VSCodeWorkspace/stock_realtime_v021_full/feature_building/build_fundamental_features.py", line 313, in main
    samples = pd.read_csv(args.daily_samples, parse_dates=["date"]).sort_values("date")
  File "/usr/local/lib/python3.10/dist-packages/pandas/io/parsers/readers.py", line 1026, in read_csv
    return _read(filepath_or_buffer, kwds)
  File "/usr/local/lib/python3.10/dist-packages/pandas/io/parsers/readers.py", line 620, in _read
    parser = TextFileReader(filepath_or_buffer, **kwds)
  File "/usr/local/lib/python3.10/dist-packages/pandas/io/parsers/readers.py", line 1620, in __init__
    self._engine = self._make_engine(f, self.engine)
  File "/usr/local/lib/python3.10/dist-packages/pandas/io/parsers/readers.py", line 1880, in _make_engine
    self.handles = get_handle(
  File "/usr/local/lib/python3.10/dist-packages/pandas/io/common.py", line 873, in get_handle
    handle = open(
FileNotFoundError: [Errno 2] No such file or directory: '/mnt/d/VSCodeWorkspace/stock_realtime_v021_full/saved_data/002128_pipeline_out/01_samples_asof1455/training_samples_asof1455.csv'

[2026-05-31T00:01:54] RUN sector
  /usr/bin/python3 feature_building/build_sector_features.py --samples /mnt/d/VSCodeWorkspace/stock_realtime_v021_full/saved_data/002128_pipeline_out/02_fundamental/training_samples_with_fundamentals.csv --out-dir /mnt/d/VSCodeWorkspace/stock_realtime_v021_full/saved_data/002128_pipeline_out/03_sector --sector-symbol '煤炭开采加工' --start-date 2018-01-01 --end-date 2026-05-31
Traceback (most recent call last):
  File "/mnt/d/VSCodeWorkspace/stock_realtime_v021_full/feature_building/build_sector_features.py", line 133, in <module>
    main()
  File "/mnt/d/VSCodeWorkspace/stock_realtime_v021_full/feature_building/build_sector_features.py", line 97, in main
    samples = pd.read_csv(args.samples, parse_dates=["date"]).sort_values("date")
  File "/usr/local/lib/python3.10/dist-packages/pandas/io/parsers/readers.py", line 1026, in read_csv
    return _read(filepath_or_buffer, kwds)
  File "/usr/local/lib/python3.10/dist-packages/pandas/io/parsers/readers.py", line 620, in _read
    parser = TextFileReader(filepath_or_buffer, **kwds)
  File "/usr/local/lib/python3.10/dist-packages/pandas/io/parsers/readers.py", line 1620, in __init__
    self._engine = self._make_engine(f, self.engine)
  File "/usr/local/lib/python3.10/dist-packages/pandas/io/parsers/readers.py", line 1880, in _make_engine
    self.handles = get_handle(
  File "/usr/local/lib/python3.10/dist-packages/pandas/io/common.py", line 873, in get_handle
    handle = open(
FileNotFoundError: [Errno 2] No such file or directory: '/mnt/d/VSCodeWorkspace/stock_realtime_v021_full/saved_data/002128_pipeline_out/02_fundamental/training_samples_with_fundamentals.csv'

[2026-05-31T00:01:54] RUN external_power_utility_rate
  /usr/bin/python3 feature_building/build_stock_external_features.py --samples /mnt/d/VSCodeWorkspace/stock_realtime_v021_full/saved_data/002128_pipeline_out/03_sector/training_samples_with_sector.csv --out-dir /mnt/d/VSCodeWorkspace/stock_realtime_v021_full/saved_data/002128_pipeline_out/04_external/power_utility_rate --profile power_utility_rate --target-symbol 002128.SZ --start-date 2018-01-01 --end-date 2026-05-31 --adjust qfq --domestic-lag-days 0 --future-lag-days 1 --us-lag-days 1
Traceback (most recent call last):
  File "/mnt/d/VSCodeWorkspace/stock_realtime_v021_full/feature_building/build_stock_external_features.py", line 837, in <module>
    main()
  File "/mnt/d/VSCodeWorkspace/stock_realtime_v021_full/feature_building/build_stock_external_features.py", line 757, in main
    samples = pd.read_csv(args.samples, parse_dates=["date"]).sort_values("date")
  File "/usr/local/lib/python3.10/dist-packages/pandas/io/parsers/readers.py", line 1026, in read_csv
    return _read(filepath_or_buffer, kwds)
  File "/usr/local/lib/python3.10/dist-packages/pandas/io/parsers/readers.py", line 620, in _read
    parser = TextFileReader(filepath_or_buffer, **kwds)
  File "/usr/local/lib/python3.10/dist-packages/pandas/io/parsers/readers.py", line 1620, in __init__
    self._engine = self._make_engine(f, self.engine)
  File "/usr/local/lib/python3.10/dist-packages/pandas/io/parsers/readers.py", line 1880, in _make_engine
    self.handles = get_handle(
  File "/usr/local/lib/python3.10/dist-packages/pandas/io/common.py", line 873, in get_handle
    handle = open(
FileNotFoundError: [Errno 2] No such file or directory: '/mnt/d/VSCodeWorkspace/stock_realtime_v021_full/saved_data/002128_pipeline_out/03_sector/training_samples_with_sector.csv'
[INFO] final samples for search: /mnt/d/VSCodeWorkspace/stock_realtime_v021_full/saved_data/002128_pipeline_out/04_external/power_utility_rate/training_samples_with_power_utility_rate_external.csv
=== nextday pipeline end: 2026-05-31T00:01:55 status=partial_failed ===
=== nextday pipeline start: 2026-05-31T00:21:05 ===
symbol=002128.SZ, out_root=/mnt/d/VSCodeWorkspace/stock_realtime_v021_full/saved_data/002128_pipeline_out

[2026-05-31T00:21:05] RUN update_data
  /usr/bin/python3 bootstrap/ashare_xgb_dual_opportunity_regression_baostock_full_v19_compressed_trading_axis.py --mode update_data --symbol 002128 --benchmark_symbol 000300 --daily_start 2018-01-01 --daily_end 2026-05-31 --intraday_start '2018-01-01 09:30:00' --intraday_end '2026-05-31 15:00:00' --output_dir /mnt/d/VSCodeWorkspace/stock_realtime_v021_full/saved_data/002128_pipeline_out/00_base --cache_mode incremental --feature_cache_mode incremental --adjust qfq
未安装 xgboost。请先执行: pip install -U xgboost
原始错误: ModuleNotFoundError: No module named 'xgboost'

[2026-05-31T00:21:06] RUN samples
  /usr/bin/python3 feature_building/build_nextday_samples_from_baostock.py --daily-features /mnt/d/VSCodeWorkspace/stock_realtime_v021_full/saved_data/002128_pipeline_out/00_base/daily_features.csv --intraday-bars /mnt/d/VSCodeWorkspace/stock_realtime_v021_full/saved_data/002128_pipeline_out/00_base/002128_5m.csv --out-dir /mnt/d/VSCodeWorkspace/stock_realtime_v021_full/saved_data/002128_pipeline_out/01_samples --min-bars 40 --keep-unlabeled-tail
Traceback (most recent call last):
  File "/mnt/d/VSCodeWorkspace/stock_realtime_v021_full/feature_building/build_nextday_samples_from_baostock.py", line 75, in <module>
    main()
  File "/mnt/d/VSCodeWorkspace/stock_realtime_v021_full/feature_building/build_nextday_samples_from_baostock.py", line 61, in main
    samples = build_samples(Path(args.daily_features), Path(args.intraday_bars), args.min_bars, args.keep_unlabeled_tail)
  File "/mnt/d/VSCodeWorkspace/stock_realtime_v021_full/feature_building/build_nextday_samples_from_baostock.py", line 34, in build_samples
    daily = pd.read_csv(daily_features, parse_dates=["date"]).sort_values("date")
  File "/usr/local/lib/python3.10/dist-packages/pandas/io/parsers/readers.py", line 1026, in read_csv
    return _read(filepath_or_buffer, kwds)
  File "/usr/local/lib/python3.10/dist-packages/pandas/io/parsers/readers.py", line 620, in _read
    parser = TextFileReader(filepath_or_buffer, **kwds)
  File "/usr/local/lib/python3.10/dist-packages/pandas/io/parsers/readers.py", line 1620, in __init__
    self._engine = self._make_engine(f, self.engine)
  File "/usr/local/lib/python3.10/dist-packages/pandas/io/parsers/readers.py", line 1880, in _make_engine
    self.handles = get_handle(
  File "/usr/local/lib/python3.10/dist-packages/pandas/io/common.py", line 873, in get_handle
    handle = open(
FileNotFoundError: [Errno 2] No such file or directory: '/mnt/d/VSCodeWorkspace/stock_realtime_v021_full/saved_data/002128_pipeline_out/00_base/daily_features.csv'

[2026-05-31T00:21:07] RUN asof_samples
  /usr/bin/python3 feature_building/build_asof1455_training_samples.py --samples /mnt/d/VSCodeWorkspace/stock_realtime_v021_full/saved_data/002128_pipeline_out/01_samples/training_samples.csv --intraday-bars /mnt/d/VSCodeWorkspace/stock_realtime_v021_full/saved_data/002128_pipeline_out/00_base/002128_5m.csv --out-dir /mnt/d/VSCodeWorkspace/stock_realtime_v021_full/saved_data/002128_pipeline_out/01_samples_asof1455 --cutoff-time 14:55 --min-bars 40
Traceback (most recent call last):
  File "/mnt/d/VSCodeWorkspace/stock_realtime_v021_full/feature_building/build_asof1455_training_samples.py", line 116, in <module>
    main()
  File "/mnt/d/VSCodeWorkspace/stock_realtime_v021_full/feature_building/build_asof1455_training_samples.py", line 100, in main
    df = build_asof_samples(Path(args.samples), Path(args.intraday_bars), args.cutoff_time, args.min_bars)
  File "/mnt/d/VSCodeWorkspace/stock_realtime_v021_full/feature_building/build_asof1455_training_samples.py", line 80, in build_asof_samples
    base = pd.read_csv(samples, parse_dates=["date"]).sort_values("date")
  File "/usr/local/lib/python3.10/dist-packages/pandas/io/parsers/readers.py", line 1026, in read_csv
    return _read(filepath_or_buffer, kwds)
  File "/usr/local/lib/python3.10/dist-packages/pandas/io/parsers/readers.py", line 620, in _read
    parser = TextFileReader(filepath_or_buffer, **kwds)
  File "/usr/local/lib/python3.10/dist-packages/pandas/io/parsers/readers.py", line 1620, in __init__
    self._engine = self._make_engine(f, self.engine)
  File "/usr/local/lib/python3.10/dist-packages/pandas/io/parsers/readers.py", line 1880, in _make_engine
    self.handles = get_handle(
  File "/usr/local/lib/python3.10/dist-packages/pandas/io/common.py", line 873, in get_handle
    handle = open(
FileNotFoundError: [Errno 2] No such file or directory: '/mnt/d/VSCodeWorkspace/stock_realtime_v021_full/saved_data/002128_pipeline_out/01_samples/training_samples.csv'

[2026-05-31T00:21:08] RUN fundamental
  /usr/bin/python3 feature_building/build_fundamental_features.py --symbol 002128.SZ --daily-samples /mnt/d/VSCodeWorkspace/stock_realtime_v021_full/saved_data/002128_pipeline_out/01_samples_asof1455/training_samples_asof1455.csv --out-dir /mnt/d/VSCodeWorkspace/stock_realtime_v021_full/saved_data/002128_pipeline_out/02_fundamental --start-date 2018-01-01 --end-date 2026-05-31 --fallback-lag-days 120 --skip-akshare
Traceback (most recent call last):
  File "/mnt/d/VSCodeWorkspace/stock_realtime_v021_full/feature_building/build_fundamental_features.py", line 373, in <module>
    main()
  File "/mnt/d/VSCodeWorkspace/stock_realtime_v021_full/feature_building/build_fundamental_features.py", line 313, in main
    samples = pd.read_csv(args.daily_samples, parse_dates=["date"]).sort_values("date")
  File "/usr/local/lib/python3.10/dist-packages/pandas/io/parsers/readers.py", line 1026, in read_csv
    return _read(filepath_or_buffer, kwds)
  File "/usr/local/lib/python3.10/dist-packages/pandas/io/parsers/readers.py", line 620, in _read
    parser = TextFileReader(filepath_or_buffer, **kwds)
  File "/usr/local/lib/python3.10/dist-packages/pandas/io/parsers/readers.py", line 1620, in __init__
    self._engine = self._make_engine(f, self.engine)
  File "/usr/local/lib/python3.10/dist-packages/pandas/io/parsers/readers.py", line 1880, in _make_engine
    self.handles = get_handle(
  File "/usr/local/lib/python3.10/dist-packages/pandas/io/common.py", line 873, in get_handle
    handle = open(
FileNotFoundError: [Errno 2] No such file or directory: '/mnt/d/VSCodeWorkspace/stock_realtime_v021_full/saved_data/002128_pipeline_out/01_samples_asof1455/training_samples_asof1455.csv'

[2026-05-31T00:21:08] RUN sector
  /usr/bin/python3 feature_building/build_sector_features.py --samples /mnt/d/VSCodeWorkspace/stock_realtime_v021_full/saved_data/002128_pipeline_out/02_fundamental/training_samples_with_fundamentals.csv --out-dir /mnt/d/VSCodeWorkspace/stock_realtime_v021_full/saved_data/002128_pipeline_out/03_sector --sector-symbol '煤炭开采加工' --start-date 2018-01-01 --end-date 2026-05-31
Traceback (most recent call last):
  File "/mnt/d/VSCodeWorkspace/stock_realtime_v021_full/feature_building/build_sector_features.py", line 133, in <module>
    main()
  File "/mnt/d/VSCodeWorkspace/stock_realtime_v021_full/feature_building/build_sector_features.py", line 97, in main
    samples = pd.read_csv(args.samples, parse_dates=["date"]).sort_values("date")
  File "/usr/local/lib/python3.10/dist-packages/pandas/io/parsers/readers.py", line 1026, in read_csv
    return _read(filepath_or_buffer, kwds)
  File "/usr/local/lib/python3.10/dist-packages/pandas/io/parsers/readers.py", line 620, in _read
    parser = TextFileReader(filepath_or_buffer, **kwds)
  File "/usr/local/lib/python3.10/dist-packages/pandas/io/parsers/readers.py", line 1620, in __init__
    self._engine = self._make_engine(f, self.engine)
  File "/usr/local/lib/python3.10/dist-packages/pandas/io/parsers/readers.py", line 1880, in _make_engine
    self.handles = get_handle(
  File "/usr/local/lib/python3.10/dist-packages/pandas/io/common.py", line 873, in get_handle
    handle = open(
FileNotFoundError: [Errno 2] No such file or directory: '/mnt/d/VSCodeWorkspace/stock_realtime_v021_full/saved_data/002128_pipeline_out/02_fundamental/training_samples_with_fundamentals.csv'

[2026-05-31T00:21:09] RUN external_power_utility_rate
  /usr/bin/python3 feature_building/build_stock_external_features.py --samples /mnt/d/VSCodeWorkspace/stock_realtime_v021_full/saved_data/002128_pipeline_out/03_sector/training_samples_with_sector.csv --out-dir /mnt/d/VSCodeWorkspace/stock_realtime_v021_full/saved_data/002128_pipeline_out/04_external/power_utility_rate --profile power_utility_rate --target-symbol 002128.SZ --start-date 2018-01-01 --end-date 2026-05-31 --adjust qfq --domestic-lag-days 0 --future-lag-days 1 --us-lag-days 1
Traceback (most recent call last):
  File "/mnt/d/VSCodeWorkspace/stock_realtime_v021_full/feature_building/build_stock_external_features.py", line 837, in <module>
    main()
  File "/mnt/d/VSCodeWorkspace/stock_realtime_v021_full/feature_building/build_stock_external_features.py", line 757, in main
    samples = pd.read_csv(args.samples, parse_dates=["date"]).sort_values("date")
  File "/usr/local/lib/python3.10/dist-packages/pandas/io/parsers/readers.py", line 1026, in read_csv
    return _read(filepath_or_buffer, kwds)
  File "/usr/local/lib/python3.10/dist-packages/pandas/io/parsers/readers.py", line 620, in _read
    parser = TextFileReader(filepath_or_buffer, **kwds)
  File "/usr/local/lib/python3.10/dist-packages/pandas/io/parsers/readers.py", line 1620, in __init__
    self._engine = self._make_engine(f, self.engine)
  File "/usr/local/lib/python3.10/dist-packages/pandas/io/parsers/readers.py", line 1880, in _make_engine
    self.handles = get_handle(
  File "/usr/local/lib/python3.10/dist-packages/pandas/io/common.py", line 873, in get_handle
    handle = open(
FileNotFoundError: [Errno 2] No such file or directory: '/mnt/d/VSCodeWorkspace/stock_realtime_v021_full/saved_data/002128_pipeline_out/03_sector/training_samples_with_sector.csv'
[INFO] final samples for search: /mnt/d/VSCodeWorkspace/stock_realtime_v021_full/saved_data/002128_pipeline_out/04_external/power_utility_rate/training_samples_with_power_utility_rate_external.csv
=== nextday pipeline end: 2026-05-31T00:21:09 status=partial_failed ===
=== nextday pipeline start: 2026-05-31T01:27:49 ===
symbol=002128.SZ, out_root=/root/stock_realtime_v021_full/saved_data/002128_pipeline_out

[2026-05-31T01:27:49] RUN update_data
  /usr/bin/python3 bootstrap/ashare_xgb_dual_opportunity_regression_baostock_full_v19_compressed_trading_axis.py --mode update_data --symbol 002128 --benchmark_symbol 000300 --daily_start 2018-01-01 --daily_end 2026-05-31 --intraday_start '2018-01-01 09:30:00' --intraday_end '2026-05-31 15:00:00' --output_dir /root/stock_realtime_v021_full/saved_data/002128_pipeline_out/00_base --cache_mode incremental --feature_cache_mode incremental --adjust qfq
/root/stock_realtime_v021_full/bootstrap/ashare_fetch_and_train_xgb_sell_signal_baostock_state_cache_helper_fix2.py:246: FutureWarning: The behavior of DataFrame concatenation with empty or all-NA entries is deprecated. In a future version, this will no longer exclude empty or all-NA columns when determining the result dtypes. To retain the old behavior, exclude the relevant entries before the concat operation.
  merged = _normalize_daily_df(pd.concat([df_old, df_new], axis=0, ignore_index=True))
/root/stock_realtime_v021_full/bootstrap/ashare_fetch_and_train_xgb_sell_signal_baostock_state_cache_helper_fix2.py:248: FutureWarning: The behavior of DataFrame concatenation with empty or all-NA entries is deprecated. In a future version, this will no longer exclude empty or all-NA columns when determining the result dtypes. To retain the old behavior, exclude the relevant entries before the concat operation.
  merged = _normalize_intraday_df(pd.concat([df_old, df_new], axis=0, ignore_index=True))
/root/stock_realtime_v021_full/bootstrap/ashare_fetch_and_train_xgb_sell_signal_baostock_state_cache_helper_fix2.py:254: FutureWarning: The behavior of DataFrame concatenation with empty or all-NA entries is deprecated. In a future version, this will no longer exclude empty or all-NA columns when determining the result dtypes. To retain the old behavior, exclude the relevant entries before the concat operation.
  merged = _normalize_bench_df(pd.concat([df_old, df_new], axis=0, ignore_index=True))
/root/stock_realtime_v021_full/bootstrap/ashare_fetch_and_train_xgb_sell_signal_baostock_state_cache_helper_fix2.py:250: FutureWarning: The behavior of DataFrame concatenation with empty or all-NA entries is deprecated. In a future version, this will no longer exclude empty or all-NA columns when determining the result dtypes. To retain the old behavior, exclude the relevant entries before the concat operation.
  merged = _normalize_daily_feature_df(pd.concat([df_old, df_new], axis=0, ignore_index=True))
/root/stock_realtime_v021_full/bootstrap/ashare_fetch_and_train_xgb_sell_signal_baostock_state_cache_helper_fix2.py:252: FutureWarning: The behavior of DataFrame concatenation with empty or all-NA entries is deprecated. In a future version, this will no longer exclude empty or all-NA columns when determining the result dtypes. To retain the old behavior, exclude the relevant entries before the concat operation.
  merged = _normalize_intraday_feature_df(pd.concat([df_old, df_new], axis=0, ignore_index=True))
login success!
logout success!
login success!
logout success!
login success!
logout success!
{
  "mode": "update_data",
  "symbol": "002128",
  "data_source": "baostock",
  "daily_rows": 2037,
  "intraday_rows": 73968,
  "daily_min": "2018-01-02 00:00:00",
  "daily_max": "2026-05-29 00:00:00",
  "intraday_min": "2020-01-02 09:35:00",
  "intraday_max": "2026-05-29 15:00:00",
  "base_paths": {
    "daily_csv": "/root/stock_realtime_v021_full/saved_data/002128_pipeline_out/00_base/002128_daily.csv",
    "intraday_csv": "/root/stock_realtime_v021_full/saved_data/002128_pipeline_out/00_base/002128_5m.csv",
    "benchmark_csv": "/root/stock_realtime_v021_full/saved_data/002128_pipeline_out/00_base/000300_benchmark_daily.csv",
    "raw_daily_cache_csv": "/root/stock_realtime_v021_full/saved_data/002128_pipeline_out/00_base/raw_cache/002128_daily_raw.csv",
    "raw_intraday_cache_csv": "/root/stock_realtime_v021_full/saved_data/002128_pipeline_out/00_base/raw_cache/002128_5m_raw.csv",
    "raw_benchmark_cache_csv": "/root/stock_realtime_v021_full/saved_data/002128_pipeline_out/00_base/raw_cache/000300_benchmark_daily_raw.csv",
    "daily_features_csv": "/root/stock_realtime_v021_full/saved_data/002128_pipeline_out/00_base/daily_features.csv",
    "intraday_features_csv": "/root/stock_realtime_v021_full/saved_data/002128_pipeline_out/00_base/intraday_features.csv",
    "daily_features_cache_csv": "/root/stock_realtime_v021_full/saved_data/002128_pipeline_out/00_base/feature_cache/daily_features_cache.csv",
    "intraday_features_cache_csv": "/root/stock_realtime_v021_full/saved_data/002128_pipeline_out/00_base/feature_cache/intraday_features_cache.csv",
    "feature_state_json": "/root/stock_realtime_v021_full/saved_data/002128_pipeline_out/00_base/feature_cache/feature_state.json"
  },
  "fetch_logs": {
    "symbol": "002128",
    "benchmark_symbol": "000300",
    "daily_start": "2018-01-01",
    "daily_end": "2026-05-31",
    "intraday_start": "2018-01-01 09:30:00",
    "intraday_end": "2026-05-31 15:00:00",
    "perf_start": "2018-01-01",
    "data_source": "baostock",
    "cache_mode": "incremental",
    "force_refresh": false,
    "raw_cache_dir": "/root/stock_realtime_v021_full/saved_data/002128_pipeline_out/00_base/raw_cache",
    "feature_cache_dir": "/root/stock_realtime_v021_full/saved_data/002128_pipeline_out/00_base/feature_cache",
    "feature_cache_mode": "incremental",
    "daily": {
      "cache_path": "/root/stock_realtime_v021_full/saved_data/002128_pipeline_out/00_base/raw_cache/002128_daily_raw.csv",
      "requested_start": "2018-01-01",
      "requested_end": "2026-05-31",
      "mode": "initial_fetch",
      "fetch_segments": [
        {
          "provider": "baostock",
          "code": "sz.002128",
          "adjustflag": "2",
          "rows": 2037,
          "start": "2018-01-01",
          "end": "2026-05-31"
        }
      ],
      "cache_after": {
        "rows": 2037,
        "min": "2018-01-02 00:00:00",
        "max": "2026-05-29 00:00:00"
      }
    },
    "intraday_5m": {
      "cache_path": "/root/stock_realtime_v021_full/saved_data/002128_pipeline_out/00_base/raw_cache/002128_5m_raw.csv",
      "requested_start": "2018-01-01 09:30:00",
      "requested_end": "2026-05-31 15:00:00",
      "mode": "initial_fetch",
      "fetch_segments": [
        {
          "provider": "baostock",
          "code": "sz.002128",
          "adjustflag": "2",
          "requested_start": "2018-01-01 09:30:00",
          "effective_start": "2018-01-01 09:30:00",
          "requested_end": "2026-05-31 15:00:00",
          "rows": 73968
        }
      ],
      "cache_after": {
        "rows": 73968,
        "min": "2020-01-02 09:35:00",
        "max": "2026-05-29 15:00:00"
      }
    },
    "benchmark_daily": {
      "cache_path": "/root/stock_realtime_v021_full/saved_data/002128_pipeline_out/00_base/raw_cache/000300_benchmark_daily_raw.csv",
      "requested_start": "2018-01-01",
      "requested_end": "2026-05-31",
      "mode": "initial_fetch",
      "fetch_segments": [
        {
          "provider": "baostock",
          "code": "sh.000300",
          "rows": 2037,
          "start": "2018-01-01",
          "end": "2026-05-31"
        }
      ],
      "cache_after": {
        "rows": 2037,
        "min": "2018-01-02 00:00:00",
        "max": "2026-05-29 00:00:00"
      }
    },
    "feature_build": {
      "mode": "full_rebuild",
      "reason": "feature_cache_missing",
      "daily_cache_after": {
        "rows": 2037,
        "min": "2018-01-02 00:00:00",
        "max": "2026-05-29 00:00:00"
      },
      "intraday_cache_after": {
        "rows": 73968,
        "min": "2020-01-02 09:35:00",
        "max": "2026-05-29 15:00:00"
      },
      "daily_context_days": 260,
      "intraday_context_days": 40,
      "daily_appended_rows": 2037,
      "intraday_appended_rows": 73968
    },
    "feature_state": {
      "daily_feature_max": "2026-05-29 00:00:00",
      "intraday_feature_max": "2026-05-29 15:00:00",
      "daily_context_days": 260,
      "intraday_context_days": 40,
      "feature_build_mode": "full_rebuild"
    }
  }
}

[2026-05-31T01:30:51] RUN samples
  /usr/bin/python3 feature_building/build_nextday_samples_from_baostock.py --daily-features /root/stock_realtime_v021_full/saved_data/002128_pipeline_out/00_base/daily_features.csv --intraday-bars /root/stock_realtime_v021_full/saved_data/002128_pipeline_out/00_base/002128_5m.csv --out-dir /root/stock_realtime_v021_full/saved_data/002128_pipeline_out/01_samples --min-bars 40 --keep-unlabeled-tail
{
  "rows": 1541,
  "date_min": "2020-01-02",
  "date_max": "2026-05-29",
  "out": "/root/stock_realtime_v021_full/saved_data/002128_pipeline_out/01_samples/training_samples.csv"
}

[2026-05-31T01:30:52] RUN asof_samples
  /usr/bin/python3 feature_building/build_asof1455_training_samples.py --samples /root/stock_realtime_v021_full/saved_data/002128_pipeline_out/01_samples/training_samples.csv --intraday-bars /root/stock_realtime_v021_full/saved_data/002128_pipeline_out/00_base/002128_5m.csv --out-dir /root/stock_realtime_v021_full/saved_data/002128_pipeline_out/01_samples_asof1455 --cutoff-time 14:55 --min-bars 40
{
  "rows": 1541,
  "date_min": "2020-01-02",
  "date_max": "2026-05-29",
  "cutoff_time": "14:55",
  "min_bars": 40,
  "out": "/root/stock_realtime_v021_full/saved_data/002128_pipeline_out/01_samples_asof1455/training_samples_asof1455.csv"
}

[2026-05-31T01:30:54] RUN fundamental
  /usr/bin/python3 feature_building/build_fundamental_features.py --symbol 002128.SZ --daily-samples /root/stock_realtime_v021_full/saved_data/002128_pipeline_out/01_samples_asof1455/training_samples_asof1455.csv --out-dir /root/stock_realtime_v021_full/saved_data/002128_pipeline_out/02_fundamental --start-date 2018-01-01 --end-date 2026-05-31 --fallback-lag-days 120 --skip-akshare
login success!
logout success!
{
  "rows": 1541,
  "date_min": "2020-01-02",
  "date_max": "2026-05-29",
  "source_errors": [],
  "top_missing_rates": {
    "profit_MBRevenue_chg4q": 0.8948734587929915,
    "profit_MBRevenue": 0.8754055807916937,
    "pbMRQ_rank252": 0.038286826735885786,
    "peTTM_rank252": 0.038286826735885786,
    "pcfNcfTTM_rank252": 0.038286826735885786,
    "psTTM_rank252": 0.038286826735885786,
    "profit_netProfit_chg4q": 0.0025957170668397143,
    "growth_YOYNI_chg4q": 0.0025957170668397143,
    "growth_YOYEPSBasic_chg4q": 0.0025957170668397143,
    "growth_YOYPNI_chg4q": 0.0025957170668397143,
    "profit_epsTTM_chg4q": 0.0025957170668397143,
    "profit_totalShare_chg4q": 0.0025957170668397143,
    "profit_liqaShare_chg4q": 0.0025957170668397143,
    "growth_YOYEquity_chg4q": 0.0025957170668397143,
    "growth_YOYAsset_chg4q": 0.0025957170668397143,
    "dupont_dupontROE_chg4q": 0.0025957170668397143,
    "cashflow_CAToAsset_chg4q": 0.0025957170668397143,
    "cashflow_NCAToAsset_chg4q": 0.0025957170668397143,
    "cashflow_tangibleAssetToAsset_chg4q": 0.0025957170668397143,
    "cashflow_ebitToInterest_chg4q": 0.0025957170668397143,
    "cashflow_CFOToOR_chg4q": 0.0025957170668397143,
    "cashflow_CFOToNP_chg4q": 0.0025957170668397143,
    "cashflow_CFOToGr_chg4q": 0.0025957170668397143,
    "profit_npMargin_chg4q": 0.0025957170668397143,
    "dupont_dupontAssetStoEquity_chg4q": 0.0025957170668397143,
    "profit_roeAvg_chg4q": 0.0025957170668397143,
    "solvency_currentRatio_chg4q": 0.0025957170668397143,
    "solvency_quickRatio_chg4q": 0.0025957170668397143,
    "solvency_cashRatio_chg4q": 0.0025957170668397143,
    "solvency_YOYLiability_chg4q": 0.0025957170668397143
  },
  "valuation_non_null": {
    "peTTM": 1541,
    "pbMRQ": 1541,
    "psTTM": 1541,
    "pcfNcfTTM": 1541
  },
  "future_effective_date_violations": 0,
  "rows_with_quarterly": 1541,
  "sample_rows": 1541,
  "quarterly_raw_rows": 37,
  "quarterly_used_pubDate_rows": 37,
  "quarterly_fallback_rows": 0,
  "elapsed_seconds": 24.728,
  "symbol": "002128",
  "baostock_code": "sz.002128",
  "valuation_rows": 2037,
  "fund_flow_rows": 0,
  "feature_columns": 95,
  "merged_columns": 185,
  "outputs": {
    "daily_valuation": "/root/stock_realtime_v021_full/saved_data/002128_pipeline_out/02_fundamental/baostock_daily_valuation.csv",
    "quarterly_fundamentals": "/root/stock_realtime_v021_full/saved_data/002128_pipeline_out/02_fundamental/baostock_quarterly_fundamentals_pit.csv",
    "fundamental_features": "/root/stock_realtime_v021_full/saved_data/002128_pipeline_out/02_fundamental/fundamental_features.csv",
    "merged_samples": "/root/stock_realtime_v021_full/saved_data/002128_pipeline_out/02_fundamental/training_samples_with_fundamentals.csv"
  }
}

[2026-05-31T01:31:19] RUN sector
  /usr/bin/python3 feature_building/build_sector_features.py --samples /root/stock_realtime_v021_full/saved_data/002128_pipeline_out/02_fundamental/training_samples_with_fundamentals.csv --out-dir /root/stock_realtime_v021_full/saved_data/002128_pipeline_out/03_sector --sector-symbol '煤炭开采加工' --start-date 2018-01-01 --end-date 2026-05-31

  0%|          | 0/9 [00:00<?, ?it/s]
 11%|█         | 1/9 [00:00<00:01,  4.44it/s]
 22%|██▏       | 2/9 [00:00<00:01,  4.16it/s]
 33%|███▎      | 3/9 [00:00<00:01,  4.08it/s]
 44%|████▍     | 4/9 [00:00<00:01,  4.29it/s]
 56%|█████▌    | 5/9 [00:01<00:00,  4.39it/s]
 67%|██████▋   | 6/9 [00:01<00:00,  4.35it/s]
 78%|███████▊  | 7/9 [00:01<00:00,  4.31it/s]
 89%|████████▉ | 8/9 [00:01<00:00,  4.43it/s]
100%|██████████| 9/9 [00:02<00:00,  4.51it/s]
                                             
{
  "sector_symbol": "煤炭开采加工",
  "sector_rows": 2037,
  "sector_date_min": "2018-01-02",
  "sector_date_max": "2026-05-29",
  "sample_rows": 1541,
  "merged_rows": 1541,
  "sector_feature_cols": 23,
  "top_missing": {
    "sector_ret60": 0.03893575600259572,
    "sector_ma60_gap": 0.01946787800129786,
    "stock_vs_sector_ret20": 0.012978585334198572,
    "sector_ret20": 0.012978585334198572,
    "sector_vol20": 0.007138221933809215,
    "sector_ma20_gap": 0.006489292667099286,
    "sector_range_z20": 0.006489292667099286,
    "sector_volume_shock20": 0.006489292667099286,
    "sector_amount_z20": 0.006489292667099286,
    "sector_volume_z20": 0.006489292667099286,
    "sector_amount_shock20": 0.006489292667099286,
    "sector_ret5": 0.003244646333549643,
    "stock_vs_sector_ret5": 0.003244646333549643,
    "sector_vs_bench_ret5": 0.003244646333549643,
    "stock_vs_sector_ret1": 0.0006489292667099286,
    "sector_ret1": 0.0006489292667099286,
    "sector_amount": 0.0,
    "sector_volume": 0.0,
    "sector_close": 0.0,
    "sector_low": 0.0
  },
  "outputs": {
    "sector_index": "/root/stock_realtime_v021_full/saved_data/002128_pipeline_out/03_sector/sector_index_ths.csv",
    "sector_features": "/root/stock_realtime_v021_full/saved_data/002128_pipeline_out/03_sector/sector_features.csv",
    "merged_samples": "/root/stock_realtime_v021_full/saved_data/002128_pipeline_out/03_sector/training_samples_with_sector.csv"
  }
}

[2026-05-31T01:31:23] RUN external_power_utility_rate
  /usr/bin/python3 feature_building/build_stock_external_features.py --samples /root/stock_realtime_v021_full/saved_data/002128_pipeline_out/03_sector/training_samples_with_sector.csv --out-dir /root/stock_realtime_v021_full/saved_data/002128_pipeline_out/04_external/power_utility_rate --profile power_utility_rate --target-symbol 002128.SZ --start-date 2018-01-01 --end-date 2026-05-31 --adjust qfq --domestic-lag-days 0 --future-lag-days 1 --us-lag-days 1
login success!

  0%|          | 0/9 [00:00<?, ?it/s]
 11%|█         | 1/9 [00:00<00:01,  4.18it/s]
 22%|██▏       | 2/9 [00:00<00:01,  4.17it/s]
 33%|███▎      | 3/9 [00:00<00:01,  4.28it/s]
 44%|████▍     | 4/9 [00:00<00:01,  4.37it/s]
 56%|█████▌    | 5/9 [00:01<00:00,  4.48it/s]
 67%|██████▋   | 6/9 [00:01<00:00,  4.27it/s]
 78%|███████▊  | 7/9 [00:01<00:00,  4.37it/s]
 89%|████████▉ | 8/9 [00:01<00:00,  4.30it/s]
100%|██████████| 9/9 [00:02<00:00,  4.48it/s]
                                             

  0%|          | 0/9 [00:00<?, ?it/s]
 11%|█         | 1/9 [00:00<00:01,  4.42it/s]
 22%|██▏       | 2/9 [00:00<00:02,  2.92it/s]
 33%|███▎      | 3/9 [00:00<00:01,  3.57it/s]
 44%|████▍     | 4/9 [00:01<00:01,  3.75it/s]
 56%|█████▌    | 5/9 [00:01<00:00,  4.03it/s]
 67%|██████▋   | 6/9 [00:01<00:00,  4.02it/s]
 78%|███████▊  | 7/9 [00:01<00:00,  4.21it/s]
 89%|████████▉ | 8/9 [00:01<00:00,  4.39it/s]
100%|██████████| 9/9 [00:02<00:00,  4.53it/s]
                                             
{
  "profile": "power_utility_rate",
  "description": "Utility/power/defensive style proxy for 中国核电",
  "sample_rows": 1541,
  "merged_rows": 1541,
  "raw_rows": 2037,
  "raw_date_min": "2018-01-02",
  "raw_date_max": "2026-05-29",
  "lag_days_legacy": null,
  "lag_policy": {
    "domestic": 0,
    "futures": 1,
    "us": 1
  },
  "enable_us_yf": false,
  "feature_cols": 360,
  "source_meta": {
    "profile": {
      "key": "power_utility_rate",
      "prefix": "pur",
      "description": "Utility/power/defensive style proxy for 中国核电",
      "stocks": [
        "003816",
        "600900",
        "600025",
        "600011",
        "601991",
        "601611"
      ],
      "etfs": [
        "512890",
        "159611",
        "516260"
      ],
      "futures": [
        "ZC0"
      ],
      "boards": [
        "电力",
        "燃气"
      ],
      "us_tickers": []
    },
    "used": {
      "stocks": [
        "003816",
        "600900",
        "600025",
        "600011",
        "601991",
        "601611"
      ],
      "etfs": [
        "512890",
        "159611",
        "516260"
      ],
      "futures": [
        "ZC0"
      ],
      "boards": [
        "电力",
        "燃气"
      ],
      "us_yf": []
    },
    "start_date": "20180101",
    "end_date": "20260531",
    "target_symbol_excluded": "002128",
    "em_sources_used": false,
    "baostock_cache_dir": "/root/stock_realtime_v021_full/saved_data/002128_pipeline_out/04_external/power_utility_rate/baostock_external_cache",
    "us_yfinance_enabled": false
  },
  "errors": {},
  "top_missing": {
    "pur_etf_512890_range_pct_ret60": 0.9772874756651525,
    "pur_etf_basket_close_ret60": 0.9772874756651525,
    "pur_etf_516260_close_ret60": 0.9772874756651525,
    "pur_etf_159611_close_ret60": 0.9772874756651525,
    "pur_etf_516260_range_pct_ret60": 0.9772874756651525,
    "pur_etf_159611_range_pct_ret60": 0.9772874756651525,
    "pur_etf_512890_close_ret60": 0.9772874756651525,
    "pur_etf_159611_range_pct_z60": 0.9513303049967553,
    "pur_etf_512890_range_pct_ret20": 0.9513303049967553,
    "pur_etf_512890_close_z60": 0.9513303049967553,
    "pur_etf_basket_close_ret20": 0.9513303049967553,
    "pur_etf_159611_range_pct_ret20": 0.9513303049967553,
    "pur_etf_516260_close_ret20": 0.9513303049967553,
    "pur_etf_basket_close_z60": 0.9513303049967553,
    "pur_etf_516260_range_pct_z60": 0.9513303049967553,
    "pur_etf_512890_range_pct_z60": 0.9513303049967553,
    "pur_etf_159611_close_ret20": 0.9513303049967553,
    "pur_etf_512890_close_ret20": 0.9513303049967553,
    "pur_etf_516260_close_z60": 0.9513303049967553,
    "pur_etf_516260_range_pct_ret20": 0.9513303049967553,
    "pur_etf_159611_close_z60": 0.9513303049967553,
    "pur_stock_vs_etf_basket_ret20": 0.9513303049967553,
    "pur_etf_516260_close_vol20": 0.945489941596366,
    "pur_etf_512890_close_vol20": 0.945489941596366,
    "pur_etf_159611_close_vol20": 0.945489941596366,
    "pur_etf_basket_close_vol20": 0.945489941596366,
    "pur_etf_159611_range_pct_z20": 0.9448410123296561,
    "pur_etf_159611_range_pct_ma20_gap": 0.9448410123296561,
    "pur_etf_516260_close_z20": 0.9448410123296561,
    "pur_etf_159611_volume_z20": 0.9448410123296561,
    "pur_etf_159611_close_z20": 0.9448410123296561,
    "pur_etf_159611_close_ma20_gap": 0.9448410123296561,
    "pur_etf_516260_close_ma20_gap": 0.9448410123296561,
    "pur_etf_516260_range_pct_ma20_gap": 0.9448410123296561,
    "pur_etf_516260_range_pct_z20": 0.9448410123296561,
    "pur_etf_512890_close_ma20_gap": 0.9448410123296561,
    "pur_etf_516260_volume_shock20": 0.9448410123296561,
    "pur_etf_516260_volume_z20": 0.9448410123296561,
    "pur_etf_512890_range_pct_z20": 0.9448410123296561,
    "pur_etf_512890_range_pct_ma20_gap": 0.9448410123296561,
    "pur_etf_basket_close_z20": 0.9448410123296561,
    "pur_etf_512890_volume_shock20": 0.9448410123296561,
    "pur_etf_basket_close_ma20_gap": 0.9448410123296561,
    "pur_etf_512890_volume_z20": 0.9448410123296561,
    "pur_etf_512890_close_z20": 0.9448410123296561,
    "pur_etf_159611_volume_shock20": 0.9448410123296561,
    "pur_etf_512890_range_pct_ret5": 0.9415963659961064,
    "pur_etf_516260_range_pct_ret5": 0.9415963659961064,
    "pur_etf_516260_close_ret5": 0.9415963659961064,
    "pur_etf_basket_close_ret5": 0.9415963659961064
  },
  "outputs": {
    "features": "/root/stock_realtime_v021_full/saved_data/002128_pipeline_out/04_external/power_utility_rate/stock_external_features_power_utility_rate.csv",
    "merged_samples": "/root/stock_realtime_v021_full/saved_data/002128_pipeline_out/04_external/power_utility_rate/training_samples_with_power_utility_rate_external.csv",
    "report": "/root/stock_realtime_v021_full/saved_data/002128_pipeline_out/04_external/power_utility_rate/validation_report.json"
  }
}
logout success!
[INFO] final samples for search: /root/stock_realtime_v021_full/saved_data/002128_pipeline_out/04_external/power_utility_rate/training_samples_with_power_utility_rate_external.csv
=== nextday pipeline end: 2026-05-31T01:31:40 status=ok ===
