=== nextday pipeline start: 2026-05-25T00:53:17 ===
symbol=603308.SH, out_root=C:\Users\23853\PycharmProjects\stock_realtime_v021_full\saved_data\asof1455_v1\603308_pipeline_out

[2026-05-25T00:53:17] RUN update_data
  'C:\Users\23853\PycharmProjects\stock_realtime_v021_full\.venv\Scripts\python.exe' bootstrap/ashare_xgb_dual_opportunity_regression_baostock_full_v19_compressed_trading_axis.py --mode update_data --symbol 603308 --benchmark_symbol 000300 --daily_start 2018-01-01 --daily_end 2026-05-21 --intraday_start '2018-01-01 09:30:00' --intraday_end '2026-05-21 15:00:00' --output_dir 'C:\Users\23853\PycharmProjects\stock_realtime_v021_full\saved_data\asof1455_v1\603308_pipeline_out\00_base' --cache_mode incremental --feature_cache_mode incremental --adjust qfq
login success!
logout success!
login success!
logout success!
login success!
logout success!
{
  "mode": "update_data",
  "symbol": "603308",
  "data_source": "baostock",
  "daily_rows": 2031,
  "intraday_rows": 74112,
  "daily_min": "2018-01-02 00:00:00",
  "daily_max": "2026-05-21 00:00:00",
  "intraday_min": "2020-01-02 09:35:00",
  "intraday_max": "2026-05-21 15:00:00",
  "base_paths": {
    "daily_csv": "C:\\Users\\23853\\PycharmProjects\\stock_realtime_v021_full\\saved_data\\asof1455_v1\\603308_pipeline_out\\00_base\\603308_daily.csv",
    "intraday_csv": "C:\\Users\\23853\\PycharmProjects\\stock_realtime_v021_full\\saved_data\\asof1455_v1\\603308_pipeline_out\\00_base\\603308_5m.csv",
    "benchmark_csv": "C:\\Users\\23853\\PycharmProjects\\stock_realtime_v021_full\\saved_data\\asof1455_v1\\603308_pipeline_out\\00_base\\000300_benchmark_daily.csv",
    "raw_daily_cache_csv": "C:\\Users\\23853\\PycharmProjects\\stock_realtime_v021_full\\saved_data\\asof1455_v1\\603308_pipeline_out\\00_base\\raw_cache\\603308_daily_raw.csv",
    "raw_intraday_cache_csv": "C:\\Users\\23853\\PycharmProjects\\stock_realtime_v021_full\\saved_data\\asof1455_v1\\603308_pipeline_out\\00_base\\raw_cache\\603308_5m_raw.csv",
    "raw_benchmark_cache_csv": "C:\\Users\\23853\\PycharmProjects\\stock_realtime_v021_full\\saved_data\\asof1455_v1\\603308_pipeline_out\\00_base\\raw_cache\\000300_benchmark_daily_raw.csv",
    "daily_features_csv": "C:\\Users\\23853\\PycharmProjects\\stock_realtime_v021_full\\saved_data\\asof1455_v1\\603308_pipeline_out\\00_base\\daily_features.csv",
    "intraday_features_csv": "C:\\Users\\23853\\PycharmProjects\\stock_realtime_v021_full\\saved_data\\asof1455_v1\\603308_pipeline_out\\00_base\\intraday_features.csv",
    "daily_features_cache_csv": "C:\\Users\\23853\\PycharmProjects\\stock_realtime_v021_full\\saved_data\\asof1455_v1\\603308_pipeline_out\\00_base\\feature_cache\\daily_features_cache.csv",
    "intraday_features_cache_csv": "C:\\Users\\23853\\PycharmProjects\\stock_realtime_v021_full\\saved_data\\asof1455_v1\\603308_pipeline_out\\00_base\\feature_cache\\intraday_features_cache.csv",
    "feature_state_json": "C:\\Users\\23853\\PycharmProjects\\stock_realtime_v021_full\\saved_data\\asof1455_v1\\603308_pipeline_out\\00_base\\feature_cache\\feature_state.json"
  },
  "fetch_logs": {
    "symbol": "603308",
    "benchmark_symbol": "000300",
    "daily_start": "2018-01-01",
    "daily_end": "2026-05-21",
    "intraday_start": "2018-01-01 09:30:00",
    "intraday_end": "2026-05-21 15:00:00",
    "perf_start": "2018-01-01",
    "data_source": "baostock",
    "cache_mode": "incremental",
    "force_refresh": false,
    "raw_cache_dir": "C:\\Users\\23853\\PycharmProjects\\stock_realtime_v021_full\\saved_data\\asof1455_v1\\603308_pipeline_out\\00_base\\raw_cache",
    "feature_cache_dir": "C:\\Users\\23853\\PycharmProjects\\stock_realtime_v021_full\\saved_data\\asof1455_v1\\603308_pipeline_out\\00_base\\feature_cache",
    "feature_cache_mode": "incremental",
    "daily": {
      "cache_path": "C:\\Users\\23853\\PycharmProjects\\stock_realtime_v021_full\\saved_data\\asof1455_v1\\603308_pipeline_out\\00_base\\raw_cache\\603308_daily_raw.csv",
      "requested_start": "2018-01-01",
      "requested_end": "2026-05-21",
      "mode": "initial_fetch",
      "fetch_segments": [
        {
          "provider": "baostock",
          "code": "sh.603308",
          "adjustflag": "2",
          "rows": 2031,
          "start": "2018-01-01",
          "end": "2026-05-21"
        }
      ],
      "cache_after": {
        "rows": 2031,
        "min": "2018-01-02 00:00:00",
        "max": "2026-05-21 00:00:00"
      }
    },
    "intraday_5m": {
      "cache_path": "C:\\Users\\23853\\PycharmProjects\\stock_realtime_v021_full\\saved_data\\asof1455_v1\\603308_pipeline_out\\00_base\\raw_cache\\603308_5m_raw.csv",
      "requested_start": "2018-01-01 09:30:00",
      "requested_end": "2026-05-21 15:00:00",
      "mode": "initial_fetch",
      "fetch_segments": [
        {
          "provider": "baostock",
          "code": "sh.603308",
          "adjustflag": "2",
          "requested_start": "2018-01-01 09:30:00",
          "effective_start": "2018-01-01 09:30:00",
          "requested_end": "2026-05-21 15:00:00",
          "rows": 74112
        }
      ],
      "cache_after": {
        "rows": 74112,
        "min": "2020-01-02 09:35:00",
        "max": "2026-05-21 15:00:00"
      }
    },
    "benchmark_daily": {
      "cache_path": "C:\\Users\\23853\\PycharmProjects\\stock_realtime_v021_full\\saved_data\\asof1455_v1\\603308_pipeline_out\\00_base\\raw_cache\\000300_benchmark_daily_raw.csv",
      "requested_start": "2018-01-01",
      "requested_end": "2026-05-21",
      "mode": "initial_fetch",
      "fetch_segments": [
        {
          "provider": "baostock",
          "code": "sh.000300",
          "rows": 2031,
          "start": "2018-01-01",
          "end": "2026-05-21"
        }
      ],
      "cache_after": {
        "rows": 2031,
        "min": "2018-01-02 00:00:00",
        "max": "2026-05-21 00:00:00"
      }
    },
    "feature_build": {
      "mode": "full_rebuild",
      "reason": "feature_cache_missing",
      "daily_cache_after": {
        "rows": 2031,
        "min": "2018-01-02 00:00:00",
        "max": "2026-05-21 00:00:00"
      },
      "intraday_cache_after": {
        "rows": 74112,
        "min": "2020-01-02 09:35:00",
        "max": "2026-05-21 15:00:00"
      },
      "daily_context_days": 260,
      "intraday_context_days": 40,
      "daily_appended_rows": 2031,
      "intraday_appended_rows": 74112
    },
    "feature_state": {
      "daily_feature_max": "2026-05-21 00:00:00",
      "intraday_feature_max": "2026-05-21 15:00:00",
      "daily_context_days": 260,
      "intraday_context_days": 40,
      "feature_build_mode": "full_rebuild"
    }
  }
}

[2026-05-25T00:55:51] RUN samples
  'C:\Users\23853\PycharmProjects\stock_realtime_v021_full\.venv\Scripts\python.exe' feature_building/build_nextday_samples_from_baostock.py --daily-features 'C:\Users\23853\PycharmProjects\stock_realtime_v021_full\saved_data\asof1455_v1\603308_pipeline_out\00_base\daily_features.csv' --intraday-bars 'C:\Users\23853\PycharmProjects\stock_realtime_v021_full\saved_data\asof1455_v1\603308_pipeline_out\00_base\603308_5m.csv' --out-dir 'C:\Users\23853\PycharmProjects\stock_realtime_v021_full\saved_data\asof1455_v1\603308_pipeline_out\01_samples' --min-bars 40
{
  "rows": 1543,
  "date_min": "2020-01-02",
  "date_max": "2026-05-20",
  "out": "C:\\Users\\23853\\PycharmProjects\\stock_realtime_v021_full\\saved_data\\asof1455_v1\\603308_pipeline_out\\01_samples\\training_samples.csv"
}

[2026-05-25T00:55:53] RUN asof_samples
  'C:\Users\23853\PycharmProjects\stock_realtime_v021_full\.venv\Scripts\python.exe' feature_building/build_asof1455_training_samples.py --samples 'C:\Users\23853\PycharmProjects\stock_realtime_v021_full\saved_data\asof1455_v1\603308_pipeline_out\01_samples\training_samples.csv' --intraday-bars 'C:\Users\23853\PycharmProjects\stock_realtime_v021_full\saved_data\asof1455_v1\603308_pipeline_out\00_base\603308_5m.csv' --out-dir 'C:\Users\23853\PycharmProjects\stock_realtime_v021_full\saved_data\asof1455_v1\603308_pipeline_out\01_samples_asof1455' --cutoff-time 14:55 --min-bars 40
{
  "rows": 1543,
  "date_min": "2020-01-02",
  "date_max": "2026-05-20",
  "cutoff_time": "14:55",
  "min_bars": 40,
  "out": "C:\\Users\\23853\\PycharmProjects\\stock_realtime_v021_full\\saved_data\\asof1455_v1\\603308_pipeline_out\\01_samples_asof1455\\training_samples_asof1455.csv"
}

[2026-05-25T00:55:54] RUN fundamental
  'C:\Users\23853\PycharmProjects\stock_realtime_v021_full\.venv\Scripts\python.exe' feature_building/build_fundamental_features.py --symbol 603308.SH --daily-samples 'C:\Users\23853\PycharmProjects\stock_realtime_v021_full\saved_data\asof1455_v1\603308_pipeline_out\01_samples_asof1455\training_samples_asof1455.csv' --out-dir 'C:\Users\23853\PycharmProjects\stock_realtime_v021_full\saved_data\asof1455_v1\603308_pipeline_out\02_fundamental' --start-date 2018-01-01 --end-date 2026-05-21 --fallback-lag-days 120
login success!
logout success!
{
  "rows": 1543,
  "date_min": "2020-01-02",
  "date_max": "2026-05-20",
  "source_errors": [
    "stock_individual_fund_flow failed: ConnectionError: ('Connection aborted.', ConnectionResetError(10054, '远程主机强迫关闭了一个现有的连接。', None, 10054, None))"
  ],
  "top_missing_rates": {
    "profit_MBRevenue_chg4q": 0.7407647440051847,
    "profit_MBRevenue": 0.7226182760855476,
    "peTTM_rank252": 0.03823720025923526,
    "pbMRQ_rank252": 0.03823720025923526,
    "pcfNcfTTM_rank252": 0.03823720025923526,
    "psTTM_rank252": 0.03823720025923526,
    "growth_YOYNI_chg4q": 0.002592352559948153,
    "growth_YOYPNI_chg4q": 0.002592352559948153,
    "growth_YOYEPSBasic_chg4q": 0.002592352559948153,
    "dupont_dupontROE_chg4q": 0.002592352559948153,
    "cashflow_CAToAsset_chg4q": 0.002592352559948153,
    "cashflow_NCAToAsset_chg4q": 0.002592352559948153,
    "cashflow_tangibleAssetToAsset_chg4q": 0.002592352559948153,
    "cashflow_ebitToInterest_chg4q": 0.002592352559948153,
    "cashflow_CFOToOR_chg4q": 0.002592352559948153,
    "cashflow_CFOToNP_chg4q": 0.002592352559948153,
    "cashflow_CFOToGr_chg4q": 0.002592352559948153,
    "profit_npMargin_chg4q": 0.002592352559948153,
    "dupont_dupontAssetStoEquity_chg4q": 0.002592352559948153,
    "profit_roeAvg_chg4q": 0.002592352559948153,
    "solvency_currentRatio_chg4q": 0.002592352559948153,
    "solvency_quickRatio_chg4q": 0.002592352559948153,
    "solvency_cashRatio_chg4q": 0.002592352559948153,
    "solvency_YOYLiability_chg4q": 0.002592352559948153,
    "solvency_liabilityToAsset_chg4q": 0.002592352559948153,
    "dupont_dupontNitogr_chg4q": 0.002592352559948153,
    "dupont_dupontTaxBurden_chg4q": 0.002592352559948153,
    "dupont_dupontAssetTurn_chg4q": 0.002592352559948153,
    "dupont_dupontPnitoni_chg4q": 0.002592352559948153,
    "dupont_dupontIntburden_chg4q": 0.002592352559948153
  },
  "valuation_non_null": {
    "peTTM": 1543,
    "pbMRQ": 1543,
    "psTTM": 1543,
    "pcfNcfTTM": 1543
  },
  "future_effective_date_violations": 0,
  "rows_with_quarterly": 1543,
  "sample_rows": 1543,
  "quarterly_raw_rows": 37,
  "quarterly_used_pubDate_rows": 37,
  "quarterly_fallback_rows": 0,
  "elapsed_seconds": 68.133,
  "symbol": "603308",
  "baostock_code": "sh.603308",
  "valuation_rows": 2031,
  "fund_flow_rows": 0,
  "feature_columns": 89,
  "merged_columns": 179,
  "outputs": {
    "daily_valuation": "C:\\Users\\23853\\PycharmProjects\\stock_realtime_v021_full\\saved_data\\asof1455_v1\\603308_pipeline_out\\02_fundamental\\baostock_daily_valuation.csv",
    "quarterly_fundamentals": "C:\\Users\\23853\\PycharmProjects\\stock_realtime_v021_full\\saved_data\\asof1455_v1\\603308_pipeline_out\\02_fundamental\\baostock_quarterly_fundamentals_pit.csv",
    "fundamental_features": "C:\\Users\\23853\\PycharmProjects\\stock_realtime_v021_full\\saved_data\\asof1455_v1\\603308_pipeline_out\\02_fundamental\\fundamental_features.csv",
    "merged_samples": "C:\\Users\\23853\\PycharmProjects\\stock_realtime_v021_full\\saved_data\\asof1455_v1\\603308_pipeline_out\\02_fundamental\\training_samples_with_fundamentals.csv"
  }
}

[2026-05-25T00:57:03] RUN sector
  'C:\Users\23853\PycharmProjects\stock_realtime_v021_full\.venv\Scripts\python.exe' feature_building/build_sector_features.py --samples 'C:\Users\23853\PycharmProjects\stock_realtime_v021_full\saved_data\asof1455_v1\603308_pipeline_out\02_fundamental\training_samples_with_fundamentals.csv' --out-dir 'C:\Users\23853\PycharmProjects\stock_realtime_v021_full\saved_data\asof1455_v1\603308_pipeline_out\03_sector' --sector-symbol '通用设备' --start-date 2018-01-01 --end-date 2026-05-21

  0%|          | 0/9 [00:00<?, ?it/s]
 11%|█         | 1/9 [00:04<00:34,  4.33s/it]
 22%|██▏       | 2/9 [00:07<00:25,  3.59s/it]
 33%|███▎      | 3/9 [00:09<00:17,  2.95s/it]
 44%|████▍     | 4/9 [00:13<00:16,  3.25s/it]
 56%|█████▌    | 5/9 [00:16<00:12,  3.14s/it]
 67%|██████▋   | 6/9 [00:23<00:13,  4.47s/it]
 78%|███████▊  | 7/9 [00:26<00:08,  4.07s/it]
 89%|████████▉ | 8/9 [00:30<00:04,  4.13s/it]
100%|██████████| 9/9 [00:35<00:00,  4.41s/it]
                                             
{
  "sector_symbol": "通用设备",
  "sector_rows": 2031,
  "sector_date_min": "2018-01-02",
  "sector_date_max": "2026-05-21",
  "sample_rows": 1543,
  "merged_rows": 1543,
  "sector_feature_cols": 23,
  "top_missing": {
    "sector_ret60": 0.03888528839922229,
    "sector_ma60_gap": 0.019442644199611146,
    "stock_vs_sector_ret20": 0.012961762799740765,
    "sector_ret20": 0.012961762799740765,
    "sector_vol20": 0.007128969539857421,
    "sector_ma20_gap": 0.0064808813998703824,
    "sector_range_z20": 0.0064808813998703824,
    "sector_volume_shock20": 0.0064808813998703824,
    "sector_amount_z20": 0.0064808813998703824,
    "sector_volume_z20": 0.0064808813998703824,
    "sector_amount_shock20": 0.0064808813998703824,
    "sector_ret5": 0.0032404406999351912,
    "stock_vs_sector_ret5": 0.0032404406999351912,
    "sector_vs_bench_ret5": 0.0032404406999351912,
    "stock_vs_sector_ret1": 0.0006480881399870382,
    "sector_ret1": 0.0006480881399870382,
    "sector_amount": 0.0,
    "sector_volume": 0.0,
    "sector_close": 0.0,
    "sector_low": 0.0
  },
  "outputs": {
    "sector_index": "C:\\Users\\23853\\PycharmProjects\\stock_realtime_v021_full\\saved_data\\asof1455_v1\\603308_pipeline_out\\03_sector\\sector_index_ths.csv",
    "sector_features": "C:\\Users\\23853\\PycharmProjects\\stock_realtime_v021_full\\saved_data\\asof1455_v1\\603308_pipeline_out\\03_sector\\sector_features.csv",
    "merged_samples": "C:\\Users\\23853\\PycharmProjects\\stock_realtime_v021_full\\saved_data\\asof1455_v1\\603308_pipeline_out\\03_sector\\training_samples_with_sector.csv"
  }
}

[2026-05-25T00:57:45] RUN external_aero_nuclear_equipment
  'C:\Users\23853\PycharmProjects\stock_realtime_v021_full\.venv\Scripts\python.exe' feature_building/build_stock_external_features.py --samples 'C:\Users\23853\PycharmProjects\stock_realtime_v021_full\saved_data\asof1455_v1\603308_pipeline_out\03_sector\training_samples_with_sector.csv' --out-dir 'C:\Users\23853\PycharmProjects\stock_realtime_v021_full\saved_data\asof1455_v1\603308_pipeline_out\04_external\aero_nuclear_equipment' --profile aero_nuclear_equipment --target-symbol 603308.SH --start-date 2018-01-01 --end-date 2026-05-21 --adjust qfq --domestic-lag-days 0 --future-lag-days 1 --us-lag-days 1
login success!

  0%|          | 0/9 [00:00<?, ?it/s]
 11%|█         | 1/9 [00:03<00:25,  3.25s/it]
 22%|██▏       | 2/9 [00:05<00:18,  2.61s/it]
 33%|███▎      | 3/9 [00:09<00:18,  3.06s/it]
 44%|████▍     | 4/9 [00:11<00:13,  2.73s/it]
 56%|█████▌    | 5/9 [00:13<00:10,  2.64s/it]
 67%|██████▋   | 6/9 [00:15<00:07,  2.51s/it]
 78%|███████▊  | 7/9 [00:19<00:05,  2.86s/it]
 89%|████████▉ | 8/9 [00:22<00:02,  2.89s/it]
100%|██████████| 9/9 [00:25<00:00,  2.96s/it]
                                             

  0%|          | 0/9 [00:00<?, ?it/s]
 11%|█         | 1/9 [00:05<00:41,  5.21s/it]
 22%|██▏       | 2/9 [00:08<00:27,  3.89s/it]
 33%|███▎      | 3/9 [00:12<00:23,  3.93s/it]
 44%|████▍     | 4/9 [00:16<00:21,  4.29s/it]
 56%|█████▌    | 5/9 [00:21<00:16,  4.21s/it]
 67%|██████▋   | 6/9 [00:23<00:11,  3.74s/it]
                                             

  0%|          | 0/9 [00:00<?, ?it/s]
 11%|█         | 1/9 [00:02<00:18,  2.35s/it]
 22%|██▏       | 2/9 [00:05<00:19,  2.72s/it]
 33%|███▎      | 3/9 [00:07<00:14,  2.45s/it]
 44%|████▍     | 4/9 [00:10<00:12,  2.49s/it]
 56%|█████▌    | 5/9 [00:12<00:10,  2.52s/it]
 67%|██████▋   | 6/9 [00:14<00:07,  2.42s/it]
 78%|███████▊  | 7/9 [00:18<00:05,  2.70s/it]
 89%|████████▉ | 8/9 [00:20<00:02,  2.63s/it]
100%|██████████| 9/9 [00:22<00:00,  2.53s/it]
                                             

  0%|          | 0/9 [00:00<?, ?it/s]
 11%|█         | 1/9 [00:02<00:17,  2.24s/it]
 22%|██▏       | 2/9 [00:04<00:15,  2.25s/it]
 33%|███▎      | 3/9 [00:06<00:13,  2.25s/it]
 44%|████▍     | 4/9 [00:09<00:12,  2.41s/it]
 56%|█████▌    | 5/9 [00:11<00:09,  2.32s/it]
 67%|██████▋   | 6/9 [00:13<00:07,  2.35s/it]
 78%|███████▊  | 7/9 [00:16<00:04,  2.32s/it]
 89%|████████▉ | 8/9 [00:18<00:02,  2.28s/it]
100%|██████████| 9/9 [00:20<00:00,  2.36s/it]
                                             
{
  "profile": "aero_nuclear_equipment",
  "description": "Aero-engine/military/nuclear-equipment/high-alloy proxy for 应流股份",
  "sample_rows": 1543,
  "merged_rows": 1543,
  "raw_rows": 2031,
  "raw_date_min": "2018-01-02",
  "raw_date_max": "2026-05-21",
  "lag_days_legacy": null,
  "lag_policy": {
    "domestic": 0,
    "futures": 1,
    "us": 1
  },
  "enable_us_yf": false,
  "feature_cols": 471,
  "source_meta": {
    "profile": {
      "key": "aero_nuclear_equipment",
      "prefix": "ane",
      "description": "Aero-engine/military/nuclear-equipment/high-alloy proxy for 应流股份",
      "stocks": [
        "600893",
        "600765",
        "000768",
        "003816",
        "601985",
        "601611",
        "300034"
      ],
      "etfs": [
        "512660",
        "512670",
        "512710"
      ],
      "futures": [
        "NI0",
        "SS0",
        "AL0"
      ],
      "boards": [
        "军工装备",
        "军工电子",
        "通用设备",
        "专用设备"
      ],
      "us_tickers": []
    },
    "used": {
      "stocks": [
        "600893",
        "600765",
        "000768",
        "003816",
        "601985",
        "601611",
        "300034"
      ],
      "etfs": [
        "512660",
        "512670",
        "512710"
      ],
      "futures": [
        "NI0",
        "SS0",
        "AL0"
      ],
      "boards": [
        "军工装备",
        "通用设备",
        "专用设备"
      ],
      "us_yf": []
    },
    "start_date": "20180101",
    "end_date": "20260521",
    "target_symbol_excluded": "603308",
    "em_sources_used": false,
    "baostock_cache_dir": "C:\\Users\\23853\\PycharmProjects\\stock_realtime_v021_full\\saved_data\\asof1455_v1\\603308_pipeline_out\\04_external\\aero_nuclear_equipment\\baostock_external_cache",
    "us_yfinance_enabled": false
  },
  "errors": {
    "board_军工电子": "stock_board_industry_index_ths: ProxyError: HTTPSConnectionPool(host='d.10jqka.com.cn', port=443): Max retries exceeded with url: /v4/line/bk_881276/01/2024.js (Caused by ProxyError('Unable to connect to proxy', RemoteDisconnected('Remote end closed connection without response'))) | stock_board_concept_hist_ths: not_available"
  },
  "top_missing": {
    "ane_etf_basket_close_ret60": 0.981853532080363,
    "ane_etf_512710_range_pct_ret60": 0.981853532080363,
    "ane_etf_512660_range_pct_ret60": 0.981853532080363,
    "ane_etf_512670_range_pct_ret60": 0.981853532080363,
    "ane_etf_512670_close_ret60": 0.981853532080363,
    "ane_etf_512660_close_ret60": 0.981853532080363,
    "ane_etf_512710_close_ret60": 0.981853532080363,
    "ane_etf_basket_close_z60": 0.9559300064808814,
    "ane_etf_512710_close_z60": 0.9559300064808814,
    "ane_etf_512710_range_pct_ret20": 0.9559300064808814,
    "ane_etf_512670_range_pct_z60": 0.9559300064808814,
    "ane_etf_512710_close_ret20": 0.9559300064808814,
    "ane_etf_512670_range_pct_ret20": 0.9559300064808814,
    "ane_etf_512660_range_pct_ret20": 0.9559300064808814,
    "ane_etf_512660_close_ret20": 0.9559300064808814,
    "ane_stock_vs_etf_basket_ret20": 0.9559300064808814,
    "ane_etf_512660_range_pct_z60": 0.9559300064808814,
    "ane_etf_512660_close_z60": 0.9559300064808814,
    "ane_etf_512710_range_pct_z60": 0.9559300064808814,
    "ane_etf_512670_close_ret20": 0.9559300064808814,
    "ane_etf_512670_close_z60": 0.9559300064808814,
    "ane_etf_basket_close_ret20": 0.9559300064808814,
    "ane_etf_512670_close_vol20": 0.950097213220998,
    "ane_etf_basket_close_vol20": 0.950097213220998,
    "ane_etf_512710_close_vol20": 0.950097213220998,
    "ane_etf_512660_close_vol20": 0.950097213220998,
    "ane_etf_basket_close_z20": 0.949449125081011,
    "ane_etf_512660_range_pct_z20": 0.949449125081011,
    "ane_etf_512660_range_pct_ma20_gap": 0.949449125081011,
    "ane_etf_512670_volume_shock20": 0.949449125081011,
    "ane_etf_512660_close_ma20_gap": 0.949449125081011,
    "ane_etf_512660_volume_z20": 0.949449125081011,
    "ane_etf_512660_volume_shock20": 0.949449125081011,
    "ane_etf_512710_volume_z20": 0.949449125081011,
    "ane_etf_512710_volume_shock20": 0.949449125081011,
    "ane_etf_512710_range_pct_z20": 0.949449125081011,
    "ane_etf_512710_range_pct_ma20_gap": 0.949449125081011,
    "ane_etf_basket_close_ma20_gap": 0.949449125081011,
    "ane_etf_512710_close_ma20_gap": 0.949449125081011,
    "ane_etf_512710_close_z20": 0.949449125081011,
    "ane_etf_512670_range_pct_ma20_gap": 0.949449125081011,
    "ane_etf_512670_range_pct_z20": 0.949449125081011,
    "ane_etf_512670_volume_z20": 0.949449125081011,
    "ane_etf_512670_close_ma20_gap": 0.949449125081011,
    "ane_etf_512670_close_z20": 0.949449125081011,
    "ane_etf_512660_close_z20": 0.949449125081011,
    "ane_etf_512670_close_ret5": 0.9462086843810759,
    "ane_etf_512710_range_pct_ret5": 0.9462086843810759,
    "ane_etf_basket_close_ret5": 0.9462086843810759,
    "ane_etf_512660_close_ret5": 0.9462086843810759
  },
  "outputs": {
    "features": "C:\\Users\\23853\\PycharmProjects\\stock_realtime_v021_full\\saved_data\\asof1455_v1\\603308_pipeline_out\\04_external\\aero_nuclear_equipment\\stock_external_features_aero_nuclear_equipment.csv",
    "merged_samples": "C:\\Users\\23853\\PycharmProjects\\stock_realtime_v021_full\\saved_data\\asof1455_v1\\603308_pipeline_out\\04_external\\aero_nuclear_equipment\\training_samples_with_aero_nuclear_equipment_external.csv",
    "report": "C:\\Users\\23853\\PycharmProjects\\stock_realtime_v021_full\\saved_data\\asof1455_v1\\603308_pipeline_out\\04_external\\aero_nuclear_equipment\\validation_report.json"
  }
}
[WinError 10060] 由于连接方在一段时间后没有正确答复或连接的主机没有反应，连接尝试失败。
接收数据异常，请稍后再试。
[INFO] final samples for search: C:\Users\23853\PycharmProjects\stock_realtime_v021_full\saved_data\asof1455_v1\603308_pipeline_out\04_external\aero_nuclear_equipment\training_samples_with_aero_nuclear_equipment_external.csv

[2026-05-25T01:05:11] RUN search_vwap_low_hit_50bps
  'C:\Users\23853\PycharmProjects\stock_realtime_v021_full\.venv\Scripts\python.exe' model_training/search_walk_forward_model_complexity.py --samples 'C:\Users\23853\PycharmProjects\stock_realtime_v021_full\saved_data\asof1455_v1\603308_pipeline_out\04_external\aero_nuclear_equipment\training_samples_with_aero_nuclear_equipment_external.csv' --intraday-bars 'C:\Users\23853\PycharmProjects\stock_realtime_v021_full\saved_data\asof1455_v1\603308_pipeline_out\00_base\603308_5m.csv' --out-dir 'C:\Users\23853\PycharmProjects\stock_realtime_v021_full\saved_data\asof1455_v1\603308_pipeline_out\10_search\search_vwap_low_hit_50bps' --round-trip-cost-bps 1.7 --target-hit-bps 50.0 --label-mode hit --entry-policy vwap_low --entry-vwap-premium-bps 50.0 --feature-time-mode asof1455 --feature-cutoff-time 14:55 --max-missing 0.35 --groups all_no_ak --models xgb_d3_400_lr003_mcw3,extra_trees_600_d3,lgbm_leaves7_400 --quantiles 0.5,0.6,0.7,0.8 --train-rows 756 --valid-rows 126 --test-rows 63 --min-valid-trades 8 --min-train-entries 80
{
  "rows": 1543,
  "target_hit_bps": 50.0,
  "label_mode": "hit",
  "entry_policy": "vwap_low",
  "entry_vwap_premium_bps": 50.0,
  "feature_time_mode": "asof1455",
  "feature_cutoff_time": "14:55",
  "groups": {
    "all_no_ak": 164
  },
  "models": [
    "xgb_d3_400_lr003_mcw3",
    "extra_trees_600_d3",
    "lgbm_leaves7_400"
  ],
  "top": [
    {
      "entry_policy": "vwap_low",
      "feature_group": "all_no_ak",
      "model_name": "xgb_d3_400_lr003_mcw3",
      "target_hit_bps": 50.0,
      "trades": 142,
      "win_rate": 0.823943661971831,
      "avg_return": -0.0006766232648454642,
      "median_return": 0.005,
      "compound_return": -0.10622681395894817,
      "max_drawdown": -0.28119025163655675,
      "profit_factor": 0.8589292996950212,
      "windows": 10
    },
    {
      "entry_policy": "vwap_low",
      "feature_group": "all_no_ak",
      "model_name": "lgbm_leaves7_400",
      "target_hit_bps": 50.0,
      "trades": 120,
      "win_rate": 0.8166666666666667,
      "avg_return": -0.0018880357913087446,
      "median_return": 0.005,
      "compound_return": -0.21699914001049614,
      "max_drawdown": -0.2774196717029921,
      "profit_factor": 0.6838186097862584,
      "windows": 10
    },
    {
      "entry_policy": "vwap_low",
      "feature_group": "all_no_ak",
      "model_name": "extra_trees_600_d3",
      "target_hit_bps": 50.0,
      "trades": 221,
      "win_rate": 0.8099547511312217,
      "avg_return": -0.0010378098625647887,
      "median_return": 0.005,
      "compound_return": -0.22467837746914532,
      "max_drawdown": -0.31820464424840145,
      "profit_factor": 0.7960112421842208,
      "windows": 10
    }
  ]
}

[2026-05-25T01:05:36] RUN search_vwap_low_hit_80bps
  'C:\Users\23853\PycharmProjects\stock_realtime_v021_full\.venv\Scripts\python.exe' model_training/search_walk_forward_model_complexity.py --samples 'C:\Users\23853\PycharmProjects\stock_realtime_v021_full\saved_data\asof1455_v1\603308_pipeline_out\04_external\aero_nuclear_equipment\training_samples_with_aero_nuclear_equipment_external.csv' --intraday-bars 'C:\Users\23853\PycharmProjects\stock_realtime_v021_full\saved_data\asof1455_v1\603308_pipeline_out\00_base\603308_5m.csv' --out-dir 'C:\Users\23853\PycharmProjects\stock_realtime_v021_full\saved_data\asof1455_v1\603308_pipeline_out\10_search\search_vwap_low_hit_80bps' --round-trip-cost-bps 1.7 --target-hit-bps 80.0 --label-mode hit --entry-policy vwap_low --entry-vwap-premium-bps 50.0 --feature-time-mode asof1455 --feature-cutoff-time 14:55 --max-missing 0.35 --groups all_no_ak --models xgb_d3_400_lr003_mcw3,extra_trees_600_d3,lgbm_leaves7_400 --quantiles 0.5,0.6,0.7,0.8 --train-rows 756 --valid-rows 126 --test-rows 63 --min-valid-trades 8 --min-train-entries 80
{
  "rows": 1543,
  "target_hit_bps": 80.0,
  "label_mode": "hit",
  "entry_policy": "vwap_low",
  "entry_vwap_premium_bps": 50.0,
  "feature_time_mode": "asof1455",
  "feature_cutoff_time": "14:55",
  "groups": {
    "all_no_ak": 164
  },
  "models": [
    "xgb_d3_400_lr003_mcw3",
    "extra_trees_600_d3",
    "lgbm_leaves7_400"
  ],
  "top": [
    {
      "entry_policy": "vwap_low",
      "feature_group": "all_no_ak",
      "model_name": "xgb_d3_400_lr003_mcw3",
      "target_hit_bps": 80.0,
      "trades": 173,
      "win_rate": 0.7456647398843931,
      "avg_return": -0.0008093174491547479,
      "median_return": 0.008,
      "compound_return": -0.15360561704850206,
      "max_drawdown": -0.42515412295587407,
      "profit_factor": 0.8797704973248783,
      "windows": 10
    },
    {
      "entry_policy": "vwap_low",
      "feature_group": "all_no_ak",
      "model_name": "lgbm_leaves7_400",
      "target_hit_bps": 80.0,
      "trades": 205,
      "win_rate": 0.7365853658536585,
      "avg_return": -0.001124026812886058,
      "median_return": 0.008,
      "compound_return": -0.23168368783052717,
      "max_drawdown": -0.41575214326969134,
      "profit_factor": 0.8381252531275754,
      "windows": 10
    },
    {
      "entry_policy": "vwap_low",
      "feature_group": "all_no_ak",
      "model_name": "extra_trees_600_d3",
      "target_hit_bps": 80.0,
      "trades": 190,
      "win_rate": 0.7315789473684211,
      "avg_return": -0.0016172873159713715,
      "median_return": 0.008,
      "compound_return": -0.2883905716783832,
      "max_drawdown": -0.4906443308428916,
      "profit_factor": 0.7823138985598971,
      "windows": 10
    }
  ]
}

[2026-05-25T01:06:02] RUN search_vwap_low_close_profit_50bps
  'C:\Users\23853\PycharmProjects\stock_realtime_v021_full\.venv\Scripts\python.exe' model_training/search_walk_forward_model_complexity.py --samples 'C:\Users\23853\PycharmProjects\stock_realtime_v021_full\saved_data\asof1455_v1\603308_pipeline_out\04_external\aero_nuclear_equipment\training_samples_with_aero_nuclear_equipment_external.csv' --intraday-bars 'C:\Users\23853\PycharmProjects\stock_realtime_v021_full\saved_data\asof1455_v1\603308_pipeline_out\00_base\603308_5m.csv' --out-dir 'C:\Users\23853\PycharmProjects\stock_realtime_v021_full\saved_data\asof1455_v1\603308_pipeline_out\10_search\search_vwap_low_close_profit_50bps' --round-trip-cost-bps 1.7 --target-hit-bps 50.0 --label-mode close_profit --entry-policy vwap_low --entry-vwap-premium-bps 50.0 --feature-time-mode asof1455 --feature-cutoff-time 14:55 --max-missing 0.35 --groups all_no_ak --models xgb_d3_400_lr003_mcw3,extra_trees_600_d3,lgbm_leaves7_400 --quantiles 0.5,0.6,0.7,0.8 --train-rows 756 --valid-rows 126 --test-rows 63 --min-valid-trades 8 --min-train-entries 80
{
  "rows": 1543,
  "target_hit_bps": 50.0,
  "label_mode": "close_profit",
  "entry_policy": "vwap_low",
  "entry_vwap_premium_bps": 50.0,
  "feature_time_mode": "asof1455",
  "feature_cutoff_time": "14:55",
  "groups": {
    "all_no_ak": 164
  },
  "models": [
    "xgb_d3_400_lr003_mcw3",
    "extra_trees_600_d3",
    "lgbm_leaves7_400"
  ],
  "top": [
    {
      "entry_policy": "vwap_low",
      "feature_group": "all_no_ak",
      "model_name": "lgbm_leaves7_400",
      "target_hit_bps": 50.0,
      "trades": 139,
      "win_rate": 0.5611510791366906,
      "avg_return": 0.0037967090598830903,
      "median_return": 0.0019713276231263545,
      "compound_return": 0.5871592122480487,
      "max_drawdown": -0.19034954911215984,
      "profit_factor": 1.412222615485144,
      "windows": 10
    },
    {
      "entry_policy": "vwap_low",
      "feature_group": "all_no_ak",
      "model_name": "xgb_d3_400_lr003_mcw3",
      "target_hit_bps": 50.0,
      "trades": 191,
      "win_rate": 0.4973821989528796,
      "avg_return": 0.0007548031890616227,
      "median_return": -0.00016999999999999999,
      "compound_return": 0.07075377466122834,
      "max_drawdown": -0.35756904398816625,
      "profit_factor": 1.078328597723992,
      "windows": 10
    },
    {
      "entry_policy": "vwap_low",
      "feature_group": "all_no_ak",
      "model_name": "extra_trees_600_d3",
      "target_hit_bps": 50.0,
      "trades": 138,
      "win_rate": 0.47101449275362317,
      "avg_return": -0.0005338542515299302,
      "median_return": -0.0015902254620520605,
      "compound_return": -0.13539677446969234,
      "max_drawdown": -0.45478998184831176,
      "profit_factor": 0.9548009336195753,
      "windows": 10
    }
  ]
}

[2026-05-25T01:06:30] RUN search_all_days_hit_50bps
  'C:\Users\23853\PycharmProjects\stock_realtime_v021_full\.venv\Scripts\python.exe' model_training/search_walk_forward_model_complexity.py --samples 'C:\Users\23853\PycharmProjects\stock_realtime_v021_full\saved_data\asof1455_v1\603308_pipeline_out\04_external\aero_nuclear_equipment\training_samples_with_aero_nuclear_equipment_external.csv' --intraday-bars 'C:\Users\23853\PycharmProjects\stock_realtime_v021_full\saved_data\asof1455_v1\603308_pipeline_out\00_base\603308_5m.csv' --out-dir 'C:\Users\23853\PycharmProjects\stock_realtime_v021_full\saved_data\asof1455_v1\603308_pipeline_out\10_search\search_all_days_hit_50bps' --round-trip-cost-bps 1.7 --target-hit-bps 50.0 --label-mode hit --entry-policy all_days --entry-vwap-premium-bps 50.0 --feature-time-mode asof1455 --feature-cutoff-time 14:55 --max-missing 0.35 --groups all_no_ak --models xgb_d3_400_lr003_mcw3,extra_trees_600_d3,lgbm_leaves7_400 --quantiles 0.5,0.6,0.7,0.8 --train-rows 756 --valid-rows 126 --test-rows 63 --min-valid-trades 8 --min-train-entries 80
{
  "rows": 1543,
  "target_hit_bps": 50.0,
  "label_mode": "hit",
  "entry_policy": "all_days",
  "entry_vwap_premium_bps": 50.0,
  "feature_time_mode": "asof1455",
  "feature_cutoff_time": "14:55",
  "groups": {
    "all_no_ak": 164
  },
  "models": [
    "xgb_d3_400_lr003_mcw3",
    "extra_trees_600_d3",
    "lgbm_leaves7_400"
  ],
  "top": [
    {
      "entry_policy": "all_days",
      "feature_group": "all_no_ak",
      "model_name": "xgb_d3_400_lr003_mcw3",
      "target_hit_bps": 50.0,
      "trades": 215,
      "win_rate": 0.827906976744186,
      "avg_return": -0.0010810623927699301,
      "median_return": 0.005,
      "compound_return": -0.2277421203689035,
      "max_drawdown": -0.3190298034184381,
      "profit_factor": 0.7929236185985619,
      "windows": 10
    },
    {
      "entry_policy": "all_days",
      "feature_group": "all_no_ak",
      "model_name": "lgbm_leaves7_400",
      "target_hit_bps": 50.0,
      "trades": 172,
      "win_rate": 0.8081395348837209,
      "avg_return": -0.0017561284730540235,
      "median_return": 0.005,
      "compound_return": -0.27899405036637925,
      "max_drawdown": -0.32752701178995525,
      "profit_factor": 0.6970534515995996,
      "windows": 10
    },
    {
      "entry_policy": "all_days",
      "feature_group": "all_no_ak",
      "model_name": "extra_trees_600_d3",
      "target_hit_bps": 50.0,
      "trades": 323,
      "win_rate": 0.7894736842105263,
      "avg_return": -0.0021181148375465993,
      "median_return": 0.005,
      "compound_return": -0.5188365681994795,
      "max_drawdown": -0.542246160018321,
      "profit_factor": 0.6507920725782764,
      "windows": 10
    }
  ]
}

[2026-05-25T01:06:56] RUN search_all_days_hit_80bps
  'C:\Users\23853\PycharmProjects\stock_realtime_v021_full\.venv\Scripts\python.exe' model_training/search_walk_forward_model_complexity.py --samples 'C:\Users\23853\PycharmProjects\stock_realtime_v021_full\saved_data\asof1455_v1\603308_pipeline_out\04_external\aero_nuclear_equipment\training_samples_with_aero_nuclear_equipment_external.csv' --intraday-bars 'C:\Users\23853\PycharmProjects\stock_realtime_v021_full\saved_data\asof1455_v1\603308_pipeline_out\00_base\603308_5m.csv' --out-dir 'C:\Users\23853\PycharmProjects\stock_realtime_v021_full\saved_data\asof1455_v1\603308_pipeline_out\10_search\search_all_days_hit_80bps' --round-trip-cost-bps 1.7 --target-hit-bps 80.0 --label-mode hit --entry-policy all_days --entry-vwap-premium-bps 50.0 --feature-time-mode asof1455 --feature-cutoff-time 14:55 --max-missing 0.35 --groups all_no_ak --models xgb_d3_400_lr003_mcw3,extra_trees_600_d3,lgbm_leaves7_400 --quantiles 0.5,0.6,0.7,0.8 --train-rows 756 --valid-rows 126 --test-rows 63 --min-valid-trades 8 --min-train-entries 80
{
  "rows": 1543,
  "target_hit_bps": 80.0,
  "label_mode": "hit",
  "entry_policy": "all_days",
  "entry_vwap_premium_bps": 50.0,
  "feature_time_mode": "asof1455",
  "feature_cutoff_time": "14:55",
  "groups": {
    "all_no_ak": 164
  },
  "models": [
    "xgb_d3_400_lr003_mcw3",
    "extra_trees_600_d3",
    "lgbm_leaves7_400"
  ],
  "top": [
    {
      "entry_policy": "all_days",
      "feature_group": "all_no_ak",
      "model_name": "xgb_d3_400_lr003_mcw3",
      "target_hit_bps": 80.0,
      "trades": 221,
      "win_rate": 0.7737556561085973,
      "avg_return": 0.00017991278719458028,
      "median_return": 0.008,
      "compound_return": 0.008456168331548941,
      "max_drawdown": -0.3435084676796075,
      "profit_factor": 1.0302702451149282,
      "windows": 10
    },
    {
      "entry_policy": "all_days",
      "feature_group": "all_no_ak",
      "model_name": "lgbm_leaves7_400",
      "target_hit_bps": 80.0,
      "trades": 205,
      "win_rate": 0.7170731707317073,
      "avg_return": -0.0015119630482915566,
      "median_return": 0.008,
      "compound_return": -0.2910917835545537,
      "max_drawdown": -0.42546834830084856,
      "profit_factor": 0.7914116093449788,
      "windows": 10
    },
    {
      "entry_policy": "all_days",
      "feature_group": "all_no_ak",
      "model_name": "extra_trees_600_d3",
      "target_hit_bps": 80.0,
      "trades": 320,
      "win_rate": 0.740625,
      "avg_return": -0.001716431208627959,
      "median_return": 0.008,
      "compound_return": -0.4578753506392237,
      "max_drawdown": -0.51646921439211,
      "profit_factor": 0.7746697033771741,
      "windows": 10
    }
  ]
}

[2026-05-25T01:07:24] RUN search_all_days_close_profit_50bps
  'C:\Users\23853\PycharmProjects\stock_realtime_v021_full\.venv\Scripts\python.exe' model_training/search_walk_forward_model_complexity.py --samples 'C:\Users\23853\PycharmProjects\stock_realtime_v021_full\saved_data\asof1455_v1\603308_pipeline_out\04_external\aero_nuclear_equipment\training_samples_with_aero_nuclear_equipment_external.csv' --intraday-bars 'C:\Users\23853\PycharmProjects\stock_realtime_v021_full\saved_data\asof1455_v1\603308_pipeline_out\00_base\603308_5m.csv' --out-dir 'C:\Users\23853\PycharmProjects\stock_realtime_v021_full\saved_data\asof1455_v1\603308_pipeline_out\10_search\search_all_days_close_profit_50bps' --round-trip-cost-bps 1.7 --target-hit-bps 50.0 --label-mode close_profit --entry-policy all_days --entry-vwap-premium-bps 50.0 --feature-time-mode asof1455 --feature-cutoff-time 14:55 --max-missing 0.35 --groups all_no_ak --models xgb_d3_400_lr003_mcw3,extra_trees_600_d3,lgbm_leaves7_400 --quantiles 0.5,0.6,0.7,0.8 --train-rows 756 --valid-rows 126 --test-rows 63 --min-valid-trades 8 --min-train-entries 80
{
  "rows": 1543,
  "target_hit_bps": 50.0,
  "label_mode": "close_profit",
  "entry_policy": "all_days",
  "entry_vwap_premium_bps": 50.0,
  "feature_time_mode": "asof1455",
  "feature_cutoff_time": "14:55",
  "groups": {
    "all_no_ak": 164
  },
  "models": [
    "xgb_d3_400_lr003_mcw3",
    "extra_trees_600_d3",
    "lgbm_leaves7_400"
  ],
  "top": [
    {
      "entry_policy": "all_days",
      "feature_group": "all_no_ak",
      "model_name": "lgbm_leaves7_400",
      "target_hit_bps": 50.0,
      "trades": 199,
      "win_rate": 0.542713567839196,
      "avg_return": 0.004262285737249393,
      "median_return": 0.0019713276231263545,
      "compound_return": 1.131384597675221,
      "max_drawdown": -0.24337893682232847,
      "profit_factor": 1.4785039542689793,
      "windows": 10
    },
    {
      "entry_policy": "all_days",
      "feature_group": "all_no_ak",
      "model_name": "xgb_d3_400_lr003_mcw3",
      "target_hit_bps": 50.0,
      "trades": 200,
      "win_rate": 0.49,
      "avg_return": 0.0022192214069950383,
      "median_return": -0.00016999999999999999,
      "compound_return": 0.4475470599608091,
      "max_drawdown": -0.21881462492961246,
      "profit_factor": 1.2459876437072481,
      "windows": 10
    },
    {
      "entry_policy": "all_days",
      "feature_group": "all_no_ak",
      "model_name": "extra_trees_600_d3",
      "target_hit_bps": 50.0,
      "trades": 157,
      "win_rate": 0.5095541401273885,
      "avg_return": 0.002411863897582566,
      "median_return": 0.0005268641114981633,
      "compound_return": 0.3432480180925821,
      "max_drawdown": -0.42126990564809697,
      "profit_factor": 1.2213709175213385,
      "windows": 10
    }
  ]
}

[2026-05-25T01:07:53] RUN summarize
  'C:\Users\23853\PycharmProjects\stock_realtime_v021_full\.venv\Scripts\python.exe' model_training/summarize_nextday_search_results.py --pipeline-out 'C:\Users\23853\PycharmProjects\stock_realtime_v021_full\saved_data\asof1455_v1\603308_pipeline_out' --out-dir 'C:\Users\23853\PycharmProjects\stock_realtime_v021_full\saved_data\asof1455_v1\603308_pipeline_out\99_summary'
{
  "rows": 18,
  "outputs": {
    "final_leaderboard": "C:\\Users\\23853\\PycharmProjects\\stock_realtime_v021_full\\saved_data\\asof1455_v1\\603308_pipeline_out\\99_summary\\final_leaderboard.csv",
    "best_by_target_top5": "C:\\Users\\23853\\PycharmProjects\\stock_realtime_v021_full\\saved_data\\asof1455_v1\\603308_pipeline_out\\99_summary\\best_by_target_top5.csv",
    "best_by_entry_policy_top5": "C:\\Users\\23853\\PycharmProjects\\stock_realtime_v021_full\\saved_data\\asof1455_v1\\603308_pipeline_out\\99_summary\\best_by_entry_policy_top5.csv",
    "summary_manifest": "C:\\Users\\23853\\PycharmProjects\\stock_realtime_v021_full\\saved_data\\asof1455_v1\\603308_pipeline_out\\99_summary\\summary_manifest.json"
  }
}
=== nextday pipeline end: 2026-05-25T01:07:54 status=ok ===
