[START] 2026-06-02 12:39:47
[CMD] python3 scripts/search_single_target_asof1455_models.py --out-dir saved_data/single_target_asof1455_model_search_out/smoke_trainfit3 --models constant --feature-sets all --train-windows 504 --test-days 21 --embargo-days 1 --round-trip-cost-bps 1.7 --max-missing 0.70 --min-rows 600 --min-train-rows 252 --n-jobs 1 --sample-glob saved_data/\*\*/\*_pipeline_out/04_external/\*/training_samples_with_\*external\*.csv --sample-glob saved_data/\*\*/\*_pipeline_out/03_sector/training_samples_with_sector.csv --sample-glob saved_data/\*\*/\*_pipeline_out/02_fundamental/training_samples_with_fundamentals.csv --sample-glob saved_data/\*\*/\*_pipeline_out/01_samples_asof1455/training_samples_asof1455.csv --max-symbols 1
/usr/local/lib/python3.10/dist-packages/numpy/lib/_nanfunctions_impl.py:1231: RuntimeWarning: Mean of empty slice
  return np.nanmean(a, axis, out=out, keepdims=keepdims)
/usr/local/lib/python3.10/dist-packages/numpy/lib/_nanfunctions_impl.py:1231: RuntimeWarning: Mean of empty slice
  return np.nanmean(a, axis, out=out, keepdims=keepdims)
/usr/local/lib/python3.10/dist-packages/numpy/lib/_nanfunctions_impl.py:1231: RuntimeWarning: Mean of empty slice
  return np.nanmean(a, axis, out=out, keepdims=keepdims)
/usr/local/lib/python3.10/dist-packages/numpy/lib/_nanfunctions_impl.py:1231: RuntimeWarning: Mean of empty slice
  return np.nanmean(a, axis, out=out, keepdims=keepdims)
/usr/local/lib/python3.10/dist-packages/numpy/lib/_nanfunctions_impl.py:1231: RuntimeWarning: Mean of empty slice
  return np.nanmean(a, axis, out=out, keepdims=keepdims)
/usr/local/lib/python3.10/dist-packages/numpy/lib/_nanfunctions_impl.py:1231: RuntimeWarning: Mean of empty slice
  return np.nanmean(a, axis, out=out, keepdims=keepdims)
/usr/local/lib/python3.10/dist-packages/numpy/lib/_nanfunctions_impl.py:1231: RuntimeWarning: Mean of empty slice
  return np.nanmean(a, axis, out=out, keepdims=keepdims)
/usr/local/lib/python3.10/dist-packages/numpy/lib/_nanfunctions_impl.py:1231: RuntimeWarning: Mean of empty slice
  return np.nanmean(a, axis, out=out, keepdims=keepdims)
/usr/local/lib/python3.10/dist-packages/numpy/lib/_nanfunctions_impl.py:1231: RuntimeWarning: Mean of empty slice
  return np.nanmean(a, axis, out=out, keepdims=keepdims)
/usr/local/lib/python3.10/dist-packages/numpy/lib/_nanfunctions_impl.py:1231: RuntimeWarning: Mean of empty slice
  return np.nanmean(a, axis, out=out, keepdims=keepdims)
/usr/local/lib/python3.10/dist-packages/numpy/lib/_nanfunctions_impl.py:1231: RuntimeWarning: Mean of empty slice
  return np.nanmean(a, axis, out=out, keepdims=keepdims)
/usr/local/lib/python3.10/dist-packages/numpy/lib/_nanfunctions_impl.py:1231: RuntimeWarning: Mean of empty slice
  return np.nanmean(a, axis, out=out, keepdims=keepdims)
/usr/local/lib/python3.10/dist-packages/numpy/lib/_nanfunctions_impl.py:1231: RuntimeWarning: Mean of empty slice
  return np.nanmean(a, axis, out=out, keepdims=keepdims)
/usr/local/lib/python3.10/dist-packages/numpy/lib/_nanfunctions_impl.py:1231: RuntimeWarning: Mean of empty slice
  return np.nanmean(a, axis, out=out, keepdims=keepdims)
/usr/local/lib/python3.10/dist-packages/numpy/lib/_nanfunctions_impl.py:1231: RuntimeWarning: Mean of empty slice
  return np.nanmean(a, axis, out=out, keepdims=keepdims)
/usr/local/lib/python3.10/dist-packages/numpy/lib/_nanfunctions_impl.py:1231: RuntimeWarning: Mean of empty slice
  return np.nanmean(a, axis, out=out, keepdims=keepdims)
[INFO] samples=1 models=1 out_dir=saved_data/single_target_asof1455_model_search_out/smoke_trainfit3
[INFO] symbol_job 1/1 sample=saved_data/002270_pipeline_out/01_samples_asof1455/training_samples_asof1455.csv
[DONE] out_dir=saved_data/single_target_asof1455_model_search_out/smoke_trainfit3
[END] 2026-06-02 12:41:20 returncode=0
