

===== 2026-05-19 07:24:48 002270.SZ CMD: /usr/bin/python3 pipelines/run_nextday_pipeline.py --symbol 002270.SZ --sector-symbol 电网设备 --end-date 2026-05-19 --feature-pipeline fundamental,sector --only-stages update_data,samples,fundamental,sector --cache-mode incremental --feature-cache-mode incremental =====
{
  "status": "ok",
  "symbol": "002270.SZ",
  "out_root": "/root/stock_realtime_v021_full/saved_data/002270_pipeline_out",
  "final_samples": "/root/stock_realtime_v021_full/saved_data/002270_pipeline_out/03_sector/training_samples_with_sector.csv",
  "leaderboard": "/root/stock_realtime_v021_full/saved_data/002270_pipeline_out/99_summary/final_leaderboard.csv",
  "manifest": "/root/stock_realtime_v021_full/saved_data/002270_pipeline_out/pipeline_summary.json"
}


===== 2026-05-19 07:25:26 002311.SZ CMD: /usr/bin/python3 pipelines/run_nextday_pipeline.py --symbol 002311.SZ --sector-symbol 农产品加工 --end-date 2026-05-19 --feature-pipeline fundamental,sector --only-stages update_data,samples,fundamental,sector --cache-mode incremental --feature-cache-mode incremental =====
{
  "status": "ok",
  "symbol": "002311.SZ",
  "out_root": "/root/stock_realtime_v021_full/saved_data/002311_pipeline_out",
  "final_samples": "/root/stock_realtime_v021_full/saved_data/002311_pipeline_out/03_sector/training_samples_with_sector.csv",
  "leaderboard": "/root/stock_realtime_v021_full/saved_data/002311_pipeline_out/99_summary/final_leaderboard.csv",
  "manifest": "/root/stock_realtime_v021_full/saved_data/002311_pipeline_out/pipeline_summary.json"
}


===== 2026-05-19 07:26:04 002714.SZ CMD: /usr/bin/python3 pipelines/run_nextday_pipeline.py --symbol 002714.SZ --sector-symbol 养殖业 --end-date 2026-05-19 --feature-pipeline fundamental,sector --only-stages update_data,samples,fundamental,sector --cache-mode incremental --feature-cache-mode incremental =====
{
  "status": "ok",
  "symbol": "002714.SZ",
  "out_root": "/root/stock_realtime_v021_full/saved_data/002714_pipeline_out",
  "final_samples": "/root/stock_realtime_v021_full/saved_data/002714_pipeline_out/03_sector/training_samples_with_sector.csv",
  "leaderboard": "/root/stock_realtime_v021_full/saved_data/002714_pipeline_out/99_summary/final_leaderboard.csv",
  "manifest": "/root/stock_realtime_v021_full/saved_data/002714_pipeline_out/pipeline_summary.json"
}


===== 2026-05-19 07:26:43 600096.SH CMD: /usr/bin/python3 pipelines/run_nextday_pipeline.py --symbol 600096.SH --sector-symbol 农化制品 --end-date 2026-05-19 --feature-pipeline fundamental,sector --only-stages update_data,samples,fundamental,sector --cache-mode incremental --feature-cache-mode incremental =====
{
  "status": "ok",
  "symbol": "600096.SH",
  "out_root": "/root/stock_realtime_v021_full/saved_data/600096_pipeline_out",
  "final_samples": "/root/stock_realtime_v021_full/saved_data/600096_pipeline_out/03_sector/training_samples_with_sector.csv",
  "leaderboard": "/root/stock_realtime_v021_full/saved_data/600096_pipeline_out/99_summary/final_leaderboard.csv",
  "manifest": "/root/stock_realtime_v021_full/saved_data/600096_pipeline_out/pipeline_summary.json"
}


===== 2026-05-19 07:27:22 600276.SH CMD: /usr/bin/python3 pipelines/run_nextday_pipeline.py --symbol 600276.SH --sector-symbol 化学制药 --end-date 2026-05-19 --feature-pipeline fundamental,sector --only-stages update_data,samples,fundamental,sector --cache-mode incremental --feature-cache-mode incremental =====
{
  "status": "ok",
  "symbol": "600276.SH",
  "out_root": "/root/stock_realtime_v021_full/saved_data/600276_pipeline_out",
  "final_samples": "/root/stock_realtime_v021_full/saved_data/600276_pipeline_out/03_sector/training_samples_with_sector.csv",
  "leaderboard": "/root/stock_realtime_v021_full/saved_data/600276_pipeline_out/99_summary/final_leaderboard.csv",
  "manifest": "/root/stock_realtime_v021_full/saved_data/600276_pipeline_out/pipeline_summary.json"
}


===== 2026-05-19 07:28:07 600312.SH CMD: /usr/bin/python3 pipelines/run_nextday_pipeline.py --symbol 600312.SH --sector-symbol 电网设备 --end-date 2026-05-19 --feature-pipeline fundamental,sector --only-stages update_data,samples,fundamental,sector --cache-mode incremental --feature-cache-mode incremental =====
{
  "status": "ok",
  "symbol": "600312.SH",
  "out_root": "/root/stock_realtime_v021_full/saved_data/600312_pipeline_out",
  "final_samples": "/root/stock_realtime_v021_full/saved_data/600312_pipeline_out/03_sector/training_samples_with_sector.csv",
  "leaderboard": "/root/stock_realtime_v021_full/saved_data/600312_pipeline_out/99_summary/final_leaderboard.csv",
  "manifest": "/root/stock_realtime_v021_full/saved_data/600312_pipeline_out/pipeline_summary.json"
}


===== 2026-05-19 07:28:47 600487.SH CMD: /usr/bin/python3 pipelines/run_nextday_pipeline.py --symbol 600487.SH --sector-symbol 通信设备 --end-date 2026-05-19 --feature-pipeline fundamental,sector --only-stages update_data,samples,fundamental,sector,external_optical_cable_grid --external optical_cable_grid --cache-mode incremental --feature-cache-mode incremental =====
{
  "status": "ok",
  "symbol": "600487.SH",
  "out_root": "/root/stock_realtime_v021_full/saved_data/600487_pipeline_out",
  "final_samples": "/root/stock_realtime_v021_full/saved_data/600487_pipeline_out/04_external/optical_cable_grid/training_samples_with_optical_cable_grid_external.csv",
  "leaderboard": "/root/stock_realtime_v021_full/saved_data/600487_pipeline_out/99_summary/final_leaderboard.csv",
  "manifest": "/root/stock_realtime_v021_full/saved_data/600487_pipeline_out/pipeline_summary.json"
}


===== 2026-05-19 07:29:47 600522.SH CMD: /usr/bin/python3 pipelines/run_nextday_pipeline.py --symbol 600522.SH --sector-symbol 通信设备 --end-date 2026-05-19 --feature-pipeline fundamental,sector --only-stages update_data,samples,fundamental,sector,external_optical_cable_grid --external optical_cable_grid --cache-mode incremental --feature-cache-mode incremental =====
{
  "status": "ok",
  "symbol": "600522.SH",
  "out_root": "/root/stock_realtime_v021_full/saved_data/600522_pipeline_out",
  "final_samples": "/root/stock_realtime_v021_full/saved_data/600522_pipeline_out/04_external/optical_cable_grid/training_samples_with_optical_cable_grid_external.csv",
  "leaderboard": "/root/stock_realtime_v021_full/saved_data/600522_pipeline_out/99_summary/final_leaderboard.csv",
  "manifest": "/root/stock_realtime_v021_full/saved_data/600522_pipeline_out/pipeline_summary.json"
}


===== 2026-05-19 07:31:02 601899.SH CMD: /usr/bin/python3 pipelines/run_nextday_pipeline.py --symbol 601899.SH --sector-symbol 贵金属 --end-date 2026-05-19 --feature-pipeline fundamental,sector --only-stages update_data,samples,fundamental,sector --cache-mode incremental --feature-cache-mode incremental =====
{
  "status": "ok",
  "symbol": "601899.SH",
  "out_root": "/root/stock_realtime_v021_full/saved_data/601899_pipeline_out",
  "final_samples": "/root/stock_realtime_v021_full/saved_data/601899_pipeline_out/03_sector/training_samples_with_sector.csv",
  "leaderboard": "/root/stock_realtime_v021_full/saved_data/601899_pipeline_out/99_summary/final_leaderboard.csv",
  "manifest": "/root/stock_realtime_v021_full/saved_data/601899_pipeline_out/pipeline_summary.json"
}


===== 2026-05-19 07:31:42 601985.SH CMD: /usr/bin/python3 pipelines/run_nextday_pipeline.py --symbol 601985.SH --sector-symbol 电力 --end-date 2026-05-19 --feature-pipeline fundamental,sector --only-stages update_data,samples,fundamental,sector --cache-mode incremental --feature-cache-mode incremental =====
{
  "status": "ok",
  "symbol": "601985.SH",
  "out_root": "/root/stock_realtime_v021_full/saved_data/601985_pipeline_out",
  "final_samples": "/root/stock_realtime_v021_full/saved_data/601985_pipeline_out/03_sector/training_samples_with_sector.csv",
  "leaderboard": "/root/stock_realtime_v021_full/saved_data/601985_pipeline_out/99_summary/final_leaderboard.csv",
  "manifest": "/root/stock_realtime_v021_full/saved_data/601985_pipeline_out/pipeline_summary.json"
}


===== 2026-05-19 07:32:22 603308.SH CMD: /usr/bin/python3 pipelines/run_nextday_pipeline.py --symbol 603308.SH --sector-symbol 通用设备 --end-date 2026-05-19 --feature-pipeline fundamental,sector --only-stages update_data,samples,fundamental,sector,external_aero_nuclear_equipment --external aero_nuclear_equipment --cache-mode incremental --feature-cache-mode incremental =====
{
  "status": "ok",
  "symbol": "603308.SH",
  "out_root": "/root/stock_realtime_v021_full/saved_data/603308_pipeline_out",
  "final_samples": "/root/stock_realtime_v021_full/saved_data/603308_pipeline_out/04_external/aero_nuclear_equipment/training_samples_with_aero_nuclear_equipment_external.csv",
  "leaderboard": "/root/stock_realtime_v021_full/saved_data/603308_pipeline_out/99_summary/final_leaderboard.csv",
  "manifest": "/root/stock_realtime_v021_full/saved_data/603308_pipeline_out/pipeline_summary.json"
}


===== 2026-05-19 23:26:10 002270.SZ CMD: /usr/bin/python3 pipelines/run_nextday_pipeline.py --symbol 002270.SZ --sector-symbol 电网设备 --end-date 2026-05-19 --feature-pipeline fundamental,sector --only-stages update_data,samples,fundamental,sector --cache-mode incremental --feature-cache-mode incremental =====
{
  "status": "ok",
  "symbol": "002270.SZ",
  "out_root": "/root/stock_realtime_v021_full/saved_data/002270_pipeline_out",
  "final_samples": "/root/stock_realtime_v021_full/saved_data/002270_pipeline_out/03_sector/training_samples_with_sector.csv",
  "leaderboard": "/root/stock_realtime_v021_full/saved_data/002270_pipeline_out/99_summary/final_leaderboard.csv",
  "manifest": "/root/stock_realtime_v021_full/saved_data/002270_pipeline_out/pipeline_summary.json"
}


===== 2026-05-19 23:27:09 002311.SZ CMD: /usr/bin/python3 pipelines/run_nextday_pipeline.py --symbol 002311.SZ --sector-symbol 农产品加工 --end-date 2026-05-19 --feature-pipeline fundamental,sector --only-stages update_data,samples,fundamental,sector --cache-mode incremental --feature-cache-mode incremental =====
{
  "status": "ok",
  "symbol": "002311.SZ",
  "out_root": "/root/stock_realtime_v021_full/saved_data/002311_pipeline_out",
  "final_samples": "/root/stock_realtime_v021_full/saved_data/002311_pipeline_out/03_sector/training_samples_with_sector.csv",
  "leaderboard": "/root/stock_realtime_v021_full/saved_data/002311_pipeline_out/99_summary/final_leaderboard.csv",
  "manifest": "/root/stock_realtime_v021_full/saved_data/002311_pipeline_out/pipeline_summary.json"
}


===== 2026-05-19 23:28:04 002714.SZ CMD: /usr/bin/python3 pipelines/run_nextday_pipeline.py --symbol 002714.SZ --sector-symbol 养殖业 --end-date 2026-05-19 --feature-pipeline fundamental,sector --only-stages update_data,samples,fundamental,sector --cache-mode incremental --feature-cache-mode incremental =====
{
  "status": "ok",
  "symbol": "002714.SZ",
  "out_root": "/root/stock_realtime_v021_full/saved_data/002714_pipeline_out",
  "final_samples": "/root/stock_realtime_v021_full/saved_data/002714_pipeline_out/03_sector/training_samples_with_sector.csv",
  "leaderboard": "/root/stock_realtime_v021_full/saved_data/002714_pipeline_out/99_summary/final_leaderboard.csv",
  "manifest": "/root/stock_realtime_v021_full/saved_data/002714_pipeline_out/pipeline_summary.json"
}


===== 2026-05-19 23:28:59 600096.SH CMD: /usr/bin/python3 pipelines/run_nextday_pipeline.py --symbol 600096.SH --sector-symbol 农化制品 --end-date 2026-05-19 --feature-pipeline fundamental,sector --only-stages update_data,samples,fundamental,sector --cache-mode incremental --feature-cache-mode incremental =====
{
  "status": "ok",
  "symbol": "600096.SH",
  "out_root": "/root/stock_realtime_v021_full/saved_data/600096_pipeline_out",
  "final_samples": "/root/stock_realtime_v021_full/saved_data/600096_pipeline_out/03_sector/training_samples_with_sector.csv",
  "leaderboard": "/root/stock_realtime_v021_full/saved_data/600096_pipeline_out/99_summary/final_leaderboard.csv",
  "manifest": "/root/stock_realtime_v021_full/saved_data/600096_pipeline_out/pipeline_summary.json"
}


===== 2026-05-19 23:29:49 600276.SH CMD: /usr/bin/python3 pipelines/run_nextday_pipeline.py --symbol 600276.SH --sector-symbol 化学制药 --end-date 2026-05-19 --feature-pipeline fundamental,sector --only-stages update_data,samples,fundamental,sector --cache-mode incremental --feature-cache-mode incremental =====
{
  "status": "ok",
  "symbol": "600276.SH",
  "out_root": "/root/stock_realtime_v021_full/saved_data/600276_pipeline_out",
  "final_samples": "/root/stock_realtime_v021_full/saved_data/600276_pipeline_out/03_sector/training_samples_with_sector.csv",
  "leaderboard": "/root/stock_realtime_v021_full/saved_data/600276_pipeline_out/99_summary/final_leaderboard.csv",
  "manifest": "/root/stock_realtime_v021_full/saved_data/600276_pipeline_out/pipeline_summary.json"
}


===== 2026-05-19 23:30:46 600312.SH CMD: /usr/bin/python3 pipelines/run_nextday_pipeline.py --symbol 600312.SH --sector-symbol 电网设备 --end-date 2026-05-19 --feature-pipeline fundamental,sector --only-stages update_data,samples,fundamental,sector --cache-mode incremental --feature-cache-mode incremental =====
{
  "status": "ok",
  "symbol": "600312.SH",
  "out_root": "/root/stock_realtime_v021_full/saved_data/600312_pipeline_out",
  "final_samples": "/root/stock_realtime_v021_full/saved_data/600312_pipeline_out/03_sector/training_samples_with_sector.csv",
  "leaderboard": "/root/stock_realtime_v021_full/saved_data/600312_pipeline_out/99_summary/final_leaderboard.csv",
  "manifest": "/root/stock_realtime_v021_full/saved_data/600312_pipeline_out/pipeline_summary.json"
}


===== 2026-05-19 23:31:37 600487.SH CMD: /usr/bin/python3 pipelines/run_nextday_pipeline.py --symbol 600487.SH --sector-symbol 通信设备 --end-date 2026-05-19 --feature-pipeline fundamental,sector --only-stages update_data,samples,fundamental,sector,external_optical_cable_grid --external optical_cable_grid --cache-mode incremental --feature-cache-mode incremental =====
{
  "status": "ok",
  "symbol": "600487.SH",
  "out_root": "/root/stock_realtime_v021_full/saved_data/600487_pipeline_out",
  "final_samples": "/root/stock_realtime_v021_full/saved_data/600487_pipeline_out/04_external/optical_cable_grid/training_samples_with_optical_cable_grid_external.csv",
  "leaderboard": "/root/stock_realtime_v021_full/saved_data/600487_pipeline_out/99_summary/final_leaderboard.csv",
  "manifest": "/root/stock_realtime_v021_full/saved_data/600487_pipeline_out/pipeline_summary.json"
}


===== 2026-05-19 23:33:04 600522.SH CMD: /usr/bin/python3 pipelines/run_nextday_pipeline.py --symbol 600522.SH --sector-symbol 通信设备 --end-date 2026-05-19 --feature-pipeline fundamental,sector --only-stages update_data,samples,fundamental,sector,external_optical_cable_grid --external optical_cable_grid --cache-mode incremental --feature-cache-mode incremental =====
{
  "status": "ok",
  "symbol": "600522.SH",
  "out_root": "/root/stock_realtime_v021_full/saved_data/600522_pipeline_out",
  "final_samples": "/root/stock_realtime_v021_full/saved_data/600522_pipeline_out/04_external/optical_cable_grid/training_samples_with_optical_cable_grid_external.csv",
  "leaderboard": "/root/stock_realtime_v021_full/saved_data/600522_pipeline_out/99_summary/final_leaderboard.csv",
  "manifest": "/root/stock_realtime_v021_full/saved_data/600522_pipeline_out/pipeline_summary.json"
}


===== 2026-05-19 23:34:32 601899.SH CMD: /usr/bin/python3 pipelines/run_nextday_pipeline.py --symbol 601899.SH --sector-symbol 贵金属 --end-date 2026-05-19 --feature-pipeline fundamental,sector --only-stages update_data,samples,fundamental,sector --cache-mode incremental --feature-cache-mode incremental =====
{
  "status": "ok",
  "symbol": "601899.SH",
  "out_root": "/root/stock_realtime_v021_full/saved_data/601899_pipeline_out",
  "final_samples": "/root/stock_realtime_v021_full/saved_data/601899_pipeline_out/03_sector/training_samples_with_sector.csv",
  "leaderboard": "/root/stock_realtime_v021_full/saved_data/601899_pipeline_out/99_summary/final_leaderboard.csv",
  "manifest": "/root/stock_realtime_v021_full/saved_data/601899_pipeline_out/pipeline_summary.json"
}


===== 2026-05-19 23:35:28 601985.SH CMD: /usr/bin/python3 pipelines/run_nextday_pipeline.py --symbol 601985.SH --sector-symbol 电力 --end-date 2026-05-19 --feature-pipeline fundamental,sector --only-stages update_data,samples,fundamental,sector --cache-mode incremental --feature-cache-mode incremental =====
{
  "status": "ok",
  "symbol": "601985.SH",
  "out_root": "/root/stock_realtime_v021_full/saved_data/601985_pipeline_out",
  "final_samples": "/root/stock_realtime_v021_full/saved_data/601985_pipeline_out/03_sector/training_samples_with_sector.csv",
  "leaderboard": "/root/stock_realtime_v021_full/saved_data/601985_pipeline_out/99_summary/final_leaderboard.csv",
  "manifest": "/root/stock_realtime_v021_full/saved_data/601985_pipeline_out/pipeline_summary.json"
}


===== 2026-05-19 23:36:17 603308.SH CMD: /usr/bin/python3 pipelines/run_nextday_pipeline.py --symbol 603308.SH --sector-symbol 通用设备 --end-date 2026-05-19 --feature-pipeline fundamental,sector --only-stages update_data,samples,fundamental,sector,external_aero_nuclear_equipment --external aero_nuclear_equipment --cache-mode incremental --feature-cache-mode incremental =====
{
  "status": "ok",
  "symbol": "603308.SH",
  "out_root": "/root/stock_realtime_v021_full/saved_data/603308_pipeline_out",
  "final_samples": "/root/stock_realtime_v021_full/saved_data/603308_pipeline_out/04_external/aero_nuclear_equipment/training_samples_with_aero_nuclear_equipment_external.csv",
  "leaderboard": "/root/stock_realtime_v021_full/saved_data/603308_pipeline_out/99_summary/final_leaderboard.csv",
  "manifest": "/root/stock_realtime_v021_full/saved_data/603308_pipeline_out/pipeline_summary.json"
}
