[qfq:4w] 1/1000 601857 rows=3987 error=
[qfq:4w] 50/1000 000725 rows=3976 error=
[qfq:4w] 100/1000 603019 rows=2793 error=
[qfq:4w] 150/1000 601881 rows=2278 error=
[qfq:4w] 200/1000 002484 rows=3807 error=
[qfq:4w] 250/1000 601788 rows=3972 error=
[qfq:4w] 300/1000 601117 rows=3982 error=
[qfq:4w] 350/1000 600909 rows=2305 error=
[qfq:4w] 400/1000 603606 rows=2827 error=
[qfq:4w] 450/1000 000629 rows=3494 error=
[qfq:4w] 500/1000 600299 rows=3851 error=
[qfq:4w] 550/1000 600161 rows=3864 error=
[qfq:4w] 600/1000 002130 rows=3901 error=
[qfq:4w] 650/1000 000750 rows=3550 error=
[qfq:4w] 700/1000 600961 rows=3966 error=
[qfq:4w] 750/1000 600131 rows=3971 error=
[qfq:4w] 800/1000 603011 rows=2721 error=
[qfq:4w] 850/1000 600172 rows=3917 error=
[qfq:4w] 900/1000 600548 rows=3985 error=
[qfq:4w] 950/1000 300166 rows=3507 error=
[qfq:4w] 1000/1000 300468 rows=2652 error=
login success!
login success!
login success!
login success!
/root/stock_realtime_v021_full/scripts/build_ashare_ch12_model_data.py:519: FutureWarning: Starting with pandas version 3.0 all arguments of to_hdf except for the argument 'path_or_buf' will be keyword-only.
  metadata_assets.to_hdf(assets_path, "/ashare/metadata", mode="w")
/root/stock_realtime_v021_full/scripts/build_ashare_ch12_model_data.py:520: FutureWarning: Starting with pandas version 3.0 all arguments of to_hdf except for the argument 'path_or_buf' will be keyword-only.
  model_data.to_hdf(model_data_path, "model_data", mode="w")
