[start] asof=2026-06-15 history=2019-06-15..2026-06-15 out=/root/stock_realtime_v021_full/saved_data/ashare_static_universe
login success!
[base-prefilter] rows=3405
[baostock-history:6w] 1/3405 600000 valid=1697 recent=252 approx=317384946728.04535 error=
[baostock-history:6w] 50/3405 600073 valid=1697 recent=252 approx=4763462731.457801 error=
[baostock-history:6w] 100/3405 600135 valid=1696 recent=252 approx=5178943742.033512 error=
[baostock-history:6w] 150/3405 600199 valid=1697 recent=252 approx=4512474176.212849 error=
[baostock-history:6w] 200/3405 600267 valid=1687 recent=252 approx=12167343121.95405 error=
[baostock-history:6w] 250/3405 600335 valid=1697 recent=252 approx=7957782986.703033 error=
[baostock-history:6w] 300/3405 600403 valid=1695 recent=252 approx=15612013113.275959 error=
[baostock-history:6w] 350/3405 600483 valid=1688 recent=252 approx=32249286349.36272 error=
[baostock-history:6w] 400/3405 600546 valid=1697 recent=252 approx=25196748129.221363 error=
[baostock-history:6w] 450/3405 600602 valid=1697 recent=252 approx=18983096306.42792 error=
[baostock-history:6w] 500/3405 600668 valid=1697 recent=252 approx=3113287944.649169 error=
[baostock-history:6w] 550/3405 600729 valid=1684 recent=252 approx=3957451449.266313 error=
[baostock-history:6w] 600/3405 600785 valid=1697 recent=252 approx=3393517301.1061683 error=
[baostock-history:6w] 650/3405 600848 valid=1697 recent=252 approx=19893596771.70634 error=
[baostock-history:6w] 700/3405 600929 valid=1692 recent=252 approx=8626920178.949846 error=
[baostock-history:6w] 750/3405 601012 valid=1697 recent=252 approx=101394491942.60936 error=
[baostock-history:6w] 800/3405 601212 valid=1697 recent=252 approx=44650512234.58122 error=
[baostock-history:6w] 850/3405 601608 valid=1697 recent=252 approx=24133800269.95608 error=
[baostock-history:6w] 900/3405 601901 valid=1697 recent=252 approx=56473397108.259544 error=
[baostock-history:6w] 950/3405 603028 valid=1697 recent=252 approx=2108666795.624333 error=
[baostock-history:6w] 1000/3405 603118 valid=1692 recent=247 approx=10014186364.479242 error=
[baostock-history:6w] 1050/3405 603227 valid=1684 recent=252 approx=8563019148.009951 error=
[baostock-history:6w] 1100/3405 603345 valid=1697 recent=252 approx=26058891128.367672 error=
[baostock-history:6w] 1150/3405 603516 valid=1697 recent=252 approx=24880103925.084675 error=
[baostock-history:6w] 1200/3405 603629 valid=1697 recent=252 approx=43186521620.38381 error=
[baostock-history:6w] 1250/3405 603725 valid=1697 recent=252 approx=3153229445.4063697 error=
[baostock-history:6w] 1300/3405 603843 valid=1666 recent=222 approx=1679086240.1662462 error=
[baostock-history:6w] 1350/3405 603933 valid=1687 recent=242 approx=4792256317.070153 error=
[baostock-history:6w] 1400/3405 000026 valid=1697 recent=252 approx=7531863180.54188 error=
[baostock-history:6w] 1450/3405 000401 valid=1675 recent=252 approx=10130839265.447666 error=
[baostock-history:6w] 1500/3405 000538 valid=1697 recent=252 approx=88914892092.6621 error=
[baostock-history:6w] 1550/3405 000603 valid=1681 recent=252 approx=20527969800.90853 error=
[baostock-history:6w] 1600/3405 000697 valid=1688 recent=248 approx=7151481813.6314335 error=
[baostock-history:6w] 1650/3405 000779 valid=1697 recent=252 approx=3574078224.720417 error=
[baostock-history:6w] 1700/3405 000852 valid=1697 recent=252 approx=5378508724.615677 error=
[baostock-history:6w] 1750/3405 000928 valid=1697 recent=252 approx=8320795880.535531 error=
[baostock-history:6w] 1800/3405 001965 valid=1697 recent=252 approx=64145509478.07933 error=
[baostock-history:6w] 1850/3405 002054 valid=1697 recent=252 approx=2926191992.5669403 error=
[baostock-history:6w] 1900/3405 002108 valid=1697 recent=252 approx=7990288807.59817 error=
[baostock-history:6w] 1950/3405 002160 valid=1688 recent=247 approx=4298075810.762171 error=
[baostock-history:6w] 2000/3405 002212 valid=1697 recent=252 approx=7491222273.161413 error=
[baostock-history:6w] 2050/3405 002267 valid=1697 recent=252 approx=8018477211.370493 error=
[baostock-history:6w] 2100/3405 002317 valid=1697 recent=252 approx=17060220192.65073 error=
[baostock-history:6w] 2150/3405 002370 valid=1692 recent=247 approx=3907265153.586729 error=
[baostock-history:6w] 2200/3405 002427 valid=1693 recent=252 approx=4469636851.733284 error=
[baostock-history:6w] 2250/3405 002482 valid=1693 recent=252 approx=5241119947.348214 error=
[baostock-history:6w] 2300/3405 002536 valid=1697 recent=252 approx=24617939850.410187 error=
[baostock-history:6w] 2350/3405 002587 valid=1697 recent=252 approx=3617131897.278522 error=
[baostock-history:6w] 2400/3405 002646 valid=1697 recent=252 approx=3297555059.920107 error=
[baostock-history:6w] 2450/3405 002694 valid=1696 recent=251 approx=2177907526.8817205 error=
[baostock-history:6w] 2500/3405 002755 valid=1688 recent=252 approx=12094054726.81207 error=
[baostock-history:6w] 2550/3405 002815 valid=1697 recent=252 approx=14664670950.84646 error=
[baostock-history:6w] 2600/3405 002868 valid=1691 recent=251 approx=2810932121.859968 error=
[baostock-history:6w] 2650/3405 002921 valid=1697 recent=252 approx=3055639759.546661 error=
[baostock-history:6w] 2700/3405 300022 valid=1687 recent=252 approx=3800583268.657326 error=
[baostock-history:6w] 2750/3405 300073 valid=1687 recent=252 approx=25779364069.12348 error=
[baostock-history:6w] 2800/3405 300133 valid=1697 recent=252 approx=12388553401.853003 error=
[baostock-history:6w] 2850/3405 300185 valid=1691 recent=252 approx=10691954448.534077 error=
[baostock-history:6w] 2900/3405 300238 valid=1697 recent=252 approx=2889974854.819977 error=
[baostock-history:6w] 2950/3405 300284 valid=1692 recent=252 approx=6831175427.903905 error=
[baostock-history:6w] 3000/3405 300348 valid=1697 recent=252 approx=6973927488.712105 error=
[baostock-history:6w] 3050/3405 300407 valid=1697 recent=252 approx=3127750092.625579 error=
[baostock-history:6w] 3100/3405 300457 valid=1692 recent=252 approx=15566162013.36114 error=
[baostock-history:6w] 3150/3405 300508 valid=1697 recent=252 approx=4395851504.076469 error=
[baostock-history:6w] 3200/3405 300563 valid=1697 recent=252 approx=3663686674.283266 error=
[baostock-history:6w] 3250/3405 300607 valid=1694 recent=252 approx=11491869289.646566 error=
[baostock-history:6w] 3300/3405 300667 valid=1696 recent=252 approx=3248896344.9722486 error=
[baostock-history:6w] 3350/3405 300721 valid=1697 recent=252 approx=4052324714.4874434 error=
[baostock-history:6w] 3400/3405 300778 valid=1697 recent=252 approx=2060479994.5330918 error=
[baostock-history:6w] 3405/3405 300780 valid=1697 recent=252 approx=2895867025.331142 error=
login success!
login success!
login success!
login success!
login success!
login success!
[history-prefilter] eligible=3129 candidates=2500
{
  "history_report_rows": 3405,
  "pass_90": 3400,
  "pass_95": 3399,
  "prefilter_candidates": 2500,
  "external_marketcap_present": 0,
  "external_marketcap_missing": 2500,
  "final_allA": 1000,
  "final_mainboard": 1000
}
{
  "allA_exact_top_n": true,
  "mainboard_exact_top_n": true,
  "allA_recent_valid_lt_min": 0,
  "mainboard_recent_valid_lt_min": 0,
  "allA_recent_st": 0,
  "mainboard_recent_st": 0,
  "mainboard_growth_or_star_count": 0,
  "forbidden_eastmoney_source_count": 0
}
{
  "spearman_approx_vs_external": null,
  "top1000_overlap_approx_vs_final": 1000,
  "circ_mv_ratio_lt_0_2_or_gt_5": 0
}
{
  "allA_top1000": {
    "chinext": 135,
    "sh_mainboard": 510,
    "sz_mainboard": 355
  },
  "mainboard_top1000": {
    "sh_mainboard": 576,
    "sz_mainboard": 424
  }
}
logout success!
