
============================================================
[FINAL CANONICAL DATA-ONLY FLOW]
migrate from:  saved_data/<code>_pipeline_out_v2_all14/
canonical:     saved_data/<code>_pipeline_out/
models:        saved_models/
v2 source kept: DELETE_SOURCE=0
============================================================

============================================================
[MIGRATE] 600312.SH
[FROM] saved_data/600312_pipeline_out_v2_all14
[TO]   saved_data/600312_pipeline_out
============================================================

============================================================
[MIGRATE] 601899.SH
[FROM] saved_data/601899_pipeline_out_v2_all14
[TO]   saved_data/601899_pipeline_out
============================================================

============================================================
[MIGRATE] 603308.SH
[FROM] saved_data/603308_pipeline_out_v2_all14
[TO]   saved_data/603308_pipeline_out
============================================================

============================================================
[MIGRATE] 600096.SH
[FROM] saved_data/600096_pipeline_out_v2_all14
[TO]   saved_data/600096_pipeline_out
============================================================

============================================================
[MIGRATE] 002311.SZ
[FROM] saved_data/002311_pipeline_out_v2_all14
[TO]   saved_data/002311_pipeline_out
============================================================

============================================================
[MIGRATE] 601985.SH
[FROM] saved_data/601985_pipeline_out_v2_all14
[TO]   saved_data/601985_pipeline_out
============================================================

============================================================
[MIGRATE] 600276.SH
[FROM] saved_data/600276_pipeline_out_v2_all14
[TO]   saved_data/600276_pipeline_out
============================================================

============================================================
[MIGRATE] 002714.SZ
[FROM] saved_data/002714_pipeline_out_v2_all14
[TO]   saved_data/002714_pipeline_out
============================================================

============================================================
[REBUILD DATA ONLY] 600312.SH sector=电网设备 external=none
[ONLY_STAGES] update_data,samples,fundamental,sector
[CANONICAL OUT_ROOT] saved_data/600312_pipeline_out
============================================================
{
  "status": "ok",
  "symbol": "600312.SH",
  "out_root": "/root/stock_realtime_v021_full/saved_data/600312_pipeline_out",
  "final_samples": "/root/stock_realtime_v021_full/saved_data/600312_pipeline_out/03_sector/training_samples_with_sector.csv",
  "leaderboard": "/root/stock_realtime_v021_full/saved_data/600312_pipeline_out/99_summary/final_leaderboard.csv",
  "manifest": "/root/stock_realtime_v021_full/saved_data/600312_pipeline_out/pipeline_summary.json"
}
[REBUILD DONE] 600312.SH

============================================================
[REBUILD DATA ONLY] 601899.SH sector=贵金属 external=none
[ONLY_STAGES] update_data,samples,fundamental,sector
[CANONICAL OUT_ROOT] saved_data/601899_pipeline_out
============================================================
{
  "status": "ok",
  "symbol": "601899.SH",
  "out_root": "/root/stock_realtime_v021_full/saved_data/601899_pipeline_out",
  "final_samples": "/root/stock_realtime_v021_full/saved_data/601899_pipeline_out/03_sector/training_samples_with_sector.csv",
  "leaderboard": "/root/stock_realtime_v021_full/saved_data/601899_pipeline_out/99_summary/final_leaderboard.csv",
  "manifest": "/root/stock_realtime_v021_full/saved_data/601899_pipeline_out/pipeline_summary.json"
}
[REBUILD DONE] 601899.SH

============================================================
[REBUILD DATA ONLY] 603308.SH sector=通用设备 external=aero_nuclear_equipment
[ONLY_STAGES] update_data,samples,fundamental,sector,external_aero_nuclear_equipment
[CANONICAL OUT_ROOT] saved_data/603308_pipeline_out
============================================================
{
  "status": "ok",
  "symbol": "603308.SH",
  "out_root": "/root/stock_realtime_v021_full/saved_data/603308_pipeline_out",
  "final_samples": "/root/stock_realtime_v021_full/saved_data/603308_pipeline_out/04_external/aero_nuclear_equipment/training_samples_with_aero_nuclear_equipment_external.csv",
  "leaderboard": "/root/stock_realtime_v021_full/saved_data/603308_pipeline_out/99_summary/final_leaderboard.csv",
  "manifest": "/root/stock_realtime_v021_full/saved_data/603308_pipeline_out/pipeline_summary.json"
}
[REBUILD DONE] 603308.SH

============================================================
[REBUILD DATA ONLY] 600096.SH sector=农化制品 external=none
[ONLY_STAGES] update_data,samples,fundamental,sector
[CANONICAL OUT_ROOT] saved_data/600096_pipeline_out
============================================================
{
  "status": "ok",
  "symbol": "600096.SH",
  "out_root": "/root/stock_realtime_v021_full/saved_data/600096_pipeline_out",
  "final_samples": "/root/stock_realtime_v021_full/saved_data/600096_pipeline_out/03_sector/training_samples_with_sector.csv",
  "leaderboard": "/root/stock_realtime_v021_full/saved_data/600096_pipeline_out/99_summary/final_leaderboard.csv",
  "manifest": "/root/stock_realtime_v021_full/saved_data/600096_pipeline_out/pipeline_summary.json"
}
[REBUILD DONE] 600096.SH

============================================================
[REBUILD DATA ONLY] 002311.SZ sector=农产品加工 external=none
[ONLY_STAGES] update_data,samples,fundamental,sector
[CANONICAL OUT_ROOT] saved_data/002311_pipeline_out
============================================================
{
  "status": "ok",
  "symbol": "002311.SZ",
  "out_root": "/root/stock_realtime_v021_full/saved_data/002311_pipeline_out",
  "final_samples": "/root/stock_realtime_v021_full/saved_data/002311_pipeline_out/03_sector/training_samples_with_sector.csv",
  "leaderboard": "/root/stock_realtime_v021_full/saved_data/002311_pipeline_out/99_summary/final_leaderboard.csv",
  "manifest": "/root/stock_realtime_v021_full/saved_data/002311_pipeline_out/pipeline_summary.json"
}
[REBUILD DONE] 002311.SZ

============================================================
[REBUILD DATA ONLY] 601985.SH sector=电力 external=none
[ONLY_STAGES] update_data,samples,fundamental,sector
[CANONICAL OUT_ROOT] saved_data/601985_pipeline_out
============================================================
{
  "status": "ok",
  "symbol": "601985.SH",
  "out_root": "/root/stock_realtime_v021_full/saved_data/601985_pipeline_out",
  "final_samples": "/root/stock_realtime_v021_full/saved_data/601985_pipeline_out/03_sector/training_samples_with_sector.csv",
  "leaderboard": "/root/stock_realtime_v021_full/saved_data/601985_pipeline_out/99_summary/final_leaderboard.csv",
  "manifest": "/root/stock_realtime_v021_full/saved_data/601985_pipeline_out/pipeline_summary.json"
}
[REBUILD DONE] 601985.SH

============================================================
[REBUILD DATA ONLY] 600276.SH sector=化学制药 external=none
[ONLY_STAGES] update_data,samples,fundamental,sector
[CANONICAL OUT_ROOT] saved_data/600276_pipeline_out
============================================================
{
  "status": "ok",
  "symbol": "600276.SH",
  "out_root": "/root/stock_realtime_v021_full/saved_data/600276_pipeline_out",
  "final_samples": "/root/stock_realtime_v021_full/saved_data/600276_pipeline_out/03_sector/training_samples_with_sector.csv",
  "leaderboard": "/root/stock_realtime_v021_full/saved_data/600276_pipeline_out/99_summary/final_leaderboard.csv",
  "manifest": "/root/stock_realtime_v021_full/saved_data/600276_pipeline_out/pipeline_summary.json"
}
[REBUILD DONE] 600276.SH

============================================================
[REBUILD DATA ONLY] 002714.SZ sector=养殖业 external=none
[ONLY_STAGES] update_data,samples,fundamental,sector
[CANONICAL OUT_ROOT] saved_data/002714_pipeline_out
============================================================
{
  "status": "ok",
  "symbol": "002714.SZ",
  "out_root": "/root/stock_realtime_v021_full/saved_data/002714_pipeline_out",
  "final_samples": "/root/stock_realtime_v021_full/saved_data/002714_pipeline_out/03_sector/training_samples_with_sector.csv",
  "leaderboard": "/root/stock_realtime_v021_full/saved_data/002714_pipeline_out/99_summary/final_leaderboard.csv",
  "manifest": "/root/stock_realtime_v021_full/saved_data/002714_pipeline_out/pipeline_summary.json"
}
[REBUILD DONE] 002714.SZ

============================================================
[CLEAN MODEL STOCK DIR] saved_models/600312.SH
============================================================

============================================================
[CLEAN MODEL STOCK DIR] saved_models/601899.SH
============================================================

============================================================
[CLEAN MODEL STOCK DIR] saved_models/603308.SH
============================================================

============================================================
[CLEAN MODEL STOCK DIR] saved_models/600096.SH
============================================================

============================================================
[CLEAN MODEL STOCK DIR] saved_models/002311.SZ
============================================================

============================================================
[CLEAN MODEL STOCK DIR] saved_models/601985.SH
============================================================

============================================================
[CLEAN MODEL STOCK DIR] saved_models/600276.SH
============================================================

============================================================
[CLEAN MODEL STOCK DIR] saved_models/002714.SZ
============================================================

============================================================
[SAVE MODEL] 600312.SH -> nextday_vwap_low_close_profit_xgb_d3_600_reversal_fundamental_regime_v1
[SAMPLES] saved_data/600312_pipeline_out/03_sector/training_samples_with_sector.csv
[INTRADAY] saved_data/600312_pipeline_out/00_base/600312_5m.csv
[ARTIFACT_DIR] saved_models/600312.SH/nextday_vwap_low_close_profit_xgb_d3_600_reversal_fundamental_regime_v1
============================================================
{
  "artifact_created_at": "2026-05-13T02:04:08",
  "stock_code": "600312.SH",
  "artifact_name": "nextday_vwap_low_close_profit_xgb_d3_600_reversal_fundamental_regime_v1",
  "samples": "/root/stock_realtime_v021_full/saved_data/600312_pipeline_out/03_sector/training_samples_with_sector.csv",
  "intraday_bars": "/root/stock_realtime_v021_full/saved_data/600312_pipeline_out/00_base/600312_5m.csv",
  "feature_group": "reversal_fundamental_regime",
  "model_name": "xgb_d3_600_lr002_mcw3",
  "label_mode": "close_profit",
  "entry_policy": "vwap_low",
  "entry_vwap_premium_bps": 50.0,
  "label_col": "trade_close_profit_label",
  "return_col": "trade_net_close_return",
  "target_hit_bps": 50.0,
  "round_trip_cost_bps": 1.7,
  "threshold": 0.5108808517456055,
  "threshold_quantile": 0.8,
  "feature_count": 135,
  "rows": 1536,
  "train_rows_for_threshold": 1284,
  "valid_rows_for_threshold": 252,
  "final_train_entry_rows": 1499,
  "date_min": "2020-01-02",
  "date_max": "2026-05-11",
  "validation_tail_auc": 0.5751811023622047,
  "validation_tail_trade_metrics": {
    "trades": 44,
    "win_rate": 0.6818181818181818,
    "avg_return": 0.00867556514011756,
    "median_return": 0.007328152072143105,
    "compound_return": 0.4475034108955027,
    "max_drawdown": -0.03304964749477868,
    "profit_factor": 3.2265952560508393
  },
  "files": {
    "model": "saved_models/600312.SH/nextday_vwap_low_close_profit_xgb_d3_600_reversal_fundamental_regime_v1/model.joblib",
    "feature_median": "saved_models/600312.SH/nextday_vwap_low_close_profit_xgb_d3_600_reversal_fundamental_regime_v1/feature_median.csv",
    "feature_columns": "saved_models/600312.SH/nextday_vwap_low_close_profit_xgb_d3_600_reversal_fundamental_regime_v1/feature_columns.txt",
    "validation_tail_predictions": "saved_models/600312.SH/nextday_vwap_low_close_profit_xgb_d3_600_reversal_fundamental_regime_v1/validation_tail_predictions.csv",
    "metadata": "saved_models/600312.SH/nextday_vwap_low_close_profit_xgb_d3_600_reversal_fundamental_regime_v1/metadata.json"
  },
  "usage_note": "This artifact is stock-specific. Use only for 600312.SH with the same feature-building pipeline."
}
[SAVE DONE] 600312.SH -> nextday_vwap_low_close_profit_xgb_d3_600_reversal_fundamental_regime_v1

============================================================
[SAVE MODEL] 600312.SH -> nextday_all_days_close_profit_xgb_d3_400_reversal_fundamental_regime_sector_v1
[SAMPLES] saved_data/600312_pipeline_out/03_sector/training_samples_with_sector.csv
[INTRADAY] saved_data/600312_pipeline_out/00_base/600312_5m.csv
[ARTIFACT_DIR] saved_models/600312.SH/nextday_all_days_close_profit_xgb_d3_400_reversal_fundamental_regime_sector_v1
============================================================
{
  "artifact_created_at": "2026-05-13T02:04:39",
  "stock_code": "600312.SH",
  "artifact_name": "nextday_all_days_close_profit_xgb_d3_400_reversal_fundamental_regime_sector_v1",
  "samples": "/root/stock_realtime_v021_full/saved_data/600312_pipeline_out/03_sector/training_samples_with_sector.csv",
  "intraday_bars": "/root/stock_realtime_v021_full/saved_data/600312_pipeline_out/00_base/600312_5m.csv",
  "feature_group": "reversal_fundamental_regime_sector",
  "model_name": "xgb_d3_400_lr003_mcw3",
  "label_mode": "close_profit",
  "entry_policy": "all_days",
  "entry_vwap_premium_bps": 50.0,
  "label_col": "trade_close_profit_label",
  "return_col": "trade_net_close_return",
  "target_hit_bps": 50.0,
  "round_trip_cost_bps": 1.7,
  "threshold": 0.48655157685279854,
  "threshold_quantile": 0.8,
  "feature_count": 158,
  "rows": 1536,
  "train_rows_for_threshold": 1284,
  "valid_rows_for_threshold": 252,
  "final_train_entry_rows": 1536,
  "date_min": "2020-01-02",
  "date_max": "2026-05-11",
  "validation_tail_auc": 0.5304566929133858,
  "validation_tail_trade_metrics": {
    "trades": 51,
    "win_rate": 0.6470588235294118,
    "avg_return": 0.004312148599613158,
    "median_return": 0.0041218454935623185,
    "compound_return": 0.23325103184885831,
    "max_drawdown": -0.06719407449341874,
    "profit_factor": 1.848130739229245
  },
  "files": {
    "model": "saved_models/600312.SH/nextday_all_days_close_profit_xgb_d3_400_reversal_fundamental_regime_sector_v1/model.joblib",
    "feature_median": "saved_models/600312.SH/nextday_all_days_close_profit_xgb_d3_400_reversal_fundamental_regime_sector_v1/feature_median.csv",
    "feature_columns": "saved_models/600312.SH/nextday_all_days_close_profit_xgb_d3_400_reversal_fundamental_regime_sector_v1/feature_columns.txt",
    "validation_tail_predictions": "saved_models/600312.SH/nextday_all_days_close_profit_xgb_d3_400_reversal_fundamental_regime_sector_v1/validation_tail_predictions.csv",
    "metadata": "saved_models/600312.SH/nextday_all_days_close_profit_xgb_d3_400_reversal_fundamental_regime_sector_v1/metadata.json"
  },
  "usage_note": "This artifact is stock-specific. Use only for 600312.SH with the same feature-building pipeline."
}
[SAVE DONE] 600312.SH -> nextday_all_days_close_profit_xgb_d3_400_reversal_fundamental_regime_sector_v1

============================================================
[SAVE MODEL] 600312.SH -> nextday_all_days_close_profit_xgb_d3_600_reversal_fundamental_regime_v1
[SAMPLES] saved_data/600312_pipeline_out/03_sector/training_samples_with_sector.csv
[INTRADAY] saved_data/600312_pipeline_out/00_base/600312_5m.csv
[ARTIFACT_DIR] saved_models/600312.SH/nextday_all_days_close_profit_xgb_d3_600_reversal_fundamental_regime_v1
============================================================
{
  "artifact_created_at": "2026-05-13T02:05:10",
  "stock_code": "600312.SH",
  "artifact_name": "nextday_all_days_close_profit_xgb_d3_600_reversal_fundamental_regime_v1",
  "samples": "/root/stock_realtime_v021_full/saved_data/600312_pipeline_out/03_sector/training_samples_with_sector.csv",
  "intraday_bars": "/root/stock_realtime_v021_full/saved_data/600312_pipeline_out/00_base/600312_5m.csv",
  "feature_group": "reversal_fundamental_regime",
  "model_name": "xgb_d3_600_lr002_mcw3",
  "label_mode": "close_profit",
  "entry_policy": "all_days",
  "entry_vwap_premium_bps": 50.0,
  "label_col": "trade_close_profit_label",
  "return_col": "trade_net_close_return",
  "target_hit_bps": 50.0,
  "round_trip_cost_bps": 1.7,
  "threshold": 0.4884474158287048,
  "threshold_quantile": 0.8,
  "feature_count": 135,
  "rows": 1536,
  "train_rows_for_threshold": 1284,
  "valid_rows_for_threshold": 252,
  "final_train_entry_rows": 1536,
  "date_min": "2020-01-02",
  "date_max": "2026-05-11",
  "validation_tail_auc": 0.5802204724409449,
  "validation_tail_trade_metrics": {
    "trades": 51,
    "win_rate": 0.6666666666666666,
    "avg_return": 0.008000341715548526,
    "median_return": 0.005595534913517056,
    "compound_return": 0.4843585693183283,
    "max_drawdown": -0.04136535942898789,
    "profit_factor": 3.0040715057145624
  },
  "files": {
    "model": "saved_models/600312.SH/nextday_all_days_close_profit_xgb_d3_600_reversal_fundamental_regime_v1/model.joblib",
    "feature_median": "saved_models/600312.SH/nextday_all_days_close_profit_xgb_d3_600_reversal_fundamental_regime_v1/feature_median.csv",
    "feature_columns": "saved_models/600312.SH/nextday_all_days_close_profit_xgb_d3_600_reversal_fundamental_regime_v1/feature_columns.txt",
    "validation_tail_predictions": "saved_models/600312.SH/nextday_all_days_close_profit_xgb_d3_600_reversal_fundamental_regime_v1/validation_tail_predictions.csv",
    "metadata": "saved_models/600312.SH/nextday_all_days_close_profit_xgb_d3_600_reversal_fundamental_regime_v1/metadata.json"
  },
  "usage_note": "This artifact is stock-specific. Use only for 600312.SH with the same feature-building pipeline."
}
[SAVE DONE] 600312.SH -> nextday_all_days_close_profit_xgb_d3_600_reversal_fundamental_regime_v1

============================================================
[SAVE MODEL] 601899.SH -> nextday_vwap_low_close_profit_extra_trees_reversal_fundamental_regime_sector_zijin_v1
[SAMPLES] saved_data/601899_pipeline_out/03_sector/training_samples_with_sector.csv
[INTRADAY] saved_data/601899_pipeline_out/00_base/601899_5m.csv
[ARTIFACT_DIR] saved_models/601899.SH/nextday_vwap_low_close_profit_extra_trees_reversal_fundamental_regime_sector_zijin_v1
============================================================
{
  "artifact_created_at": "2026-05-13T02:05:39",
  "stock_code": "601899.SH",
  "artifact_name": "nextday_vwap_low_close_profit_extra_trees_reversal_fundamental_regime_sector_zijin_v1",
  "samples": "/root/stock_realtime_v021_full/saved_data/601899_pipeline_out/03_sector/training_samples_with_sector.csv",
  "intraday_bars": "/root/stock_realtime_v021_full/saved_data/601899_pipeline_out/00_base/601899_5m.csv",
  "feature_group": "reversal_fundamental_regime_sector",
  "model_name": "extra_trees_600_d3",
  "label_mode": "close_profit",
  "entry_policy": "vwap_low",
  "entry_vwap_premium_bps": 50.0,
  "label_col": "trade_close_profit_label",
  "return_col": "trade_net_close_return",
  "target_hit_bps": 50.0,
  "round_trip_cost_bps": 1.7,
  "threshold": 0.46440508707914696,
  "threshold_quantile": 0.6,
  "feature_count": 160,
  "rows": 1536,
  "train_rows_for_threshold": 1284,
  "valid_rows_for_threshold": 252,
  "final_train_entry_rows": 1497,
  "date_min": "2020-01-02",
  "date_max": "2026-05-11",
  "validation_tail_auc": 0.5250525243521996,
  "validation_tail_trade_metrics": {
    "trades": 86,
    "win_rate": 0.6046511627906976,
    "avg_return": 0.006390234525878067,
    "median_return": 0.0025685957529961757,
    "compound_return": 0.6900251328623979,
    "max_drawdown": -0.09499181527496015,
    "profit_factor": 2.1508167216825007
  },
  "files": {
    "model": "saved_models/601899.SH/nextday_vwap_low_close_profit_extra_trees_reversal_fundamental_regime_sector_zijin_v1/model.joblib",
    "feature_median": "saved_models/601899.SH/nextday_vwap_low_close_profit_extra_trees_reversal_fundamental_regime_sector_zijin_v1/feature_median.csv",
    "feature_columns": "saved_models/601899.SH/nextday_vwap_low_close_profit_extra_trees_reversal_fundamental_regime_sector_zijin_v1/feature_columns.txt",
    "validation_tail_predictions": "saved_models/601899.SH/nextday_vwap_low_close_profit_extra_trees_reversal_fundamental_regime_sector_zijin_v1/validation_tail_predictions.csv",
    "metadata": "saved_models/601899.SH/nextday_vwap_low_close_profit_extra_trees_reversal_fundamental_regime_sector_zijin_v1/metadata.json"
  },
  "usage_note": "This artifact is stock-specific. Use only for 601899.SH with the same feature-building pipeline."
}
[SAVE DONE] 601899.SH -> nextday_vwap_low_close_profit_extra_trees_reversal_fundamental_regime_sector_zijin_v1

============================================================
[SAVE MODEL] 601899.SH -> nextday_all_days_close_profit_xgb_d3_400_reversal_fundamental_regime_sector_v1
[SAMPLES] saved_data/601899_pipeline_out/03_sector/training_samples_with_sector.csv
[INTRADAY] saved_data/601899_pipeline_out/00_base/601899_5m.csv
[ARTIFACT_DIR] saved_models/601899.SH/nextday_all_days_close_profit_xgb_d3_400_reversal_fundamental_regime_sector_v1
============================================================
{
  "artifact_created_at": "2026-05-13T02:06:10",
  "stock_code": "601899.SH",
  "artifact_name": "nextday_all_days_close_profit_xgb_d3_400_reversal_fundamental_regime_sector_v1",
  "samples": "/root/stock_realtime_v021_full/saved_data/601899_pipeline_out/03_sector/training_samples_with_sector.csv",
  "intraday_bars": "/root/stock_realtime_v021_full/saved_data/601899_pipeline_out/00_base/601899_5m.csv",
  "feature_group": "reversal_fundamental_regime_sector",
  "model_name": "xgb_d3_400_lr003_mcw3",
  "label_mode": "close_profit",
  "entry_policy": "all_days",
  "entry_vwap_premium_bps": 50.0,
  "label_col": "trade_close_profit_label",
  "return_col": "trade_net_close_return",
  "target_hit_bps": 50.0,
  "round_trip_cost_bps": 1.7,
  "threshold": 0.43650429248809813,
  "threshold_quantile": 0.6,
  "feature_count": 160,
  "rows": 1536,
  "train_rows_for_threshold": 1284,
  "valid_rows_for_threshold": 252,
  "final_train_entry_rows": 1536,
  "date_min": "2020-01-02",
  "date_max": "2026-05-11",
  "validation_tail_auc": 0.5538295027694659,
  "validation_tail_trade_metrics": {
    "trades": 101,
    "win_rate": 0.6237623762376238,
    "avg_return": 0.005496367863200236,
    "median_return": 0.0029909195402297896,
    "compound_return": 0.695531357293276,
    "max_drawdown": -0.10643122359629709,
    "profit_factor": 1.9586587345396185
  },
  "files": {
    "model": "saved_models/601899.SH/nextday_all_days_close_profit_xgb_d3_400_reversal_fundamental_regime_sector_v1/model.joblib",
    "feature_median": "saved_models/601899.SH/nextday_all_days_close_profit_xgb_d3_400_reversal_fundamental_regime_sector_v1/feature_median.csv",
    "feature_columns": "saved_models/601899.SH/nextday_all_days_close_profit_xgb_d3_400_reversal_fundamental_regime_sector_v1/feature_columns.txt",
    "validation_tail_predictions": "saved_models/601899.SH/nextday_all_days_close_profit_xgb_d3_400_reversal_fundamental_regime_sector_v1/validation_tail_predictions.csv",
    "metadata": "saved_models/601899.SH/nextday_all_days_close_profit_xgb_d3_400_reversal_fundamental_regime_sector_v1/metadata.json"
  },
  "usage_note": "This artifact is stock-specific. Use only for 601899.SH with the same feature-building pipeline."
}
[SAVE DONE] 601899.SH -> nextday_all_days_close_profit_xgb_d3_400_reversal_fundamental_regime_sector_v1

============================================================
[SAVE MODEL] 603308.SH -> nextday_all_days_close_profit_xgb_d3_400_reversal_fundamental_regime_sector_external_aero_nuclear_v1
[SAMPLES] saved_data/603308_pipeline_out/04_external/aero_nuclear_equipment/training_samples_with_aero_nuclear_equipment_external.csv
[INTRADAY] saved_data/603308_pipeline_out/00_base/603308_5m.csv
[ARTIFACT_DIR] saved_models/603308.SH/nextday_all_days_close_profit_xgb_d3_400_reversal_fundamental_regime_sector_external_aero_nuclear_v1
============================================================
{
  "artifact_created_at": "2026-05-13T02:07:10",
  "stock_code": "603308.SH",
  "artifact_name": "nextday_all_days_close_profit_xgb_d3_400_reversal_fundamental_regime_sector_external_aero_nuclear_v1",
  "samples": "/root/stock_realtime_v021_full/saved_data/603308_pipeline_out/04_external/aero_nuclear_equipment/training_samples_with_aero_nuclear_equipment_external.csv",
  "intraday_bars": "/root/stock_realtime_v021_full/saved_data/603308_pipeline_out/00_base/603308_5m.csv",
  "feature_group": "reversal_fundamental_regime_sector_external",
  "model_name": "xgb_d3_400_lr003_mcw3",
  "label_mode": "close_profit",
  "entry_policy": "all_days",
  "entry_vwap_premium_bps": 50.0,
  "label_col": "trade_close_profit_label",
  "return_col": "trade_net_close_return",
  "target_hit_bps": 50.0,
  "round_trip_cost_bps": 1.7,
  "threshold": 0.519954264163971,
  "threshold_quantile": 0.8,
  "feature_count": 514,
  "rows": 1536,
  "train_rows_for_threshold": 1284,
  "valid_rows_for_threshold": 252,
  "final_train_entry_rows": 1536,
  "date_min": "2020-01-02",
  "date_max": "2026-05-11",
  "validation_tail_auc": 0.5516003024193549,
  "validation_tail_trade_metrics": {
    "trades": 51,
    "win_rate": 0.5686274509803921,
    "avg_return": 0.010053553642364215,
    "median_return": 0.004520706537672451,
    "compound_return": 0.6256471778282298,
    "max_drawdown": -0.10061225689695008,
    "profit_factor": 2.4069208275293454
  },
  "files": {
    "model": "saved_models/603308.SH/nextday_all_days_close_profit_xgb_d3_400_reversal_fundamental_regime_sector_external_aero_nuclear_v1/model.joblib",
    "feature_median": "saved_models/603308.SH/nextday_all_days_close_profit_xgb_d3_400_reversal_fundamental_regime_sector_external_aero_nuclear_v1/feature_median.csv",
    "feature_columns": "saved_models/603308.SH/nextday_all_days_close_profit_xgb_d3_400_reversal_fundamental_regime_sector_external_aero_nuclear_v1/feature_columns.txt",
    "validation_tail_predictions": "saved_models/603308.SH/nextday_all_days_close_profit_xgb_d3_400_reversal_fundamental_regime_sector_external_aero_nuclear_v1/validation_tail_predictions.csv",
    "metadata": "saved_models/603308.SH/nextday_all_days_close_profit_xgb_d3_400_reversal_fundamental_regime_sector_external_aero_nuclear_v1/metadata.json"
  },
  "usage_note": "This artifact is stock-specific. Use only for 603308.SH with the same feature-building pipeline."
}
[SAVE DONE] 603308.SH -> nextday_all_days_close_profit_xgb_d3_400_reversal_fundamental_regime_sector_external_aero_nuclear_v1

============================================================
[SAVE MODEL] 603308.SH -> nextday_vwap_low_close_profit_xgb_d3_600_reversal_fundamental_regime_sector_external_aero_nuclear_v1
[SAMPLES] saved_data/603308_pipeline_out/04_external/aero_nuclear_equipment/training_samples_with_aero_nuclear_equipment_external.csv
[INTRADAY] saved_data/603308_pipeline_out/00_base/603308_5m.csv
[ARTIFACT_DIR] saved_models/603308.SH/nextday_vwap_low_close_profit_xgb_d3_600_reversal_fundamental_regime_sector_external_aero_nuclear_v1
============================================================
{
  "artifact_created_at": "2026-05-13T02:08:27",
  "stock_code": "603308.SH",
  "artifact_name": "nextday_vwap_low_close_profit_xgb_d3_600_reversal_fundamental_regime_sector_external_aero_nuclear_v1",
  "samples": "/root/stock_realtime_v021_full/saved_data/603308_pipeline_out/04_external/aero_nuclear_equipment/training_samples_with_aero_nuclear_equipment_external.csv",
  "intraday_bars": "/root/stock_realtime_v021_full/saved_data/603308_pipeline_out/00_base/603308_5m.csv",
  "feature_group": "reversal_fundamental_regime_sector_external",
  "model_name": "xgb_d3_600_lr002_mcw3",
  "label_mode": "close_profit",
  "entry_policy": "vwap_low",
  "entry_vwap_premium_bps": 50.0,
  "label_col": "trade_close_profit_label",
  "return_col": "trade_net_close_return",
  "target_hit_bps": 50.0,
  "round_trip_cost_bps": 1.7,
  "threshold": 0.5799820423126221,
  "threshold_quantile": 0.8,
  "feature_count": 514,
  "rows": 1536,
  "train_rows_for_threshold": 1284,
  "valid_rows_for_threshold": 252,
  "final_train_entry_rows": 1399,
  "date_min": "2020-01-02",
  "date_max": "2026-05-11",
  "validation_tail_auc": 0.5598538306451614,
  "validation_tail_trade_metrics": {
    "trades": 34,
    "win_rate": 0.7352941176470589,
    "avg_return": 0.018616990208289448,
    "median_return": 0.011057814207946607,
    "compound_return": 0.8400513843861839,
    "max_drawdown": -0.030814152595372124,
    "profit_factor": 5.808553332147755
  },
  "files": {
    "model": "saved_models/603308.SH/nextday_vwap_low_close_profit_xgb_d3_600_reversal_fundamental_regime_sector_external_aero_nuclear_v1/model.joblib",
    "feature_median": "saved_models/603308.SH/nextday_vwap_low_close_profit_xgb_d3_600_reversal_fundamental_regime_sector_external_aero_nuclear_v1/feature_median.csv",
    "feature_columns": "saved_models/603308.SH/nextday_vwap_low_close_profit_xgb_d3_600_reversal_fundamental_regime_sector_external_aero_nuclear_v1/feature_columns.txt",
    "validation_tail_predictions": "saved_models/603308.SH/nextday_vwap_low_close_profit_xgb_d3_600_reversal_fundamental_regime_sector_external_aero_nuclear_v1/validation_tail_predictions.csv",
    "metadata": "saved_models/603308.SH/nextday_vwap_low_close_profit_xgb_d3_600_reversal_fundamental_regime_sector_external_aero_nuclear_v1/metadata.json"
  },
  "usage_note": "This artifact is stock-specific. Use only for 603308.SH with the same feature-building pipeline."
}
[SAVE DONE] 603308.SH -> nextday_vwap_low_close_profit_xgb_d3_600_reversal_fundamental_regime_sector_external_aero_nuclear_v1

============================================================
[SAVE MODEL] 603308.SH -> nextday_all_days_close_profit_xgb_d4_reversal_fundamental_regime_sector_v1
[SAMPLES] saved_data/603308_pipeline_out/03_sector/training_samples_with_sector.csv
[INTRADAY] saved_data/603308_pipeline_out/00_base/603308_5m.csv
[ARTIFACT_DIR] saved_models/603308.SH/nextday_all_days_close_profit_xgb_d4_reversal_fundamental_regime_sector_v1
============================================================
{
  "artifact_created_at": "2026-05-13T02:09:03",
  "stock_code": "603308.SH",
  "artifact_name": "nextday_all_days_close_profit_xgb_d4_reversal_fundamental_regime_sector_v1",
  "samples": "/root/stock_realtime_v021_full/saved_data/603308_pipeline_out/03_sector/training_samples_with_sector.csv",
  "intraday_bars": "/root/stock_realtime_v021_full/saved_data/603308_pipeline_out/00_base/603308_5m.csv",
  "feature_group": "reversal_fundamental_regime_sector",
  "model_name": "xgb_d4_500_lr002_mcw5",
  "label_mode": "close_profit",
  "entry_policy": "all_days",
  "entry_vwap_premium_bps": 50.0,
  "label_col": "trade_close_profit_label",
  "return_col": "trade_net_close_return",
  "target_hit_bps": 50.0,
  "round_trip_cost_bps": 1.7,
  "threshold": 0.30950190126895905,
  "threshold_quantile": 0.5,
  "feature_count": 160,
  "rows": 1536,
  "train_rows_for_threshold": 1284,
  "valid_rows_for_threshold": 252,
  "final_train_entry_rows": 1536,
  "date_min": "2020-01-02",
  "date_max": "2026-05-11",
  "validation_tail_auc": 0.5833543346774194,
  "validation_tail_trade_metrics": {
    "trades": 126,
    "win_rate": 0.5952380952380952,
    "avg_return": 0.010729108214879527,
    "median_return": 0.00578902838712592,
    "compound_return": 2.573252844614817,
    "max_drawdown": -0.11094602917969842,
    "profit_factor": 2.2652253040622723
  },
  "files": {
    "model": "saved_models/603308.SH/nextday_all_days_close_profit_xgb_d4_reversal_fundamental_regime_sector_v1/model.joblib",
    "feature_median": "saved_models/603308.SH/nextday_all_days_close_profit_xgb_d4_reversal_fundamental_regime_sector_v1/feature_median.csv",
    "feature_columns": "saved_models/603308.SH/nextday_all_days_close_profit_xgb_d4_reversal_fundamental_regime_sector_v1/feature_columns.txt",
    "validation_tail_predictions": "saved_models/603308.SH/nextday_all_days_close_profit_xgb_d4_reversal_fundamental_regime_sector_v1/validation_tail_predictions.csv",
    "metadata": "saved_models/603308.SH/nextday_all_days_close_profit_xgb_d4_reversal_fundamental_regime_sector_v1/metadata.json"
  },
  "usage_note": "This artifact is stock-specific. Use only for 603308.SH with the same feature-building pipeline."
}
[SAVE DONE] 603308.SH -> nextday_all_days_close_profit_xgb_d4_reversal_fundamental_regime_sector_v1

============================================================
[SAVE MODEL] 600096.SH -> nextday_vwap_low_close_profit_xgb_d4_reversal_fundamental_regime_sector_v1
[SAMPLES] saved_data/600096_pipeline_out/03_sector/training_samples_with_sector.csv
[INTRADAY] saved_data/600096_pipeline_out/00_base/600096_5m.csv
[ARTIFACT_DIR] saved_models/600096.SH/nextday_vwap_low_close_profit_xgb_d4_reversal_fundamental_regime_sector_v1
============================================================
{
  "artifact_created_at": "2026-05-13T02:09:39",
  "stock_code": "600096.SH",
  "artifact_name": "nextday_vwap_low_close_profit_xgb_d4_reversal_fundamental_regime_sector_v1",
  "samples": "/root/stock_realtime_v021_full/saved_data/600096_pipeline_out/03_sector/training_samples_with_sector.csv",
  "intraday_bars": "/root/stock_realtime_v021_full/saved_data/600096_pipeline_out/00_base/600096_5m.csv",
  "feature_group": "reversal_fundamental_regime_sector",
  "model_name": "xgb_d4_500_lr002_mcw5",
  "label_mode": "close_profit",
  "entry_policy": "vwap_low",
  "entry_vwap_premium_bps": 50.0,
  "label_col": "trade_close_profit_label",
  "return_col": "trade_net_close_return",
  "target_hit_bps": 50.0,
  "round_trip_cost_bps": 1.7,
  "threshold": 0.4717293083667755,
  "threshold_quantile": 0.8,
  "feature_count": 160,
  "rows": 1536,
  "train_rows_for_threshold": 1284,
  "valid_rows_for_threshold": 252,
  "final_train_entry_rows": 1494,
  "date_min": "2020-01-02",
  "date_max": "2026-05-11",
  "validation_tail_auc": 0.5135458669354838,
  "validation_tail_trade_metrics": {
    "trades": 42,
    "win_rate": 0.5714285714285714,
    "avg_return": 0.004371369495536708,
    "median_return": 0.0020954997692052037,
    "compound_return": 0.19284816301941765,
    "max_drawdown": -0.06274411928264256,
    "profit_factor": 1.8908106650071406
  },
  "files": {
    "model": "saved_models/600096.SH/nextday_vwap_low_close_profit_xgb_d4_reversal_fundamental_regime_sector_v1/model.joblib",
    "feature_median": "saved_models/600096.SH/nextday_vwap_low_close_profit_xgb_d4_reversal_fundamental_regime_sector_v1/feature_median.csv",
    "feature_columns": "saved_models/600096.SH/nextday_vwap_low_close_profit_xgb_d4_reversal_fundamental_regime_sector_v1/feature_columns.txt",
    "validation_tail_predictions": "saved_models/600096.SH/nextday_vwap_low_close_profit_xgb_d4_reversal_fundamental_regime_sector_v1/validation_tail_predictions.csv",
    "metadata": "saved_models/600096.SH/nextday_vwap_low_close_profit_xgb_d4_reversal_fundamental_regime_sector_v1/metadata.json"
  },
  "usage_note": "This artifact is stock-specific. Use only for 600096.SH with the same feature-building pipeline."
}
[SAVE DONE] 600096.SH -> nextday_vwap_low_close_profit_xgb_d4_reversal_fundamental_regime_sector_v1

============================================================
[SAVE MODEL] 600096.SH -> nextday_all_days_close_profit_xgb_d4_reversal_fundamental_regime_sector_v1
[SAMPLES] saved_data/600096_pipeline_out/03_sector/training_samples_with_sector.csv
[INTRADAY] saved_data/600096_pipeline_out/00_base/600096_5m.csv
[ARTIFACT_DIR] saved_models/600096.SH/nextday_all_days_close_profit_xgb_d4_reversal_fundamental_regime_sector_v1
============================================================
{
  "artifact_created_at": "2026-05-13T02:10:16",
  "stock_code": "600096.SH",
  "artifact_name": "nextday_all_days_close_profit_xgb_d4_reversal_fundamental_regime_sector_v1",
  "samples": "/root/stock_realtime_v021_full/saved_data/600096_pipeline_out/03_sector/training_samples_with_sector.csv",
  "intraday_bars": "/root/stock_realtime_v021_full/saved_data/600096_pipeline_out/00_base/600096_5m.csv",
  "feature_group": "reversal_fundamental_regime_sector",
  "model_name": "xgb_d4_500_lr002_mcw5",
  "label_mode": "close_profit",
  "entry_policy": "all_days",
  "entry_vwap_premium_bps": 50.0,
  "label_col": "trade_close_profit_label",
  "return_col": "trade_net_close_return",
  "target_hit_bps": 50.0,
  "round_trip_cost_bps": 1.7,
  "threshold": 0.4716151773929596,
  "threshold_quantile": 0.8,
  "feature_count": 160,
  "rows": 1536,
  "train_rows_for_threshold": 1284,
  "valid_rows_for_threshold": 252,
  "final_train_entry_rows": 1536,
  "date_min": "2020-01-02",
  "date_max": "2026-05-11",
  "validation_tail_auc": 0.5135458669354838,
  "validation_tail_trade_metrics": {
    "trades": 51,
    "win_rate": 0.5490196078431373,
    "avg_return": 0.004022574954905923,
    "median_return": 0.0007482736455464191,
    "compound_return": 0.2172746052436949,
    "max_drawdown": -0.06274411928264256,
    "profit_factor": 1.7872591705650362
  },
  "files": {
    "model": "saved_models/600096.SH/nextday_all_days_close_profit_xgb_d4_reversal_fundamental_regime_sector_v1/model.joblib",
    "feature_median": "saved_models/600096.SH/nextday_all_days_close_profit_xgb_d4_reversal_fundamental_regime_sector_v1/feature_median.csv",
    "feature_columns": "saved_models/600096.SH/nextday_all_days_close_profit_xgb_d4_reversal_fundamental_regime_sector_v1/feature_columns.txt",
    "validation_tail_predictions": "saved_models/600096.SH/nextday_all_days_close_profit_xgb_d4_reversal_fundamental_regime_sector_v1/validation_tail_predictions.csv",
    "metadata": "saved_models/600096.SH/nextday_all_days_close_profit_xgb_d4_reversal_fundamental_regime_sector_v1/metadata.json"
  },
  "usage_note": "This artifact is stock-specific. Use only for 600096.SH with the same feature-building pipeline."
}
[SAVE DONE] 600096.SH -> nextday_all_days_close_profit_xgb_d4_reversal_fundamental_regime_sector_v1

============================================================
[SAVE MODEL] 600096.SH -> nextday_all_days_hit80_xgb_d3_400_reversal_fundamental_regime_v1
[SAMPLES] saved_data/600096_pipeline_out/03_sector/training_samples_with_sector.csv
[INTRADAY] saved_data/600096_pipeline_out/00_base/600096_5m.csv
[ARTIFACT_DIR] saved_models/600096.SH/nextday_all_days_hit80_xgb_d3_400_reversal_fundamental_regime_v1
============================================================
{
  "artifact_created_at": "2026-05-13T02:10:45",
  "stock_code": "600096.SH",
  "artifact_name": "nextday_all_days_hit80_xgb_d3_400_reversal_fundamental_regime_v1",
  "samples": "/root/stock_realtime_v021_full/saved_data/600096_pipeline_out/03_sector/training_samples_with_sector.csv",
  "intraday_bars": "/root/stock_realtime_v021_full/saved_data/600096_pipeline_out/00_base/600096_5m.csv",
  "feature_group": "reversal_fundamental_regime",
  "model_name": "xgb_d3_400_lr003_mcw3",
  "label_mode": "hit",
  "entry_policy": "all_days",
  "entry_vwap_premium_bps": 50.0,
  "label_col": "trade_hit_label",
  "return_col": "trade_target_or_close_return",
  "target_hit_bps": 80.0,
  "round_trip_cost_bps": 1.7,
  "threshold": 0.5807473361492156,
  "threshold_quantile": 0.7,
  "feature_count": 137,
  "rows": 1536,
  "train_rows_for_threshold": 1284,
  "valid_rows_for_threshold": 252,
  "final_train_entry_rows": 1536,
  "date_min": "2020-01-02",
  "date_max": "2026-05-11",
  "validation_tail_auc": 0.5228143504005573,
  "validation_tail_trade_metrics": {
    "trades": 76,
    "win_rate": 0.6842105263157895,
    "avg_return": -0.0004446892661011819,
    "median_return": 0.008,
    "compound_return": -0.04058462461518875,
    "max_drawdown": -0.10254232910047067,
    "profit_factor": 0.9245509448232369
  },
  "files": {
    "model": "saved_models/600096.SH/nextday_all_days_hit80_xgb_d3_400_reversal_fundamental_regime_v1/model.joblib",
    "feature_median": "saved_models/600096.SH/nextday_all_days_hit80_xgb_d3_400_reversal_fundamental_regime_v1/feature_median.csv",
    "feature_columns": "saved_models/600096.SH/nextday_all_days_hit80_xgb_d3_400_reversal_fundamental_regime_v1/feature_columns.txt",
    "validation_tail_predictions": "saved_models/600096.SH/nextday_all_days_hit80_xgb_d3_400_reversal_fundamental_regime_v1/validation_tail_predictions.csv",
    "metadata": "saved_models/600096.SH/nextday_all_days_hit80_xgb_d3_400_reversal_fundamental_regime_v1/metadata.json"
  },
  "usage_note": "This artifact is stock-specific. Use only for 600096.SH with the same feature-building pipeline."
}
[SAVE DONE] 600096.SH -> nextday_all_days_hit80_xgb_d3_400_reversal_fundamental_regime_v1

============================================================
[SAVE MODEL] 002311.SZ -> nextday_vwap_low_close_profit_xgb_d3_600_reversal_fundamental_regime_sector_v1
[SAMPLES] saved_data/002311_pipeline_out/03_sector/training_samples_with_sector.csv
[INTRADAY] saved_data/002311_pipeline_out/00_base/002311_5m.csv
[ARTIFACT_DIR] saved_models/002311.SZ/nextday_vwap_low_close_profit_xgb_d3_600_reversal_fundamental_regime_sector_v1
============================================================
{
  "artifact_created_at": "2026-05-13T02:11:19",
  "stock_code": "002311.SZ",
  "artifact_name": "nextday_vwap_low_close_profit_xgb_d3_600_reversal_fundamental_regime_sector_v1",
  "samples": "/root/stock_realtime_v021_full/saved_data/002311_pipeline_out/03_sector/training_samples_with_sector.csv",
  "intraday_bars": "/root/stock_realtime_v021_full/saved_data/002311_pipeline_out/00_base/002311_5m.csv",
  "feature_group": "reversal_fundamental_regime_sector",
  "model_name": "xgb_d3_600_lr002_mcw3",
  "label_mode": "close_profit",
  "entry_policy": "vwap_low",
  "entry_vwap_premium_bps": 50.0,
  "label_col": "trade_close_profit_label",
  "return_col": "trade_net_close_return",
  "target_hit_bps": 50.0,
  "round_trip_cost_bps": 1.7,
  "threshold": 0.5425019145011902,
  "threshold_quantile": 0.8,
  "feature_count": 160,
  "rows": 1536,
  "train_rows_for_threshold": 1284,
  "valid_rows_for_threshold": 252,
  "final_train_entry_rows": 1506,
  "date_min": "2020-01-02",
  "date_max": "2026-05-11",
  "validation_tail_auc": 0.5133568548387096,
  "validation_tail_trade_metrics": {
    "trades": 45,
    "win_rate": 0.5777777777777777,
    "avg_return": 0.003070555981427102,
    "median_return": 0.002056408631615051,
    "compound_return": 0.13931720116412594,
    "max_drawdown": -0.07928480872873211,
    "profit_factor": 1.5633923172712825
  },
  "files": {
    "model": "saved_models/002311.SZ/nextday_vwap_low_close_profit_xgb_d3_600_reversal_fundamental_regime_sector_v1/model.joblib",
    "feature_median": "saved_models/002311.SZ/nextday_vwap_low_close_profit_xgb_d3_600_reversal_fundamental_regime_sector_v1/feature_median.csv",
    "feature_columns": "saved_models/002311.SZ/nextday_vwap_low_close_profit_xgb_d3_600_reversal_fundamental_regime_sector_v1/feature_columns.txt",
    "validation_tail_predictions": "saved_models/002311.SZ/nextday_vwap_low_close_profit_xgb_d3_600_reversal_fundamental_regime_sector_v1/validation_tail_predictions.csv",
    "metadata": "saved_models/002311.SZ/nextday_vwap_low_close_profit_xgb_d3_600_reversal_fundamental_regime_sector_v1/metadata.json"
  },
  "usage_note": "This artifact is stock-specific. Use only for 002311.SZ with the same feature-building pipeline."
}
[SAVE DONE] 002311.SZ -> nextday_vwap_low_close_profit_xgb_d3_600_reversal_fundamental_regime_sector_v1

============================================================
[SAVE MODEL] 002311.SZ -> nextday_all_days_close_profit_random_forest_reversal_fundamental_regime_sector_v1
[SAMPLES] saved_data/002311_pipeline_out/03_sector/training_samples_with_sector.csv
[INTRADAY] saved_data/002311_pipeline_out/00_base/002311_5m.csv
[ARTIFACT_DIR] saved_models/002311.SZ/nextday_all_days_close_profit_random_forest_reversal_fundamental_regime_sector_v1
============================================================
{
  "artifact_created_at": "2026-05-13T02:11:54",
  "stock_code": "002311.SZ",
  "artifact_name": "nextday_all_days_close_profit_random_forest_reversal_fundamental_regime_sector_v1",
  "samples": "/root/stock_realtime_v021_full/saved_data/002311_pipeline_out/03_sector/training_samples_with_sector.csv",
  "intraday_bars": "/root/stock_realtime_v021_full/saved_data/002311_pipeline_out/00_base/002311_5m.csv",
  "feature_group": "reversal_fundamental_regime_sector",
  "model_name": "random_forest_600_d4",
  "label_mode": "close_profit",
  "entry_policy": "all_days",
  "entry_vwap_premium_bps": 50.0,
  "label_col": "trade_close_profit_label",
  "return_col": "trade_net_close_return",
  "target_hit_bps": 50.0,
  "round_trip_cost_bps": 1.7,
  "threshold": 0.4536741122166454,
  "threshold_quantile": 0.5,
  "feature_count": 160,
  "rows": 1536,
  "train_rows_for_threshold": 1284,
  "valid_rows_for_threshold": 252,
  "final_train_entry_rows": 1536,
  "date_min": "2020-01-02",
  "date_max": "2026-05-11",
  "validation_tail_auc": 0.510710685483871,
  "validation_tail_trade_metrics": {
    "trades": 126,
    "win_rate": 0.5079365079365079,
    "avg_return": -0.0006041323152296668,
    "median_return": 0.0004207105835609716,
    "compound_return": -0.09327093196470548,
    "max_drawdown": -0.18373783774216168,
    "profit_factor": 0.920406179676961
  },
  "files": {
    "model": "saved_models/002311.SZ/nextday_all_days_close_profit_random_forest_reversal_fundamental_regime_sector_v1/model.joblib",
    "feature_median": "saved_models/002311.SZ/nextday_all_days_close_profit_random_forest_reversal_fundamental_regime_sector_v1/feature_median.csv",
    "feature_columns": "saved_models/002311.SZ/nextday_all_days_close_profit_random_forest_reversal_fundamental_regime_sector_v1/feature_columns.txt",
    "validation_tail_predictions": "saved_models/002311.SZ/nextday_all_days_close_profit_random_forest_reversal_fundamental_regime_sector_v1/validation_tail_predictions.csv",
    "metadata": "saved_models/002311.SZ/nextday_all_days_close_profit_random_forest_reversal_fundamental_regime_sector_v1/metadata.json"
  },
  "usage_note": "This artifact is stock-specific. Use only for 002311.SZ with the same feature-building pipeline."
}
[SAVE DONE] 002311.SZ -> nextday_all_days_close_profit_random_forest_reversal_fundamental_regime_sector_v1

============================================================
[SAVE MODEL] 002311.SZ -> nextday_all_days_hit80_lgbm_leaves15_reversal_fundamental_regime_v1
[SAMPLES] saved_data/002311_pipeline_out/03_sector/training_samples_with_sector.csv
[INTRADAY] saved_data/002311_pipeline_out/00_base/002311_5m.csv
[ARTIFACT_DIR] saved_models/002311.SZ/nextday_all_days_hit80_lgbm_leaves15_reversal_fundamental_regime_v1
============================================================
{
  "artifact_created_at": "2026-05-13T02:15:53",
  "stock_code": "002311.SZ",
  "artifact_name": "nextday_all_days_hit80_lgbm_leaves15_reversal_fundamental_regime_v1",
  "samples": "/root/stock_realtime_v021_full/saved_data/002311_pipeline_out/03_sector/training_samples_with_sector.csv",
  "intraday_bars": "/root/stock_realtime_v021_full/saved_data/002311_pipeline_out/00_base/002311_5m.csv",
  "feature_group": "reversal_fundamental_regime",
  "model_name": "lgbm_leaves15_700",
  "label_mode": "hit",
  "entry_policy": "all_days",
  "entry_vwap_premium_bps": 50.0,
  "label_col": "trade_hit_label",
  "return_col": "trade_target_or_close_return",
  "target_hit_bps": 80.0,
  "round_trip_cost_bps": 1.7,
  "threshold": 0.6645851008948153,
  "threshold_quantile": 0.7,
  "feature_count": 137,
  "rows": 1536,
  "train_rows_for_threshold": 1284,
  "valid_rows_for_threshold": 252,
  "final_train_entry_rows": 1536,
  "date_min": "2020-01-02",
  "date_max": "2026-05-11",
  "validation_tail_auc": 0.5097402597402598,
  "validation_tail_trade_metrics": {
    "trades": 76,
    "win_rate": 0.6578947368421053,
    "avg_return": -0.00041908991076833286,
    "median_return": 0.008,
    "compound_return": -0.03721935341633753,
    "max_drawdown": -0.11617592399820331,
    "profit_factor": 0.923197057671589
  },
  "files": {
    "model": "saved_models/002311.SZ/nextday_all_days_hit80_lgbm_leaves15_reversal_fundamental_regime_v1/model.joblib",
    "feature_median": "saved_models/002311.SZ/nextday_all_days_hit80_lgbm_leaves15_reversal_fundamental_regime_v1/feature_median.csv",
    "feature_columns": "saved_models/002311.SZ/nextday_all_days_hit80_lgbm_leaves15_reversal_fundamental_regime_v1/feature_columns.txt",
    "validation_tail_predictions": "saved_models/002311.SZ/nextday_all_days_hit80_lgbm_leaves15_reversal_fundamental_regime_v1/validation_tail_predictions.csv",
    "metadata": "saved_models/002311.SZ/nextday_all_days_hit80_lgbm_leaves15_reversal_fundamental_regime_v1/metadata.json"
  },
  "usage_note": "This artifact is stock-specific. Use only for 002311.SZ with the same feature-building pipeline."
}
[SAVE DONE] 002311.SZ -> nextday_all_days_hit80_lgbm_leaves15_reversal_fundamental_regime_v1

============================================================
[SAVE MODEL] 002311.SZ -> nextday_vwap_low_hit80_lgbm_leaves15_reversal_fundamental_regime_v1
[SAMPLES] saved_data/002311_pipeline_out/03_sector/training_samples_with_sector.csv
[INTRADAY] saved_data/002311_pipeline_out/00_base/002311_5m.csv
[ARTIFACT_DIR] saved_models/002311.SZ/nextday_vwap_low_hit80_lgbm_leaves15_reversal_fundamental_regime_v1
============================================================
{
  "artifact_created_at": "2026-05-13T02:19:51",
  "stock_code": "002311.SZ",
  "artifact_name": "nextday_vwap_low_hit80_lgbm_leaves15_reversal_fundamental_regime_v1",
  "samples": "/root/stock_realtime_v021_full/saved_data/002311_pipeline_out/03_sector/training_samples_with_sector.csv",
  "intraday_bars": "/root/stock_realtime_v021_full/saved_data/002311_pipeline_out/00_base/002311_5m.csv",
  "feature_group": "reversal_fundamental_regime",
  "model_name": "lgbm_leaves15_700",
  "label_mode": "hit",
  "entry_policy": "vwap_low",
  "entry_vwap_premium_bps": 50.0,
  "label_col": "trade_hit_label",
  "return_col": "trade_target_or_close_return",
  "target_hit_bps": 80.0,
  "round_trip_cost_bps": 1.7,
  "threshold": 0.6155409333972607,
  "threshold_quantile": 0.6,
  "feature_count": 137,
  "rows": 1536,
  "train_rows_for_threshold": 1284,
  "valid_rows_for_threshold": 252,
  "final_train_entry_rows": 1506,
  "date_min": "2020-01-02",
  "date_max": "2026-05-11",
  "validation_tail_auc": 0.5168963689371853,
  "validation_tail_trade_metrics": {
    "trades": 90,
    "win_rate": 0.6888888888888889,
    "avg_return": -0.0007682417206980183,
    "median_return": 0.008,
    "compound_return": -0.07495883655076674,
    "max_drawdown": -0.1813616458131243,
    "profit_factor": 0.8707603132493761
  },
  "files": {
    "model": "saved_models/002311.SZ/nextday_vwap_low_hit80_lgbm_leaves15_reversal_fundamental_regime_v1/model.joblib",
    "feature_median": "saved_models/002311.SZ/nextday_vwap_low_hit80_lgbm_leaves15_reversal_fundamental_regime_v1/feature_median.csv",
    "feature_columns": "saved_models/002311.SZ/nextday_vwap_low_hit80_lgbm_leaves15_reversal_fundamental_regime_v1/feature_columns.txt",
    "validation_tail_predictions": "saved_models/002311.SZ/nextday_vwap_low_hit80_lgbm_leaves15_reversal_fundamental_regime_v1/validation_tail_predictions.csv",
    "metadata": "saved_models/002311.SZ/nextday_vwap_low_hit80_lgbm_leaves15_reversal_fundamental_regime_v1/metadata.json"
  },
  "usage_note": "This artifact is stock-specific. Use only for 002311.SZ with the same feature-building pipeline."
}
[SAVE DONE] 002311.SZ -> nextday_vwap_low_hit80_lgbm_leaves15_reversal_fundamental_regime_v1

============================================================
[SAVE MODEL] 601985.SH -> nextday_all_days_close_profit_extra_trees_reversal_fundamental_regime_v1
[SAMPLES] saved_data/601985_pipeline_out/03_sector/training_samples_with_sector.csv
[INTRADAY] saved_data/601985_pipeline_out/00_base/601985_5m.csv
[ARTIFACT_DIR] saved_models/601985.SH/nextday_all_days_close_profit_extra_trees_reversal_fundamental_regime_v1
============================================================
{
  "artifact_created_at": "2026-05-13T02:20:19",
  "stock_code": "601985.SH",
  "artifact_name": "nextday_all_days_close_profit_extra_trees_reversal_fundamental_regime_v1",
  "samples": "/root/stock_realtime_v021_full/saved_data/601985_pipeline_out/03_sector/training_samples_with_sector.csv",
  "intraday_bars": "/root/stock_realtime_v021_full/saved_data/601985_pipeline_out/00_base/601985_5m.csv",
  "feature_group": "reversal_fundamental_regime",
  "model_name": "extra_trees_600_d3",
  "label_mode": "close_profit",
  "entry_policy": "all_days",
  "entry_vwap_premium_bps": 50.0,
  "label_col": "trade_close_profit_label",
  "return_col": "trade_net_close_return",
  "target_hit_bps": 50.0,
  "round_trip_cost_bps": 1.7,
  "threshold": 0.49687859792794065,
  "threshold_quantile": 0.5,
  "feature_count": 137,
  "rows": 1536,
  "train_rows_for_threshold": 1284,
  "valid_rows_for_threshold": 252,
  "final_train_entry_rows": 1536,
  "date_min": "2020-01-02",
  "date_max": "2026-05-11",
  "validation_tail_auc": 0.5205118312757202,
  "validation_tail_trade_metrics": {
    "trades": 126,
    "win_rate": 0.46825396825396826,
    "avg_return": 0.00023519514296240304,
    "median_return": -0.00016999999999999999,
    "compound_return": 0.025841135872676446,
    "max_drawdown": -0.06457460901709877,
    "profit_factor": 1.081444103268831
  },
  "files": {
    "model": "saved_models/601985.SH/nextday_all_days_close_profit_extra_trees_reversal_fundamental_regime_v1/model.joblib",
    "feature_median": "saved_models/601985.SH/nextday_all_days_close_profit_extra_trees_reversal_fundamental_regime_v1/feature_median.csv",
    "feature_columns": "saved_models/601985.SH/nextday_all_days_close_profit_extra_trees_reversal_fundamental_regime_v1/feature_columns.txt",
    "validation_tail_predictions": "saved_models/601985.SH/nextday_all_days_close_profit_extra_trees_reversal_fundamental_regime_v1/validation_tail_predictions.csv",
    "metadata": "saved_models/601985.SH/nextday_all_days_close_profit_extra_trees_reversal_fundamental_regime_v1/metadata.json"
  },
  "usage_note": "This artifact is stock-specific. Use only for 601985.SH with the same feature-building pipeline."
}
[SAVE DONE] 601985.SH -> nextday_all_days_close_profit_extra_trees_reversal_fundamental_regime_v1

============================================================
[SAVE MODEL] 600276.SH -> nextday_all_days_hit80_extra_trees_reversal_fundamental_regime_sector_v1
[SAMPLES] saved_data/600276_pipeline_out/03_sector/training_samples_with_sector.csv
[INTRADAY] saved_data/600276_pipeline_out/00_base/600276_5m.csv
[ARTIFACT_DIR] saved_models/600276.SH/nextday_all_days_hit80_extra_trees_reversal_fundamental_regime_sector_v1
============================================================
{
  "artifact_created_at": "2026-05-13T02:20:48",
  "stock_code": "600276.SH",
  "artifact_name": "nextday_all_days_hit80_extra_trees_reversal_fundamental_regime_sector_v1",
  "samples": "/root/stock_realtime_v021_full/saved_data/600276_pipeline_out/03_sector/training_samples_with_sector.csv",
  "intraday_bars": "/root/stock_realtime_v021_full/saved_data/600276_pipeline_out/00_base/600276_5m.csv",
  "feature_group": "reversal_fundamental_regime_sector",
  "model_name": "extra_trees_600_d3",
  "label_mode": "hit",
  "entry_policy": "all_days",
  "entry_vwap_premium_bps": 50.0,
  "label_col": "trade_hit_label",
  "return_col": "trade_target_or_close_return",
  "target_hit_bps": 80.0,
  "round_trip_cost_bps": 1.7,
  "threshold": 0.4767518148075813,
  "threshold_quantile": 0.8,
  "feature_count": 158,
  "rows": 1536,
  "train_rows_for_threshold": 1284,
  "valid_rows_for_threshold": 252,
  "final_train_entry_rows": 1536,
  "date_min": "2020-01-02",
  "date_max": "2026-05-11",
  "validation_tail_auc": 0.5782224532224531,
  "validation_tail_trade_metrics": {
    "trades": 51,
    "win_rate": 0.7254901960784313,
    "avg_return": 0.0010106087136823659,
    "median_return": 0.008,
    "compound_return": 0.04892078840205172,
    "max_drawdown": -0.11856450191031731,
    "profit_factor": 1.2390260313371766
  },
  "files": {
    "model": "saved_models/600276.SH/nextday_all_days_hit80_extra_trees_reversal_fundamental_regime_sector_v1/model.joblib",
    "feature_median": "saved_models/600276.SH/nextday_all_days_hit80_extra_trees_reversal_fundamental_regime_sector_v1/feature_median.csv",
    "feature_columns": "saved_models/600276.SH/nextday_all_days_hit80_extra_trees_reversal_fundamental_regime_sector_v1/feature_columns.txt",
    "validation_tail_predictions": "saved_models/600276.SH/nextday_all_days_hit80_extra_trees_reversal_fundamental_regime_sector_v1/validation_tail_predictions.csv",
    "metadata": "saved_models/600276.SH/nextday_all_days_hit80_extra_trees_reversal_fundamental_regime_sector_v1/metadata.json"
  },
  "usage_note": "This artifact is stock-specific. Use only for 600276.SH with the same feature-building pipeline."
}
[SAVE DONE] 600276.SH -> nextday_all_days_hit80_extra_trees_reversal_fundamental_regime_sector_v1

============================================================
[SAVE MODEL] 002714.SZ -> nextday_vwap_low_close_profit_random_forest_reversal_fundamental_regime_sector_v1
[SAMPLES] saved_data/002714_pipeline_out/03_sector/training_samples_with_sector.csv
[INTRADAY] saved_data/002714_pipeline_out/00_base/002714_5m.csv
[ARTIFACT_DIR] saved_models/002714.SZ/nextday_vwap_low_close_profit_random_forest_reversal_fundamental_regime_sector_v1
============================================================
{
  "artifact_created_at": "2026-05-13T02:21:22",
  "stock_code": "002714.SZ",
  "artifact_name": "nextday_vwap_low_close_profit_random_forest_reversal_fundamental_regime_sector_v1",
  "samples": "/root/stock_realtime_v021_full/saved_data/002714_pipeline_out/03_sector/training_samples_with_sector.csv",
  "intraday_bars": "/root/stock_realtime_v021_full/saved_data/002714_pipeline_out/00_base/002714_5m.csv",
  "feature_group": "reversal_fundamental_regime_sector",
  "model_name": "random_forest_600_d4",
  "label_mode": "close_profit",
  "entry_policy": "vwap_low",
  "entry_vwap_premium_bps": 50.0,
  "label_col": "trade_close_profit_label",
  "return_col": "trade_net_close_return",
  "target_hit_bps": 50.0,
  "round_trip_cost_bps": 1.7,
  "threshold": 0.4614914878625146,
  "threshold_quantile": 0.6,
  "feature_count": 160,
  "rows": 1536,
  "train_rows_for_threshold": 1284,
  "valid_rows_for_threshold": 252,
  "final_train_entry_rows": 1510,
  "date_min": "2020-01-02",
  "date_max": "2026-05-11",
  "validation_tail_auc": 0.5490545616604062,
  "validation_tail_trade_metrics": {
    "trades": 91,
    "win_rate": 0.5054945054945055,
    "avg_return": -0.0003144811233029233,
    "median_return": 8.176233635448854e-05,
    "compound_return": -0.04022329152898174,
    "max_drawdown": -0.15152760451670666,
    "profit_factor": 0.9519303749599576
  },
  "files": {
    "model": "saved_models/002714.SZ/nextday_vwap_low_close_profit_random_forest_reversal_fundamental_regime_sector_v1/model.joblib",
    "feature_median": "saved_models/002714.SZ/nextday_vwap_low_close_profit_random_forest_reversal_fundamental_regime_sector_v1/feature_median.csv",
    "feature_columns": "saved_models/002714.SZ/nextday_vwap_low_close_profit_random_forest_reversal_fundamental_regime_sector_v1/feature_columns.txt",
    "validation_tail_predictions": "saved_models/002714.SZ/nextday_vwap_low_close_profit_random_forest_reversal_fundamental_regime_sector_v1/validation_tail_predictions.csv",
    "metadata": "saved_models/002714.SZ/nextday_vwap_low_close_profit_random_forest_reversal_fundamental_regime_sector_v1/metadata.json"
  },
  "usage_note": "This artifact is stock-specific. Use only for 002714.SZ with the same feature-building pipeline."
}
[SAVE DONE] 002714.SZ -> nextday_vwap_low_close_profit_random_forest_reversal_fundamental_regime_sector_v1

============================================================
[ALL DONE] 2026-05-13 02:21:23
[MIGRATE_FAILED] 0
[REBUILD_FAILED] 0
[SAVE_FAILED] 0
[MIGRATE_SUMMARY] saved_data/model_search_queue_logs/canonicalize_only_stages_20260513_013008/migrate_summary.csv
[REBUILD_SUMMARY] saved_data/model_search_queue_logs/canonicalize_only_stages_20260513_013008/rebuild_summary.csv
[SAVE_SUMMARY] saved_data/model_search_queue_logs/canonicalize_only_stages_20260513_013008/save_summary.csv
============================================================
