=== nextday pipeline start: 2026-05-12T02:00:54 ===
symbol=002311.SZ, out_root=/root/workspace/stock_realtime_v021_full/saved_data/002311_pipeline_out_v2_all14

[2026-05-12T02:00:54] RUN update_data
  /usr/bin/python3 bootstrap/ashare_xgb_dual_opportunity_regression_baostock_full_v19_compressed_trading_axis.py --mode update_data --symbol 002311 --benchmark_symbol 000300 --daily_start 2018-01-01 --daily_end 2026-05-12 --intraday_start '2018-01-01 09:30:00' --intraday_end '2026-05-12 15:00:00' --output_dir /root/workspace/stock_realtime_v021_full/saved_data/002311_pipeline_out_v2_all14/00_base --cache_mode incremental --feature_cache_mode incremental --adjust qfq
/root/workspace/stock_realtime_v021_full/bootstrap/ashare_fetch_and_train_xgb_sell_signal_baostock_state_cache_helper_fix2.py:246: FutureWarning: The behavior of DataFrame concatenation with empty or all-NA entries is deprecated. In a future version, this will no longer exclude empty or all-NA columns when determining the result dtypes. To retain the old behavior, exclude the relevant entries before the concat operation.
  merged = _normalize_daily_df(pd.concat([df_old, df_new], axis=0, ignore_index=True))
/root/workspace/stock_realtime_v021_full/bootstrap/ashare_fetch_and_train_xgb_sell_signal_baostock_state_cache_helper_fix2.py:248: FutureWarning: The behavior of DataFrame concatenation with empty or all-NA entries is deprecated. In a future version, this will no longer exclude empty or all-NA columns when determining the result dtypes. To retain the old behavior, exclude the relevant entries before the concat operation.
  merged = _normalize_intraday_df(pd.concat([df_old, df_new], axis=0, ignore_index=True))
/root/workspace/stock_realtime_v021_full/bootstrap/ashare_fetch_and_train_xgb_sell_signal_baostock_state_cache_helper_fix2.py:254: FutureWarning: The behavior of DataFrame concatenation with empty or all-NA entries is deprecated. In a future version, this will no longer exclude empty or all-NA columns when determining the result dtypes. To retain the old behavior, exclude the relevant entries before the concat operation.
  merged = _normalize_bench_df(pd.concat([df_old, df_new], axis=0, ignore_index=True))
/root/workspace/stock_realtime_v021_full/bootstrap/ashare_fetch_and_train_xgb_sell_signal_baostock_state_cache_helper_fix2.py:250: FutureWarning: The behavior of DataFrame concatenation with empty or all-NA entries is deprecated. In a future version, this will no longer exclude empty or all-NA columns when determining the result dtypes. To retain the old behavior, exclude the relevant entries before the concat operation.
  merged = _normalize_daily_feature_df(pd.concat([df_old, df_new], axis=0, ignore_index=True))
/root/workspace/stock_realtime_v021_full/bootstrap/ashare_fetch_and_train_xgb_sell_signal_baostock_state_cache_helper_fix2.py:252: FutureWarning: The behavior of DataFrame concatenation with empty or all-NA entries is deprecated. In a future version, this will no longer exclude empty or all-NA columns when determining the result dtypes. To retain the old behavior, exclude the relevant entries before the concat operation.
  merged = _normalize_intraday_feature_df(pd.concat([df_old, df_new], axis=0, ignore_index=True))
login success!
logout success!
login success!
logout success!
login success!
logout success!
{
  "mode": "update_data",
  "symbol": "002311",
  "data_source": "baostock",
  "daily_rows": 2023,
  "intraday_rows": 73728,
  "daily_min": "2018-01-02 00:00:00",
  "daily_max": "2026-05-11 00:00:00",
  "intraday_min": "2020-01-02 09:35:00",
  "intraday_max": "2026-05-11 15:00:00",
  "base_paths": {
    "daily_csv": "/root/workspace/stock_realtime_v021_full/saved_data/002311_pipeline_out_v2_all14/00_base/002311_daily.csv",
    "intraday_csv": "/root/workspace/stock_realtime_v021_full/saved_data/002311_pipeline_out_v2_all14/00_base/002311_5m.csv",
    "benchmark_csv": "/root/workspace/stock_realtime_v021_full/saved_data/002311_pipeline_out_v2_all14/00_base/000300_benchmark_daily.csv",
    "raw_daily_cache_csv": "/root/workspace/stock_realtime_v021_full/saved_data/002311_pipeline_out_v2_all14/00_base/raw_cache/002311_daily_raw.csv",
    "raw_intraday_cache_csv": "/root/workspace/stock_realtime_v021_full/saved_data/002311_pipeline_out_v2_all14/00_base/raw_cache/002311_5m_raw.csv",
    "raw_benchmark_cache_csv": "/root/workspace/stock_realtime_v021_full/saved_data/002311_pipeline_out_v2_all14/00_base/raw_cache/000300_benchmark_daily_raw.csv",
    "daily_features_csv": "/root/workspace/stock_realtime_v021_full/saved_data/002311_pipeline_out_v2_all14/00_base/daily_features.csv",
    "intraday_features_csv": "/root/workspace/stock_realtime_v021_full/saved_data/002311_pipeline_out_v2_all14/00_base/intraday_features.csv",
    "daily_features_cache_csv": "/root/workspace/stock_realtime_v021_full/saved_data/002311_pipeline_out_v2_all14/00_base/feature_cache/daily_features_cache.csv",
    "intraday_features_cache_csv": "/root/workspace/stock_realtime_v021_full/saved_data/002311_pipeline_out_v2_all14/00_base/feature_cache/intraday_features_cache.csv",
    "feature_state_json": "/root/workspace/stock_realtime_v021_full/saved_data/002311_pipeline_out_v2_all14/00_base/feature_cache/feature_state.json"
  },
  "fetch_logs": {
    "symbol": "002311",
    "benchmark_symbol": "000300",
    "daily_start": "2018-01-01",
    "daily_end": "2026-05-12",
    "intraday_start": "2018-01-01 09:30:00",
    "intraday_end": "2026-05-12 15:00:00",
    "perf_start": "2018-01-01",
    "data_source": "baostock",
    "cache_mode": "incremental",
    "force_refresh": false,
    "raw_cache_dir": "/root/workspace/stock_realtime_v021_full/saved_data/002311_pipeline_out_v2_all14/00_base/raw_cache",
    "feature_cache_dir": "/root/workspace/stock_realtime_v021_full/saved_data/002311_pipeline_out_v2_all14/00_base/feature_cache",
    "feature_cache_mode": "incremental",
    "daily": {
      "cache_path": "/root/workspace/stock_realtime_v021_full/saved_data/002311_pipeline_out_v2_all14/00_base/raw_cache/002311_daily_raw.csv",
      "requested_start": "2018-01-01",
      "requested_end": "2026-05-12",
      "mode": "initial_fetch",
      "fetch_segments": [
        {
          "provider": "baostock",
          "code": "sz.002311",
          "adjustflag": "2",
          "rows": 2023,
          "start": "2018-01-01",
          "end": "2026-05-12"
        }
      ],
      "cache_after": {
        "rows": 2023,
        "min": "2018-01-02 00:00:00",
        "max": "2026-05-11 00:00:00"
      }
    },
    "intraday_5m": {
      "cache_path": "/root/workspace/stock_realtime_v021_full/saved_data/002311_pipeline_out_v2_all14/00_base/raw_cache/002311_5m_raw.csv",
      "requested_start": "2018-01-01 09:30:00",
      "requested_end": "2026-05-12 15:00:00",
      "mode": "initial_fetch",
      "fetch_segments": [
        {
          "provider": "baostock",
          "code": "sz.002311",
          "adjustflag": "2",
          "requested_start": "2018-01-01 09:30:00",
          "effective_start": "2018-01-01 09:30:00",
          "requested_end": "2026-05-12 15:00:00",
          "rows": 73728
        }
      ],
      "cache_after": {
        "rows": 73728,
        "min": "2020-01-02 09:35:00",
        "max": "2026-05-11 15:00:00"
      }
    },
    "benchmark_daily": {
      "cache_path": "/root/workspace/stock_realtime_v021_full/saved_data/002311_pipeline_out_v2_all14/00_base/raw_cache/000300_benchmark_daily_raw.csv",
      "requested_start": "2018-01-01",
      "requested_end": "2026-05-12",
      "mode": "initial_fetch",
      "fetch_segments": [
        {
          "provider": "baostock",
          "code": "sh.000300",
          "rows": 2023,
          "start": "2018-01-01",
          "end": "2026-05-12"
        }
      ],
      "cache_after": {
        "rows": 2023,
        "min": "2018-01-02 00:00:00",
        "max": "2026-05-11 00:00:00"
      }
    },
    "feature_build": {
      "mode": "full_rebuild",
      "reason": "feature_cache_missing",
      "daily_cache_after": {
        "rows": 2023,
        "min": "2018-01-02 00:00:00",
        "max": "2026-05-11 00:00:00"
      },
      "intraday_cache_after": {
        "rows": 73728,
        "min": "2020-01-02 09:35:00",
        "max": "2026-05-11 15:00:00"
      },
      "daily_context_days": 260,
      "intraday_context_days": 40,
      "daily_appended_rows": 2023,
      "intraday_appended_rows": 73728
    },
    "feature_state": {
      "daily_feature_max": "2026-05-11 00:00:00",
      "intraday_feature_max": "2026-05-11 15:00:00",
      "daily_context_days": 260,
      "intraday_context_days": 40,
      "feature_build_mode": "full_rebuild"
    }
  }
}

[2026-05-12T02:03:26] RUN samples
  /usr/bin/python3 feature_building/build_nextday_samples_from_baostock.py --daily-features /root/workspace/stock_realtime_v021_full/saved_data/002311_pipeline_out_v2_all14/00_base/daily_features.csv --intraday-bars /root/workspace/stock_realtime_v021_full/saved_data/002311_pipeline_out_v2_all14/00_base/002311_5m.csv --out-dir /root/workspace/stock_realtime_v021_full/saved_data/002311_pipeline_out_v2_all14/01_samples --min-bars 40 --keep-unlabeled-tail
{
  "rows": 1536,
  "date_min": "2020-01-02",
  "date_max": "2026-05-11",
  "out": "/root/workspace/stock_realtime_v021_full/saved_data/002311_pipeline_out_v2_all14/01_samples/training_samples.csv"
}

[2026-05-12T02:03:27] RUN fundamental
  /usr/bin/python3 feature_building/build_fundamental_features.py --symbol 002311.SZ --daily-samples /root/workspace/stock_realtime_v021_full/saved_data/002311_pipeline_out_v2_all14/01_samples/training_samples.csv --out-dir /root/workspace/stock_realtime_v021_full/saved_data/002311_pipeline_out_v2_all14/02_fundamental --start-date 2018-01-01 --end-date 2026-05-12 --fallback-lag-days 120
login success!
logout success!
{
  "rows": 1536,
  "date_min": "2020-01-02",
  "date_max": "2026-05-11",
  "source_errors": [],
  "top_missing_rates": {
    "ak_fund_小单净流入-净额_sum10": 0.9244791666666666,
    "ak_fund_主力净流入-净额_sum10": 0.9244791666666666,
    "ak_fund_主力净流入-净占比_sum10": 0.9244791666666666,
    "ak_fund_涨跌幅_sum10": 0.9244791666666666,
    "ak_fund_收盘价_sum10": 0.9244791666666666,
    "ak_fund_中单净流入-净额_sum10": 0.9244791666666666,
    "ak_fund_中单净流入-净占比_sum10": 0.9244791666666666,
    "ak_fund_小单净流入-净占比_sum10": 0.9244791666666666,
    "ak_fund_超大单净流入-净额_sum10": 0.9244791666666666,
    "ak_fund_大单净流入-净额_sum10": 0.9244791666666666,
    "ak_fund_大单净流入-净占比_sum10": 0.9244791666666666,
    "ak_fund_超大单净流入-净占比_sum10": 0.9244791666666666,
    "ak_fund_涨跌幅_sum5": 0.9231770833333334,
    "ak_fund_主力净流入-净占比_sum5": 0.9231770833333334,
    "ak_fund_主力净流入-净额_sum5": 0.9231770833333334,
    "ak_fund_收盘价_sum5": 0.9231770833333334,
    "ak_fund_超大单净流入-净占比_sum5": 0.9231770833333334,
    "ak_fund_中单净流入-净占比_sum5": 0.9231770833333334,
    "ak_fund_中单净流入-净额_sum5": 0.9231770833333334,
    "ak_fund_小单净流入-净额_sum5": 0.9231770833333334,
    "ak_fund_小单净流入-净占比_sum5": 0.9231770833333334,
    "ak_fund_大单净流入-净占比_sum5": 0.9231770833333334,
    "ak_fund_大单净流入-净额_sum5": 0.9231770833333334,
    "ak_fund_超大单净流入-净额_sum5": 0.9231770833333334,
    "ak_fund_大单净流入-净额": 0.921875,
    "ak_fund_超大单净流入-净占比": 0.921875,
    "ak_fund_超大单净流入-净额": 0.921875,
    "ak_fund_收盘价": 0.921875,
    "ak_fund_涨跌幅": 0.921875,
    "ak_fund_中单净流入-净额": 0.921875
  },
  "valuation_non_null": {
    "peTTM": 1536,
    "pbMRQ": 1536,
    "psTTM": 1536,
    "pcfNcfTTM": 1536
  },
  "future_effective_date_violations": 0,
  "rows_with_quarterly": 1536,
  "sample_rows": 1536,
  "quarterly_raw_rows": 37,
  "quarterly_used_pubDate_rows": 37,
  "quarterly_fallback_rows": 0,
  "elapsed_seconds": 18.154,
  "symbol": "002311",
  "baostock_code": "sz.002311",
  "valuation_rows": 2023,
  "fund_flow_rows": 120,
  "feature_columns": 125,
  "merged_columns": 194,
  "outputs": {
    "daily_valuation": "/root/workspace/stock_realtime_v021_full/saved_data/002311_pipeline_out_v2_all14/02_fundamental/baostock_daily_valuation.csv",
    "quarterly_fundamentals": "/root/workspace/stock_realtime_v021_full/saved_data/002311_pipeline_out_v2_all14/02_fundamental/baostock_quarterly_fundamentals_pit.csv",
    "fundamental_features": "/root/workspace/stock_realtime_v021_full/saved_data/002311_pipeline_out_v2_all14/02_fundamental/fundamental_features.csv",
    "merged_samples": "/root/workspace/stock_realtime_v021_full/saved_data/002311_pipeline_out_v2_all14/02_fundamental/training_samples_with_fundamentals.csv"
  }
}

[2026-05-12T02:03:46] RUN sector
  /usr/bin/python3 feature_building/build_sector_features.py --samples /root/workspace/stock_realtime_v021_full/saved_data/002311_pipeline_out_v2_all14/02_fundamental/training_samples_with_fundamentals.csv --out-dir /root/workspace/stock_realtime_v021_full/saved_data/002311_pipeline_out_v2_all14/03_sector --sector-symbol '农产品加工' --start-date 2018-01-01 --end-date 2026-05-12

  0%|          | 0/9 [00:00<?, ?it/s]
 11%|█         | 1/9 [00:00<00:01,  4.51it/s]
 22%|██▏       | 2/9 [00:00<00:01,  4.49it/s]
 33%|███▎      | 3/9 [00:00<00:01,  3.94it/s]
 44%|████▍     | 4/9 [00:00<00:01,  4.11it/s]
 56%|█████▌    | 5/9 [00:01<00:00,  4.03it/s]
 67%|██████▋   | 6/9 [00:01<00:00,  4.14it/s]
 78%|███████▊  | 7/9 [00:01<00:00,  4.02it/s]
 89%|████████▉ | 8/9 [00:01<00:00,  3.93it/s]
100%|██████████| 9/9 [00:02<00:00,  4.12it/s]
                                             
{
  "sector_symbol": "农产品加工",
  "sector_rows": 2023,
  "sector_date_min": "2018-01-02",
  "sector_date_max": "2026-05-11",
  "sample_rows": 1536,
  "merged_rows": 1536,
  "sector_feature_cols": 23,
  "top_missing": {
    "sector_ret60": 0.0390625,
    "sector_ma60_gap": 0.01953125,
    "stock_vs_sector_ret20": 0.013020833333333334,
    "sector_ret20": 0.013020833333333334,
    "sector_vol20": 0.007161458333333333,
    "sector_ma20_gap": 0.006510416666666667,
    "sector_range_z20": 0.006510416666666667,
    "sector_volume_shock20": 0.006510416666666667,
    "sector_amount_z20": 0.006510416666666667,
    "sector_volume_z20": 0.006510416666666667,
    "sector_amount_shock20": 0.006510416666666667,
    "sector_ret5": 0.0032552083333333335,
    "stock_vs_sector_ret5": 0.0032552083333333335,
    "sector_vs_bench_ret5": 0.0032552083333333335,
    "stock_vs_sector_ret1": 0.0006510416666666666,
    "sector_ret1": 0.0006510416666666666,
    "sector_amount": 0.0,
    "sector_volume": 0.0,
    "sector_close": 0.0,
    "sector_low": 0.0
  },
  "outputs": {
    "sector_index": "/root/workspace/stock_realtime_v021_full/saved_data/002311_pipeline_out_v2_all14/03_sector/sector_index_ths.csv",
    "sector_features": "/root/workspace/stock_realtime_v021_full/saved_data/002311_pipeline_out_v2_all14/03_sector/sector_features.csv",
    "merged_samples": "/root/workspace/stock_realtime_v021_full/saved_data/002311_pipeline_out_v2_all14/03_sector/training_samples_with_sector.csv"
  }
}

[2026-05-12T02:03:50] RUN external_feed
  /usr/bin/python3 feature_building/build_haida_feed_external_features.py --samples /root/workspace/stock_realtime_v021_full/saved_data/002311_pipeline_out_v2_all14/03_sector/training_samples_with_sector.csv --out-dir /root/workspace/stock_realtime_v021_full/saved_data/002311_pipeline_out_v2_all14/04_external/feed --lag-days 1
/root/workspace/stock_realtime_v021_full/feature_building/build_haida_feed_external_features.py:30: FutureWarning: The default fill_method='pad' in Series.pct_change is deprecated and will be removed in a future version. Either fill in any non-leading NA values prior to calling pct_change or specify 'fill_method=None' to not fill NA values.
  out[f"{col}_ret1"] = out[col].pct_change()
/root/workspace/stock_realtime_v021_full/feature_building/build_haida_feed_external_features.py:30: FutureWarning: The default fill_method='pad' in Series.pct_change is deprecated and will be removed in a future version. Either fill in any non-leading NA values prior to calling pct_change or specify 'fill_method=None' to not fill NA values.
  out[f"{col}_ret1"] = out[col].pct_change()
{
  "sample_rows": 1536,
  "raw_rows": 5200,
  "raw_date_min": "2005-01-04",
  "raw_date_max": "2026-05-11",
  "feature_cols": 214,
  "lag_days": 1,
  "errors": {},
  "top_missing": {
    "feed_hog_volume_z60": 0.17447916666666666,
    "feed_hog_close_ret20": 0.17447916666666666,
    "feed_hog_range_pct_z60": 0.17447916666666666,
    "feed_hog_range_pct_ret20": 0.17447916666666666,
    "feed_hog_hold_z60": 0.17447916666666666,
    "feed_hog_hold_ret20": 0.17447916666666666,
    "feed_hog_cost_ratio_ret20": 0.17447916666666666,
    "feed_hog_cost_ratio_z60": 0.17447916666666666,
    "feed_hog_close_z60": 0.17447916666666666,
    "feed_hog_volume_ret20": 0.17447916666666666,
    "feed_hog_close_ma20_gap": 0.16796875,
    "feed_hog_volume_ma20_gap": 0.16796875,
    "feed_hog_range_pct_z20": 0.16796875,
    "feed_hog_hold_z20": 0.16796875,
    "feed_hog_volume_z20": 0.16796875,
    "feed_hog_close_z20": 0.16796875,
    "feed_hog_cost_ratio_ma20_gap": 0.16796875,
    "feed_hog_cost_ratio_z20": 0.16796875,
    "feed_hog_hold_ma20_gap": 0.16796875,
    "feed_hog_range_pct_ma20_gap": 0.16796875,
    "feed_hog_range_pct_ret5": 0.16471354166666666,
    "feed_hog_hold_ret5": 0.16471354166666666,
    "feed_hog_volume_ret5": 0.16471354166666666,
    "feed_hog_cost_ratio_ret5": 0.16471354166666666,
    "feed_hog_close_ret5": 0.16471354166666666,
    "feed_hog_hold_ret1": 0.162109375,
    "feed_hog_close_ret1": 0.162109375,
    "feed_hog_cost_ratio_ret1": 0.162109375,
    "feed_hog_volume_ret1": 0.162109375,
    "feed_hog_range_pct_ret1": 0.162109375
  },
  "outputs": {
    "features": "/root/workspace/stock_realtime_v021_full/saved_data/002311_pipeline_out_v2_all14/04_external/feed/feed_futures_features.csv",
    "merged_samples": "/root/workspace/stock_realtime_v021_full/saved_data/002311_pipeline_out_v2_all14/04_external/feed/training_samples_with_feed_external.csv"
  }
}

[2026-05-12T02:03:55] RUN external_hog
  /usr/bin/python3 feature_building/build_hog_industry_features.py --samples /root/workspace/stock_realtime_v021_full/saved_data/002311_pipeline_out_v2_all14/04_external/feed/training_samples_with_feed_external.csv --out-dir /root/workspace/stock_realtime_v021_full/saved_data/002311_pipeline_out_v2_all14/04_external/hog --lag-days 1
/root/workspace/stock_realtime_v021_full/feature_building/build_hog_industry_features.py:92: FutureWarning: The default fill_method='pad' in Series.pct_change is deprecated and will be removed in a future version. Either fill in any non-leading NA values prior to calling pct_change or specify 'fill_method=None' to not fill NA values.
  out[f"{col}_ret1"] = out[col].pct_change()
/root/workspace/stock_realtime_v021_full/feature_building/build_hog_industry_features.py:92: FutureWarning: The default fill_method='pad' in Series.pct_change is deprecated and will be removed in a future version. Either fill in any non-leading NA values prior to calling pct_change or specify 'fill_method=None' to not fill NA values.
  out[f"{col}_ret1"] = out[col].pct_change()
/root/workspace/stock_realtime_v021_full/feature_building/build_hog_industry_features.py:92: FutureWarning: The default fill_method='pad' in Series.pct_change is deprecated and will be removed in a future version. Either fill in any non-leading NA values prior to calling pct_change or specify 'fill_method=None' to not fill NA values.
  out[f"{col}_ret1"] = out[col].pct_change()
/root/workspace/stock_realtime_v021_full/feature_building/build_hog_industry_features.py:92: FutureWarning: The default fill_method='pad' in Series.pct_change is deprecated and will be removed in a future version. Either fill in any non-leading NA values prior to calling pct_change or specify 'fill_method=None' to not fill NA values.
  out[f"{col}_ret1"] = out[col].pct_change()
/root/workspace/stock_realtime_v021_full/feature_building/build_hog_industry_features.py:92: FutureWarning: The default fill_method='pad' in Series.pct_change is deprecated and will be removed in a future version. Either fill in any non-leading NA values prior to calling pct_change or specify 'fill_method=None' to not fill NA values.
  out[f"{col}_ret1"] = out[col].pct_change()
/root/workspace/stock_realtime_v021_full/feature_building/build_hog_industry_features.py:92: FutureWarning: The default fill_method='pad' in Series.pct_change is deprecated and will be removed in a future version. Either fill in any non-leading NA values prior to calling pct_change or specify 'fill_method=None' to not fill NA values.
  out[f"{col}_ret1"] = out[col].pct_change()
/root/workspace/stock_realtime_v021_full/feature_building/build_hog_industry_features.py:92: FutureWarning: The default fill_method='pad' in Series.pct_change is deprecated and will be removed in a future version. Either fill in any non-leading NA values prior to calling pct_change or specify 'fill_method=None' to not fill NA values.
  out[f"{col}_ret1"] = out[col].pct_change()
{
  "sample_rows": 1536,
  "raw_rows": 1551,
  "raw_date_min": "2018-11-04",
  "raw_date_max": "2026-05-11",
  "feature_cols": 80,
  "lag_days": 1,
  "errors": {},
  "top_missing": {
    "hog_pork_wholesale_ret20": 0.9700520833333334,
    "hog_pork_wholesale_z60": 0.9700520833333334,
    "hog_pork_wholesale_ret5": 0.9680989583333334,
    "hog_pork_wholesale_z20": 0.9674479166666666,
    "hog_pork_wholesale_ma20_gap": 0.9674479166666666,
    "hog_pork_wholesale": 0.9641927083333334,
    "hog_pork_wholesale_ret1": 0.9641927083333334,
    "hog_pig_corn_ratio_z60": 0.9322916666666666,
    "hog_pig_corn_ratio_ma20_gap": 0.90234375,
    "hog_pig_corn_ratio_z20": 0.90234375,
    "hog_sow_ret5": 0.9010416666666666,
    "hog_sow_ret20": 0.9010416666666666,
    "hog_fut_spot_basis_z60": 0.88671875,
    "hog_fut_spot_basis": 0.8763020833333334,
    "hog_pig_corn_ratio_ret20": 0.869140625,
    "hog_sow_z20": 0.8684895833333334,
    "hog_sow_ma20_gap": 0.8684895833333334,
    "hog_sow_z60": 0.8658854166666666,
    "hog_corn_ret20": 0.8522135416666666,
    "hog_soymeal_ret20": 0.8522135416666666,
    "hog_feed_cost_ret20": 0.8522135416666666,
    "hog_soymeal_z60": 0.8522135416666666,
    "hog_spot_ret20": 0.8522135416666666,
    "hog_corn_z60": 0.8522135416666666,
    "hog_spot_z60": 0.8522135416666666,
    "hog_soymeal_ma20_gap": 0.8470052083333334,
    "hog_spot_z20": 0.8470052083333334,
    "hog_corn_ma20_gap": 0.8470052083333334,
    "hog_soymeal_z20": 0.8470052083333334,
    "hog_corn_z20": 0.8470052083333334
  },
  "outputs": {
    "raw": "/root/workspace/stock_realtime_v021_full/saved_data/002311_pipeline_out_v2_all14/04_external/hog/hog_industry_raw.csv",
    "features": "/root/workspace/stock_realtime_v021_full/saved_data/002311_pipeline_out_v2_all14/04_external/hog/hog_industry_features.csv",
    "merged_samples": "/root/workspace/stock_realtime_v021_full/saved_data/002311_pipeline_out_v2_all14/04_external/hog/training_samples_with_hog_industry.csv"
  }
}
[INFO] final samples for search: /root/workspace/stock_realtime_v021_full/saved_data/002311_pipeline_out_v2_all14/04_external/hog/training_samples_with_hog_industry.csv

[2026-05-12T02:04:00] RUN search_vwap_low_hit_50bps
  /usr/bin/python3 model_training/search_walk_forward_model_complexity.py --samples /root/workspace/stock_realtime_v021_full/saved_data/002311_pipeline_out_v2_all14/04_external/hog/training_samples_with_hog_industry.csv --intraday-bars /root/workspace/stock_realtime_v021_full/saved_data/002311_pipeline_out_v2_all14/00_base/002311_5m.csv --out-dir /root/workspace/stock_realtime_v021_full/saved_data/002311_pipeline_out_v2_all14/10_search/search_vwap_low_hit_50bps --round-trip-cost-bps 1.7 --target-hit-bps 50.0 --label-mode hit --entry-policy vwap_low --entry-vwap-premium-bps 50.0 --max-missing 0.35 --groups reversal_fundamental_regime,reversal_fundamental_regime_sector,reversal_fundamental_regime_sector_external,all_no_ak --models xgb_d2_200_lr003_mcw5,xgb_d3_400_lr003_mcw3,xgb_d3_600_lr002_mcw3,xgb_d4_500_lr002_mcw5,lgbm_leaves7_400,lgbm_leaves15_700,extra_trees_600_d3,random_forest_600_d4 --quantiles 0.5,0.6,0.7,0.8 --train-rows 756 --valid-rows 126 --test-rows 63 --min-valid-trades 8 --min-train-entries 80
{
  "rows": 1535,
  "target_hit_bps": 50.0,
  "label_mode": "hit",
  "entry_policy": "vwap_low",
  "entry_vwap_premium_bps": 50.0,
  "groups": {
    "reversal_fundamental_regime": 137,
    "reversal_fundamental_regime_sector": 160,
    "reversal_fundamental_regime_sector_external": 402,
    "all_no_ak": 457
  },
  "models": [
    "xgb_d2_200_lr003_mcw5",
    "xgb_d3_400_lr003_mcw3",
    "xgb_d3_600_lr002_mcw3",
    "xgb_d4_500_lr002_mcw5",
    "extra_trees_600_d3",
    "random_forest_600_d4",
    "lgbm_leaves7_400",
    "lgbm_leaves15_700"
  ],
  "top": [
    {
      "entry_policy": "vwap_low",
      "feature_group": "reversal_fundamental_regime",
      "model_name": "xgb_d3_600_lr002_mcw3",
      "target_hit_bps": 50.0,
      "trades": 156,
      "win_rate": 0.8269230769230769,
      "avg_return": 0.0011368138554210326,
      "median_return": 0.005,
      "compound_return": 0.18517776941643227,
      "max_drawdown": -0.09604654149495218,
      "profit_factor": 1.3827595492530729,
      "windows": 10
    },
    {
      "entry_policy": "vwap_low",
      "feature_group": "reversal_fundamental_regime",
      "model_name": "lgbm_leaves15_700",
      "target_hit_bps": 50.0,
      "trades": 163,
      "win_rate": 0.8098159509202454,
      "avg_return": 0.0009075582476904784,
      "median_return": 0.005,
      "compound_return": 0.14950302654721792,
      "max_drawdown": -0.10054382238303705,
      "profit_factor": 1.2913548064358784,
      "windows": 10
    },
    {
      "entry_policy": "vwap_low",
      "feature_group": "reversal_fundamental_regime_sector",
      "model_name": "xgb_d4_500_lr002_mcw5",
      "target_hit_bps": 50.0,
      "trades": 177,
      "win_rate": 0.8192090395480226,
      "avg_return": 0.0008120418263021771,
      "median_return": 0.005,
      "compound_return": 0.14365347857340183,
      "max_drawdown": -0.09464111819288112,
      "profit_factor": 1.2476788639735938,
      "windows": 10
    },
    {
      "entry_policy": "vwap_low",
      "feature_group": "reversal_fundamental_regime_sector",
      "model_name": "random_forest_600_d4",
      "target_hit_bps": 50.0,
      "trades": 146,
      "win_rate": 0.8493150684931506,
      "avg_return": 0.0009702377600731803,
      "median_return": 0.005,
      "compound_return": 0.14160554725995533,
      "max_drawdown": -0.10808682085760002,
      "profit_factor": 1.2967272853323952,
      "windows": 10
    },
    {
      "entry_policy": "vwap_low",
      "feature_group": "reversal_fundamental_regime_sector",
      "model_name": "xgb_d3_600_lr002_mcw3",
      "target_hit_bps": 50.0,
      "trades": 136,
      "win_rate": 0.8308823529411765,
      "avg_return": 0.001003509838279281,
      "median_return": 0.005,
      "compound_return": 0.13814195785604877,
      "max_drawdown": -0.08241933011380664,
      "profit_factor": 1.319194742515606,
      "windows": 10
    },
    {
      "entry_policy": "vwap_low",
      "feature_group": "reversal_fundamental_regime_sector",
      "model_name": "xgb_d3_400_lr003_mcw3",
      "target_hit_bps": 50.0,
      "trades": 140,
      "win_rate": 0.8285714285714286,
      "avg_return": 0.0009222446226950523,
      "median_return": 0.005,
      "compound_return": 0.12949653816506812,
      "max_drawdown": -0.08698440807343921,
      "profit_factor": 1.2869647316855304,
      "windows": 10
    },
    {
      "entry_policy": "vwap_low",
      "feature_group": "reversal_fundamental_regime_sector",
      "model_name": "lgbm_leaves15_700",
      "target_hit_bps": 50.0,
      "trades": 178,
      "win_rate": 0.8089887640449438,
      "avg_return": 0.0006659312207494095,
      "median_return": 0.005,
      "compound_return": 0.11562271160799664,
      "max_drawdown": -0.09914539123669774,
      "profit_factor": 1.1973920734993773,
      "windows": 10
    },
    {
      "entry_policy": "vwap_low",
      "feature_group": "all_no_ak",
      "model_name": "random_forest_600_d4",
      "target_hit_bps": 50.0,
      "trades": 218,
      "win_rate": 0.8073394495412844,
      "avg_return": 0.0005430737917669394,
      "median_return": 0.005,
      "compound_return": 0.11235715480594943,
      "max_drawdown": -0.11931083659781516,
      "profit_factor": 1.1561567175990386,
      "windows": 10
    },
    {
      "entry_policy": "vwap_low",
      "feature_group": "reversal_fundamental_regime_sector",
      "model_name": "lgbm_leaves7_400",
      "target_hit_bps": 50.0,
      "trades": 131,
      "win_rate": 0.8015267175572519,
      "avg_return": 0.0008108117856746386,
      "median_return": 0.005,
      "compound_return": 0.10565550746277896,
      "max_drawdown": -0.08066236310967712,
      "profit_factor": 1.2542103126584296,
      "windows": 10
    },
    {
      "entry_policy": "vwap_low",
      "feature_group": "reversal_fundamental_regime",
      "model_name": "random_forest_600_d4",
      "target_hit_bps": 50.0,
      "trades": 165,
      "win_rate": 0.8424242424242424,
      "avg_return": 0.0005967908246069613,
      "median_return": 0.005,
      "compound_return": 0.09139933350911456,
      "max_drawdown": -0.12356197960496151,
      "profit_factor": 1.165336981105062,
      "windows": 10
    },
    {
      "entry_policy": "vwap_low",
      "feature_group": "all_no_ak",
      "model_name": "extra_trees_600_d3",
      "target_hit_bps": 50.0,
      "trades": 224,
      "win_rate": 0.7901785714285714,
      "avg_return": 0.0004182956942402916,
      "median_return": 0.005,
      "compound_return": 0.08514674363338326,
      "max_drawdown": -0.11398805833924319,
      "profit_factor": 1.1185960949077427,
      "windows": 10
    },
    {
      "entry_policy": "vwap_low",
      "feature_group": "reversal_fundamental_regime",
      "model_name": "lgbm_leaves7_400",
      "target_hit_bps": 50.0,
      "trades": 149,
      "win_rate": 0.7919463087248322,
      "avg_return": 0.0005867294297652589,
      "median_return": 0.005,
      "compound_return": 0.08296224418601716,
      "max_drawdown": -0.09604654149495229,
      "profit_factor": 1.175460319812343,
      "windows": 10
    },
    {
      "entry_policy": "vwap_low",
      "feature_group": "all_no_ak",
      "model_name": "lgbm_leaves7_400",
      "target_hit_bps": 50.0,
      "trades": 198,
      "win_rate": 0.7676767676767676,
      "avg_return": 0.00042543433731502995,
      "median_return": 0.005,
      "compound_return": 0.07828490465523497,
      "max_drawdown": -0.10833055556726745,
      "profit_factor": 1.1248294009726507,
      "windows": 10
    },
    {
      "entry_policy": "vwap_low",
      "feature_group": "reversal_fundamental_regime",
      "model_name": "xgb_d2_200_lr003_mcw5",
      "target_hit_bps": 50.0,
      "trades": 164,
      "win_rate": 0.8109756097560976,
      "avg_return": 0.0005074401441178646,
      "median_return": 0.005,
      "compound_return": 0.07573052472847253,
      "max_drawdown": -0.11931083659781494,
      "profit_factor": 1.1432793272168913,
      "windows": 10
    },
    {
      "entry_policy": "vwap_low",
      "feature_group": "reversal_fundamental_regime_sector_external",
      "model_name": "xgb_d2_200_lr003_mcw5",
      "target_hit_bps": 50.0,
      "trades": 188,
      "win_rate": 0.7872340425531915,
      "avg_return": 0.00042368148099561397,
      "median_return": 0.005,
      "compound_return": 0.07212019247317092,
      "max_drawdown": -0.10472207524914467,
      "profit_factor": 1.120796152200276,
      "windows": 10
    },
    {
      "entry_policy": "vwap_low",
      "feature_group": "reversal_fundamental_regime",
      "model_name": "extra_trees_600_d3",
      "target_hit_bps": 50.0,
      "trades": 225,
      "win_rate": 0.8,
      "avg_return": 0.0003402616894717315,
      "median_return": 0.005,
      "compound_return": 0.06581223671087355,
      "max_drawdown": -0.16910854772513773,
      "profit_factor": 1.0930822803141127,
      "windows": 10
    },
    {
      "entry_policy": "vwap_low",
      "feature_group": "reversal_fundamental_regime_sector",
      "model_name": "xgb_d2_200_lr003_mcw5",
      "target_hit_bps": 50.0,
      "trades": 158,
      "win_rate": 0.8164556962025317,
      "avg_return": 0.00042696125034618547,
      "median_return": 0.005,
      "compound_return": 0.058845297305796684,
      "max_drawdown": -0.12337273349208466,
      "profit_factor": 1.11699899848895,
      "windows": 10
    },
    {
      "entry_policy": "vwap_low",
      "feature_group": "all_no_ak",
      "model_name": "xgb_d2_200_lr003_mcw5",
      "target_hit_bps": 50.0,
      "trades": 204,
      "win_rate": 0.7892156862745098,
      "avg_return": 0.0003119725511286365,
      "median_return": 0.005,
      "compound_return": 0.0530406635776961,
      "max_drawdown": -0.11268463194675948,
      "profit_factor": 1.0859564831854707,
      "windows": 10
    },
    {
      "entry_policy": "vwap_low",
      "feature_group": "all_no_ak",
      "model_name": "lgbm_leaves15_700",
      "target_hit_bps": 50.0,
      "trades": 173,
      "win_rate": 0.7745664739884393,
      "avg_return": 0.0002485372104314803,
      "median_return": 0.005,
      "compound_return": 0.03527578404516274,
      "max_drawdown": -0.12353201742961428,
      "profit_factor": 1.0686799345075475,
      "windows": 10
    },
    {
      "entry_policy": "vwap_low",
      "feature_group": "reversal_fundamental_regime_sector_external",
      "model_name": "xgb_d4_500_lr002_mcw5",
      "target_hit_bps": 50.0,
      "trades": 164,
      "win_rate": 0.7926829268292683,
      "avg_return": 0.00024805076228913745,
      "median_return": 0.005,
      "compound_return": 0.031572156087709136,
      "max_drawdown": -0.10378045846082395,
      "profit_factor": 1.0672413213714502,
      "windows": 10
    }
  ]
}

[2026-05-12T02:14:04] RUN search_vwap_low_hit_80bps
  /usr/bin/python3 model_training/search_walk_forward_model_complexity.py --samples /root/workspace/stock_realtime_v021_full/saved_data/002311_pipeline_out_v2_all14/04_external/hog/training_samples_with_hog_industry.csv --intraday-bars /root/workspace/stock_realtime_v021_full/saved_data/002311_pipeline_out_v2_all14/00_base/002311_5m.csv --out-dir /root/workspace/stock_realtime_v021_full/saved_data/002311_pipeline_out_v2_all14/10_search/search_vwap_low_hit_80bps --round-trip-cost-bps 1.7 --target-hit-bps 80.0 --label-mode hit --entry-policy vwap_low --entry-vwap-premium-bps 50.0 --max-missing 0.35 --groups reversal_fundamental_regime,reversal_fundamental_regime_sector,reversal_fundamental_regime_sector_external,all_no_ak --models xgb_d2_200_lr003_mcw5,xgb_d3_400_lr003_mcw3,xgb_d3_600_lr002_mcw3,xgb_d4_500_lr002_mcw5,lgbm_leaves7_400,lgbm_leaves15_700,extra_trees_600_d3,random_forest_600_d4 --quantiles 0.5,0.6,0.7,0.8 --train-rows 756 --valid-rows 126 --test-rows 63 --min-valid-trades 8 --min-train-entries 80
{
  "rows": 1535,
  "target_hit_bps": 80.0,
  "label_mode": "hit",
  "entry_policy": "vwap_low",
  "entry_vwap_premium_bps": 50.0,
  "groups": {
    "reversal_fundamental_regime": 137,
    "reversal_fundamental_regime_sector": 160,
    "reversal_fundamental_regime_sector_external": 402,
    "all_no_ak": 457
  },
  "models": [
    "xgb_d2_200_lr003_mcw5",
    "xgb_d3_400_lr003_mcw3",
    "xgb_d3_600_lr002_mcw3",
    "xgb_d4_500_lr002_mcw5",
    "extra_trees_600_d3",
    "random_forest_600_d4",
    "lgbm_leaves7_400",
    "lgbm_leaves15_700"
  ],
  "top": [
    {
      "entry_policy": "vwap_low",
      "feature_group": "reversal_fundamental_regime",
      "model_name": "random_forest_600_d4",
      "target_hit_bps": 80.0,
      "trades": 187,
      "win_rate": 0.7593582887700535,
      "avg_return": 0.0019361307107563298,
      "median_return": 0.008,
      "compound_return": 0.4162520661981066,
      "max_drawdown": -0.11404514331518745,
      "profit_factor": 1.4906079740734335,
      "windows": 10
    },
    {
      "entry_policy": "vwap_low",
      "feature_group": "reversal_fundamental_regime",
      "model_name": "lgbm_leaves15_700",
      "target_hit_bps": 80.0,
      "trades": 158,
      "win_rate": 0.759493670886076,
      "avg_return": 0.002145008426426337,
      "median_return": 0.008,
      "compound_return": 0.3880660269373788,
      "max_drawdown": -0.06421373083476412,
      "profit_factor": 1.578307072953935,
      "windows": 10
    },
    {
      "entry_policy": "vwap_low",
      "feature_group": "reversal_fundamental_regime",
      "model_name": "lgbm_leaves7_400",
      "target_hit_bps": 80.0,
      "trades": 167,
      "win_rate": 0.7365269461077845,
      "avg_return": 0.0018532682728179969,
      "median_return": 0.008,
      "compound_return": 0.348145229229641,
      "max_drawdown": -0.07917278788861581,
      "profit_factor": 1.4769004842302182,
      "windows": 10
    },
    {
      "entry_policy": "vwap_low",
      "feature_group": "reversal_fundamental_regime",
      "model_name": "extra_trees_600_d3",
      "target_hit_bps": 80.0,
      "trades": 229,
      "win_rate": 0.7161572052401747,
      "avg_return": 0.0013206617026288179,
      "median_return": 0.008,
      "compound_return": 0.3303014247704741,
      "max_drawdown": -0.15906621641829732,
      "profit_factor": 1.3098311417728998,
      "windows": 10
    },
    {
      "entry_policy": "vwap_low",
      "feature_group": "reversal_fundamental_regime_sector",
      "model_name": "xgb_d4_500_lr002_mcw5",
      "target_hit_bps": 80.0,
      "trades": 167,
      "win_rate": 0.718562874251497,
      "avg_return": 0.0016998884634198347,
      "median_return": 0.008,
      "compound_return": 0.31437702872782736,
      "max_drawdown": -0.08617220885952936,
      "profit_factor": 1.4421162355417572,
      "windows": 10
    },
    {
      "entry_policy": "vwap_low",
      "feature_group": "reversal_fundamental_regime_sector",
      "model_name": "xgb_d3_400_lr003_mcw3",
      "target_hit_bps": 80.0,
      "trades": 165,
      "win_rate": 0.7212121212121212,
      "avg_return": 0.0015654785357989143,
      "median_return": 0.008,
      "compound_return": 0.28038394388604027,
      "max_drawdown": -0.0778687344878296,
      "profit_factor": 1.3907903397725432,
      "windows": 10
    },
    {
      "entry_policy": "vwap_low",
      "feature_group": "reversal_fundamental_regime_sector",
      "model_name": "xgb_d2_200_lr003_mcw5",
      "target_hit_bps": 80.0,
      "trades": 152,
      "win_rate": 0.7236842105263158,
      "avg_return": 0.001659649641886803,
      "median_return": 0.008,
      "compound_return": 0.27372379321822193,
      "max_drawdown": -0.11184383800332809,
      "profit_factor": 1.4164677482887227,
      "windows": 10
    },
    {
      "entry_policy": "vwap_low",
      "feature_group": "reversal_fundamental_regime",
      "model_name": "xgb_d4_500_lr002_mcw5",
      "target_hit_bps": 80.0,
      "trades": 156,
      "win_rate": 0.7243589743589743,
      "avg_return": 0.0016083774607678774,
      "median_return": 0.008,
      "compound_return": 0.27172758872880953,
      "max_drawdown": -0.09532728868320994,
      "profit_factor": 1.400418517978112,
      "windows": 10
    },
    {
      "entry_policy": "vwap_low",
      "feature_group": "reversal_fundamental_regime_sector",
      "model_name": "lgbm_leaves15_700",
      "target_hit_bps": 80.0,
      "trades": 190,
      "win_rate": 0.7052631578947368,
      "avg_return": 0.0013113822289880716,
      "median_return": 0.008,
      "compound_return": 0.2669202269628752,
      "max_drawdown": -0.1495563519288876,
      "profit_factor": 1.3194277167879007,
      "windows": 10
    },
    {
      "entry_policy": "vwap_low",
      "feature_group": "reversal_fundamental_regime",
      "model_name": "xgb_d3_400_lr003_mcw3",
      "target_hit_bps": 80.0,
      "trades": 200,
      "win_rate": 0.73,
      "avg_return": 0.0012576034776839362,
      "median_return": 0.008,
      "compound_return": 0.2663991603241007,
      "max_drawdown": -0.12309441459398651,
      "profit_factor": 1.2871441661691072,
      "windows": 10
    },
    {
      "entry_policy": "vwap_low",
      "feature_group": "reversal_fundamental_regime",
      "model_name": "xgb_d2_200_lr003_mcw5",
      "target_hit_bps": 80.0,
      "trades": 186,
      "win_rate": 0.7204301075268817,
      "avg_return": 0.0013145986276460382,
      "median_return": 0.008,
      "compound_return": 0.25929191050566636,
      "max_drawdown": -0.09851584336499952,
      "profit_factor": 1.3076362718157344,
      "windows": 10
    },
    {
      "entry_policy": "vwap_low",
      "feature_group": "all_no_ak",
      "model_name": "xgb_d2_200_lr003_mcw5",
      "target_hit_bps": 80.0,
      "trades": 200,
      "win_rate": 0.71,
      "avg_return": 0.000986595199435104,
      "median_return": 0.008,
      "compound_return": 0.1996462032572166,
      "max_drawdown": -0.11404514331518767,
      "profit_factor": 1.220518005240782,
      "windows": 10
    },
    {
      "entry_policy": "vwap_low",
      "feature_group": "reversal_fundamental_regime_sector",
      "model_name": "random_forest_600_d4",
      "target_hit_bps": 80.0,
      "trades": 186,
      "win_rate": 0.7204301075268817,
      "avg_return": 0.0010269807382117847,
      "median_return": 0.008,
      "compound_return": 0.1922165227545718,
      "max_drawdown": -0.12306208893379689,
      "profit_factor": 1.2249902039625231,
      "windows": 10
    },
    {
      "entry_policy": "vwap_low",
      "feature_group": "reversal_fundamental_regime_sector",
      "model_name": "lgbm_leaves7_400",
      "target_hit_bps": 80.0,
      "trades": 127,
      "win_rate": 0.7165354330708661,
      "avg_return": 0.0013500840322976536,
      "median_return": 0.008,
      "compound_return": 0.17667971952406547,
      "max_drawdown": -0.11019956502945383,
      "profit_factor": 1.3227265001525115,
      "windows": 10
    },
    {
      "entry_policy": "vwap_low",
      "feature_group": "reversal_fundamental_regime",
      "model_name": "xgb_d3_600_lr002_mcw3",
      "target_hit_bps": 80.0,
      "trades": 147,
      "win_rate": 0.7278911564625851,
      "avg_return": 0.0011714785709892558,
      "median_return": 0.008,
      "compound_return": 0.17421947716078212,
      "max_drawdown": -0.08954576560903271,
      "profit_factor": 1.2640640604164166,
      "windows": 10
    },
    {
      "entry_policy": "vwap_low",
      "feature_group": "reversal_fundamental_regime_sector_external",
      "model_name": "xgb_d4_500_lr002_mcw5",
      "target_hit_bps": 80.0,
      "trades": 219,
      "win_rate": 0.680365296803653,
      "avg_return": 0.0006387594861801419,
      "median_return": 0.008,
      "compound_return": 0.13157339791511014,
      "max_drawdown": -0.11324329343183193,
      "profit_factor": 1.1384702810890202,
      "windows": 10
    },
    {
      "entry_policy": "vwap_low",
      "feature_group": "reversal_fundamental_regime_sector",
      "model_name": "extra_trees_600_d3",
      "target_hit_bps": 80.0,
      "trades": 220,
      "win_rate": 0.6863636363636364,
      "avg_return": 0.0006278347735117971,
      "median_return": 0.008,
      "compound_return": 0.12784029092283,
      "max_drawdown": -0.17455918656725766,
      "profit_factor": 1.1307820508306032,
      "windows": 10
    },
    {
      "entry_policy": "vwap_low",
      "feature_group": "reversal_fundamental_regime_sector_external",
      "model_name": "xgb_d3_400_lr003_mcw3",
      "target_hit_bps": 80.0,
      "trades": 211,
      "win_rate": 0.6777251184834123,
      "avg_return": 0.0006056837100378711,
      "median_return": 0.008,
      "compound_return": 0.11942953991379945,
      "max_drawdown": -0.10517641966792812,
      "profit_factor": 1.1304881779564524,
      "windows": 10
    },
    {
      "entry_policy": "vwap_low",
      "feature_group": "all_no_ak",
      "model_name": "xgb_d3_600_lr002_mcw3",
      "target_hit_bps": 80.0,
      "trades": 185,
      "win_rate": 0.6756756756756757,
      "avg_return": 0.0005877407681504674,
      "median_return": 0.008,
      "compound_return": 0.09965280549473388,
      "max_drawdown": -0.10855302509073839,
      "profit_factor": 1.1262122595879196,
      "windows": 10
    },
    {
      "entry_policy": "vwap_low",
      "feature_group": "all_no_ak",
      "model_name": "lgbm_leaves7_400",
      "target_hit_bps": 80.0,
      "trades": 196,
      "win_rate": 0.6938775510204082,
      "avg_return": 0.0004917875093064914,
      "median_return": 0.008,
      "compound_return": 0.08365165334997138,
      "max_drawdown": -0.13474418370101782,
      "profit_factor": 1.100826365571527,
      "windows": 10
    }
  ]
}

[2026-05-12T02:24:25] RUN search_vwap_low_close_profit_50bps
  /usr/bin/python3 model_training/search_walk_forward_model_complexity.py --samples /root/workspace/stock_realtime_v021_full/saved_data/002311_pipeline_out_v2_all14/04_external/hog/training_samples_with_hog_industry.csv --intraday-bars /root/workspace/stock_realtime_v021_full/saved_data/002311_pipeline_out_v2_all14/00_base/002311_5m.csv --out-dir /root/workspace/stock_realtime_v021_full/saved_data/002311_pipeline_out_v2_all14/10_search/search_vwap_low_close_profit_50bps --round-trip-cost-bps 1.7 --target-hit-bps 50.0 --label-mode close_profit --entry-policy vwap_low --entry-vwap-premium-bps 50.0 --max-missing 0.35 --groups reversal_fundamental_regime,reversal_fundamental_regime_sector,reversal_fundamental_regime_sector_external,all_no_ak --models xgb_d2_200_lr003_mcw5,xgb_d3_400_lr003_mcw3,xgb_d3_600_lr002_mcw3,xgb_d4_500_lr002_mcw5,lgbm_leaves7_400,lgbm_leaves15_700,extra_trees_600_d3,random_forest_600_d4 --quantiles 0.5,0.6,0.7,0.8 --train-rows 756 --valid-rows 126 --test-rows 63 --min-valid-trades 8 --min-train-entries 80
{
  "rows": 1535,
  "target_hit_bps": 50.0,
  "label_mode": "close_profit",
  "entry_policy": "vwap_low",
  "entry_vwap_premium_bps": 50.0,
  "groups": {
    "reversal_fundamental_regime": 137,
    "reversal_fundamental_regime_sector": 160,
    "reversal_fundamental_regime_sector_external": 402,
    "all_no_ak": 457
  },
  "models": [
    "xgb_d2_200_lr003_mcw5",
    "xgb_d3_400_lr003_mcw3",
    "xgb_d3_600_lr002_mcw3",
    "xgb_d4_500_lr002_mcw5",
    "extra_trees_600_d3",
    "random_forest_600_d4",
    "lgbm_leaves7_400",
    "lgbm_leaves15_700"
  ],
  "top": [
    {
      "entry_policy": "vwap_low",
      "feature_group": "reversal_fundamental_regime_sector",
      "model_name": "xgb_d3_600_lr002_mcw3",
      "target_hit_bps": 50.0,
      "trades": 174,
      "win_rate": 0.5344827586206896,
      "avg_return": 0.003703656817327808,
      "median_return": 0.002077584769559663,
      "compound_return": 0.840469667571093,
      "max_drawdown": -0.09331293918854866,
      "profit_factor": 1.6750650245064989,
      "windows": 10
    },
    {
      "entry_policy": "vwap_low",
      "feature_group": "reversal_fundamental_regime_sector",
      "model_name": "lgbm_leaves7_400",
      "target_hit_bps": 50.0,
      "trades": 160,
      "win_rate": 0.55625,
      "avg_return": 0.003965812067594656,
      "median_return": 0.0022541454574245313,
      "compound_return": 0.817295126377277,
      "max_drawdown": -0.13304880259121354,
      "profit_factor": 1.6883650481209218,
      "windows": 10
    },
    {
      "entry_policy": "vwap_low",
      "feature_group": "reversal_fundamental_regime",
      "model_name": "lgbm_leaves7_400",
      "target_hit_bps": 50.0,
      "trades": 182,
      "win_rate": 0.5274725274725275,
      "avg_return": 0.0033494337644267807,
      "median_return": 0.0010677445640333606,
      "compound_return": 0.7736157474061818,
      "max_drawdown": -0.13084064335907675,
      "profit_factor": 1.5825857184047705,
      "windows": 10
    },
    {
      "entry_policy": "vwap_low",
      "feature_group": "reversal_fundamental_regime",
      "model_name": "xgb_d3_400_lr003_mcw3",
      "target_hit_bps": 50.0,
      "trades": 190,
      "win_rate": 0.5157894736842106,
      "avg_return": 0.0030710109263964733,
      "median_return": 0.0010677445640333606,
      "compound_return": 0.7191677739154163,
      "max_drawdown": -0.12330263912608364,
      "profit_factor": 1.4934323941412013,
      "windows": 10
    },
    {
      "entry_policy": "vwap_low",
      "feature_group": "reversal_fundamental_regime_sector",
      "model_name": "xgb_d2_200_lr003_mcw5",
      "target_hit_bps": 50.0,
      "trades": 185,
      "win_rate": 0.5081081081081081,
      "avg_return": 0.00298318441967567,
      "median_return": 0.0009847344110856006,
      "compound_return": 0.6728646423538696,
      "max_drawdown": -0.14433398837595823,
      "profit_factor": 1.5194348091766583,
      "windows": 10
    },
    {
      "entry_policy": "vwap_low",
      "feature_group": "reversal_fundamental_regime",
      "model_name": "xgb_d3_600_lr002_mcw3",
      "target_hit_bps": 50.0,
      "trades": 173,
      "win_rate": 0.5086705202312138,
      "avg_return": 0.002862387377660455,
      "median_return": 0.0007689671361501595,
      "compound_return": 0.5817909715214229,
      "max_drawdown": -0.13084064335907686,
      "profit_factor": 1.4672704197726814,
      "windows": 10
    },
    {
      "entry_policy": "vwap_low",
      "feature_group": "reversal_fundamental_regime_sector_external",
      "model_name": "xgb_d4_500_lr002_mcw5",
      "target_hit_bps": 50.0,
      "trades": 226,
      "win_rate": 0.504424778761062,
      "avg_return": 0.002133618626467952,
      "median_return": 0.00042773334487567274,
      "compound_return": 0.5574753925793647,
      "max_drawdown": -0.13562214631585823,
      "profit_factor": 1.3802379686788002,
      "windows": 10
    },
    {
      "entry_policy": "vwap_low",
      "feature_group": "reversal_fundamental_regime_sector",
      "model_name": "xgb_d4_500_lr002_mcw5",
      "target_hit_bps": 50.0,
      "trades": 196,
      "win_rate": 0.5204081632653061,
      "avg_return": 0.0022981405811130307,
      "median_return": 0.0013880434267131737,
      "compound_return": 0.5149730765157368,
      "max_drawdown": -0.17938949001532878,
      "profit_factor": 1.4019520409791006,
      "windows": 10
    },
    {
      "entry_policy": "vwap_low",
      "feature_group": "all_no_ak",
      "model_name": "lgbm_leaves7_400",
      "target_hit_bps": 50.0,
      "trades": 215,
      "win_rate": 0.4930232558139535,
      "avg_return": 0.0021088359464375797,
      "median_return": -0.00016999999999999999,
      "compound_return": 0.5107313451997517,
      "max_drawdown": -0.14490596895292673,
      "profit_factor": 1.3534925376938105,
      "windows": 10
    },
    {
      "entry_policy": "vwap_low",
      "feature_group": "reversal_fundamental_regime",
      "model_name": "xgb_d4_500_lr002_mcw5",
      "target_hit_bps": 50.0,
      "trades": 172,
      "win_rate": 0.5290697674418605,
      "avg_return": 0.0024309355299701883,
      "median_return": 0.001840870384030139,
      "compound_return": 0.4673372641810709,
      "max_drawdown": -0.16262383643769185,
      "profit_factor": 1.3699408576928915,
      "windows": 10
    },
    {
      "entry_policy": "vwap_low",
      "feature_group": "reversal_fundamental_regime_sector",
      "model_name": "random_forest_600_d4",
      "target_hit_bps": 50.0,
      "trades": 126,
      "win_rate": 0.5476190476190477,
      "avg_return": 0.0031823376101940705,
      "median_return": 0.002077584769559663,
      "compound_return": 0.44775417360334036,
      "max_drawdown": -0.16262064463709025,
      "profit_factor": 1.508716286152975,
      "windows": 10
    },
    {
      "entry_policy": "vwap_low",
      "feature_group": "reversal_fundamental_regime_sector",
      "model_name": "xgb_d3_400_lr003_mcw3",
      "target_hit_bps": 50.0,
      "trades": 183,
      "win_rate": 0.5245901639344263,
      "avg_return": 0.00216440013701743,
      "median_return": 0.0015074502755811937,
      "compound_return": 0.43918315264983576,
      "max_drawdown": -0.15102473356922586,
      "profit_factor": 1.3675189470525662,
      "windows": 10
    },
    {
      "entry_policy": "vwap_low",
      "feature_group": "reversal_fundamental_regime_sector_external",
      "model_name": "xgb_d3_600_lr002_mcw3",
      "target_hit_bps": 50.0,
      "trades": 233,
      "win_rate": 0.48497854077253216,
      "avg_return": 0.0016512703613977189,
      "median_return": -0.000516981263011803,
      "compound_return": 0.4036497845626532,
      "max_drawdown": -0.19701285457875295,
      "profit_factor": 1.2616419000093613,
      "windows": 10
    },
    {
      "entry_policy": "vwap_low",
      "feature_group": "reversal_fundamental_regime",
      "model_name": "random_forest_600_d4",
      "target_hit_bps": 50.0,
      "trades": 172,
      "win_rate": 0.5406976744186046,
      "avg_return": 0.0021513411155247206,
      "median_return": 0.0018217579719425094,
      "compound_return": 0.3907113844727752,
      "max_drawdown": -0.11315491726925608,
      "profit_factor": 1.3091822525375794,
      "windows": 10
    },
    {
      "entry_policy": "vwap_low",
      "feature_group": "all_no_ak",
      "model_name": "extra_trees_600_d3",
      "target_hit_bps": 50.0,
      "trades": 202,
      "win_rate": 0.504950495049505,
      "avg_return": 0.001662605731508194,
      "median_return": 0.00045978471055963324,
      "compound_return": 0.3412835174770068,
      "max_drawdown": -0.1363817475136585,
      "profit_factor": 1.252786895949559,
      "windows": 10
    },
    {
      "entry_policy": "vwap_low",
      "feature_group": "reversal_fundamental_regime",
      "model_name": "xgb_d2_200_lr003_mcw5",
      "target_hit_bps": 50.0,
      "trades": 167,
      "win_rate": 0.49700598802395207,
      "avg_return": 0.0018484146226228453,
      "median_return": -0.00016999999999999999,
      "compound_return": 0.30908722075554285,
      "max_drawdown": -0.16824300214589494,
      "profit_factor": 1.2605710024321715,
      "windows": 10
    },
    {
      "entry_policy": "vwap_low",
      "feature_group": "all_no_ak",
      "model_name": "xgb_d2_200_lr003_mcw5",
      "target_hit_bps": 50.0,
      "trades": 197,
      "win_rate": 0.4720812182741117,
      "avg_return": 0.001521397061001345,
      "median_return": -0.0006169273743016311,
      "compound_return": 0.3035517913566248,
      "max_drawdown": -0.16118257909525402,
      "profit_factor": 1.2549306805598155,
      "windows": 10
    },
    {
      "entry_policy": "vwap_low",
      "feature_group": "reversal_fundamental_regime_sector",
      "model_name": "lgbm_leaves15_700",
      "target_hit_bps": 50.0,
      "trades": 197,
      "win_rate": 0.49746192893401014,
      "avg_return": 0.001506942344517755,
      "median_return": -0.00016999999999999999,
      "compound_return": 0.2987310702671402,
      "max_drawdown": -0.16932759637653771,
      "profit_factor": 1.24262028474618,
      "windows": 10
    },
    {
      "entry_policy": "vwap_low",
      "feature_group": "reversal_fundamental_regime_sector",
      "model_name": "extra_trees_600_d3",
      "target_hit_bps": 50.0,
      "trades": 199,
      "win_rate": 0.5025125628140703,
      "avg_return": 0.001401718619766658,
      "median_return": 0.0004527619492449321,
      "compound_return": 0.2680182694819444,
      "max_drawdown": -0.16781232672699298,
      "profit_factor": 1.2106980076137501,
      "windows": 10
    },
    {
      "entry_policy": "vwap_low",
      "feature_group": "reversal_fundamental_regime",
      "model_name": "lgbm_leaves15_700",
      "target_hit_bps": 50.0,
      "trades": 232,
      "win_rate": 0.49137931034482757,
      "avg_return": 0.0012031702392071963,
      "median_return": -0.00016999999999999999,
      "compound_return": 0.26565327996895816,
      "max_drawdown": -0.13897365181669386,
      "profit_factor": 1.180853452735179,
      "windows": 10
    }
  ]
}

[2026-05-12T02:34:57] RUN search_all_days_hit_50bps
  /usr/bin/python3 model_training/search_walk_forward_model_complexity.py --samples /root/workspace/stock_realtime_v021_full/saved_data/002311_pipeline_out_v2_all14/04_external/hog/training_samples_with_hog_industry.csv --intraday-bars /root/workspace/stock_realtime_v021_full/saved_data/002311_pipeline_out_v2_all14/00_base/002311_5m.csv --out-dir /root/workspace/stock_realtime_v021_full/saved_data/002311_pipeline_out_v2_all14/10_search/search_all_days_hit_50bps --round-trip-cost-bps 1.7 --target-hit-bps 50.0 --label-mode hit --entry-policy all_days --entry-vwap-premium-bps 50.0 --max-missing 0.35 --groups reversal_fundamental_regime,reversal_fundamental_regime_sector,reversal_fundamental_regime_sector_external,all_no_ak --models xgb_d2_200_lr003_mcw5,xgb_d3_400_lr003_mcw3,xgb_d3_600_lr002_mcw3,xgb_d4_500_lr002_mcw5,lgbm_leaves7_400,lgbm_leaves15_700,extra_trees_600_d3,random_forest_600_d4 --quantiles 0.5,0.6,0.7,0.8 --train-rows 756 --valid-rows 126 --test-rows 63 --min-valid-trades 8 --min-train-entries 80
{
  "rows": 1535,
  "target_hit_bps": 50.0,
  "label_mode": "hit",
  "entry_policy": "all_days",
  "entry_vwap_premium_bps": 50.0,
  "groups": {
    "reversal_fundamental_regime": 137,
    "reversal_fundamental_regime_sector": 160,
    "reversal_fundamental_regime_sector_external": 402,
    "all_no_ak": 457
  },
  "models": [
    "xgb_d2_200_lr003_mcw5",
    "xgb_d3_400_lr003_mcw3",
    "xgb_d3_600_lr002_mcw3",
    "xgb_d4_500_lr002_mcw5",
    "extra_trees_600_d3",
    "random_forest_600_d4",
    "lgbm_leaves7_400",
    "lgbm_leaves15_700"
  ],
  "top": [
    {
      "entry_policy": "all_days",
      "feature_group": "all_no_ak",
      "model_name": "lgbm_leaves7_400",
      "target_hit_bps": 50.0,
      "trades": 184,
      "win_rate": 0.8152173913043478,
      "avg_return": 0.0012211137054997025,
      "median_return": 0.005,
      "compound_return": 0.24254536377141633,
      "max_drawdown": -0.06674715322530034,
      "profit_factor": 1.4284936000307145,
      "windows": 10
    },
    {
      "entry_policy": "all_days",
      "feature_group": "all_no_ak",
      "model_name": "random_forest_600_d4",
      "target_hit_bps": 50.0,
      "trades": 184,
      "win_rate": 0.8315217391304348,
      "avg_return": 0.0011541762742861192,
      "median_return": 0.005,
      "compound_return": 0.22548418366369782,
      "max_drawdown": -0.10343285044034722,
      "profit_factor": 1.3849510055977288,
      "windows": 10
    },
    {
      "entry_policy": "all_days",
      "feature_group": "reversal_fundamental_regime",
      "model_name": "lgbm_leaves15_700",
      "target_hit_bps": 50.0,
      "trades": 166,
      "win_rate": 0.8253012048192772,
      "avg_return": 0.0011888743820183075,
      "median_return": 0.005,
      "compound_return": 0.20895362939178241,
      "max_drawdown": -0.09604654149495251,
      "profit_factor": 1.4083305305777738,
      "windows": 10
    },
    {
      "entry_policy": "all_days",
      "feature_group": "reversal_fundamental_regime",
      "model_name": "random_forest_600_d4",
      "target_hit_bps": 50.0,
      "trades": 172,
      "win_rate": 0.8604651162790697,
      "avg_return": 0.0010618743188700844,
      "median_return": 0.005,
      "compound_return": 0.1875634650115494,
      "max_drawdown": -0.10362725496188774,
      "profit_factor": 1.3282558157007531,
      "windows": 10
    },
    {
      "entry_policy": "all_days",
      "feature_group": "reversal_fundamental_regime_sector",
      "model_name": "xgb_d3_400_lr003_mcw3",
      "target_hit_bps": 50.0,
      "trades": 164,
      "win_rate": 0.8414634146341463,
      "avg_return": 0.0010424220323893133,
      "median_return": 0.005,
      "compound_return": 0.17617023480082827,
      "max_drawdown": -0.08241933011380664,
      "profit_factor": 1.3299773317849317,
      "windows": 10
    },
    {
      "entry_policy": "all_days",
      "feature_group": "reversal_fundamental_regime_sector_external",
      "model_name": "xgb_d2_200_lr003_mcw5",
      "target_hit_bps": 50.0,
      "trades": 208,
      "win_rate": 0.8125,
      "avg_return": 0.0007786435306098385,
      "median_return": 0.005,
      "compound_return": 0.16328263949400745,
      "max_drawdown": -0.10054382238303694,
      "profit_factor": 1.2374445320673533,
      "windows": 10
    },
    {
      "entry_policy": "all_days",
      "feature_group": "all_no_ak",
      "model_name": "extra_trees_600_d3",
      "target_hit_bps": 50.0,
      "trades": 219,
      "win_rate": 0.7990867579908676,
      "avg_return": 0.0007251208406796425,
      "median_return": 0.005,
      "compound_return": 0.1594531026120507,
      "max_drawdown": -0.11434205053903379,
      "profit_factor": 1.2221128422904661,
      "windows": 10
    },
    {
      "entry_policy": "all_days",
      "feature_group": "reversal_fundamental_regime_sector",
      "model_name": "xgb_d4_500_lr002_mcw5",
      "target_hit_bps": 50.0,
      "trades": 190,
      "win_rate": 0.8210526315789474,
      "avg_return": 0.0007699602025214367,
      "median_return": 0.005,
      "compound_return": 0.14448705651233218,
      "max_drawdown": -0.0855648954027648,
      "profit_factor": 1.231200086577774,
      "windows": 10
    },
    {
      "entry_policy": "all_days",
      "feature_group": "reversal_fundamental_regime_sector",
      "model_name": "lgbm_leaves7_400",
      "target_hit_bps": 50.0,
      "trades": 170,
      "win_rate": 0.8117647058823529,
      "avg_return": 0.0007670075937084275,
      "median_return": 0.005,
      "compound_return": 0.12921746538621326,
      "max_drawdown": -0.08066236310967745,
      "profit_factor": 1.2330043989973414,
      "windows": 10
    },
    {
      "entry_policy": "all_days",
      "feature_group": "reversal_fundamental_regime_sector_external",
      "model_name": "random_forest_600_d4",
      "target_hit_bps": 50.0,
      "trades": 215,
      "win_rate": 0.8046511627906977,
      "avg_return": 0.0005653120928007074,
      "median_return": 0.005,
      "compound_return": 0.11620043663241586,
      "max_drawdown": -0.10377877502897492,
      "profit_factor": 1.1636924326914393,
      "windows": 10
    },
    {
      "entry_policy": "all_days",
      "feature_group": "reversal_fundamental_regime",
      "model_name": "lgbm_leaves7_400",
      "target_hit_bps": 50.0,
      "trades": 166,
      "win_rate": 0.7831325301204819,
      "avg_return": 0.0006928535006784601,
      "median_return": 0.005,
      "compound_return": 0.1125218725296262,
      "max_drawdown": -0.0855648954027648,
      "profit_factor": 1.2149843408179506,
      "windows": 10
    },
    {
      "entry_policy": "all_days",
      "feature_group": "reversal_fundamental_regime_sector_external",
      "model_name": "lgbm_leaves7_400",
      "target_hit_bps": 50.0,
      "trades": 157,
      "win_rate": 0.7898089171974523,
      "avg_return": 0.0007040869890982459,
      "median_return": 0.005,
      "compound_return": 0.10937624471316054,
      "max_drawdown": -0.09307100376268906,
      "profit_factor": 1.2173863100218258,
      "windows": 10
    },
    {
      "entry_policy": "all_days",
      "feature_group": "reversal_fundamental_regime_sector",
      "model_name": "xgb_d3_600_lr002_mcw3",
      "target_hit_bps": 50.0,
      "trades": 142,
      "win_rate": 0.8450704225352113,
      "avg_return": 0.000788060307376194,
      "median_return": 0.005,
      "compound_return": 0.10873507849167474,
      "max_drawdown": -0.08698440807343921,
      "profit_factor": 1.2297172719995917,
      "windows": 10
    },
    {
      "entry_policy": "all_days",
      "feature_group": "reversal_fundamental_regime_sector",
      "model_name": "extra_trees_600_d3",
      "target_hit_bps": 50.0,
      "trades": 214,
      "win_rate": 0.8037383177570093,
      "avg_return": 0.0004988267849103189,
      "median_return": 0.005,
      "compound_return": 0.0995551216260655,
      "max_drawdown": -0.17935046459348358,
      "profit_factor": 1.141897507830624,
      "windows": 10
    },
    {
      "entry_policy": "all_days",
      "feature_group": "all_no_ak",
      "model_name": "xgb_d3_400_lr003_mcw3",
      "target_hit_bps": 50.0,
      "trades": 207,
      "win_rate": 0.782608695652174,
      "avg_return": 0.0005002455422844158,
      "median_return": 0.005,
      "compound_return": 0.09724380977600355,
      "max_drawdown": -0.09999212871032159,
      "profit_factor": 1.1467777292375865,
      "windows": 10
    },
    {
      "entry_policy": "all_days",
      "feature_group": "reversal_fundamental_regime_sector_external",
      "model_name": "extra_trees_600_d3",
      "target_hit_bps": 50.0,
      "trades": 224,
      "win_rate": 0.7946428571428571,
      "avg_return": 0.00045463365309940075,
      "median_return": 0.005,
      "compound_return": 0.09425982512505326,
      "max_drawdown": -0.15489767300351287,
      "profit_factor": 1.1293661452232717,
      "windows": 10
    },
    {
      "entry_policy": "all_days",
      "feature_group": "reversal_fundamental_regime_sector",
      "model_name": "random_forest_600_d4",
      "target_hit_bps": 50.0,
      "trades": 146,
      "win_rate": 0.8493150684931506,
      "avg_return": 0.0006450935504073657,
      "median_return": 0.005,
      "compound_return": 0.08763276515825869,
      "max_drawdown": -0.13237801203026378,
      "profit_factor": 1.1794448504879103,
      "windows": 10
    },
    {
      "entry_policy": "all_days",
      "feature_group": "all_no_ak",
      "model_name": "xgb_d4_500_lr002_mcw5",
      "target_hit_bps": 50.0,
      "trades": 213,
      "win_rate": 0.7981220657276995,
      "avg_return": 0.0004458774782574056,
      "median_return": 0.005,
      "compound_return": 0.08664028455819217,
      "max_drawdown": -0.10548238744973071,
      "profit_factor": 1.125945227160496,
      "windows": 10
    },
    {
      "entry_policy": "all_days",
      "feature_group": "reversal_fundamental_regime",
      "model_name": "extra_trees_600_d3",
      "target_hit_bps": 50.0,
      "trades": 244,
      "win_rate": 0.8032786885245902,
      "avg_return": 0.0003622564329499557,
      "median_return": 0.005,
      "compound_return": 0.07679161559402314,
      "max_drawdown": -0.14674398969248648,
      "profit_factor": 1.0992422765630752,
      "windows": 10
    },
    {
      "entry_policy": "all_days",
      "feature_group": "all_no_ak",
      "model_name": "lgbm_leaves15_700",
      "target_hit_bps": 50.0,
      "trades": 184,
      "win_rate": 0.7663043478260869,
      "avg_return": 0.0003898107000972647,
      "median_return": 0.005,
      "compound_return": 0.06550071953077774,
      "max_drawdown": -0.10460372092023995,
      "profit_factor": 1.1134317942666427,
      "windows": 10
    }
  ]
}

[2026-05-12T02:45:02] RUN search_all_days_hit_80bps
  /usr/bin/python3 model_training/search_walk_forward_model_complexity.py --samples /root/workspace/stock_realtime_v021_full/saved_data/002311_pipeline_out_v2_all14/04_external/hog/training_samples_with_hog_industry.csv --intraday-bars /root/workspace/stock_realtime_v021_full/saved_data/002311_pipeline_out_v2_all14/00_base/002311_5m.csv --out-dir /root/workspace/stock_realtime_v021_full/saved_data/002311_pipeline_out_v2_all14/10_search/search_all_days_hit_80bps --round-trip-cost-bps 1.7 --target-hit-bps 80.0 --label-mode hit --entry-policy all_days --entry-vwap-premium-bps 50.0 --max-missing 0.35 --groups reversal_fundamental_regime,reversal_fundamental_regime_sector,reversal_fundamental_regime_sector_external,all_no_ak --models xgb_d2_200_lr003_mcw5,xgb_d3_400_lr003_mcw3,xgb_d3_600_lr002_mcw3,xgb_d4_500_lr002_mcw5,lgbm_leaves7_400,lgbm_leaves15_700,extra_trees_600_d3,random_forest_600_d4 --quantiles 0.5,0.6,0.7,0.8 --train-rows 756 --valid-rows 126 --test-rows 63 --min-valid-trades 8 --min-train-entries 80
{
  "rows": 1535,
  "target_hit_bps": 80.0,
  "label_mode": "hit",
  "entry_policy": "all_days",
  "entry_vwap_premium_bps": 50.0,
  "groups": {
    "reversal_fundamental_regime": 137,
    "reversal_fundamental_regime_sector": 160,
    "reversal_fundamental_regime_sector_external": 402,
    "all_no_ak": 457
  },
  "models": [
    "xgb_d2_200_lr003_mcw5",
    "xgb_d3_400_lr003_mcw3",
    "xgb_d3_600_lr002_mcw3",
    "xgb_d4_500_lr002_mcw5",
    "extra_trees_600_d3",
    "random_forest_600_d4",
    "lgbm_leaves7_400",
    "lgbm_leaves15_700"
  ],
  "top": [
    {
      "entry_policy": "all_days",
      "feature_group": "reversal_fundamental_regime",
      "model_name": "lgbm_leaves15_700",
      "target_hit_bps": 80.0,
      "trades": 178,
      "win_rate": 0.7584269662921348,
      "avg_return": 0.002538369803344423,
      "median_return": 0.008,
      "compound_return": 0.5545225442447543,
      "max_drawdown": -0.07917278788861581,
      "profit_factor": 1.745812313986536,
      "windows": 10
    },
    {
      "entry_policy": "all_days",
      "feature_group": "reversal_fundamental_regime",
      "model_name": "xgb_d4_500_lr002_mcw5",
      "target_hit_bps": 80.0,
      "trades": 200,
      "win_rate": 0.73,
      "avg_return": 0.0015855867611207315,
      "median_return": 0.008,
      "compound_return": 0.3537335513579005,
      "max_drawdown": -0.09346776905365672,
      "profit_factor": 1.3874569032171458,
      "windows": 10
    },
    {
      "entry_policy": "all_days",
      "feature_group": "reversal_fundamental_regime",
      "model_name": "random_forest_600_d4",
      "target_hit_bps": 80.0,
      "trades": 202,
      "win_rate": 0.7425742574257426,
      "avg_return": 0.0013987245856752655,
      "median_return": 0.008,
      "compound_return": 0.30512715703646087,
      "max_drawdown": -0.15809522415849508,
      "profit_factor": 1.3205284768907397,
      "windows": 10
    },
    {
      "entry_policy": "all_days",
      "feature_group": "reversal_fundamental_regime_sector",
      "model_name": "xgb_d2_200_lr003_mcw5",
      "target_hit_bps": 80.0,
      "trades": 195,
      "win_rate": 0.7230769230769231,
      "avg_return": 0.0013530729923986145,
      "median_return": 0.008,
      "compound_return": 0.2831380950660485,
      "max_drawdown": -0.09685440897566477,
      "profit_factor": 1.3169687069431715,
      "windows": 10
    },
    {
      "entry_policy": "all_days",
      "feature_group": "reversal_fundamental_regime",
      "model_name": "extra_trees_600_d3",
      "target_hit_bps": 80.0,
      "trades": 242,
      "win_rate": 0.7066115702479339,
      "avg_return": 0.001068803766782136,
      "median_return": 0.008,
      "compound_return": 0.2716160419870046,
      "max_drawdown": -0.16812048411362968,
      "profit_factor": 1.2400628270971874,
      "windows": 10
    },
    {
      "entry_policy": "all_days",
      "feature_group": "reversal_fundamental_regime_sector",
      "model_name": "random_forest_600_d4",
      "target_hit_bps": 80.0,
      "trades": 203,
      "win_rate": 0.729064039408867,
      "avg_return": 0.0012403771258417669,
      "median_return": 0.008,
      "compound_return": 0.2654744960811324,
      "max_drawdown": -0.09372250659696524,
      "profit_factor": 1.2787363368778244,
      "windows": 10
    },
    {
      "entry_policy": "all_days",
      "feature_group": "reversal_fundamental_regime_sector",
      "model_name": "lgbm_leaves15_700",
      "target_hit_bps": 80.0,
      "trades": 167,
      "win_rate": 0.7125748502994012,
      "avg_return": 0.0014718730170819056,
      "median_return": 0.008,
      "compound_return": 0.2648018410736157,
      "max_drawdown": -0.10222714681942524,
      "profit_factor": 1.3675791367206738,
      "windows": 10
    },
    {
      "entry_policy": "all_days",
      "feature_group": "reversal_fundamental_regime_sector",
      "model_name": "xgb_d3_400_lr003_mcw3",
      "target_hit_bps": 80.0,
      "trades": 165,
      "win_rate": 0.703030303030303,
      "avg_return": 0.001393169494673125,
      "median_return": 0.008,
      "compound_return": 0.24503792130373014,
      "max_drawdown": -0.10012246416846382,
      "profit_factor": 1.3440902300870143,
      "windows": 10
    },
    {
      "entry_policy": "all_days",
      "feature_group": "reversal_fundamental_regime",
      "model_name": "xgb_d3_400_lr003_mcw3",
      "target_hit_bps": 80.0,
      "trades": 180,
      "win_rate": 0.7333333333333333,
      "avg_return": 0.001265648689949167,
      "median_return": 0.008,
      "compound_return": 0.23724018030214822,
      "max_drawdown": -0.13116363868368242,
      "profit_factor": 1.2853222942805136,
      "windows": 10
    },
    {
      "entry_policy": "all_days",
      "feature_group": "reversal_fundamental_regime_sector_external",
      "model_name": "xgb_d4_500_lr002_mcw5",
      "target_hit_bps": 80.0,
      "trades": 201,
      "win_rate": 0.681592039800995,
      "avg_return": 0.0010019003806589486,
      "median_return": 0.008,
      "compound_return": 0.20676683346811076,
      "max_drawdown": -0.09785694225850294,
      "profit_factor": 1.2337559100664444,
      "windows": 10
    },
    {
      "entry_policy": "all_days",
      "feature_group": "reversal_fundamental_regime",
      "model_name": "xgb_d3_600_lr002_mcw3",
      "target_hit_bps": 80.0,
      "trades": 166,
      "win_rate": 0.7108433734939759,
      "avg_return": 0.001172844756677373,
      "median_return": 0.008,
      "compound_return": 0.20081136754072082,
      "max_drawdown": -0.08792724735780222,
      "profit_factor": 1.2705642054811417,
      "windows": 10
    },
    {
      "entry_policy": "all_days",
      "feature_group": "reversal_fundamental_regime",
      "model_name": "lgbm_leaves7_400",
      "target_hit_bps": 80.0,
      "trades": 193,
      "win_rate": 0.7046632124352331,
      "avg_return": 0.0009999055562301797,
      "median_return": 0.008,
      "compound_return": 0.1964759961076994,
      "max_drawdown": -0.10289187767000696,
      "profit_factor": 1.2242910685791994,
      "windows": 10
    },
    {
      "entry_policy": "all_days",
      "feature_group": "reversal_fundamental_regime_sector",
      "model_name": "extra_trees_600_d3",
      "target_hit_bps": 80.0,
      "trades": 235,
      "win_rate": 0.6936170212765957,
      "avg_return": 0.0008137279526121723,
      "median_return": 0.008,
      "compound_return": 0.18845551751261502,
      "max_drawdown": -0.16795566005979545,
      "profit_factor": 1.1739947240801725,
      "windows": 10
    },
    {
      "entry_policy": "all_days",
      "feature_group": "all_no_ak",
      "model_name": "xgb_d2_200_lr003_mcw5",
      "target_hit_bps": 80.0,
      "trades": 219,
      "win_rate": 0.6757990867579908,
      "avg_return": 0.000839092565882354,
      "median_return": 0.008,
      "compound_return": 0.18320707008713066,
      "max_drawdown": -0.1085279110688967,
      "profit_factor": 1.1875138299760852,
      "windows": 10
    },
    {
      "entry_policy": "all_days",
      "feature_group": "reversal_fundamental_regime",
      "model_name": "xgb_d2_200_lr003_mcw5",
      "target_hit_bps": 80.0,
      "trades": 192,
      "win_rate": 0.7239583333333334,
      "avg_return": 0.0008417319387877455,
      "median_return": 0.008,
      "compound_return": 0.1555817755176514,
      "max_drawdown": -0.08913783034745748,
      "profit_factor": 1.175879231078288,
      "windows": 10
    },
    {
      "entry_policy": "all_days",
      "feature_group": "reversal_fundamental_regime_sector",
      "model_name": "xgb_d3_600_lr002_mcw3",
      "target_hit_bps": 80.0,
      "trades": 140,
      "win_rate": 0.7142857142857143,
      "avg_return": 0.0009094290268545609,
      "median_return": 0.008,
      "compound_return": 0.12297396227132373,
      "max_drawdown": -0.10387456587544197,
      "profit_factor": 1.1993556221824562,
      "windows": 10
    },
    {
      "entry_policy": "all_days",
      "feature_group": "reversal_fundamental_regime_sector",
      "model_name": "lgbm_leaves7_400",
      "target_hit_bps": 80.0,
      "trades": 139,
      "win_rate": 0.7050359712230215,
      "avg_return": 0.0008362837413837937,
      "median_return": 0.008,
      "compound_return": 0.1113553863624619,
      "max_drawdown": -0.09925976390340951,
      "profit_factor": 1.1813142128917775,
      "windows": 10
    },
    {
      "entry_policy": "all_days",
      "feature_group": "all_no_ak",
      "model_name": "xgb_d3_600_lr002_mcw3",
      "target_hit_bps": 80.0,
      "trades": 208,
      "win_rate": 0.6971153846153846,
      "avg_return": 0.0005139160469804177,
      "median_return": 0.008,
      "compound_return": 0.09380272542165802,
      "max_drawdown": -0.1412419975637733,
      "profit_factor": 1.105118952942673,
      "windows": 10
    },
    {
      "entry_policy": "all_days",
      "feature_group": "reversal_fundamental_regime_sector_external",
      "model_name": "xgb_d3_400_lr003_mcw3",
      "target_hit_bps": 80.0,
      "trades": 202,
      "win_rate": 0.6584158415841584,
      "avg_return": 0.0004212623193568366,
      "median_return": 0.008,
      "compound_return": 0.07277359094507085,
      "max_drawdown": -0.11257131865205061,
      "profit_factor": 1.0902839227589467,
      "windows": 10
    },
    {
      "entry_policy": "all_days",
      "feature_group": "reversal_fundamental_regime_sector_external",
      "model_name": "random_forest_600_d4",
      "target_hit_bps": 80.0,
      "trades": 214,
      "win_rate": 0.6682242990654206,
      "avg_return": 0.0003936050670301596,
      "median_return": 0.008,
      "compound_return": 0.07016193221531863,
      "max_drawdown": -0.13363273815452648,
      "profit_factor": 1.081203405234021,
      "windows": 10
    }
  ]
}

[2026-05-12T02:55:27] RUN search_all_days_close_profit_50bps
  /usr/bin/python3 model_training/search_walk_forward_model_complexity.py --samples /root/workspace/stock_realtime_v021_full/saved_data/002311_pipeline_out_v2_all14/04_external/hog/training_samples_with_hog_industry.csv --intraday-bars /root/workspace/stock_realtime_v021_full/saved_data/002311_pipeline_out_v2_all14/00_base/002311_5m.csv --out-dir /root/workspace/stock_realtime_v021_full/saved_data/002311_pipeline_out_v2_all14/10_search/search_all_days_close_profit_50bps --round-trip-cost-bps 1.7 --target-hit-bps 50.0 --label-mode close_profit --entry-policy all_days --entry-vwap-premium-bps 50.0 --max-missing 0.35 --groups reversal_fundamental_regime,reversal_fundamental_regime_sector,reversal_fundamental_regime_sector_external,all_no_ak --models xgb_d2_200_lr003_mcw5,xgb_d3_400_lr003_mcw3,xgb_d3_600_lr002_mcw3,xgb_d4_500_lr002_mcw5,lgbm_leaves7_400,lgbm_leaves15_700,extra_trees_600_d3,random_forest_600_d4 --quantiles 0.5,0.6,0.7,0.8 --train-rows 756 --valid-rows 126 --test-rows 63 --min-valid-trades 8 --min-train-entries 80
{
  "rows": 1535,
  "target_hit_bps": 50.0,
  "label_mode": "close_profit",
  "entry_policy": "all_days",
  "entry_vwap_premium_bps": 50.0,
  "groups": {
    "reversal_fundamental_regime": 137,
    "reversal_fundamental_regime_sector": 160,
    "reversal_fundamental_regime_sector_external": 402,
    "all_no_ak": 457
  },
  "models": [
    "xgb_d2_200_lr003_mcw5",
    "xgb_d3_400_lr003_mcw3",
    "xgb_d3_600_lr002_mcw3",
    "xgb_d4_500_lr002_mcw5",
    "extra_trees_600_d3",
    "random_forest_600_d4",
    "lgbm_leaves7_400",
    "lgbm_leaves15_700"
  ],
  "top": [
    {
      "entry_policy": "all_days",
      "feature_group": "reversal_fundamental_regime_sector",
      "model_name": "xgb_d3_400_lr003_mcw3",
      "target_hit_bps": 50.0,
      "trades": 193,
      "win_rate": 0.5025906735751295,
      "avg_return": 0.0026411471601374666,
      "median_return": 8.233686368299125e-07,
      "compound_return": 0.5941015452586256,
      "max_drawdown": -0.17469527836889587,
      "profit_factor": 1.4104010205321027,
      "windows": 10
    },
    {
      "entry_policy": "all_days",
      "feature_group": "reversal_fundamental_regime_sector",
      "model_name": "random_forest_600_d4",
      "target_hit_bps": 50.0,
      "trades": 138,
      "win_rate": 0.5434782608695652,
      "avg_return": 0.003393565055934825,
      "median_return": 0.0020372962195274215,
      "compound_return": 0.5449874905708567,
      "max_drawdown": -0.1466946728451246,
      "profit_factor": 1.5591201078198202,
      "windows": 10
    },
    {
      "entry_policy": "all_days",
      "feature_group": "reversal_fundamental_regime_sector",
      "model_name": "xgb_d3_600_lr002_mcw3",
      "target_hit_bps": 50.0,
      "trades": 189,
      "win_rate": 0.5026455026455027,
      "avg_return": 0.002443038637523108,
      "median_return": 8.233686368299125e-07,
      "compound_return": 0.5318923879392508,
      "max_drawdown": -0.1396332565669619,
      "profit_factor": 1.4149997638173564,
      "windows": 10
    },
    {
      "entry_policy": "all_days",
      "feature_group": "reversal_fundamental_regime_sector",
      "model_name": "lgbm_leaves7_400",
      "target_hit_bps": 50.0,
      "trades": 164,
      "win_rate": 0.5060975609756098,
      "avg_return": 0.002628308626151479,
      "median_return": 0.000639234417452287,
      "compound_return": 0.48182075110239486,
      "max_drawdown": -0.152764659078916,
      "profit_factor": 1.4036254219643218,
      "windows": 10
    },
    {
      "entry_policy": "all_days",
      "feature_group": "reversal_fundamental_regime_sector",
      "model_name": "extra_trees_600_d3",
      "target_hit_bps": 50.0,
      "trades": 163,
      "win_rate": 0.5153374233128835,
      "avg_return": 0.0024388470041669438,
      "median_return": 0.0005095016987544145,
      "compound_return": 0.4368032296010782,
      "max_drawdown": -0.15598439711582024,
      "profit_factor": 1.399000822186705,
      "windows": 10
    },
    {
      "entry_policy": "all_days",
      "feature_group": "reversal_fundamental_regime",
      "model_name": "extra_trees_600_d3",
      "target_hit_bps": 50.0,
      "trades": 180,
      "win_rate": 0.5166666666666667,
      "avg_return": 0.0022400333696108938,
      "median_return": 0.00087685077361788,
      "compound_return": 0.43271619551434415,
      "max_drawdown": -0.15364372964416606,
      "profit_factor": 1.325656637510972,
      "windows": 10
    },
    {
      "entry_policy": "all_days",
      "feature_group": "reversal_fundamental_regime",
      "model_name": "random_forest_600_d4",
      "target_hit_bps": 50.0,
      "trades": 164,
      "win_rate": 0.5182926829268293,
      "avg_return": 0.00239460609229874,
      "median_return": 0.0006108645426975458,
      "compound_return": 0.41714138642938314,
      "max_drawdown": -0.18736417679943762,
      "profit_factor": 1.323304755591955,
      "windows": 10
    },
    {
      "entry_policy": "all_days",
      "feature_group": "reversal_fundamental_regime_sector_external",
      "model_name": "xgb_d4_500_lr002_mcw5",
      "target_hit_bps": 50.0,
      "trades": 232,
      "win_rate": 0.5172413793103449,
      "avg_return": 0.0016776537775323537,
      "median_return": 0.00087685077361788,
      "compound_return": 0.41442429796176383,
      "max_drawdown": -0.18713452682052445,
      "profit_factor": 1.2715115408761477,
      "windows": 10
    },
    {
      "entry_policy": "all_days",
      "feature_group": "reversal_fundamental_regime_sector",
      "model_name": "xgb_d2_200_lr003_mcw5",
      "target_hit_bps": 50.0,
      "trades": 166,
      "win_rate": 0.5301204819277109,
      "avg_return": 0.0021702649406359765,
      "median_return": 0.0018217579719425094,
      "compound_return": 0.3881297560667254,
      "max_drawdown": -0.16253189734549756,
      "profit_factor": 1.3441939796525237,
      "windows": 10
    },
    {
      "entry_policy": "all_days",
      "feature_group": "reversal_fundamental_regime_sector_external",
      "model_name": "lgbm_leaves15_700",
      "target_hit_bps": 50.0,
      "trades": 233,
      "win_rate": 0.4721030042918455,
      "avg_return": 0.0014456829872196238,
      "median_return": -0.0006169273743016311,
      "compound_return": 0.3411081997098706,
      "max_drawdown": -0.1755506686387397,
      "profit_factor": 1.240766270700557,
      "windows": 10
    },
    {
      "entry_policy": "all_days",
      "feature_group": "reversal_fundamental_regime_sector",
      "model_name": "xgb_d4_500_lr002_mcw5",
      "target_hit_bps": 50.0,
      "trades": 189,
      "win_rate": 0.5132275132275133,
      "avg_return": 0.0016452566861515873,
      "median_return": 0.0011507547169811207,
      "compound_return": 0.31968081432762974,
      "max_drawdown": -0.16179987707519128,
      "profit_factor": 1.2684333187053243,
      "windows": 10
    },
    {
      "entry_policy": "all_days",
      "feature_group": "reversal_fundamental_regime",
      "model_name": "xgb_d3_400_lr003_mcw3",
      "target_hit_bps": 50.0,
      "trades": 192,
      "win_rate": 0.5052083333333334,
      "avg_return": 0.0015966500302624052,
      "median_return": 0.000226792658940881,
      "compound_return": 0.3030785524597974,
      "max_drawdown": -0.19060987913393146,
      "profit_factor": 1.2285970192351734,
      "windows": 10
    },
    {
      "entry_policy": "all_days",
      "feature_group": "reversal_fundamental_regime",
      "model_name": "xgb_d2_200_lr003_mcw5",
      "target_hit_bps": 50.0,
      "trades": 196,
      "win_rate": 0.5102040816326531,
      "avg_return": 0.0015642448877504474,
      "median_return": 0.00022987654984363629,
      "compound_return": 0.30043904030914637,
      "max_drawdown": -0.12352940551274838,
      "profit_factor": 1.2199492684701487,
      "windows": 10
    },
    {
      "entry_policy": "all_days",
      "feature_group": "reversal_fundamental_regime",
      "model_name": "lgbm_leaves7_400",
      "target_hit_bps": 50.0,
      "trades": 209,
      "win_rate": 0.5023923444976076,
      "avg_return": 0.0014268158180788843,
      "median_return": 8.233686368299125e-07,
      "compound_return": 0.29808944733867415,
      "max_drawdown": -0.13245397448337937,
      "profit_factor": 1.2254430657402318,
      "windows": 10
    },
    {
      "entry_policy": "all_days",
      "feature_group": "all_no_ak",
      "model_name": "xgb_d3_400_lr003_mcw3",
      "target_hit_bps": 50.0,
      "trades": 227,
      "win_rate": 0.47577092511013214,
      "avg_return": 0.0013295827022326745,
      "median_return": -0.0008307929515419775,
      "compound_return": 0.29385731920430613,
      "max_drawdown": -0.14479795712502253,
      "profit_factor": 1.2065890805633184,
      "windows": 10
    },
    {
      "entry_policy": "all_days",
      "feature_group": "reversal_fundamental_regime",
      "model_name": "xgb_d4_500_lr002_mcw5",
      "target_hit_bps": 50.0,
      "trades": 187,
      "win_rate": 0.49732620320855614,
      "avg_return": 0.0014679195501510194,
      "median_return": -0.00016999999999999999,
      "compound_return": 0.2699114149016262,
      "max_drawdown": -0.13754026895558735,
      "profit_factor": 1.2158564341543006,
      "windows": 10
    },
    {
      "entry_policy": "all_days",
      "feature_group": "reversal_fundamental_regime",
      "model_name": "xgb_d3_600_lr002_mcw3",
      "target_hit_bps": 50.0,
      "trades": 177,
      "win_rate": 0.4858757062146893,
      "avg_return": 0.0015353942137614545,
      "median_return": -0.000516981263011803,
      "compound_return": 0.2666655474794397,
      "max_drawdown": -0.15105965596118875,
      "profit_factor": 1.2347302371952562,
      "windows": 10
    },
    {
      "entry_policy": "all_days",
      "feature_group": "all_no_ak",
      "model_name": "lgbm_leaves15_700",
      "target_hit_bps": 50.0,
      "trades": 217,
      "win_rate": 0.4838709677419355,
      "avg_return": 0.0012768094780935748,
      "median_return": -0.000516981263011803,
      "compound_return": 0.26309058536726937,
      "max_drawdown": -0.22230167092778752,
      "profit_factor": 1.1972078944524918,
      "windows": 10
    },
    {
      "entry_policy": "all_days",
      "feature_group": "all_no_ak",
      "model_name": "xgb_d4_500_lr002_mcw5",
      "target_hit_bps": 50.0,
      "trades": 240,
      "win_rate": 0.49166666666666664,
      "avg_return": 0.0010567717849300415,
      "median_return": -0.0004584067427446624,
      "compound_return": 0.23170860610545962,
      "max_drawdown": -0.16455805613043228,
      "profit_factor": 1.1597120167601478,
      "windows": 10
    },
    {
      "entry_policy": "all_days",
      "feature_group": "reversal_fundamental_regime_sector_external",
      "model_name": "extra_trees_600_d3",
      "target_hit_bps": 50.0,
      "trades": 151,
      "win_rate": 0.4900662251655629,
      "avg_return": 0.0012543034966337333,
      "median_return": -0.0003998322224775218,
      "compound_return": 0.17877733608353386,
      "max_drawdown": -0.14891625732758473,
      "profit_factor": 1.2009758746806114,
      "windows": 10
    }
  ]
}

[2026-05-12T03:05:57] RUN summarize
  /usr/bin/python3 model_training/summarize_nextday_search_results.py --pipeline-out /root/workspace/stock_realtime_v021_full/saved_data/002311_pipeline_out_v2_all14 --out-dir /root/workspace/stock_realtime_v021_full/saved_data/002311_pipeline_out_v2_all14/99_summary --excel
{
  "rows": 192,
  "outputs": {
    "final_leaderboard": "/root/workspace/stock_realtime_v021_full/saved_data/002311_pipeline_out_v2_all14/99_summary/final_leaderboard.csv",
    "best_by_target_top5": "/root/workspace/stock_realtime_v021_full/saved_data/002311_pipeline_out_v2_all14/99_summary/best_by_target_top5.csv",
    "best_by_entry_policy_top5": "/root/workspace/stock_realtime_v021_full/saved_data/002311_pipeline_out_v2_all14/99_summary/best_by_entry_policy_top5.csv",
    "excel": "/root/workspace/stock_realtime_v021_full/saved_data/002311_pipeline_out_v2_all14/99_summary/final_leaderboard.xlsx",
    "summary_manifest": "/root/workspace/stock_realtime_v021_full/saved_data/002311_pipeline_out_v2_all14/99_summary/summary_manifest.json"
  }
}
=== nextday pipeline end: 2026-05-12T03:05:57 status=ok ===
