=== nextday pipeline start: 2026-05-16T19:12:13 ===
symbol=601818.SH, out_root=/root/stock_realtime_v021_full/saved_data/601818_pipeline_out_v2_new27_full

[2026-05-16T19:12:13] RUN update_data
  /usr/bin/python3 bootstrap/ashare_xgb_dual_opportunity_regression_baostock_full_v19_compressed_trading_axis.py --mode update_data --symbol 601818 --benchmark_symbol 000300 --daily_start 2018-01-01 --daily_end 2026-05-15 --intraday_start '2018-01-01 09:30:00' --intraday_end '2026-05-15 15:00:00' --output_dir /root/stock_realtime_v021_full/saved_data/601818_pipeline_out_v2_new27_full/00_base --cache_mode incremental --feature_cache_mode incremental --adjust qfq
/root/stock_realtime_v021_full/bootstrap/ashare_fetch_and_train_xgb_sell_signal_baostock_state_cache_helper_fix2.py:246: FutureWarning: The behavior of DataFrame concatenation with empty or all-NA entries is deprecated. In a future version, this will no longer exclude empty or all-NA columns when determining the result dtypes. To retain the old behavior, exclude the relevant entries before the concat operation.
  merged = _normalize_daily_df(pd.concat([df_old, df_new], axis=0, ignore_index=True))
/root/stock_realtime_v021_full/bootstrap/ashare_fetch_and_train_xgb_sell_signal_baostock_state_cache_helper_fix2.py:248: FutureWarning: The behavior of DataFrame concatenation with empty or all-NA entries is deprecated. In a future version, this will no longer exclude empty or all-NA columns when determining the result dtypes. To retain the old behavior, exclude the relevant entries before the concat operation.
  merged = _normalize_intraday_df(pd.concat([df_old, df_new], axis=0, ignore_index=True))
/root/stock_realtime_v021_full/bootstrap/ashare_fetch_and_train_xgb_sell_signal_baostock_state_cache_helper_fix2.py:254: FutureWarning: The behavior of DataFrame concatenation with empty or all-NA entries is deprecated. In a future version, this will no longer exclude empty or all-NA columns when determining the result dtypes. To retain the old behavior, exclude the relevant entries before the concat operation.
  merged = _normalize_bench_df(pd.concat([df_old, df_new], axis=0, ignore_index=True))
/root/stock_realtime_v021_full/bootstrap/ashare_fetch_and_train_xgb_sell_signal_baostock_state_cache_helper_fix2.py:250: FutureWarning: The behavior of DataFrame concatenation with empty or all-NA entries is deprecated. In a future version, this will no longer exclude empty or all-NA columns when determining the result dtypes. To retain the old behavior, exclude the relevant entries before the concat operation.
  merged = _normalize_daily_feature_df(pd.concat([df_old, df_new], axis=0, ignore_index=True))
/root/stock_realtime_v021_full/bootstrap/ashare_fetch_and_train_xgb_sell_signal_baostock_state_cache_helper_fix2.py:252: FutureWarning: The behavior of DataFrame concatenation with empty or all-NA entries is deprecated. In a future version, this will no longer exclude empty or all-NA columns when determining the result dtypes. To retain the old behavior, exclude the relevant entries before the concat operation.
  merged = _normalize_intraday_feature_df(pd.concat([df_old, df_new], axis=0, ignore_index=True))
login success!
logout success!
login success!
logout success!
login success!
logout success!
{
  "mode": "update_data",
  "symbol": "601818",
  "data_source": "baostock",
  "daily_rows": 2027,
  "intraday_rows": 73920,
  "daily_min": "2018-01-02 00:00:00",
  "daily_max": "2026-05-15 00:00:00",
  "intraday_min": "2020-01-02 09:35:00",
  "intraday_max": "2026-05-15 15:00:00",
  "base_paths": {
    "daily_csv": "/root/stock_realtime_v021_full/saved_data/601818_pipeline_out_v2_new27_full/00_base/601818_daily.csv",
    "intraday_csv": "/root/stock_realtime_v021_full/saved_data/601818_pipeline_out_v2_new27_full/00_base/601818_5m.csv",
    "benchmark_csv": "/root/stock_realtime_v021_full/saved_data/601818_pipeline_out_v2_new27_full/00_base/000300_benchmark_daily.csv",
    "raw_daily_cache_csv": "/root/stock_realtime_v021_full/saved_data/601818_pipeline_out_v2_new27_full/00_base/raw_cache/601818_daily_raw.csv",
    "raw_intraday_cache_csv": "/root/stock_realtime_v021_full/saved_data/601818_pipeline_out_v2_new27_full/00_base/raw_cache/601818_5m_raw.csv",
    "raw_benchmark_cache_csv": "/root/stock_realtime_v021_full/saved_data/601818_pipeline_out_v2_new27_full/00_base/raw_cache/000300_benchmark_daily_raw.csv",
    "daily_features_csv": "/root/stock_realtime_v021_full/saved_data/601818_pipeline_out_v2_new27_full/00_base/daily_features.csv",
    "intraday_features_csv": "/root/stock_realtime_v021_full/saved_data/601818_pipeline_out_v2_new27_full/00_base/intraday_features.csv",
    "daily_features_cache_csv": "/root/stock_realtime_v021_full/saved_data/601818_pipeline_out_v2_new27_full/00_base/feature_cache/daily_features_cache.csv",
    "intraday_features_cache_csv": "/root/stock_realtime_v021_full/saved_data/601818_pipeline_out_v2_new27_full/00_base/feature_cache/intraday_features_cache.csv",
    "feature_state_json": "/root/stock_realtime_v021_full/saved_data/601818_pipeline_out_v2_new27_full/00_base/feature_cache/feature_state.json"
  },
  "fetch_logs": {
    "symbol": "601818",
    "benchmark_symbol": "000300",
    "daily_start": "2018-01-01",
    "daily_end": "2026-05-15",
    "intraday_start": "2018-01-01 09:30:00",
    "intraday_end": "2026-05-15 15:00:00",
    "perf_start": "2018-01-01",
    "data_source": "baostock",
    "cache_mode": "incremental",
    "force_refresh": false,
    "raw_cache_dir": "/root/stock_realtime_v021_full/saved_data/601818_pipeline_out_v2_new27_full/00_base/raw_cache",
    "feature_cache_dir": "/root/stock_realtime_v021_full/saved_data/601818_pipeline_out_v2_new27_full/00_base/feature_cache",
    "feature_cache_mode": "incremental",
    "daily": {
      "cache_path": "/root/stock_realtime_v021_full/saved_data/601818_pipeline_out_v2_new27_full/00_base/raw_cache/601818_daily_raw.csv",
      "requested_start": "2018-01-01",
      "requested_end": "2026-05-15",
      "mode": "initial_fetch",
      "fetch_segments": [
        {
          "provider": "baostock",
          "code": "sh.601818",
          "adjustflag": "2",
          "rows": 2027,
          "start": "2018-01-01",
          "end": "2026-05-15"
        }
      ],
      "cache_after": {
        "rows": 2027,
        "min": "2018-01-02 00:00:00",
        "max": "2026-05-15 00:00:00"
      }
    },
    "intraday_5m": {
      "cache_path": "/root/stock_realtime_v021_full/saved_data/601818_pipeline_out_v2_new27_full/00_base/raw_cache/601818_5m_raw.csv",
      "requested_start": "2018-01-01 09:30:00",
      "requested_end": "2026-05-15 15:00:00",
      "mode": "initial_fetch",
      "fetch_segments": [
        {
          "provider": "baostock",
          "code": "sh.601818",
          "adjustflag": "2",
          "requested_start": "2018-01-01 09:30:00",
          "effective_start": "2018-01-01 09:30:00",
          "requested_end": "2026-05-15 15:00:00",
          "rows": 73920
        }
      ],
      "cache_after": {
        "rows": 73920,
        "min": "2020-01-02 09:35:00",
        "max": "2026-05-15 15:00:00"
      }
    },
    "benchmark_daily": {
      "cache_path": "/root/stock_realtime_v021_full/saved_data/601818_pipeline_out_v2_new27_full/00_base/raw_cache/000300_benchmark_daily_raw.csv",
      "requested_start": "2018-01-01",
      "requested_end": "2026-05-15",
      "mode": "initial_fetch",
      "fetch_segments": [
        {
          "provider": "baostock",
          "code": "sh.000300",
          "rows": 2027,
          "start": "2018-01-01",
          "end": "2026-05-15"
        }
      ],
      "cache_after": {
        "rows": 2027,
        "min": "2018-01-02 00:00:00",
        "max": "2026-05-15 00:00:00"
      }
    },
    "feature_build": {
      "mode": "full_rebuild",
      "reason": "feature_cache_missing",
      "daily_cache_after": {
        "rows": 2027,
        "min": "2018-01-02 00:00:00",
        "max": "2026-05-15 00:00:00"
      },
      "intraday_cache_after": {
        "rows": 73920,
        "min": "2020-01-02 09:35:00",
        "max": "2026-05-15 15:00:00"
      },
      "daily_context_days": 260,
      "intraday_context_days": 40,
      "daily_appended_rows": 2027,
      "intraday_appended_rows": 73920
    },
    "feature_state": {
      "daily_feature_max": "2026-05-15 00:00:00",
      "intraday_feature_max": "2026-05-15 15:00:00",
      "daily_context_days": 260,
      "intraday_context_days": 40,
      "feature_build_mode": "full_rebuild"
    }
  }
}

[2026-05-16T19:14:52] RUN samples
  /usr/bin/python3 feature_building/build_nextday_samples_from_baostock.py --daily-features /root/stock_realtime_v021_full/saved_data/601818_pipeline_out_v2_new27_full/00_base/daily_features.csv --intraday-bars /root/stock_realtime_v021_full/saved_data/601818_pipeline_out_v2_new27_full/00_base/601818_5m.csv --out-dir /root/stock_realtime_v021_full/saved_data/601818_pipeline_out_v2_new27_full/01_samples --min-bars 40 --keep-unlabeled-tail
{
  "rows": 1540,
  "date_min": "2020-01-02",
  "date_max": "2026-05-15",
  "out": "/root/stock_realtime_v021_full/saved_data/601818_pipeline_out_v2_new27_full/01_samples/training_samples.csv"
}

[2026-05-16T19:14:53] RUN fundamental
  /usr/bin/python3 feature_building/build_fundamental_features.py --symbol 601818.SH --daily-samples /root/stock_realtime_v021_full/saved_data/601818_pipeline_out_v2_new27_full/01_samples/training_samples.csv --out-dir /root/stock_realtime_v021_full/saved_data/601818_pipeline_out_v2_new27_full/02_fundamental --start-date 2018-01-01 --end-date 2026-05-15 --fallback-lag-days 120
login success!
logout success!
{
  "rows": 1540,
  "date_min": "2020-01-02",
  "date_max": "2026-05-15",
  "source_errors": [],
  "top_missing_rates": {
    "profit_gpMargin": 1.0,
    "operation_INVTurnDays": 1.0,
    "operation_NRTurnRatio": 1.0,
    "operation_INVTurnRatio": 1.0,
    "operation_NRTurnDays": 1.0,
    "operation_CATurnRatio": 1.0,
    "cashflow_ebitToInterest": 1.0,
    "cashflow_tangibleAssetToAsset": 1.0,
    "cashflow_CAToAsset": 1.0,
    "cashflow_NCAToAsset": 1.0,
    "solvency_cashRatio": 1.0,
    "solvency_quickRatio": 1.0,
    "solvency_currentRatio": 1.0,
    "dupont_dupontIntburden": 1.0,
    "dupont_dupontEbittogr": 1.0,
    "solvency_cashRatio_chg4q": 1.0,
    "cashflow_CAToAsset_chg4q": 1.0,
    "cashflow_ebitToInterest_chg4q": 1.0,
    "cashflow_tangibleAssetToAsset_chg4q": 1.0,
    "dupont_dupontIntburden_chg4q": 1.0,
    "dupont_dupontEbittogr_chg4q": 1.0,
    "solvency_currentRatio_chg4q": 1.0,
    "solvency_quickRatio_chg4q": 1.0,
    "cashflow_NCAToAsset_chg4q": 1.0,
    "profit_gpMargin_chg4q": 1.0,
    "ak_fund_超大单净流入-净占比_sum10": 0.9246753246753247,
    "ak_fund_超大单净流入-净额_sum10": 0.9246753246753247,
    "ak_fund_涨跌幅_sum10": 0.9246753246753247,
    "ak_fund_收盘价_sum10": 0.9246753246753247,
    "ak_fund_主力净流入-净额_sum10": 0.9246753246753247
  },
  "valuation_non_null": {
    "peTTM": 1540,
    "pbMRQ": 1540,
    "psTTM": 1540,
    "pcfNcfTTM": 1540
  },
  "future_effective_date_violations": 0,
  "rows_with_quarterly": 1540,
  "sample_rows": 1540,
  "quarterly_raw_rows": 37,
  "quarterly_used_pubDate_rows": 37,
  "quarterly_fallback_rows": 0,
  "elapsed_seconds": 25.306,
  "symbol": "601818",
  "baostock_code": "sh.601818",
  "valuation_rows": 2027,
  "fund_flow_rows": 120,
  "feature_columns": 125,
  "merged_columns": 194,
  "outputs": {
    "daily_valuation": "/root/stock_realtime_v021_full/saved_data/601818_pipeline_out_v2_new27_full/02_fundamental/baostock_daily_valuation.csv",
    "quarterly_fundamentals": "/root/stock_realtime_v021_full/saved_data/601818_pipeline_out_v2_new27_full/02_fundamental/baostock_quarterly_fundamentals_pit.csv",
    "fundamental_features": "/root/stock_realtime_v021_full/saved_data/601818_pipeline_out_v2_new27_full/02_fundamental/fundamental_features.csv",
    "merged_samples": "/root/stock_realtime_v021_full/saved_data/601818_pipeline_out_v2_new27_full/02_fundamental/training_samples_with_fundamentals.csv"
  }
}

[2026-05-16T19:15:19] RUN sector
  /usr/bin/python3 feature_building/build_sector_features.py --samples /root/stock_realtime_v021_full/saved_data/601818_pipeline_out_v2_new27_full/02_fundamental/training_samples_with_fundamentals.csv --out-dir /root/stock_realtime_v021_full/saved_data/601818_pipeline_out_v2_new27_full/03_sector --sector-symbol '银行' --start-date 2018-01-01 --end-date 2026-05-15

  0%|          | 0/9 [00:00<?, ?it/s]
 11%|█         | 1/9 [00:00<00:01,  4.17it/s]
 22%|██▏       | 2/9 [00:00<00:01,  4.42it/s]
 33%|███▎      | 3/9 [00:00<00:01,  4.48it/s]
 44%|████▍     | 4/9 [00:00<00:01,  4.17it/s]
 56%|█████▌    | 5/9 [00:01<00:00,  4.19it/s]
 67%|██████▋   | 6/9 [00:01<00:00,  3.78it/s]
 78%|███████▊  | 7/9 [00:01<00:00,  3.94it/s]
 89%|████████▉ | 8/9 [00:02<00:00,  3.78it/s]
100%|██████████| 9/9 [00:02<00:00,  3.99it/s]
                                             
{
  "sector_symbol": "银行",
  "sector_rows": 2027,
  "sector_date_min": "2018-01-02",
  "sector_date_max": "2026-05-15",
  "sample_rows": 1540,
  "merged_rows": 1540,
  "sector_feature_cols": 23,
  "top_missing": {
    "sector_ret60": 0.03896103896103896,
    "sector_ma60_gap": 0.01948051948051948,
    "stock_vs_sector_ret20": 0.012987012987012988,
    "sector_ret20": 0.012987012987012988,
    "sector_vol20": 0.007142857142857143,
    "sector_ma20_gap": 0.006493506493506494,
    "sector_range_z20": 0.006493506493506494,
    "sector_volume_shock20": 0.006493506493506494,
    "sector_amount_z20": 0.006493506493506494,
    "sector_volume_z20": 0.006493506493506494,
    "sector_amount_shock20": 0.006493506493506494,
    "sector_ret5": 0.003246753246753247,
    "stock_vs_sector_ret5": 0.003246753246753247,
    "sector_vs_bench_ret5": 0.003246753246753247,
    "stock_vs_sector_ret1": 0.0006493506493506494,
    "sector_ret1": 0.0006493506493506494,
    "sector_amount": 0.0,
    "sector_volume": 0.0,
    "sector_close": 0.0,
    "sector_low": 0.0
  },
  "outputs": {
    "sector_index": "/root/stock_realtime_v021_full/saved_data/601818_pipeline_out_v2_new27_full/03_sector/sector_index_ths.csv",
    "sector_features": "/root/stock_realtime_v021_full/saved_data/601818_pipeline_out_v2_new27_full/03_sector/sector_features.csv",
    "merged_samples": "/root/stock_realtime_v021_full/saved_data/601818_pipeline_out_v2_new27_full/03_sector/training_samples_with_sector.csv"
  }
}
[INFO] final samples for search: /root/stock_realtime_v021_full/saved_data/601818_pipeline_out_v2_new27_full/03_sector/training_samples_with_sector.csv

[2026-05-16T19:15:24] RUN search_vwap_low_hit_50bps
  /usr/bin/python3 model_training/search_walk_forward_model_complexity.py --samples /root/stock_realtime_v021_full/saved_data/601818_pipeline_out_v2_new27_full/03_sector/training_samples_with_sector.csv --intraday-bars /root/stock_realtime_v021_full/saved_data/601818_pipeline_out_v2_new27_full/00_base/601818_5m.csv --out-dir /root/stock_realtime_v021_full/saved_data/601818_pipeline_out_v2_new27_full/10_search/search_vwap_low_hit_50bps --round-trip-cost-bps 1.7 --target-hit-bps 50.0 --label-mode hit --entry-policy vwap_low --entry-vwap-premium-bps 50.0 --max-missing 0.35 --groups reversal_fundamental_regime,reversal_fundamental_regime_sector,reversal_fundamental_regime_sector_external,all_no_ak --models xgb_d2_200_lr003_mcw5,xgb_d3_400_lr003_mcw3,xgb_d3_600_lr002_mcw3,xgb_d4_500_lr002_mcw5,lgbm_leaves7_400,lgbm_leaves15_700,extra_trees_600_d3,random_forest_600_d4 --quantiles 0.5,0.6,0.7,0.8 --train-rows 756 --valid-rows 126 --test-rows 63 --min-valid-trades 8 --min-train-entries 80
{
  "rows": 1539,
  "target_hit_bps": 50.0,
  "label_mode": "hit",
  "entry_policy": "vwap_low",
  "entry_vwap_premium_bps": 50.0,
  "groups": {
    "reversal_fundamental_regime": 112,
    "reversal_fundamental_regime_sector": 135,
    "reversal_fundamental_regime_sector_external": 135,
    "all_no_ak": 190
  },
  "models": [
    "xgb_d2_200_lr003_mcw5",
    "xgb_d3_400_lr003_mcw3",
    "xgb_d3_600_lr002_mcw3",
    "xgb_d4_500_lr002_mcw5",
    "extra_trees_600_d3",
    "random_forest_600_d4",
    "lgbm_leaves7_400",
    "lgbm_leaves15_700"
  ],
  "top": [
    {
      "entry_policy": "vwap_low",
      "feature_group": "reversal_fundamental_regime_sector",
      "model_name": "xgb_d4_500_lr002_mcw5",
      "target_hit_bps": 50.0,
      "trades": 167,
      "win_rate": 0.7604790419161677,
      "avg_return": 0.001786546284728254,
      "median_return": 0.005,
      "compound_return": 0.342535069484861,
      "max_drawdown": -0.03305453208208209,
      "profit_factor": 1.8862500868505807,
      "windows": 10
    },
    {
      "entry_policy": "vwap_low",
      "feature_group": "reversal_fundamental_regime_sector_external",
      "model_name": "xgb_d4_500_lr002_mcw5",
      "target_hit_bps": 50.0,
      "trades": 167,
      "win_rate": 0.7604790419161677,
      "avg_return": 0.001786546284728254,
      "median_return": 0.005,
      "compound_return": 0.342535069484861,
      "max_drawdown": -0.03305453208208209,
      "profit_factor": 1.8862500868505807,
      "windows": 10
    },
    {
      "entry_policy": "vwap_low",
      "feature_group": "reversal_fundamental_regime",
      "model_name": "xgb_d4_500_lr002_mcw5",
      "target_hit_bps": 50.0,
      "trades": 154,
      "win_rate": 0.7467532467532467,
      "avg_return": 0.0018888201863474139,
      "median_return": 0.005,
      "compound_return": 0.33360970973165194,
      "max_drawdown": -0.04136341663853926,
      "profit_factor": 2.0370111264498685,
      "windows": 10
    },
    {
      "entry_policy": "vwap_low",
      "feature_group": "reversal_fundamental_regime",
      "model_name": "xgb_d3_600_lr002_mcw3",
      "target_hit_bps": 50.0,
      "trades": 174,
      "win_rate": 0.7586206896551724,
      "avg_return": 0.001537239166145229,
      "median_return": 0.005,
      "compound_return": 0.2985580010103639,
      "max_drawdown": -0.10306165515142462,
      "profit_factor": 1.6814413341804977,
      "windows": 10
    },
    {
      "entry_policy": "vwap_low",
      "feature_group": "reversal_fundamental_regime",
      "model_name": "lgbm_leaves15_700",
      "target_hit_bps": 50.0,
      "trades": 171,
      "win_rate": 0.7485380116959064,
      "avg_return": 0.0015290585099956581,
      "median_return": 0.005,
      "compound_return": 0.29304168327047986,
      "max_drawdown": -0.07602747537264354,
      "profit_factor": 1.6988065012931812,
      "windows": 10
    },
    {
      "entry_policy": "vwap_low",
      "feature_group": "reversal_fundamental_regime",
      "model_name": "xgb_d2_200_lr003_mcw5",
      "target_hit_bps": 50.0,
      "trades": 167,
      "win_rate": 0.7604790419161677,
      "avg_return": 0.0015260637669387692,
      "median_return": 0.005,
      "compound_return": 0.28222519280625646,
      "max_drawdown": -0.10210237794752397,
      "profit_factor": 1.678193785700847,
      "windows": 10
    },
    {
      "entry_policy": "vwap_low",
      "feature_group": "reversal_fundamental_regime",
      "model_name": "xgb_d3_400_lr003_mcw3",
      "target_hit_bps": 50.0,
      "trades": 171,
      "win_rate": 0.7543859649122807,
      "avg_return": 0.0014638083072586164,
      "median_return": 0.005,
      "compound_return": 0.27614316736328615,
      "max_drawdown": -0.08452314973144415,
      "profit_factor": 1.6400775533552177,
      "windows": 10
    },
    {
      "entry_policy": "vwap_low",
      "feature_group": "reversal_fundamental_regime_sector",
      "model_name": "xgb_d3_600_lr002_mcw3",
      "target_hit_bps": 50.0,
      "trades": 193,
      "win_rate": 0.7409326424870466,
      "avg_return": 0.001268385491010489,
      "median_return": 0.005,
      "compound_return": 0.26873454977697264,
      "max_drawdown": -0.06592342465753409,
      "profit_factor": 1.5246691314843503,
      "windows": 10
    },
    {
      "entry_policy": "vwap_low",
      "feature_group": "reversal_fundamental_regime_sector_external",
      "model_name": "xgb_d3_600_lr002_mcw3",
      "target_hit_bps": 50.0,
      "trades": 193,
      "win_rate": 0.7409326424870466,
      "avg_return": 0.001268385491010489,
      "median_return": 0.005,
      "compound_return": 0.26873454977697264,
      "max_drawdown": -0.06592342465753409,
      "profit_factor": 1.5246691314843503,
      "windows": 10
    },
    {
      "entry_policy": "vwap_low",
      "feature_group": "reversal_fundamental_regime_sector",
      "model_name": "lgbm_leaves7_400",
      "target_hit_bps": 50.0,
      "trades": 141,
      "win_rate": 0.7730496453900709,
      "avg_return": 0.0016020968601507695,
      "median_return": 0.005,
      "compound_return": 0.24840033542565054,
      "max_drawdown": -0.03739369824100325,
      "profit_factor": 1.707905305696083,
      "windows": 10
    },
    {
      "entry_policy": "vwap_low",
      "feature_group": "reversal_fundamental_regime_sector_external",
      "model_name": "lgbm_leaves7_400",
      "target_hit_bps": 50.0,
      "trades": 141,
      "win_rate": 0.7730496453900709,
      "avg_return": 0.0016020968601507695,
      "median_return": 0.005,
      "compound_return": 0.24840033542565054,
      "max_drawdown": -0.03739369824100325,
      "profit_factor": 1.707905305696083,
      "windows": 10
    },
    {
      "entry_policy": "vwap_low",
      "feature_group": "reversal_fundamental_regime",
      "model_name": "lgbm_leaves7_400",
      "target_hit_bps": 50.0,
      "trades": 213,
      "win_rate": 0.755868544600939,
      "avg_return": 0.0010261367250417968,
      "median_return": 0.005,
      "compound_return": 0.2319030624664804,
      "max_drawdown": -0.10147009299255638,
      "profit_factor": 1.3742854997902056,
      "windows": 10
    },
    {
      "entry_policy": "vwap_low",
      "feature_group": "all_no_ak",
      "model_name": "xgb_d3_600_lr002_mcw3",
      "target_hit_bps": 50.0,
      "trades": 136,
      "win_rate": 0.7279411764705882,
      "avg_return": 0.0015174739495466202,
      "median_return": 0.005,
      "compound_return": 0.22554430268503634,
      "max_drawdown": -0.04641894929956325,
      "profit_factor": 1.7150368091672226,
      "windows": 10
    },
    {
      "entry_policy": "vwap_low",
      "feature_group": "reversal_fundamental_regime_sector",
      "model_name": "xgb_d3_400_lr003_mcw3",
      "target_hit_bps": 50.0,
      "trades": 148,
      "win_rate": 0.7635135135135135,
      "avg_return": 0.0013362926016765196,
      "median_return": 0.005,
      "compound_return": 0.21165893639915923,
      "max_drawdown": -0.0659234246575342,
      "profit_factor": 1.5385507934613947,
      "windows": 10
    },
    {
      "entry_policy": "vwap_low",
      "feature_group": "reversal_fundamental_regime_sector_external",
      "model_name": "xgb_d3_400_lr003_mcw3",
      "target_hit_bps": 50.0,
      "trades": 148,
      "win_rate": 0.7635135135135135,
      "avg_return": 0.0013362926016765196,
      "median_return": 0.005,
      "compound_return": 0.21165893639915923,
      "max_drawdown": -0.0659234246575342,
      "profit_factor": 1.5385507934613947,
      "windows": 10
    },
    {
      "entry_policy": "vwap_low",
      "feature_group": "all_no_ak",
      "model_name": "lgbm_leaves7_400",
      "target_hit_bps": 50.0,
      "trades": 138,
      "win_rate": 0.7463768115942029,
      "avg_return": 0.001318809068503558,
      "median_return": 0.005,
      "compound_return": 0.19518454339229208,
      "max_drawdown": -0.03501614040552048,
      "profit_factor": 1.5496480992212076,
      "windows": 10
    },
    {
      "entry_policy": "vwap_low",
      "feature_group": "reversal_fundamental_regime_sector",
      "model_name": "lgbm_leaves15_700",
      "target_hit_bps": 50.0,
      "trades": 126,
      "win_rate": 0.7301587301587301,
      "avg_return": 0.0013144079447683945,
      "median_return": 0.005,
      "compound_return": 0.17618369042548654,
      "max_drawdown": -0.03375479958318672,
      "profit_factor": 1.5695954194957964,
      "windows": 10
    },
    {
      "entry_policy": "vwap_low",
      "feature_group": "reversal_fundamental_regime_sector_external",
      "model_name": "lgbm_leaves15_700",
      "target_hit_bps": 50.0,
      "trades": 126,
      "win_rate": 0.7301587301587301,
      "avg_return": 0.0013144079447683945,
      "median_return": 0.005,
      "compound_return": 0.17618369042548654,
      "max_drawdown": -0.03375479958318672,
      "profit_factor": 1.5695954194957964,
      "windows": 10
    },
    {
      "entry_policy": "vwap_low",
      "feature_group": "all_no_ak",
      "model_name": "xgb_d4_500_lr002_mcw5",
      "target_hit_bps": 50.0,
      "trades": 108,
      "win_rate": 0.7314814814814815,
      "avg_return": 0.0012604308944414461,
      "median_return": 0.005,
      "compound_return": 0.14278166211442445,
      "max_drawdown": -0.037393698241003026,
      "profit_factor": 1.5258419878640443,
      "windows": 10
    },
    {
      "entry_policy": "vwap_low",
      "feature_group": "all_no_ak",
      "model_name": "lgbm_leaves15_700",
      "target_hit_bps": 50.0,
      "trades": 102,
      "win_rate": 0.7352941176470589,
      "avg_return": 0.001320297747955748,
      "median_return": 0.005,
      "compound_return": 0.1408994750735426,
      "max_drawdown": -0.06677500667731606,
      "profit_factor": 1.5603569166848994,
      "windows": 10
    }
  ]
}

[2026-05-16T19:25:22] RUN search_vwap_low_hit_80bps
  /usr/bin/python3 model_training/search_walk_forward_model_complexity.py --samples /root/stock_realtime_v021_full/saved_data/601818_pipeline_out_v2_new27_full/03_sector/training_samples_with_sector.csv --intraday-bars /root/stock_realtime_v021_full/saved_data/601818_pipeline_out_v2_new27_full/00_base/601818_5m.csv --out-dir /root/stock_realtime_v021_full/saved_data/601818_pipeline_out_v2_new27_full/10_search/search_vwap_low_hit_80bps --round-trip-cost-bps 1.7 --target-hit-bps 80.0 --label-mode hit --entry-policy vwap_low --entry-vwap-premium-bps 50.0 --max-missing 0.35 --groups reversal_fundamental_regime,reversal_fundamental_regime_sector,reversal_fundamental_regime_sector_external,all_no_ak --models xgb_d2_200_lr003_mcw5,xgb_d3_400_lr003_mcw3,xgb_d3_600_lr002_mcw3,xgb_d4_500_lr002_mcw5,lgbm_leaves7_400,lgbm_leaves15_700,extra_trees_600_d3,random_forest_600_d4 --quantiles 0.5,0.6,0.7,0.8 --train-rows 756 --valid-rows 126 --test-rows 63 --min-valid-trades 8 --min-train-entries 80
{
  "rows": 1539,
  "target_hit_bps": 80.0,
  "label_mode": "hit",
  "entry_policy": "vwap_low",
  "entry_vwap_premium_bps": 50.0,
  "groups": {
    "reversal_fundamental_regime": 112,
    "reversal_fundamental_regime_sector": 135,
    "reversal_fundamental_regime_sector_external": 135,
    "all_no_ak": 190
  },
  "models": [
    "xgb_d2_200_lr003_mcw5",
    "xgb_d3_400_lr003_mcw3",
    "xgb_d3_600_lr002_mcw3",
    "xgb_d4_500_lr002_mcw5",
    "extra_trees_600_d3",
    "random_forest_600_d4",
    "lgbm_leaves7_400",
    "lgbm_leaves15_700"
  ],
  "top": [
    {
      "entry_policy": "vwap_low",
      "feature_group": "all_no_ak",
      "model_name": "random_forest_600_d4",
      "target_hit_bps": 80.0,
      "trades": 183,
      "win_rate": 0.6284153005464481,
      "avg_return": 0.0011094171992201435,
      "median_return": 0.008,
      "compound_return": 0.2105916867985731,
      "max_drawdown": -0.0891204128384242,
      "profit_factor": 1.3142132209580666,
      "windows": 10
    },
    {
      "entry_policy": "vwap_low",
      "feature_group": "reversal_fundamental_regime_sector",
      "model_name": "xgb_d3_600_lr002_mcw3",
      "target_hit_bps": 80.0,
      "trades": 187,
      "win_rate": 0.6363636363636364,
      "avg_return": 0.0010636137288862805,
      "median_return": 0.008,
      "compound_return": 0.204894227996955,
      "max_drawdown": -0.09146633191534226,
      "profit_factor": 1.2920078667707553,
      "windows": 10
    },
    {
      "entry_policy": "vwap_low",
      "feature_group": "reversal_fundamental_regime_sector_external",
      "model_name": "xgb_d3_600_lr002_mcw3",
      "target_hit_bps": 80.0,
      "trades": 187,
      "win_rate": 0.6363636363636364,
      "avg_return": 0.0010636137288862805,
      "median_return": 0.008,
      "compound_return": 0.204894227996955,
      "max_drawdown": -0.09146633191534226,
      "profit_factor": 1.2920078667707553,
      "windows": 10
    },
    {
      "entry_policy": "vwap_low",
      "feature_group": "reversal_fundamental_regime_sector",
      "model_name": "random_forest_600_d4",
      "target_hit_bps": 80.0,
      "trades": 176,
      "win_rate": 0.625,
      "avg_return": 0.001116425466017987,
      "median_return": 0.008,
      "compound_return": 0.20304840728500584,
      "max_drawdown": -0.09007447351473019,
      "profit_factor": 1.3168458293597713,
      "windows": 10
    },
    {
      "entry_policy": "vwap_low",
      "feature_group": "reversal_fundamental_regime_sector_external",
      "model_name": "random_forest_600_d4",
      "target_hit_bps": 80.0,
      "trades": 176,
      "win_rate": 0.625,
      "avg_return": 0.001116425466017987,
      "median_return": 0.008,
      "compound_return": 0.20304840728500584,
      "max_drawdown": -0.09007447351473019,
      "profit_factor": 1.3168458293597713,
      "windows": 10
    },
    {
      "entry_policy": "vwap_low",
      "feature_group": "reversal_fundamental_regime",
      "model_name": "lgbm_leaves15_700",
      "target_hit_bps": 80.0,
      "trades": 232,
      "win_rate": 0.5948275862068966,
      "avg_return": 0.0008029218035011733,
      "median_return": 0.00636601751481836,
      "compound_return": 0.1906665049382219,
      "max_drawdown": -0.0854346147582824,
      "profit_factor": 1.2282276429558954,
      "windows": 10
    },
    {
      "entry_policy": "vwap_low",
      "feature_group": "reversal_fundamental_regime",
      "model_name": "random_forest_600_d4",
      "target_hit_bps": 80.0,
      "trades": 205,
      "win_rate": 0.6,
      "avg_return": 0.0008920118451745656,
      "median_return": 0.008,
      "compound_return": 0.1855773973921011,
      "max_drawdown": -0.09819587016272979,
      "profit_factor": 1.2500001277706363,
      "windows": 10
    },
    {
      "entry_policy": "vwap_low",
      "feature_group": "all_no_ak",
      "model_name": "xgb_d2_200_lr003_mcw5",
      "target_hit_bps": 80.0,
      "trades": 173,
      "win_rate": 0.6242774566473989,
      "avg_return": 0.0009358703833006714,
      "median_return": 0.008,
      "compound_return": 0.16165337033145444,
      "max_drawdown": -0.08722187094093359,
      "profit_factor": 1.2453663678243165,
      "windows": 10
    },
    {
      "entry_policy": "vwap_low",
      "feature_group": "reversal_fundamental_regime",
      "model_name": "xgb_d2_200_lr003_mcw5",
      "target_hit_bps": 80.0,
      "trades": 188,
      "win_rate": 0.6063829787234043,
      "avg_return": 0.0006399231962895774,
      "median_return": 0.008,
      "compound_return": 0.11355733622153585,
      "max_drawdown": -0.11753172323237482,
      "profit_factor": 1.1640218700094205,
      "windows": 10
    },
    {
      "entry_policy": "vwap_low",
      "feature_group": "reversal_fundamental_regime",
      "model_name": "lgbm_leaves7_400",
      "target_hit_bps": 80.0,
      "trades": 191,
      "win_rate": 0.6282722513089005,
      "avg_return": 0.0006236503465412531,
      "median_return": 0.008,
      "compound_return": 0.11239707012088007,
      "max_drawdown": -0.10528861519636146,
      "profit_factor": 1.161549911450237,
      "windows": 10
    },
    {
      "entry_policy": "vwap_low",
      "feature_group": "reversal_fundamental_regime_sector",
      "model_name": "extra_trees_600_d3",
      "target_hit_bps": 80.0,
      "trades": 112,
      "win_rate": 0.6339285714285714,
      "avg_return": 0.000963448371369707,
      "median_return": 0.008,
      "compound_return": 0.10387285043718797,
      "max_drawdown": -0.08032544755691862,
      "profit_factor": 1.2464617106293567,
      "windows": 10
    },
    {
      "entry_policy": "vwap_low",
      "feature_group": "reversal_fundamental_regime_sector_external",
      "model_name": "extra_trees_600_d3",
      "target_hit_bps": 80.0,
      "trades": 112,
      "win_rate": 0.6339285714285714,
      "avg_return": 0.000963448371369707,
      "median_return": 0.008,
      "compound_return": 0.10387285043718797,
      "max_drawdown": -0.08032544755691862,
      "profit_factor": 1.2464617106293567,
      "windows": 10
    },
    {
      "entry_policy": "vwap_low",
      "feature_group": "all_no_ak",
      "model_name": "xgb_d3_600_lr002_mcw3",
      "target_hit_bps": 80.0,
      "trades": 165,
      "win_rate": 0.6121212121212121,
      "avg_return": 0.0005696090849656506,
      "median_return": 0.008,
      "compound_return": 0.0855818229456029,
      "max_drawdown": -0.09015155576011813,
      "profit_factor": 1.1418878956558451,
      "windows": 10
    },
    {
      "entry_policy": "vwap_low",
      "feature_group": "all_no_ak",
      "model_name": "xgb_d3_400_lr003_mcw3",
      "target_hit_bps": 80.0,
      "trades": 170,
      "win_rate": 0.6,
      "avg_return": 0.0005074776923472372,
      "median_return": 0.008,
      "compound_return": 0.07730665725944919,
      "max_drawdown": -0.08713626355660087,
      "profit_factor": 1.130213389141072,
      "windows": 10
    },
    {
      "entry_policy": "vwap_low",
      "feature_group": "reversal_fundamental_regime",
      "model_name": "xgb_d3_400_lr003_mcw3",
      "target_hit_bps": 80.0,
      "trades": 193,
      "win_rate": 0.5906735751295337,
      "avg_return": 0.00042846945139384077,
      "median_return": 0.008,
      "compound_return": 0.07261758351340775,
      "max_drawdown": -0.0981958701627299,
      "profit_factor": 1.1082777252033775,
      "windows": 10
    },
    {
      "entry_policy": "vwap_low",
      "feature_group": "reversal_fundamental_regime_sector",
      "model_name": "xgb_d4_500_lr002_mcw5",
      "target_hit_bps": 80.0,
      "trades": 141,
      "win_rate": 0.624113475177305,
      "avg_return": 0.0005753101237165196,
      "median_return": 0.008,
      "compound_return": 0.07255345082090248,
      "max_drawdown": -0.09099167413283682,
      "profit_factor": 1.1404131415967758,
      "windows": 10
    },
    {
      "entry_policy": "vwap_low",
      "feature_group": "reversal_fundamental_regime_sector_external",
      "model_name": "xgb_d4_500_lr002_mcw5",
      "target_hit_bps": 80.0,
      "trades": 141,
      "win_rate": 0.624113475177305,
      "avg_return": 0.0005753101237165196,
      "median_return": 0.008,
      "compound_return": 0.07255345082090248,
      "max_drawdown": -0.09099167413283682,
      "profit_factor": 1.1404131415967758,
      "windows": 10
    },
    {
      "entry_policy": "vwap_low",
      "feature_group": "reversal_fundamental_regime_sector",
      "model_name": "lgbm_leaves15_700",
      "target_hit_bps": 80.0,
      "trades": 162,
      "win_rate": 0.5987654320987654,
      "avg_return": 0.00046782995760360325,
      "median_return": 0.008,
      "compound_return": 0.06607418664888964,
      "max_drawdown": -0.10957894060734552,
      "profit_factor": 1.1152232786931229,
      "windows": 10
    },
    {
      "entry_policy": "vwap_low",
      "feature_group": "reversal_fundamental_regime_sector_external",
      "model_name": "lgbm_leaves15_700",
      "target_hit_bps": 80.0,
      "trades": 162,
      "win_rate": 0.5987654320987654,
      "avg_return": 0.00046782995760360325,
      "median_return": 0.008,
      "compound_return": 0.06607418664888964,
      "max_drawdown": -0.10957894060734552,
      "profit_factor": 1.1152232786931229,
      "windows": 10
    },
    {
      "entry_policy": "vwap_low",
      "feature_group": "all_no_ak",
      "model_name": "extra_trees_600_d3",
      "target_hit_bps": 80.0,
      "trades": 148,
      "win_rate": 0.6013513513513513,
      "avg_return": 0.00044424473963430866,
      "median_return": 0.008,
      "compound_return": 0.05608070039249924,
      "max_drawdown": -0.07786448057277018,
      "profit_factor": 1.1082315008679429,
      "windows": 10
    }
  ]
}

[2026-05-16T19:34:33] RUN search_vwap_low_close_profit_50bps
  /usr/bin/python3 model_training/search_walk_forward_model_complexity.py --samples /root/stock_realtime_v021_full/saved_data/601818_pipeline_out_v2_new27_full/03_sector/training_samples_with_sector.csv --intraday-bars /root/stock_realtime_v021_full/saved_data/601818_pipeline_out_v2_new27_full/00_base/601818_5m.csv --out-dir /root/stock_realtime_v021_full/saved_data/601818_pipeline_out_v2_new27_full/10_search/search_vwap_low_close_profit_50bps --round-trip-cost-bps 1.7 --target-hit-bps 50.0 --label-mode close_profit --entry-policy vwap_low --entry-vwap-premium-bps 50.0 --max-missing 0.35 --groups reversal_fundamental_regime,reversal_fundamental_regime_sector,reversal_fundamental_regime_sector_external,all_no_ak --models xgb_d2_200_lr003_mcw5,xgb_d3_400_lr003_mcw3,xgb_d3_600_lr002_mcw3,xgb_d4_500_lr002_mcw5,lgbm_leaves7_400,lgbm_leaves15_700,extra_trees_600_d3,random_forest_600_d4 --quantiles 0.5,0.6,0.7,0.8 --train-rows 756 --valid-rows 126 --test-rows 63 --min-valid-trades 8 --min-train-entries 80
{
  "rows": 1539,
  "target_hit_bps": 50.0,
  "label_mode": "close_profit",
  "entry_policy": "vwap_low",
  "entry_vwap_premium_bps": 50.0,
  "groups": {
    "reversal_fundamental_regime": 112,
    "reversal_fundamental_regime_sector": 135,
    "reversal_fundamental_regime_sector_external": 135,
    "all_no_ak": 190
  },
  "models": [
    "xgb_d2_200_lr003_mcw5",
    "xgb_d3_400_lr003_mcw3",
    "xgb_d3_600_lr002_mcw3",
    "xgb_d4_500_lr002_mcw5",
    "extra_trees_600_d3",
    "random_forest_600_d4",
    "lgbm_leaves7_400",
    "lgbm_leaves15_700"
  ],
  "top": [
    {
      "entry_policy": "vwap_low",
      "feature_group": "reversal_fundamental_regime_sector",
      "model_name": "xgb_d3_600_lr002_mcw3",
      "target_hit_bps": 50.0,
      "trades": 197,
      "win_rate": 0.4873096446700508,
      "avg_return": 0.0016283149115841659,
      "median_return": -0.00016999999999999999,
      "compound_return": 0.3547569792630072,
      "max_drawdown": -0.09451109007225633,
      "profit_factor": 1.4284353023115623,
      "windows": 10
    },
    {
      "entry_policy": "vwap_low",
      "feature_group": "reversal_fundamental_regime_sector_external",
      "model_name": "xgb_d3_600_lr002_mcw3",
      "target_hit_bps": 50.0,
      "trades": 197,
      "win_rate": 0.4873096446700508,
      "avg_return": 0.0016283149115841659,
      "median_return": -0.00016999999999999999,
      "compound_return": 0.3547569792630072,
      "max_drawdown": -0.09451109007225633,
      "profit_factor": 1.4284353023115623,
      "windows": 10
    },
    {
      "entry_policy": "vwap_low",
      "feature_group": "reversal_fundamental_regime_sector",
      "model_name": "extra_trees_600_d3",
      "target_hit_bps": 50.0,
      "trades": 215,
      "win_rate": 0.4697674418604651,
      "avg_return": 0.0013814387562914906,
      "median_return": -0.00016999999999999999,
      "compound_return": 0.3328056885470707,
      "max_drawdown": -0.062232010856242304,
      "profit_factor": 1.4560531888972559,
      "windows": 10
    },
    {
      "entry_policy": "vwap_low",
      "feature_group": "reversal_fundamental_regime_sector_external",
      "model_name": "extra_trees_600_d3",
      "target_hit_bps": 50.0,
      "trades": 215,
      "win_rate": 0.4697674418604651,
      "avg_return": 0.0013814387562914906,
      "median_return": -0.00016999999999999999,
      "compound_return": 0.3328056885470707,
      "max_drawdown": -0.062232010856242304,
      "profit_factor": 1.4560531888972559,
      "windows": 10
    },
    {
      "entry_policy": "vwap_low",
      "feature_group": "reversal_fundamental_regime",
      "model_name": "xgb_d2_200_lr003_mcw5",
      "target_hit_bps": 50.0,
      "trades": 222,
      "win_rate": 0.45045045045045046,
      "avg_return": 0.0009953864878759326,
      "median_return": -0.00016999999999999999,
      "compound_return": 0.22200381366954214,
      "max_drawdown": -0.09625304543882995,
      "profit_factor": 1.2370304396207354,
      "windows": 10
    },
    {
      "entry_policy": "vwap_low",
      "feature_group": "all_no_ak",
      "model_name": "random_forest_600_d4",
      "target_hit_bps": 50.0,
      "trades": 229,
      "win_rate": 0.4410480349344978,
      "avg_return": 0.0009453210313839416,
      "median_return": -0.00016999999999999999,
      "compound_return": 0.22086013509436797,
      "max_drawdown": -0.13172693251360068,
      "profit_factor": 1.2566816294402827,
      "windows": 10
    },
    {
      "entry_policy": "vwap_low",
      "feature_group": "all_no_ak",
      "model_name": "xgb_d2_200_lr003_mcw5",
      "target_hit_bps": 50.0,
      "trades": 217,
      "win_rate": 0.4470046082949309,
      "avg_return": 0.0010034562769189685,
      "median_return": -0.00016999999999999999,
      "compound_return": 0.21677401180340672,
      "max_drawdown": -0.09984769460385257,
      "profit_factor": 1.2297500306756546,
      "windows": 10
    },
    {
      "entry_policy": "vwap_low",
      "feature_group": "all_no_ak",
      "model_name": "xgb_d3_400_lr003_mcw3",
      "target_hit_bps": 50.0,
      "trades": 207,
      "win_rate": 0.43478260869565216,
      "avg_return": 0.0010040647981112707,
      "median_return": -0.00016999999999999999,
      "compound_return": 0.2130784748533614,
      "max_drawdown": -0.14659151667230041,
      "profit_factor": 1.26092851795526,
      "windows": 10
    },
    {
      "entry_policy": "vwap_low",
      "feature_group": "reversal_fundamental_regime_sector",
      "model_name": "xgb_d3_400_lr003_mcw3",
      "target_hit_bps": 50.0,
      "trades": 206,
      "win_rate": 0.48058252427184467,
      "avg_return": 0.0009729286854167807,
      "median_return": -0.00016999999999999999,
      "compound_return": 0.20114893572706305,
      "max_drawdown": -0.1278548265293321,
      "profit_factor": 1.2379961202961103,
      "windows": 10
    },
    {
      "entry_policy": "vwap_low",
      "feature_group": "reversal_fundamental_regime_sector_external",
      "model_name": "xgb_d3_400_lr003_mcw3",
      "target_hit_bps": 50.0,
      "trades": 206,
      "win_rate": 0.48058252427184467,
      "avg_return": 0.0009729286854167807,
      "median_return": -0.00016999999999999999,
      "compound_return": 0.20114893572706305,
      "max_drawdown": -0.1278548265293321,
      "profit_factor": 1.2379961202961103,
      "windows": 10
    },
    {
      "entry_policy": "vwap_low",
      "feature_group": "all_no_ak",
      "model_name": "xgb_d3_600_lr002_mcw3",
      "target_hit_bps": 50.0,
      "trades": 191,
      "win_rate": 0.43455497382198954,
      "avg_return": 0.0009959719106678562,
      "median_return": -0.00016999999999999999,
      "compound_return": 0.1909526902205978,
      "max_drawdown": -0.09586103203467111,
      "profit_factor": 1.2579485281164795,
      "windows": 10
    },
    {
      "entry_policy": "vwap_low",
      "feature_group": "reversal_fundamental_regime_sector",
      "model_name": "random_forest_600_d4",
      "target_hit_bps": 50.0,
      "trades": 209,
      "win_rate": 0.45454545454545453,
      "avg_return": 0.0008163730038293705,
      "median_return": -0.00016999999999999999,
      "compound_return": 0.16979683713925398,
      "max_drawdown": -0.11866891657385792,
      "profit_factor": 1.2266376677991797,
      "windows": 10
    },
    {
      "entry_policy": "vwap_low",
      "feature_group": "reversal_fundamental_regime_sector_external",
      "model_name": "random_forest_600_d4",
      "target_hit_bps": 50.0,
      "trades": 209,
      "win_rate": 0.45454545454545453,
      "avg_return": 0.0008163730038293705,
      "median_return": -0.00016999999999999999,
      "compound_return": 0.16979683713925398,
      "max_drawdown": -0.11866891657385792,
      "profit_factor": 1.2266376677991797,
      "windows": 10
    },
    {
      "entry_policy": "vwap_low",
      "feature_group": "reversal_fundamental_regime",
      "model_name": "xgb_d3_400_lr003_mcw3",
      "target_hit_bps": 50.0,
      "trades": 211,
      "win_rate": 0.44549763033175355,
      "avg_return": 0.0007615061075578659,
      "median_return": -0.00016999999999999999,
      "compound_return": 0.16030268387603885,
      "max_drawdown": -0.11958106322612327,
      "profit_factor": 1.2154973571918706,
      "windows": 10
    },
    {
      "entry_policy": "vwap_low",
      "feature_group": "reversal_fundamental_regime_sector",
      "model_name": "lgbm_leaves7_400",
      "target_hit_bps": 50.0,
      "trades": 200,
      "win_rate": 0.45,
      "avg_return": 0.0008011538200774028,
      "median_return": -0.00016999999999999999,
      "compound_return": 0.1561748592780623,
      "max_drawdown": -0.09214887837939945,
      "profit_factor": 1.20191868600726,
      "windows": 10
    },
    {
      "entry_policy": "vwap_low",
      "feature_group": "reversal_fundamental_regime_sector_external",
      "model_name": "lgbm_leaves7_400",
      "target_hit_bps": 50.0,
      "trades": 200,
      "win_rate": 0.45,
      "avg_return": 0.0008011538200774028,
      "median_return": -0.00016999999999999999,
      "compound_return": 0.1561748592780623,
      "max_drawdown": -0.09214887837939945,
      "profit_factor": 1.20191868600726,
      "windows": 10
    },
    {
      "entry_policy": "vwap_low",
      "feature_group": "all_no_ak",
      "model_name": "xgb_d4_500_lr002_mcw5",
      "target_hit_bps": 50.0,
      "trades": 169,
      "win_rate": 0.4556213017751479,
      "avg_return": 0.0009150831996407536,
      "median_return": -0.00016999999999999999,
      "compound_return": 0.15608243797755805,
      "max_drawdown": -0.09031417701916933,
      "profit_factor": 1.2597313304614783,
      "windows": 10
    },
    {
      "entry_policy": "vwap_low",
      "feature_group": "all_no_ak",
      "model_name": "extra_trees_600_d3",
      "target_hit_bps": 50.0,
      "trades": 187,
      "win_rate": 0.42780748663101603,
      "avg_return": 0.0007648101440790914,
      "median_return": -0.00016999999999999999,
      "compound_return": 0.1443830957229557,
      "max_drawdown": -0.07915165911599686,
      "profit_factor": 1.2369191788492762,
      "windows": 10
    },
    {
      "entry_policy": "vwap_low",
      "feature_group": "all_no_ak",
      "model_name": "lgbm_leaves7_400",
      "target_hit_bps": 50.0,
      "trades": 208,
      "win_rate": 0.4567307692307692,
      "avg_return": 0.0006108382703269161,
      "median_return": -0.00016999999999999999,
      "compound_return": 0.11942371612257219,
      "max_drawdown": -0.09523197310875187,
      "profit_factor": 1.158194876173971,
      "windows": 10
    },
    {
      "entry_policy": "vwap_low",
      "feature_group": "reversal_fundamental_regime",
      "model_name": "extra_trees_600_d3",
      "target_hit_bps": 50.0,
      "trades": 209,
      "win_rate": 0.4449760765550239,
      "avg_return": 0.00057559293707397,
      "median_return": -0.00016999999999999999,
      "compound_return": 0.11727031831355506,
      "max_drawdown": -0.08896799685701029,
      "profit_factor": 1.1682629485622706,
      "windows": 10
    }
  ]
}

[2026-05-16T19:43:41] RUN search_all_days_hit_50bps
  /usr/bin/python3 model_training/search_walk_forward_model_complexity.py --samples /root/stock_realtime_v021_full/saved_data/601818_pipeline_out_v2_new27_full/03_sector/training_samples_with_sector.csv --intraday-bars /root/stock_realtime_v021_full/saved_data/601818_pipeline_out_v2_new27_full/00_base/601818_5m.csv --out-dir /root/stock_realtime_v021_full/saved_data/601818_pipeline_out_v2_new27_full/10_search/search_all_days_hit_50bps --round-trip-cost-bps 1.7 --target-hit-bps 50.0 --label-mode hit --entry-policy all_days --entry-vwap-premium-bps 50.0 --max-missing 0.35 --groups reversal_fundamental_regime,reversal_fundamental_regime_sector,reversal_fundamental_regime_sector_external,all_no_ak --models xgb_d2_200_lr003_mcw5,xgb_d3_400_lr003_mcw3,xgb_d3_600_lr002_mcw3,xgb_d4_500_lr002_mcw5,lgbm_leaves7_400,lgbm_leaves15_700,extra_trees_600_d3,random_forest_600_d4 --quantiles 0.5,0.6,0.7,0.8 --train-rows 756 --valid-rows 126 --test-rows 63 --min-valid-trades 8 --min-train-entries 80
{
  "rows": 1539,
  "target_hit_bps": 50.0,
  "label_mode": "hit",
  "entry_policy": "all_days",
  "entry_vwap_premium_bps": 50.0,
  "groups": {
    "reversal_fundamental_regime": 112,
    "reversal_fundamental_regime_sector": 135,
    "reversal_fundamental_regime_sector_external": 135,
    "all_no_ak": 190
  },
  "models": [
    "xgb_d2_200_lr003_mcw5",
    "xgb_d3_400_lr003_mcw3",
    "xgb_d3_600_lr002_mcw3",
    "xgb_d4_500_lr002_mcw5",
    "extra_trees_600_d3",
    "random_forest_600_d4",
    "lgbm_leaves7_400",
    "lgbm_leaves15_700"
  ],
  "top": [
    {
      "entry_policy": "all_days",
      "feature_group": "reversal_fundamental_regime_sector",
      "model_name": "xgb_d4_500_lr002_mcw5",
      "target_hit_bps": 50.0,
      "trades": 167,
      "win_rate": 0.7604790419161677,
      "avg_return": 0.001786546284728254,
      "median_return": 0.005,
      "compound_return": 0.342535069484861,
      "max_drawdown": -0.03305453208208209,
      "profit_factor": 1.8862500868505807,
      "windows": 10
    },
    {
      "entry_policy": "all_days",
      "feature_group": "reversal_fundamental_regime_sector_external",
      "model_name": "xgb_d4_500_lr002_mcw5",
      "target_hit_bps": 50.0,
      "trades": 167,
      "win_rate": 0.7604790419161677,
      "avg_return": 0.001786546284728254,
      "median_return": 0.005,
      "compound_return": 0.342535069484861,
      "max_drawdown": -0.03305453208208209,
      "profit_factor": 1.8862500868505807,
      "windows": 10
    },
    {
      "entry_policy": "all_days",
      "feature_group": "reversal_fundamental_regime",
      "model_name": "xgb_d4_500_lr002_mcw5",
      "target_hit_bps": 50.0,
      "trades": 154,
      "win_rate": 0.7467532467532467,
      "avg_return": 0.0018888201863474139,
      "median_return": 0.005,
      "compound_return": 0.33360970973165194,
      "max_drawdown": -0.04136341663853926,
      "profit_factor": 2.0370111264498685,
      "windows": 10
    },
    {
      "entry_policy": "all_days",
      "feature_group": "reversal_fundamental_regime",
      "model_name": "xgb_d3_600_lr002_mcw3",
      "target_hit_bps": 50.0,
      "trades": 174,
      "win_rate": 0.7586206896551724,
      "avg_return": 0.001537239166145229,
      "median_return": 0.005,
      "compound_return": 0.2985580010103639,
      "max_drawdown": -0.10306165515142462,
      "profit_factor": 1.6814413341804977,
      "windows": 10
    },
    {
      "entry_policy": "all_days",
      "feature_group": "reversal_fundamental_regime",
      "model_name": "lgbm_leaves15_700",
      "target_hit_bps": 50.0,
      "trades": 171,
      "win_rate": 0.7485380116959064,
      "avg_return": 0.0015290585099956581,
      "median_return": 0.005,
      "compound_return": 0.29304168327047986,
      "max_drawdown": -0.07602747537264354,
      "profit_factor": 1.6988065012931812,
      "windows": 10
    },
    {
      "entry_policy": "all_days",
      "feature_group": "reversal_fundamental_regime",
      "model_name": "xgb_d2_200_lr003_mcw5",
      "target_hit_bps": 50.0,
      "trades": 167,
      "win_rate": 0.7604790419161677,
      "avg_return": 0.0015260637669387692,
      "median_return": 0.005,
      "compound_return": 0.28222519280625646,
      "max_drawdown": -0.10210237794752397,
      "profit_factor": 1.678193785700847,
      "windows": 10
    },
    {
      "entry_policy": "all_days",
      "feature_group": "reversal_fundamental_regime",
      "model_name": "xgb_d3_400_lr003_mcw3",
      "target_hit_bps": 50.0,
      "trades": 171,
      "win_rate": 0.7543859649122807,
      "avg_return": 0.0014638083072586164,
      "median_return": 0.005,
      "compound_return": 0.27614316736328615,
      "max_drawdown": -0.08452314973144415,
      "profit_factor": 1.6400775533552177,
      "windows": 10
    },
    {
      "entry_policy": "all_days",
      "feature_group": "reversal_fundamental_regime_sector",
      "model_name": "xgb_d3_600_lr002_mcw3",
      "target_hit_bps": 50.0,
      "trades": 193,
      "win_rate": 0.7409326424870466,
      "avg_return": 0.001268385491010489,
      "median_return": 0.005,
      "compound_return": 0.26873454977697264,
      "max_drawdown": -0.06592342465753409,
      "profit_factor": 1.5246691314843503,
      "windows": 10
    },
    {
      "entry_policy": "all_days",
      "feature_group": "reversal_fundamental_regime_sector_external",
      "model_name": "xgb_d3_600_lr002_mcw3",
      "target_hit_bps": 50.0,
      "trades": 193,
      "win_rate": 0.7409326424870466,
      "avg_return": 0.001268385491010489,
      "median_return": 0.005,
      "compound_return": 0.26873454977697264,
      "max_drawdown": -0.06592342465753409,
      "profit_factor": 1.5246691314843503,
      "windows": 10
    },
    {
      "entry_policy": "all_days",
      "feature_group": "reversal_fundamental_regime_sector",
      "model_name": "lgbm_leaves7_400",
      "target_hit_bps": 50.0,
      "trades": 141,
      "win_rate": 0.7730496453900709,
      "avg_return": 0.0016020968601507695,
      "median_return": 0.005,
      "compound_return": 0.24840033542565054,
      "max_drawdown": -0.03739369824100325,
      "profit_factor": 1.707905305696083,
      "windows": 10
    },
    {
      "entry_policy": "all_days",
      "feature_group": "reversal_fundamental_regime_sector_external",
      "model_name": "lgbm_leaves7_400",
      "target_hit_bps": 50.0,
      "trades": 141,
      "win_rate": 0.7730496453900709,
      "avg_return": 0.0016020968601507695,
      "median_return": 0.005,
      "compound_return": 0.24840033542565054,
      "max_drawdown": -0.03739369824100325,
      "profit_factor": 1.707905305696083,
      "windows": 10
    },
    {
      "entry_policy": "all_days",
      "feature_group": "reversal_fundamental_regime",
      "model_name": "lgbm_leaves7_400",
      "target_hit_bps": 50.0,
      "trades": 213,
      "win_rate": 0.755868544600939,
      "avg_return": 0.0010261367250417968,
      "median_return": 0.005,
      "compound_return": 0.2319030624664804,
      "max_drawdown": -0.10147009299255638,
      "profit_factor": 1.3742854997902056,
      "windows": 10
    },
    {
      "entry_policy": "all_days",
      "feature_group": "all_no_ak",
      "model_name": "xgb_d3_600_lr002_mcw3",
      "target_hit_bps": 50.0,
      "trades": 136,
      "win_rate": 0.7279411764705882,
      "avg_return": 0.0015174739495466202,
      "median_return": 0.005,
      "compound_return": 0.22554430268503634,
      "max_drawdown": -0.04641894929956325,
      "profit_factor": 1.7150368091672226,
      "windows": 10
    },
    {
      "entry_policy": "all_days",
      "feature_group": "reversal_fundamental_regime_sector",
      "model_name": "xgb_d3_400_lr003_mcw3",
      "target_hit_bps": 50.0,
      "trades": 148,
      "win_rate": 0.7635135135135135,
      "avg_return": 0.0013362926016765196,
      "median_return": 0.005,
      "compound_return": 0.21165893639915923,
      "max_drawdown": -0.0659234246575342,
      "profit_factor": 1.5385507934613947,
      "windows": 10
    },
    {
      "entry_policy": "all_days",
      "feature_group": "reversal_fundamental_regime_sector_external",
      "model_name": "xgb_d3_400_lr003_mcw3",
      "target_hit_bps": 50.0,
      "trades": 148,
      "win_rate": 0.7635135135135135,
      "avg_return": 0.0013362926016765196,
      "median_return": 0.005,
      "compound_return": 0.21165893639915923,
      "max_drawdown": -0.0659234246575342,
      "profit_factor": 1.5385507934613947,
      "windows": 10
    },
    {
      "entry_policy": "all_days",
      "feature_group": "all_no_ak",
      "model_name": "lgbm_leaves7_400",
      "target_hit_bps": 50.0,
      "trades": 138,
      "win_rate": 0.7463768115942029,
      "avg_return": 0.001318809068503558,
      "median_return": 0.005,
      "compound_return": 0.19518454339229208,
      "max_drawdown": -0.03501614040552048,
      "profit_factor": 1.5496480992212076,
      "windows": 10
    },
    {
      "entry_policy": "all_days",
      "feature_group": "reversal_fundamental_regime_sector",
      "model_name": "lgbm_leaves15_700",
      "target_hit_bps": 50.0,
      "trades": 126,
      "win_rate": 0.7301587301587301,
      "avg_return": 0.0013144079447683945,
      "median_return": 0.005,
      "compound_return": 0.17618369042548654,
      "max_drawdown": -0.03375479958318672,
      "profit_factor": 1.5695954194957964,
      "windows": 10
    },
    {
      "entry_policy": "all_days",
      "feature_group": "reversal_fundamental_regime_sector_external",
      "model_name": "lgbm_leaves15_700",
      "target_hit_bps": 50.0,
      "trades": 126,
      "win_rate": 0.7301587301587301,
      "avg_return": 0.0013144079447683945,
      "median_return": 0.005,
      "compound_return": 0.17618369042548654,
      "max_drawdown": -0.03375479958318672,
      "profit_factor": 1.5695954194957964,
      "windows": 10
    },
    {
      "entry_policy": "all_days",
      "feature_group": "all_no_ak",
      "model_name": "xgb_d4_500_lr002_mcw5",
      "target_hit_bps": 50.0,
      "trades": 108,
      "win_rate": 0.7314814814814815,
      "avg_return": 0.0012604308944414461,
      "median_return": 0.005,
      "compound_return": 0.14278166211442445,
      "max_drawdown": -0.037393698241003026,
      "profit_factor": 1.5258419878640443,
      "windows": 10
    },
    {
      "entry_policy": "all_days",
      "feature_group": "all_no_ak",
      "model_name": "lgbm_leaves15_700",
      "target_hit_bps": 50.0,
      "trades": 102,
      "win_rate": 0.7352941176470589,
      "avg_return": 0.001320297747955748,
      "median_return": 0.005,
      "compound_return": 0.1408994750735426,
      "max_drawdown": -0.06677500667731606,
      "profit_factor": 1.5603569166848994,
      "windows": 10
    }
  ]
}

[2026-05-16T19:52:38] RUN search_all_days_hit_80bps
  /usr/bin/python3 model_training/search_walk_forward_model_complexity.py --samples /root/stock_realtime_v021_full/saved_data/601818_pipeline_out_v2_new27_full/03_sector/training_samples_with_sector.csv --intraday-bars /root/stock_realtime_v021_full/saved_data/601818_pipeline_out_v2_new27_full/00_base/601818_5m.csv --out-dir /root/stock_realtime_v021_full/saved_data/601818_pipeline_out_v2_new27_full/10_search/search_all_days_hit_80bps --round-trip-cost-bps 1.7 --target-hit-bps 80.0 --label-mode hit --entry-policy all_days --entry-vwap-premium-bps 50.0 --max-missing 0.35 --groups reversal_fundamental_regime,reversal_fundamental_regime_sector,reversal_fundamental_regime_sector_external,all_no_ak --models xgb_d2_200_lr003_mcw5,xgb_d3_400_lr003_mcw3,xgb_d3_600_lr002_mcw3,xgb_d4_500_lr002_mcw5,lgbm_leaves7_400,lgbm_leaves15_700,extra_trees_600_d3,random_forest_600_d4 --quantiles 0.5,0.6,0.7,0.8 --train-rows 756 --valid-rows 126 --test-rows 63 --min-valid-trades 8 --min-train-entries 80
{
  "rows": 1539,
  "target_hit_bps": 80.0,
  "label_mode": "hit",
  "entry_policy": "all_days",
  "entry_vwap_premium_bps": 50.0,
  "groups": {
    "reversal_fundamental_regime": 112,
    "reversal_fundamental_regime_sector": 135,
    "reversal_fundamental_regime_sector_external": 135,
    "all_no_ak": 190
  },
  "models": [
    "xgb_d2_200_lr003_mcw5",
    "xgb_d3_400_lr003_mcw3",
    "xgb_d3_600_lr002_mcw3",
    "xgb_d4_500_lr002_mcw5",
    "extra_trees_600_d3",
    "random_forest_600_d4",
    "lgbm_leaves7_400",
    "lgbm_leaves15_700"
  ],
  "top": [
    {
      "entry_policy": "all_days",
      "feature_group": "all_no_ak",
      "model_name": "random_forest_600_d4",
      "target_hit_bps": 80.0,
      "trades": 183,
      "win_rate": 0.6284153005464481,
      "avg_return": 0.0011094171992201435,
      "median_return": 0.008,
      "compound_return": 0.2105916867985731,
      "max_drawdown": -0.0891204128384242,
      "profit_factor": 1.3142132209580666,
      "windows": 10
    },
    {
      "entry_policy": "all_days",
      "feature_group": "reversal_fundamental_regime_sector",
      "model_name": "xgb_d3_600_lr002_mcw3",
      "target_hit_bps": 80.0,
      "trades": 187,
      "win_rate": 0.6363636363636364,
      "avg_return": 0.0010636137288862805,
      "median_return": 0.008,
      "compound_return": 0.204894227996955,
      "max_drawdown": -0.09146633191534226,
      "profit_factor": 1.2920078667707553,
      "windows": 10
    },
    {
      "entry_policy": "all_days",
      "feature_group": "reversal_fundamental_regime_sector_external",
      "model_name": "xgb_d3_600_lr002_mcw3",
      "target_hit_bps": 80.0,
      "trades": 187,
      "win_rate": 0.6363636363636364,
      "avg_return": 0.0010636137288862805,
      "median_return": 0.008,
      "compound_return": 0.204894227996955,
      "max_drawdown": -0.09146633191534226,
      "profit_factor": 1.2920078667707553,
      "windows": 10
    },
    {
      "entry_policy": "all_days",
      "feature_group": "reversal_fundamental_regime_sector",
      "model_name": "random_forest_600_d4",
      "target_hit_bps": 80.0,
      "trades": 176,
      "win_rate": 0.625,
      "avg_return": 0.001116425466017987,
      "median_return": 0.008,
      "compound_return": 0.20304840728500584,
      "max_drawdown": -0.09007447351473019,
      "profit_factor": 1.3168458293597713,
      "windows": 10
    },
    {
      "entry_policy": "all_days",
      "feature_group": "reversal_fundamental_regime_sector_external",
      "model_name": "random_forest_600_d4",
      "target_hit_bps": 80.0,
      "trades": 176,
      "win_rate": 0.625,
      "avg_return": 0.001116425466017987,
      "median_return": 0.008,
      "compound_return": 0.20304840728500584,
      "max_drawdown": -0.09007447351473019,
      "profit_factor": 1.3168458293597713,
      "windows": 10
    },
    {
      "entry_policy": "all_days",
      "feature_group": "reversal_fundamental_regime",
      "model_name": "lgbm_leaves15_700",
      "target_hit_bps": 80.0,
      "trades": 232,
      "win_rate": 0.5948275862068966,
      "avg_return": 0.0008029218035011733,
      "median_return": 0.00636601751481836,
      "compound_return": 0.1906665049382219,
      "max_drawdown": -0.0854346147582824,
      "profit_factor": 1.2282276429558954,
      "windows": 10
    },
    {
      "entry_policy": "all_days",
      "feature_group": "reversal_fundamental_regime",
      "model_name": "random_forest_600_d4",
      "target_hit_bps": 80.0,
      "trades": 205,
      "win_rate": 0.6,
      "avg_return": 0.0008920118451745656,
      "median_return": 0.008,
      "compound_return": 0.1855773973921011,
      "max_drawdown": -0.09819587016272979,
      "profit_factor": 1.2500001277706363,
      "windows": 10
    },
    {
      "entry_policy": "all_days",
      "feature_group": "all_no_ak",
      "model_name": "xgb_d2_200_lr003_mcw5",
      "target_hit_bps": 80.0,
      "trades": 173,
      "win_rate": 0.6242774566473989,
      "avg_return": 0.0009358703833006714,
      "median_return": 0.008,
      "compound_return": 0.16165337033145444,
      "max_drawdown": -0.08722187094093359,
      "profit_factor": 1.2453663678243165,
      "windows": 10
    },
    {
      "entry_policy": "all_days",
      "feature_group": "reversal_fundamental_regime",
      "model_name": "xgb_d2_200_lr003_mcw5",
      "target_hit_bps": 80.0,
      "trades": 188,
      "win_rate": 0.6063829787234043,
      "avg_return": 0.0006399231962895774,
      "median_return": 0.008,
      "compound_return": 0.11355733622153585,
      "max_drawdown": -0.11753172323237482,
      "profit_factor": 1.1640218700094205,
      "windows": 10
    },
    {
      "entry_policy": "all_days",
      "feature_group": "reversal_fundamental_regime",
      "model_name": "lgbm_leaves7_400",
      "target_hit_bps": 80.0,
      "trades": 191,
      "win_rate": 0.6282722513089005,
      "avg_return": 0.0006236503465412531,
      "median_return": 0.008,
      "compound_return": 0.11239707012088007,
      "max_drawdown": -0.10528861519636146,
      "profit_factor": 1.161549911450237,
      "windows": 10
    },
    {
      "entry_policy": "all_days",
      "feature_group": "reversal_fundamental_regime_sector",
      "model_name": "extra_trees_600_d3",
      "target_hit_bps": 80.0,
      "trades": 112,
      "win_rate": 0.6339285714285714,
      "avg_return": 0.000963448371369707,
      "median_return": 0.008,
      "compound_return": 0.10387285043718797,
      "max_drawdown": -0.08032544755691862,
      "profit_factor": 1.2464617106293567,
      "windows": 10
    },
    {
      "entry_policy": "all_days",
      "feature_group": "reversal_fundamental_regime_sector_external",
      "model_name": "extra_trees_600_d3",
      "target_hit_bps": 80.0,
      "trades": 112,
      "win_rate": 0.6339285714285714,
      "avg_return": 0.000963448371369707,
      "median_return": 0.008,
      "compound_return": 0.10387285043718797,
      "max_drawdown": -0.08032544755691862,
      "profit_factor": 1.2464617106293567,
      "windows": 10
    },
    {
      "entry_policy": "all_days",
      "feature_group": "all_no_ak",
      "model_name": "xgb_d3_600_lr002_mcw3",
      "target_hit_bps": 80.0,
      "trades": 165,
      "win_rate": 0.6121212121212121,
      "avg_return": 0.0005696090849656506,
      "median_return": 0.008,
      "compound_return": 0.0855818229456029,
      "max_drawdown": -0.09015155576011813,
      "profit_factor": 1.1418878956558451,
      "windows": 10
    },
    {
      "entry_policy": "all_days",
      "feature_group": "all_no_ak",
      "model_name": "xgb_d3_400_lr003_mcw3",
      "target_hit_bps": 80.0,
      "trades": 170,
      "win_rate": 0.6,
      "avg_return": 0.0005074776923472372,
      "median_return": 0.008,
      "compound_return": 0.07730665725944919,
      "max_drawdown": -0.08713626355660087,
      "profit_factor": 1.130213389141072,
      "windows": 10
    },
    {
      "entry_policy": "all_days",
      "feature_group": "reversal_fundamental_regime",
      "model_name": "xgb_d3_400_lr003_mcw3",
      "target_hit_bps": 80.0,
      "trades": 193,
      "win_rate": 0.5906735751295337,
      "avg_return": 0.00042846945139384077,
      "median_return": 0.008,
      "compound_return": 0.07261758351340775,
      "max_drawdown": -0.0981958701627299,
      "profit_factor": 1.1082777252033775,
      "windows": 10
    },
    {
      "entry_policy": "all_days",
      "feature_group": "reversal_fundamental_regime_sector",
      "model_name": "xgb_d4_500_lr002_mcw5",
      "target_hit_bps": 80.0,
      "trades": 141,
      "win_rate": 0.624113475177305,
      "avg_return": 0.0005753101237165196,
      "median_return": 0.008,
      "compound_return": 0.07255345082090248,
      "max_drawdown": -0.09099167413283682,
      "profit_factor": 1.1404131415967758,
      "windows": 10
    },
    {
      "entry_policy": "all_days",
      "feature_group": "reversal_fundamental_regime_sector_external",
      "model_name": "xgb_d4_500_lr002_mcw5",
      "target_hit_bps": 80.0,
      "trades": 141,
      "win_rate": 0.624113475177305,
      "avg_return": 0.0005753101237165196,
      "median_return": 0.008,
      "compound_return": 0.07255345082090248,
      "max_drawdown": -0.09099167413283682,
      "profit_factor": 1.1404131415967758,
      "windows": 10
    },
    {
      "entry_policy": "all_days",
      "feature_group": "reversal_fundamental_regime_sector",
      "model_name": "lgbm_leaves15_700",
      "target_hit_bps": 80.0,
      "trades": 162,
      "win_rate": 0.5987654320987654,
      "avg_return": 0.00046782995760360325,
      "median_return": 0.008,
      "compound_return": 0.06607418664888964,
      "max_drawdown": -0.10957894060734552,
      "profit_factor": 1.1152232786931229,
      "windows": 10
    },
    {
      "entry_policy": "all_days",
      "feature_group": "reversal_fundamental_regime_sector_external",
      "model_name": "lgbm_leaves15_700",
      "target_hit_bps": 80.0,
      "trades": 162,
      "win_rate": 0.5987654320987654,
      "avg_return": 0.00046782995760360325,
      "median_return": 0.008,
      "compound_return": 0.06607418664888964,
      "max_drawdown": -0.10957894060734552,
      "profit_factor": 1.1152232786931229,
      "windows": 10
    },
    {
      "entry_policy": "all_days",
      "feature_group": "all_no_ak",
      "model_name": "extra_trees_600_d3",
      "target_hit_bps": 80.0,
      "trades": 148,
      "win_rate": 0.6013513513513513,
      "avg_return": 0.00044424473963430866,
      "median_return": 0.008,
      "compound_return": 0.05608070039249924,
      "max_drawdown": -0.07786448057277018,
      "profit_factor": 1.1082315008679429,
      "windows": 10
    }
  ]
}

[2026-05-16T20:01:53] RUN search_all_days_close_profit_50bps
  /usr/bin/python3 model_training/search_walk_forward_model_complexity.py --samples /root/stock_realtime_v021_full/saved_data/601818_pipeline_out_v2_new27_full/03_sector/training_samples_with_sector.csv --intraday-bars /root/stock_realtime_v021_full/saved_data/601818_pipeline_out_v2_new27_full/00_base/601818_5m.csv --out-dir /root/stock_realtime_v021_full/saved_data/601818_pipeline_out_v2_new27_full/10_search/search_all_days_close_profit_50bps --round-trip-cost-bps 1.7 --target-hit-bps 50.0 --label-mode close_profit --entry-policy all_days --entry-vwap-premium-bps 50.0 --max-missing 0.35 --groups reversal_fundamental_regime,reversal_fundamental_regime_sector,reversal_fundamental_regime_sector_external,all_no_ak --models xgb_d2_200_lr003_mcw5,xgb_d3_400_lr003_mcw3,xgb_d3_600_lr002_mcw3,xgb_d4_500_lr002_mcw5,lgbm_leaves7_400,lgbm_leaves15_700,extra_trees_600_d3,random_forest_600_d4 --quantiles 0.5,0.6,0.7,0.8 --train-rows 756 --valid-rows 126 --test-rows 63 --min-valid-trades 8 --min-train-entries 80
{
  "rows": 1539,
  "target_hit_bps": 50.0,
  "label_mode": "close_profit",
  "entry_policy": "all_days",
  "entry_vwap_premium_bps": 50.0,
  "groups": {
    "reversal_fundamental_regime": 112,
    "reversal_fundamental_regime_sector": 135,
    "reversal_fundamental_regime_sector_external": 135,
    "all_no_ak": 190
  },
  "models": [
    "xgb_d2_200_lr003_mcw5",
    "xgb_d3_400_lr003_mcw3",
    "xgb_d3_600_lr002_mcw3",
    "xgb_d4_500_lr002_mcw5",
    "extra_trees_600_d3",
    "random_forest_600_d4",
    "lgbm_leaves7_400",
    "lgbm_leaves15_700"
  ],
  "top": [
    {
      "entry_policy": "all_days",
      "feature_group": "reversal_fundamental_regime_sector",
      "model_name": "xgb_d3_600_lr002_mcw3",
      "target_hit_bps": 50.0,
      "trades": 197,
      "win_rate": 0.4873096446700508,
      "avg_return": 0.0016283149115841659,
      "median_return": -0.00016999999999999999,
      "compound_return": 0.3547569792630072,
      "max_drawdown": -0.09451109007225633,
      "profit_factor": 1.4284353023115623,
      "windows": 10
    },
    {
      "entry_policy": "all_days",
      "feature_group": "reversal_fundamental_regime_sector_external",
      "model_name": "xgb_d3_600_lr002_mcw3",
      "target_hit_bps": 50.0,
      "trades": 197,
      "win_rate": 0.4873096446700508,
      "avg_return": 0.0016283149115841659,
      "median_return": -0.00016999999999999999,
      "compound_return": 0.3547569792630072,
      "max_drawdown": -0.09451109007225633,
      "profit_factor": 1.4284353023115623,
      "windows": 10
    },
    {
      "entry_policy": "all_days",
      "feature_group": "reversal_fundamental_regime_sector",
      "model_name": "extra_trees_600_d3",
      "target_hit_bps": 50.0,
      "trades": 215,
      "win_rate": 0.4697674418604651,
      "avg_return": 0.0013814387562914906,
      "median_return": -0.00016999999999999999,
      "compound_return": 0.3328056885470707,
      "max_drawdown": -0.062232010856242304,
      "profit_factor": 1.4560531888972559,
      "windows": 10
    },
    {
      "entry_policy": "all_days",
      "feature_group": "reversal_fundamental_regime_sector_external",
      "model_name": "extra_trees_600_d3",
      "target_hit_bps": 50.0,
      "trades": 215,
      "win_rate": 0.4697674418604651,
      "avg_return": 0.0013814387562914906,
      "median_return": -0.00016999999999999999,
      "compound_return": 0.3328056885470707,
      "max_drawdown": -0.062232010856242304,
      "profit_factor": 1.4560531888972559,
      "windows": 10
    },
    {
      "entry_policy": "all_days",
      "feature_group": "reversal_fundamental_regime",
      "model_name": "xgb_d2_200_lr003_mcw5",
      "target_hit_bps": 50.0,
      "trades": 222,
      "win_rate": 0.45045045045045046,
      "avg_return": 0.0009953864878759326,
      "median_return": -0.00016999999999999999,
      "compound_return": 0.22200381366954214,
      "max_drawdown": -0.09625304543882995,
      "profit_factor": 1.2370304396207354,
      "windows": 10
    },
    {
      "entry_policy": "all_days",
      "feature_group": "all_no_ak",
      "model_name": "random_forest_600_d4",
      "target_hit_bps": 50.0,
      "trades": 229,
      "win_rate": 0.4410480349344978,
      "avg_return": 0.0009453210313839416,
      "median_return": -0.00016999999999999999,
      "compound_return": 0.22086013509436797,
      "max_drawdown": -0.13172693251360068,
      "profit_factor": 1.2566816294402827,
      "windows": 10
    },
    {
      "entry_policy": "all_days",
      "feature_group": "reversal_fundamental_regime_sector",
      "model_name": "xgb_d3_400_lr003_mcw3",
      "target_hit_bps": 50.0,
      "trades": 208,
      "win_rate": 0.4807692307692308,
      "avg_return": 0.0010359034835599622,
      "median_return": -0.00016999999999999999,
      "compound_return": 0.21921665273147362,
      "max_drawdown": -0.1278548265293321,
      "profit_factor": 1.2558094685779568,
      "windows": 10
    },
    {
      "entry_policy": "all_days",
      "feature_group": "reversal_fundamental_regime_sector_external",
      "model_name": "xgb_d3_400_lr003_mcw3",
      "target_hit_bps": 50.0,
      "trades": 208,
      "win_rate": 0.4807692307692308,
      "avg_return": 0.0010359034835599622,
      "median_return": -0.00016999999999999999,
      "compound_return": 0.21921665273147362,
      "max_drawdown": -0.1278548265293321,
      "profit_factor": 1.2558094685779568,
      "windows": 10
    },
    {
      "entry_policy": "all_days",
      "feature_group": "all_no_ak",
      "model_name": "xgb_d2_200_lr003_mcw5",
      "target_hit_bps": 50.0,
      "trades": 217,
      "win_rate": 0.4470046082949309,
      "avg_return": 0.0010034562769189685,
      "median_return": -0.00016999999999999999,
      "compound_return": 0.21677401180340672,
      "max_drawdown": -0.09984769460385257,
      "profit_factor": 1.2297500306756546,
      "windows": 10
    },
    {
      "entry_policy": "all_days",
      "feature_group": "all_no_ak",
      "model_name": "xgb_d3_400_lr003_mcw3",
      "target_hit_bps": 50.0,
      "trades": 207,
      "win_rate": 0.43478260869565216,
      "avg_return": 0.0010040647981112707,
      "median_return": -0.00016999999999999999,
      "compound_return": 0.2130784748533614,
      "max_drawdown": -0.14659151667230041,
      "profit_factor": 1.26092851795526,
      "windows": 10
    },
    {
      "entry_policy": "all_days",
      "feature_group": "all_no_ak",
      "model_name": "xgb_d3_600_lr002_mcw3",
      "target_hit_bps": 50.0,
      "trades": 191,
      "win_rate": 0.43455497382198954,
      "avg_return": 0.0009959719106678562,
      "median_return": -0.00016999999999999999,
      "compound_return": 0.1909526902205978,
      "max_drawdown": -0.09586103203467111,
      "profit_factor": 1.2579485281164795,
      "windows": 10
    },
    {
      "entry_policy": "all_days",
      "feature_group": "reversal_fundamental_regime_sector",
      "model_name": "random_forest_600_d4",
      "target_hit_bps": 50.0,
      "trades": 209,
      "win_rate": 0.45454545454545453,
      "avg_return": 0.0008163730038293705,
      "median_return": -0.00016999999999999999,
      "compound_return": 0.16979683713925398,
      "max_drawdown": -0.11866891657385792,
      "profit_factor": 1.2266376677991797,
      "windows": 10
    },
    {
      "entry_policy": "all_days",
      "feature_group": "reversal_fundamental_regime_sector_external",
      "model_name": "random_forest_600_d4",
      "target_hit_bps": 50.0,
      "trades": 209,
      "win_rate": 0.45454545454545453,
      "avg_return": 0.0008163730038293705,
      "median_return": -0.00016999999999999999,
      "compound_return": 0.16979683713925398,
      "max_drawdown": -0.11866891657385792,
      "profit_factor": 1.2266376677991797,
      "windows": 10
    },
    {
      "entry_policy": "all_days",
      "feature_group": "reversal_fundamental_regime",
      "model_name": "xgb_d3_400_lr003_mcw3",
      "target_hit_bps": 50.0,
      "trades": 211,
      "win_rate": 0.44549763033175355,
      "avg_return": 0.0007615061075578659,
      "median_return": -0.00016999999999999999,
      "compound_return": 0.16030268387603885,
      "max_drawdown": -0.11958106322612327,
      "profit_factor": 1.2154973571918706,
      "windows": 10
    },
    {
      "entry_policy": "all_days",
      "feature_group": "reversal_fundamental_regime_sector",
      "model_name": "lgbm_leaves7_400",
      "target_hit_bps": 50.0,
      "trades": 200,
      "win_rate": 0.45,
      "avg_return": 0.0008011538200774028,
      "median_return": -0.00016999999999999999,
      "compound_return": 0.1561748592780623,
      "max_drawdown": -0.09214887837939945,
      "profit_factor": 1.20191868600726,
      "windows": 10
    },
    {
      "entry_policy": "all_days",
      "feature_group": "reversal_fundamental_regime_sector_external",
      "model_name": "lgbm_leaves7_400",
      "target_hit_bps": 50.0,
      "trades": 200,
      "win_rate": 0.45,
      "avg_return": 0.0008011538200774028,
      "median_return": -0.00016999999999999999,
      "compound_return": 0.1561748592780623,
      "max_drawdown": -0.09214887837939945,
      "profit_factor": 1.20191868600726,
      "windows": 10
    },
    {
      "entry_policy": "all_days",
      "feature_group": "all_no_ak",
      "model_name": "xgb_d4_500_lr002_mcw5",
      "target_hit_bps": 50.0,
      "trades": 170,
      "win_rate": 0.45294117647058824,
      "avg_return": 0.0009087003572899256,
      "median_return": -0.00016999999999999999,
      "compound_return": 0.15588590396310198,
      "max_drawdown": -0.09031417701916933,
      "profit_factor": 1.2593717633787278,
      "windows": 10
    },
    {
      "entry_policy": "all_days",
      "feature_group": "all_no_ak",
      "model_name": "extra_trees_600_d3",
      "target_hit_bps": 50.0,
      "trades": 187,
      "win_rate": 0.42780748663101603,
      "avg_return": 0.0007648101440790914,
      "median_return": -0.00016999999999999999,
      "compound_return": 0.1443830957229557,
      "max_drawdown": -0.07915165911599686,
      "profit_factor": 1.2369191788492762,
      "windows": 10
    },
    {
      "entry_policy": "all_days",
      "feature_group": "all_no_ak",
      "model_name": "lgbm_leaves7_400",
      "target_hit_bps": 50.0,
      "trades": 208,
      "win_rate": 0.4567307692307692,
      "avg_return": 0.0006108382703269161,
      "median_return": -0.00016999999999999999,
      "compound_return": 0.11942371612257219,
      "max_drawdown": -0.09523197310875187,
      "profit_factor": 1.158194876173971,
      "windows": 10
    },
    {
      "entry_policy": "all_days",
      "feature_group": "reversal_fundamental_regime",
      "model_name": "extra_trees_600_d3",
      "target_hit_bps": 50.0,
      "trades": 209,
      "win_rate": 0.4449760765550239,
      "avg_return": 0.00057559293707397,
      "median_return": -0.00016999999999999999,
      "compound_return": 0.11727031831355506,
      "max_drawdown": -0.08896799685701029,
      "profit_factor": 1.1682629485622706,
      "windows": 10
    }
  ]
}

[2026-05-16T20:11:01] RUN summarize
  /usr/bin/python3 model_training/summarize_nextday_search_results.py --pipeline-out /root/stock_realtime_v021_full/saved_data/601818_pipeline_out_v2_new27_full --out-dir /root/stock_realtime_v021_full/saved_data/601818_pipeline_out_v2_new27_full/99_summary --excel
{
  "rows": 192,
  "outputs": {
    "final_leaderboard": "/root/stock_realtime_v021_full/saved_data/601818_pipeline_out_v2_new27_full/99_summary/final_leaderboard.csv",
    "best_by_target_top5": "/root/stock_realtime_v021_full/saved_data/601818_pipeline_out_v2_new27_full/99_summary/best_by_target_top5.csv",
    "best_by_entry_policy_top5": "/root/stock_realtime_v021_full/saved_data/601818_pipeline_out_v2_new27_full/99_summary/best_by_entry_policy_top5.csv",
    "excel": "/root/stock_realtime_v021_full/saved_data/601818_pipeline_out_v2_new27_full/99_summary/final_leaderboard.xlsx",
    "summary_manifest": "/root/stock_realtime_v021_full/saved_data/601818_pipeline_out_v2_new27_full/99_summary/summary_manifest.json"
  }
}
=== nextday pipeline end: 2026-05-16T20:11:02 status=ok ===
