

===== 2026-05-12 00:31:14 002270.SZ CMD: /usr/bin/python3 pipelines/run_nextday_pipeline.py --symbol 002270.SZ --sector-symbol 电网设备 --end-date 2026-05-12 --feature-pipeline fundamental,sector --only-stages update_data,samples,fundamental,sector --cache-mode incremental --feature-cache-mode incremental =====
Traceback (most recent call last):
  File "/root/workspace/stock_realtime_v021_full/pipelines/run_nextday_pipeline.py", line 818, in <module>
    main()
  File "/root/workspace/stock_realtime_v021_full/pipelines/run_nextday_pipeline.py", line 811, in main
    raise SystemExit(run_pipeline(parse_args()))
  File "/root/workspace/stock_realtime_v021_full/pipelines/run_nextday_pipeline.py", line 498, in run_pipeline
    result = run_stage(
  File "/root/workspace/stock_realtime_v021_full/pipelines/run_nextday_pipeline.py", line 240, in run_stage
    proc = subprocess.run(
  File "/usr/lib/python3.10/subprocess.py", line 505, in run
    stdout, stderr = process.communicate(input, timeout=timeout)
  File "/usr/lib/python3.10/subprocess.py", line 1141, in communicate
    stdout = self.stdout.read()
KeyboardInterrupt


===== 2026-05-12 00:31:41 002270.SZ CMD: /usr/bin/python3 pipelines/run_nextday_pipeline.py --symbol 002270.SZ --sector-symbol 电网设备 --end-date 2026-05-12 --feature-pipeline fundamental,sector --only-stages update_data,samples,fundamental,sector --cache-mode incremental --feature-cache-mode incremental =====
{
  "status": "ok",
  "symbol": "002270.SZ",
  "out_root": "/root/workspace/stock_realtime_v021_full/saved_data/002270_pipeline_out",
  "final_samples": "/root/workspace/stock_realtime_v021_full/saved_data/002270_pipeline_out/03_sector/training_samples_with_sector.csv",
  "leaderboard": "/root/workspace/stock_realtime_v021_full/saved_data/002270_pipeline_out/99_summary/final_leaderboard.csv",
  "manifest": "/root/workspace/stock_realtime_v021_full/saved_data/002270_pipeline_out/pipeline_summary.json"
}


===== 2026-05-12 00:32:34 002311.SZ CMD: /usr/bin/python3 pipelines/run_nextday_pipeline.py --symbol 002311.SZ --sector-symbol 农产品加工 --end-date 2026-05-12 --feature-pipeline fundamental,sector --only-stages update_data,samples,fundamental,sector,external --external hog --cache-mode incremental --feature-cache-mode incremental =====
{
  "status": "ok",
  "symbol": "002311.SZ",
  "out_root": "/root/workspace/stock_realtime_v021_full/saved_data/002311_pipeline_out",
  "final_samples": "/root/workspace/stock_realtime_v021_full/saved_data/002311_pipeline_out/04_external/hog/training_samples_with_hog_industry.csv",
  "leaderboard": "/root/workspace/stock_realtime_v021_full/saved_data/002311_pipeline_out/99_summary/final_leaderboard.csv",
  "manifest": "/root/workspace/stock_realtime_v021_full/saved_data/002311_pipeline_out/pipeline_summary.json"
}


===== 2026-05-12 00:33:23 002714.SZ CMD: /usr/bin/python3 pipelines/run_nextday_pipeline.py --symbol 002714.SZ --sector-symbol 养殖业 --end-date 2026-05-12 --feature-pipeline fundamental,sector --only-stages update_data,samples,fundamental,sector,external --external muyuan_hk --cache-mode incremental --feature-cache-mode incremental =====
{
  "status": "ok",
  "symbol": "002714.SZ",
  "out_root": "/root/workspace/stock_realtime_v021_full/saved_data/002714_pipeline_out",
  "final_samples": "/root/workspace/stock_realtime_v021_full/saved_data/002714_pipeline_out/04_external/muyuan_hk/training_samples_with_hk_external.csv",
  "leaderboard": "/root/workspace/stock_realtime_v021_full/saved_data/002714_pipeline_out/99_summary/final_leaderboard.csv",
  "manifest": "/root/workspace/stock_realtime_v021_full/saved_data/002714_pipeline_out/pipeline_summary.json"
}


===== 2026-05-12 00:34:01 600276.SH CMD: /usr/bin/python3 pipelines/run_nextday_pipeline.py --symbol 600276.SH --sector-symbol 化学制药 --end-date 2026-05-12 --feature-pipeline fundamental,sector --only-stages update_data,samples,fundamental,sector --cache-mode incremental --feature-cache-mode incremental =====
{
  "status": "ok",
  "symbol": "600276.SH",
  "out_root": "/root/workspace/stock_realtime_v021_full/saved_data/600276_pipeline_out",
  "final_samples": "/root/workspace/stock_realtime_v021_full/saved_data/600276_pipeline_out/03_sector/training_samples_with_sector.csv",
  "leaderboard": "/root/workspace/stock_realtime_v021_full/saved_data/600276_pipeline_out/99_summary/final_leaderboard.csv",
  "manifest": "/root/workspace/stock_realtime_v021_full/saved_data/600276_pipeline_out/pipeline_summary.json"
}


===== 2026-05-12 00:34:55 600312.SH CMD: /usr/bin/python3 pipelines/run_nextday_pipeline.py --symbol 600312.SH --sector-symbol 电网设备 --end-date 2026-05-12 --feature-pipeline fundamental,sector --only-stages update_data,samples,fundamental,sector --cache-mode incremental --feature-cache-mode incremental =====
{
  "status": "ok",
  "symbol": "600312.SH",
  "out_root": "/root/workspace/stock_realtime_v021_full/saved_data/600312_pipeline_out",
  "final_samples": "/root/workspace/stock_realtime_v021_full/saved_data/600312_pipeline_out/03_sector/training_samples_with_sector.csv",
  "leaderboard": "/root/workspace/stock_realtime_v021_full/saved_data/600312_pipeline_out/99_summary/final_leaderboard.csv",
  "manifest": "/root/workspace/stock_realtime_v021_full/saved_data/600312_pipeline_out/pipeline_summary.json"
}


===== 2026-05-12 00:35:49 601899.SH CMD: /usr/bin/python3 pipelines/run_nextday_pipeline.py --symbol 601899.SH --sector-symbol 贵金属 --end-date 2026-05-12 --feature-pipeline fundamental,sector --only-stages update_data,samples,fundamental,sector,external --external zijin_external --cache-mode incremental --feature-cache-mode incremental =====
{
  "status": "ok",
  "symbol": "601899.SH",
  "out_root": "/root/workspace/stock_realtime_v021_full/saved_data/601899_pipeline_out",
  "final_samples": "/root/workspace/stock_realtime_v021_full/saved_data/601899_pipeline_out/04_external/zijin_external/training_samples_with_zijin_external.csv",
  "leaderboard": "/root/workspace/stock_realtime_v021_full/saved_data/601899_pipeline_out/99_summary/final_leaderboard.csv",
  "manifest": "/root/workspace/stock_realtime_v021_full/saved_data/601899_pipeline_out/pipeline_summary.json"
}
