=== nextday pipeline start: 2026-05-11T05:40:20 ===
symbol=600309.SH, out_root=/root/workspace/stock_realtime_v021_full/saved_data/600309_pipeline_out

[2026-05-11T05:40:20] RUN update_data
  /usr/bin/python3 bootstrap/ashare_xgb_dual_opportunity_regression_baostock_full_v19_compressed_trading_axis.py --mode update_data --symbol 600309 --benchmark_symbol 000300 --daily_start 2018-01-01 --daily_end 2026-05-11 --intraday_start '2018-01-01 09:30:00' --intraday_end '2026-05-11 15:00:00' --output_dir /root/workspace/stock_realtime_v021_full/saved_data/600309_pipeline_out/00_base --cache_mode incremental --feature_cache_mode incremental --adjust qfq
/root/workspace/stock_realtime_v021_full/bootstrap/ashare_fetch_and_train_xgb_sell_signal_baostock_state_cache_helper_fix2.py:246: FutureWarning: The behavior of DataFrame concatenation with empty or all-NA entries is deprecated. In a future version, this will no longer exclude empty or all-NA columns when determining the result dtypes. To retain the old behavior, exclude the relevant entries before the concat operation.
  merged = _normalize_daily_df(pd.concat([df_old, df_new], axis=0, ignore_index=True))
/root/workspace/stock_realtime_v021_full/bootstrap/ashare_fetch_and_train_xgb_sell_signal_baostock_state_cache_helper_fix2.py:248: FutureWarning: The behavior of DataFrame concatenation with empty or all-NA entries is deprecated. In a future version, this will no longer exclude empty or all-NA columns when determining the result dtypes. To retain the old behavior, exclude the relevant entries before the concat operation.
  merged = _normalize_intraday_df(pd.concat([df_old, df_new], axis=0, ignore_index=True))
/root/workspace/stock_realtime_v021_full/bootstrap/ashare_fetch_and_train_xgb_sell_signal_baostock_state_cache_helper_fix2.py:254: FutureWarning: The behavior of DataFrame concatenation with empty or all-NA entries is deprecated. In a future version, this will no longer exclude empty or all-NA columns when determining the result dtypes. To retain the old behavior, exclude the relevant entries before the concat operation.
  merged = _normalize_bench_df(pd.concat([df_old, df_new], axis=0, ignore_index=True))
/root/workspace/stock_realtime_v021_full/bootstrap/ashare_fetch_and_train_xgb_sell_signal_baostock_state_cache_helper_fix2.py:250: FutureWarning: The behavior of DataFrame concatenation with empty or all-NA entries is deprecated. In a future version, this will no longer exclude empty or all-NA columns when determining the result dtypes. To retain the old behavior, exclude the relevant entries before the concat operation.
  merged = _normalize_daily_feature_df(pd.concat([df_old, df_new], axis=0, ignore_index=True))
/root/workspace/stock_realtime_v021_full/bootstrap/ashare_fetch_and_train_xgb_sell_signal_baostock_state_cache_helper_fix2.py:252: FutureWarning: The behavior of DataFrame concatenation with empty or all-NA entries is deprecated. In a future version, this will no longer exclude empty or all-NA columns when determining the result dtypes. To retain the old behavior, exclude the relevant entries before the concat operation.
  merged = _normalize_intraday_feature_df(pd.concat([df_old, df_new], axis=0, ignore_index=True))
login success!
logout success!
login success!
logout success!
login success!
logout success!
{
  "mode": "update_data",
  "symbol": "600309",
  "data_source": "baostock",
  "daily_rows": 2022,
  "intraday_rows": 73680,
  "daily_min": "2018-01-02 00:00:00",
  "daily_max": "2026-05-08 00:00:00",
  "intraday_min": "2020-01-02 09:35:00",
  "intraday_max": "2026-05-08 15:00:00",
  "base_paths": {
    "daily_csv": "/root/workspace/stock_realtime_v021_full/saved_data/600309_pipeline_out/00_base/600309_daily.csv",
    "intraday_csv": "/root/workspace/stock_realtime_v021_full/saved_data/600309_pipeline_out/00_base/600309_5m.csv",
    "benchmark_csv": "/root/workspace/stock_realtime_v021_full/saved_data/600309_pipeline_out/00_base/000300_benchmark_daily.csv",
    "raw_daily_cache_csv": "/root/workspace/stock_realtime_v021_full/saved_data/600309_pipeline_out/00_base/raw_cache/600309_daily_raw.csv",
    "raw_intraday_cache_csv": "/root/workspace/stock_realtime_v021_full/saved_data/600309_pipeline_out/00_base/raw_cache/600309_5m_raw.csv",
    "raw_benchmark_cache_csv": "/root/workspace/stock_realtime_v021_full/saved_data/600309_pipeline_out/00_base/raw_cache/000300_benchmark_daily_raw.csv",
    "daily_features_csv": "/root/workspace/stock_realtime_v021_full/saved_data/600309_pipeline_out/00_base/daily_features.csv",
    "intraday_features_csv": "/root/workspace/stock_realtime_v021_full/saved_data/600309_pipeline_out/00_base/intraday_features.csv",
    "daily_features_cache_csv": "/root/workspace/stock_realtime_v021_full/saved_data/600309_pipeline_out/00_base/feature_cache/daily_features_cache.csv",
    "intraday_features_cache_csv": "/root/workspace/stock_realtime_v021_full/saved_data/600309_pipeline_out/00_base/feature_cache/intraday_features_cache.csv",
    "feature_state_json": "/root/workspace/stock_realtime_v021_full/saved_data/600309_pipeline_out/00_base/feature_cache/feature_state.json"
  },
  "fetch_logs": {
    "symbol": "600309",
    "benchmark_symbol": "000300",
    "daily_start": "2018-01-01",
    "daily_end": "2026-05-11",
    "intraday_start": "2018-01-01 09:30:00",
    "intraday_end": "2026-05-11 15:00:00",
    "perf_start": "2018-01-01",
    "data_source": "baostock",
    "cache_mode": "incremental",
    "force_refresh": false,
    "raw_cache_dir": "/root/workspace/stock_realtime_v021_full/saved_data/600309_pipeline_out/00_base/raw_cache",
    "feature_cache_dir": "/root/workspace/stock_realtime_v021_full/saved_data/600309_pipeline_out/00_base/feature_cache",
    "feature_cache_mode": "incremental",
    "daily": {
      "cache_path": "/root/workspace/stock_realtime_v021_full/saved_data/600309_pipeline_out/00_base/raw_cache/600309_daily_raw.csv",
      "requested_start": "2018-01-01",
      "requested_end": "2026-05-11",
      "mode": "initial_fetch",
      "fetch_segments": [
        {
          "provider": "baostock",
          "code": "sh.600309",
          "adjustflag": "2",
          "rows": 2022,
          "start": "2018-01-01",
          "end": "2026-05-11"
        }
      ],
      "cache_after": {
        "rows": 2022,
        "min": "2018-01-02 00:00:00",
        "max": "2026-05-08 00:00:00"
      }
    },
    "intraday_5m": {
      "cache_path": "/root/workspace/stock_realtime_v021_full/saved_data/600309_pipeline_out/00_base/raw_cache/600309_5m_raw.csv",
      "requested_start": "2018-01-01 09:30:00",
      "requested_end": "2026-05-11 15:00:00",
      "mode": "initial_fetch",
      "fetch_segments": [
        {
          "provider": "baostock",
          "code": "sh.600309",
          "adjustflag": "2",
          "requested_start": "2018-01-01 09:30:00",
          "effective_start": "2018-01-01 09:30:00",
          "requested_end": "2026-05-11 15:00:00",
          "rows": 73680
        }
      ],
      "cache_after": {
        "rows": 73680,
        "min": "2020-01-02 09:35:00",
        "max": "2026-05-08 15:00:00"
      }
    },
    "benchmark_daily": {
      "cache_path": "/root/workspace/stock_realtime_v021_full/saved_data/600309_pipeline_out/00_base/raw_cache/000300_benchmark_daily_raw.csv",
      "requested_start": "2018-01-01",
      "requested_end": "2026-05-11",
      "mode": "initial_fetch",
      "fetch_segments": [
        {
          "provider": "baostock",
          "code": "sh.000300",
          "rows": 2022,
          "start": "2018-01-01",
          "end": "2026-05-11"
        }
      ],
      "cache_after": {
        "rows": 2022,
        "min": "2018-01-02 00:00:00",
        "max": "2026-05-08 00:00:00"
      }
    },
    "feature_build": {
      "mode": "full_rebuild",
      "reason": "feature_cache_missing",
      "daily_cache_after": {
        "rows": 2022,
        "min": "2018-01-02 00:00:00",
        "max": "2026-05-08 00:00:00"
      },
      "intraday_cache_after": {
        "rows": 73680,
        "min": "2020-01-02 09:35:00",
        "max": "2026-05-08 15:00:00"
      },
      "daily_context_days": 260,
      "intraday_context_days": 40,
      "daily_appended_rows": 2022,
      "intraday_appended_rows": 73680
    },
    "feature_state": {
      "daily_feature_max": "2026-05-08 00:00:00",
      "intraday_feature_max": "2026-05-08 15:00:00",
      "daily_context_days": 260,
      "intraday_context_days": 40,
      "feature_build_mode": "full_rebuild"
    }
  }
}

[2026-05-11T05:42:40] RUN samples
  /usr/bin/python3 feature_building/build_nextday_samples_from_baostock.py --daily-features /root/workspace/stock_realtime_v021_full/saved_data/600309_pipeline_out/00_base/daily_features.csv --intraday-bars /root/workspace/stock_realtime_v021_full/saved_data/600309_pipeline_out/00_base/600309_5m.csv --out-dir /root/workspace/stock_realtime_v021_full/saved_data/600309_pipeline_out/01_samples --min-bars 40 --keep-unlabeled-tail
{
  "rows": 1535,
  "date_min": "2020-01-02",
  "date_max": "2026-05-08",
  "out": "/root/workspace/stock_realtime_v021_full/saved_data/600309_pipeline_out/01_samples/training_samples.csv"
}

[2026-05-11T05:42:41] RUN fundamental
  /usr/bin/python3 feature_building/build_fundamental_features.py --symbol 600309.SH --daily-samples /root/workspace/stock_realtime_v021_full/saved_data/600309_pipeline_out/01_samples/training_samples.csv --out-dir /root/workspace/stock_realtime_v021_full/saved_data/600309_pipeline_out/02_fundamental --start-date 2018-01-01 --end-date 2026-05-11 --fallback-lag-days 120
login success!
logout success!
{
  "rows": 1535,
  "date_min": "2020-01-02",
  "date_max": "2026-05-08",
  "source_errors": [],
  "top_missing_rates": {
    "ak_fund_小单净流入-净额_sum10": 0.9244299674267101,
    "ak_fund_主力净流入-净额_sum10": 0.9244299674267101,
    "ak_fund_主力净流入-净占比_sum10": 0.9244299674267101,
    "ak_fund_涨跌幅_sum10": 0.9244299674267101,
    "ak_fund_收盘价_sum10": 0.9244299674267101,
    "ak_fund_中单净流入-净额_sum10": 0.9244299674267101,
    "ak_fund_中单净流入-净占比_sum10": 0.9244299674267101,
    "ak_fund_小单净流入-净占比_sum10": 0.9244299674267101,
    "ak_fund_超大单净流入-净额_sum10": 0.9244299674267101,
    "ak_fund_大单净流入-净额_sum10": 0.9244299674267101,
    "ak_fund_大单净流入-净占比_sum10": 0.9244299674267101,
    "ak_fund_超大单净流入-净占比_sum10": 0.9244299674267101,
    "ak_fund_涨跌幅_sum5": 0.923127035830619,
    "ak_fund_主力净流入-净占比_sum5": 0.923127035830619,
    "ak_fund_主力净流入-净额_sum5": 0.923127035830619,
    "ak_fund_收盘价_sum5": 0.923127035830619,
    "ak_fund_超大单净流入-净占比_sum5": 0.923127035830619,
    "ak_fund_中单净流入-净占比_sum5": 0.923127035830619,
    "ak_fund_中单净流入-净额_sum5": 0.923127035830619,
    "ak_fund_小单净流入-净额_sum5": 0.923127035830619,
    "ak_fund_小单净流入-净占比_sum5": 0.923127035830619,
    "ak_fund_大单净流入-净占比_sum5": 0.923127035830619,
    "ak_fund_大单净流入-净额_sum5": 0.923127035830619,
    "ak_fund_超大单净流入-净额_sum5": 0.923127035830619,
    "ak_fund_大单净流入-净额": 0.9218241042345277,
    "ak_fund_超大单净流入-净占比": 0.9218241042345277,
    "ak_fund_超大单净流入-净额": 0.9218241042345277,
    "ak_fund_收盘价": 0.9218241042345277,
    "ak_fund_涨跌幅": 0.9218241042345277,
    "ak_fund_中单净流入-净额": 0.9218241042345277
  },
  "valuation_non_null": {
    "peTTM": 1535,
    "pbMRQ": 1535,
    "psTTM": 1535,
    "pcfNcfTTM": 1535
  },
  "future_effective_date_violations": 0,
  "rows_with_quarterly": 1535,
  "sample_rows": 1535,
  "quarterly_raw_rows": 37,
  "quarterly_used_pubDate_rows": 37,
  "quarterly_fallback_rows": 0,
  "elapsed_seconds": 24.223,
  "symbol": "600309",
  "baostock_code": "sh.600309",
  "valuation_rows": 2022,
  "fund_flow_rows": 120,
  "feature_columns": 125,
  "merged_columns": 194,
  "outputs": {
    "daily_valuation": "/root/workspace/stock_realtime_v021_full/saved_data/600309_pipeline_out/02_fundamental/baostock_daily_valuation.csv",
    "quarterly_fundamentals": "/root/workspace/stock_realtime_v021_full/saved_data/600309_pipeline_out/02_fundamental/baostock_quarterly_fundamentals_pit.csv",
    "fundamental_features": "/root/workspace/stock_realtime_v021_full/saved_data/600309_pipeline_out/02_fundamental/fundamental_features.csv",
    "merged_samples": "/root/workspace/stock_realtime_v021_full/saved_data/600309_pipeline_out/02_fundamental/training_samples_with_fundamentals.csv"
  }
}

[2026-05-11T05:43:06] RUN sector
  /usr/bin/python3 feature_building/build_sector_features.py --samples /root/workspace/stock_realtime_v021_full/saved_data/600309_pipeline_out/02_fundamental/training_samples_with_fundamentals.csv --out-dir /root/workspace/stock_realtime_v021_full/saved_data/600309_pipeline_out/03_sector --sector-symbol '化学制品' --start-date 2018-01-01 --end-date 2026-05-11

  0%|          | 0/9 [00:00<?, ?it/s]
 11%|█         | 1/9 [00:00<00:01,  4.07it/s]
 22%|██▏       | 2/9 [00:00<00:01,  4.00it/s]
 33%|███▎      | 3/9 [00:00<00:01,  4.08it/s]
 44%|████▍     | 4/9 [00:01<00:01,  3.73it/s]
 56%|█████▌    | 5/9 [00:01<00:01,  3.77it/s]
 67%|██████▋   | 6/9 [00:01<00:00,  3.96it/s]
 78%|███████▊  | 7/9 [00:01<00:00,  4.10it/s]
 89%|████████▉ | 8/9 [00:02<00:00,  3.93it/s]
100%|██████████| 9/9 [00:02<00:00,  4.09it/s]
                                             
{
  "sector_symbol": "化学制品",
  "sector_rows": 2022,
  "sector_date_min": "2018-01-02",
  "sector_date_max": "2026-05-08",
  "sample_rows": 1535,
  "merged_rows": 1535,
  "sector_feature_cols": 23,
  "top_missing": {
    "sector_ret60": 0.03908794788273615,
    "sector_ma60_gap": 0.019543973941368076,
    "stock_vs_sector_ret20": 0.013029315960912053,
    "sector_ret20": 0.013029315960912053,
    "sector_vol20": 0.0071661237785016286,
    "sector_ma20_gap": 0.006514657980456026,
    "sector_range_z20": 0.006514657980456026,
    "sector_volume_shock20": 0.006514657980456026,
    "sector_amount_z20": 0.006514657980456026,
    "sector_volume_z20": 0.006514657980456026,
    "sector_amount_shock20": 0.006514657980456026,
    "sector_ret5": 0.003257328990228013,
    "stock_vs_sector_ret5": 0.003257328990228013,
    "sector_vs_bench_ret5": 0.003257328990228013,
    "stock_vs_sector_ret1": 0.0006514657980456026,
    "sector_ret1": 0.0006514657980456026,
    "sector_amount": 0.0,
    "sector_volume": 0.0,
    "sector_close": 0.0,
    "sector_low": 0.0
  },
  "outputs": {
    "sector_index": "/root/workspace/stock_realtime_v021_full/saved_data/600309_pipeline_out/03_sector/sector_index_ths.csv",
    "sector_features": "/root/workspace/stock_realtime_v021_full/saved_data/600309_pipeline_out/03_sector/sector_features.csv",
    "merged_samples": "/root/workspace/stock_realtime_v021_full/saved_data/600309_pipeline_out/03_sector/training_samples_with_sector.csv"
  }
}
[INFO] final samples for search: /root/workspace/stock_realtime_v021_full/saved_data/600309_pipeline_out/03_sector/training_samples_with_sector.csv

[2026-05-11T05:43:10] RUN search_vwap_low_hit_50bps
  /usr/bin/python3 model_training/search_walk_forward_model_complexity.py --samples /root/workspace/stock_realtime_v021_full/saved_data/600309_pipeline_out/03_sector/training_samples_with_sector.csv --intraday-bars /root/workspace/stock_realtime_v021_full/saved_data/600309_pipeline_out/00_base/600309_5m.csv --out-dir /root/workspace/stock_realtime_v021_full/saved_data/600309_pipeline_out/10_search/search_vwap_low_hit_50bps --round-trip-cost-bps 1.7 --target-hit-bps 50.0 --label-mode hit --entry-policy vwap_low --entry-vwap-premium-bps 50.0 --max-missing 0.35 --groups reversal_fundamental_regime,reversal_fundamental_regime_sector,all_no_ak --models xgb_d2_200_lr003_mcw5,xgb_d3_400_lr003_mcw3,xgb_d3_600_lr002_mcw3,xgb_d4_500_lr002_mcw5,lgbm_leaves7_400,lgbm_leaves15_700,extra_trees_600_d3,random_forest_600_d4 --quantiles 0.5,0.6,0.7,0.8 --train-rows 756 --valid-rows 126 --test-rows 63 --min-valid-trades 8 --min-train-entries 80
{
  "rows": 1534,
  "target_hit_bps": 50.0,
  "label_mode": "hit",
  "entry_policy": "vwap_low",
  "entry_vwap_premium_bps": 50.0,
  "groups": {
    "reversal_fundamental_regime": 137,
    "reversal_fundamental_regime_sector": 160,
    "all_no_ak": 215
  },
  "models": [
    "xgb_d2_200_lr003_mcw5",
    "xgb_d3_400_lr003_mcw3",
    "xgb_d3_600_lr002_mcw3",
    "xgb_d4_500_lr002_mcw5",
    "extra_trees_600_d3",
    "random_forest_600_d4",
    "lgbm_leaves7_400",
    "lgbm_leaves15_700"
  ],
  "top": [
    {
      "entry_policy": "vwap_low",
      "feature_group": "reversal_fundamental_regime",
      "model_name": "random_forest_600_d4",
      "target_hit_bps": 50.0,
      "trades": 248,
      "win_rate": 0.717741935483871,
      "avg_return": -0.0014308158661200897,
      "median_return": 0.005,
      "compound_return": -0.31430667273585355,
      "max_drawdown": -0.34684627162974546,
      "profit_factor": 0.7117009613539148,
      "windows": 10
    },
    {
      "entry_policy": "vwap_low",
      "feature_group": "reversal_fundamental_regime_sector",
      "model_name": "xgb_d3_600_lr002_mcw3",
      "target_hit_bps": 50.0,
      "trades": 214,
      "win_rate": 0.7102803738317757,
      "avg_return": -0.0016942050989942738,
      "median_return": 0.005,
      "compound_return": -0.31804591496349366,
      "max_drawdown": -0.33484198828744727,
      "profit_factor": 0.6739215042936381,
      "windows": 10
    },
    {
      "entry_policy": "vwap_low",
      "feature_group": "reversal_fundamental_regime_sector",
      "model_name": "extra_trees_600_d3",
      "target_hit_bps": 50.0,
      "trades": 306,
      "win_rate": 0.7156862745098039,
      "avg_return": -0.0012632566347801901,
      "median_return": 0.005,
      "compound_return": -0.33690943232529524,
      "max_drawdown": -0.40842345315717343,
      "profit_factor": 0.7358627819257237,
      "windows": 10
    },
    {
      "entry_policy": "vwap_low",
      "feature_group": "reversal_fundamental_regime_sector",
      "model_name": "random_forest_600_d4",
      "target_hit_bps": 50.0,
      "trades": 235,
      "win_rate": 0.7148936170212766,
      "avg_return": -0.001684561484103459,
      "median_return": 0.005,
      "compound_return": -0.34120987901230715,
      "max_drawdown": -0.36063227799362585,
      "profit_factor": 0.6760042594846154,
      "windows": 10
    },
    {
      "entry_policy": "vwap_low",
      "feature_group": "all_no_ak",
      "model_name": "xgb_d4_500_lr002_mcw5",
      "target_hit_bps": 50.0,
      "trades": 224,
      "win_rate": 0.7098214285714286,
      "avg_return": -0.0017679255997576713,
      "median_return": 0.005,
      "compound_return": -0.3413839005657401,
      "max_drawdown": -0.3576051749024749,
      "profit_factor": 0.6623854966009084,
      "windows": 10
    },
    {
      "entry_policy": "vwap_low",
      "feature_group": "reversal_fundamental_regime_sector",
      "model_name": "xgb_d3_400_lr003_mcw3",
      "target_hit_bps": 50.0,
      "trades": 223,
      "win_rate": 0.7085201793721974,
      "avg_return": -0.0018234969485465373,
      "median_return": 0.005,
      "compound_return": -0.3480567347761774,
      "max_drawdown": -0.3469169698715905,
      "profit_factor": 0.654746803546767,
      "windows": 10
    },
    {
      "entry_policy": "vwap_low",
      "feature_group": "reversal_fundamental_regime_sector",
      "model_name": "lgbm_leaves7_400",
      "target_hit_bps": 50.0,
      "trades": 258,
      "win_rate": 0.6976744186046512,
      "avg_return": -0.0016151436287302119,
      "median_return": 0.005,
      "compound_return": -0.3550962015544151,
      "max_drawdown": -0.3792381243902777,
      "profit_factor": 0.679314579614185,
      "windows": 10
    },
    {
      "entry_policy": "vwap_low",
      "feature_group": "reversal_fundamental_regime",
      "model_name": "xgb_d3_400_lr003_mcw3",
      "target_hit_bps": 50.0,
      "trades": 231,
      "win_rate": 0.6926406926406926,
      "avg_return": -0.001957433860279732,
      "median_return": 0.005,
      "compound_return": -0.37735858579813397,
      "max_drawdown": -0.39465880589381375,
      "profit_factor": 0.6357856351773046,
      "windows": 10
    },
    {
      "entry_policy": "vwap_low",
      "feature_group": "reversal_fundamental_regime_sector",
      "model_name": "xgb_d2_200_lr003_mcw5",
      "target_hit_bps": 50.0,
      "trades": 208,
      "win_rate": 0.7067307692307693,
      "avg_return": -0.0023306274825609426,
      "median_return": 0.005,
      "compound_return": -0.39760594267154503,
      "max_drawdown": -0.3996647243430862,
      "profit_factor": 0.5968609888782822,
      "windows": 10
    },
    {
      "entry_policy": "vwap_low",
      "feature_group": "all_no_ak",
      "model_name": "xgb_d3_600_lr002_mcw3",
      "target_hit_bps": 50.0,
      "trades": 213,
      "win_rate": 0.6713615023474179,
      "avg_return": -0.002435322332239724,
      "median_return": 0.005,
      "compound_return": -0.417512547014808,
      "max_drawdown": -0.43091738901947674,
      "profit_factor": 0.5743923679522532,
      "windows": 10
    },
    {
      "entry_policy": "vwap_low",
      "feature_group": "reversal_fundamental_regime_sector",
      "model_name": "lgbm_leaves15_700",
      "target_hit_bps": 50.0,
      "trades": 226,
      "win_rate": 0.6637168141592921,
      "avg_return": -0.0023865490381155814,
      "median_return": 0.005,
      "compound_return": -0.42936680614626543,
      "max_drawdown": -0.43966031733467803,
      "profit_factor": 0.5770823430525173,
      "windows": 10
    },
    {
      "entry_policy": "vwap_low",
      "feature_group": "reversal_fundamental_regime",
      "model_name": "xgb_d3_600_lr002_mcw3",
      "target_hit_bps": 50.0,
      "trades": 225,
      "win_rate": 0.6666666666666666,
      "avg_return": -0.0024086965310588047,
      "median_return": 0.005,
      "compound_return": -0.4309176991593353,
      "max_drawdown": -0.4393692773816471,
      "profit_factor": 0.5771994563786257,
      "windows": 10
    },
    {
      "entry_policy": "vwap_low",
      "feature_group": "all_no_ak",
      "model_name": "lgbm_leaves15_700",
      "target_hit_bps": 50.0,
      "trades": 220,
      "win_rate": 0.6863636363636364,
      "avg_return": -0.002533088732615408,
      "median_return": 0.005,
      "compound_return": -0.44055482165591353,
      "max_drawdown": -0.4516052504004654,
      "profit_factor": 0.569399526226156,
      "windows": 10
    },
    {
      "entry_policy": "vwap_low",
      "feature_group": "all_no_ak",
      "model_name": "xgb_d3_400_lr003_mcw3",
      "target_hit_bps": 50.0,
      "trades": 253,
      "win_rate": 0.6837944664031621,
      "avg_return": -0.002213846823391287,
      "median_return": 0.005,
      "compound_return": -0.4426165538814242,
      "max_drawdown": -0.4619260079080909,
      "profit_factor": 0.6007854947879571,
      "windows": 10
    },
    {
      "entry_policy": "vwap_low",
      "feature_group": "reversal_fundamental_regime",
      "model_name": "xgb_d2_200_lr003_mcw5",
      "target_hit_bps": 50.0,
      "trades": 223,
      "win_rate": 0.672645739910314,
      "avg_return": -0.0025910380630975328,
      "median_return": 0.005,
      "compound_return": -0.45168986488713214,
      "max_drawdown": -0.4643572748460688,
      "profit_factor": 0.559105405977241,
      "windows": 10
    },
    {
      "entry_policy": "vwap_low",
      "feature_group": "reversal_fundamental_regime_sector",
      "model_name": "xgb_d4_500_lr002_mcw5",
      "target_hit_bps": 50.0,
      "trades": 234,
      "win_rate": 0.6666666666666666,
      "avg_return": -0.002546062489744023,
      "median_return": 0.005,
      "compound_return": -0.46144604821686885,
      "max_drawdown": -0.47124593698276174,
      "profit_factor": 0.561148774473438,
      "windows": 10
    },
    {
      "entry_policy": "vwap_low",
      "feature_group": "all_no_ak",
      "model_name": "random_forest_600_d4",
      "target_hit_bps": 50.0,
      "trades": 287,
      "win_rate": 0.6898954703832753,
      "avg_return": -0.002067403830292973,
      "median_return": 0.005,
      "compound_return": -0.46152295343215055,
      "max_drawdown": -0.4799983002330276,
      "profit_factor": 0.6207463672257374,
      "windows": 10
    },
    {
      "entry_policy": "vwap_low",
      "feature_group": "reversal_fundamental_regime",
      "model_name": "xgb_d4_500_lr002_mcw5",
      "target_hit_bps": 50.0,
      "trades": 200,
      "win_rate": 0.65,
      "avg_return": -0.0029890749035222015,
      "median_return": 0.005,
      "compound_return": -0.4618915354331682,
      "max_drawdown": -0.46988311375787883,
      "profit_factor": 0.5186910069366489,
      "windows": 10
    },
    {
      "entry_policy": "vwap_low",
      "feature_group": "reversal_fundamental_regime",
      "model_name": "extra_trees_600_d3",
      "target_hit_bps": 50.0,
      "trades": 275,
      "win_rate": 0.6763636363636364,
      "avg_return": -0.0021960462803654163,
      "median_return": 0.005,
      "compound_return": -0.4671655271366403,
      "max_drawdown": -0.48936192964784686,
      "profit_factor": 0.602616566337394,
      "windows": 10
    },
    {
      "entry_policy": "vwap_low",
      "feature_group": "all_no_ak",
      "model_name": "lgbm_leaves7_400",
      "target_hit_bps": 50.0,
      "trades": 218,
      "win_rate": 0.6605504587155964,
      "avg_return": -0.0028161986270562904,
      "median_return": 0.005,
      "compound_return": -0.4708432354950234,
      "max_drawdown": -0.4840055298418885,
      "profit_factor": 0.530555426606073,
      "windows": 10
    }
  ]
}

[2026-05-11T05:51:05] RUN search_vwap_low_hit_80bps
  /usr/bin/python3 model_training/search_walk_forward_model_complexity.py --samples /root/workspace/stock_realtime_v021_full/saved_data/600309_pipeline_out/03_sector/training_samples_with_sector.csv --intraday-bars /root/workspace/stock_realtime_v021_full/saved_data/600309_pipeline_out/00_base/600309_5m.csv --out-dir /root/workspace/stock_realtime_v021_full/saved_data/600309_pipeline_out/10_search/search_vwap_low_hit_80bps --round-trip-cost-bps 1.7 --target-hit-bps 80.0 --label-mode hit --entry-policy vwap_low --entry-vwap-premium-bps 50.0 --max-missing 0.35 --groups reversal_fundamental_regime,reversal_fundamental_regime_sector,all_no_ak --models xgb_d2_200_lr003_mcw5,xgb_d3_400_lr003_mcw3,xgb_d3_600_lr002_mcw3,xgb_d4_500_lr002_mcw5,lgbm_leaves7_400,lgbm_leaves15_700,extra_trees_600_d3,random_forest_600_d4 --quantiles 0.5,0.6,0.7,0.8 --train-rows 756 --valid-rows 126 --test-rows 63 --min-valid-trades 8 --min-train-entries 80
{
  "rows": 1534,
  "target_hit_bps": 80.0,
  "label_mode": "hit",
  "entry_policy": "vwap_low",
  "entry_vwap_premium_bps": 50.0,
  "groups": {
    "reversal_fundamental_regime": 137,
    "reversal_fundamental_regime_sector": 160,
    "all_no_ak": 215
  },
  "models": [
    "xgb_d2_200_lr003_mcw5",
    "xgb_d3_400_lr003_mcw3",
    "xgb_d3_600_lr002_mcw3",
    "xgb_d4_500_lr002_mcw5",
    "extra_trees_600_d3",
    "random_forest_600_d4",
    "lgbm_leaves7_400",
    "lgbm_leaves15_700"
  ],
  "top": [
    {
      "entry_policy": "vwap_low",
      "feature_group": "reversal_fundamental_regime",
      "model_name": "random_forest_600_d4",
      "target_hit_bps": 80.0,
      "trades": 233,
      "win_rate": 0.6523605150214592,
      "avg_return": -0.0007808818822635947,
      "median_return": 0.008,
      "compound_return": -0.18729283541746156,
      "max_drawdown": -0.2853510458599602,
      "profit_factor": 0.8648896661211541,
      "windows": 10
    },
    {
      "entry_policy": "vwap_low",
      "feature_group": "all_no_ak",
      "model_name": "lgbm_leaves7_400",
      "target_hit_bps": 80.0,
      "trades": 268,
      "win_rate": 0.6380597014925373,
      "avg_return": -0.0007643332654037005,
      "median_return": 0.008,
      "compound_return": -0.20990599783109642,
      "max_drawdown": -0.3677787318733956,
      "profit_factor": 0.8627582876942076,
      "windows": 10
    },
    {
      "entry_policy": "vwap_low",
      "feature_group": "reversal_fundamental_regime",
      "model_name": "extra_trees_600_d3",
      "target_hit_bps": 80.0,
      "trades": 255,
      "win_rate": 0.6470588235294118,
      "avg_return": -0.0009796498710650688,
      "median_return": 0.008,
      "compound_return": -0.24251999643650735,
      "max_drawdown": -0.4193750348915125,
      "profit_factor": 0.8369022384046517,
      "windows": 10
    },
    {
      "entry_policy": "vwap_low",
      "feature_group": "reversal_fundamental_regime_sector",
      "model_name": "random_forest_600_d4",
      "target_hit_bps": 80.0,
      "trades": 240,
      "win_rate": 0.6458333333333334,
      "avg_return": -0.0012087458659620761,
      "median_return": 0.008,
      "compound_return": -0.2746558384099784,
      "max_drawdown": -0.36672420644125125,
      "profit_factor": 0.8042240688288181,
      "windows": 10
    },
    {
      "entry_policy": "vwap_low",
      "feature_group": "reversal_fundamental_regime_sector",
      "model_name": "extra_trees_600_d3",
      "target_hit_bps": 80.0,
      "trades": 311,
      "win_rate": 0.6302250803858521,
      "avg_return": -0.0009612074240096211,
      "median_return": 0.008,
      "compound_return": -0.2803180838534134,
      "max_drawdown": -0.3654763873188226,
      "profit_factor": 0.831135310738455,
      "windows": 10
    },
    {
      "entry_policy": "vwap_low",
      "feature_group": "all_no_ak",
      "model_name": "extra_trees_600_d3",
      "target_hit_bps": 80.0,
      "trades": 298,
      "win_rate": 0.6409395973154363,
      "avg_return": -0.001061708970033521,
      "median_return": 0.008,
      "compound_return": -0.2936960497334956,
      "max_drawdown": -0.39659328649608727,
      "profit_factor": 0.8220758384929413,
      "windows": 10
    },
    {
      "entry_policy": "vwap_low",
      "feature_group": "all_no_ak",
      "model_name": "xgb_d3_400_lr003_mcw3",
      "target_hit_bps": 80.0,
      "trades": 237,
      "win_rate": 0.6160337552742616,
      "avg_return": -0.001459886351675938,
      "median_return": 0.008,
      "compound_return": -0.3108212610166575,
      "max_drawdown": -0.3974192023348272,
      "profit_factor": 0.762213504204051,
      "windows": 10
    },
    {
      "entry_policy": "vwap_low",
      "feature_group": "all_no_ak",
      "model_name": "xgb_d4_500_lr002_mcw5",
      "target_hit_bps": 80.0,
      "trades": 227,
      "win_rate": 0.6123348017621145,
      "avg_return": -0.0017000213126037481,
      "median_return": 0.008,
      "compound_return": -0.3400631932095035,
      "max_drawdown": -0.4166786858414635,
      "profit_factor": 0.731183375146277,
      "windows": 10
    },
    {
      "entry_policy": "vwap_low",
      "feature_group": "all_no_ak",
      "model_name": "xgb_d3_600_lr002_mcw3",
      "target_hit_bps": 80.0,
      "trades": 230,
      "win_rate": 0.6173913043478261,
      "avg_return": -0.0017189831297009044,
      "median_return": 0.008,
      "compound_return": -0.34665106652956124,
      "max_drawdown": -0.4202207085824968,
      "profit_factor": 0.7281823141613141,
      "windows": 10
    },
    {
      "entry_policy": "vwap_low",
      "feature_group": "all_no_ak",
      "model_name": "random_forest_600_d4",
      "target_hit_bps": 80.0,
      "trades": 282,
      "win_rate": 0.6312056737588653,
      "avg_return": -0.0014030478323264815,
      "median_return": 0.008,
      "compound_return": -0.34972135700465434,
      "max_drawdown": -0.4519239743877923,
      "profit_factor": 0.7760891229931304,
      "windows": 10
    },
    {
      "entry_policy": "vwap_low",
      "feature_group": "reversal_fundamental_regime",
      "model_name": "xgb_d2_200_lr003_mcw5",
      "target_hit_bps": 80.0,
      "trades": 248,
      "win_rate": 0.6169354838709677,
      "avg_return": -0.0016561585735386075,
      "median_return": 0.008,
      "compound_return": -0.3554807282511636,
      "max_drawdown": -0.4218308546857775,
      "profit_factor": 0.7399001654143634,
      "windows": 10
    },
    {
      "entry_policy": "vwap_low",
      "feature_group": "reversal_fundamental_regime_sector",
      "model_name": "xgb_d3_400_lr003_mcw3",
      "target_hit_bps": 80.0,
      "trades": 225,
      "win_rate": 0.6088888888888889,
      "avg_return": -0.0018397120053397324,
      "median_return": 0.008,
      "compound_return": -0.3588694412111162,
      "max_drawdown": -0.4057494967765902,
      "profit_factor": 0.7167671903344092,
      "windows": 10
    },
    {
      "entry_policy": "vwap_low",
      "feature_group": "reversal_fundamental_regime_sector",
      "model_name": "xgb_d2_200_lr003_mcw5",
      "target_hit_bps": 80.0,
      "trades": 239,
      "win_rate": 0.6150627615062761,
      "avg_return": -0.0017403417041226713,
      "median_return": 0.008,
      "compound_return": -0.3602914647996731,
      "max_drawdown": -0.4171009267281478,
      "profit_factor": 0.7278793479247716,
      "windows": 10
    },
    {
      "entry_policy": "vwap_low",
      "feature_group": "reversal_fundamental_regime_sector",
      "model_name": "xgb_d4_500_lr002_mcw5",
      "target_hit_bps": 80.0,
      "trades": 227,
      "win_rate": 0.6211453744493393,
      "avg_return": -0.001849374392451119,
      "median_return": 0.008,
      "compound_return": -0.36078764893530135,
      "max_drawdown": -0.4122358000596533,
      "profit_factor": 0.7185299998216444,
      "windows": 10
    },
    {
      "entry_policy": "vwap_low",
      "feature_group": "all_no_ak",
      "model_name": "xgb_d2_200_lr003_mcw5",
      "target_hit_bps": 80.0,
      "trades": 242,
      "win_rate": 0.6198347107438017,
      "avg_return": -0.0019062866530355838,
      "median_return": 0.008,
      "compound_return": -0.3896637996960277,
      "max_drawdown": -0.45079669997388305,
      "profit_factor": 0.7109004370800165,
      "windows": 10
    },
    {
      "entry_policy": "vwap_low",
      "feature_group": "reversal_fundamental_regime_sector",
      "model_name": "xgb_d3_600_lr002_mcw3",
      "target_hit_bps": 80.0,
      "trades": 252,
      "win_rate": 0.6111111111111112,
      "avg_return": -0.0018591120156179453,
      "median_return": 0.008,
      "compound_return": -0.3945566732077227,
      "max_drawdown": -0.42677565093447933,
      "profit_factor": 0.7158964855335523,
      "windows": 10
    },
    {
      "entry_policy": "vwap_low",
      "feature_group": "all_no_ak",
      "model_name": "lgbm_leaves15_700",
      "target_hit_bps": 80.0,
      "trades": 237,
      "win_rate": 0.5949367088607594,
      "avg_return": -0.002061083598746297,
      "median_return": 0.008,
      "compound_return": -0.4050831674527813,
      "max_drawdown": -0.4908118654120287,
      "profit_factor": 0.6858818314204476,
      "windows": 10
    },
    {
      "entry_policy": "vwap_low",
      "feature_group": "reversal_fundamental_regime",
      "model_name": "xgb_d3_400_lr003_mcw3",
      "target_hit_bps": 80.0,
      "trades": 236,
      "win_rate": 0.5932203389830508,
      "avg_return": -0.0021403325566297336,
      "median_return": 0.008,
      "compound_return": -0.4155994479847619,
      "max_drawdown": -0.46004271624622306,
      "profit_factor": 0.6782838085973164,
      "windows": 10
    },
    {
      "entry_policy": "vwap_low",
      "feature_group": "reversal_fundamental_regime",
      "model_name": "xgb_d3_600_lr002_mcw3",
      "target_hit_bps": 80.0,
      "trades": 226,
      "win_rate": 0.5929203539823009,
      "avg_return": -0.0022821440993913414,
      "median_return": 0.008,
      "compound_return": -0.42131556869848097,
      "max_drawdown": -0.45340749122961777,
      "profit_factor": 0.6641177530475771,
      "windows": 10
    },
    {
      "entry_policy": "vwap_low",
      "feature_group": "reversal_fundamental_regime_sector",
      "model_name": "lgbm_leaves7_400",
      "target_hit_bps": 80.0,
      "trades": 250,
      "win_rate": 0.58,
      "avg_return": -0.0021525641563603184,
      "median_return": 0.008,
      "compound_return": -0.4347613600981025,
      "max_drawdown": -0.5022007896425726,
      "profit_factor": 0.6706517471998468,
      "windows": 10
    }
  ]
}

[2026-05-11T05:59:15] RUN search_vwap_low_close_profit_50bps
  /usr/bin/python3 model_training/search_walk_forward_model_complexity.py --samples /root/workspace/stock_realtime_v021_full/saved_data/600309_pipeline_out/03_sector/training_samples_with_sector.csv --intraday-bars /root/workspace/stock_realtime_v021_full/saved_data/600309_pipeline_out/00_base/600309_5m.csv --out-dir /root/workspace/stock_realtime_v021_full/saved_data/600309_pipeline_out/10_search/search_vwap_low_close_profit_50bps --round-trip-cost-bps 1.7 --target-hit-bps 50.0 --label-mode close_profit --entry-policy vwap_low --entry-vwap-premium-bps 50.0 --max-missing 0.35 --groups reversal_fundamental_regime,reversal_fundamental_regime_sector,all_no_ak --models xgb_d2_200_lr003_mcw5,xgb_d3_400_lr003_mcw3,xgb_d3_600_lr002_mcw3,xgb_d4_500_lr002_mcw5,lgbm_leaves7_400,lgbm_leaves15_700,extra_trees_600_d3,random_forest_600_d4 --quantiles 0.5,0.6,0.7,0.8 --train-rows 756 --valid-rows 126 --test-rows 63 --min-valid-trades 8 --min-train-entries 80
{
  "rows": 1534,
  "target_hit_bps": 50.0,
  "label_mode": "close_profit",
  "entry_policy": "vwap_low",
  "entry_vwap_premium_bps": 50.0,
  "groups": {
    "reversal_fundamental_regime": 137,
    "reversal_fundamental_regime_sector": 160,
    "all_no_ak": 215
  },
  "models": [
    "xgb_d2_200_lr003_mcw5",
    "xgb_d3_400_lr003_mcw3",
    "xgb_d3_600_lr002_mcw3",
    "xgb_d4_500_lr002_mcw5",
    "extra_trees_600_d3",
    "random_forest_600_d4",
    "lgbm_leaves7_400",
    "lgbm_leaves15_700"
  ],
  "top": [
    {
      "entry_policy": "vwap_low",
      "feature_group": "all_no_ak",
      "model_name": "extra_trees_600_d3",
      "target_hit_bps": 50.0,
      "trades": 217,
      "win_rate": 0.5253456221198156,
      "avg_return": 0.0011708199119919455,
      "median_return": 0.0007495402298851629,
      "compound_return": 0.23739259777744803,
      "max_drawdown": -0.15846435077106158,
      "profit_factor": 1.181086125641858,
      "windows": 10
    },
    {
      "entry_policy": "vwap_low",
      "feature_group": "reversal_fundamental_regime",
      "model_name": "xgb_d4_500_lr002_mcw5",
      "target_hit_bps": 50.0,
      "trades": 153,
      "win_rate": 0.5098039215686274,
      "avg_return": 0.0007442760213514533,
      "median_return": 0.0006235458272714246,
      "compound_return": 0.08680460151845626,
      "max_drawdown": -0.173730989398848,
      "profit_factor": 1.1085399529188955,
      "windows": 10
    },
    {
      "entry_policy": "vwap_low",
      "feature_group": "reversal_fundamental_regime_sector",
      "model_name": "extra_trees_600_d3",
      "target_hit_bps": 50.0,
      "trades": 206,
      "win_rate": 0.5339805825242718,
      "avg_return": 0.0005643773626325493,
      "median_return": 0.0008550335291032142,
      "compound_return": 0.0783883933788998,
      "max_drawdown": -0.17318094909853954,
      "profit_factor": 1.081717799835789,
      "windows": 10
    },
    {
      "entry_policy": "vwap_low",
      "feature_group": "all_no_ak",
      "model_name": "random_forest_600_d4",
      "target_hit_bps": 50.0,
      "trades": 191,
      "win_rate": 0.5026178010471204,
      "avg_return": 0.00043124654221924843,
      "median_return": 0.00019081544290089697,
      "compound_return": 0.04685530169991692,
      "max_drawdown": -0.21852054336004878,
      "profit_factor": 1.0634672338462945,
      "windows": 10
    },
    {
      "entry_policy": "vwap_low",
      "feature_group": "all_no_ak",
      "model_name": "xgb_d4_500_lr002_mcw5",
      "target_hit_bps": 50.0,
      "trades": 160,
      "win_rate": 0.48125,
      "avg_return": 0.00030142539147944524,
      "median_return": -0.0006456158038932146,
      "compound_return": 0.026979042034708245,
      "max_drawdown": -0.14634385383782123,
      "profit_factor": 1.0497935152099787,
      "windows": 10
    },
    {
      "entry_policy": "vwap_low",
      "feature_group": "all_no_ak",
      "model_name": "lgbm_leaves7_400",
      "target_hit_bps": 50.0,
      "trades": 202,
      "win_rate": 0.4801980198019802,
      "avg_return": 0.0001426992493923956,
      "median_return": -0.0005161592772047717,
      "compound_return": -0.010276380173008803,
      "max_drawdown": -0.21745408013839596,
      "profit_factor": 1.0201773680730075,
      "windows": 10
    },
    {
      "entry_policy": "vwap_low",
      "feature_group": "reversal_fundamental_regime_sector",
      "model_name": "random_forest_600_d4",
      "target_hit_bps": 50.0,
      "trades": 185,
      "win_rate": 0.5081081081081081,
      "avg_return": 1.4443851549712745e-05,
      "median_return": 0.0006790165558228124,
      "compound_return": -0.034865075405461576,
      "max_drawdown": -0.19410362365512024,
      "profit_factor": 1.0019846195457902,
      "windows": 10
    },
    {
      "entry_policy": "vwap_low",
      "feature_group": "all_no_ak",
      "model_name": "xgb_d3_400_lr003_mcw3",
      "target_hit_bps": 50.0,
      "trades": 200,
      "win_rate": 0.49,
      "avg_return": -1.892013083515878e-05,
      "median_return": -0.0005161592772047717,
      "compound_return": -0.044787605162968536,
      "max_drawdown": -0.24565709055093032,
      "profit_factor": 0.9973974818083083,
      "windows": 10
    },
    {
      "entry_policy": "vwap_low",
      "feature_group": "reversal_fundamental_regime",
      "model_name": "random_forest_600_d4",
      "target_hit_bps": 50.0,
      "trades": 235,
      "win_rate": 0.49361702127659574,
      "avg_return": -8.809519399219751e-05,
      "median_return": -0.00016999999999999999,
      "compound_return": -0.06288931927498098,
      "max_drawdown": -0.24168402241380427,
      "profit_factor": 0.9876694951351366,
      "windows": 10
    },
    {
      "entry_policy": "vwap_low",
      "feature_group": "reversal_fundamental_regime_sector",
      "model_name": "lgbm_leaves7_400",
      "target_hit_bps": 50.0,
      "trades": 235,
      "win_rate": 0.4851063829787234,
      "avg_return": -0.00017784819386673008,
      "median_return": -0.0005535336231142739,
      "compound_return": -0.07607133787413833,
      "max_drawdown": -0.21769394472570291,
      "profit_factor": 0.9735848832739695,
      "windows": 10
    },
    {
      "entry_policy": "vwap_low",
      "feature_group": "reversal_fundamental_regime_sector",
      "model_name": "xgb_d2_200_lr003_mcw5",
      "target_hit_bps": 50.0,
      "trades": 187,
      "win_rate": 0.49732620320855614,
      "avg_return": -0.00030576336277640133,
      "median_return": -0.00043430553720102613,
      "compound_return": -0.09171311759766798,
      "max_drawdown": -0.27920360383716236,
      "profit_factor": 0.9602843284904474,
      "windows": 10
    },
    {
      "entry_policy": "vwap_low",
      "feature_group": "reversal_fundamental_regime",
      "model_name": "extra_trees_600_d3",
      "target_hit_bps": 50.0,
      "trades": 218,
      "win_rate": 0.5137614678899083,
      "avg_return": -0.0002913482969193212,
      "median_return": 0.0003869319343798895,
      "compound_return": -0.095542026737642,
      "max_drawdown": -0.2598142117639868,
      "profit_factor": 0.9571286992762551,
      "windows": 10
    },
    {
      "entry_policy": "vwap_low",
      "feature_group": "all_no_ak",
      "model_name": "xgb_d2_200_lr003_mcw5",
      "target_hit_bps": 50.0,
      "trades": 234,
      "win_rate": 0.48717948717948717,
      "avg_return": -0.00035643141826256574,
      "median_return": -0.0005161592772047717,
      "compound_return": -0.12351383227091728,
      "max_drawdown": -0.34278770199168607,
      "profit_factor": 0.952880666798509,
      "windows": 10
    },
    {
      "entry_policy": "vwap_low",
      "feature_group": "all_no_ak",
      "model_name": "lgbm_leaves15_700",
      "target_hit_bps": 50.0,
      "trades": 182,
      "win_rate": 0.4835164835164835,
      "avg_return": -0.0005809869721279089,
      "median_return": -0.0005161592772047717,
      "compound_return": -0.12918893755058536,
      "max_drawdown": -0.2945937136063581,
      "profit_factor": 0.9183349527247701,
      "windows": 10
    },
    {
      "entry_policy": "vwap_low",
      "feature_group": "reversal_fundamental_regime",
      "model_name": "xgb_d3_600_lr002_mcw3",
      "target_hit_bps": 50.0,
      "trades": 212,
      "win_rate": 0.4858490566037736,
      "avg_return": -0.0005369400635127369,
      "median_return": -0.0005161592772047717,
      "compound_return": -0.14189355118424118,
      "max_drawdown": -0.3126329962637836,
      "profit_factor": 0.9257254844482771,
      "windows": 10
    },
    {
      "entry_policy": "vwap_low",
      "feature_group": "reversal_fundamental_regime",
      "model_name": "xgb_d3_400_lr003_mcw3",
      "target_hit_bps": 50.0,
      "trades": 227,
      "win_rate": 0.4713656387665198,
      "avg_return": -0.0005140854741369161,
      "median_return": -0.0010236585365853666,
      "compound_return": -0.14530869712036554,
      "max_drawdown": -0.3094584252972088,
      "profit_factor": 0.9272689704252985,
      "windows": 10
    },
    {
      "entry_policy": "vwap_low",
      "feature_group": "reversal_fundamental_regime",
      "model_name": "lgbm_leaves7_400",
      "target_hit_bps": 50.0,
      "trades": 241,
      "win_rate": 0.4854771784232365,
      "avg_return": -0.0006106317426672219,
      "median_return": -0.0007376979846721553,
      "compound_return": -0.17108187305901246,
      "max_drawdown": -0.3429179675889461,
      "profit_factor": 0.9109943945580797,
      "windows": 10
    },
    {
      "entry_policy": "vwap_low",
      "feature_group": "reversal_fundamental_regime_sector",
      "model_name": "lgbm_leaves15_700",
      "target_hit_bps": 50.0,
      "trades": 184,
      "win_rate": 0.45652173913043476,
      "avg_return": -0.0009842352880184383,
      "median_return": -0.0011817741235309286,
      "compound_return": -0.1921691658582535,
      "max_drawdown": -0.2865365995282666,
      "profit_factor": 0.8646318366791584,
      "windows": 10
    },
    {
      "entry_policy": "vwap_low",
      "feature_group": "all_no_ak",
      "model_name": "xgb_d3_600_lr002_mcw3",
      "target_hit_bps": 50.0,
      "trades": 181,
      "win_rate": 0.4530386740331492,
      "avg_return": -0.0010475206688779187,
      "median_return": -0.0010926308158691854,
      "compound_return": -0.2008495989900877,
      "max_drawdown": -0.3263668032492586,
      "profit_factor": 0.860783532813991,
      "windows": 10
    },
    {
      "entry_policy": "vwap_low",
      "feature_group": "reversal_fundamental_regime_sector",
      "model_name": "xgb_d4_500_lr002_mcw5",
      "target_hit_bps": 50.0,
      "trades": 207,
      "win_rate": 0.463768115942029,
      "avg_return": -0.0009173306030775003,
      "median_return": -0.0010236585365853666,
      "compound_return": -0.20353192989493463,
      "max_drawdown": -0.29658520155828627,
      "profit_factor": 0.8742433857277728,
      "windows": 10
    }
  ]
}

[2026-05-11T06:07:17] RUN search_all_days_hit_50bps
  /usr/bin/python3 model_training/search_walk_forward_model_complexity.py --samples /root/workspace/stock_realtime_v021_full/saved_data/600309_pipeline_out/03_sector/training_samples_with_sector.csv --intraday-bars /root/workspace/stock_realtime_v021_full/saved_data/600309_pipeline_out/00_base/600309_5m.csv --out-dir /root/workspace/stock_realtime_v021_full/saved_data/600309_pipeline_out/10_search/search_all_days_hit_50bps --round-trip-cost-bps 1.7 --target-hit-bps 50.0 --label-mode hit --entry-policy all_days --entry-vwap-premium-bps 50.0 --max-missing 0.35 --groups reversal_fundamental_regime,reversal_fundamental_regime_sector,all_no_ak --models xgb_d2_200_lr003_mcw5,xgb_d3_400_lr003_mcw3,xgb_d3_600_lr002_mcw3,xgb_d4_500_lr002_mcw5,lgbm_leaves7_400,lgbm_leaves15_700,extra_trees_600_d3,random_forest_600_d4 --quantiles 0.5,0.6,0.7,0.8 --train-rows 756 --valid-rows 126 --test-rows 63 --min-valid-trades 8 --min-train-entries 80
{
  "rows": 1534,
  "target_hit_bps": 50.0,
  "label_mode": "hit",
  "entry_policy": "all_days",
  "entry_vwap_premium_bps": 50.0,
  "groups": {
    "reversal_fundamental_regime": 137,
    "reversal_fundamental_regime_sector": 160,
    "all_no_ak": 215
  },
  "models": [
    "xgb_d2_200_lr003_mcw5",
    "xgb_d3_400_lr003_mcw3",
    "xgb_d3_600_lr002_mcw3",
    "xgb_d4_500_lr002_mcw5",
    "extra_trees_600_d3",
    "random_forest_600_d4",
    "lgbm_leaves7_400",
    "lgbm_leaves15_700"
  ],
  "top": [
    {
      "entry_policy": "all_days",
      "feature_group": "reversal_fundamental_regime_sector",
      "model_name": "xgb_d3_600_lr002_mcw3",
      "target_hit_bps": 50.0,
      "trades": 228,
      "win_rate": 0.6973684210526315,
      "avg_return": -0.0017591068659872243,
      "median_return": 0.005,
      "compound_return": -0.34416366870051507,
      "max_drawdown": -0.35711806160200477,
      "profit_factor": 0.6606935241359492,
      "windows": 10
    },
    {
      "entry_policy": "all_days",
      "feature_group": "reversal_fundamental_regime_sector",
      "model_name": "xgb_d3_400_lr003_mcw3",
      "target_hit_bps": 50.0,
      "trades": 224,
      "win_rate": 0.7008928571428571,
      "avg_return": -0.0019784204182101677,
      "median_return": 0.005,
      "compound_return": -0.37158670435139984,
      "max_drawdown": -0.3704880758998731,
      "profit_factor": 0.6335434762715295,
      "windows": 10
    },
    {
      "entry_policy": "all_days",
      "feature_group": "reversal_fundamental_regime_sector",
      "model_name": "extra_trees_600_d3",
      "target_hit_bps": 50.0,
      "trades": 334,
      "win_rate": 0.7215568862275449,
      "avg_return": -0.0013214538399195213,
      "median_return": 0.005,
      "compound_return": -0.3754640548316903,
      "max_drawdown": -0.451094791519673,
      "profit_factor": 0.7289371525375913,
      "windows": 10
    },
    {
      "entry_policy": "all_days",
      "feature_group": "reversal_fundamental_regime",
      "model_name": "xgb_d3_400_lr003_mcw3",
      "target_hit_bps": 50.0,
      "trades": 261,
      "win_rate": 0.6934865900383141,
      "avg_return": -0.0017686035366985724,
      "median_return": 0.005,
      "compound_return": -0.3838845101756364,
      "max_drawdown": -0.40100340611670104,
      "profit_factor": 0.6587213548360074,
      "windows": 10
    },
    {
      "entry_policy": "all_days",
      "feature_group": "reversal_fundamental_regime",
      "model_name": "random_forest_600_d4",
      "target_hit_bps": 50.0,
      "trades": 249,
      "win_rate": 0.6947791164658634,
      "avg_return": -0.0018863398769745176,
      "median_return": 0.005,
      "compound_return": -0.38908579794656084,
      "max_drawdown": -0.4151671348042901,
      "profit_factor": 0.6453948231963001,
      "windows": 10
    },
    {
      "entry_policy": "all_days",
      "feature_group": "all_no_ak",
      "model_name": "xgb_d4_500_lr002_mcw5",
      "target_hit_bps": 50.0,
      "trades": 221,
      "win_rate": 0.6923076923076923,
      "avg_return": -0.0022432948074473068,
      "median_return": 0.005,
      "compound_return": -0.40435602512243973,
      "max_drawdown": -0.416121469809958,
      "profit_factor": 0.601066438992883,
      "windows": 10
    },
    {
      "entry_policy": "all_days",
      "feature_group": "reversal_fundamental_regime_sector",
      "model_name": "lgbm_leaves7_400",
      "target_hit_bps": 50.0,
      "trades": 292,
      "win_rate": 0.6952054794520548,
      "avg_return": -0.001729364626239496,
      "median_return": 0.005,
      "compound_return": -0.4127564192241091,
      "max_drawdown": -0.43755207597886103,
      "profit_factor": 0.6639538186469808,
      "windows": 10
    },
    {
      "entry_policy": "all_days",
      "feature_group": "reversal_fundamental_regime_sector",
      "model_name": "xgb_d2_200_lr003_mcw5",
      "target_hit_bps": 50.0,
      "trades": 227,
      "win_rate": 0.7048458149779736,
      "avg_return": -0.002290271681972783,
      "median_return": 0.005,
      "compound_return": -0.41946344434818394,
      "max_drawdown": -0.4214475243800093,
      "profit_factor": 0.6020757102071915,
      "windows": 10
    },
    {
      "entry_policy": "all_days",
      "feature_group": "reversal_fundamental_regime",
      "model_name": "xgb_d3_600_lr002_mcw3",
      "target_hit_bps": 50.0,
      "trades": 255,
      "win_rate": 0.6784313725490196,
      "avg_return": -0.002079912921704096,
      "median_return": 0.005,
      "compound_return": -0.424888834920637,
      "max_drawdown": -0.43624870572820507,
      "profit_factor": 0.616043571209353,
      "windows": 10
    },
    {
      "entry_policy": "all_days",
      "feature_group": "all_no_ak",
      "model_name": "lgbm_leaves15_700",
      "target_hit_bps": 50.0,
      "trades": 251,
      "win_rate": 0.6892430278884463,
      "avg_return": -0.0021656221319933363,
      "median_return": 0.005,
      "compound_return": -0.43327222142389055,
      "max_drawdown": -0.44723034783232174,
      "profit_factor": 0.6090775226470252,
      "windows": 10
    },
    {
      "entry_policy": "all_days",
      "feature_group": "reversal_fundamental_regime_sector",
      "model_name": "lgbm_leaves15_700",
      "target_hit_bps": 50.0,
      "trades": 257,
      "win_rate": 0.6731517509727627,
      "avg_return": -0.002121208478674434,
      "median_return": 0.005,
      "compound_return": -0.43363812188945594,
      "max_drawdown": -0.4438545838685597,
      "profit_factor": 0.6095250287133189,
      "windows": 10
    },
    {
      "entry_policy": "all_days",
      "feature_group": "reversal_fundamental_regime",
      "model_name": "extra_trees_600_d3",
      "target_hit_bps": 50.0,
      "trades": 286,
      "win_rate": 0.7062937062937062,
      "avg_return": -0.001896719949105994,
      "median_return": 0.005,
      "compound_return": -0.43561908354083234,
      "max_drawdown": -0.46716221932095636,
      "profit_factor": 0.6481222375157847,
      "windows": 10
    },
    {
      "entry_policy": "all_days",
      "feature_group": "all_no_ak",
      "model_name": "xgb_d3_600_lr002_mcw3",
      "target_hit_bps": 50.0,
      "trades": 244,
      "win_rate": 0.6762295081967213,
      "avg_return": -0.0022594138734199905,
      "median_return": 0.005,
      "compound_return": -0.4370074668252164,
      "max_drawdown": -0.44996367029078366,
      "profit_factor": 0.5938757496551802,
      "windows": 10
    },
    {
      "entry_policy": "all_days",
      "feature_group": "reversal_fundamental_regime_sector",
      "model_name": "random_forest_600_d4",
      "target_hit_bps": 50.0,
      "trades": 261,
      "win_rate": 0.7011494252873564,
      "avg_return": -0.00218701870682586,
      "median_return": 0.005,
      "compound_return": -0.450241166979358,
      "max_drawdown": -0.46644911402996436,
      "profit_factor": 0.6121630139577882,
      "windows": 10
    },
    {
      "entry_policy": "all_days",
      "feature_group": "reversal_fundamental_regime_sector",
      "model_name": "xgb_d4_500_lr002_mcw5",
      "target_hit_bps": 50.0,
      "trades": 243,
      "win_rate": 0.6625514403292181,
      "avg_return": -0.002373299032895416,
      "median_return": 0.005,
      "compound_return": -0.45093746912237076,
      "max_drawdown": -0.4582332219338593,
      "profit_factor": 0.5770419651408669,
      "windows": 10
    },
    {
      "entry_policy": "all_days",
      "feature_group": "all_no_ak",
      "model_name": "xgb_d2_200_lr003_mcw5",
      "target_hit_bps": 50.0,
      "trades": 260,
      "win_rate": 0.6807692307692308,
      "avg_return": -0.002397945137812947,
      "median_return": 0.005,
      "compound_return": -0.47733540147939646,
      "max_drawdown": -0.4961138364452259,
      "profit_factor": 0.5804686146002684,
      "windows": 10
    },
    {
      "entry_policy": "all_days",
      "feature_group": "reversal_fundamental_regime",
      "model_name": "xgb_d4_500_lr002_mcw5",
      "target_hit_bps": 50.0,
      "trades": 241,
      "win_rate": 0.6597510373443983,
      "avg_return": -0.0026412948177653543,
      "median_return": 0.005,
      "compound_return": -0.4834888125643375,
      "max_drawdown": -0.49369118858519434,
      "profit_factor": 0.5535467454478332,
      "windows": 10
    },
    {
      "entry_policy": "all_days",
      "feature_group": "all_no_ak",
      "model_name": "random_forest_600_d4",
      "target_hit_bps": 50.0,
      "trades": 343,
      "win_rate": 0.6997084548104956,
      "avg_return": -0.0018397596126158954,
      "median_return": 0.005,
      "compound_return": -0.48440749130091953,
      "max_drawdown": -0.5070395892538635,
      "profit_factor": 0.6517836174373008,
      "windows": 10
    },
    {
      "entry_policy": "all_days",
      "feature_group": "reversal_fundamental_regime",
      "model_name": "lgbm_leaves7_400",
      "target_hit_bps": 50.0,
      "trades": 318,
      "win_rate": 0.6792452830188679,
      "avg_return": -0.0020053538710800593,
      "median_return": 0.005,
      "compound_return": -0.4858337758983947,
      "max_drawdown": -0.5132826084830484,
      "profit_factor": 0.6246301309695644,
      "windows": 10
    },
    {
      "entry_policy": "all_days",
      "feature_group": "all_no_ak",
      "model_name": "xgb_d3_400_lr003_mcw3",
      "target_hit_bps": 50.0,
      "trades": 273,
      "win_rate": 0.673992673992674,
      "avg_return": -0.002365552317291135,
      "median_return": 0.005,
      "compound_return": -0.4892321689829092,
      "max_drawdown": -0.506926716641267,
      "profit_factor": 0.5816587706322679,
      "windows": 10
    }
  ]
}

[2026-05-11T06:15:16] RUN search_all_days_hit_80bps
  /usr/bin/python3 model_training/search_walk_forward_model_complexity.py --samples /root/workspace/stock_realtime_v021_full/saved_data/600309_pipeline_out/03_sector/training_samples_with_sector.csv --intraday-bars /root/workspace/stock_realtime_v021_full/saved_data/600309_pipeline_out/00_base/600309_5m.csv --out-dir /root/workspace/stock_realtime_v021_full/saved_data/600309_pipeline_out/10_search/search_all_days_hit_80bps --round-trip-cost-bps 1.7 --target-hit-bps 80.0 --label-mode hit --entry-policy all_days --entry-vwap-premium-bps 50.0 --max-missing 0.35 --groups reversal_fundamental_regime,reversal_fundamental_regime_sector,all_no_ak --models xgb_d2_200_lr003_mcw5,xgb_d3_400_lr003_mcw3,xgb_d3_600_lr002_mcw3,xgb_d4_500_lr002_mcw5,lgbm_leaves7_400,lgbm_leaves15_700,extra_trees_600_d3,random_forest_600_d4 --quantiles 0.5,0.6,0.7,0.8 --train-rows 756 --valid-rows 126 --test-rows 63 --min-valid-trades 8 --min-train-entries 80
{
  "rows": 1534,
  "target_hit_bps": 80.0,
  "label_mode": "hit",
  "entry_policy": "all_days",
  "entry_vwap_premium_bps": 50.0,
  "groups": {
    "reversal_fundamental_regime": 137,
    "reversal_fundamental_regime_sector": 160,
    "all_no_ak": 215
  },
  "models": [
    "xgb_d2_200_lr003_mcw5",
    "xgb_d3_400_lr003_mcw3",
    "xgb_d3_600_lr002_mcw3",
    "xgb_d4_500_lr002_mcw5",
    "extra_trees_600_d3",
    "random_forest_600_d4",
    "lgbm_leaves7_400",
    "lgbm_leaves15_700"
  ],
  "top": [
    {
      "entry_policy": "all_days",
      "feature_group": "all_no_ak",
      "model_name": "lgbm_leaves7_400",
      "target_hit_bps": 80.0,
      "trades": 284,
      "win_rate": 0.6408450704225352,
      "avg_return": -0.0006561108020789833,
      "median_return": 0.008,
      "compound_return": -0.196044858985173,
      "max_drawdown": -0.3814747568033091,
      "profit_factor": 0.8811338611934076,
      "windows": 10
    },
    {
      "entry_policy": "all_days",
      "feature_group": "reversal_fundamental_regime",
      "model_name": "random_forest_600_d4",
      "target_hit_bps": 80.0,
      "trades": 252,
      "win_rate": 0.6507936507936508,
      "avg_return": -0.0007901774284438265,
      "median_return": 0.008,
      "compound_return": -0.2022702015140001,
      "max_drawdown": -0.3109907725133444,
      "profit_factor": 0.8635966672530533,
      "windows": 10
    },
    {
      "entry_policy": "all_days",
      "feature_group": "all_no_ak",
      "model_name": "random_forest_600_d4",
      "target_hit_bps": 80.0,
      "trades": 327,
      "win_rate": 0.6574923547400612,
      "avg_return": -0.0007269725749934281,
      "median_return": 0.008,
      "compound_return": -0.2394216037518634,
      "max_drawdown": -0.36137322233476976,
      "profit_factor": 0.8748542794556308,
      "windows": 10
    },
    {
      "entry_policy": "all_days",
      "feature_group": "reversal_fundamental_regime_sector",
      "model_name": "random_forest_600_d4",
      "target_hit_bps": 80.0,
      "trades": 265,
      "win_rate": 0.6528301886792452,
      "avg_return": -0.0009356108491351068,
      "median_return": 0.008,
      "compound_return": -0.24394401874067795,
      "max_drawdown": -0.3256443814408104,
      "profit_factor": 0.8442057617488253,
      "windows": 10
    },
    {
      "entry_policy": "all_days",
      "feature_group": "all_no_ak",
      "model_name": "xgb_d3_400_lr003_mcw3",
      "target_hit_bps": 80.0,
      "trades": 245,
      "win_rate": 0.6285714285714286,
      "avg_return": -0.0011166620912938957,
      "median_return": 0.008,
      "compound_return": -0.2591764265490697,
      "max_drawdown": -0.3882397867425217,
      "profit_factor": 0.8108852772503738,
      "windows": 10
    },
    {
      "entry_policy": "all_days",
      "feature_group": "reversal_fundamental_regime",
      "model_name": "extra_trees_600_d3",
      "target_hit_bps": 80.0,
      "trades": 278,
      "win_rate": 0.6474820143884892,
      "avg_return": -0.0011515725463412045,
      "median_return": 0.008,
      "compound_return": -0.2979627032007772,
      "max_drawdown": -0.4230004588716296,
      "profit_factor": 0.8146864973744381,
      "windows": 10
    },
    {
      "entry_policy": "all_days",
      "feature_group": "reversal_fundamental_regime_sector",
      "model_name": "extra_trees_600_d3",
      "target_hit_bps": 80.0,
      "trades": 339,
      "win_rate": 0.6342182890855457,
      "avg_return": -0.0010333187277265386,
      "median_return": 0.008,
      "compound_return": -0.3202930694819297,
      "max_drawdown": -0.392356879034514,
      "profit_factor": 0.8225119476199712,
      "windows": 10
    },
    {
      "entry_policy": "all_days",
      "feature_group": "all_no_ak",
      "model_name": "xgb_d2_200_lr003_mcw5",
      "target_hit_bps": 80.0,
      "trades": 266,
      "win_rate": 0.6428571428571429,
      "avg_return": -0.0013399626061498721,
      "median_return": 0.008,
      "compound_return": -0.3231288457283312,
      "max_drawdown": -0.44804399202182676,
      "profit_factor": 0.7854826199990195,
      "windows": 10
    },
    {
      "entry_policy": "all_days",
      "feature_group": "reversal_fundamental_regime_sector",
      "model_name": "xgb_d2_200_lr003_mcw5",
      "target_hit_bps": 80.0,
      "trades": 261,
      "win_rate": 0.6168582375478927,
      "avg_return": -0.0014095829877567598,
      "median_return": 0.008,
      "compound_return": -0.32916656443812553,
      "max_drawdown": -0.43394646758843824,
      "profit_factor": 0.7689757862581246,
      "windows": 10
    },
    {
      "entry_policy": "all_days",
      "feature_group": "all_no_ak",
      "model_name": "xgb_d3_600_lr002_mcw3",
      "target_hit_bps": 80.0,
      "trades": 243,
      "win_rate": 0.6213991769547325,
      "avg_return": -0.0015257346152299323,
      "median_return": 0.008,
      "compound_return": -0.33104980255860916,
      "max_drawdown": -0.42854043996913593,
      "profit_factor": 0.7553600347149958,
      "windows": 10
    },
    {
      "entry_policy": "all_days",
      "feature_group": "all_no_ak",
      "model_name": "extra_trees_600_d3",
      "target_hit_bps": 80.0,
      "trades": 341,
      "win_rate": 0.6422287390029325,
      "avg_return": -0.0010938086680201545,
      "median_return": 0.008,
      "compound_return": -0.3370680892005562,
      "max_drawdown": -0.4130723119886057,
      "profit_factor": 0.8188341568331202,
      "windows": 10
    },
    {
      "entry_policy": "all_days",
      "feature_group": "all_no_ak",
      "model_name": "xgb_d4_500_lr002_mcw5",
      "target_hit_bps": 80.0,
      "trades": 236,
      "win_rate": 0.6101694915254238,
      "avg_return": -0.0016517491576780261,
      "median_return": 0.008,
      "compound_return": -0.3430626217338646,
      "max_drawdown": -0.41289280406981343,
      "profit_factor": 0.7377426624348266,
      "windows": 10
    },
    {
      "entry_policy": "all_days",
      "feature_group": "reversal_fundamental_regime_sector",
      "model_name": "xgb_d3_400_lr003_mcw3",
      "target_hit_bps": 80.0,
      "trades": 241,
      "win_rate": 0.6141078838174274,
      "avg_return": -0.001691122743501483,
      "median_return": 0.008,
      "compound_return": -0.3556397499170739,
      "max_drawdown": -0.40690328079044247,
      "profit_factor": 0.735880510989383,
      "windows": 10
    },
    {
      "entry_policy": "all_days",
      "feature_group": "reversal_fundamental_regime",
      "model_name": "xgb_d4_500_lr002_mcw5",
      "target_hit_bps": 80.0,
      "trades": 258,
      "win_rate": 0.5930232558139535,
      "avg_return": -0.0017268079860057262,
      "median_return": 0.008,
      "compound_return": -0.37720457123873175,
      "max_drawdown": -0.45762904323866993,
      "profit_factor": 0.7233454685047039,
      "windows": 10
    },
    {
      "entry_policy": "all_days",
      "feature_group": "reversal_fundamental_regime",
      "model_name": "xgb_d2_200_lr003_mcw5",
      "target_hit_bps": 80.0,
      "trades": 263,
      "win_rate": 0.6045627376425855,
      "avg_return": -0.0017299457677756643,
      "median_return": 0.008,
      "compound_return": -0.3839430460393899,
      "max_drawdown": -0.43473831027727194,
      "profit_factor": 0.7289004384960369,
      "windows": 10
    },
    {
      "entry_policy": "all_days",
      "feature_group": "all_no_ak",
      "model_name": "lgbm_leaves15_700",
      "target_hit_bps": 80.0,
      "trades": 240,
      "win_rate": 0.6,
      "avg_return": -0.0019444490284997217,
      "median_return": 0.008,
      "compound_return": -0.39211288582677795,
      "max_drawdown": -0.4875071240451577,
      "profit_factor": 0.7018672818585567,
      "windows": 10
    },
    {
      "entry_policy": "all_days",
      "feature_group": "reversal_fundamental_regime",
      "model_name": "xgb_d3_600_lr002_mcw3",
      "target_hit_bps": 80.0,
      "trades": 249,
      "win_rate": 0.5983935742971888,
      "avg_return": -0.0018951580866204717,
      "median_return": 0.008,
      "compound_return": -0.39583514467248715,
      "max_drawdown": -0.4700892968587276,
      "profit_factor": 0.7072037156895382,
      "windows": 10
    },
    {
      "entry_policy": "all_days",
      "feature_group": "reversal_fundamental_regime",
      "model_name": "lgbm_leaves7_400",
      "target_hit_bps": 80.0,
      "trades": 274,
      "win_rate": 0.6094890510948905,
      "avg_return": -0.0017385291988608446,
      "median_return": 0.008,
      "compound_return": -0.3999442185710085,
      "max_drawdown": -0.4814697433653884,
      "profit_factor": 0.7286074573870572,
      "windows": 10
    },
    {
      "entry_policy": "all_days",
      "feature_group": "reversal_fundamental_regime_sector",
      "model_name": "xgb_d3_600_lr002_mcw3",
      "target_hit_bps": 80.0,
      "trades": 274,
      "win_rate": 0.6094890510948905,
      "avg_return": -0.0017531997150660931,
      "median_return": 0.008,
      "compound_return": -0.40258319846440027,
      "max_drawdown": -0.4363379096512372,
      "profit_factor": 0.7278186307748424,
      "windows": 10
    },
    {
      "entry_policy": "all_days",
      "feature_group": "reversal_fundamental_regime",
      "model_name": "xgb_d3_400_lr003_mcw3",
      "target_hit_bps": 80.0,
      "trades": 258,
      "win_rate": 0.5891472868217055,
      "avg_return": -0.001879555883450557,
      "median_return": 0.008,
      "compound_return": -0.40388844562520887,
      "max_drawdown": -0.47502025404777914,
      "profit_factor": 0.7053704351121491,
      "windows": 10
    }
  ]
}

[2026-05-11T06:23:29] RUN search_all_days_close_profit_50bps
  /usr/bin/python3 model_training/search_walk_forward_model_complexity.py --samples /root/workspace/stock_realtime_v021_full/saved_data/600309_pipeline_out/03_sector/training_samples_with_sector.csv --intraday-bars /root/workspace/stock_realtime_v021_full/saved_data/600309_pipeline_out/00_base/600309_5m.csv --out-dir /root/workspace/stock_realtime_v021_full/saved_data/600309_pipeline_out/10_search/search_all_days_close_profit_50bps --round-trip-cost-bps 1.7 --target-hit-bps 50.0 --label-mode close_profit --entry-policy all_days --entry-vwap-premium-bps 50.0 --max-missing 0.35 --groups reversal_fundamental_regime,reversal_fundamental_regime_sector,all_no_ak --models xgb_d2_200_lr003_mcw5,xgb_d3_400_lr003_mcw3,xgb_d3_600_lr002_mcw3,xgb_d4_500_lr002_mcw5,lgbm_leaves7_400,lgbm_leaves15_700,extra_trees_600_d3,random_forest_600_d4 --quantiles 0.5,0.6,0.7,0.8 --train-rows 756 --valid-rows 126 --test-rows 63 --min-valid-trades 8 --min-train-entries 80
{
  "rows": 1534,
  "target_hit_bps": 50.0,
  "label_mode": "close_profit",
  "entry_policy": "all_days",
  "entry_vwap_premium_bps": 50.0,
  "groups": {
    "reversal_fundamental_regime": 137,
    "reversal_fundamental_regime_sector": 160,
    "all_no_ak": 215
  },
  "models": [
    "xgb_d2_200_lr003_mcw5",
    "xgb_d3_400_lr003_mcw3",
    "xgb_d3_600_lr002_mcw3",
    "xgb_d4_500_lr002_mcw5",
    "extra_trees_600_d3",
    "random_forest_600_d4",
    "lgbm_leaves7_400",
    "lgbm_leaves15_700"
  ],
  "top": [
    {
      "entry_policy": "all_days",
      "feature_group": "reversal_fundamental_regime",
      "model_name": "xgb_d4_500_lr002_mcw5",
      "target_hit_bps": 50.0,
      "trades": 181,
      "win_rate": 0.5303867403314917,
      "avg_return": 0.002155131023005219,
      "median_return": 0.0011562599469496816,
      "compound_return": 0.4188690862169855,
      "max_drawdown": -0.19595898886552054,
      "profit_factor": 1.3336136913044554,
      "windows": 10
    },
    {
      "entry_policy": "all_days",
      "feature_group": "all_no_ak",
      "model_name": "extra_trees_600_d3",
      "target_hit_bps": 50.0,
      "trades": 241,
      "win_rate": 0.5145228215767634,
      "avg_return": 0.0013733501066319736,
      "median_return": 0.0006235458272714246,
      "compound_return": 0.32098223110980406,
      "max_drawdown": -0.15972480356484675,
      "profit_factor": 1.2018806090324252,
      "windows": 10
    },
    {
      "entry_policy": "all_days",
      "feature_group": "all_no_ak",
      "model_name": "lgbm_leaves7_400",
      "target_hit_bps": 50.0,
      "trades": 240,
      "win_rate": 0.5041666666666667,
      "avg_return": 0.0012977812855860312,
      "median_return": 0.0002765067102742415,
      "compound_return": 0.29790571277269073,
      "max_drawdown": -0.2847737081935917,
      "profit_factor": 1.1911521625361672,
      "windows": 10
    },
    {
      "entry_policy": "all_days",
      "feature_group": "reversal_fundamental_regime_sector",
      "model_name": "xgb_d2_200_lr003_mcw5",
      "target_hit_bps": 50.0,
      "trades": 198,
      "win_rate": 0.494949494949495,
      "avg_return": 0.0009742434339776309,
      "median_return": -0.00045654523424814783,
      "compound_return": 0.15938586032435031,
      "max_drawdown": -0.2792036038371626,
      "profit_factor": 1.1313453663786086,
      "windows": 10
    },
    {
      "entry_policy": "all_days",
      "feature_group": "reversal_fundamental_regime",
      "model_name": "xgb_d3_600_lr002_mcw3",
      "target_hit_bps": 50.0,
      "trades": 218,
      "win_rate": 0.5045871559633027,
      "avg_return": 0.0008646410017094329,
      "median_return": 0.0002429850052749795,
      "compound_return": 0.15442757590156653,
      "max_drawdown": -0.3136412750271633,
      "profit_factor": 1.124722805622711,
      "windows": 10
    },
    {
      "entry_policy": "all_days",
      "feature_group": "all_no_ak",
      "model_name": "xgb_d4_500_lr002_mcw5",
      "target_hit_bps": 50.0,
      "trades": 168,
      "win_rate": 0.47619047619047616,
      "avg_return": 0.0007559567433339751,
      "median_return": -0.0006456158038932146,
      "compound_return": 0.10725052644046085,
      "max_drawdown": -0.14634385383782123,
      "profit_factor": 1.1243426925727873,
      "windows": 10
    },
    {
      "entry_policy": "all_days",
      "feature_group": "all_no_ak",
      "model_name": "xgb_d3_400_lr003_mcw3",
      "target_hit_bps": 50.0,
      "trades": 192,
      "win_rate": 0.4739583333333333,
      "avg_return": 0.0004555397205992129,
      "median_return": -0.0010245975401089145,
      "compound_return": 0.049892014761969916,
      "max_drawdown": -0.24404467771110283,
      "profit_factor": 1.0649937328185646,
      "windows": 10
    },
    {
      "entry_policy": "all_days",
      "feature_group": "all_no_ak",
      "model_name": "random_forest_600_d4",
      "target_hit_bps": 50.0,
      "trades": 228,
      "win_rate": 0.5043859649122807,
      "avg_return": 0.00039536599800766176,
      "median_return": 0.0002765067102742415,
      "compound_return": 0.041657076062450615,
      "max_drawdown": -0.2552856870378063,
      "profit_factor": 1.0549532914748925,
      "windows": 10
    },
    {
      "entry_policy": "all_days",
      "feature_group": "reversal_fundamental_regime_sector",
      "model_name": "lgbm_leaves7_400",
      "target_hit_bps": 50.0,
      "trades": 230,
      "win_rate": 0.4782608695652174,
      "avg_return": 0.00031172811750662807,
      "median_return": -0.0008680501757680724,
      "compound_return": 0.0266581827983976,
      "max_drawdown": -0.23459094313106033,
      "profit_factor": 1.0438888954330554,
      "windows": 10
    },
    {
      "entry_policy": "all_days",
      "feature_group": "reversal_fundamental_regime",
      "model_name": "extra_trees_600_d3",
      "target_hit_bps": 50.0,
      "trades": 196,
      "win_rate": 0.5255102040816326,
      "avg_return": 0.0001854976161180853,
      "median_return": 0.0006775648617294329,
      "compound_return": -0.002599977758954708,
      "max_drawdown": -0.2503539877423566,
      "profit_factor": 1.0260015387278387,
      "windows": 10
    },
    {
      "entry_policy": "all_days",
      "feature_group": "all_no_ak",
      "model_name": "lgbm_leaves15_700",
      "target_hit_bps": 50.0,
      "trades": 171,
      "win_rate": 0.4853801169590643,
      "avg_return": -3.275368270121546e-05,
      "median_return": -0.00047878493129526953,
      "compound_return": -0.038702014345109004,
      "max_drawdown": -0.25569445599018503,
      "profit_factor": 0.9953829363471192,
      "windows": 10
    },
    {
      "entry_policy": "all_days",
      "feature_group": "reversal_fundamental_regime",
      "model_name": "xgb_d2_200_lr003_mcw5",
      "target_hit_bps": 50.0,
      "trades": 252,
      "win_rate": 0.4801587301587302,
      "avg_return": 4.430516632269982e-05,
      "median_return": -0.0007574312631314882,
      "compound_return": -0.041739585543949076,
      "max_drawdown": -0.318734135059879,
      "profit_factor": 1.0058942148710521,
      "windows": 10
    },
    {
      "entry_policy": "all_days",
      "feature_group": "all_no_ak",
      "model_name": "xgb_d2_200_lr003_mcw5",
      "target_hit_bps": 50.0,
      "trades": 233,
      "win_rate": 0.47639484978540775,
      "avg_return": 3.1533026224573914e-07,
      "median_return": -0.0010236585365853666,
      "compound_return": -0.0497414912076255,
      "max_drawdown": -0.38014448806440704,
      "profit_factor": 1.000041457698937,
      "windows": 10
    },
    {
      "entry_policy": "all_days",
      "feature_group": "reversal_fundamental_regime_sector",
      "model_name": "extra_trees_600_d3",
      "target_hit_bps": 50.0,
      "trades": 228,
      "win_rate": 0.5175438596491229,
      "avg_return": -6.492222148594395e-05,
      "median_return": 0.0006512811915471185,
      "compound_return": -0.06332435714323914,
      "max_drawdown": -0.25603746632917046,
      "profit_factor": 0.9914774783692648,
      "windows": 10
    },
    {
      "entry_policy": "all_days",
      "feature_group": "reversal_fundamental_regime",
      "model_name": "xgb_d3_400_lr003_mcw3",
      "target_hit_bps": 50.0,
      "trades": 210,
      "win_rate": 0.49047619047619045,
      "avg_return": -0.0001240143246545101,
      "median_return": -0.00032439246564763477,
      "compound_return": -0.06468422161017451,
      "max_drawdown": -0.2576458679277567,
      "profit_factor": 0.9829073442530102,
      "windows": 10
    },
    {
      "entry_policy": "all_days",
      "feature_group": "reversal_fundamental_regime_sector",
      "model_name": "lgbm_leaves15_700",
      "target_hit_bps": 50.0,
      "trades": 191,
      "win_rate": 0.4712041884816754,
      "avg_return": -0.0003977692731930861,
      "median_return": -0.0010255365436324625,
      "compound_return": -0.10813723431776168,
      "max_drawdown": -0.2280306396000381,
      "profit_factor": 0.945837843927325,
      "windows": 10
    },
    {
      "entry_policy": "all_days",
      "feature_group": "reversal_fundamental_regime_sector",
      "model_name": "random_forest_600_d4",
      "target_hit_bps": 50.0,
      "trades": 203,
      "win_rate": 0.5024630541871922,
      "avg_return": -0.0004898270497694848,
      "median_return": 0.0006235458272714246,
      "compound_return": -0.13423361460216965,
      "max_drawdown": -0.19822753311081331,
      "profit_factor": 0.9359414348065197,
      "windows": 10
    },
    {
      "entry_policy": "all_days",
      "feature_group": "reversal_fundamental_regime",
      "model_name": "random_forest_600_d4",
      "target_hit_bps": 50.0,
      "trades": 217,
      "win_rate": 0.48847926267281105,
      "avg_return": -0.0007129215604077299,
      "median_return": -0.00047878493129526953,
      "compound_return": -0.17859333076969608,
      "max_drawdown": -0.3287559326523559,
      "profit_factor": 0.9060104355389123,
      "windows": 10
    },
    {
      "entry_policy": "all_days",
      "feature_group": "reversal_fundamental_regime",
      "model_name": "lgbm_leaves15_700",
      "target_hit_bps": 50.0,
      "trades": 253,
      "win_rate": 0.47035573122529645,
      "avg_return": -0.0006132396278207413,
      "median_return": -0.0010236585365853666,
      "compound_return": -0.18306097321093862,
      "max_drawdown": -0.2801071144564574,
      "profit_factor": 0.9161385764465056,
      "windows": 10
    },
    {
      "entry_policy": "all_days",
      "feature_group": "reversal_fundamental_regime_sector",
      "model_name": "xgb_d3_600_lr002_mcw3",
      "target_hit_bps": 50.0,
      "trades": 219,
      "win_rate": 0.4520547945205479,
      "avg_return": -0.0007553277037975869,
      "median_return": -0.0012709174311926717,
      "compound_return": -0.18796278363585717,
      "max_drawdown": -0.38024569738445535,
      "profit_factor": 0.900919645937281,
      "windows": 10
    }
  ]
}

[2026-05-11T06:31:37] RUN summarize
  /usr/bin/python3 model_training/summarize_nextday_search_results.py --pipeline-out /root/workspace/stock_realtime_v021_full/saved_data/600309_pipeline_out --out-dir /root/workspace/stock_realtime_v021_full/saved_data/600309_pipeline_out/99_summary --excel
{
  "rows": 144,
  "outputs": {
    "final_leaderboard": "/root/workspace/stock_realtime_v021_full/saved_data/600309_pipeline_out/99_summary/final_leaderboard.csv",
    "best_by_target_top5": "/root/workspace/stock_realtime_v021_full/saved_data/600309_pipeline_out/99_summary/best_by_target_top5.csv",
    "best_by_entry_policy_top5": "/root/workspace/stock_realtime_v021_full/saved_data/600309_pipeline_out/99_summary/best_by_entry_policy_top5.csv",
    "excel": "/root/workspace/stock_realtime_v021_full/saved_data/600309_pipeline_out/99_summary/final_leaderboard.xlsx",
    "summary_manifest": "/root/workspace/stock_realtime_v021_full/saved_data/600309_pipeline_out/99_summary/summary_manifest.json"
  }
}
=== nextday pipeline end: 2026-05-11T06:31:38 status=ok ===
=== nextday pipeline start: 2026-05-29T20:11:04 ===
symbol=600309.SH, out_root=/root/stock_realtime_v021_full/saved_data/600309_pipeline_out

[2026-05-29T20:11:04] RUN update_data
  /usr/bin/python3 bootstrap/ashare_xgb_dual_opportunity_regression_baostock_full_v19_compressed_trading_axis.py --mode update_data --symbol 600309 --benchmark_symbol 000300 --daily_start 2018-01-01 --daily_end 2026-05-29 --intraday_start '2018-01-01 09:30:00' --intraday_end '2026-05-29 15:00:00' --output_dir /root/stock_realtime_v021_full/saved_data/600309_pipeline_out/00_base --cache_mode incremental --feature_cache_mode incremental --adjust qfq
/root/stock_realtime_v021_full/bootstrap/ashare_fetch_and_train_xgb_sell_signal_baostock_state_cache_helper_fix2.py:246: FutureWarning: The behavior of DataFrame concatenation with empty or all-NA entries is deprecated. In a future version, this will no longer exclude empty or all-NA columns when determining the result dtypes. To retain the old behavior, exclude the relevant entries before the concat operation.
  merged = _normalize_daily_df(pd.concat([df_old, df_new], axis=0, ignore_index=True))
/root/stock_realtime_v021_full/bootstrap/ashare_fetch_and_train_xgb_sell_signal_baostock_state_cache_helper_fix2.py:248: FutureWarning: The behavior of DataFrame concatenation with empty or all-NA entries is deprecated. In a future version, this will no longer exclude empty or all-NA columns when determining the result dtypes. To retain the old behavior, exclude the relevant entries before the concat operation.
  merged = _normalize_intraday_df(pd.concat([df_old, df_new], axis=0, ignore_index=True))
/root/stock_realtime_v021_full/bootstrap/ashare_fetch_and_train_xgb_sell_signal_baostock_state_cache_helper_fix2.py:254: FutureWarning: The behavior of DataFrame concatenation with empty or all-NA entries is deprecated. In a future version, this will no longer exclude empty or all-NA columns when determining the result dtypes. To retain the old behavior, exclude the relevant entries before the concat operation.
  merged = _normalize_bench_df(pd.concat([df_old, df_new], axis=0, ignore_index=True))
/root/stock_realtime_v021_full/bootstrap/ashare_fetch_and_train_xgb_sell_signal_baostock_state_cache_helper_fix2.py:250: FutureWarning: The behavior of DataFrame concatenation with empty or all-NA entries is deprecated. In a future version, this will no longer exclude empty or all-NA columns when determining the result dtypes. To retain the old behavior, exclude the relevant entries before the concat operation.
  merged = _normalize_daily_feature_df(pd.concat([df_old, df_new], axis=0, ignore_index=True))
/root/stock_realtime_v021_full/bootstrap/ashare_fetch_and_train_xgb_sell_signal_baostock_state_cache_helper_fix2.py:252: FutureWarning: The behavior of DataFrame concatenation with empty or all-NA entries is deprecated. In a future version, this will no longer exclude empty or all-NA columns when determining the result dtypes. To retain the old behavior, exclude the relevant entries before the concat operation.
  merged = _normalize_intraday_feature_df(pd.concat([df_old, df_new], axis=0, ignore_index=True))
login success!
logout success!
login success!
logout success!
login success!
logout success!
{
  "mode": "update_data",
  "symbol": "600309",
  "data_source": "baostock",
  "daily_rows": 2037,
  "intraday_rows": 74400,
  "daily_min": "2018-01-02 00:00:00",
  "daily_max": "2026-05-29 00:00:00",
  "intraday_min": "2020-01-02 09:35:00",
  "intraday_max": "2026-05-29 15:00:00",
  "base_paths": {
    "daily_csv": "/root/stock_realtime_v021_full/saved_data/600309_pipeline_out/00_base/600309_daily.csv",
    "intraday_csv": "/root/stock_realtime_v021_full/saved_data/600309_pipeline_out/00_base/600309_5m.csv",
    "benchmark_csv": "/root/stock_realtime_v021_full/saved_data/600309_pipeline_out/00_base/000300_benchmark_daily.csv",
    "raw_daily_cache_csv": "/root/stock_realtime_v021_full/saved_data/600309_pipeline_out/00_base/raw_cache/600309_daily_raw.csv",
    "raw_intraday_cache_csv": "/root/stock_realtime_v021_full/saved_data/600309_pipeline_out/00_base/raw_cache/600309_5m_raw.csv",
    "raw_benchmark_cache_csv": "/root/stock_realtime_v021_full/saved_data/600309_pipeline_out/00_base/raw_cache/000300_benchmark_daily_raw.csv",
    "daily_features_csv": "/root/stock_realtime_v021_full/saved_data/600309_pipeline_out/00_base/daily_features.csv",
    "intraday_features_csv": "/root/stock_realtime_v021_full/saved_data/600309_pipeline_out/00_base/intraday_features.csv",
    "daily_features_cache_csv": "/root/stock_realtime_v021_full/saved_data/600309_pipeline_out/00_base/feature_cache/daily_features_cache.csv",
    "intraday_features_cache_csv": "/root/stock_realtime_v021_full/saved_data/600309_pipeline_out/00_base/feature_cache/intraday_features_cache.csv",
    "feature_state_json": "/root/stock_realtime_v021_full/saved_data/600309_pipeline_out/00_base/feature_cache/feature_state.json"
  },
  "fetch_logs": {
    "symbol": "600309",
    "benchmark_symbol": "000300",
    "daily_start": "2018-01-01",
    "daily_end": "2026-05-29",
    "intraday_start": "2018-01-01 09:30:00",
    "intraday_end": "2026-05-29 15:00:00",
    "perf_start": "2018-01-01",
    "data_source": "baostock",
    "cache_mode": "incremental",
    "force_refresh": false,
    "raw_cache_dir": "/root/stock_realtime_v021_full/saved_data/600309_pipeline_out/00_base/raw_cache",
    "feature_cache_dir": "/root/stock_realtime_v021_full/saved_data/600309_pipeline_out/00_base/feature_cache",
    "feature_cache_mode": "incremental",
    "daily": {
      "cache_path": "/root/stock_realtime_v021_full/saved_data/600309_pipeline_out/00_base/raw_cache/600309_daily_raw.csv",
      "requested_start": "2018-01-01",
      "requested_end": "2026-05-29",
      "mode": "initial_fetch",
      "fetch_segments": [
        {
          "provider": "baostock",
          "code": "sh.600309",
          "adjustflag": "2",
          "rows": 2037,
          "start": "2018-01-01",
          "end": "2026-05-29"
        }
      ],
      "cache_after": {
        "rows": 2037,
        "min": "2018-01-02 00:00:00",
        "max": "2026-05-29 00:00:00"
      }
    },
    "intraday_5m": {
      "cache_path": "/root/stock_realtime_v021_full/saved_data/600309_pipeline_out/00_base/raw_cache/600309_5m_raw.csv",
      "requested_start": "2018-01-01 09:30:00",
      "requested_end": "2026-05-29 15:00:00",
      "mode": "initial_fetch",
      "fetch_segments": [
        {
          "provider": "baostock",
          "code": "sh.600309",
          "adjustflag": "2",
          "requested_start": "2018-01-01 09:30:00",
          "effective_start": "2018-01-01 09:30:00",
          "requested_end": "2026-05-29 15:00:00",
          "rows": 74400
        }
      ],
      "cache_after": {
        "rows": 74400,
        "min": "2020-01-02 09:35:00",
        "max": "2026-05-29 15:00:00"
      }
    },
    "benchmark_daily": {
      "cache_path": "/root/stock_realtime_v021_full/saved_data/600309_pipeline_out/00_base/raw_cache/000300_benchmark_daily_raw.csv",
      "requested_start": "2018-01-01",
      "requested_end": "2026-05-29",
      "mode": "initial_fetch",
      "fetch_segments": [
        {
          "provider": "baostock",
          "code": "sh.000300",
          "rows": 2037,
          "start": "2018-01-01",
          "end": "2026-05-29"
        }
      ],
      "cache_after": {
        "rows": 2037,
        "min": "2018-01-02 00:00:00",
        "max": "2026-05-29 00:00:00"
      }
    },
    "feature_build": {
      "mode": "full_rebuild",
      "reason": "feature_cache_missing",
      "daily_cache_after": {
        "rows": 2037,
        "min": "2018-01-02 00:00:00",
        "max": "2026-05-29 00:00:00"
      },
      "intraday_cache_after": {
        "rows": 74400,
        "min": "2020-01-02 09:35:00",
        "max": "2026-05-29 15:00:00"
      },
      "daily_context_days": 260,
      "intraday_context_days": 40,
      "daily_appended_rows": 2037,
      "intraday_appended_rows": 74400
    },
    "feature_state": {
      "daily_feature_max": "2026-05-29 00:00:00",
      "intraday_feature_max": "2026-05-29 15:00:00",
      "daily_context_days": 260,
      "intraday_context_days": 40,
      "feature_build_mode": "full_rebuild"
    }
  }
}

[2026-05-29T20:14:15] RUN samples
  /usr/bin/python3 feature_building/build_nextday_samples_from_baostock.py --daily-features /root/stock_realtime_v021_full/saved_data/600309_pipeline_out/00_base/daily_features.csv --intraday-bars /root/stock_realtime_v021_full/saved_data/600309_pipeline_out/00_base/600309_5m.csv --out-dir /root/stock_realtime_v021_full/saved_data/600309_pipeline_out/01_samples --min-bars 40 --keep-unlabeled-tail
{
  "rows": 1550,
  "date_min": "2020-01-02",
  "date_max": "2026-05-29",
  "out": "/root/stock_realtime_v021_full/saved_data/600309_pipeline_out/01_samples/training_samples.csv"
}

[2026-05-29T20:14:16] RUN asof_samples
  /usr/bin/python3 feature_building/build_asof1455_training_samples.py --samples /root/stock_realtime_v021_full/saved_data/600309_pipeline_out/01_samples/training_samples.csv --intraday-bars /root/stock_realtime_v021_full/saved_data/600309_pipeline_out/00_base/600309_5m.csv --out-dir /root/stock_realtime_v021_full/saved_data/600309_pipeline_out/01_samples_asof1455 --cutoff-time 14:55 --min-bars 40
{
  "rows": 1550,
  "date_min": "2020-01-02",
  "date_max": "2026-05-29",
  "cutoff_time": "14:55",
  "min_bars": 40,
  "out": "/root/stock_realtime_v021_full/saved_data/600309_pipeline_out/01_samples_asof1455/training_samples_asof1455.csv"
}
[INFO] final samples for search: /root/stock_realtime_v021_full/saved_data/600309_pipeline_out/01_samples/training_samples.csv
=== nextday pipeline end: 2026-05-29T20:14:16 status=ok ===
