=== nextday pipeline start: 2026-05-16T23:55:43 ===
symbol=601186.SH, out_root=/root/stock_realtime_v021_full/saved_data/601186_pipeline_out_v2_new27_full

[2026-05-16T23:55:43] RUN update_data
  /usr/bin/python3 bootstrap/ashare_xgb_dual_opportunity_regression_baostock_full_v19_compressed_trading_axis.py --mode update_data --symbol 601186 --benchmark_symbol 000300 --daily_start 2018-01-01 --daily_end 2026-05-15 --intraday_start '2018-01-01 09:30:00' --intraday_end '2026-05-15 15:00:00' --output_dir /root/stock_realtime_v021_full/saved_data/601186_pipeline_out_v2_new27_full/00_base --cache_mode incremental --feature_cache_mode incremental --adjust qfq
/root/stock_realtime_v021_full/bootstrap/ashare_fetch_and_train_xgb_sell_signal_baostock_state_cache_helper_fix2.py:246: FutureWarning: The behavior of DataFrame concatenation with empty or all-NA entries is deprecated. In a future version, this will no longer exclude empty or all-NA columns when determining the result dtypes. To retain the old behavior, exclude the relevant entries before the concat operation.
  merged = _normalize_daily_df(pd.concat([df_old, df_new], axis=0, ignore_index=True))
/root/stock_realtime_v021_full/bootstrap/ashare_fetch_and_train_xgb_sell_signal_baostock_state_cache_helper_fix2.py:248: FutureWarning: The behavior of DataFrame concatenation with empty or all-NA entries is deprecated. In a future version, this will no longer exclude empty or all-NA columns when determining the result dtypes. To retain the old behavior, exclude the relevant entries before the concat operation.
  merged = _normalize_intraday_df(pd.concat([df_old, df_new], axis=0, ignore_index=True))
/root/stock_realtime_v021_full/bootstrap/ashare_fetch_and_train_xgb_sell_signal_baostock_state_cache_helper_fix2.py:254: FutureWarning: The behavior of DataFrame concatenation with empty or all-NA entries is deprecated. In a future version, this will no longer exclude empty or all-NA columns when determining the result dtypes. To retain the old behavior, exclude the relevant entries before the concat operation.
  merged = _normalize_bench_df(pd.concat([df_old, df_new], axis=0, ignore_index=True))
/root/stock_realtime_v021_full/bootstrap/ashare_fetch_and_train_xgb_sell_signal_baostock_state_cache_helper_fix2.py:250: FutureWarning: The behavior of DataFrame concatenation with empty or all-NA entries is deprecated. In a future version, this will no longer exclude empty or all-NA columns when determining the result dtypes. To retain the old behavior, exclude the relevant entries before the concat operation.
  merged = _normalize_daily_feature_df(pd.concat([df_old, df_new], axis=0, ignore_index=True))
/root/stock_realtime_v021_full/bootstrap/ashare_fetch_and_train_xgb_sell_signal_baostock_state_cache_helper_fix2.py:252: FutureWarning: The behavior of DataFrame concatenation with empty or all-NA entries is deprecated. In a future version, this will no longer exclude empty or all-NA columns when determining the result dtypes. To retain the old behavior, exclude the relevant entries before the concat operation.
  merged = _normalize_intraday_feature_df(pd.concat([df_old, df_new], axis=0, ignore_index=True))
login success!
logout success!
login success!
logout success!
login success!
logout success!
{
  "mode": "update_data",
  "symbol": "601186",
  "data_source": "baostock",
  "daily_rows": 2027,
  "intraday_rows": 73920,
  "daily_min": "2018-01-02 00:00:00",
  "daily_max": "2026-05-15 00:00:00",
  "intraday_min": "2020-01-02 09:35:00",
  "intraday_max": "2026-05-15 15:00:00",
  "base_paths": {
    "daily_csv": "/root/stock_realtime_v021_full/saved_data/601186_pipeline_out_v2_new27_full/00_base/601186_daily.csv",
    "intraday_csv": "/root/stock_realtime_v021_full/saved_data/601186_pipeline_out_v2_new27_full/00_base/601186_5m.csv",
    "benchmark_csv": "/root/stock_realtime_v021_full/saved_data/601186_pipeline_out_v2_new27_full/00_base/000300_benchmark_daily.csv",
    "raw_daily_cache_csv": "/root/stock_realtime_v021_full/saved_data/601186_pipeline_out_v2_new27_full/00_base/raw_cache/601186_daily_raw.csv",
    "raw_intraday_cache_csv": "/root/stock_realtime_v021_full/saved_data/601186_pipeline_out_v2_new27_full/00_base/raw_cache/601186_5m_raw.csv",
    "raw_benchmark_cache_csv": "/root/stock_realtime_v021_full/saved_data/601186_pipeline_out_v2_new27_full/00_base/raw_cache/000300_benchmark_daily_raw.csv",
    "daily_features_csv": "/root/stock_realtime_v021_full/saved_data/601186_pipeline_out_v2_new27_full/00_base/daily_features.csv",
    "intraday_features_csv": "/root/stock_realtime_v021_full/saved_data/601186_pipeline_out_v2_new27_full/00_base/intraday_features.csv",
    "daily_features_cache_csv": "/root/stock_realtime_v021_full/saved_data/601186_pipeline_out_v2_new27_full/00_base/feature_cache/daily_features_cache.csv",
    "intraday_features_cache_csv": "/root/stock_realtime_v021_full/saved_data/601186_pipeline_out_v2_new27_full/00_base/feature_cache/intraday_features_cache.csv",
    "feature_state_json": "/root/stock_realtime_v021_full/saved_data/601186_pipeline_out_v2_new27_full/00_base/feature_cache/feature_state.json"
  },
  "fetch_logs": {
    "symbol": "601186",
    "benchmark_symbol": "000300",
    "daily_start": "2018-01-01",
    "daily_end": "2026-05-15",
    "intraday_start": "2018-01-01 09:30:00",
    "intraday_end": "2026-05-15 15:00:00",
    "perf_start": "2018-01-01",
    "data_source": "baostock",
    "cache_mode": "incremental",
    "force_refresh": false,
    "raw_cache_dir": "/root/stock_realtime_v021_full/saved_data/601186_pipeline_out_v2_new27_full/00_base/raw_cache",
    "feature_cache_dir": "/root/stock_realtime_v021_full/saved_data/601186_pipeline_out_v2_new27_full/00_base/feature_cache",
    "feature_cache_mode": "incremental",
    "daily": {
      "cache_path": "/root/stock_realtime_v021_full/saved_data/601186_pipeline_out_v2_new27_full/00_base/raw_cache/601186_daily_raw.csv",
      "requested_start": "2018-01-01",
      "requested_end": "2026-05-15",
      "mode": "initial_fetch",
      "fetch_segments": [
        {
          "provider": "baostock",
          "code": "sh.601186",
          "adjustflag": "2",
          "rows": 2027,
          "start": "2018-01-01",
          "end": "2026-05-15"
        }
      ],
      "cache_after": {
        "rows": 2027,
        "min": "2018-01-02 00:00:00",
        "max": "2026-05-15 00:00:00"
      }
    },
    "intraday_5m": {
      "cache_path": "/root/stock_realtime_v021_full/saved_data/601186_pipeline_out_v2_new27_full/00_base/raw_cache/601186_5m_raw.csv",
      "requested_start": "2018-01-01 09:30:00",
      "requested_end": "2026-05-15 15:00:00",
      "mode": "initial_fetch",
      "fetch_segments": [
        {
          "provider": "baostock",
          "code": "sh.601186",
          "adjustflag": "2",
          "requested_start": "2018-01-01 09:30:00",
          "effective_start": "2018-01-01 09:30:00",
          "requested_end": "2026-05-15 15:00:00",
          "rows": 73920
        }
      ],
      "cache_after": {
        "rows": 73920,
        "min": "2020-01-02 09:35:00",
        "max": "2026-05-15 15:00:00"
      }
    },
    "benchmark_daily": {
      "cache_path": "/root/stock_realtime_v021_full/saved_data/601186_pipeline_out_v2_new27_full/00_base/raw_cache/000300_benchmark_daily_raw.csv",
      "requested_start": "2018-01-01",
      "requested_end": "2026-05-15",
      "mode": "initial_fetch",
      "fetch_segments": [
        {
          "provider": "baostock",
          "code": "sh.000300",
          "rows": 2027,
          "start": "2018-01-01",
          "end": "2026-05-15"
        }
      ],
      "cache_after": {
        "rows": 2027,
        "min": "2018-01-02 00:00:00",
        "max": "2026-05-15 00:00:00"
      }
    },
    "feature_build": {
      "mode": "full_rebuild",
      "reason": "feature_cache_missing",
      "daily_cache_after": {
        "rows": 2027,
        "min": "2018-01-02 00:00:00",
        "max": "2026-05-15 00:00:00"
      },
      "intraday_cache_after": {
        "rows": 73920,
        "min": "2020-01-02 09:35:00",
        "max": "2026-05-15 15:00:00"
      },
      "daily_context_days": 260,
      "intraday_context_days": 40,
      "daily_appended_rows": 2027,
      "intraday_appended_rows": 73920
    },
    "feature_state": {
      "daily_feature_max": "2026-05-15 00:00:00",
      "intraday_feature_max": "2026-05-15 15:00:00",
      "daily_context_days": 260,
      "intraday_context_days": 40,
      "feature_build_mode": "full_rebuild"
    }
  }
}

[2026-05-16T23:58:39] RUN samples
  /usr/bin/python3 feature_building/build_nextday_samples_from_baostock.py --daily-features /root/stock_realtime_v021_full/saved_data/601186_pipeline_out_v2_new27_full/00_base/daily_features.csv --intraday-bars /root/stock_realtime_v021_full/saved_data/601186_pipeline_out_v2_new27_full/00_base/601186_5m.csv --out-dir /root/stock_realtime_v021_full/saved_data/601186_pipeline_out_v2_new27_full/01_samples --min-bars 40 --keep-unlabeled-tail
{
  "rows": 1540,
  "date_min": "2020-01-02",
  "date_max": "2026-05-15",
  "out": "/root/stock_realtime_v021_full/saved_data/601186_pipeline_out_v2_new27_full/01_samples/training_samples.csv"
}

[2026-05-16T23:58:40] RUN fundamental
  /usr/bin/python3 feature_building/build_fundamental_features.py --symbol 601186.SH --daily-samples /root/stock_realtime_v021_full/saved_data/601186_pipeline_out_v2_new27_full/01_samples/training_samples.csv --out-dir /root/stock_realtime_v021_full/saved_data/601186_pipeline_out_v2_new27_full/02_fundamental --start-date 2018-01-01 --end-date 2026-05-15 --fallback-lag-days 120
login success!
logout success!
{
  "rows": 1540,
  "date_min": "2020-01-02",
  "date_max": "2026-05-15",
  "source_errors": [],
  "top_missing_rates": {
    "ak_fund_小单净流入-净额_sum10": 0.9246753246753247,
    "ak_fund_主力净流入-净额_sum10": 0.9246753246753247,
    "ak_fund_主力净流入-净占比_sum10": 0.9246753246753247,
    "ak_fund_涨跌幅_sum10": 0.9246753246753247,
    "ak_fund_收盘价_sum10": 0.9246753246753247,
    "ak_fund_中单净流入-净额_sum10": 0.9246753246753247,
    "ak_fund_中单净流入-净占比_sum10": 0.9246753246753247,
    "ak_fund_小单净流入-净占比_sum10": 0.9246753246753247,
    "ak_fund_超大单净流入-净额_sum10": 0.9246753246753247,
    "ak_fund_大单净流入-净额_sum10": 0.9246753246753247,
    "ak_fund_大单净流入-净占比_sum10": 0.9246753246753247,
    "ak_fund_超大单净流入-净占比_sum10": 0.9246753246753247,
    "ak_fund_涨跌幅_sum5": 0.9233766233766234,
    "ak_fund_主力净流入-净占比_sum5": 0.9233766233766234,
    "ak_fund_主力净流入-净额_sum5": 0.9233766233766234,
    "ak_fund_收盘价_sum5": 0.9233766233766234,
    "ak_fund_超大单净流入-净占比_sum5": 0.9233766233766234,
    "ak_fund_中单净流入-净占比_sum5": 0.9233766233766234,
    "ak_fund_中单净流入-净额_sum5": 0.9233766233766234,
    "ak_fund_小单净流入-净额_sum5": 0.9233766233766234,
    "ak_fund_小单净流入-净占比_sum5": 0.9233766233766234,
    "ak_fund_大单净流入-净占比_sum5": 0.9233766233766234,
    "ak_fund_大单净流入-净额_sum5": 0.9233766233766234,
    "ak_fund_超大单净流入-净额_sum5": 0.9233766233766234,
    "ak_fund_大单净流入-净额": 0.922077922077922,
    "ak_fund_超大单净流入-净占比": 0.922077922077922,
    "ak_fund_超大单净流入-净额": 0.922077922077922,
    "ak_fund_收盘价": 0.922077922077922,
    "ak_fund_涨跌幅": 0.922077922077922,
    "ak_fund_中单净流入-净额": 0.922077922077922
  },
  "valuation_non_null": {
    "peTTM": 1540,
    "pbMRQ": 1540,
    "psTTM": 1540,
    "pcfNcfTTM": 1540
  },
  "future_effective_date_violations": 0,
  "rows_with_quarterly": 1540,
  "sample_rows": 1540,
  "quarterly_raw_rows": 37,
  "quarterly_used_pubDate_rows": 37,
  "quarterly_fallback_rows": 0,
  "elapsed_seconds": 27.424,
  "symbol": "601186",
  "baostock_code": "sh.601186",
  "valuation_rows": 2027,
  "fund_flow_rows": 120,
  "feature_columns": 125,
  "merged_columns": 194,
  "outputs": {
    "daily_valuation": "/root/stock_realtime_v021_full/saved_data/601186_pipeline_out_v2_new27_full/02_fundamental/baostock_daily_valuation.csv",
    "quarterly_fundamentals": "/root/stock_realtime_v021_full/saved_data/601186_pipeline_out_v2_new27_full/02_fundamental/baostock_quarterly_fundamentals_pit.csv",
    "fundamental_features": "/root/stock_realtime_v021_full/saved_data/601186_pipeline_out_v2_new27_full/02_fundamental/fundamental_features.csv",
    "merged_samples": "/root/stock_realtime_v021_full/saved_data/601186_pipeline_out_v2_new27_full/02_fundamental/training_samples_with_fundamentals.csv"
  }
}

[2026-05-16T23:59:09] RUN sector
  /usr/bin/python3 feature_building/build_sector_features.py --samples /root/stock_realtime_v021_full/saved_data/601186_pipeline_out_v2_new27_full/02_fundamental/training_samples_with_fundamentals.csv --out-dir /root/stock_realtime_v021_full/saved_data/601186_pipeline_out_v2_new27_full/03_sector --sector-symbol '建筑装饰' --start-date 2018-01-01 --end-date 2026-05-15

  0%|          | 0/9 [00:00<?, ?it/s]
 11%|█         | 1/9 [00:00<00:01,  4.22it/s]
 22%|██▏       | 2/9 [00:00<00:01,  3.94it/s]
 33%|███▎      | 3/9 [00:00<00:01,  3.78it/s]
 44%|████▍     | 4/9 [00:01<00:01,  3.88it/s]
 56%|█████▌    | 5/9 [00:01<00:01,  3.96it/s]
 67%|██████▋   | 6/9 [00:01<00:00,  4.07it/s]
 78%|███████▊  | 7/9 [00:01<00:00,  4.22it/s]
 89%|████████▉ | 8/9 [00:01<00:00,  4.27it/s]
100%|██████████| 9/9 [00:02<00:00,  4.57it/s]
                                             
{
  "sector_symbol": "建筑装饰",
  "sector_rows": 2027,
  "sector_date_min": "2018-01-02",
  "sector_date_max": "2026-05-15",
  "sample_rows": 1540,
  "merged_rows": 1540,
  "sector_feature_cols": 23,
  "top_missing": {
    "sector_ret60": 0.03896103896103896,
    "sector_ma60_gap": 0.01948051948051948,
    "stock_vs_sector_ret20": 0.012987012987012988,
    "sector_ret20": 0.012987012987012988,
    "sector_vol20": 0.007142857142857143,
    "sector_ma20_gap": 0.006493506493506494,
    "sector_range_z20": 0.006493506493506494,
    "sector_volume_shock20": 0.006493506493506494,
    "sector_amount_z20": 0.006493506493506494,
    "sector_volume_z20": 0.006493506493506494,
    "sector_amount_shock20": 0.006493506493506494,
    "sector_ret5": 0.003246753246753247,
    "stock_vs_sector_ret5": 0.003246753246753247,
    "sector_vs_bench_ret5": 0.003246753246753247,
    "stock_vs_sector_ret1": 0.0006493506493506494,
    "sector_ret1": 0.0006493506493506494,
    "sector_amount": 0.0,
    "sector_volume": 0.0,
    "sector_close": 0.0,
    "sector_low": 0.0
  },
  "outputs": {
    "sector_index": "/root/stock_realtime_v021_full/saved_data/601186_pipeline_out_v2_new27_full/03_sector/sector_index_ths.csv",
    "sector_features": "/root/stock_realtime_v021_full/saved_data/601186_pipeline_out_v2_new27_full/03_sector/sector_features.csv",
    "merged_samples": "/root/stock_realtime_v021_full/saved_data/601186_pipeline_out_v2_new27_full/03_sector/training_samples_with_sector.csv"
  }
}
[INFO] final samples for search: /root/stock_realtime_v021_full/saved_data/601186_pipeline_out_v2_new27_full/03_sector/training_samples_with_sector.csv

[2026-05-16T23:59:13] RUN search_vwap_low_hit_50bps
  /usr/bin/python3 model_training/search_walk_forward_model_complexity.py --samples /root/stock_realtime_v021_full/saved_data/601186_pipeline_out_v2_new27_full/03_sector/training_samples_with_sector.csv --intraday-bars /root/stock_realtime_v021_full/saved_data/601186_pipeline_out_v2_new27_full/00_base/601186_5m.csv --out-dir /root/stock_realtime_v021_full/saved_data/601186_pipeline_out_v2_new27_full/10_search/search_vwap_low_hit_50bps --round-trip-cost-bps 1.7 --target-hit-bps 50.0 --label-mode hit --entry-policy vwap_low --entry-vwap-premium-bps 50.0 --max-missing 0.35 --groups reversal_fundamental_regime,reversal_fundamental_regime_sector,reversal_fundamental_regime_sector_external,all_no_ak --models xgb_d2_200_lr003_mcw5,xgb_d3_400_lr003_mcw3,xgb_d3_600_lr002_mcw3,xgb_d4_500_lr002_mcw5,lgbm_leaves7_400,lgbm_leaves15_700,extra_trees_600_d3,random_forest_600_d4 --quantiles 0.5,0.6,0.7,0.8 --train-rows 756 --valid-rows 126 --test-rows 63 --min-valid-trades 8 --min-train-entries 80
{
  "rows": 1539,
  "target_hit_bps": 50.0,
  "label_mode": "hit",
  "entry_policy": "vwap_low",
  "entry_vwap_premium_bps": 50.0,
  "groups": {
    "reversal_fundamental_regime": 137,
    "reversal_fundamental_regime_sector": 160,
    "reversal_fundamental_regime_sector_external": 160,
    "all_no_ak": 215
  },
  "models": [
    "xgb_d2_200_lr003_mcw5",
    "xgb_d3_400_lr003_mcw3",
    "xgb_d3_600_lr002_mcw3",
    "xgb_d4_500_lr002_mcw5",
    "extra_trees_600_d3",
    "random_forest_600_d4",
    "lgbm_leaves7_400",
    "lgbm_leaves15_700"
  ],
  "top": [
    {
      "entry_policy": "vwap_low",
      "feature_group": "all_no_ak",
      "model_name": "xgb_d2_200_lr003_mcw5",
      "target_hit_bps": 50.0,
      "trades": 198,
      "win_rate": 0.6414141414141414,
      "avg_return": -0.0009946669143441258,
      "median_return": 0.005,
      "compound_return": -0.18933997297738392,
      "max_drawdown": -0.20296080402833527,
      "profit_factor": 0.7572511826919285,
      "windows": 10
    },
    {
      "entry_policy": "vwap_low",
      "feature_group": "reversal_fundamental_regime_sector",
      "model_name": "random_forest_600_d4",
      "target_hit_bps": 50.0,
      "trades": 171,
      "win_rate": 0.6666666666666666,
      "avg_return": -0.0011853935242182223,
      "median_return": 0.005,
      "compound_return": -0.194004650690778,
      "max_drawdown": -0.24951643305877524,
      "profit_factor": 0.7306920537063673,
      "windows": 10
    },
    {
      "entry_policy": "vwap_low",
      "feature_group": "reversal_fundamental_regime_sector_external",
      "model_name": "random_forest_600_d4",
      "target_hit_bps": 50.0,
      "trades": 171,
      "win_rate": 0.6666666666666666,
      "avg_return": -0.0011853935242182223,
      "median_return": 0.005,
      "compound_return": -0.194004650690778,
      "max_drawdown": -0.24951643305877524,
      "profit_factor": 0.7306920537063673,
      "windows": 10
    },
    {
      "entry_policy": "vwap_low",
      "feature_group": "all_no_ak",
      "model_name": "extra_trees_600_d3",
      "target_hit_bps": 50.0,
      "trades": 184,
      "win_rate": 0.6467391304347826,
      "avg_return": -0.0011076042806511316,
      "median_return": 0.005,
      "compound_return": -0.19474592632327714,
      "max_drawdown": -0.21697231434823483,
      "profit_factor": 0.7394107136414475,
      "windows": 10
    },
    {
      "entry_policy": "vwap_low",
      "feature_group": "reversal_fundamental_regime_sector",
      "model_name": "extra_trees_600_d3",
      "target_hit_bps": 50.0,
      "trades": 172,
      "win_rate": 0.6744186046511628,
      "avg_return": -0.0012348512700346948,
      "median_return": 0.005,
      "compound_return": -0.20200341582604808,
      "max_drawdown": -0.2266919403936395,
      "profit_factor": 0.7228359351401081,
      "windows": 10
    },
    {
      "entry_policy": "vwap_low",
      "feature_group": "reversal_fundamental_regime_sector_external",
      "model_name": "extra_trees_600_d3",
      "target_hit_bps": 50.0,
      "trades": 172,
      "win_rate": 0.6744186046511628,
      "avg_return": -0.0012348512700346948,
      "median_return": 0.005,
      "compound_return": -0.20200341582604808,
      "max_drawdown": -0.2266919403936395,
      "profit_factor": 0.7228359351401081,
      "windows": 10
    },
    {
      "entry_policy": "vwap_low",
      "feature_group": "all_no_ak",
      "model_name": "random_forest_600_d4",
      "target_hit_bps": 50.0,
      "trades": 220,
      "win_rate": 0.65,
      "avg_return": -0.0011221900125765786,
      "median_return": 0.005,
      "compound_return": -0.230368592093121,
      "max_drawdown": -0.2505045869033292,
      "profit_factor": 0.7357308125842633,
      "windows": 10
    },
    {
      "entry_policy": "vwap_low",
      "feature_group": "reversal_fundamental_regime",
      "model_name": "xgb_d4_500_lr002_mcw5",
      "target_hit_bps": 50.0,
      "trades": 147,
      "win_rate": 0.6394557823129252,
      "avg_return": -0.0018090241741629757,
      "median_return": 0.005,
      "compound_return": -0.24294541845821915,
      "max_drawdown": -0.26620264522475745,
      "profit_factor": 0.6310808177134578,
      "windows": 10
    },
    {
      "entry_policy": "vwap_low",
      "feature_group": "reversal_fundamental_regime_sector",
      "model_name": "xgb_d2_200_lr003_mcw5",
      "target_hit_bps": 50.0,
      "trades": 182,
      "win_rate": 0.6538461538461539,
      "avg_return": -0.0014766085900005778,
      "median_return": 0.005,
      "compound_return": -0.24729514011956055,
      "max_drawdown": -0.28744674259538383,
      "profit_factor": 0.6806909140637127,
      "windows": 10
    },
    {
      "entry_policy": "vwap_low",
      "feature_group": "reversal_fundamental_regime_sector_external",
      "model_name": "xgb_d2_200_lr003_mcw5",
      "target_hit_bps": 50.0,
      "trades": 182,
      "win_rate": 0.6538461538461539,
      "avg_return": -0.0014766085900005778,
      "median_return": 0.005,
      "compound_return": -0.24729514011956055,
      "max_drawdown": -0.28744674259538383,
      "profit_factor": 0.6806909140637127,
      "windows": 10
    },
    {
      "entry_policy": "vwap_low",
      "feature_group": "reversal_fundamental_regime_sector",
      "model_name": "xgb_d3_600_lr002_mcw3",
      "target_hit_bps": 50.0,
      "trades": 177,
      "win_rate": 0.6214689265536724,
      "avg_return": -0.001544723808907737,
      "median_return": 0.005,
      "compound_return": -0.24780575826860296,
      "max_drawdown": -0.2626634587048068,
      "profit_factor": 0.6585878845623299,
      "windows": 10
    },
    {
      "entry_policy": "vwap_low",
      "feature_group": "reversal_fundamental_regime_sector_external",
      "model_name": "xgb_d3_600_lr002_mcw3",
      "target_hit_bps": 50.0,
      "trades": 177,
      "win_rate": 0.6214689265536724,
      "avg_return": -0.001544723808907737,
      "median_return": 0.005,
      "compound_return": -0.24780575826860296,
      "max_drawdown": -0.2626634587048068,
      "profit_factor": 0.6585878845623299,
      "windows": 10
    },
    {
      "entry_policy": "vwap_low",
      "feature_group": "reversal_fundamental_regime",
      "model_name": "random_forest_600_d4",
      "target_hit_bps": 50.0,
      "trades": 178,
      "win_rate": 0.6235955056179775,
      "avg_return": -0.0015351912297052836,
      "median_return": 0.005,
      "compound_return": -0.24907065864465716,
      "max_drawdown": -0.2711902074554653,
      "profit_factor": 0.6624883166236302,
      "windows": 10
    },
    {
      "entry_policy": "vwap_low",
      "feature_group": "reversal_fundamental_regime_sector",
      "model_name": "lgbm_leaves7_400",
      "target_hit_bps": 50.0,
      "trades": 195,
      "win_rate": 0.6256410256410256,
      "avg_return": -0.0015602470712919635,
      "median_return": 0.005,
      "compound_return": -0.2715591447503469,
      "max_drawdown": -0.28658528821144114,
      "profit_factor": 0.6587677840037741,
      "windows": 10
    },
    {
      "entry_policy": "vwap_low",
      "feature_group": "reversal_fundamental_regime_sector_external",
      "model_name": "lgbm_leaves7_400",
      "target_hit_bps": 50.0,
      "trades": 195,
      "win_rate": 0.6256410256410256,
      "avg_return": -0.0015602470712919635,
      "median_return": 0.005,
      "compound_return": -0.2715591447503469,
      "max_drawdown": -0.28658528821144114,
      "profit_factor": 0.6587677840037741,
      "windows": 10
    },
    {
      "entry_policy": "vwap_low",
      "feature_group": "reversal_fundamental_regime",
      "model_name": "extra_trees_600_d3",
      "target_hit_bps": 50.0,
      "trades": 182,
      "win_rate": 0.6538461538461539,
      "avg_return": -0.001663807368333578,
      "median_return": 0.005,
      "compound_return": -0.2719361163937505,
      "max_drawdown": -0.27830060042736293,
      "profit_factor": 0.6588097361203428,
      "windows": 10
    },
    {
      "entry_policy": "vwap_low",
      "feature_group": "reversal_fundamental_regime",
      "model_name": "lgbm_leaves7_400",
      "target_hit_bps": 50.0,
      "trades": 181,
      "win_rate": 0.5911602209944752,
      "avg_return": -0.001701962506276471,
      "median_return": 0.005,
      "compound_return": -0.2744497742935008,
      "max_drawdown": -0.28407389987231557,
      "profit_factor": 0.6278220747912087,
      "windows": 10
    },
    {
      "entry_policy": "vwap_low",
      "feature_group": "reversal_fundamental_regime",
      "model_name": "xgb_d2_200_lr003_mcw5",
      "target_hit_bps": 50.0,
      "trades": 179,
      "win_rate": 0.6424581005586593,
      "avg_return": -0.0018091175498430548,
      "median_return": 0.005,
      "compound_return": -0.2877775486694103,
      "max_drawdown": -0.30184570718316206,
      "profit_factor": 0.6297380578456329,
      "windows": 10
    },
    {
      "entry_policy": "vwap_low",
      "feature_group": "all_no_ak",
      "model_name": "lgbm_leaves7_400",
      "target_hit_bps": 50.0,
      "trades": 241,
      "win_rate": 0.6016597510373444,
      "avg_return": -0.0013603191622428381,
      "median_return": 0.005,
      "compound_return": -0.2881011456420537,
      "max_drawdown": -0.2975441913899668,
      "profit_factor": 0.6785138331440872,
      "windows": 10
    },
    {
      "entry_policy": "vwap_low",
      "feature_group": "reversal_fundamental_regime_sector",
      "model_name": "lgbm_leaves15_700",
      "target_hit_bps": 50.0,
      "trades": 202,
      "win_rate": 0.6435643564356436,
      "avg_return": -0.001661435079450983,
      "median_return": 0.005,
      "compound_return": -0.296591032026702,
      "max_drawdown": -0.30245107023524875,
      "profit_factor": 0.6450953695139658,
      "windows": 10
    }
  ]
}

[2026-05-17T00:09:10] RUN search_vwap_low_hit_80bps
  /usr/bin/python3 model_training/search_walk_forward_model_complexity.py --samples /root/stock_realtime_v021_full/saved_data/601186_pipeline_out_v2_new27_full/03_sector/training_samples_with_sector.csv --intraday-bars /root/stock_realtime_v021_full/saved_data/601186_pipeline_out_v2_new27_full/00_base/601186_5m.csv --out-dir /root/stock_realtime_v021_full/saved_data/601186_pipeline_out_v2_new27_full/10_search/search_vwap_low_hit_80bps --round-trip-cost-bps 1.7 --target-hit-bps 80.0 --label-mode hit --entry-policy vwap_low --entry-vwap-premium-bps 50.0 --max-missing 0.35 --groups reversal_fundamental_regime,reversal_fundamental_regime_sector,reversal_fundamental_regime_sector_external,all_no_ak --models xgb_d2_200_lr003_mcw5,xgb_d3_400_lr003_mcw3,xgb_d3_600_lr002_mcw3,xgb_d4_500_lr002_mcw5,lgbm_leaves7_400,lgbm_leaves15_700,extra_trees_600_d3,random_forest_600_d4 --quantiles 0.5,0.6,0.7,0.8 --train-rows 756 --valid-rows 126 --test-rows 63 --min-valid-trades 8 --min-train-entries 80
{
  "rows": 1539,
  "target_hit_bps": 80.0,
  "label_mode": "hit",
  "entry_policy": "vwap_low",
  "entry_vwap_premium_bps": 50.0,
  "groups": {
    "reversal_fundamental_regime": 137,
    "reversal_fundamental_regime_sector": 160,
    "reversal_fundamental_regime_sector_external": 160,
    "all_no_ak": 215
  },
  "models": [
    "xgb_d2_200_lr003_mcw5",
    "xgb_d3_400_lr003_mcw3",
    "xgb_d3_600_lr002_mcw3",
    "xgb_d4_500_lr002_mcw5",
    "extra_trees_600_d3",
    "random_forest_600_d4",
    "lgbm_leaves7_400",
    "lgbm_leaves15_700"
  ],
  "top": [
    {
      "entry_policy": "vwap_low",
      "feature_group": "reversal_fundamental_regime_sector",
      "model_name": "random_forest_600_d4",
      "target_hit_bps": 80.0,
      "trades": 165,
      "win_rate": 0.6424242424242425,
      "avg_return": -0.0004910100004227964,
      "median_return": 0.00749703176341732,
      "compound_return": -0.09189621081779631,
      "max_drawdown": -0.19024954474018108,
      "profit_factor": 0.9008398068667206,
      "windows": 10
    },
    {
      "entry_policy": "vwap_low",
      "feature_group": "reversal_fundamental_regime_sector_external",
      "model_name": "random_forest_600_d4",
      "target_hit_bps": 80.0,
      "trades": 165,
      "win_rate": 0.6424242424242425,
      "avg_return": -0.0004910100004227964,
      "median_return": 0.00749703176341732,
      "compound_return": -0.09189621081779631,
      "max_drawdown": -0.19024954474018108,
      "profit_factor": 0.9008398068667206,
      "windows": 10
    },
    {
      "entry_policy": "vwap_low",
      "feature_group": "reversal_fundamental_regime",
      "model_name": "random_forest_600_d4",
      "target_hit_bps": 80.0,
      "trades": 171,
      "win_rate": 0.6140350877192983,
      "avg_return": -0.0008840269243493801,
      "median_return": 0.005257408412483015,
      "compound_return": -0.15401014178776895,
      "max_drawdown": -0.21588860142127397,
      "profit_factor": 0.8295035872753593,
      "windows": 10
    },
    {
      "entry_policy": "vwap_low",
      "feature_group": "reversal_fundamental_regime_sector",
      "model_name": "extra_trees_600_d3",
      "target_hit_bps": 80.0,
      "trades": 214,
      "win_rate": 0.5887850467289719,
      "avg_return": -0.0009292142600630911,
      "median_return": 0.004941785741013675,
      "compound_return": -0.19517502391942854,
      "max_drawdown": -0.2546346641496874,
      "profit_factor": 0.8186344756774212,
      "windows": 10
    },
    {
      "entry_policy": "vwap_low",
      "feature_group": "reversal_fundamental_regime_sector_external",
      "model_name": "extra_trees_600_d3",
      "target_hit_bps": 80.0,
      "trades": 214,
      "win_rate": 0.5887850467289719,
      "avg_return": -0.0009292142600630911,
      "median_return": 0.004941785741013675,
      "compound_return": -0.19517502391942854,
      "max_drawdown": -0.2546346641496874,
      "profit_factor": 0.8186344756774212,
      "windows": 10
    },
    {
      "entry_policy": "vwap_low",
      "feature_group": "reversal_fundamental_regime_sector",
      "model_name": "xgb_d2_200_lr003_mcw5",
      "target_hit_bps": 80.0,
      "trades": 148,
      "win_rate": 0.5945945945945946,
      "avg_return": -0.0015469093096727152,
      "median_return": 0.008,
      "compound_return": -0.21842128390092885,
      "max_drawdown": -0.26667507294426085,
      "profit_factor": 0.7409956724111011,
      "windows": 10
    },
    {
      "entry_policy": "vwap_low",
      "feature_group": "reversal_fundamental_regime_sector_external",
      "model_name": "xgb_d2_200_lr003_mcw5",
      "target_hit_bps": 80.0,
      "trades": 148,
      "win_rate": 0.5945945945945946,
      "avg_return": -0.0015469093096727152,
      "median_return": 0.008,
      "compound_return": -0.21842128390092885,
      "max_drawdown": -0.26667507294426085,
      "profit_factor": 0.7409956724111011,
      "windows": 10
    },
    {
      "entry_policy": "vwap_low",
      "feature_group": "reversal_fundamental_regime_sector",
      "model_name": "lgbm_leaves7_400",
      "target_hit_bps": 80.0,
      "trades": 192,
      "win_rate": 0.546875,
      "avg_return": -0.0012644052851444774,
      "median_return": 0.00277277539341925,
      "compound_return": -0.22869807897625127,
      "max_drawdown": -0.2559744186432992,
      "profit_factor": 0.7513379760180127,
      "windows": 10
    },
    {
      "entry_policy": "vwap_low",
      "feature_group": "reversal_fundamental_regime_sector_external",
      "model_name": "lgbm_leaves7_400",
      "target_hit_bps": 80.0,
      "trades": 192,
      "win_rate": 0.546875,
      "avg_return": -0.0012644052851444774,
      "median_return": 0.00277277539341925,
      "compound_return": -0.22869807897625127,
      "max_drawdown": -0.2559744186432992,
      "profit_factor": 0.7513379760180127,
      "windows": 10
    },
    {
      "entry_policy": "vwap_low",
      "feature_group": "reversal_fundamental_regime",
      "model_name": "xgb_d2_200_lr003_mcw5",
      "target_hit_bps": 80.0,
      "trades": 153,
      "win_rate": 0.5816993464052288,
      "avg_return": -0.0016007754806330245,
      "median_return": 0.004690267314702238,
      "compound_return": -0.23049677250014988,
      "max_drawdown": -0.28040094944965555,
      "profit_factor": 0.7242178026398903,
      "windows": 10
    },
    {
      "entry_policy": "vwap_low",
      "feature_group": "reversal_fundamental_regime",
      "model_name": "lgbm_leaves7_400",
      "target_hit_bps": 80.0,
      "trades": 188,
      "win_rate": 0.5478723404255319,
      "avg_return": -0.0013361922266781582,
      "median_return": 0.004149674578295296,
      "compound_return": -0.23624041876897028,
      "max_drawdown": -0.2851770940595624,
      "profit_factor": 0.7496273256778423,
      "windows": 10
    },
    {
      "entry_policy": "vwap_low",
      "feature_group": "reversal_fundamental_regime",
      "model_name": "extra_trees_600_d3",
      "target_hit_bps": 80.0,
      "trades": 221,
      "win_rate": 0.5927601809954751,
      "avg_return": -0.0011380829911691467,
      "median_return": 0.005726226415094352,
      "compound_return": -0.23763978292631815,
      "max_drawdown": -0.2540946518233348,
      "profit_factor": 0.7898359348194844,
      "windows": 10
    },
    {
      "entry_policy": "vwap_low",
      "feature_group": "all_no_ak",
      "model_name": "extra_trees_600_d3",
      "target_hit_bps": 80.0,
      "trades": 175,
      "win_rate": 0.5714285714285714,
      "avg_return": -0.0015173016839053902,
      "median_return": 0.004836257822277815,
      "compound_return": -0.24645143662846503,
      "max_drawdown": -0.26157205975154374,
      "profit_factor": 0.7324357163768936,
      "windows": 10
    },
    {
      "entry_policy": "vwap_low",
      "feature_group": "reversal_fundamental_regime",
      "model_name": "xgb_d4_500_lr002_mcw5",
      "target_hit_bps": 80.0,
      "trades": 190,
      "win_rate": 0.5473684210526316,
      "avg_return": -0.0015043726082693291,
      "median_return": 0.0034252574482935873,
      "compound_return": -0.2621790436758329,
      "max_drawdown": -0.3006372157028411,
      "profit_factor": 0.7210340211590058,
      "windows": 10
    },
    {
      "entry_policy": "vwap_low",
      "feature_group": "all_no_ak",
      "model_name": "xgb_d2_200_lr003_mcw5",
      "target_hit_bps": 80.0,
      "trades": 172,
      "win_rate": 0.563953488372093,
      "avg_return": -0.0016908085532105078,
      "median_return": 0.0037033854722123873,
      "compound_return": -0.26601889351121377,
      "max_drawdown": -0.31063131358384677,
      "profit_factor": 0.7047202544598935,
      "windows": 10
    },
    {
      "entry_policy": "vwap_low",
      "feature_group": "all_no_ak",
      "model_name": "random_forest_600_d4",
      "target_hit_bps": 80.0,
      "trades": 193,
      "win_rate": 0.5699481865284974,
      "avg_return": -0.0015968274600974249,
      "median_return": 0.0036083375314861534,
      "compound_return": -0.279367415795424,
      "max_drawdown": -0.32904161228618845,
      "profit_factor": 0.7128978260925274,
      "windows": 10
    },
    {
      "entry_policy": "vwap_low",
      "feature_group": "all_no_ak",
      "model_name": "xgb_d4_500_lr002_mcw5",
      "target_hit_bps": 80.0,
      "trades": 227,
      "win_rate": 0.5374449339207048,
      "avg_return": -0.0013766678587846027,
      "median_return": 0.002311389578163684,
      "compound_return": -0.2824081503077799,
      "max_drawdown": -0.3519356907355491,
      "profit_factor": 0.7316225940115669,
      "windows": 10
    },
    {
      "entry_policy": "vwap_low",
      "feature_group": "reversal_fundamental_regime",
      "model_name": "lgbm_leaves15_700",
      "target_hit_bps": 80.0,
      "trades": 181,
      "win_rate": 0.5082872928176796,
      "avg_return": -0.0018332139332850532,
      "median_return": 0.0021341474654377225,
      "compound_return": -0.2944591206721804,
      "max_drawdown": -0.29459565688961575,
      "profit_factor": 0.6633847386196837,
      "windows": 10
    },
    {
      "entry_policy": "vwap_low",
      "feature_group": "reversal_fundamental_regime_sector",
      "model_name": "xgb_d4_500_lr002_mcw5",
      "target_hit_bps": 80.0,
      "trades": 186,
      "win_rate": 0.543010752688172,
      "avg_return": -0.001816448009655589,
      "median_return": 0.002311389578163795,
      "compound_return": -0.2996917071099042,
      "max_drawdown": -0.33728947257180775,
      "profit_factor": 0.672786353430786,
      "windows": 10
    },
    {
      "entry_policy": "vwap_low",
      "feature_group": "reversal_fundamental_regime_sector_external",
      "model_name": "xgb_d4_500_lr002_mcw5",
      "target_hit_bps": 80.0,
      "trades": 186,
      "win_rate": 0.543010752688172,
      "avg_return": -0.001816448009655589,
      "median_return": 0.002311389578163795,
      "compound_return": -0.2996917071099042,
      "max_drawdown": -0.33728947257180775,
      "profit_factor": 0.672786353430786,
      "windows": 10
    }
  ]
}

[2026-05-17T00:19:02] RUN search_vwap_low_close_profit_50bps
  /usr/bin/python3 model_training/search_walk_forward_model_complexity.py --samples /root/stock_realtime_v021_full/saved_data/601186_pipeline_out_v2_new27_full/03_sector/training_samples_with_sector.csv --intraday-bars /root/stock_realtime_v021_full/saved_data/601186_pipeline_out_v2_new27_full/00_base/601186_5m.csv --out-dir /root/stock_realtime_v021_full/saved_data/601186_pipeline_out_v2_new27_full/10_search/search_vwap_low_close_profit_50bps --round-trip-cost-bps 1.7 --target-hit-bps 50.0 --label-mode close_profit --entry-policy vwap_low --entry-vwap-premium-bps 50.0 --max-missing 0.35 --groups reversal_fundamental_regime,reversal_fundamental_regime_sector,reversal_fundamental_regime_sector_external,all_no_ak --models xgb_d2_200_lr003_mcw5,xgb_d3_400_lr003_mcw3,xgb_d3_600_lr002_mcw3,xgb_d4_500_lr002_mcw5,lgbm_leaves7_400,lgbm_leaves15_700,extra_trees_600_d3,random_forest_600_d4 --quantiles 0.5,0.6,0.7,0.8 --train-rows 756 --valid-rows 126 --test-rows 63 --min-valid-trades 8 --min-train-entries 80
{
  "rows": 1539,
  "target_hit_bps": 50.0,
  "label_mode": "close_profit",
  "entry_policy": "vwap_low",
  "entry_vwap_premium_bps": 50.0,
  "groups": {
    "reversal_fundamental_regime": 137,
    "reversal_fundamental_regime_sector": 160,
    "reversal_fundamental_regime_sector_external": 160,
    "all_no_ak": 215
  },
  "models": [
    "xgb_d2_200_lr003_mcw5",
    "xgb_d3_400_lr003_mcw3",
    "xgb_d3_600_lr002_mcw3",
    "xgb_d4_500_lr002_mcw5",
    "extra_trees_600_d3",
    "random_forest_600_d4",
    "lgbm_leaves7_400",
    "lgbm_leaves15_700"
  ],
  "top": [
    {
      "entry_policy": "vwap_low",
      "feature_group": "reversal_fundamental_regime",
      "model_name": "random_forest_600_d4",
      "target_hit_bps": 50.0,
      "trades": 241,
      "win_rate": 0.4896265560165975,
      "avg_return": 0.0008260151158582138,
      "median_return": -0.00016999999999999999,
      "compound_return": 0.16427696847655593,
      "max_drawdown": -0.18134960459669247,
      "profit_factor": 1.155962765756411,
      "windows": 10
    },
    {
      "entry_policy": "vwap_low",
      "feature_group": "all_no_ak",
      "model_name": "xgb_d4_500_lr002_mcw5",
      "target_hit_bps": 50.0,
      "trades": 208,
      "win_rate": 0.47115384615384615,
      "avg_return": 0.0008140569057318458,
      "median_return": -0.00016999999999999999,
      "compound_return": 0.1373935391408252,
      "max_drawdown": -0.16103115471160334,
      "profit_factor": 1.1540941796113753,
      "windows": 10
    },
    {
      "entry_policy": "vwap_low",
      "feature_group": "all_no_ak",
      "model_name": "random_forest_600_d4",
      "target_hit_bps": 50.0,
      "trades": 234,
      "win_rate": 0.48717948717948717,
      "avg_return": 0.0004668015054346439,
      "median_return": -0.00016999999999999999,
      "compound_return": 0.0537881062543204,
      "max_drawdown": -0.2219992690180319,
      "profit_factor": 1.073686807870814,
      "windows": 10
    },
    {
      "entry_policy": "vwap_low",
      "feature_group": "reversal_fundamental_regime",
      "model_name": "xgb_d3_600_lr002_mcw3",
      "target_hit_bps": 50.0,
      "trades": 239,
      "win_rate": 0.45188284518828453,
      "avg_return": 0.000433527716277543,
      "median_return": -0.00016999999999999999,
      "compound_return": 0.05031488798209982,
      "max_drawdown": -0.2414793247398952,
      "profit_factor": 1.0732275623621628,
      "windows": 10
    },
    {
      "entry_policy": "vwap_low",
      "feature_group": "all_no_ak",
      "model_name": "xgb_d3_600_lr002_mcw3",
      "target_hit_bps": 50.0,
      "trades": 255,
      "win_rate": 0.47843137254901963,
      "avg_return": 0.00032586583489726525,
      "median_return": -0.00016999999999999999,
      "compound_return": 0.031773600398964374,
      "max_drawdown": -0.1541468766766172,
      "profit_factor": 1.0585780433497034,
      "windows": 10
    },
    {
      "entry_policy": "vwap_low",
      "feature_group": "all_no_ak",
      "model_name": "extra_trees_600_d3",
      "target_hit_bps": 50.0,
      "trades": 243,
      "win_rate": 0.49794238683127573,
      "avg_return": 0.0003003981520714769,
      "median_return": -0.00016999999999999999,
      "compound_return": 0.018386326634058037,
      "max_drawdown": -0.18859482311008724,
      "profit_factor": 1.047427466819831,
      "windows": 10
    },
    {
      "entry_policy": "vwap_low",
      "feature_group": "all_no_ak",
      "model_name": "xgb_d2_200_lr003_mcw5",
      "target_hit_bps": 50.0,
      "trades": 202,
      "win_rate": 0.4504950495049505,
      "avg_return": 0.0002626624676417283,
      "median_return": -0.00016999999999999999,
      "compound_return": 0.011644268897640586,
      "max_drawdown": -0.1552884898035437,
      "profit_factor": 1.0454376306398188,
      "windows": 10
    },
    {
      "entry_policy": "vwap_low",
      "feature_group": "reversal_fundamental_regime_sector",
      "model_name": "random_forest_600_d4",
      "target_hit_bps": 50.0,
      "trades": 200,
      "win_rate": 0.485,
      "avg_return": 0.00014242282255298,
      "median_return": -0.00016999999999999999,
      "compound_return": -0.011039722818927622,
      "max_drawdown": -0.1682017997653148,
      "profit_factor": 1.0247855973146618,
      "windows": 10
    },
    {
      "entry_policy": "vwap_low",
      "feature_group": "reversal_fundamental_regime_sector_external",
      "model_name": "random_forest_600_d4",
      "target_hit_bps": 50.0,
      "trades": 200,
      "win_rate": 0.485,
      "avg_return": 0.00014242282255298,
      "median_return": -0.00016999999999999999,
      "compound_return": -0.011039722818927622,
      "max_drawdown": -0.1682017997653148,
      "profit_factor": 1.0247855973146618,
      "windows": 10
    },
    {
      "entry_policy": "vwap_low",
      "feature_group": "all_no_ak",
      "model_name": "lgbm_leaves7_400",
      "target_hit_bps": 50.0,
      "trades": 232,
      "win_rate": 0.43103448275862066,
      "avg_return": 7.662422853832032e-05,
      "median_return": -0.00016999999999999999,
      "compound_return": -0.029717096832047152,
      "max_drawdown": -0.19306057157921008,
      "profit_factor": 1.0127641420366431,
      "windows": 10
    },
    {
      "entry_policy": "vwap_low",
      "feature_group": "reversal_fundamental_regime_sector",
      "model_name": "extra_trees_600_d3",
      "target_hit_bps": 50.0,
      "trades": 259,
      "win_rate": 0.4749034749034749,
      "avg_return": -0.00011662843092069959,
      "median_return": -0.00016999999999999999,
      "compound_return": -0.0797502420953462,
      "max_drawdown": -0.28202486256401493,
      "profit_factor": 0.9810724117535021,
      "windows": 10
    },
    {
      "entry_policy": "vwap_low",
      "feature_group": "reversal_fundamental_regime_sector_external",
      "model_name": "extra_trees_600_d3",
      "target_hit_bps": 50.0,
      "trades": 259,
      "win_rate": 0.4749034749034749,
      "avg_return": -0.00011662843092069959,
      "median_return": -0.00016999999999999999,
      "compound_return": -0.0797502420953462,
      "max_drawdown": -0.28202486256401493,
      "profit_factor": 0.9810724117535021,
      "windows": 10
    },
    {
      "entry_policy": "vwap_low",
      "feature_group": "reversal_fundamental_regime",
      "model_name": "xgb_d3_400_lr003_mcw3",
      "target_hit_bps": 50.0,
      "trades": 236,
      "win_rate": 0.4406779661016949,
      "avg_return": -0.000220584016706876,
      "median_return": -0.00016999999999999999,
      "compound_return": -0.0938095683281237,
      "max_drawdown": -0.24341487425156516,
      "profit_factor": 0.9623598928096682,
      "windows": 10
    },
    {
      "entry_policy": "vwap_low",
      "feature_group": "reversal_fundamental_regime",
      "model_name": "extra_trees_600_d3",
      "target_hit_bps": 50.0,
      "trades": 262,
      "win_rate": 0.4770992366412214,
      "avg_return": -0.0003077913865850464,
      "median_return": -0.00016999999999999999,
      "compound_return": -0.12250080959749299,
      "max_drawdown": -0.19882932660615227,
      "profit_factor": 0.9490297441089474,
      "windows": 10
    },
    {
      "entry_policy": "vwap_low",
      "feature_group": "reversal_fundamental_regime",
      "model_name": "xgb_d4_500_lr002_mcw5",
      "target_hit_bps": 50.0,
      "trades": 247,
      "win_rate": 0.4251012145748988,
      "avg_return": -0.0003751119007745959,
      "median_return": -0.0014060939431397267,
      "compound_return": -0.12784496349522867,
      "max_drawdown": -0.27288972112550236,
      "profit_factor": 0.934238187975034,
      "windows": 10
    },
    {
      "entry_policy": "vwap_low",
      "feature_group": "all_no_ak",
      "model_name": "xgb_d3_400_lr003_mcw3",
      "target_hit_bps": 50.0,
      "trades": 240,
      "win_rate": 0.43333333333333335,
      "avg_return": -0.0003950618868674582,
      "median_return": -0.00016999999999999999,
      "compound_return": -0.13215282466281275,
      "max_drawdown": -0.18960244819043826,
      "profit_factor": 0.9327947910379625,
      "windows": 10
    },
    {
      "entry_policy": "vwap_low",
      "feature_group": "reversal_fundamental_regime",
      "model_name": "lgbm_leaves15_700",
      "target_hit_bps": 50.0,
      "trades": 238,
      "win_rate": 0.4327731092436975,
      "avg_return": -0.00042581863554106233,
      "median_return": -0.00016999999999999999,
      "compound_return": -0.1366425474572447,
      "max_drawdown": -0.2232456881191498,
      "profit_factor": 0.9268887808605653,
      "windows": 10
    },
    {
      "entry_policy": "vwap_low",
      "feature_group": "reversal_fundamental_regime_sector",
      "model_name": "xgb_d2_200_lr003_mcw5",
      "target_hit_bps": 50.0,
      "trades": 216,
      "win_rate": 0.4351851851851852,
      "avg_return": -0.0005337950099644921,
      "median_return": -0.00016999999999999999,
      "compound_return": -0.14128695647176182,
      "max_drawdown": -0.25270230590071774,
      "profit_factor": 0.9055507946677619,
      "windows": 10
    },
    {
      "entry_policy": "vwap_low",
      "feature_group": "reversal_fundamental_regime_sector_external",
      "model_name": "xgb_d2_200_lr003_mcw5",
      "target_hit_bps": 50.0,
      "trades": 216,
      "win_rate": 0.4351851851851852,
      "avg_return": -0.0005337950099644921,
      "median_return": -0.00016999999999999999,
      "compound_return": -0.14128695647176182,
      "max_drawdown": -0.25270230590071774,
      "profit_factor": 0.9055507946677619,
      "windows": 10
    },
    {
      "entry_policy": "vwap_low",
      "feature_group": "reversal_fundamental_regime",
      "model_name": "xgb_d2_200_lr003_mcw5",
      "target_hit_bps": 50.0,
      "trades": 223,
      "win_rate": 0.43946188340807174,
      "avg_return": -0.0007367451909444583,
      "median_return": -0.00016999999999999999,
      "compound_return": -0.18133488307309642,
      "max_drawdown": -0.24159275053787455,
      "profit_factor": 0.8670718701621747,
      "windows": 10
    }
  ]
}

[2026-05-17T00:29:02] RUN search_all_days_hit_50bps
  /usr/bin/python3 model_training/search_walk_forward_model_complexity.py --samples /root/stock_realtime_v021_full/saved_data/601186_pipeline_out_v2_new27_full/03_sector/training_samples_with_sector.csv --intraday-bars /root/stock_realtime_v021_full/saved_data/601186_pipeline_out_v2_new27_full/00_base/601186_5m.csv --out-dir /root/stock_realtime_v021_full/saved_data/601186_pipeline_out_v2_new27_full/10_search/search_all_days_hit_50bps --round-trip-cost-bps 1.7 --target-hit-bps 50.0 --label-mode hit --entry-policy all_days --entry-vwap-premium-bps 50.0 --max-missing 0.35 --groups reversal_fundamental_regime,reversal_fundamental_regime_sector,reversal_fundamental_regime_sector_external,all_no_ak --models xgb_d2_200_lr003_mcw5,xgb_d3_400_lr003_mcw3,xgb_d3_600_lr002_mcw3,xgb_d4_500_lr002_mcw5,lgbm_leaves7_400,lgbm_leaves15_700,extra_trees_600_d3,random_forest_600_d4 --quantiles 0.5,0.6,0.7,0.8 --train-rows 756 --valid-rows 126 --test-rows 63 --min-valid-trades 8 --min-train-entries 80
{
  "rows": 1539,
  "target_hit_bps": 50.0,
  "label_mode": "hit",
  "entry_policy": "all_days",
  "entry_vwap_premium_bps": 50.0,
  "groups": {
    "reversal_fundamental_regime": 137,
    "reversal_fundamental_regime_sector": 160,
    "reversal_fundamental_regime_sector_external": 160,
    "all_no_ak": 215
  },
  "models": [
    "xgb_d2_200_lr003_mcw5",
    "xgb_d3_400_lr003_mcw3",
    "xgb_d3_600_lr002_mcw3",
    "xgb_d4_500_lr002_mcw5",
    "extra_trees_600_d3",
    "random_forest_600_d4",
    "lgbm_leaves7_400",
    "lgbm_leaves15_700"
  ],
  "top": [
    {
      "entry_policy": "all_days",
      "feature_group": "reversal_fundamental_regime_sector",
      "model_name": "random_forest_600_d4",
      "target_hit_bps": 50.0,
      "trades": 181,
      "win_rate": 0.6685082872928176,
      "avg_return": -0.0011142944175804176,
      "median_return": 0.005,
      "compound_return": -0.19347817411227608,
      "max_drawdown": -0.252762404781284,
      "profit_factor": 0.7436168089968695,
      "windows": 10
    },
    {
      "entry_policy": "all_days",
      "feature_group": "reversal_fundamental_regime_sector_external",
      "model_name": "random_forest_600_d4",
      "target_hit_bps": 50.0,
      "trades": 181,
      "win_rate": 0.6685082872928176,
      "avg_return": -0.0011142944175804176,
      "median_return": 0.005,
      "compound_return": -0.19347817411227608,
      "max_drawdown": -0.252762404781284,
      "profit_factor": 0.7436168089968695,
      "windows": 10
    },
    {
      "entry_policy": "all_days",
      "feature_group": "all_no_ak",
      "model_name": "extra_trees_600_d3",
      "target_hit_bps": 50.0,
      "trades": 210,
      "win_rate": 0.6476190476190476,
      "avg_return": -0.0009597057692620342,
      "median_return": 0.005,
      "compound_return": -0.19348735056100996,
      "max_drawdown": -0.2196502262955159,
      "profit_factor": 0.7647715274508905,
      "windows": 10
    },
    {
      "entry_policy": "all_days",
      "feature_group": "all_no_ak",
      "model_name": "xgb_d2_200_lr003_mcw5",
      "target_hit_bps": 50.0,
      "trades": 204,
      "win_rate": 0.6372549019607843,
      "avg_return": -0.0010451946130599046,
      "median_return": 0.005,
      "compound_return": -0.2026906366228487,
      "max_drawdown": -0.21998721176709823,
      "profit_factor": 0.7480775815967955,
      "windows": 10
    },
    {
      "entry_policy": "all_days",
      "feature_group": "reversal_fundamental_regime_sector",
      "model_name": "extra_trees_600_d3",
      "target_hit_bps": 50.0,
      "trades": 181,
      "win_rate": 0.6740331491712708,
      "avg_return": -0.0012030554793388592,
      "median_return": 0.005,
      "compound_return": -0.20654648328669134,
      "max_drawdown": -0.2349198545555371,
      "profit_factor": 0.7283762542356375,
      "windows": 10
    },
    {
      "entry_policy": "all_days",
      "feature_group": "reversal_fundamental_regime_sector_external",
      "model_name": "extra_trees_600_d3",
      "target_hit_bps": 50.0,
      "trades": 181,
      "win_rate": 0.6740331491712708,
      "avg_return": -0.0012030554793388592,
      "median_return": 0.005,
      "compound_return": -0.20654648328669134,
      "max_drawdown": -0.2349198545555371,
      "profit_factor": 0.7283762542356375,
      "windows": 10
    },
    {
      "entry_policy": "all_days",
      "feature_group": "reversal_fundamental_regime",
      "model_name": "lgbm_leaves7_400",
      "target_hit_bps": 50.0,
      "trades": 173,
      "win_rate": 0.6127167630057804,
      "avg_return": -0.0013780035385753306,
      "median_return": 0.005,
      "compound_return": -0.2213905654322461,
      "max_drawdown": -0.24056719541463256,
      "profit_factor": 0.6834274576748575,
      "windows": 10
    },
    {
      "entry_policy": "all_days",
      "feature_group": "reversal_fundamental_regime",
      "model_name": "random_forest_600_d4",
      "target_hit_bps": 50.0,
      "trades": 189,
      "win_rate": 0.6349206349206349,
      "avg_return": -0.0013105403406134227,
      "median_return": 0.005,
      "compound_return": -0.22982594472289686,
      "max_drawdown": -0.2636134889913798,
      "profit_factor": 0.6998356268851457,
      "windows": 10
    },
    {
      "entry_policy": "all_days",
      "feature_group": "reversal_fundamental_regime",
      "model_name": "xgb_d4_500_lr002_mcw5",
      "target_hit_bps": 50.0,
      "trades": 144,
      "win_rate": 0.6458333333333334,
      "avg_return": -0.0017356686482354132,
      "median_return": 0.005,
      "compound_return": -0.23062223166105955,
      "max_drawdown": -0.25425803502803834,
      "profit_factor": 0.6428643760519963,
      "windows": 10
    },
    {
      "entry_policy": "all_days",
      "feature_group": "all_no_ak",
      "model_name": "lgbm_leaves7_400",
      "target_hit_bps": 50.0,
      "trades": 233,
      "win_rate": 0.6137339055793991,
      "avg_return": -0.001092632228316766,
      "median_return": 0.005,
      "compound_return": -0.23321104207104226,
      "max_drawdown": -0.2520965416141433,
      "profit_factor": 0.7292781626674706,
      "windows": 10
    },
    {
      "entry_policy": "all_days",
      "feature_group": "all_no_ak",
      "model_name": "random_forest_600_d4",
      "target_hit_bps": 50.0,
      "trades": 225,
      "win_rate": 0.6488888888888888,
      "avg_return": -0.001113610701517973,
      "median_return": 0.005,
      "compound_return": -0.23339318762661365,
      "max_drawdown": -0.26937298753199856,
      "profit_factor": 0.7380898807134408,
      "windows": 10
    },
    {
      "entry_policy": "all_days",
      "feature_group": "reversal_fundamental_regime_sector",
      "model_name": "xgb_d2_200_lr003_mcw5",
      "target_hit_bps": 50.0,
      "trades": 191,
      "win_rate": 0.6544502617801047,
      "avg_return": -0.0014335355473284563,
      "median_return": 0.005,
      "compound_return": -0.25136266185596645,
      "max_drawdown": -0.2983315167020759,
      "profit_factor": 0.687686751959671,
      "windows": 10
    },
    {
      "entry_policy": "all_days",
      "feature_group": "reversal_fundamental_regime_sector_external",
      "model_name": "xgb_d2_200_lr003_mcw5",
      "target_hit_bps": 50.0,
      "trades": 191,
      "win_rate": 0.6544502617801047,
      "avg_return": -0.0014335355473284563,
      "median_return": 0.005,
      "compound_return": -0.25136266185596645,
      "max_drawdown": -0.2983315167020759,
      "profit_factor": 0.687686751959671,
      "windows": 10
    },
    {
      "entry_policy": "all_days",
      "feature_group": "reversal_fundamental_regime",
      "model_name": "extra_trees_600_d3",
      "target_hit_bps": 50.0,
      "trades": 188,
      "win_rate": 0.6595744680851063,
      "avg_return": -0.0014832622023439536,
      "median_return": 0.005,
      "compound_return": -0.25437532665659657,
      "max_drawdown": -0.26457046872994217,
      "profit_factor": 0.6875055951637958,
      "windows": 10
    },
    {
      "entry_policy": "all_days",
      "feature_group": "reversal_fundamental_regime_sector",
      "model_name": "xgb_d3_600_lr002_mcw3",
      "target_hit_bps": 50.0,
      "trades": 183,
      "win_rate": 0.6229508196721312,
      "avg_return": -0.0015409590657003724,
      "median_return": 0.005,
      "compound_return": -0.25446266104485005,
      "max_drawdown": -0.27282474741634777,
      "profit_factor": 0.6600081049344747,
      "windows": 10
    },
    {
      "entry_policy": "all_days",
      "feature_group": "reversal_fundamental_regime_sector_external",
      "model_name": "xgb_d3_600_lr002_mcw3",
      "target_hit_bps": 50.0,
      "trades": 183,
      "win_rate": 0.6229508196721312,
      "avg_return": -0.0015409590657003724,
      "median_return": 0.005,
      "compound_return": -0.25446266104485005,
      "max_drawdown": -0.27282474741634777,
      "profit_factor": 0.6600081049344747,
      "windows": 10
    },
    {
      "entry_policy": "all_days",
      "feature_group": "reversal_fundamental_regime_sector",
      "model_name": "lgbm_leaves7_400",
      "target_hit_bps": 50.0,
      "trades": 206,
      "win_rate": 0.6213592233009708,
      "avg_return": -0.0015352423957739328,
      "median_return": 0.005,
      "compound_return": -0.28052424841761014,
      "max_drawdown": -0.3023593092998621,
      "profit_factor": 0.6612570083657908,
      "windows": 10
    },
    {
      "entry_policy": "all_days",
      "feature_group": "reversal_fundamental_regime_sector_external",
      "model_name": "lgbm_leaves7_400",
      "target_hit_bps": 50.0,
      "trades": 206,
      "win_rate": 0.6213592233009708,
      "avg_return": -0.0015352423957739328,
      "median_return": 0.005,
      "compound_return": -0.28052424841761014,
      "max_drawdown": -0.3023593092998621,
      "profit_factor": 0.6612570083657908,
      "windows": 10
    },
    {
      "entry_policy": "all_days",
      "feature_group": "reversal_fundamental_regime_sector",
      "model_name": "lgbm_leaves15_700",
      "target_hit_bps": 50.0,
      "trades": 207,
      "win_rate": 0.6473429951690821,
      "avg_return": -0.001558731715658252,
      "median_return": 0.005,
      "compound_return": -0.2874742122018843,
      "max_drawdown": -0.2969255739642428,
      "profit_factor": 0.6613165704570035,
      "windows": 10
    },
    {
      "entry_policy": "all_days",
      "feature_group": "reversal_fundamental_regime_sector_external",
      "model_name": "lgbm_leaves15_700",
      "target_hit_bps": 50.0,
      "trades": 207,
      "win_rate": 0.6473429951690821,
      "avg_return": -0.001558731715658252,
      "median_return": 0.005,
      "compound_return": -0.2874742122018843,
      "max_drawdown": -0.2969255739642428,
      "profit_factor": 0.6613165704570035,
      "windows": 10
    }
  ]
}

[2026-05-17T00:38:53] RUN search_all_days_hit_80bps
  /usr/bin/python3 model_training/search_walk_forward_model_complexity.py --samples /root/stock_realtime_v021_full/saved_data/601186_pipeline_out_v2_new27_full/03_sector/training_samples_with_sector.csv --intraday-bars /root/stock_realtime_v021_full/saved_data/601186_pipeline_out_v2_new27_full/00_base/601186_5m.csv --out-dir /root/stock_realtime_v021_full/saved_data/601186_pipeline_out_v2_new27_full/10_search/search_all_days_hit_80bps --round-trip-cost-bps 1.7 --target-hit-bps 80.0 --label-mode hit --entry-policy all_days --entry-vwap-premium-bps 50.0 --max-missing 0.35 --groups reversal_fundamental_regime,reversal_fundamental_regime_sector,reversal_fundamental_regime_sector_external,all_no_ak --models xgb_d2_200_lr003_mcw5,xgb_d3_400_lr003_mcw3,xgb_d3_600_lr002_mcw3,xgb_d4_500_lr002_mcw5,lgbm_leaves7_400,lgbm_leaves15_700,extra_trees_600_d3,random_forest_600_d4 --quantiles 0.5,0.6,0.7,0.8 --train-rows 756 --valid-rows 126 --test-rows 63 --min-valid-trades 8 --min-train-entries 80
{
  "rows": 1539,
  "target_hit_bps": 80.0,
  "label_mode": "hit",
  "entry_policy": "all_days",
  "entry_vwap_premium_bps": 50.0,
  "groups": {
    "reversal_fundamental_regime": 137,
    "reversal_fundamental_regime_sector": 160,
    "reversal_fundamental_regime_sector_external": 160,
    "all_no_ak": 215
  },
  "models": [
    "xgb_d2_200_lr003_mcw5",
    "xgb_d3_400_lr003_mcw3",
    "xgb_d3_600_lr002_mcw3",
    "xgb_d4_500_lr002_mcw5",
    "extra_trees_600_d3",
    "random_forest_600_d4",
    "lgbm_leaves7_400",
    "lgbm_leaves15_700"
  ],
  "top": [
    {
      "entry_policy": "all_days",
      "feature_group": "reversal_fundamental_regime_sector",
      "model_name": "random_forest_600_d4",
      "target_hit_bps": 80.0,
      "trades": 170,
      "win_rate": 0.6411764705882353,
      "avg_return": -0.0003603225773093883,
      "median_return": 0.008,
      "compound_return": -0.07395229245127855,
      "max_drawdown": -0.2002055966207854,
      "profit_factor": 0.9259177295791908,
      "windows": 10
    },
    {
      "entry_policy": "all_days",
      "feature_group": "reversal_fundamental_regime_sector_external",
      "model_name": "random_forest_600_d4",
      "target_hit_bps": 80.0,
      "trades": 170,
      "win_rate": 0.6411764705882353,
      "avg_return": -0.0003603225773093883,
      "median_return": 0.008,
      "compound_return": -0.07395229245127855,
      "max_drawdown": -0.2002055966207854,
      "profit_factor": 0.9259177295791908,
      "windows": 10
    },
    {
      "entry_policy": "all_days",
      "feature_group": "reversal_fundamental_regime",
      "model_name": "random_forest_600_d4",
      "target_hit_bps": 80.0,
      "trades": 170,
      "win_rate": 0.5941176470588235,
      "avg_return": -0.0009175819319069431,
      "median_return": 0.005046833117380415,
      "compound_return": -0.15795783003666497,
      "max_drawdown": -0.22718829043126965,
      "profit_factor": 0.8218905122056176,
      "windows": 10
    },
    {
      "entry_policy": "all_days",
      "feature_group": "reversal_fundamental_regime",
      "model_name": "xgb_d2_200_lr003_mcw5",
      "target_hit_bps": 80.0,
      "trades": 143,
      "win_rate": 0.6083916083916084,
      "avg_return": -0.0013330136265613586,
      "median_return": 0.008,
      "compound_return": -0.18729860541784527,
      "max_drawdown": -0.2707575657715323,
      "profit_factor": 0.7696205632697825,
      "windows": 10
    },
    {
      "entry_policy": "all_days",
      "feature_group": "reversal_fundamental_regime_sector",
      "model_name": "xgb_d2_200_lr003_mcw5",
      "target_hit_bps": 80.0,
      "trades": 154,
      "win_rate": 0.6038961038961039,
      "avg_return": -0.0013123672305407218,
      "median_return": 0.008,
      "compound_return": -0.19741268829037806,
      "max_drawdown": -0.26276204443612905,
      "profit_factor": 0.7747123022765008,
      "windows": 10
    },
    {
      "entry_policy": "all_days",
      "feature_group": "reversal_fundamental_regime_sector_external",
      "model_name": "xgb_d2_200_lr003_mcw5",
      "target_hit_bps": 80.0,
      "trades": 154,
      "win_rate": 0.6038961038961039,
      "avg_return": -0.0013123672305407218,
      "median_return": 0.008,
      "compound_return": -0.19741268829037806,
      "max_drawdown": -0.26276204443612905,
      "profit_factor": 0.7747123022765008,
      "windows": 10
    },
    {
      "entry_policy": "all_days",
      "feature_group": "reversal_fundamental_regime_sector",
      "model_name": "lgbm_leaves7_400",
      "target_hit_bps": 80.0,
      "trades": 196,
      "win_rate": 0.5663265306122449,
      "avg_return": -0.0010416249750878537,
      "median_return": 0.004175527246290559,
      "compound_return": -0.19868715934772008,
      "max_drawdown": -0.25028299386336106,
      "profit_factor": 0.7940456335519953,
      "windows": 10
    },
    {
      "entry_policy": "all_days",
      "feature_group": "reversal_fundamental_regime_sector_external",
      "model_name": "lgbm_leaves7_400",
      "target_hit_bps": 80.0,
      "trades": 196,
      "win_rate": 0.5663265306122449,
      "avg_return": -0.0010416249750878537,
      "median_return": 0.004175527246290559,
      "compound_return": -0.19868715934772008,
      "max_drawdown": -0.25028299386336106,
      "profit_factor": 0.7940456335519953,
      "windows": 10
    },
    {
      "entry_policy": "all_days",
      "feature_group": "all_no_ak",
      "model_name": "extra_trees_600_d3",
      "target_hit_bps": 80.0,
      "trades": 187,
      "win_rate": 0.5721925133689839,
      "avg_return": -0.0013113712192396217,
      "median_return": 0.005257408412483015,
      "compound_return": -0.23138052415980315,
      "max_drawdown": -0.2549570119390254,
      "profit_factor": 0.7614731824325385,
      "windows": 10
    },
    {
      "entry_policy": "all_days",
      "feature_group": "reversal_fundamental_regime",
      "model_name": "lgbm_leaves7_400",
      "target_hit_bps": 80.0,
      "trades": 211,
      "win_rate": 0.5355450236966824,
      "avg_return": -0.0011773097176209998,
      "median_return": 0.0032664261168384758,
      "compound_return": -0.23462212832307783,
      "max_drawdown": -0.2851770940595624,
      "profit_factor": 0.7681974528520158,
      "windows": 10
    },
    {
      "entry_policy": "all_days",
      "feature_group": "reversal_fundamental_regime",
      "model_name": "extra_trees_600_d3",
      "target_hit_bps": 80.0,
      "trades": 226,
      "win_rate": 0.588495575221239,
      "avg_return": -0.0011765662496860125,
      "median_return": 0.007080372373735936,
      "compound_return": -0.24883839931860374,
      "max_drawdown": -0.2730074723490087,
      "profit_factor": 0.7850542721600724,
      "windows": 10
    },
    {
      "entry_policy": "all_days",
      "feature_group": "all_no_ak",
      "model_name": "lgbm_leaves15_700",
      "target_hit_bps": 80.0,
      "trades": 246,
      "win_rate": 0.524390243902439,
      "avg_return": -0.0010951506053249425,
      "median_return": 0.0022782151552608355,
      "compound_return": -0.24941906184920593,
      "max_drawdown": -0.2831270205959837,
      "profit_factor": 0.7717163138446489,
      "windows": 10
    },
    {
      "entry_policy": "all_days",
      "feature_group": "reversal_fundamental_regime",
      "model_name": "xgb_d4_500_lr002_mcw5",
      "target_hit_bps": 80.0,
      "trades": 199,
      "win_rate": 0.5527638190954773,
      "avg_return": -0.0013533299678430803,
      "median_return": 0.003819361702127603,
      "compound_return": -0.2502370448296475,
      "max_drawdown": -0.29701091372460753,
      "profit_factor": 0.7449907894078619,
      "windows": 10
    },
    {
      "entry_policy": "all_days",
      "feature_group": "reversal_fundamental_regime_sector",
      "model_name": "extra_trees_600_d3",
      "target_hit_bps": 80.0,
      "trades": 233,
      "win_rate": 0.575107296137339,
      "avg_return": -0.0011654119465543836,
      "median_return": 0.004192050163576825,
      "compound_return": -0.25284063462080897,
      "max_drawdown": -0.30847157501569233,
      "profit_factor": 0.7797906822459052,
      "windows": 10
    },
    {
      "entry_policy": "all_days",
      "feature_group": "reversal_fundamental_regime_sector_external",
      "model_name": "extra_trees_600_d3",
      "target_hit_bps": 80.0,
      "trades": 233,
      "win_rate": 0.575107296137339,
      "avg_return": -0.0011654119465543836,
      "median_return": 0.004192050163576825,
      "compound_return": -0.25284063462080897,
      "max_drawdown": -0.30847157501569233,
      "profit_factor": 0.7797906822459052,
      "windows": 10
    },
    {
      "entry_policy": "all_days",
      "feature_group": "all_no_ak",
      "model_name": "xgb_d2_200_lr003_mcw5",
      "target_hit_bps": 80.0,
      "trades": 181,
      "win_rate": 0.56353591160221,
      "avg_return": -0.001582031461141289,
      "median_return": 0.004140344827586299,
      "compound_return": -0.2630503931831787,
      "max_drawdown": -0.31533593347841693,
      "profit_factor": 0.7193830697109936,
      "windows": 10
    },
    {
      "entry_policy": "all_days",
      "feature_group": "all_no_ak",
      "model_name": "random_forest_600_d4",
      "target_hit_bps": 80.0,
      "trades": 201,
      "win_rate": 0.5671641791044776,
      "avg_return": -0.0014825305857463845,
      "median_return": 0.004159004329004293,
      "compound_return": -0.27231666285828116,
      "max_drawdown": -0.3298111569185206,
      "profit_factor": 0.7309924951131953,
      "windows": 10
    },
    {
      "entry_policy": "all_days",
      "feature_group": "reversal_fundamental_regime",
      "model_name": "lgbm_leaves15_700",
      "target_hit_bps": 80.0,
      "trades": 185,
      "win_rate": 0.518918918918919,
      "avg_return": -0.0016564248268354084,
      "median_return": 0.0023021878862792312,
      "compound_return": -0.2765195837544677,
      "max_drawdown": -0.29459565688961575,
      "profit_factor": 0.6912011814453425,
      "windows": 10
    },
    {
      "entry_policy": "all_days",
      "feature_group": "reversal_fundamental_regime",
      "model_name": "xgb_d3_400_lr003_mcw3",
      "target_hit_bps": 80.0,
      "trades": 181,
      "win_rate": 0.5193370165745856,
      "avg_return": -0.0017229623744296403,
      "median_return": 0.0023021878862792312,
      "compound_return": -0.27913381327538556,
      "max_drawdown": -0.3050317502795016,
      "profit_factor": 0.6803063506754256,
      "windows": 10
    },
    {
      "entry_policy": "all_days",
      "feature_group": "all_no_ak",
      "model_name": "lgbm_leaves7_400",
      "target_hit_bps": 80.0,
      "trades": 217,
      "win_rate": 0.5299539170506913,
      "avg_return": -0.0014771306581052284,
      "median_return": 0.00225424242424244,
      "compound_return": -0.2882354690116714,
      "max_drawdown": -0.34292322341119863,
      "profit_factor": 0.7128227303885517,
      "windows": 10
    }
  ]
}

[2026-05-17T00:48:54] RUN search_all_days_close_profit_50bps
  /usr/bin/python3 model_training/search_walk_forward_model_complexity.py --samples /root/stock_realtime_v021_full/saved_data/601186_pipeline_out_v2_new27_full/03_sector/training_samples_with_sector.csv --intraday-bars /root/stock_realtime_v021_full/saved_data/601186_pipeline_out_v2_new27_full/00_base/601186_5m.csv --out-dir /root/stock_realtime_v021_full/saved_data/601186_pipeline_out_v2_new27_full/10_search/search_all_days_close_profit_50bps --round-trip-cost-bps 1.7 --target-hit-bps 50.0 --label-mode close_profit --entry-policy all_days --entry-vwap-premium-bps 50.0 --max-missing 0.35 --groups reversal_fundamental_regime,reversal_fundamental_regime_sector,reversal_fundamental_regime_sector_external,all_no_ak --models xgb_d2_200_lr003_mcw5,xgb_d3_400_lr003_mcw3,xgb_d3_600_lr002_mcw3,xgb_d4_500_lr002_mcw5,lgbm_leaves7_400,lgbm_leaves15_700,extra_trees_600_d3,random_forest_600_d4 --quantiles 0.5,0.6,0.7,0.8 --train-rows 756 --valid-rows 126 --test-rows 63 --min-valid-trades 8 --min-train-entries 80
{
  "rows": 1539,
  "target_hit_bps": 50.0,
  "label_mode": "close_profit",
  "entry_policy": "all_days",
  "entry_vwap_premium_bps": 50.0,
  "groups": {
    "reversal_fundamental_regime": 137,
    "reversal_fundamental_regime_sector": 160,
    "reversal_fundamental_regime_sector_external": 160,
    "all_no_ak": 215
  },
  "models": [
    "xgb_d2_200_lr003_mcw5",
    "xgb_d3_400_lr003_mcw3",
    "xgb_d3_600_lr002_mcw3",
    "xgb_d4_500_lr002_mcw5",
    "extra_trees_600_d3",
    "random_forest_600_d4",
    "lgbm_leaves7_400",
    "lgbm_leaves15_700"
  ],
  "top": [
    {
      "entry_policy": "all_days",
      "feature_group": "all_no_ak",
      "model_name": "xgb_d4_500_lr002_mcw5",
      "target_hit_bps": 50.0,
      "trades": 234,
      "win_rate": 0.46153846153846156,
      "avg_return": 0.0004951094322249617,
      "median_return": -0.00016999999999999999,
      "compound_return": 0.07604151970278439,
      "max_drawdown": -0.16103115471160334,
      "profit_factor": 1.0936902163547255,
      "windows": 10
    },
    {
      "entry_policy": "all_days",
      "feature_group": "reversal_fundamental_regime",
      "model_name": "random_forest_600_d4",
      "target_hit_bps": 50.0,
      "trades": 252,
      "win_rate": 0.4801587301587302,
      "avg_return": 0.00042181747721185174,
      "median_return": -0.00016999999999999999,
      "compound_return": 0.059658431074763874,
      "max_drawdown": -0.18134960459669247,
      "profit_factor": 1.0770307999258901,
      "windows": 10
    },
    {
      "entry_policy": "all_days",
      "feature_group": "reversal_fundamental_regime",
      "model_name": "xgb_d3_600_lr002_mcw3",
      "target_hit_bps": 50.0,
      "trades": 245,
      "win_rate": 0.4448979591836735,
      "avg_return": 0.0003138892635398363,
      "median_return": -0.00016999999999999999,
      "compound_return": 0.02252980365618762,
      "max_drawdown": -0.2414793247398952,
      "profit_factor": 1.0532971483879785,
      "windows": 10
    },
    {
      "entry_policy": "all_days",
      "feature_group": "all_no_ak",
      "model_name": "xgb_d2_200_lr003_mcw5",
      "target_hit_bps": 50.0,
      "trades": 211,
      "win_rate": 0.45023696682464454,
      "avg_return": 0.00022233543241205453,
      "median_return": -0.00016999999999999999,
      "compound_return": 0.005186333313572211,
      "max_drawdown": -0.1552884898035437,
      "profit_factor": 1.0391005138738572,
      "windows": 10
    },
    {
      "entry_policy": "all_days",
      "feature_group": "all_no_ak",
      "model_name": "random_forest_600_d4",
      "target_hit_bps": 50.0,
      "trades": 241,
      "win_rate": 0.48132780082987553,
      "avg_return": 0.00024121256628657957,
      "median_return": -0.00016999999999999999,
      "compound_return": 0.0007746640291610429,
      "max_drawdown": -0.2219992690180319,
      "profit_factor": 1.0376714038381498,
      "windows": 10
    },
    {
      "entry_policy": "all_days",
      "feature_group": "all_no_ak",
      "model_name": "xgb_d3_600_lr002_mcw3",
      "target_hit_bps": 50.0,
      "trades": 246,
      "win_rate": 0.46747967479674796,
      "avg_return": 0.0002112635357434413,
      "median_return": -0.00016999999999999999,
      "compound_return": 0.00022708799602777496,
      "max_drawdown": -0.1541468766766172,
      "profit_factor": 1.0366118952224401,
      "windows": 10
    },
    {
      "entry_policy": "all_days",
      "feature_group": "reversal_fundamental_regime_sector",
      "model_name": "xgb_d2_200_lr003_mcw5",
      "target_hit_bps": 50.0,
      "trades": 204,
      "win_rate": 0.4362745098039216,
      "avg_return": -5.8999745307196346e-05,
      "median_return": -0.00016999999999999999,
      "compound_return": -0.04650312916630761,
      "max_drawdown": -0.25270230590071774,
      "profit_factor": 0.9890792483450411,
      "windows": 10
    },
    {
      "entry_policy": "all_days",
      "feature_group": "reversal_fundamental_regime_sector_external",
      "model_name": "xgb_d2_200_lr003_mcw5",
      "target_hit_bps": 50.0,
      "trades": 204,
      "win_rate": 0.4362745098039216,
      "avg_return": -5.8999745307196346e-05,
      "median_return": -0.00016999999999999999,
      "compound_return": -0.04650312916630761,
      "max_drawdown": -0.25270230590071774,
      "profit_factor": 0.9890792483450411,
      "windows": 10
    },
    {
      "entry_policy": "all_days",
      "feature_group": "all_no_ak",
      "model_name": "lgbm_leaves7_400",
      "target_hit_bps": 50.0,
      "trades": 239,
      "win_rate": 0.4225941422594142,
      "avg_return": -2.5407650901553904e-05,
      "median_return": -0.00016999999999999999,
      "compound_return": -0.052719987982748684,
      "max_drawdown": -0.21260598537475317,
      "profit_factor": 0.9957385827482437,
      "windows": 10
    },
    {
      "entry_policy": "all_days",
      "feature_group": "all_no_ak",
      "model_name": "extra_trees_600_d3",
      "target_hit_bps": 50.0,
      "trades": 251,
      "win_rate": 0.4900398406374502,
      "avg_return": -1.803214877276477e-05,
      "median_return": -0.00016999999999999999,
      "compound_return": -0.058815511465098114,
      "max_drawdown": -0.18859482311008724,
      "profit_factor": 0.9972169717081201,
      "windows": 10
    },
    {
      "entry_policy": "all_days",
      "feature_group": "reversal_fundamental_regime_sector",
      "model_name": "random_forest_600_d4",
      "target_hit_bps": 50.0,
      "trades": 210,
      "win_rate": 0.47619047619047616,
      "avg_return": -0.0002490875944177012,
      "median_return": -0.00016999999999999999,
      "compound_return": -0.08911665727318152,
      "max_drawdown": -0.22669399895269526,
      "profit_factor": 0.9581949029095345,
      "windows": 10
    },
    {
      "entry_policy": "all_days",
      "feature_group": "reversal_fundamental_regime_sector_external",
      "model_name": "random_forest_600_d4",
      "target_hit_bps": 50.0,
      "trades": 210,
      "win_rate": 0.47619047619047616,
      "avg_return": -0.0002490875944177012,
      "median_return": -0.00016999999999999999,
      "compound_return": -0.08911665727318152,
      "max_drawdown": -0.22669399895269526,
      "profit_factor": 0.9581949029095345,
      "windows": 10
    },
    {
      "entry_policy": "all_days",
      "feature_group": "reversal_fundamental_regime_sector",
      "model_name": "extra_trees_600_d3",
      "target_hit_bps": 50.0,
      "trades": 267,
      "win_rate": 0.47191011235955055,
      "avg_return": -0.0003465800076883175,
      "median_return": -0.00016999999999999999,
      "compound_return": -0.13657134672334792,
      "max_drawdown": -0.28202486256401493,
      "profit_factor": 0.9449694788220523,
      "windows": 10
    },
    {
      "entry_policy": "all_days",
      "feature_group": "reversal_fundamental_regime_sector_external",
      "model_name": "extra_trees_600_d3",
      "target_hit_bps": 50.0,
      "trades": 267,
      "win_rate": 0.47191011235955055,
      "avg_return": -0.0003465800076883175,
      "median_return": -0.00016999999999999999,
      "compound_return": -0.13657134672334792,
      "max_drawdown": -0.28202486256401493,
      "profit_factor": 0.9449694788220523,
      "windows": 10
    },
    {
      "entry_policy": "all_days",
      "feature_group": "reversal_fundamental_regime",
      "model_name": "lgbm_leaves15_700",
      "target_hit_bps": 50.0,
      "trades": 243,
      "win_rate": 0.43209876543209874,
      "avg_return": -0.00042820229915821147,
      "median_return": -0.00016999999999999999,
      "compound_return": -0.13908660333468947,
      "max_drawdown": -0.2232456881191498,
      "profit_factor": 0.9257654517169626,
      "windows": 10
    },
    {
      "entry_policy": "all_days",
      "feature_group": "reversal_fundamental_regime",
      "model_name": "xgb_d3_400_lr003_mcw3",
      "target_hit_bps": 50.0,
      "trades": 250,
      "win_rate": 0.432,
      "avg_return": -0.0005009585025048462,
      "median_return": -0.0007638242280285056,
      "compound_return": -0.15880754262422048,
      "max_drawdown": -0.24341487425156516,
      "profit_factor": 0.9153286090614419,
      "windows": 10
    },
    {
      "entry_policy": "all_days",
      "feature_group": "all_no_ak",
      "model_name": "xgb_d3_400_lr003_mcw3",
      "target_hit_bps": 50.0,
      "trades": 249,
      "win_rate": 0.42971887550200805,
      "avg_return": -0.0005789323994756282,
      "median_return": -0.00016999999999999999,
      "compound_return": -0.17461971269602206,
      "max_drawdown": -0.18960244819043826,
      "profit_factor": 0.9022862151257416,
      "windows": 10
    },
    {
      "entry_policy": "all_days",
      "feature_group": "reversal_fundamental_regime_sector",
      "model_name": "xgb_d3_400_lr003_mcw3",
      "target_hit_bps": 50.0,
      "trades": 236,
      "win_rate": 0.4194915254237288,
      "avg_return": -0.0007253306433968401,
      "median_return": -0.00016999999999999999,
      "compound_return": -0.18695269076224164,
      "max_drawdown": -0.26672318771790937,
      "profit_factor": 0.8653369352355917,
      "windows": 10
    },
    {
      "entry_policy": "all_days",
      "feature_group": "reversal_fundamental_regime_sector_external",
      "model_name": "xgb_d3_400_lr003_mcw3",
      "target_hit_bps": 50.0,
      "trades": 236,
      "win_rate": 0.4194915254237288,
      "avg_return": -0.0007253306433968401,
      "median_return": -0.00016999999999999999,
      "compound_return": -0.18695269076224164,
      "max_drawdown": -0.26672318771790937,
      "profit_factor": 0.8653369352355917,
      "windows": 10
    },
    {
      "entry_policy": "all_days",
      "feature_group": "reversal_fundamental_regime",
      "model_name": "xgb_d4_500_lr002_mcw5",
      "target_hit_bps": 50.0,
      "trades": 246,
      "win_rate": 0.4065040650406504,
      "avg_return": -0.0006845272511380454,
      "median_return": -0.0014176999666864441,
      "compound_return": -0.1919985424718943,
      "max_drawdown": -0.27288972112550236,
      "profit_factor": 0.8838893714758197,
      "windows": 10
    }
  ]
}

[2026-05-17T00:58:50] RUN summarize
  /usr/bin/python3 model_training/summarize_nextday_search_results.py --pipeline-out /root/stock_realtime_v021_full/saved_data/601186_pipeline_out_v2_new27_full --out-dir /root/stock_realtime_v021_full/saved_data/601186_pipeline_out_v2_new27_full/99_summary --excel
{
  "rows": 192,
  "outputs": {
    "final_leaderboard": "/root/stock_realtime_v021_full/saved_data/601186_pipeline_out_v2_new27_full/99_summary/final_leaderboard.csv",
    "best_by_target_top5": "/root/stock_realtime_v021_full/saved_data/601186_pipeline_out_v2_new27_full/99_summary/best_by_target_top5.csv",
    "best_by_entry_policy_top5": "/root/stock_realtime_v021_full/saved_data/601186_pipeline_out_v2_new27_full/99_summary/best_by_entry_policy_top5.csv",
    "excel": "/root/stock_realtime_v021_full/saved_data/601186_pipeline_out_v2_new27_full/99_summary/final_leaderboard.xlsx",
    "summary_manifest": "/root/stock_realtime_v021_full/saved_data/601186_pipeline_out_v2_new27_full/99_summary/summary_manifest.json"
  }
}
=== nextday pipeline end: 2026-05-17T00:58:51 status=ok ===
