

===== 2026-05-21 00:19:22 002270.SZ CMD: /usr/bin/python3 pipelines/run_nextday_pipeline.py --symbol 002270.SZ --sector-symbol 电网设备 --end-date 2026-05-20 --feature-pipeline fundamental,sector --only-stages update_data,samples,fundamental,sector =====
{
  "status": "ok",
  "symbol": "002270.SZ",
  "out_root": "/root/stock_realtime_v021_full/saved_data/002270_pipeline_out",
  "final_samples": "/root/stock_realtime_v021_full/saved_data/002270_pipeline_out/03_sector/training_samples_with_sector.csv",
  "leaderboard": "/root/stock_realtime_v021_full/saved_data/002270_pipeline_out/99_summary/final_leaderboard.csv",
  "manifest": "/root/stock_realtime_v021_full/saved_data/002270_pipeline_out/pipeline_summary.json"
}


===== 2026-05-21 00:20:21 002311.SZ CMD: /usr/bin/python3 pipelines/run_nextday_pipeline.py --symbol 002311.SZ --sector-symbol 农产品加工 --end-date 2026-05-20 --feature-pipeline fundamental,sector --only-stages update_data,samples,fundamental,sector =====
{
  "status": "ok",
  "symbol": "002311.SZ",
  "out_root": "/root/stock_realtime_v021_full/saved_data/002311_pipeline_out",
  "final_samples": "/root/stock_realtime_v021_full/saved_data/002311_pipeline_out/03_sector/training_samples_with_sector.csv",
  "leaderboard": "/root/stock_realtime_v021_full/saved_data/002311_pipeline_out/99_summary/final_leaderboard.csv",
  "manifest": "/root/stock_realtime_v021_full/saved_data/002311_pipeline_out/pipeline_summary.json"
}


===== 2026-05-21 00:21:24 002714.SZ CMD: /usr/bin/python3 pipelines/run_nextday_pipeline.py --symbol 002714.SZ --sector-symbol 养殖业 --end-date 2026-05-20 --feature-pipeline fundamental,sector --only-stages update_data,samples,fundamental,sector =====
{
  "status": "ok",
  "symbol": "002714.SZ",
  "out_root": "/root/stock_realtime_v021_full/saved_data/002714_pipeline_out",
  "final_samples": "/root/stock_realtime_v021_full/saved_data/002714_pipeline_out/03_sector/training_samples_with_sector.csv",
  "leaderboard": "/root/stock_realtime_v021_full/saved_data/002714_pipeline_out/99_summary/final_leaderboard.csv",
  "manifest": "/root/stock_realtime_v021_full/saved_data/002714_pipeline_out/pipeline_summary.json"
}


===== 2026-05-21 00:22:17 600096.SH CMD: /usr/bin/python3 pipelines/run_nextday_pipeline.py --symbol 600096.SH --sector-symbol 农化制品 --end-date 2026-05-20 --feature-pipeline fundamental,sector --only-stages update_data,samples,fundamental,sector =====
{
  "status": "ok",
  "symbol": "600096.SH",
  "out_root": "/root/stock_realtime_v021_full/saved_data/600096_pipeline_out",
  "final_samples": "/root/stock_realtime_v021_full/saved_data/600096_pipeline_out/03_sector/training_samples_with_sector.csv",
  "leaderboard": "/root/stock_realtime_v021_full/saved_data/600096_pipeline_out/99_summary/final_leaderboard.csv",
  "manifest": "/root/stock_realtime_v021_full/saved_data/600096_pipeline_out/pipeline_summary.json"
}


===== 2026-05-21 00:23:13 600276.SH CMD: /usr/bin/python3 pipelines/run_nextday_pipeline.py --symbol 600276.SH --sector-symbol 化学制药 --end-date 2026-05-20 --feature-pipeline fundamental,sector --only-stages update_data,samples,fundamental,sector =====
{
  "status": "ok",
  "symbol": "600276.SH",
  "out_root": "/root/stock_realtime_v021_full/saved_data/600276_pipeline_out",
  "final_samples": "/root/stock_realtime_v021_full/saved_data/600276_pipeline_out/03_sector/training_samples_with_sector.csv",
  "leaderboard": "/root/stock_realtime_v021_full/saved_data/600276_pipeline_out/99_summary/final_leaderboard.csv",
  "manifest": "/root/stock_realtime_v021_full/saved_data/600276_pipeline_out/pipeline_summary.json"
}


===== 2026-05-21 00:24:07 600312.SH CMD: /usr/bin/python3 pipelines/run_nextday_pipeline.py --symbol 600312.SH --sector-symbol 电网设备 --end-date 2026-05-20 --feature-pipeline fundamental,sector --only-stages update_data,samples,fundamental,sector =====
{
  "status": "ok",
  "symbol": "600312.SH",
  "out_root": "/root/stock_realtime_v021_full/saved_data/600312_pipeline_out",
  "final_samples": "/root/stock_realtime_v021_full/saved_data/600312_pipeline_out/03_sector/training_samples_with_sector.csv",
  "leaderboard": "/root/stock_realtime_v021_full/saved_data/600312_pipeline_out/99_summary/final_leaderboard.csv",
  "manifest": "/root/stock_realtime_v021_full/saved_data/600312_pipeline_out/pipeline_summary.json"
}


===== 2026-05-21 00:24:57 600487.SH CMD: /usr/bin/python3 pipelines/run_nextday_pipeline.py --symbol 600487.SH --sector-symbol 通信设备 --end-date 2026-05-20 --feature-pipeline fundamental,sector --only-stages update_data,samples,fundamental,sector,external_optical_cable_grid --external optical_cable_grid =====
{
  "status": "ok",
  "symbol": "600487.SH",
  "out_root": "/root/stock_realtime_v021_full/saved_data/600487_pipeline_out",
  "final_samples": "/root/stock_realtime_v021_full/saved_data/600487_pipeline_out/04_external/optical_cable_grid/training_samples_with_optical_cable_grid_external.csv",
  "leaderboard": "/root/stock_realtime_v021_full/saved_data/600487_pipeline_out/99_summary/final_leaderboard.csv",
  "manifest": "/root/stock_realtime_v021_full/saved_data/600487_pipeline_out/pipeline_summary.json"
}


===== 2026-05-21 00:26:20 600522.SH CMD: /usr/bin/python3 pipelines/run_nextday_pipeline.py --symbol 600522.SH --sector-symbol 通信设备 --end-date 2026-05-20 --feature-pipeline fundamental,sector --only-stages update_data,samples,fundamental,sector,external_optical_cable_grid --external optical_cable_grid =====
{
  "status": "ok",
  "symbol": "600522.SH",
  "out_root": "/root/stock_realtime_v021_full/saved_data/600522_pipeline_out",
  "final_samples": "/root/stock_realtime_v021_full/saved_data/600522_pipeline_out/04_external/optical_cable_grid/training_samples_with_optical_cable_grid_external.csv",
  "leaderboard": "/root/stock_realtime_v021_full/saved_data/600522_pipeline_out/99_summary/final_leaderboard.csv",
  "manifest": "/root/stock_realtime_v021_full/saved_data/600522_pipeline_out/pipeline_summary.json"
}


===== 2026-05-21 00:27:44 601899.SH CMD: /usr/bin/python3 pipelines/run_nextday_pipeline.py --symbol 601899.SH --sector-symbol 贵金属 --end-date 2026-05-20 --feature-pipeline fundamental,sector --only-stages update_data,samples,fundamental,sector =====
{
  "status": "ok",
  "symbol": "601899.SH",
  "out_root": "/root/stock_realtime_v021_full/saved_data/601899_pipeline_out",
  "final_samples": "/root/stock_realtime_v021_full/saved_data/601899_pipeline_out/03_sector/training_samples_with_sector.csv",
  "leaderboard": "/root/stock_realtime_v021_full/saved_data/601899_pipeline_out/99_summary/final_leaderboard.csv",
  "manifest": "/root/stock_realtime_v021_full/saved_data/601899_pipeline_out/pipeline_summary.json"
}


===== 2026-05-21 00:28:35 601985.SH CMD: /usr/bin/python3 pipelines/run_nextday_pipeline.py --symbol 601985.SH --sector-symbol 电力 --end-date 2026-05-20 --feature-pipeline fundamental,sector --only-stages update_data,samples,fundamental,sector =====
{
  "status": "ok",
  "symbol": "601985.SH",
  "out_root": "/root/stock_realtime_v021_full/saved_data/601985_pipeline_out",
  "final_samples": "/root/stock_realtime_v021_full/saved_data/601985_pipeline_out/03_sector/training_samples_with_sector.csv",
  "leaderboard": "/root/stock_realtime_v021_full/saved_data/601985_pipeline_out/99_summary/final_leaderboard.csv",
  "manifest": "/root/stock_realtime_v021_full/saved_data/601985_pipeline_out/pipeline_summary.json"
}


===== 2026-05-21 00:29:32 603308.SH CMD: /usr/bin/python3 pipelines/run_nextday_pipeline.py --symbol 603308.SH --sector-symbol 通用设备 --end-date 2026-05-20 --feature-pipeline fundamental,sector --only-stages update_data,samples,fundamental,sector,external_aero_nuclear_equipment --external aero_nuclear_equipment =====
{
  "status": "ok",
  "symbol": "603308.SH",
  "out_root": "/root/stock_realtime_v021_full/saved_data/603308_pipeline_out",
  "final_samples": "/root/stock_realtime_v021_full/saved_data/603308_pipeline_out/04_external/aero_nuclear_equipment/training_samples_with_aero_nuclear_equipment_external.csv",
  "leaderboard": "/root/stock_realtime_v021_full/saved_data/603308_pipeline_out/99_summary/final_leaderboard.csv",
  "manifest": "/root/stock_realtime_v021_full/saved_data/603308_pipeline_out/pipeline_summary.json"
}


===== 2026-05-21 22:45:08 002270.SZ CMD: /usr/bin/python3 pipelines/run_nextday_pipeline.py --symbol 002270.SZ --sector-symbol 电网设备 --end-date 2026-05-21 --feature-pipeline fundamental,sector --only-stages update_data,samples,fundamental,sector =====
{
  "status": "ok",
  "symbol": "002270.SZ",
  "out_root": "/root/stock_realtime_v021_full/saved_data/002270_pipeline_out",
  "final_samples": "/root/stock_realtime_v021_full/saved_data/002270_pipeline_out/03_sector/training_samples_with_sector.csv",
  "leaderboard": "/root/stock_realtime_v021_full/saved_data/002270_pipeline_out/99_summary/final_leaderboard.csv",
  "manifest": "/root/stock_realtime_v021_full/saved_data/002270_pipeline_out/pipeline_summary.json"
}


===== 2026-05-21 22:45:59 002311.SZ CMD: /usr/bin/python3 pipelines/run_nextday_pipeline.py --symbol 002311.SZ --sector-symbol 农产品加工 --end-date 2026-05-21 --feature-pipeline fundamental,sector --only-stages update_data,samples,fundamental,sector =====
{
  "status": "ok",
  "symbol": "002311.SZ",
  "out_root": "/root/stock_realtime_v021_full/saved_data/002311_pipeline_out",
  "final_samples": "/root/stock_realtime_v021_full/saved_data/002311_pipeline_out/03_sector/training_samples_with_sector.csv",
  "leaderboard": "/root/stock_realtime_v021_full/saved_data/002311_pipeline_out/99_summary/final_leaderboard.csv",
  "manifest": "/root/stock_realtime_v021_full/saved_data/002311_pipeline_out/pipeline_summary.json"
}


===== 2026-05-21 22:46:47 002714.SZ CMD: /usr/bin/python3 pipelines/run_nextday_pipeline.py --symbol 002714.SZ --sector-symbol 养殖业 --end-date 2026-05-21 --feature-pipeline fundamental,sector --only-stages update_data,samples,fundamental,sector =====
{
  "status": "ok",
  "symbol": "002714.SZ",
  "out_root": "/root/stock_realtime_v021_full/saved_data/002714_pipeline_out",
  "final_samples": "/root/stock_realtime_v021_full/saved_data/002714_pipeline_out/03_sector/training_samples_with_sector.csv",
  "leaderboard": "/root/stock_realtime_v021_full/saved_data/002714_pipeline_out/99_summary/final_leaderboard.csv",
  "manifest": "/root/stock_realtime_v021_full/saved_data/002714_pipeline_out/pipeline_summary.json"
}


===== 2026-05-21 22:47:46 600096.SH CMD: /usr/bin/python3 pipelines/run_nextday_pipeline.py --symbol 600096.SH --sector-symbol 农化制品 --end-date 2026-05-21 --feature-pipeline fundamental,sector --only-stages update_data,samples,fundamental,sector =====
{
  "status": "ok",
  "symbol": "600096.SH",
  "out_root": "/root/stock_realtime_v021_full/saved_data/600096_pipeline_out",
  "final_samples": "/root/stock_realtime_v021_full/saved_data/600096_pipeline_out/03_sector/training_samples_with_sector.csv",
  "leaderboard": "/root/stock_realtime_v021_full/saved_data/600096_pipeline_out/99_summary/final_leaderboard.csv",
  "manifest": "/root/stock_realtime_v021_full/saved_data/600096_pipeline_out/pipeline_summary.json"
}


===== 2026-05-21 22:48:46 600276.SH CMD: /usr/bin/python3 pipelines/run_nextday_pipeline.py --symbol 600276.SH --sector-symbol 化学制药 --end-date 2026-05-21 --feature-pipeline fundamental,sector --only-stages update_data,samples,fundamental,sector =====
{
  "status": "ok",
  "symbol": "600276.SH",
  "out_root": "/root/stock_realtime_v021_full/saved_data/600276_pipeline_out",
  "final_samples": "/root/stock_realtime_v021_full/saved_data/600276_pipeline_out/03_sector/training_samples_with_sector.csv",
  "leaderboard": "/root/stock_realtime_v021_full/saved_data/600276_pipeline_out/99_summary/final_leaderboard.csv",
  "manifest": "/root/stock_realtime_v021_full/saved_data/600276_pipeline_out/pipeline_summary.json"
}


===== 2026-05-21 22:49:49 600312.SH CMD: /usr/bin/python3 pipelines/run_nextday_pipeline.py --symbol 600312.SH --sector-symbol 电网设备 --end-date 2026-05-21 --feature-pipeline fundamental,sector --only-stages update_data,samples,fundamental,sector =====
{
  "status": "ok",
  "symbol": "600312.SH",
  "out_root": "/root/stock_realtime_v021_full/saved_data/600312_pipeline_out",
  "final_samples": "/root/stock_realtime_v021_full/saved_data/600312_pipeline_out/03_sector/training_samples_with_sector.csv",
  "leaderboard": "/root/stock_realtime_v021_full/saved_data/600312_pipeline_out/99_summary/final_leaderboard.csv",
  "manifest": "/root/stock_realtime_v021_full/saved_data/600312_pipeline_out/pipeline_summary.json"
}


===== 2026-05-21 22:50:45 600487.SH CMD: /usr/bin/python3 pipelines/run_nextday_pipeline.py --symbol 600487.SH --sector-symbol 通信设备 --end-date 2026-05-21 --feature-pipeline fundamental,sector --only-stages update_data,samples,fundamental,sector,external_optical_cable_grid --external optical_cable_grid =====
{
  "status": "ok",
  "symbol": "600487.SH",
  "out_root": "/root/stock_realtime_v021_full/saved_data/600487_pipeline_out",
  "final_samples": "/root/stock_realtime_v021_full/saved_data/600487_pipeline_out/04_external/optical_cable_grid/training_samples_with_optical_cable_grid_external.csv",
  "leaderboard": "/root/stock_realtime_v021_full/saved_data/600487_pipeline_out/99_summary/final_leaderboard.csv",
  "manifest": "/root/stock_realtime_v021_full/saved_data/600487_pipeline_out/pipeline_summary.json"
}


===== 2026-05-21 22:52:19 600522.SH CMD: /usr/bin/python3 pipelines/run_nextday_pipeline.py --symbol 600522.SH --sector-symbol 通信设备 --end-date 2026-05-21 --feature-pipeline fundamental,sector --only-stages update_data,samples,fundamental,sector,external_optical_cable_grid --external optical_cable_grid =====
{
  "status": "ok",
  "symbol": "600522.SH",
  "out_root": "/root/stock_realtime_v021_full/saved_data/600522_pipeline_out",
  "final_samples": "/root/stock_realtime_v021_full/saved_data/600522_pipeline_out/04_external/optical_cable_grid/training_samples_with_optical_cable_grid_external.csv",
  "leaderboard": "/root/stock_realtime_v021_full/saved_data/600522_pipeline_out/99_summary/final_leaderboard.csv",
  "manifest": "/root/stock_realtime_v021_full/saved_data/600522_pipeline_out/pipeline_summary.json"
}


===== 2026-05-21 22:53:55 601899.SH CMD: /usr/bin/python3 pipelines/run_nextday_pipeline.py --symbol 601899.SH --sector-symbol 贵金属 --end-date 2026-05-21 --feature-pipeline fundamental,sector --only-stages update_data,samples,fundamental,sector =====
{
  "status": "ok",
  "symbol": "601899.SH",
  "out_root": "/root/stock_realtime_v021_full/saved_data/601899_pipeline_out",
  "final_samples": "/root/stock_realtime_v021_full/saved_data/601899_pipeline_out/03_sector/training_samples_with_sector.csv",
  "leaderboard": "/root/stock_realtime_v021_full/saved_data/601899_pipeline_out/99_summary/final_leaderboard.csv",
  "manifest": "/root/stock_realtime_v021_full/saved_data/601899_pipeline_out/pipeline_summary.json"
}


===== 2026-05-21 22:54:59 601985.SH CMD: /usr/bin/python3 pipelines/run_nextday_pipeline.py --symbol 601985.SH --sector-symbol 电力 --end-date 2026-05-21 --feature-pipeline fundamental,sector --only-stages update_data,samples,fundamental,sector =====
{
  "status": "ok",
  "symbol": "601985.SH",
  "out_root": "/root/stock_realtime_v021_full/saved_data/601985_pipeline_out",
  "final_samples": "/root/stock_realtime_v021_full/saved_data/601985_pipeline_out/03_sector/training_samples_with_sector.csv",
  "leaderboard": "/root/stock_realtime_v021_full/saved_data/601985_pipeline_out/99_summary/final_leaderboard.csv",
  "manifest": "/root/stock_realtime_v021_full/saved_data/601985_pipeline_out/pipeline_summary.json"
}


===== 2026-05-21 22:55:52 603308.SH CMD: /usr/bin/python3 pipelines/run_nextday_pipeline.py --symbol 603308.SH --sector-symbol 通用设备 --end-date 2026-05-21 --feature-pipeline fundamental,sector --only-stages update_data,samples,fundamental,sector,external_aero_nuclear_equipment --external aero_nuclear_equipment =====
{
  "status": "ok",
  "symbol": "603308.SH",
  "out_root": "/root/stock_realtime_v021_full/saved_data/603308_pipeline_out",
  "final_samples": "/root/stock_realtime_v021_full/saved_data/603308_pipeline_out/04_external/aero_nuclear_equipment/training_samples_with_aero_nuclear_equipment_external.csv",
  "leaderboard": "/root/stock_realtime_v021_full/saved_data/603308_pipeline_out/99_summary/final_leaderboard.csv",
  "manifest": "/root/stock_realtime_v021_full/saved_data/603308_pipeline_out/pipeline_summary.json"
}
