=== nextday pipeline start: 2026-05-30T23:58:05 ===
symbol=000786.SZ, out_root=/mnt/d/VSCodeWorkspace/stock_realtime_v021_full/saved_data/000786_pipeline_out

[2026-05-30T23:58:05] RUN update_data
  /usr/bin/python3 bootstrap/ashare_xgb_dual_opportunity_regression_baostock_full_v19_compressed_trading_axis.py --mode update_data --symbol 000786 --benchmark_symbol 000300 --daily_start 2018-01-01 --daily_end 2026-05-30 --intraday_start '2018-01-01 09:30:00' --intraday_end '2026-05-30 15:00:00' --output_dir /mnt/d/VSCodeWorkspace/stock_realtime_v021_full/saved_data/000786_pipeline_out/00_base --cache_mode incremental --feature_cache_mode incremental --adjust qfq
未安装 xgboost。请先执行: pip install -U xgboost
原始错误: ModuleNotFoundError: No module named 'xgboost'

[2026-05-30T23:58:06] RUN samples
  /usr/bin/python3 feature_building/build_nextday_samples_from_baostock.py --daily-features /mnt/d/VSCodeWorkspace/stock_realtime_v021_full/saved_data/000786_pipeline_out/00_base/daily_features.csv --intraday-bars /mnt/d/VSCodeWorkspace/stock_realtime_v021_full/saved_data/000786_pipeline_out/00_base/000786_5m.csv --out-dir /mnt/d/VSCodeWorkspace/stock_realtime_v021_full/saved_data/000786_pipeline_out/01_samples --min-bars 40 --keep-unlabeled-tail
Traceback (most recent call last):
  File "/mnt/d/VSCodeWorkspace/stock_realtime_v021_full/feature_building/build_nextday_samples_from_baostock.py", line 75, in <module>
    main()
  File "/mnt/d/VSCodeWorkspace/stock_realtime_v021_full/feature_building/build_nextday_samples_from_baostock.py", line 61, in main
    samples = build_samples(Path(args.daily_features), Path(args.intraday_bars), args.min_bars, args.keep_unlabeled_tail)
  File "/mnt/d/VSCodeWorkspace/stock_realtime_v021_full/feature_building/build_nextday_samples_from_baostock.py", line 34, in build_samples
    daily = pd.read_csv(daily_features, parse_dates=["date"]).sort_values("date")
  File "/usr/local/lib/python3.10/dist-packages/pandas/io/parsers/readers.py", line 1026, in read_csv
    return _read(filepath_or_buffer, kwds)
  File "/usr/local/lib/python3.10/dist-packages/pandas/io/parsers/readers.py", line 620, in _read
    parser = TextFileReader(filepath_or_buffer, **kwds)
  File "/usr/local/lib/python3.10/dist-packages/pandas/io/parsers/readers.py", line 1620, in __init__
    self._engine = self._make_engine(f, self.engine)
  File "/usr/local/lib/python3.10/dist-packages/pandas/io/parsers/readers.py", line 1880, in _make_engine
    self.handles = get_handle(
  File "/usr/local/lib/python3.10/dist-packages/pandas/io/common.py", line 873, in get_handle
    handle = open(
FileNotFoundError: [Errno 2] No such file or directory: '/mnt/d/VSCodeWorkspace/stock_realtime_v021_full/saved_data/000786_pipeline_out/00_base/daily_features.csv'

[2026-05-30T23:58:07] RUN asof_samples
  /usr/bin/python3 feature_building/build_asof1455_training_samples.py --samples /mnt/d/VSCodeWorkspace/stock_realtime_v021_full/saved_data/000786_pipeline_out/01_samples/training_samples.csv --intraday-bars /mnt/d/VSCodeWorkspace/stock_realtime_v021_full/saved_data/000786_pipeline_out/00_base/000786_5m.csv --out-dir /mnt/d/VSCodeWorkspace/stock_realtime_v021_full/saved_data/000786_pipeline_out/01_samples_asof1455 --cutoff-time 14:55 --min-bars 40
Traceback (most recent call last):
  File "/mnt/d/VSCodeWorkspace/stock_realtime_v021_full/feature_building/build_asof1455_training_samples.py", line 116, in <module>
    main()
  File "/mnt/d/VSCodeWorkspace/stock_realtime_v021_full/feature_building/build_asof1455_training_samples.py", line 100, in main
    df = build_asof_samples(Path(args.samples), Path(args.intraday_bars), args.cutoff_time, args.min_bars)
  File "/mnt/d/VSCodeWorkspace/stock_realtime_v021_full/feature_building/build_asof1455_training_samples.py", line 80, in build_asof_samples
    base = pd.read_csv(samples, parse_dates=["date"]).sort_values("date")
  File "/usr/local/lib/python3.10/dist-packages/pandas/io/parsers/readers.py", line 1026, in read_csv
    return _read(filepath_or_buffer, kwds)
  File "/usr/local/lib/python3.10/dist-packages/pandas/io/parsers/readers.py", line 620, in _read
    parser = TextFileReader(filepath_or_buffer, **kwds)
  File "/usr/local/lib/python3.10/dist-packages/pandas/io/parsers/readers.py", line 1620, in __init__
    self._engine = self._make_engine(f, self.engine)
  File "/usr/local/lib/python3.10/dist-packages/pandas/io/parsers/readers.py", line 1880, in _make_engine
    self.handles = get_handle(
  File "/usr/local/lib/python3.10/dist-packages/pandas/io/common.py", line 873, in get_handle
    handle = open(
FileNotFoundError: [Errno 2] No such file or directory: '/mnt/d/VSCodeWorkspace/stock_realtime_v021_full/saved_data/000786_pipeline_out/01_samples/training_samples.csv'

[2026-05-30T23:58:07] RUN fundamental
  /usr/bin/python3 feature_building/build_fundamental_features.py --symbol 000786.SZ --daily-samples /mnt/d/VSCodeWorkspace/stock_realtime_v021_full/saved_data/000786_pipeline_out/01_samples_asof1455/training_samples_asof1455.csv --out-dir /mnt/d/VSCodeWorkspace/stock_realtime_v021_full/saved_data/000786_pipeline_out/02_fundamental --start-date 2018-01-01 --end-date 2026-05-30 --fallback-lag-days 120 --skip-akshare
Traceback (most recent call last):
  File "/mnt/d/VSCodeWorkspace/stock_realtime_v021_full/feature_building/build_fundamental_features.py", line 373, in <module>
    main()
  File "/mnt/d/VSCodeWorkspace/stock_realtime_v021_full/feature_building/build_fundamental_features.py", line 313, in main
    samples = pd.read_csv(args.daily_samples, parse_dates=["date"]).sort_values("date")
  File "/usr/local/lib/python3.10/dist-packages/pandas/io/parsers/readers.py", line 1026, in read_csv
    return _read(filepath_or_buffer, kwds)
  File "/usr/local/lib/python3.10/dist-packages/pandas/io/parsers/readers.py", line 620, in _read
    parser = TextFileReader(filepath_or_buffer, **kwds)
  File "/usr/local/lib/python3.10/dist-packages/pandas/io/parsers/readers.py", line 1620, in __init__
    self._engine = self._make_engine(f, self.engine)
  File "/usr/local/lib/python3.10/dist-packages/pandas/io/parsers/readers.py", line 1880, in _make_engine
    self.handles = get_handle(
  File "/usr/local/lib/python3.10/dist-packages/pandas/io/common.py", line 873, in get_handle
    handle = open(
FileNotFoundError: [Errno 2] No such file or directory: '/mnt/d/VSCodeWorkspace/stock_realtime_v021_full/saved_data/000786_pipeline_out/01_samples_asof1455/training_samples_asof1455.csv'

[2026-05-30T23:58:08] RUN sector
  /usr/bin/python3 feature_building/build_sector_features.py --samples /mnt/d/VSCodeWorkspace/stock_realtime_v021_full/saved_data/000786_pipeline_out/02_fundamental/training_samples_with_fundamentals.csv --out-dir /mnt/d/VSCodeWorkspace/stock_realtime_v021_full/saved_data/000786_pipeline_out/03_sector --sector-symbol '建筑材料' --start-date 2018-01-01 --end-date 2026-05-30
Traceback (most recent call last):
  File "/mnt/d/VSCodeWorkspace/stock_realtime_v021_full/feature_building/build_sector_features.py", line 133, in <module>
    main()
  File "/mnt/d/VSCodeWorkspace/stock_realtime_v021_full/feature_building/build_sector_features.py", line 97, in main
    samples = pd.read_csv(args.samples, parse_dates=["date"]).sort_values("date")
  File "/usr/local/lib/python3.10/dist-packages/pandas/io/parsers/readers.py", line 1026, in read_csv
    return _read(filepath_or_buffer, kwds)
  File "/usr/local/lib/python3.10/dist-packages/pandas/io/parsers/readers.py", line 620, in _read
    parser = TextFileReader(filepath_or_buffer, **kwds)
  File "/usr/local/lib/python3.10/dist-packages/pandas/io/parsers/readers.py", line 1620, in __init__
    self._engine = self._make_engine(f, self.engine)
  File "/usr/local/lib/python3.10/dist-packages/pandas/io/parsers/readers.py", line 1880, in _make_engine
    self.handles = get_handle(
  File "/usr/local/lib/python3.10/dist-packages/pandas/io/common.py", line 873, in get_handle
    handle = open(
FileNotFoundError: [Errno 2] No such file or directory: '/mnt/d/VSCodeWorkspace/stock_realtime_v021_full/saved_data/000786_pipeline_out/02_fundamental/training_samples_with_fundamentals.csv'

[2026-05-30T23:58:08] RUN external_material_wind_battery
  /usr/bin/python3 feature_building/build_stock_external_features.py --samples /mnt/d/VSCodeWorkspace/stock_realtime_v021_full/saved_data/000786_pipeline_out/03_sector/training_samples_with_sector.csv --out-dir /mnt/d/VSCodeWorkspace/stock_realtime_v021_full/saved_data/000786_pipeline_out/04_external/material_wind_battery --profile material_wind_battery --target-symbol 000786.SZ --start-date 2018-01-01 --end-date 2026-05-30 --adjust qfq --domestic-lag-days 0 --future-lag-days 1 --us-lag-days 1
Traceback (most recent call last):
  File "/mnt/d/VSCodeWorkspace/stock_realtime_v021_full/feature_building/build_stock_external_features.py", line 837, in <module>
    main()
  File "/mnt/d/VSCodeWorkspace/stock_realtime_v021_full/feature_building/build_stock_external_features.py", line 757, in main
    samples = pd.read_csv(args.samples, parse_dates=["date"]).sort_values("date")
  File "/usr/local/lib/python3.10/dist-packages/pandas/io/parsers/readers.py", line 1026, in read_csv
    return _read(filepath_or_buffer, kwds)
  File "/usr/local/lib/python3.10/dist-packages/pandas/io/parsers/readers.py", line 620, in _read
    parser = TextFileReader(filepath_or_buffer, **kwds)
  File "/usr/local/lib/python3.10/dist-packages/pandas/io/parsers/readers.py", line 1620, in __init__
    self._engine = self._make_engine(f, self.engine)
  File "/usr/local/lib/python3.10/dist-packages/pandas/io/parsers/readers.py", line 1880, in _make_engine
    self.handles = get_handle(
  File "/usr/local/lib/python3.10/dist-packages/pandas/io/common.py", line 873, in get_handle
    handle = open(
FileNotFoundError: [Errno 2] No such file or directory: '/mnt/d/VSCodeWorkspace/stock_realtime_v021_full/saved_data/000786_pipeline_out/03_sector/training_samples_with_sector.csv'
[INFO] final samples for search: /mnt/d/VSCodeWorkspace/stock_realtime_v021_full/saved_data/000786_pipeline_out/04_external/material_wind_battery/training_samples_with_material_wind_battery_external.csv
=== nextday pipeline end: 2026-05-30T23:58:09 status=partial_failed ===
=== nextday pipeline start: 2026-05-30T23:58:48 ===
symbol=000786.SZ, out_root=/mnt/d/VSCodeWorkspace/stock_realtime_v021_full/saved_data/000786_pipeline_out

[2026-05-30T23:58:48] RUN update_data
  /usr/bin/python3 bootstrap/ashare_xgb_dual_opportunity_regression_baostock_full_v19_compressed_trading_axis.py --mode update_data --symbol 000786 --benchmark_symbol 000300 --daily_start 2018-01-01 --daily_end 2026-05-30 --intraday_start '2018-01-01 09:30:00' --intraday_end '2026-05-30 15:00:00' --output_dir /mnt/d/VSCodeWorkspace/stock_realtime_v021_full/saved_data/000786_pipeline_out/00_base --cache_mode incremental --feature_cache_mode incremental --adjust qfq
未安装 xgboost。请先执行: pip install -U xgboost
原始错误: ModuleNotFoundError: No module named 'xgboost'

[2026-05-30T23:58:49] RUN samples
  /usr/bin/python3 feature_building/build_nextday_samples_from_baostock.py --daily-features /mnt/d/VSCodeWorkspace/stock_realtime_v021_full/saved_data/000786_pipeline_out/00_base/daily_features.csv --intraday-bars /mnt/d/VSCodeWorkspace/stock_realtime_v021_full/saved_data/000786_pipeline_out/00_base/000786_5m.csv --out-dir /mnt/d/VSCodeWorkspace/stock_realtime_v021_full/saved_data/000786_pipeline_out/01_samples --min-bars 40 --keep-unlabeled-tail
Traceback (most recent call last):
  File "/mnt/d/VSCodeWorkspace/stock_realtime_v021_full/feature_building/build_nextday_samples_from_baostock.py", line 75, in <module>
    main()
  File "/mnt/d/VSCodeWorkspace/stock_realtime_v021_full/feature_building/build_nextday_samples_from_baostock.py", line 61, in main
    samples = build_samples(Path(args.daily_features), Path(args.intraday_bars), args.min_bars, args.keep_unlabeled_tail)
  File "/mnt/d/VSCodeWorkspace/stock_realtime_v021_full/feature_building/build_nextday_samples_from_baostock.py", line 34, in build_samples
    daily = pd.read_csv(daily_features, parse_dates=["date"]).sort_values("date")
  File "/usr/local/lib/python3.10/dist-packages/pandas/io/parsers/readers.py", line 1026, in read_csv
    return _read(filepath_or_buffer, kwds)
  File "/usr/local/lib/python3.10/dist-packages/pandas/io/parsers/readers.py", line 620, in _read
    parser = TextFileReader(filepath_or_buffer, **kwds)
  File "/usr/local/lib/python3.10/dist-packages/pandas/io/parsers/readers.py", line 1620, in __init__
    self._engine = self._make_engine(f, self.engine)
  File "/usr/local/lib/python3.10/dist-packages/pandas/io/parsers/readers.py", line 1880, in _make_engine
    self.handles = get_handle(
  File "/usr/local/lib/python3.10/dist-packages/pandas/io/common.py", line 873, in get_handle
    handle = open(
FileNotFoundError: [Errno 2] No such file or directory: '/mnt/d/VSCodeWorkspace/stock_realtime_v021_full/saved_data/000786_pipeline_out/00_base/daily_features.csv'

[2026-05-30T23:58:50] RUN asof_samples
  /usr/bin/python3 feature_building/build_asof1455_training_samples.py --samples /mnt/d/VSCodeWorkspace/stock_realtime_v021_full/saved_data/000786_pipeline_out/01_samples/training_samples.csv --intraday-bars /mnt/d/VSCodeWorkspace/stock_realtime_v021_full/saved_data/000786_pipeline_out/00_base/000786_5m.csv --out-dir /mnt/d/VSCodeWorkspace/stock_realtime_v021_full/saved_data/000786_pipeline_out/01_samples_asof1455 --cutoff-time 14:55 --min-bars 40
Traceback (most recent call last):
  File "/mnt/d/VSCodeWorkspace/stock_realtime_v021_full/feature_building/build_asof1455_training_samples.py", line 116, in <module>
    main()
  File "/mnt/d/VSCodeWorkspace/stock_realtime_v021_full/feature_building/build_asof1455_training_samples.py", line 100, in main
    df = build_asof_samples(Path(args.samples), Path(args.intraday_bars), args.cutoff_time, args.min_bars)
  File "/mnt/d/VSCodeWorkspace/stock_realtime_v021_full/feature_building/build_asof1455_training_samples.py", line 80, in build_asof_samples
    base = pd.read_csv(samples, parse_dates=["date"]).sort_values("date")
  File "/usr/local/lib/python3.10/dist-packages/pandas/io/parsers/readers.py", line 1026, in read_csv
    return _read(filepath_or_buffer, kwds)
  File "/usr/local/lib/python3.10/dist-packages/pandas/io/parsers/readers.py", line 620, in _read
    parser = TextFileReader(filepath_or_buffer, **kwds)
  File "/usr/local/lib/python3.10/dist-packages/pandas/io/parsers/readers.py", line 1620, in __init__
    self._engine = self._make_engine(f, self.engine)
  File "/usr/local/lib/python3.10/dist-packages/pandas/io/parsers/readers.py", line 1880, in _make_engine
    self.handles = get_handle(
  File "/usr/local/lib/python3.10/dist-packages/pandas/io/common.py", line 873, in get_handle
    handle = open(
FileNotFoundError: [Errno 2] No such file or directory: '/mnt/d/VSCodeWorkspace/stock_realtime_v021_full/saved_data/000786_pipeline_out/01_samples/training_samples.csv'

[2026-05-30T23:58:51] RUN fundamental
  /usr/bin/python3 feature_building/build_fundamental_features.py --symbol 000786.SZ --daily-samples /mnt/d/VSCodeWorkspace/stock_realtime_v021_full/saved_data/000786_pipeline_out/01_samples_asof1455/training_samples_asof1455.csv --out-dir /mnt/d/VSCodeWorkspace/stock_realtime_v021_full/saved_data/000786_pipeline_out/02_fundamental --start-date 2018-01-01 --end-date 2026-05-30 --fallback-lag-days 120 --skip-akshare
Traceback (most recent call last):
  File "/mnt/d/VSCodeWorkspace/stock_realtime_v021_full/feature_building/build_fundamental_features.py", line 373, in <module>
    main()
  File "/mnt/d/VSCodeWorkspace/stock_realtime_v021_full/feature_building/build_fundamental_features.py", line 313, in main
    samples = pd.read_csv(args.daily_samples, parse_dates=["date"]).sort_values("date")
  File "/usr/local/lib/python3.10/dist-packages/pandas/io/parsers/readers.py", line 1026, in read_csv
    return _read(filepath_or_buffer, kwds)
  File "/usr/local/lib/python3.10/dist-packages/pandas/io/parsers/readers.py", line 620, in _read
    parser = TextFileReader(filepath_or_buffer, **kwds)
  File "/usr/local/lib/python3.10/dist-packages/pandas/io/parsers/readers.py", line 1620, in __init__
    self._engine = self._make_engine(f, self.engine)
  File "/usr/local/lib/python3.10/dist-packages/pandas/io/parsers/readers.py", line 1880, in _make_engine
    self.handles = get_handle(
  File "/usr/local/lib/python3.10/dist-packages/pandas/io/common.py", line 873, in get_handle
    handle = open(
FileNotFoundError: [Errno 2] No such file or directory: '/mnt/d/VSCodeWorkspace/stock_realtime_v021_full/saved_data/000786_pipeline_out/01_samples_asof1455/training_samples_asof1455.csv'

[2026-05-30T23:58:51] RUN sector
  /usr/bin/python3 feature_building/build_sector_features.py --samples /mnt/d/VSCodeWorkspace/stock_realtime_v021_full/saved_data/000786_pipeline_out/02_fundamental/training_samples_with_fundamentals.csv --out-dir /mnt/d/VSCodeWorkspace/stock_realtime_v021_full/saved_data/000786_pipeline_out/03_sector --sector-symbol '建筑材料' --start-date 2018-01-01 --end-date 2026-05-30
Traceback (most recent call last):
  File "/mnt/d/VSCodeWorkspace/stock_realtime_v021_full/feature_building/build_sector_features.py", line 133, in <module>
    main()
  File "/mnt/d/VSCodeWorkspace/stock_realtime_v021_full/feature_building/build_sector_features.py", line 97, in main
    samples = pd.read_csv(args.samples, parse_dates=["date"]).sort_values("date")
  File "/usr/local/lib/python3.10/dist-packages/pandas/io/parsers/readers.py", line 1026, in read_csv
    return _read(filepath_or_buffer, kwds)
  File "/usr/local/lib/python3.10/dist-packages/pandas/io/parsers/readers.py", line 620, in _read
    parser = TextFileReader(filepath_or_buffer, **kwds)
  File "/usr/local/lib/python3.10/dist-packages/pandas/io/parsers/readers.py", line 1620, in __init__
    self._engine = self._make_engine(f, self.engine)
  File "/usr/local/lib/python3.10/dist-packages/pandas/io/parsers/readers.py", line 1880, in _make_engine
    self.handles = get_handle(
  File "/usr/local/lib/python3.10/dist-packages/pandas/io/common.py", line 873, in get_handle
    handle = open(
FileNotFoundError: [Errno 2] No such file or directory: '/mnt/d/VSCodeWorkspace/stock_realtime_v021_full/saved_data/000786_pipeline_out/02_fundamental/training_samples_with_fundamentals.csv'

[2026-05-30T23:58:52] RUN external_material_wind_battery
  /usr/bin/python3 feature_building/build_stock_external_features.py --samples /mnt/d/VSCodeWorkspace/stock_realtime_v021_full/saved_data/000786_pipeline_out/03_sector/training_samples_with_sector.csv --out-dir /mnt/d/VSCodeWorkspace/stock_realtime_v021_full/saved_data/000786_pipeline_out/04_external/material_wind_battery --profile material_wind_battery --target-symbol 000786.SZ --start-date 2018-01-01 --end-date 2026-05-30 --adjust qfq --domestic-lag-days 0 --future-lag-days 1 --us-lag-days 1
Traceback (most recent call last):
  File "/mnt/d/VSCodeWorkspace/stock_realtime_v021_full/feature_building/build_stock_external_features.py", line 837, in <module>
    main()
  File "/mnt/d/VSCodeWorkspace/stock_realtime_v021_full/feature_building/build_stock_external_features.py", line 757, in main
    samples = pd.read_csv(args.samples, parse_dates=["date"]).sort_values("date")
  File "/usr/local/lib/python3.10/dist-packages/pandas/io/parsers/readers.py", line 1026, in read_csv
    return _read(filepath_or_buffer, kwds)
  File "/usr/local/lib/python3.10/dist-packages/pandas/io/parsers/readers.py", line 620, in _read
    parser = TextFileReader(filepath_or_buffer, **kwds)
  File "/usr/local/lib/python3.10/dist-packages/pandas/io/parsers/readers.py", line 1620, in __init__
    self._engine = self._make_engine(f, self.engine)
  File "/usr/local/lib/python3.10/dist-packages/pandas/io/parsers/readers.py", line 1880, in _make_engine
    self.handles = get_handle(
  File "/usr/local/lib/python3.10/dist-packages/pandas/io/common.py", line 873, in get_handle
    handle = open(
FileNotFoundError: [Errno 2] No such file or directory: '/mnt/d/VSCodeWorkspace/stock_realtime_v021_full/saved_data/000786_pipeline_out/03_sector/training_samples_with_sector.csv'
[INFO] final samples for search: /mnt/d/VSCodeWorkspace/stock_realtime_v021_full/saved_data/000786_pipeline_out/04_external/material_wind_battery/training_samples_with_material_wind_battery_external.csv
=== nextday pipeline end: 2026-05-30T23:58:53 status=partial_failed ===
=== nextday pipeline start: 2026-05-31T00:01:40 ===
symbol=000786.SZ, out_root=/mnt/d/VSCodeWorkspace/stock_realtime_v021_full/saved_data/000786_pipeline_out

[2026-05-31T00:01:40] RUN update_data
  /usr/bin/python3 bootstrap/ashare_xgb_dual_opportunity_regression_baostock_full_v19_compressed_trading_axis.py --mode update_data --symbol 000786 --benchmark_symbol 000300 --daily_start 2018-01-01 --daily_end 2026-05-31 --intraday_start '2018-01-01 09:30:00' --intraday_end '2026-05-31 15:00:00' --output_dir /mnt/d/VSCodeWorkspace/stock_realtime_v021_full/saved_data/000786_pipeline_out/00_base --cache_mode incremental --feature_cache_mode incremental --adjust qfq
未安装 xgboost。请先执行: pip install -U xgboost
原始错误: ModuleNotFoundError: No module named 'xgboost'

[2026-05-31T00:01:41] RUN samples
  /usr/bin/python3 feature_building/build_nextday_samples_from_baostock.py --daily-features /mnt/d/VSCodeWorkspace/stock_realtime_v021_full/saved_data/000786_pipeline_out/00_base/daily_features.csv --intraday-bars /mnt/d/VSCodeWorkspace/stock_realtime_v021_full/saved_data/000786_pipeline_out/00_base/000786_5m.csv --out-dir /mnt/d/VSCodeWorkspace/stock_realtime_v021_full/saved_data/000786_pipeline_out/01_samples --min-bars 40 --keep-unlabeled-tail
Traceback (most recent call last):
  File "/mnt/d/VSCodeWorkspace/stock_realtime_v021_full/feature_building/build_nextday_samples_from_baostock.py", line 75, in <module>
    main()
  File "/mnt/d/VSCodeWorkspace/stock_realtime_v021_full/feature_building/build_nextday_samples_from_baostock.py", line 61, in main
    samples = build_samples(Path(args.daily_features), Path(args.intraday_bars), args.min_bars, args.keep_unlabeled_tail)
  File "/mnt/d/VSCodeWorkspace/stock_realtime_v021_full/feature_building/build_nextday_samples_from_baostock.py", line 34, in build_samples
    daily = pd.read_csv(daily_features, parse_dates=["date"]).sort_values("date")
  File "/usr/local/lib/python3.10/dist-packages/pandas/io/parsers/readers.py", line 1026, in read_csv
    return _read(filepath_or_buffer, kwds)
  File "/usr/local/lib/python3.10/dist-packages/pandas/io/parsers/readers.py", line 620, in _read
    parser = TextFileReader(filepath_or_buffer, **kwds)
  File "/usr/local/lib/python3.10/dist-packages/pandas/io/parsers/readers.py", line 1620, in __init__
    self._engine = self._make_engine(f, self.engine)
  File "/usr/local/lib/python3.10/dist-packages/pandas/io/parsers/readers.py", line 1880, in _make_engine
    self.handles = get_handle(
  File "/usr/local/lib/python3.10/dist-packages/pandas/io/common.py", line 873, in get_handle
    handle = open(
FileNotFoundError: [Errno 2] No such file or directory: '/mnt/d/VSCodeWorkspace/stock_realtime_v021_full/saved_data/000786_pipeline_out/00_base/daily_features.csv'

[2026-05-31T00:01:41] RUN asof_samples
  /usr/bin/python3 feature_building/build_asof1455_training_samples.py --samples /mnt/d/VSCodeWorkspace/stock_realtime_v021_full/saved_data/000786_pipeline_out/01_samples/training_samples.csv --intraday-bars /mnt/d/VSCodeWorkspace/stock_realtime_v021_full/saved_data/000786_pipeline_out/00_base/000786_5m.csv --out-dir /mnt/d/VSCodeWorkspace/stock_realtime_v021_full/saved_data/000786_pipeline_out/01_samples_asof1455 --cutoff-time 14:55 --min-bars 40
Traceback (most recent call last):
  File "/mnt/d/VSCodeWorkspace/stock_realtime_v021_full/feature_building/build_asof1455_training_samples.py", line 116, in <module>
    main()
  File "/mnt/d/VSCodeWorkspace/stock_realtime_v021_full/feature_building/build_asof1455_training_samples.py", line 100, in main
    df = build_asof_samples(Path(args.samples), Path(args.intraday_bars), args.cutoff_time, args.min_bars)
  File "/mnt/d/VSCodeWorkspace/stock_realtime_v021_full/feature_building/build_asof1455_training_samples.py", line 80, in build_asof_samples
    base = pd.read_csv(samples, parse_dates=["date"]).sort_values("date")
  File "/usr/local/lib/python3.10/dist-packages/pandas/io/parsers/readers.py", line 1026, in read_csv
    return _read(filepath_or_buffer, kwds)
  File "/usr/local/lib/python3.10/dist-packages/pandas/io/parsers/readers.py", line 620, in _read
    parser = TextFileReader(filepath_or_buffer, **kwds)
  File "/usr/local/lib/python3.10/dist-packages/pandas/io/parsers/readers.py", line 1620, in __init__
    self._engine = self._make_engine(f, self.engine)
  File "/usr/local/lib/python3.10/dist-packages/pandas/io/parsers/readers.py", line 1880, in _make_engine
    self.handles = get_handle(
  File "/usr/local/lib/python3.10/dist-packages/pandas/io/common.py", line 873, in get_handle
    handle = open(
FileNotFoundError: [Errno 2] No such file or directory: '/mnt/d/VSCodeWorkspace/stock_realtime_v021_full/saved_data/000786_pipeline_out/01_samples/training_samples.csv'

[2026-05-31T00:01:42] RUN fundamental
  /usr/bin/python3 feature_building/build_fundamental_features.py --symbol 000786.SZ --daily-samples /mnt/d/VSCodeWorkspace/stock_realtime_v021_full/saved_data/000786_pipeline_out/01_samples_asof1455/training_samples_asof1455.csv --out-dir /mnt/d/VSCodeWorkspace/stock_realtime_v021_full/saved_data/000786_pipeline_out/02_fundamental --start-date 2018-01-01 --end-date 2026-05-31 --fallback-lag-days 120 --skip-akshare
Traceback (most recent call last):
  File "/mnt/d/VSCodeWorkspace/stock_realtime_v021_full/feature_building/build_fundamental_features.py", line 373, in <module>
    main()
  File "/mnt/d/VSCodeWorkspace/stock_realtime_v021_full/feature_building/build_fundamental_features.py", line 313, in main
    samples = pd.read_csv(args.daily_samples, parse_dates=["date"]).sort_values("date")
  File "/usr/local/lib/python3.10/dist-packages/pandas/io/parsers/readers.py", line 1026, in read_csv
    return _read(filepath_or_buffer, kwds)
  File "/usr/local/lib/python3.10/dist-packages/pandas/io/parsers/readers.py", line 620, in _read
    parser = TextFileReader(filepath_or_buffer, **kwds)
  File "/usr/local/lib/python3.10/dist-packages/pandas/io/parsers/readers.py", line 1620, in __init__
    self._engine = self._make_engine(f, self.engine)
  File "/usr/local/lib/python3.10/dist-packages/pandas/io/parsers/readers.py", line 1880, in _make_engine
    self.handles = get_handle(
  File "/usr/local/lib/python3.10/dist-packages/pandas/io/common.py", line 873, in get_handle
    handle = open(
FileNotFoundError: [Errno 2] No such file or directory: '/mnt/d/VSCodeWorkspace/stock_realtime_v021_full/saved_data/000786_pipeline_out/01_samples_asof1455/training_samples_asof1455.csv'

[2026-05-31T00:01:42] RUN sector
  /usr/bin/python3 feature_building/build_sector_features.py --samples /mnt/d/VSCodeWorkspace/stock_realtime_v021_full/saved_data/000786_pipeline_out/02_fundamental/training_samples_with_fundamentals.csv --out-dir /mnt/d/VSCodeWorkspace/stock_realtime_v021_full/saved_data/000786_pipeline_out/03_sector --sector-symbol '建筑材料' --start-date 2018-01-01 --end-date 2026-05-31
Traceback (most recent call last):
  File "/mnt/d/VSCodeWorkspace/stock_realtime_v021_full/feature_building/build_sector_features.py", line 133, in <module>
    main()
  File "/mnt/d/VSCodeWorkspace/stock_realtime_v021_full/feature_building/build_sector_features.py", line 97, in main
    samples = pd.read_csv(args.samples, parse_dates=["date"]).sort_values("date")
  File "/usr/local/lib/python3.10/dist-packages/pandas/io/parsers/readers.py", line 1026, in read_csv
    return _read(filepath_or_buffer, kwds)
  File "/usr/local/lib/python3.10/dist-packages/pandas/io/parsers/readers.py", line 620, in _read
    parser = TextFileReader(filepath_or_buffer, **kwds)
  File "/usr/local/lib/python3.10/dist-packages/pandas/io/parsers/readers.py", line 1620, in __init__
    self._engine = self._make_engine(f, self.engine)
  File "/usr/local/lib/python3.10/dist-packages/pandas/io/parsers/readers.py", line 1880, in _make_engine
    self.handles = get_handle(
  File "/usr/local/lib/python3.10/dist-packages/pandas/io/common.py", line 873, in get_handle
    handle = open(
FileNotFoundError: [Errno 2] No such file or directory: '/mnt/d/VSCodeWorkspace/stock_realtime_v021_full/saved_data/000786_pipeline_out/02_fundamental/training_samples_with_fundamentals.csv'

[2026-05-31T00:01:43] RUN external_material_wind_battery
  /usr/bin/python3 feature_building/build_stock_external_features.py --samples /mnt/d/VSCodeWorkspace/stock_realtime_v021_full/saved_data/000786_pipeline_out/03_sector/training_samples_with_sector.csv --out-dir /mnt/d/VSCodeWorkspace/stock_realtime_v021_full/saved_data/000786_pipeline_out/04_external/material_wind_battery --profile material_wind_battery --target-symbol 000786.SZ --start-date 2018-01-01 --end-date 2026-05-31 --adjust qfq --domestic-lag-days 0 --future-lag-days 1 --us-lag-days 1
Traceback (most recent call last):
  File "/mnt/d/VSCodeWorkspace/stock_realtime_v021_full/feature_building/build_stock_external_features.py", line 837, in <module>
    main()
  File "/mnt/d/VSCodeWorkspace/stock_realtime_v021_full/feature_building/build_stock_external_features.py", line 757, in main
    samples = pd.read_csv(args.samples, parse_dates=["date"]).sort_values("date")
  File "/usr/local/lib/python3.10/dist-packages/pandas/io/parsers/readers.py", line 1026, in read_csv
    return _read(filepath_or_buffer, kwds)
  File "/usr/local/lib/python3.10/dist-packages/pandas/io/parsers/readers.py", line 620, in _read
    parser = TextFileReader(filepath_or_buffer, **kwds)
  File "/usr/local/lib/python3.10/dist-packages/pandas/io/parsers/readers.py", line 1620, in __init__
    self._engine = self._make_engine(f, self.engine)
  File "/usr/local/lib/python3.10/dist-packages/pandas/io/parsers/readers.py", line 1880, in _make_engine
    self.handles = get_handle(
  File "/usr/local/lib/python3.10/dist-packages/pandas/io/common.py", line 873, in get_handle
    handle = open(
FileNotFoundError: [Errno 2] No such file or directory: '/mnt/d/VSCodeWorkspace/stock_realtime_v021_full/saved_data/000786_pipeline_out/03_sector/training_samples_with_sector.csv'
[INFO] final samples for search: /mnt/d/VSCodeWorkspace/stock_realtime_v021_full/saved_data/000786_pipeline_out/04_external/material_wind_battery/training_samples_with_material_wind_battery_external.csv
=== nextday pipeline end: 2026-05-31T00:01:44 status=partial_failed ===
=== nextday pipeline start: 2026-05-31T00:20:51 ===
symbol=000786.SZ, out_root=/mnt/d/VSCodeWorkspace/stock_realtime_v021_full/saved_data/000786_pipeline_out

[2026-05-31T00:20:51] RUN update_data
  /usr/bin/python3 bootstrap/ashare_xgb_dual_opportunity_regression_baostock_full_v19_compressed_trading_axis.py --mode update_data --symbol 000786 --benchmark_symbol 000300 --daily_start 2018-01-01 --daily_end 2026-05-31 --intraday_start '2018-01-01 09:30:00' --intraday_end '2026-05-31 15:00:00' --output_dir /mnt/d/VSCodeWorkspace/stock_realtime_v021_full/saved_data/000786_pipeline_out/00_base --cache_mode incremental --feature_cache_mode incremental --adjust qfq
未安装 xgboost。请先执行: pip install -U xgboost
原始错误: ModuleNotFoundError: No module named 'xgboost'

[2026-05-31T00:20:52] RUN samples
  /usr/bin/python3 feature_building/build_nextday_samples_from_baostock.py --daily-features /mnt/d/VSCodeWorkspace/stock_realtime_v021_full/saved_data/000786_pipeline_out/00_base/daily_features.csv --intraday-bars /mnt/d/VSCodeWorkspace/stock_realtime_v021_full/saved_data/000786_pipeline_out/00_base/000786_5m.csv --out-dir /mnt/d/VSCodeWorkspace/stock_realtime_v021_full/saved_data/000786_pipeline_out/01_samples --min-bars 40 --keep-unlabeled-tail
Traceback (most recent call last):
  File "/mnt/d/VSCodeWorkspace/stock_realtime_v021_full/feature_building/build_nextday_samples_from_baostock.py", line 75, in <module>
    main()
  File "/mnt/d/VSCodeWorkspace/stock_realtime_v021_full/feature_building/build_nextday_samples_from_baostock.py", line 61, in main
    samples = build_samples(Path(args.daily_features), Path(args.intraday_bars), args.min_bars, args.keep_unlabeled_tail)
  File "/mnt/d/VSCodeWorkspace/stock_realtime_v021_full/feature_building/build_nextday_samples_from_baostock.py", line 34, in build_samples
    daily = pd.read_csv(daily_features, parse_dates=["date"]).sort_values("date")
  File "/usr/local/lib/python3.10/dist-packages/pandas/io/parsers/readers.py", line 1026, in read_csv
    return _read(filepath_or_buffer, kwds)
  File "/usr/local/lib/python3.10/dist-packages/pandas/io/parsers/readers.py", line 620, in _read
    parser = TextFileReader(filepath_or_buffer, **kwds)
  File "/usr/local/lib/python3.10/dist-packages/pandas/io/parsers/readers.py", line 1620, in __init__
    self._engine = self._make_engine(f, self.engine)
  File "/usr/local/lib/python3.10/dist-packages/pandas/io/parsers/readers.py", line 1880, in _make_engine
    self.handles = get_handle(
  File "/usr/local/lib/python3.10/dist-packages/pandas/io/common.py", line 873, in get_handle
    handle = open(
FileNotFoundError: [Errno 2] No such file or directory: '/mnt/d/VSCodeWorkspace/stock_realtime_v021_full/saved_data/000786_pipeline_out/00_base/daily_features.csv'

[2026-05-31T00:20:53] RUN asof_samples
  /usr/bin/python3 feature_building/build_asof1455_training_samples.py --samples /mnt/d/VSCodeWorkspace/stock_realtime_v021_full/saved_data/000786_pipeline_out/01_samples/training_samples.csv --intraday-bars /mnt/d/VSCodeWorkspace/stock_realtime_v021_full/saved_data/000786_pipeline_out/00_base/000786_5m.csv --out-dir /mnt/d/VSCodeWorkspace/stock_realtime_v021_full/saved_data/000786_pipeline_out/01_samples_asof1455 --cutoff-time 14:55 --min-bars 40
Traceback (most recent call last):
  File "/mnt/d/VSCodeWorkspace/stock_realtime_v021_full/feature_building/build_asof1455_training_samples.py", line 116, in <module>
    main()
  File "/mnt/d/VSCodeWorkspace/stock_realtime_v021_full/feature_building/build_asof1455_training_samples.py", line 100, in main
    df = build_asof_samples(Path(args.samples), Path(args.intraday_bars), args.cutoff_time, args.min_bars)
  File "/mnt/d/VSCodeWorkspace/stock_realtime_v021_full/feature_building/build_asof1455_training_samples.py", line 80, in build_asof_samples
    base = pd.read_csv(samples, parse_dates=["date"]).sort_values("date")
  File "/usr/local/lib/python3.10/dist-packages/pandas/io/parsers/readers.py", line 1026, in read_csv
    return _read(filepath_or_buffer, kwds)
  File "/usr/local/lib/python3.10/dist-packages/pandas/io/parsers/readers.py", line 620, in _read
    parser = TextFileReader(filepath_or_buffer, **kwds)
  File "/usr/local/lib/python3.10/dist-packages/pandas/io/parsers/readers.py", line 1620, in __init__
    self._engine = self._make_engine(f, self.engine)
  File "/usr/local/lib/python3.10/dist-packages/pandas/io/parsers/readers.py", line 1880, in _make_engine
    self.handles = get_handle(
  File "/usr/local/lib/python3.10/dist-packages/pandas/io/common.py", line 873, in get_handle
    handle = open(
FileNotFoundError: [Errno 2] No such file or directory: '/mnt/d/VSCodeWorkspace/stock_realtime_v021_full/saved_data/000786_pipeline_out/01_samples/training_samples.csv'

[2026-05-31T00:20:54] RUN fundamental
  /usr/bin/python3 feature_building/build_fundamental_features.py --symbol 000786.SZ --daily-samples /mnt/d/VSCodeWorkspace/stock_realtime_v021_full/saved_data/000786_pipeline_out/01_samples_asof1455/training_samples_asof1455.csv --out-dir /mnt/d/VSCodeWorkspace/stock_realtime_v021_full/saved_data/000786_pipeline_out/02_fundamental --start-date 2018-01-01 --end-date 2026-05-31 --fallback-lag-days 120 --skip-akshare
Traceback (most recent call last):
  File "/mnt/d/VSCodeWorkspace/stock_realtime_v021_full/feature_building/build_fundamental_features.py", line 373, in <module>
    main()
  File "/mnt/d/VSCodeWorkspace/stock_realtime_v021_full/feature_building/build_fundamental_features.py", line 313, in main
    samples = pd.read_csv(args.daily_samples, parse_dates=["date"]).sort_values("date")
  File "/usr/local/lib/python3.10/dist-packages/pandas/io/parsers/readers.py", line 1026, in read_csv
    return _read(filepath_or_buffer, kwds)
  File "/usr/local/lib/python3.10/dist-packages/pandas/io/parsers/readers.py", line 620, in _read
    parser = TextFileReader(filepath_or_buffer, **kwds)
  File "/usr/local/lib/python3.10/dist-packages/pandas/io/parsers/readers.py", line 1620, in __init__
    self._engine = self._make_engine(f, self.engine)
  File "/usr/local/lib/python3.10/dist-packages/pandas/io/parsers/readers.py", line 1880, in _make_engine
    self.handles = get_handle(
  File "/usr/local/lib/python3.10/dist-packages/pandas/io/common.py", line 873, in get_handle
    handle = open(
FileNotFoundError: [Errno 2] No such file or directory: '/mnt/d/VSCodeWorkspace/stock_realtime_v021_full/saved_data/000786_pipeline_out/01_samples_asof1455/training_samples_asof1455.csv'

[2026-05-31T00:20:55] RUN sector
  /usr/bin/python3 feature_building/build_sector_features.py --samples /mnt/d/VSCodeWorkspace/stock_realtime_v021_full/saved_data/000786_pipeline_out/02_fundamental/training_samples_with_fundamentals.csv --out-dir /mnt/d/VSCodeWorkspace/stock_realtime_v021_full/saved_data/000786_pipeline_out/03_sector --sector-symbol '建筑材料' --start-date 2018-01-01 --end-date 2026-05-31
Traceback (most recent call last):
  File "/mnt/d/VSCodeWorkspace/stock_realtime_v021_full/feature_building/build_sector_features.py", line 133, in <module>
    main()
  File "/mnt/d/VSCodeWorkspace/stock_realtime_v021_full/feature_building/build_sector_features.py", line 97, in main
    samples = pd.read_csv(args.samples, parse_dates=["date"]).sort_values("date")
  File "/usr/local/lib/python3.10/dist-packages/pandas/io/parsers/readers.py", line 1026, in read_csv
    return _read(filepath_or_buffer, kwds)
  File "/usr/local/lib/python3.10/dist-packages/pandas/io/parsers/readers.py", line 620, in _read
    parser = TextFileReader(filepath_or_buffer, **kwds)
  File "/usr/local/lib/python3.10/dist-packages/pandas/io/parsers/readers.py", line 1620, in __init__
    self._engine = self._make_engine(f, self.engine)
  File "/usr/local/lib/python3.10/dist-packages/pandas/io/parsers/readers.py", line 1880, in _make_engine
    self.handles = get_handle(
  File "/usr/local/lib/python3.10/dist-packages/pandas/io/common.py", line 873, in get_handle
    handle = open(
FileNotFoundError: [Errno 2] No such file or directory: '/mnt/d/VSCodeWorkspace/stock_realtime_v021_full/saved_data/000786_pipeline_out/02_fundamental/training_samples_with_fundamentals.csv'

[2026-05-31T00:20:56] RUN external_material_wind_battery
  /usr/bin/python3 feature_building/build_stock_external_features.py --samples /mnt/d/VSCodeWorkspace/stock_realtime_v021_full/saved_data/000786_pipeline_out/03_sector/training_samples_with_sector.csv --out-dir /mnt/d/VSCodeWorkspace/stock_realtime_v021_full/saved_data/000786_pipeline_out/04_external/material_wind_battery --profile material_wind_battery --target-symbol 000786.SZ --start-date 2018-01-01 --end-date 2026-05-31 --adjust qfq --domestic-lag-days 0 --future-lag-days 1 --us-lag-days 1
Traceback (most recent call last):
  File "/mnt/d/VSCodeWorkspace/stock_realtime_v021_full/feature_building/build_stock_external_features.py", line 837, in <module>
    main()
  File "/mnt/d/VSCodeWorkspace/stock_realtime_v021_full/feature_building/build_stock_external_features.py", line 757, in main
    samples = pd.read_csv(args.samples, parse_dates=["date"]).sort_values("date")
  File "/usr/local/lib/python3.10/dist-packages/pandas/io/parsers/readers.py", line 1026, in read_csv
    return _read(filepath_or_buffer, kwds)
  File "/usr/local/lib/python3.10/dist-packages/pandas/io/parsers/readers.py", line 620, in _read
    parser = TextFileReader(filepath_or_buffer, **kwds)
  File "/usr/local/lib/python3.10/dist-packages/pandas/io/parsers/readers.py", line 1620, in __init__
    self._engine = self._make_engine(f, self.engine)
  File "/usr/local/lib/python3.10/dist-packages/pandas/io/parsers/readers.py", line 1880, in _make_engine
    self.handles = get_handle(
  File "/usr/local/lib/python3.10/dist-packages/pandas/io/common.py", line 873, in get_handle
    handle = open(
FileNotFoundError: [Errno 2] No such file or directory: '/mnt/d/VSCodeWorkspace/stock_realtime_v021_full/saved_data/000786_pipeline_out/03_sector/training_samples_with_sector.csv'
[INFO] final samples for search: /mnt/d/VSCodeWorkspace/stock_realtime_v021_full/saved_data/000786_pipeline_out/04_external/material_wind_battery/training_samples_with_material_wind_battery_external.csv
=== nextday pipeline end: 2026-05-31T00:20:57 status=partial_failed ===
=== nextday pipeline start: 2026-05-31T01:15:55 ===
symbol=000786.SZ, out_root=/root/stock_realtime_v021_full/saved_data/000786_pipeline_out

[2026-05-31T01:15:55] RUN update_data
  /usr/bin/python3 bootstrap/ashare_xgb_dual_opportunity_regression_baostock_full_v19_compressed_trading_axis.py --mode update_data --symbol 000786 --benchmark_symbol 000300 --daily_start 2018-01-01 --daily_end 2026-05-31 --intraday_start '2018-01-01 09:30:00' --intraday_end '2026-05-31 15:00:00' --output_dir /root/stock_realtime_v021_full/saved_data/000786_pipeline_out/00_base --cache_mode incremental --feature_cache_mode incremental --adjust qfq
/root/stock_realtime_v021_full/bootstrap/ashare_fetch_and_train_xgb_sell_signal_baostock_state_cache_helper_fix2.py:246: FutureWarning: The behavior of DataFrame concatenation with empty or all-NA entries is deprecated. In a future version, this will no longer exclude empty or all-NA columns when determining the result dtypes. To retain the old behavior, exclude the relevant entries before the concat operation.
  merged = _normalize_daily_df(pd.concat([df_old, df_new], axis=0, ignore_index=True))
/root/stock_realtime_v021_full/bootstrap/ashare_fetch_and_train_xgb_sell_signal_baostock_state_cache_helper_fix2.py:248: FutureWarning: The behavior of DataFrame concatenation with empty or all-NA entries is deprecated. In a future version, this will no longer exclude empty or all-NA columns when determining the result dtypes. To retain the old behavior, exclude the relevant entries before the concat operation.
  merged = _normalize_intraday_df(pd.concat([df_old, df_new], axis=0, ignore_index=True))
/root/stock_realtime_v021_full/bootstrap/ashare_fetch_and_train_xgb_sell_signal_baostock_state_cache_helper_fix2.py:254: FutureWarning: The behavior of DataFrame concatenation with empty or all-NA entries is deprecated. In a future version, this will no longer exclude empty or all-NA columns when determining the result dtypes. To retain the old behavior, exclude the relevant entries before the concat operation.
  merged = _normalize_bench_df(pd.concat([df_old, df_new], axis=0, ignore_index=True))
/root/stock_realtime_v021_full/bootstrap/ashare_fetch_and_train_xgb_sell_signal_baostock_state_cache_helper_fix2.py:250: FutureWarning: The behavior of DataFrame concatenation with empty or all-NA entries is deprecated. In a future version, this will no longer exclude empty or all-NA columns when determining the result dtypes. To retain the old behavior, exclude the relevant entries before the concat operation.
  merged = _normalize_daily_feature_df(pd.concat([df_old, df_new], axis=0, ignore_index=True))
/root/stock_realtime_v021_full/bootstrap/ashare_fetch_and_train_xgb_sell_signal_baostock_state_cache_helper_fix2.py:252: FutureWarning: The behavior of DataFrame concatenation with empty or all-NA entries is deprecated. In a future version, this will no longer exclude empty or all-NA columns when determining the result dtypes. To retain the old behavior, exclude the relevant entries before the concat operation.
  merged = _normalize_intraday_feature_df(pd.concat([df_old, df_new], axis=0, ignore_index=True))
login success!
logout success!
login success!
logout success!
login success!
logout success!
{
  "mode": "update_data",
  "symbol": "000786",
  "data_source": "baostock",
  "daily_rows": 2037,
  "intraday_rows": 74400,
  "daily_min": "2018-01-02 00:00:00",
  "daily_max": "2026-05-29 00:00:00",
  "intraday_min": "2020-01-02 09:35:00",
  "intraday_max": "2026-05-29 15:00:00",
  "base_paths": {
    "daily_csv": "/root/stock_realtime_v021_full/saved_data/000786_pipeline_out/00_base/000786_daily.csv",
    "intraday_csv": "/root/stock_realtime_v021_full/saved_data/000786_pipeline_out/00_base/000786_5m.csv",
    "benchmark_csv": "/root/stock_realtime_v021_full/saved_data/000786_pipeline_out/00_base/000300_benchmark_daily.csv",
    "raw_daily_cache_csv": "/root/stock_realtime_v021_full/saved_data/000786_pipeline_out/00_base/raw_cache/000786_daily_raw.csv",
    "raw_intraday_cache_csv": "/root/stock_realtime_v021_full/saved_data/000786_pipeline_out/00_base/raw_cache/000786_5m_raw.csv",
    "raw_benchmark_cache_csv": "/root/stock_realtime_v021_full/saved_data/000786_pipeline_out/00_base/raw_cache/000300_benchmark_daily_raw.csv",
    "daily_features_csv": "/root/stock_realtime_v021_full/saved_data/000786_pipeline_out/00_base/daily_features.csv",
    "intraday_features_csv": "/root/stock_realtime_v021_full/saved_data/000786_pipeline_out/00_base/intraday_features.csv",
    "daily_features_cache_csv": "/root/stock_realtime_v021_full/saved_data/000786_pipeline_out/00_base/feature_cache/daily_features_cache.csv",
    "intraday_features_cache_csv": "/root/stock_realtime_v021_full/saved_data/000786_pipeline_out/00_base/feature_cache/intraday_features_cache.csv",
    "feature_state_json": "/root/stock_realtime_v021_full/saved_data/000786_pipeline_out/00_base/feature_cache/feature_state.json"
  },
  "fetch_logs": {
    "symbol": "000786",
    "benchmark_symbol": "000300",
    "daily_start": "2018-01-01",
    "daily_end": "2026-05-31",
    "intraday_start": "2018-01-01 09:30:00",
    "intraday_end": "2026-05-31 15:00:00",
    "perf_start": "2018-01-01",
    "data_source": "baostock",
    "cache_mode": "incremental",
    "force_refresh": false,
    "raw_cache_dir": "/root/stock_realtime_v021_full/saved_data/000786_pipeline_out/00_base/raw_cache",
    "feature_cache_dir": "/root/stock_realtime_v021_full/saved_data/000786_pipeline_out/00_base/feature_cache",
    "feature_cache_mode": "incremental",
    "daily": {
      "cache_path": "/root/stock_realtime_v021_full/saved_data/000786_pipeline_out/00_base/raw_cache/000786_daily_raw.csv",
      "requested_start": "2018-01-01",
      "requested_end": "2026-05-31",
      "mode": "initial_fetch",
      "fetch_segments": [
        {
          "provider": "baostock",
          "code": "sz.000786",
          "adjustflag": "2",
          "rows": 2037,
          "start": "2018-01-01",
          "end": "2026-05-31"
        }
      ],
      "cache_after": {
        "rows": 2037,
        "min": "2018-01-02 00:00:00",
        "max": "2026-05-29 00:00:00"
      }
    },
    "intraday_5m": {
      "cache_path": "/root/stock_realtime_v021_full/saved_data/000786_pipeline_out/00_base/raw_cache/000786_5m_raw.csv",
      "requested_start": "2018-01-01 09:30:00",
      "requested_end": "2026-05-31 15:00:00",
      "mode": "initial_fetch",
      "fetch_segments": [
        {
          "provider": "baostock",
          "code": "sz.000786",
          "adjustflag": "2",
          "requested_start": "2018-01-01 09:30:00",
          "effective_start": "2018-01-01 09:30:00",
          "requested_end": "2026-05-31 15:00:00",
          "rows": 74400
        }
      ],
      "cache_after": {
        "rows": 74400,
        "min": "2020-01-02 09:35:00",
        "max": "2026-05-29 15:00:00"
      }
    },
    "benchmark_daily": {
      "cache_path": "/root/stock_realtime_v021_full/saved_data/000786_pipeline_out/00_base/raw_cache/000300_benchmark_daily_raw.csv",
      "requested_start": "2018-01-01",
      "requested_end": "2026-05-31",
      "mode": "initial_fetch",
      "fetch_segments": [
        {
          "provider": "baostock",
          "code": "sh.000300",
          "rows": 2037,
          "start": "2018-01-01",
          "end": "2026-05-31"
        }
      ],
      "cache_after": {
        "rows": 2037,
        "min": "2018-01-02 00:00:00",
        "max": "2026-05-29 00:00:00"
      }
    },
    "feature_build": {
      "mode": "full_rebuild",
      "reason": "feature_cache_missing",
      "daily_cache_after": {
        "rows": 2037,
        "min": "2018-01-02 00:00:00",
        "max": "2026-05-29 00:00:00"
      },
      "intraday_cache_after": {
        "rows": 74400,
        "min": "2020-01-02 09:35:00",
        "max": "2026-05-29 15:00:00"
      },
      "daily_context_days": 260,
      "intraday_context_days": 40,
      "daily_appended_rows": 2037,
      "intraday_appended_rows": 74400
    },
    "feature_state": {
      "daily_feature_max": "2026-05-29 00:00:00",
      "intraday_feature_max": "2026-05-29 15:00:00",
      "daily_context_days": 260,
      "intraday_context_days": 40,
      "feature_build_mode": "full_rebuild"
    }
  }
}

[2026-05-31T01:18:50] RUN samples
  /usr/bin/python3 feature_building/build_nextday_samples_from_baostock.py --daily-features /root/stock_realtime_v021_full/saved_data/000786_pipeline_out/00_base/daily_features.csv --intraday-bars /root/stock_realtime_v021_full/saved_data/000786_pipeline_out/00_base/000786_5m.csv --out-dir /root/stock_realtime_v021_full/saved_data/000786_pipeline_out/01_samples --min-bars 40 --keep-unlabeled-tail
{
  "rows": 1550,
  "date_min": "2020-01-02",
  "date_max": "2026-05-29",
  "out": "/root/stock_realtime_v021_full/saved_data/000786_pipeline_out/01_samples/training_samples.csv"
}

[2026-05-31T01:18:51] RUN asof_samples
  /usr/bin/python3 feature_building/build_asof1455_training_samples.py --samples /root/stock_realtime_v021_full/saved_data/000786_pipeline_out/01_samples/training_samples.csv --intraday-bars /root/stock_realtime_v021_full/saved_data/000786_pipeline_out/00_base/000786_5m.csv --out-dir /root/stock_realtime_v021_full/saved_data/000786_pipeline_out/01_samples_asof1455 --cutoff-time 14:55 --min-bars 40
{
  "rows": 1550,
  "date_min": "2020-01-02",
  "date_max": "2026-05-29",
  "cutoff_time": "14:55",
  "min_bars": 40,
  "out": "/root/stock_realtime_v021_full/saved_data/000786_pipeline_out/01_samples_asof1455/training_samples_asof1455.csv"
}

[2026-05-31T01:18:52] RUN fundamental
  /usr/bin/python3 feature_building/build_fundamental_features.py --symbol 000786.SZ --daily-samples /root/stock_realtime_v021_full/saved_data/000786_pipeline_out/01_samples_asof1455/training_samples_asof1455.csv --out-dir /root/stock_realtime_v021_full/saved_data/000786_pipeline_out/02_fundamental --start-date 2018-01-01 --end-date 2026-05-31 --fallback-lag-days 120 --skip-akshare
login success!
logout success!
{
  "rows": 1550,
  "date_min": "2020-01-02",
  "date_max": "2026-05-29",
  "source_errors": [],
  "top_missing_rates": {
    "profit_MBRevenue_chg4q": 0.7593548387096775,
    "profit_MBRevenue": 0.7258064516129032,
    "pbMRQ_rank252": 0.03806451612903226,
    "peTTM_rank252": 0.03806451612903226,
    "pcfNcfTTM_rank252": 0.03806451612903226,
    "psTTM_rank252": 0.03806451612903226,
    "cashflow_CFOToNP_chg4q": 0.035483870967741936,
    "cashflow_CFOToNP": 0.032903225806451615,
    "growth_YOYNI_chg4q": 0.0025806451612903226,
    "profit_netProfit_chg4q": 0.0025806451612903226,
    "profit_gpMargin_chg4q": 0.0025806451612903226,
    "profit_totalShare_chg4q": 0.0025806451612903226,
    "profit_liqaShare_chg4q": 0.0025806451612903226,
    "growth_YOYEquity_chg4q": 0.0025806451612903226,
    "profit_epsTTM_chg4q": 0.0025806451612903226,
    "dupont_dupontROE_chg4q": 0.0025806451612903226,
    "profit_roeAvg_chg4q": 0.0025806451612903226,
    "cashflow_NCAToAsset_chg4q": 0.0025806451612903226,
    "cashflow_CAToAsset_chg4q": 0.0025806451612903226,
    "cashflow_tangibleAssetToAsset_chg4q": 0.0025806451612903226,
    "cashflow_ebitToInterest_chg4q": 0.0025806451612903226,
    "cashflow_CFOToOR_chg4q": 0.0025806451612903226,
    "cashflow_CFOToGr_chg4q": 0.0025806451612903226,
    "profit_npMargin_chg4q": 0.0025806451612903226,
    "growth_YOYEPSBasic_chg4q": 0.0025806451612903226,
    "growth_YOYPNI_chg4q": 0.0025806451612903226,
    "solvency_currentRatio_chg4q": 0.0025806451612903226,
    "solvency_quickRatio_chg4q": 0.0025806451612903226,
    "solvency_cashRatio_chg4q": 0.0025806451612903226,
    "solvency_YOYLiability_chg4q": 0.0025806451612903226
  },
  "valuation_non_null": {
    "peTTM": 1550,
    "pbMRQ": 1550,
    "psTTM": 1550,
    "pcfNcfTTM": 1550
  },
  "future_effective_date_violations": 0,
  "rows_with_quarterly": 1550,
  "sample_rows": 1550,
  "quarterly_raw_rows": 37,
  "quarterly_used_pubDate_rows": 37,
  "quarterly_fallback_rows": 0,
  "elapsed_seconds": 24.839,
  "symbol": "000786",
  "baostock_code": "sz.000786",
  "valuation_rows": 2037,
  "fund_flow_rows": 0,
  "feature_columns": 95,
  "merged_columns": 185,
  "outputs": {
    "daily_valuation": "/root/stock_realtime_v021_full/saved_data/000786_pipeline_out/02_fundamental/baostock_daily_valuation.csv",
    "quarterly_fundamentals": "/root/stock_realtime_v021_full/saved_data/000786_pipeline_out/02_fundamental/baostock_quarterly_fundamentals_pit.csv",
    "fundamental_features": "/root/stock_realtime_v021_full/saved_data/000786_pipeline_out/02_fundamental/fundamental_features.csv",
    "merged_samples": "/root/stock_realtime_v021_full/saved_data/000786_pipeline_out/02_fundamental/training_samples_with_fundamentals.csv"
  }
}

[2026-05-31T01:19:17] RUN sector
  /usr/bin/python3 feature_building/build_sector_features.py --samples /root/stock_realtime_v021_full/saved_data/000786_pipeline_out/02_fundamental/training_samples_with_fundamentals.csv --out-dir /root/stock_realtime_v021_full/saved_data/000786_pipeline_out/03_sector --sector-symbol '建筑材料' --start-date 2018-01-01 --end-date 2026-05-31

  0%|          | 0/9 [00:00<?, ?it/s]
 11%|█         | 1/9 [00:00<00:01,  4.36it/s]
 22%|██▏       | 2/9 [00:00<00:01,  4.50it/s]
 33%|███▎      | 3/9 [00:00<00:01,  4.52it/s]
 44%|████▍     | 4/9 [00:00<00:01,  4.46it/s]
 56%|█████▌    | 5/9 [00:01<00:00,  4.25it/s]
 67%|██████▋   | 6/9 [00:01<00:00,  4.30it/s]
 78%|███████▊  | 7/9 [00:01<00:00,  4.38it/s]
 89%|████████▉ | 8/9 [00:01<00:00,  4.45it/s]
100%|██████████| 9/9 [00:02<00:00,  4.31it/s]
                                             
{
  "sector_symbol": "建筑材料",
  "sector_rows": 2037,
  "sector_date_min": "2018-01-02",
  "sector_date_max": "2026-05-29",
  "sample_rows": 1550,
  "merged_rows": 1550,
  "sector_feature_cols": 23,
  "top_missing": {
    "sector_ret60": 0.03870967741935484,
    "sector_ma60_gap": 0.01935483870967742,
    "stock_vs_sector_ret20": 0.012903225806451613,
    "sector_ret20": 0.012903225806451613,
    "sector_vol20": 0.0070967741935483875,
    "sector_ma20_gap": 0.0064516129032258064,
    "sector_range_z20": 0.0064516129032258064,
    "sector_volume_shock20": 0.0064516129032258064,
    "sector_amount_z20": 0.0064516129032258064,
    "sector_volume_z20": 0.0064516129032258064,
    "sector_amount_shock20": 0.0064516129032258064,
    "sector_ret5": 0.0032258064516129032,
    "stock_vs_sector_ret5": 0.0032258064516129032,
    "sector_vs_bench_ret5": 0.0032258064516129032,
    "stock_vs_sector_ret1": 0.0006451612903225806,
    "sector_ret1": 0.0006451612903225806,
    "sector_amount": 0.0,
    "sector_volume": 0.0,
    "sector_close": 0.0,
    "sector_low": 0.0
  },
  "outputs": {
    "sector_index": "/root/stock_realtime_v021_full/saved_data/000786_pipeline_out/03_sector/sector_index_ths.csv",
    "sector_features": "/root/stock_realtime_v021_full/saved_data/000786_pipeline_out/03_sector/sector_features.csv",
    "merged_samples": "/root/stock_realtime_v021_full/saved_data/000786_pipeline_out/03_sector/training_samples_with_sector.csv"
  }
}

[2026-05-31T01:19:22] RUN external_material_wind_battery
  /usr/bin/python3 feature_building/build_stock_external_features.py --samples /root/stock_realtime_v021_full/saved_data/000786_pipeline_out/03_sector/training_samples_with_sector.csv --out-dir /root/stock_realtime_v021_full/saved_data/000786_pipeline_out/04_external/material_wind_battery --profile material_wind_battery --target-symbol 000786.SZ --start-date 2018-01-01 --end-date 2026-05-31 --adjust qfq --domestic-lag-days 0 --future-lag-days 1 --us-lag-days 1
login success!

  0%|          | 0/9 [00:00<?, ?it/s]
 11%|█         | 1/9 [00:00<00:01,  4.38it/s]
 22%|██▏       | 2/9 [00:00<00:01,  4.11it/s]
 33%|███▎      | 3/9 [00:00<00:01,  4.35it/s]
 44%|████▍     | 4/9 [00:00<00:01,  4.41it/s]
 56%|█████▌    | 5/9 [00:01<00:00,  4.25it/s]
 67%|██████▋   | 6/9 [00:01<00:00,  4.37it/s]
 78%|███████▊  | 7/9 [00:01<00:00,  4.44it/s]
 89%|████████▉ | 8/9 [00:01<00:00,  4.49it/s]
100%|██████████| 9/9 [00:01<00:00,  4.79it/s]
                                             

  0%|          | 0/9 [00:00<?, ?it/s]
 11%|█         | 1/9 [00:00<00:01,  4.05it/s]
 22%|██▏       | 2/9 [00:00<00:02,  3.08it/s]
 33%|███▎      | 3/9 [00:00<00:01,  3.69it/s]
 44%|████▍     | 4/9 [00:01<00:01,  4.07it/s]
 56%|█████▌    | 5/9 [00:01<00:00,  4.18it/s]
 67%|██████▋   | 6/9 [00:01<00:00,  4.27it/s]
 78%|███████▊  | 7/9 [00:01<00:00,  4.29it/s]
 89%|████████▉ | 8/9 [00:01<00:00,  4.17it/s]
100%|██████████| 9/9 [00:02<00:00,  4.50it/s]
                                             

  0%|          | 0/9 [00:00<?, ?it/s]
 11%|█         | 1/9 [00:00<00:01,  4.57it/s]
 22%|██▏       | 2/9 [00:00<00:01,  4.20it/s]
 33%|███▎      | 3/9 [00:00<00:01,  4.34it/s]
 44%|████▍     | 4/9 [00:00<00:01,  4.26it/s]
 56%|█████▌    | 5/9 [00:01<00:00,  4.38it/s]
 67%|██████▋   | 6/9 [00:01<00:00,  4.34it/s]
 78%|███████▊  | 7/9 [00:01<00:00,  4.41it/s]
 89%|████████▉ | 8/9 [00:01<00:00,  4.29it/s]
100%|██████████| 9/9 [00:02<00:00,  4.57it/s]
                                             

  0%|          | 0/9 [00:00<?, ?it/s]
 11%|█         | 1/9 [00:00<00:03,  2.47it/s]
 22%|██▏       | 2/9 [00:00<00:02,  3.40it/s]
 33%|███▎      | 3/9 [00:00<00:01,  3.66it/s]
 44%|████▍     | 4/9 [00:01<00:01,  3.89it/s]
 56%|█████▌    | 5/9 [00:01<00:00,  4.14it/s]
 67%|██████▋   | 6/9 [00:01<00:00,  4.20it/s]
 78%|███████▊  | 7/9 [00:01<00:00,  4.32it/s]
 89%|████████▉ | 8/9 [00:02<00:00,  4.28it/s]
100%|██████████| 9/9 [00:02<00:00,  4.58it/s]
                                             
{
  "profile": "material_wind_battery",
  "description": "Fiberglass/material + wind + battery proxy for 中材科技",
  "sample_rows": 1550,
  "merged_rows": 1550,
  "raw_rows": 2037,
  "raw_date_min": "2018-01-02",
  "raw_date_max": "2026-05-29",
  "lag_days_legacy": null,
  "lag_policy": {
    "domestic": 0,
    "futures": 1,
    "us": 1
  },
  "enable_us_yf": false,
  "feature_cols": 524,
  "source_meta": {
    "profile": {
      "key": "material_wind_battery",
      "prefix": "mwb",
      "description": "Fiberglass/material + wind + battery proxy for 中材科技",
      "stocks": [
        "600176",
        "300196",
        "605006",
        "002202",
        "601615",
        "002812",
        "300568"
      ],
      "etfs": [
        "516660",
        "159566",
        "515790",
        "516160"
      ],
      "futures": [
        "SA0",
        "FG0",
        "SI0"
      ],
      "boards": [
        "建筑材料",
        "非金属材料",
        "风电设备",
        "电池"
      ],
      "us_tickers": []
    },
    "used": {
      "stocks": [
        "600176",
        "300196",
        "605006",
        "002202",
        "601615",
        "002812",
        "300568"
      ],
      "etfs": [
        "516660",
        "159566",
        "515790",
        "516160"
      ],
      "futures": [
        "SA0",
        "FG0",
        "SI0"
      ],
      "boards": [
        "建筑材料",
        "非金属材料",
        "风电设备",
        "电池"
      ],
      "us_yf": []
    },
    "start_date": "20180101",
    "end_date": "20260531",
    "target_symbol_excluded": "000786",
    "em_sources_used": false,
    "baostock_cache_dir": "/root/stock_realtime_v021_full/saved_data/000786_pipeline_out/04_external/material_wind_battery/baostock_external_cache",
    "us_yfinance_enabled": false
  },
  "errors": {},
  "top_missing": {
    "mwb_etf_515790_range_pct_ret60": 0.9774193548387097,
    "mwb_etf_516160_range_pct_ret60": 0.9774193548387097,
    "mwb_etf_516660_range_pct_ret60": 0.9774193548387097,
    "mwb_etf_159566_range_pct_ret60": 0.9774193548387097,
    "mwb_etf_159566_close_ret60": 0.9774193548387097,
    "mwb_etf_516660_close_ret60": 0.9774193548387097,
    "mwb_etf_515790_close_ret60": 0.9774193548387097,
    "mwb_etf_516160_close_ret60": 0.9774193548387097,
    "mwb_etf_basket_close_ret60": 0.9774193548387097,
    "mwb_etf_515790_range_pct_z60": 0.9516129032258065,
    "mwb_etf_515790_range_pct_ret20": 0.9516129032258065,
    "mwb_etf_basket_close_ret20": 0.9516129032258065,
    "mwb_etf_basket_close_z60": 0.9516129032258065,
    "mwb_etf_516160_close_z60": 0.9516129032258065,
    "mwb_etf_515790_close_ret20": 0.9516129032258065,
    "mwb_etf_159566_close_ret20": 0.9516129032258065,
    "mwb_etf_516160_range_pct_z60": 0.9516129032258065,
    "mwb_etf_516160_range_pct_ret20": 0.9516129032258065,
    "mwb_etf_516160_close_ret20": 0.9516129032258065,
    "mwb_etf_516660_range_pct_ret20": 0.9516129032258065,
    "mwb_etf_516660_close_ret20": 0.9516129032258065,
    "mwb_stock_vs_etf_basket_ret20": 0.9516129032258065,
    "mwb_etf_516660_close_z60": 0.9516129032258065,
    "mwb_etf_159566_range_pct_ret20": 0.9516129032258065,
    "mwb_etf_516660_range_pct_z60": 0.9516129032258065,
    "mwb_etf_159566_close_z60": 0.9516129032258065,
    "mwb_etf_159566_range_pct_z60": 0.9516129032258065,
    "mwb_etf_515790_close_z60": 0.9516129032258065,
    "mwb_etf_516660_close_vol20": 0.9458064516129032,
    "mwb_etf_515790_close_vol20": 0.9458064516129032,
    "mwb_etf_516160_close_vol20": 0.9458064516129032,
    "mwb_etf_basket_close_vol20": 0.9458064516129032,
    "mwb_etf_159566_close_vol20": 0.9458064516129032,
    "mwb_etf_516660_close_ma20_gap": 0.9451612903225807,
    "mwb_etf_516660_range_pct_ma20_gap": 0.9451612903225807,
    "mwb_etf_159566_volume_shock20": 0.9451612903225807,
    "mwb_etf_159566_range_pct_z20": 0.9451612903225807,
    "mwb_etf_159566_volume_z20": 0.9451612903225807,
    "mwb_etf_515790_range_pct_ma20_gap": 0.9451612903225807,
    "mwb_etf_515790_volume_z20": 0.9451612903225807,
    "mwb_etf_515790_range_pct_z20": 0.9451612903225807,
    "mwb_etf_159566_range_pct_ma20_gap": 0.9451612903225807,
    "mwb_etf_516660_close_z20": 0.9451612903225807,
    "mwb_etf_516160_volume_z20": 0.9451612903225807,
    "mwb_etf_516160_range_pct_z20": 0.9451612903225807,
    "mwb_etf_516160_volume_shock20": 0.9451612903225807,
    "mwb_etf_516160_range_pct_ma20_gap": 0.9451612903225807,
    "mwb_etf_basket_close_ma20_gap": 0.9451612903225807,
    "mwb_etf_515790_close_ma20_gap": 0.9451612903225807,
    "mwb_etf_515790_close_z20": 0.9451612903225807
  },
  "outputs": {
    "features": "/root/stock_realtime_v021_full/saved_data/000786_pipeline_out/04_external/material_wind_battery/stock_external_features_material_wind_battery.csv",
    "merged_samples": "/root/stock_realtime_v021_full/saved_data/000786_pipeline_out/04_external/material_wind_battery/training_samples_with_material_wind_battery_external.csv",
    "report": "/root/stock_realtime_v021_full/saved_data/000786_pipeline_out/04_external/material_wind_battery/validation_report.json"
  }
}
logout success!
[INFO] final samples for search: /root/stock_realtime_v021_full/saved_data/000786_pipeline_out/04_external/material_wind_battery/training_samples_with_material_wind_battery_external.csv
=== nextday pipeline end: 2026-05-31T01:19:45 status=ok ===
=== nextday pipeline start: 2026-06-02T20:05:38 ===
symbol=000786.SZ, out_root=/root/stock_realtime_v021_full/saved_data/000786_pipeline_out

[2026-06-02T20:05:38] RUN update_data
  /usr/bin/python3 bootstrap/ashare_xgb_dual_opportunity_regression_baostock_full_v19_compressed_trading_axis.py --mode update_data --symbol 000786 --benchmark_symbol 000300 --daily_start 2018-01-01 --daily_end 2026-06-02 --intraday_start '2018-01-01 09:30:00' --intraday_end '2026-06-02 15:00:00' --output_dir /root/stock_realtime_v021_full/saved_data/000786_pipeline_out/00_base --cache_mode incremental --feature_cache_mode incremental --adjust qfq
/root/stock_realtime_v021_full/bootstrap/ashare_fetch_and_train_xgb_sell_signal_baostock_state_cache_helper_fix2.py:246: FutureWarning: The behavior of DataFrame concatenation with empty or all-NA entries is deprecated. In a future version, this will no longer exclude empty or all-NA columns when determining the result dtypes. To retain the old behavior, exclude the relevant entries before the concat operation.
  merged = _normalize_daily_df(pd.concat([df_old, df_new], axis=0, ignore_index=True))
/root/stock_realtime_v021_full/bootstrap/ashare_fetch_and_train_xgb_sell_signal_baostock_state_cache_helper_fix2.py:254: FutureWarning: The behavior of DataFrame concatenation with empty or all-NA entries is deprecated. In a future version, this will no longer exclude empty or all-NA columns when determining the result dtypes. To retain the old behavior, exclude the relevant entries before the concat operation.
  merged = _normalize_bench_df(pd.concat([df_old, df_new], axis=0, ignore_index=True))
login success!
logout success!
login success!
logout success!
login success!
logout success!
login success!
logout success!
login success!
logout success!
login success!
logout success!
{
  "mode": "update_data",
  "symbol": "000786",
  "data_source": "baostock",
  "daily_rows": 2039,
  "intraday_rows": 74448,
  "daily_min": "2018-01-02 00:00:00",
  "daily_max": "2026-06-02 00:00:00",
  "intraday_min": "2020-01-02 09:35:00",
  "intraday_max": "2026-06-01 15:00:00",
  "base_paths": {
    "daily_csv": "/root/stock_realtime_v021_full/saved_data/000786_pipeline_out/00_base/000786_daily.csv",
    "intraday_csv": "/root/stock_realtime_v021_full/saved_data/000786_pipeline_out/00_base/000786_5m.csv",
    "benchmark_csv": "/root/stock_realtime_v021_full/saved_data/000786_pipeline_out/00_base/000300_benchmark_daily.csv",
    "raw_daily_cache_csv": "/root/stock_realtime_v021_full/saved_data/000786_pipeline_out/00_base/raw_cache/000786_daily_raw.csv",
    "raw_intraday_cache_csv": "/root/stock_realtime_v021_full/saved_data/000786_pipeline_out/00_base/raw_cache/000786_5m_raw.csv",
    "raw_benchmark_cache_csv": "/root/stock_realtime_v021_full/saved_data/000786_pipeline_out/00_base/raw_cache/000300_benchmark_daily_raw.csv",
    "daily_features_csv": "/root/stock_realtime_v021_full/saved_data/000786_pipeline_out/00_base/daily_features.csv",
    "intraday_features_csv": "/root/stock_realtime_v021_full/saved_data/000786_pipeline_out/00_base/intraday_features.csv",
    "daily_features_cache_csv": "/root/stock_realtime_v021_full/saved_data/000786_pipeline_out/00_base/feature_cache/daily_features_cache.csv",
    "intraday_features_cache_csv": "/root/stock_realtime_v021_full/saved_data/000786_pipeline_out/00_base/feature_cache/intraday_features_cache.csv",
    "feature_state_json": "/root/stock_realtime_v021_full/saved_data/000786_pipeline_out/00_base/feature_cache/feature_state.json"
  },
  "fetch_logs": {
    "symbol": "000786",
    "benchmark_symbol": "000300",
    "daily_start": "2018-01-01",
    "daily_end": "2026-06-02",
    "intraday_start": "2018-01-01 09:30:00",
    "intraday_end": "2026-06-02 15:00:00",
    "perf_start": "2018-01-01",
    "data_source": "baostock",
    "cache_mode": "incremental",
    "force_refresh": false,
    "raw_cache_dir": "/root/stock_realtime_v021_full/saved_data/000786_pipeline_out/00_base/raw_cache",
    "feature_cache_dir": "/root/stock_realtime_v021_full/saved_data/000786_pipeline_out/00_base/feature_cache",
    "feature_cache_mode": "incremental",
    "daily": {
      "cache_path": "/root/stock_realtime_v021_full/saved_data/000786_pipeline_out/00_base/raw_cache/000786_daily_raw.csv",
      "requested_start": "2018-01-01",
      "requested_end": "2026-06-02",
      "mode": "incremental",
      "cache_before": {
        "rows": 2037,
        "min": "2018-01-02 00:00:00",
        "max": "2026-05-29 00:00:00"
      },
      "fetch_segments": [
        {
          "provider": "baostock",
          "code": "sz.000786",
          "adjustflag": "2",
          "rows": 0
        },
        {
          "provider": "baostock",
          "code": "sz.000786",
          "adjustflag": "2",
          "rows": 2,
          "start": "2026-05-30",
          "end": "2026-06-02"
        }
      ],
      "cache_after": {
        "rows": 2039,
        "min": "2018-01-02 00:00:00",
        "max": "2026-06-02 00:00:00"
      }
    },
    "intraday_5m": {
      "cache_path": "/root/stock_realtime_v021_full/saved_data/000786_pipeline_out/00_base/raw_cache/000786_5m_raw.csv",
      "requested_start": "2018-01-01 09:30:00",
      "requested_end": "2026-06-02 15:00:00",
      "mode": "incremental",
      "cache_before": {
        "rows": 74400,
        "min": "2020-01-02 09:35:00",
        "max": "2026-05-29 15:00:00"
      },
      "fetch_segments": [
        {
          "provider": "baostock",
          "code": "sz.000786",
          "adjustflag": "2",
          "requested_start": "2018-01-01 09:30:00",
          "effective_start": "2018-01-01 09:30:00",
          "requested_end": "2020-01-02 09:30:00",
          "rows": 0
        },
        {
          "provider": "baostock",
          "code": "sz.000786",
          "adjustflag": "2",
          "requested_start": "2026-05-29 15:05:00",
          "effective_start": "2026-05-29 15:05:00",
          "requested_end": "2026-06-02 15:00:00",
          "rows": 48
        }
      ],
      "cache_after": {
        "rows": 74448,
        "min": "2020-01-02 09:35:00",
        "max": "2026-06-01 15:00:00"
      }
    },
    "benchmark_daily": {
      "cache_path": "/root/stock_realtime_v021_full/saved_data/000786_pipeline_out/00_base/raw_cache/000300_benchmark_daily_raw.csv",
      "requested_start": "2018-01-01",
      "requested_end": "2026-06-02",
      "mode": "incremental",
      "cache_before": {
        "rows": 2037,
        "min": "2018-01-02 00:00:00",
        "max": "2026-05-29 00:00:00"
      },
      "fetch_segments": [
        {
          "provider": "baostock",
          "code": "sh.000300",
          "rows": 0,
          "start": "2018-01-01",
          "end": "2018-01-01"
        },
        {
          "provider": "baostock",
          "code": "sh.000300",
          "rows": 2,
          "start": "2026-05-30",
          "end": "2026-06-02"
        }
      ],
      "cache_after": {
        "rows": 2039,
        "min": "2018-01-02 00:00:00",
        "max": "2026-06-02 00:00:00"
      }
    },
    "feature_build": {
      "mode": "stateful_incremental_append",
      "daily_context_days": 260,
      "intraday_context_days": 40,
      "daily_append": {
        "needed": true,
        "first_new_date": "2026-06-01 00:00:00",
        "context_start": "2025-05-06 00:00:00",
        "context_raw_rows": 262,
        "appended_rows": 2,
        "cache_before": {
          "rows": 2037,
          "min": "2018-01-02 00:00:00",
          "max": "2026-05-29 00:00:00"
        },
        "cache_after": {
          "rows": 2039,
          "min": "2018-01-02 00:00:00",
          "max": "2026-06-02 00:00:00"
        }
      },
      "intraday_append": {
        "needed": true,
        "first_new_datetime": "2026-06-01 09:35:00",
        "context_start_date": "2026-03-31 00:00:00",
        "context_raw_rows": 1968,
        "appended_rows": 48,
        "cache_before": {
          "rows": 74400,
          "min": "2020-01-02 09:35:00",
          "max": "2026-05-29 15:00:00"
        },
        "cache_after": {
          "rows": 74448,
          "min": "2020-01-02 09:35:00",
          "max": "2026-06-01 15:00:00"
        }
      }
    },
    "feature_state": {
      "daily_feature_max": "2026-06-02 00:00:00",
      "intraday_feature_max": "2026-06-01 15:00:00",
      "daily_context_days": 260,
      "intraday_context_days": 40,
      "feature_build_mode": "stateful_incremental_append"
    }
  }
}

[2026-06-02T20:05:56] RUN samples
  /usr/bin/python3 feature_building/build_nextday_samples_from_baostock.py --daily-features /root/stock_realtime_v021_full/saved_data/000786_pipeline_out/00_base/daily_features.csv --intraday-bars /root/stock_realtime_v021_full/saved_data/000786_pipeline_out/00_base/000786_5m.csv --out-dir /root/stock_realtime_v021_full/saved_data/000786_pipeline_out/01_samples --min-bars 40 --keep-unlabeled-tail
{
  "rows": 1551,
  "date_min": "2020-01-02",
  "date_max": "2026-06-01",
  "out": "/root/stock_realtime_v021_full/saved_data/000786_pipeline_out/01_samples/training_samples.csv"
}

[2026-06-02T20:05:57] RUN asof_samples
  /usr/bin/python3 feature_building/build_asof1455_training_samples.py --samples /root/stock_realtime_v021_full/saved_data/000786_pipeline_out/01_samples/training_samples.csv --intraday-bars /root/stock_realtime_v021_full/saved_data/000786_pipeline_out/00_base/000786_5m.csv --out-dir /root/stock_realtime_v021_full/saved_data/000786_pipeline_out/01_samples_asof1455 --cutoff-time 14:55 --min-bars 40
{
  "rows": 1551,
  "date_min": "2020-01-02",
  "date_max": "2026-06-01",
  "cutoff_time": "14:55",
  "min_bars": 40,
  "out": "/root/stock_realtime_v021_full/saved_data/000786_pipeline_out/01_samples_asof1455/training_samples_asof1455.csv"
}

[2026-06-02T20:05:58] RUN fundamental
  /usr/bin/python3 feature_building/build_fundamental_features.py --symbol 000786.SZ --daily-samples /root/stock_realtime_v021_full/saved_data/000786_pipeline_out/01_samples_asof1455/training_samples_asof1455.csv --out-dir /root/stock_realtime_v021_full/saved_data/000786_pipeline_out/02_fundamental --start-date 2018-01-01 --end-date 2026-06-02 --fallback-lag-days 120 --skip-akshare
login success!
logout success!
{
  "rows": 1551,
  "date_min": "2020-01-02",
  "date_max": "2026-06-01",
  "source_errors": [],
  "top_missing_rates": {
    "profit_MBRevenue_chg4q": 0.7595099935525468,
    "profit_MBRevenue": 0.7259832366215345,
    "pbMRQ_rank252": 0.038039974210186976,
    "peTTM_rank252": 0.038039974210186976,
    "pcfNcfTTM_rank252": 0.038039974210186976,
    "psTTM_rank252": 0.038039974210186976,
    "cashflow_CFOToNP_chg4q": 0.03546099290780142,
    "cashflow_CFOToNP": 0.03288201160541586,
    "growth_YOYNI_chg4q": 0.0025789813023855577,
    "profit_netProfit_chg4q": 0.0025789813023855577,
    "profit_gpMargin_chg4q": 0.0025789813023855577,
    "profit_totalShare_chg4q": 0.0025789813023855577,
    "profit_liqaShare_chg4q": 0.0025789813023855577,
    "growth_YOYEquity_chg4q": 0.0025789813023855577,
    "profit_epsTTM_chg4q": 0.0025789813023855577,
    "dupont_dupontROE_chg4q": 0.0025789813023855577,
    "profit_roeAvg_chg4q": 0.0025789813023855577,
    "cashflow_NCAToAsset_chg4q": 0.0025789813023855577,
    "cashflow_CAToAsset_chg4q": 0.0025789813023855577,
    "cashflow_tangibleAssetToAsset_chg4q": 0.0025789813023855577,
    "cashflow_ebitToInterest_chg4q": 0.0025789813023855577,
    "cashflow_CFOToOR_chg4q": 0.0025789813023855577,
    "cashflow_CFOToGr_chg4q": 0.0025789813023855577,
    "profit_npMargin_chg4q": 0.0025789813023855577,
    "growth_YOYEPSBasic_chg4q": 0.0025789813023855577,
    "growth_YOYPNI_chg4q": 0.0025789813023855577,
    "solvency_currentRatio_chg4q": 0.0025789813023855577,
    "solvency_quickRatio_chg4q": 0.0025789813023855577,
    "solvency_cashRatio_chg4q": 0.0025789813023855577,
    "solvency_YOYLiability_chg4q": 0.0025789813023855577
  },
  "valuation_non_null": {
    "peTTM": 1551,
    "pbMRQ": 1551,
    "psTTM": 1551,
    "pcfNcfTTM": 1551
  },
  "future_effective_date_violations": 0,
  "rows_with_quarterly": 1551,
  "sample_rows": 1551,
  "quarterly_raw_rows": 37,
  "quarterly_used_pubDate_rows": 37,
  "quarterly_fallback_rows": 0,
  "elapsed_seconds": 42.488,
  "symbol": "000786",
  "baostock_code": "sz.000786",
  "valuation_rows": 2039,
  "fund_flow_rows": 0,
  "feature_columns": 95,
  "merged_columns": 185,
  "outputs": {
    "daily_valuation": "/root/stock_realtime_v021_full/saved_data/000786_pipeline_out/02_fundamental/baostock_daily_valuation.csv",
    "quarterly_fundamentals": "/root/stock_realtime_v021_full/saved_data/000786_pipeline_out/02_fundamental/baostock_quarterly_fundamentals_pit.csv",
    "fundamental_features": "/root/stock_realtime_v021_full/saved_data/000786_pipeline_out/02_fundamental/fundamental_features.csv",
    "merged_samples": "/root/stock_realtime_v021_full/saved_data/000786_pipeline_out/02_fundamental/training_samples_with_fundamentals.csv"
  }
}

[2026-06-02T20:06:42] RUN sector
  /usr/bin/python3 feature_building/build_sector_features.py --samples /root/stock_realtime_v021_full/saved_data/000786_pipeline_out/02_fundamental/training_samples_with_fundamentals.csv --out-dir /root/stock_realtime_v021_full/saved_data/000786_pipeline_out/03_sector --sector-symbol '建筑材料' --start-date 2018-01-01 --end-date 2026-06-02

  0%|          | 0/9 [00:00<?, ?it/s]
 11%|█         | 1/9 [00:00<00:02,  3.26it/s]
 22%|██▏       | 2/9 [00:00<00:01,  3.96it/s]
 33%|███▎      | 3/9 [00:00<00:01,  4.22it/s]
 44%|████▍     | 4/9 [00:00<00:01,  4.39it/s]
 56%|█████▌    | 5/9 [00:01<00:00,  4.50it/s]
 67%|██████▋   | 6/9 [00:01<00:00,  4.49it/s]
 78%|███████▊  | 7/9 [00:01<00:00,  4.28it/s]
 89%|████████▉ | 8/9 [00:01<00:00,  4.29it/s]
100%|██████████| 9/9 [00:02<00:00,  4.41it/s]
                                             
{
  "sector_symbol": "建筑材料",
  "sector_rows": 2038,
  "sector_date_min": "2018-01-02",
  "sector_date_max": "2026-06-01",
  "sample_rows": 1551,
  "merged_rows": 1551,
  "sector_feature_cols": 23,
  "top_missing": {
    "sector_ret60": 0.03868471953578337,
    "sector_ma60_gap": 0.019342359767891684,
    "stock_vs_sector_ret20": 0.012894906511927788,
    "sector_ret20": 0.012894906511927788,
    "sector_vol20": 0.0070921985815602835,
    "sector_ma20_gap": 0.006447453255963894,
    "sector_range_z20": 0.006447453255963894,
    "sector_volume_shock20": 0.006447453255963894,
    "sector_amount_z20": 0.006447453255963894,
    "sector_volume_z20": 0.006447453255963894,
    "sector_amount_shock20": 0.006447453255963894,
    "sector_ret5": 0.003223726627981947,
    "stock_vs_sector_ret5": 0.003223726627981947,
    "sector_vs_bench_ret5": 0.003223726627981947,
    "stock_vs_sector_ret1": 0.0006447453255963894,
    "sector_ret1": 0.0006447453255963894,
    "sector_amount": 0.0,
    "sector_volume": 0.0,
    "sector_close": 0.0,
    "sector_low": 0.0
  },
  "outputs": {
    "sector_index": "/root/stock_realtime_v021_full/saved_data/000786_pipeline_out/03_sector/sector_index_ths.csv",
    "sector_features": "/root/stock_realtime_v021_full/saved_data/000786_pipeline_out/03_sector/sector_features.csv",
    "merged_samples": "/root/stock_realtime_v021_full/saved_data/000786_pipeline_out/03_sector/training_samples_with_sector.csv"
  }
}

[2026-06-02T20:06:46] RUN external_material_wind_battery
  /usr/bin/python3 feature_building/build_stock_external_features.py --samples /root/stock_realtime_v021_full/saved_data/000786_pipeline_out/03_sector/training_samples_with_sector.csv --out-dir /root/stock_realtime_v021_full/saved_data/000786_pipeline_out/04_external/material_wind_battery --profile material_wind_battery --target-symbol 000786.SZ --start-date 2018-01-01 --end-date 2026-06-02 --adjust qfq --domestic-lag-days 0 --future-lag-days 1 --us-lag-days 1
login success!

  0%|          | 0/9 [00:00<?, ?it/s]
 11%|█         | 1/9 [00:00<00:01,  4.19it/s]
 22%|██▏       | 2/9 [00:00<00:01,  4.37it/s]
 33%|███▎      | 3/9 [00:00<00:01,  3.91it/s]
 44%|████▍     | 4/9 [00:01<00:01,  3.83it/s]
 56%|█████▌    | 5/9 [00:01<00:00,  4.17it/s]
 67%|██████▋   | 6/9 [00:01<00:00,  4.06it/s]
 78%|███████▊  | 7/9 [00:01<00:00,  4.03it/s]
 89%|████████▉ | 8/9 [00:01<00:00,  4.05it/s]
100%|██████████| 9/9 [00:02<00:00,  4.18it/s]
                                             

  0%|          | 0/9 [00:00<?, ?it/s]
 11%|█         | 1/9 [00:00<00:01,  4.80it/s]
 22%|██▏       | 2/9 [00:00<00:01,  3.73it/s]
 33%|███▎      | 3/9 [00:00<00:01,  4.09it/s]
 44%|████▍     | 4/9 [00:01<00:01,  3.90it/s]
 56%|█████▌    | 5/9 [00:01<00:01,  3.93it/s]
 67%|██████▋   | 6/9 [00:01<00:00,  3.99it/s]
 78%|███████▊  | 7/9 [00:01<00:00,  4.21it/s]
 89%|████████▉ | 8/9 [00:01<00:00,  4.33it/s]
100%|██████████| 9/9 [00:02<00:00,  4.58it/s]
                                             

  0%|          | 0/9 [00:00<?, ?it/s]
 11%|█         | 1/9 [00:00<00:01,  4.71it/s]
 22%|██▏       | 2/9 [00:00<00:01,  4.30it/s]
 33%|███▎      | 3/9 [00:00<00:01,  4.18it/s]
 44%|████▍     | 4/9 [00:00<00:01,  4.37it/s]
 56%|█████▌    | 5/9 [00:01<00:00,  4.06it/s]
 67%|██████▋   | 6/9 [00:01<00:00,  4.16it/s]
 78%|███████▊  | 7/9 [00:01<00:00,  4.15it/s]
 89%|████████▉ | 8/9 [00:01<00:00,  4.16it/s]
100%|██████████| 9/9 [00:02<00:00,  4.42it/s]
                                             

  0%|          | 0/9 [00:00<?, ?it/s]
 11%|█         | 1/9 [00:00<00:01,  4.13it/s]
 22%|██▏       | 2/9 [00:00<00:01,  4.08it/s]
 33%|███▎      | 3/9 [00:00<00:01,  4.03it/s]
 44%|████▍     | 4/9 [00:00<00:01,  4.19it/s]
 56%|█████▌    | 5/9 [00:01<00:01,  3.87it/s]
 67%|██████▋   | 6/9 [00:01<00:00,  3.87it/s]
 78%|███████▊  | 7/9 [00:01<00:00,  4.12it/s]
 89%|████████▉ | 8/9 [00:02<00:00,  3.96it/s]
100%|██████████| 9/9 [00:02<00:00,  4.15it/s]
                                             
{
  "profile": "material_wind_battery",
  "description": "Fiberglass/material + wind + battery proxy for 中材科技",
  "sample_rows": 1551,
  "merged_rows": 1551,
  "raw_rows": 2039,
  "raw_date_min": "2018-01-02",
  "raw_date_max": "2026-06-02",
  "lag_days_legacy": null,
  "lag_policy": {
    "domestic": 0,
    "futures": 1,
    "us": 1
  },
  "enable_us_yf": false,
  "feature_cols": 524,
  "source_meta": {
    "profile": {
      "key": "material_wind_battery",
      "prefix": "mwb",
      "description": "Fiberglass/material + wind + battery proxy for 中材科技",
      "stocks": [
        "600176",
        "300196",
        "605006",
        "002202",
        "601615",
        "002812",
        "300568"
      ],
      "etfs": [
        "516660",
        "159566",
        "515790",
        "516160"
      ],
      "futures": [
        "SA0",
        "FG0",
        "SI0"
      ],
      "boards": [
        "建筑材料",
        "非金属材料",
        "风电设备",
        "电池"
      ],
      "us_tickers": []
    },
    "used": {
      "stocks": [
        "600176",
        "300196",
        "605006",
        "002202",
        "601615",
        "002812",
        "300568"
      ],
      "etfs": [
        "516660",
        "159566",
        "515790",
        "516160"
      ],
      "futures": [
        "SA0",
        "FG0",
        "SI0"
      ],
      "boards": [
        "建筑材料",
        "非金属材料",
        "风电设备",
        "电池"
      ],
      "us_yf": []
    },
    "start_date": "20180101",
    "end_date": "20260602",
    "target_symbol_excluded": "000786",
    "em_sources_used": false,
    "baostock_cache_dir": "/root/stock_realtime_v021_full/saved_data/000786_pipeline_out/04_external/material_wind_battery/baostock_external_cache",
    "us_yfinance_enabled": false
  },
  "errors": {},
  "top_missing": {
    "mwb_etf_515790_range_pct_ret60": 0.97678916827853,
    "mwb_etf_516160_range_pct_ret60": 0.97678916827853,
    "mwb_etf_516660_range_pct_ret60": 0.97678916827853,
    "mwb_etf_159566_range_pct_ret60": 0.97678916827853,
    "mwb_etf_159566_close_ret60": 0.97678916827853,
    "mwb_etf_516660_close_ret60": 0.97678916827853,
    "mwb_etf_515790_close_ret60": 0.97678916827853,
    "mwb_etf_516160_close_ret60": 0.97678916827853,
    "mwb_etf_basket_close_ret60": 0.97678916827853,
    "mwb_etf_515790_range_pct_z60": 0.9509993552546744,
    "mwb_etf_515790_range_pct_ret20": 0.9509993552546744,
    "mwb_etf_basket_close_ret20": 0.9509993552546744,
    "mwb_etf_basket_close_z60": 0.9509993552546744,
    "mwb_etf_516160_close_z60": 0.9509993552546744,
    "mwb_etf_515790_close_ret20": 0.9509993552546744,
    "mwb_etf_159566_close_ret20": 0.9509993552546744,
    "mwb_etf_516160_range_pct_z60": 0.9509993552546744,
    "mwb_etf_516160_range_pct_ret20": 0.9509993552546744,
    "mwb_etf_516160_close_ret20": 0.9509993552546744,
    "mwb_etf_516660_range_pct_ret20": 0.9509993552546744,
    "mwb_etf_516660_close_ret20": 0.9509993552546744,
    "mwb_stock_vs_etf_basket_ret20": 0.9509993552546744,
    "mwb_etf_516660_close_z60": 0.9509993552546744,
    "mwb_etf_159566_range_pct_ret20": 0.9509993552546744,
    "mwb_etf_516660_range_pct_z60": 0.9509993552546744,
    "mwb_etf_159566_close_z60": 0.9509993552546744,
    "mwb_etf_159566_range_pct_z60": 0.9509993552546744,
    "mwb_etf_515790_close_z60": 0.9509993552546744,
    "mwb_etf_516660_close_vol20": 0.9451966473243069,
    "mwb_etf_515790_close_vol20": 0.9451966473243069,
    "mwb_etf_516160_close_vol20": 0.9451966473243069,
    "mwb_etf_basket_close_vol20": 0.9451966473243069,
    "mwb_etf_159566_close_vol20": 0.9451966473243069,
    "mwb_etf_516660_close_ma20_gap": 0.9445519019987105,
    "mwb_etf_516660_range_pct_ma20_gap": 0.9445519019987105,
    "mwb_etf_159566_volume_shock20": 0.9445519019987105,
    "mwb_etf_159566_range_pct_z20": 0.9445519019987105,
    "mwb_etf_159566_volume_z20": 0.9445519019987105,
    "mwb_etf_515790_range_pct_ma20_gap": 0.9445519019987105,
    "mwb_etf_515790_volume_z20": 0.9445519019987105,
    "mwb_etf_515790_range_pct_z20": 0.9445519019987105,
    "mwb_etf_159566_range_pct_ma20_gap": 0.9445519019987105,
    "mwb_etf_516660_close_z20": 0.9445519019987105,
    "mwb_etf_516160_volume_z20": 0.9445519019987105,
    "mwb_etf_516160_range_pct_z20": 0.9445519019987105,
    "mwb_etf_516160_volume_shock20": 0.9445519019987105,
    "mwb_etf_516160_range_pct_ma20_gap": 0.9445519019987105,
    "mwb_etf_basket_close_ma20_gap": 0.9445519019987105,
    "mwb_etf_515790_close_ma20_gap": 0.9445519019987105,
    "mwb_etf_515790_close_z20": 0.9445519019987105
  },
  "outputs": {
    "features": "/root/stock_realtime_v021_full/saved_data/000786_pipeline_out/04_external/material_wind_battery/stock_external_features_material_wind_battery.csv",
    "merged_samples": "/root/stock_realtime_v021_full/saved_data/000786_pipeline_out/04_external/material_wind_battery/training_samples_with_material_wind_battery_external.csv",
    "report": "/root/stock_realtime_v021_full/saved_data/000786_pipeline_out/04_external/material_wind_battery/validation_report.json"
  }
}
logout success!
[INFO] final samples for search: /root/stock_realtime_v021_full/saved_data/000786_pipeline_out/04_external/material_wind_battery/training_samples_with_material_wind_battery_external.csv
=== nextday pipeline end: 2026-06-02T20:07:22 status=ok ===
