{
  "artifact_created_at": "2026-05-16T01:02:37",
  "stock_code": "603308.SH",
  "artifact_name": "nextday_all_days_close_profit_xgb_d4_reversal_fundamental_regime_sector_603308_rebuilt_data_20260515",
  "samples": "/root/stock_realtime_v021_full/saved_data/603308_pipeline_out/03_sector/training_samples_with_sector.csv",
  "intraday_bars": "/root/stock_realtime_v021_full/saved_data/603308_pipeline_out/00_base/603308_5m.csv",
  "feature_group": "reversal_fundamental_regime_sector",
  "model_name": "xgb_d4_500_lr002_mcw5",
  "label_mode": "close_profit",
  "entry_policy": "all_days",
  "entry_vwap_premium_bps": 50.0,
  "label_col": "trade_close_profit_label",
  "return_col": "trade_net_close_return",
  "target_hit_bps": 50.0,
  "round_trip_cost_bps": 1.7,
  "threshold": 0.3319498300552368,
  "threshold_quantile": 0.6,
  "feature_count": 160,
  "rows": 1539,
  "train_rows_for_threshold": 1287,
  "valid_rows_for_threshold": 252,
  "final_train_entry_rows": 1539,
  "date_min": "2020-01-02",
  "date_max": "2026-05-14",
  "validation_tail_auc": 0.5755418346774194,
  "validation_tail_trade_metrics": {
    "trades": 101,
    "win_rate": 0.594059405940594,
    "avg_return": 0.010769871155454394,
    "median_return": 0.006089204712812938,
    "compound_return": 1.7754496821309056,
    "max_drawdown": -0.10213981237501357,
    "profit_factor": 2.212053127241419
  },
  "files": {
    "model": "saved_models/603308.SH/nextday_all_days_close_profit_xgb_d4_reversal_fundamental_regime_sector_603308_rebuilt_data_20260515/model.joblib",
    "feature_median": "saved_models/603308.SH/nextday_all_days_close_profit_xgb_d4_reversal_fundamental_regime_sector_603308_rebuilt_data_20260515/feature_median.csv",
    "feature_columns": "saved_models/603308.SH/nextday_all_days_close_profit_xgb_d4_reversal_fundamental_regime_sector_603308_rebuilt_data_20260515/feature_columns.txt",
    "validation_tail_predictions": "saved_models/603308.SH/nextday_all_days_close_profit_xgb_d4_reversal_fundamental_regime_sector_603308_rebuilt_data_20260515/validation_tail_predictions.csv",
    "metadata": "saved_models/603308.SH/nextday_all_days_close_profit_xgb_d4_reversal_fundamental_regime_sector_603308_rebuilt_data_20260515/metadata.json"
  },
  "usage_note": "This artifact is stock-specific. Use only for 603308.SH with the same feature-building pipeline."
}
