=== nextday pipeline start: 2026-05-16T00:13:52 ===
symbol=603308.SH, out_root=/root/stock_realtime_v021_full/saved_data/603308_pipeline_out

[2026-05-16T00:13:52] RUN update_data
  /usr/bin/python3 bootstrap/ashare_xgb_dual_opportunity_regression_baostock_full_v19_compressed_trading_axis.py --mode update_data --symbol 603308 --benchmark_symbol 000300 --daily_start 2018-01-01 --daily_end 2026-05-15 --intraday_start '2018-01-01 09:30:00' --intraday_end '2026-05-15 15:00:00' --output_dir /root/stock_realtime_v021_full/saved_data/603308_pipeline_out/00_base --cache_mode incremental --feature_cache_mode incremental --adjust qfq
=== nextday pipeline start: 2026-05-16T00:58:20 ===
symbol=603308.SH, out_root=/root/stock_realtime_v021_full/saved_data/603308_pipeline_out

[2026-05-16T00:58:20] RUN update_data
  /usr/bin/python3 bootstrap/ashare_xgb_dual_opportunity_regression_baostock_full_v19_compressed_trading_axis.py --mode update_data --symbol 603308 --benchmark_symbol 000300 --daily_start 2018-01-01 --daily_end 2026-05-15 --intraday_start '2018-01-01 09:30:00' --intraday_end '2026-05-15 15:00:00' --output_dir /root/stock_realtime_v021_full/saved_data/603308_pipeline_out/00_base --cache_mode incremental --feature_cache_mode incremental --adjust qfq
/root/stock_realtime_v021_full/bootstrap/ashare_fetch_and_train_xgb_sell_signal_baostock_state_cache_helper_fix2.py:246: FutureWarning: The behavior of DataFrame concatenation with empty or all-NA entries is deprecated. In a future version, this will no longer exclude empty or all-NA columns when determining the result dtypes. To retain the old behavior, exclude the relevant entries before the concat operation.
  merged = _normalize_daily_df(pd.concat([df_old, df_new], axis=0, ignore_index=True))
/root/stock_realtime_v021_full/bootstrap/ashare_fetch_and_train_xgb_sell_signal_baostock_state_cache_helper_fix2.py:254: FutureWarning: The behavior of DataFrame concatenation with empty or all-NA entries is deprecated. In a future version, this will no longer exclude empty or all-NA columns when determining the result dtypes. To retain the old behavior, exclude the relevant entries before the concat operation.
  merged = _normalize_bench_df(pd.concat([df_old, df_new], axis=0, ignore_index=True))
/root/stock_realtime_v021_full/bootstrap/ashare_fetch_and_train_xgb_sell_signal_baostock_state_cache_helper_fix2.py:250: FutureWarning: The behavior of DataFrame concatenation with empty or all-NA entries is deprecated. In a future version, this will no longer exclude empty or all-NA columns when determining the result dtypes. To retain the old behavior, exclude the relevant entries before the concat operation.
  merged = _normalize_daily_feature_df(pd.concat([df_old, df_new], axis=0, ignore_index=True))
/root/stock_realtime_v021_full/bootstrap/ashare_fetch_and_train_xgb_sell_signal_baostock_state_cache_helper_fix2.py:252: FutureWarning: The behavior of DataFrame concatenation with empty or all-NA entries is deprecated. In a future version, this will no longer exclude empty or all-NA columns when determining the result dtypes. To retain the old behavior, exclude the relevant entries before the concat operation.
  merged = _normalize_intraday_feature_df(pd.concat([df_old, df_new], axis=0, ignore_index=True))
login success!
logout success!
login success!
logout success!
login success!
logout success!
{
  "mode": "update_data",
  "symbol": "603308",
  "data_source": "baostock",
  "daily_rows": 2027,
  "intraday_rows": 73920,
  "daily_min": "2018-01-02 00:00:00",
  "daily_max": "2026-05-15 00:00:00",
  "intraday_min": "2020-01-02 09:35:00",
  "intraday_max": "2026-05-15 15:00:00",
  "base_paths": {
    "daily_csv": "/root/stock_realtime_v021_full/saved_data/603308_pipeline_out/00_base/603308_daily.csv",
    "intraday_csv": "/root/stock_realtime_v021_full/saved_data/603308_pipeline_out/00_base/603308_5m.csv",
    "benchmark_csv": "/root/stock_realtime_v021_full/saved_data/603308_pipeline_out/00_base/000300_benchmark_daily.csv",
    "raw_daily_cache_csv": "/root/stock_realtime_v021_full/saved_data/603308_pipeline_out/00_base/raw_cache/603308_daily_raw.csv",
    "raw_intraday_cache_csv": "/root/stock_realtime_v021_full/saved_data/603308_pipeline_out/00_base/raw_cache/603308_5m_raw.csv",
    "raw_benchmark_cache_csv": "/root/stock_realtime_v021_full/saved_data/603308_pipeline_out/00_base/raw_cache/000300_benchmark_daily_raw.csv",
    "daily_features_csv": "/root/stock_realtime_v021_full/saved_data/603308_pipeline_out/00_base/daily_features.csv",
    "intraday_features_csv": "/root/stock_realtime_v021_full/saved_data/603308_pipeline_out/00_base/intraday_features.csv",
    "daily_features_cache_csv": "/root/stock_realtime_v021_full/saved_data/603308_pipeline_out/00_base/feature_cache/daily_features_cache.csv",
    "intraday_features_cache_csv": "/root/stock_realtime_v021_full/saved_data/603308_pipeline_out/00_base/feature_cache/intraday_features_cache.csv",
    "feature_state_json": "/root/stock_realtime_v021_full/saved_data/603308_pipeline_out/00_base/feature_cache/feature_state.json"
  },
  "fetch_logs": {
    "symbol": "603308",
    "benchmark_symbol": "000300",
    "daily_start": "2018-01-01",
    "daily_end": "2026-05-15",
    "intraday_start": "2018-01-01 09:30:00",
    "intraday_end": "2026-05-15 15:00:00",
    "perf_start": "2018-01-01",
    "data_source": "baostock",
    "cache_mode": "incremental",
    "force_refresh": false,
    "raw_cache_dir": "/root/stock_realtime_v021_full/saved_data/603308_pipeline_out/00_base/raw_cache",
    "feature_cache_dir": "/root/stock_realtime_v021_full/saved_data/603308_pipeline_out/00_base/feature_cache",
    "feature_cache_mode": "incremental",
    "daily": {
      "cache_path": "/root/stock_realtime_v021_full/saved_data/603308_pipeline_out/00_base/raw_cache/603308_daily_raw.csv",
      "requested_start": "2018-01-01",
      "requested_end": "2026-05-15",
      "mode": "incremental",
      "cache_before": {
        "rows": 2027,
        "min": "2018-01-02 00:00:00",
        "max": "2026-05-15 00:00:00"
      },
      "fetch_segments": [
        {
          "provider": "baostock",
          "code": "sh.603308",
          "adjustflag": "2",
          "rows": 0
        }
      ],
      "cache_after": {
        "rows": 2027,
        "min": "2018-01-02 00:00:00",
        "max": "2026-05-15 00:00:00"
      }
    },
    "intraday_5m": {
      "cache_path": "/root/stock_realtime_v021_full/saved_data/603308_pipeline_out/00_base/raw_cache/603308_5m_raw.csv",
      "requested_start": "2018-01-01 09:30:00",
      "requested_end": "2026-05-15 15:00:00",
      "mode": "incremental",
      "cache_before": {
        "rows": 73920,
        "min": "2020-01-02 09:35:00",
        "max": "2026-05-15 15:00:00"
      },
      "fetch_segments": [
        {
          "provider": "baostock",
          "code": "sh.603308",
          "adjustflag": "2",
          "requested_start": "2018-01-01 09:30:00",
          "effective_start": "2018-01-01 09:30:00",
          "requested_end": "2020-01-02 09:30:00",
          "rows": 0
        }
      ],
      "cache_after": {
        "rows": 73920,
        "min": "2020-01-02 09:35:00",
        "max": "2026-05-15 15:00:00"
      }
    },
    "benchmark_daily": {
      "cache_path": "/root/stock_realtime_v021_full/saved_data/603308_pipeline_out/00_base/raw_cache/000300_benchmark_daily_raw.csv",
      "requested_start": "2018-01-01",
      "requested_end": "2026-05-15",
      "mode": "incremental",
      "cache_before": {
        "rows": 2027,
        "min": "2018-01-02 00:00:00",
        "max": "2026-05-15 00:00:00"
      },
      "fetch_segments": [
        {
          "provider": "baostock",
          "code": "sh.000300",
          "rows": 0,
          "start": "2018-01-01",
          "end": "2018-01-01"
        }
      ],
      "cache_after": {
        "rows": 2027,
        "min": "2018-01-02 00:00:00",
        "max": "2026-05-15 00:00:00"
      }
    },
    "feature_build": {
      "mode": "full_rebuild",
      "reason": "feature_cache_missing",
      "daily_cache_after": {
        "rows": 2027,
        "min": "2018-01-02 00:00:00",
        "max": "2026-05-15 00:00:00"
      },
      "intraday_cache_after": {
        "rows": 73920,
        "min": "2020-01-02 09:35:00",
        "max": "2026-05-15 15:00:00"
      },
      "daily_context_days": 260,
      "intraday_context_days": 40,
      "daily_appended_rows": 2027,
      "intraday_appended_rows": 73920
    },
    "feature_state": {
      "daily_feature_max": "2026-05-15 00:00:00",
      "intraday_feature_max": "2026-05-15 15:00:00",
      "daily_context_days": 260,
      "intraday_context_days": 40,
      "feature_build_mode": "full_rebuild"
    }
  }
}

[2026-05-16T01:00:26] RUN samples
  /usr/bin/python3 feature_building/build_nextday_samples_from_baostock.py --daily-features /root/stock_realtime_v021_full/saved_data/603308_pipeline_out/00_base/daily_features.csv --intraday-bars /root/stock_realtime_v021_full/saved_data/603308_pipeline_out/00_base/603308_5m.csv --out-dir /root/stock_realtime_v021_full/saved_data/603308_pipeline_out/01_samples --min-bars 40 --keep-unlabeled-tail
{
  "rows": 1540,
  "date_min": "2020-01-02",
  "date_max": "2026-05-15",
  "out": "/root/stock_realtime_v021_full/saved_data/603308_pipeline_out/01_samples/training_samples.csv"
}

[2026-05-16T01:00:27] RUN fundamental
  /usr/bin/python3 feature_building/build_fundamental_features.py --symbol 603308.SH --daily-samples /root/stock_realtime_v021_full/saved_data/603308_pipeline_out/01_samples/training_samples.csv --out-dir /root/stock_realtime_v021_full/saved_data/603308_pipeline_out/02_fundamental --start-date 2018-01-01 --end-date 2026-05-15 --fallback-lag-days 120
login success!
logout success!
{
  "rows": 1540,
  "date_min": "2020-01-02",
  "date_max": "2026-05-15",
  "source_errors": [],
  "top_missing_rates": {
    "ak_fund_小单净流入-净额_sum10": 0.9246753246753247,
    "ak_fund_主力净流入-净额_sum10": 0.9246753246753247,
    "ak_fund_主力净流入-净占比_sum10": 0.9246753246753247,
    "ak_fund_涨跌幅_sum10": 0.9246753246753247,
    "ak_fund_收盘价_sum10": 0.9246753246753247,
    "ak_fund_中单净流入-净额_sum10": 0.9246753246753247,
    "ak_fund_中单净流入-净占比_sum10": 0.9246753246753247,
    "ak_fund_小单净流入-净占比_sum10": 0.9246753246753247,
    "ak_fund_超大单净流入-净额_sum10": 0.9246753246753247,
    "ak_fund_大单净流入-净额_sum10": 0.9246753246753247,
    "ak_fund_大单净流入-净占比_sum10": 0.9246753246753247,
    "ak_fund_超大单净流入-净占比_sum10": 0.9246753246753247,
    "ak_fund_涨跌幅_sum5": 0.9233766233766234,
    "ak_fund_主力净流入-净占比_sum5": 0.9233766233766234,
    "ak_fund_主力净流入-净额_sum5": 0.9233766233766234,
    "ak_fund_收盘价_sum5": 0.9233766233766234,
    "ak_fund_超大单净流入-净占比_sum5": 0.9233766233766234,
    "ak_fund_中单净流入-净占比_sum5": 0.9233766233766234,
    "ak_fund_中单净流入-净额_sum5": 0.9233766233766234,
    "ak_fund_小单净流入-净额_sum5": 0.9233766233766234,
    "ak_fund_小单净流入-净占比_sum5": 0.9233766233766234,
    "ak_fund_大单净流入-净占比_sum5": 0.9233766233766234,
    "ak_fund_大单净流入-净额_sum5": 0.9233766233766234,
    "ak_fund_超大单净流入-净额_sum5": 0.9233766233766234,
    "ak_fund_大单净流入-净额": 0.922077922077922,
    "ak_fund_超大单净流入-净占比": 0.922077922077922,
    "ak_fund_超大单净流入-净额": 0.922077922077922,
    "ak_fund_收盘价": 0.922077922077922,
    "ak_fund_涨跌幅": 0.922077922077922,
    "ak_fund_中单净流入-净额": 0.922077922077922
  },
  "valuation_non_null": {
    "peTTM": 1540,
    "pbMRQ": 1540,
    "psTTM": 1540,
    "pcfNcfTTM": 1540
  },
  "future_effective_date_violations": 0,
  "rows_with_quarterly": 1540,
  "sample_rows": 1540,
  "quarterly_raw_rows": 37,
  "quarterly_used_pubDate_rows": 37,
  "quarterly_fallback_rows": 0,
  "elapsed_seconds": 25.758,
  "symbol": "603308",
  "baostock_code": "sh.603308",
  "valuation_rows": 2027,
  "fund_flow_rows": 120,
  "feature_columns": 125,
  "merged_columns": 194,
  "outputs": {
    "daily_valuation": "/root/stock_realtime_v021_full/saved_data/603308_pipeline_out/02_fundamental/baostock_daily_valuation.csv",
    "quarterly_fundamentals": "/root/stock_realtime_v021_full/saved_data/603308_pipeline_out/02_fundamental/baostock_quarterly_fundamentals_pit.csv",
    "fundamental_features": "/root/stock_realtime_v021_full/saved_data/603308_pipeline_out/02_fundamental/fundamental_features.csv",
    "merged_samples": "/root/stock_realtime_v021_full/saved_data/603308_pipeline_out/02_fundamental/training_samples_with_fundamentals.csv"
  }
}

[2026-05-16T01:00:53] RUN sector
  /usr/bin/python3 feature_building/build_sector_features.py --samples /root/stock_realtime_v021_full/saved_data/603308_pipeline_out/02_fundamental/training_samples_with_fundamentals.csv --out-dir /root/stock_realtime_v021_full/saved_data/603308_pipeline_out/03_sector --sector-symbol '通用设备' --start-date 2018-01-01 --end-date 2026-05-15

  0%|          | 0/9 [00:00<?, ?it/s]
 11%|█         | 1/9 [00:00<00:01,  4.44it/s]
 22%|██▏       | 2/9 [00:00<00:01,  4.52it/s]
 33%|███▎      | 3/9 [00:00<00:01,  4.07it/s]
 44%|████▍     | 4/9 [00:00<00:01,  3.99it/s]
 56%|█████▌    | 5/9 [00:01<00:00,  4.13it/s]
 67%|██████▋   | 6/9 [00:01<00:00,  4.22it/s]
 78%|███████▊  | 7/9 [00:01<00:00,  4.18it/s]
 89%|████████▉ | 8/9 [00:01<00:00,  4.06it/s]
100%|██████████| 9/9 [00:02<00:00,  4.28it/s]
                                             
{
  "sector_symbol": "通用设备",
  "sector_rows": 2027,
  "sector_date_min": "2018-01-02",
  "sector_date_max": "2026-05-15",
  "sample_rows": 1540,
  "merged_rows": 1540,
  "sector_feature_cols": 23,
  "top_missing": {
    "sector_ret60": 0.03896103896103896,
    "sector_ma60_gap": 0.01948051948051948,
    "stock_vs_sector_ret20": 0.012987012987012988,
    "sector_ret20": 0.012987012987012988,
    "sector_vol20": 0.007142857142857143,
    "sector_ma20_gap": 0.006493506493506494,
    "sector_range_z20": 0.006493506493506494,
    "sector_volume_shock20": 0.006493506493506494,
    "sector_amount_z20": 0.006493506493506494,
    "sector_volume_z20": 0.006493506493506494,
    "sector_amount_shock20": 0.006493506493506494,
    "sector_ret5": 0.003246753246753247,
    "stock_vs_sector_ret5": 0.003246753246753247,
    "sector_vs_bench_ret5": 0.003246753246753247,
    "stock_vs_sector_ret1": 0.0006493506493506494,
    "sector_ret1": 0.0006493506493506494,
    "sector_amount": 0.0,
    "sector_volume": 0.0,
    "sector_close": 0.0,
    "sector_low": 0.0
  },
  "outputs": {
    "sector_index": "/root/stock_realtime_v021_full/saved_data/603308_pipeline_out/03_sector/sector_index_ths.csv",
    "sector_features": "/root/stock_realtime_v021_full/saved_data/603308_pipeline_out/03_sector/sector_features.csv",
    "merged_samples": "/root/stock_realtime_v021_full/saved_data/603308_pipeline_out/03_sector/training_samples_with_sector.csv"
  }
}

[2026-05-16T01:00:58] RUN external_aero_nuclear_equipment
  /usr/bin/python3 feature_building/build_stock_external_features.py --samples /root/stock_realtime_v021_full/saved_data/603308_pipeline_out/03_sector/training_samples_with_sector.csv --out-dir /root/stock_realtime_v021_full/saved_data/603308_pipeline_out/04_external/aero_nuclear_equipment --profile aero_nuclear_equipment --target-symbol 603308.SH --start-date 2018-01-01 --end-date 2026-05-15 --adjust qfq --domestic-lag-days 0 --future-lag-days 1 --us-lag-days 1
/root/stock_realtime_v021_full/feature_building/build_stock_external_features.py:497: FutureWarning: The default fill_method='pad' in DataFrame.pct_change is deprecated and will be removed in a future version. Either fill in any non-leading NA values prior to calling pct_change or specify 'fill_method=None' to not fill NA values.
  returns = out[cols].apply(pd.to_numeric, errors="coerce").pct_change()
login success!

  0%|          | 0/9 [00:00<?, ?it/s]
 11%|█         | 1/9 [00:00<00:02,  3.75it/s]
 22%|██▏       | 2/9 [00:00<00:01,  4.18it/s]
 33%|███▎      | 3/9 [00:00<00:01,  4.44it/s]
 44%|████▍     | 4/9 [00:00<00:01,  4.58it/s]
 56%|█████▌    | 5/9 [00:01<00:00,  4.12it/s]
 67%|██████▋   | 6/9 [00:01<00:00,  3.85it/s]
 78%|███████▊  | 7/9 [00:01<00:00,  3.95it/s]
 89%|████████▉ | 8/9 [00:01<00:00,  3.99it/s]
100%|██████████| 9/9 [00:02<00:00,  4.29it/s]
                                             

  0%|          | 0/9 [00:00<?, ?it/s]
 11%|█         | 1/9 [00:00<00:01,  4.43it/s]
 22%|██▏       | 2/9 [00:00<00:01,  4.18it/s]
 33%|███▎      | 3/9 [00:00<00:01,  4.13it/s]
 44%|████▍     | 4/9 [00:00<00:01,  4.02it/s]
 56%|█████▌    | 5/9 [00:01<00:00,  4.20it/s]
 67%|██████▋   | 6/9 [00:01<00:00,  4.34it/s]
 78%|███████▊  | 7/9 [00:01<00:00,  4.29it/s]
 89%|████████▉ | 8/9 [00:01<00:00,  4.27it/s]
100%|██████████| 9/9 [00:02<00:00,  4.57it/s]
                                             

  0%|          | 0/9 [00:00<?, ?it/s]
 11%|█         | 1/9 [00:00<00:01,  4.12it/s]
 22%|██▏       | 2/9 [00:00<00:01,  4.28it/s]
 33%|███▎      | 3/9 [00:00<00:01,  4.06it/s]
 44%|████▍     | 4/9 [00:00<00:01,  4.13it/s]
 56%|█████▌    | 5/9 [00:01<00:01,  3.94it/s]
 67%|██████▋   | 6/9 [00:01<00:00,  3.95it/s]
 78%|███████▊  | 7/9 [00:01<00:00,  3.97it/s]
 89%|████████▉ | 8/9 [00:01<00:00,  4.16it/s]
100%|██████████| 9/9 [00:02<00:00,  4.23it/s]
                                             

  0%|          | 0/9 [00:00<?, ?it/s]
 11%|█         | 1/9 [00:00<00:01,  4.46it/s]
 22%|██▏       | 2/9 [00:00<00:01,  4.20it/s]
 33%|███▎      | 3/9 [00:00<00:01,  3.88it/s]
 44%|████▍     | 4/9 [00:01<00:01,  3.92it/s]
 56%|█████▌    | 5/9 [00:01<00:01,  3.77it/s]
 67%|██████▋   | 6/9 [00:01<00:00,  4.03it/s]
 78%|███████▊  | 7/9 [00:01<00:00,  3.92it/s]
 89%|████████▉ | 8/9 [00:02<00:00,  4.06it/s]
100%|██████████| 9/9 [00:02<00:00,  4.40it/s]
                                             
{
  "profile": "aero_nuclear_equipment",
  "description": "Aero-engine/military/nuclear-equipment/high-alloy proxy for 应流股份",
  "sample_rows": 1540,
  "merged_rows": 1540,
  "raw_rows": 2027,
  "raw_date_min": "2018-01-02",
  "raw_date_max": "2026-05-15",
  "lag_days_legacy": null,
  "lag_policy": {
    "domestic": 0,
    "futures": 1,
    "us": 1
  },
  "enable_us_yf": false,
  "feature_cols": 499,
  "source_meta": {
    "profile": {
      "key": "aero_nuclear_equipment",
      "prefix": "ane",
      "description": "Aero-engine/military/nuclear-equipment/high-alloy proxy for 应流股份",
      "stocks": [
        "600893",
        "600765",
        "000768",
        "003816",
        "601985",
        "601611",
        "300034"
      ],
      "etfs": [
        "512660",
        "512670",
        "512710"
      ],
      "futures": [
        "NI0",
        "SS0",
        "AL0"
      ],
      "boards": [
        "军工装备",
        "军工电子",
        "通用设备",
        "专用设备"
      ],
      "us_tickers": []
    },
    "used": {
      "stocks": [
        "600893",
        "600765",
        "000768",
        "003816",
        "601985",
        "601611",
        "300034"
      ],
      "etfs": [
        "512660",
        "512670",
        "512710"
      ],
      "futures": [
        "NI0",
        "SS0",
        "AL0"
      ],
      "boards": [
        "军工装备",
        "军工电子",
        "通用设备",
        "专用设备"
      ],
      "us_yf": []
    },
    "start_date": "20180101",
    "end_date": "20260515",
    "target_symbol_excluded": "603308",
    "em_sources_used": false,
    "baostock_cache_dir": "/root/stock_realtime_v021_full/saved_data/603308_pipeline_out/04_external/aero_nuclear_equipment/baostock_external_cache",
    "us_yfinance_enabled": false
  },
  "errors": {},
  "top_missing": {
    "ane_etf_512670_close_ret60": 0.9837662337662337,
    "ane_etf_512710_range_pct_ret60": 0.9837662337662337,
    "ane_etf_basket_close_ret60": 0.9837662337662337,
    "ane_etf_512660_close_ret60": 0.9837662337662337,
    "ane_etf_512670_range_pct_ret60": 0.9837662337662337,
    "ane_etf_512660_range_pct_ret60": 0.9837662337662337,
    "ane_etf_512710_close_ret60": 0.9837662337662337,
    "ane_etf_512710_range_pct_z60": 0.9577922077922078,
    "ane_etf_512660_range_pct_z60": 0.9577922077922078,
    "ane_etf_basket_close_ret20": 0.9577922077922078,
    "ane_etf_512710_range_pct_ret20": 0.9577922077922078,
    "ane_etf_basket_close_z60": 0.9577922077922078,
    "ane_etf_512710_close_z60": 0.9577922077922078,
    "ane_etf_512660_range_pct_ret20": 0.9577922077922078,
    "ane_etf_512710_close_ret20": 0.9577922077922078,
    "ane_stock_vs_etf_basket_ret20": 0.9577922077922078,
    "ane_etf_512660_close_z60": 0.9577922077922078,
    "ane_etf_512670_range_pct_ret20": 0.9577922077922078,
    "ane_etf_512660_close_ret20": 0.9577922077922078,
    "ane_etf_512670_close_ret20": 0.9577922077922078,
    "ane_etf_512670_range_pct_z60": 0.9577922077922078,
    "ane_etf_512670_close_z60": 0.9577922077922078,
    "ane_etf_512660_close_vol20": 0.951948051948052,
    "ane_etf_basket_close_vol20": 0.951948051948052,
    "ane_etf_512710_close_vol20": 0.951948051948052,
    "ane_etf_512670_close_vol20": 0.951948051948052,
    "ane_etf_512670_close_ma20_gap": 0.9512987012987013,
    "ane_etf_512710_range_pct_z20": 0.9512987012987013,
    "ane_etf_512670_range_pct_ma20_gap": 0.9512987012987013,
    "ane_etf_512710_range_pct_ma20_gap": 0.9512987012987013,
    "ane_etf_512670_volume_shock20": 0.9512987012987013,
    "ane_etf_512670_volume_z20": 0.9512987012987013,
    "ane_etf_512710_close_z20": 0.9512987012987013,
    "ane_etf_512710_close_ma20_gap": 0.9512987012987013,
    "ane_etf_512660_volume_z20": 0.9512987012987013,
    "ane_etf_512670_close_z20": 0.9512987012987013,
    "ane_etf_512660_volume_shock20": 0.9512987012987013,
    "ane_etf_512710_volume_shock20": 0.9512987012987013,
    "ane_etf_512710_volume_z20": 0.9512987012987013,
    "ane_etf_512660_close_ma20_gap": 0.9512987012987013,
    "ane_etf_512660_close_z20": 0.9512987012987013,
    "ane_etf_basket_close_ma20_gap": 0.9512987012987013,
    "ane_etf_512670_range_pct_z20": 0.9512987012987013,
    "ane_etf_512660_range_pct_ma20_gap": 0.9512987012987013,
    "ane_etf_basket_close_z20": 0.9512987012987013,
    "ane_etf_512660_range_pct_z20": 0.9512987012987013,
    "ane_etf_512660_close_ret5": 0.948051948051948,
    "ane_etf_512670_close_ret5": 0.948051948051948,
    "ane_etf_512670_range_pct_ret5": 0.948051948051948,
    "ane_etf_512710_close_ret5": 0.948051948051948
  },
  "outputs": {
    "features": "/root/stock_realtime_v021_full/saved_data/603308_pipeline_out/04_external/aero_nuclear_equipment/stock_external_features_aero_nuclear_equipment.csv",
    "merged_samples": "/root/stock_realtime_v021_full/saved_data/603308_pipeline_out/04_external/aero_nuclear_equipment/training_samples_with_aero_nuclear_equipment_external.csv",
    "report": "/root/stock_realtime_v021_full/saved_data/603308_pipeline_out/04_external/aero_nuclear_equipment/validation_report.json"
  }
}
logout success!
[INFO] final samples for search: /root/stock_realtime_v021_full/saved_data/603308_pipeline_out/04_external/aero_nuclear_equipment/training_samples_with_aero_nuclear_equipment_external.csv
=== nextday pipeline end: 2026-05-16T01:01:21 status=ok ===
