=== nextday pipeline start: 2026-05-16T20:11:02 ===
symbol=601336.SH, out_root=/root/stock_realtime_v021_full/saved_data/601336_pipeline_out_v2_new27_full

[2026-05-16T20:11:02] RUN update_data
  /usr/bin/python3 bootstrap/ashare_xgb_dual_opportunity_regression_baostock_full_v19_compressed_trading_axis.py --mode update_data --symbol 601336 --benchmark_symbol 000300 --daily_start 2018-01-01 --daily_end 2026-05-15 --intraday_start '2018-01-01 09:30:00' --intraday_end '2026-05-15 15:00:00' --output_dir /root/stock_realtime_v021_full/saved_data/601336_pipeline_out_v2_new27_full/00_base --cache_mode incremental --feature_cache_mode incremental --adjust qfq
/root/stock_realtime_v021_full/bootstrap/ashare_fetch_and_train_xgb_sell_signal_baostock_state_cache_helper_fix2.py:246: FutureWarning: The behavior of DataFrame concatenation with empty or all-NA entries is deprecated. In a future version, this will no longer exclude empty or all-NA columns when determining the result dtypes. To retain the old behavior, exclude the relevant entries before the concat operation.
  merged = _normalize_daily_df(pd.concat([df_old, df_new], axis=0, ignore_index=True))
/root/stock_realtime_v021_full/bootstrap/ashare_fetch_and_train_xgb_sell_signal_baostock_state_cache_helper_fix2.py:248: FutureWarning: The behavior of DataFrame concatenation with empty or all-NA entries is deprecated. In a future version, this will no longer exclude empty or all-NA columns when determining the result dtypes. To retain the old behavior, exclude the relevant entries before the concat operation.
  merged = _normalize_intraday_df(pd.concat([df_old, df_new], axis=0, ignore_index=True))
/root/stock_realtime_v021_full/bootstrap/ashare_fetch_and_train_xgb_sell_signal_baostock_state_cache_helper_fix2.py:254: FutureWarning: The behavior of DataFrame concatenation with empty or all-NA entries is deprecated. In a future version, this will no longer exclude empty or all-NA columns when determining the result dtypes. To retain the old behavior, exclude the relevant entries before the concat operation.
  merged = _normalize_bench_df(pd.concat([df_old, df_new], axis=0, ignore_index=True))
/root/stock_realtime_v021_full/bootstrap/ashare_fetch_and_train_xgb_sell_signal_baostock_state_cache_helper_fix2.py:250: FutureWarning: The behavior of DataFrame concatenation with empty or all-NA entries is deprecated. In a future version, this will no longer exclude empty or all-NA columns when determining the result dtypes. To retain the old behavior, exclude the relevant entries before the concat operation.
  merged = _normalize_daily_feature_df(pd.concat([df_old, df_new], axis=0, ignore_index=True))
/root/stock_realtime_v021_full/bootstrap/ashare_fetch_and_train_xgb_sell_signal_baostock_state_cache_helper_fix2.py:252: FutureWarning: The behavior of DataFrame concatenation with empty or all-NA entries is deprecated. In a future version, this will no longer exclude empty or all-NA columns when determining the result dtypes. To retain the old behavior, exclude the relevant entries before the concat operation.
  merged = _normalize_intraday_feature_df(pd.concat([df_old, df_new], axis=0, ignore_index=True))
login success!
logout success!
login success!
logout success!
login success!
logout success!
{
  "mode": "update_data",
  "symbol": "601336",
  "data_source": "baostock",
  "daily_rows": 2027,
  "intraday_rows": 73920,
  "daily_min": "2018-01-02 00:00:00",
  "daily_max": "2026-05-15 00:00:00",
  "intraday_min": "2020-01-02 09:35:00",
  "intraday_max": "2026-05-15 15:00:00",
  "base_paths": {
    "daily_csv": "/root/stock_realtime_v021_full/saved_data/601336_pipeline_out_v2_new27_full/00_base/601336_daily.csv",
    "intraday_csv": "/root/stock_realtime_v021_full/saved_data/601336_pipeline_out_v2_new27_full/00_base/601336_5m.csv",
    "benchmark_csv": "/root/stock_realtime_v021_full/saved_data/601336_pipeline_out_v2_new27_full/00_base/000300_benchmark_daily.csv",
    "raw_daily_cache_csv": "/root/stock_realtime_v021_full/saved_data/601336_pipeline_out_v2_new27_full/00_base/raw_cache/601336_daily_raw.csv",
    "raw_intraday_cache_csv": "/root/stock_realtime_v021_full/saved_data/601336_pipeline_out_v2_new27_full/00_base/raw_cache/601336_5m_raw.csv",
    "raw_benchmark_cache_csv": "/root/stock_realtime_v021_full/saved_data/601336_pipeline_out_v2_new27_full/00_base/raw_cache/000300_benchmark_daily_raw.csv",
    "daily_features_csv": "/root/stock_realtime_v021_full/saved_data/601336_pipeline_out_v2_new27_full/00_base/daily_features.csv",
    "intraday_features_csv": "/root/stock_realtime_v021_full/saved_data/601336_pipeline_out_v2_new27_full/00_base/intraday_features.csv",
    "daily_features_cache_csv": "/root/stock_realtime_v021_full/saved_data/601336_pipeline_out_v2_new27_full/00_base/feature_cache/daily_features_cache.csv",
    "intraday_features_cache_csv": "/root/stock_realtime_v021_full/saved_data/601336_pipeline_out_v2_new27_full/00_base/feature_cache/intraday_features_cache.csv",
    "feature_state_json": "/root/stock_realtime_v021_full/saved_data/601336_pipeline_out_v2_new27_full/00_base/feature_cache/feature_state.json"
  },
  "fetch_logs": {
    "symbol": "601336",
    "benchmark_symbol": "000300",
    "daily_start": "2018-01-01",
    "daily_end": "2026-05-15",
    "intraday_start": "2018-01-01 09:30:00",
    "intraday_end": "2026-05-15 15:00:00",
    "perf_start": "2018-01-01",
    "data_source": "baostock",
    "cache_mode": "incremental",
    "force_refresh": false,
    "raw_cache_dir": "/root/stock_realtime_v021_full/saved_data/601336_pipeline_out_v2_new27_full/00_base/raw_cache",
    "feature_cache_dir": "/root/stock_realtime_v021_full/saved_data/601336_pipeline_out_v2_new27_full/00_base/feature_cache",
    "feature_cache_mode": "incremental",
    "daily": {
      "cache_path": "/root/stock_realtime_v021_full/saved_data/601336_pipeline_out_v2_new27_full/00_base/raw_cache/601336_daily_raw.csv",
      "requested_start": "2018-01-01",
      "requested_end": "2026-05-15",
      "mode": "initial_fetch",
      "fetch_segments": [
        {
          "provider": "baostock",
          "code": "sh.601336",
          "adjustflag": "2",
          "rows": 2027,
          "start": "2018-01-01",
          "end": "2026-05-15"
        }
      ],
      "cache_after": {
        "rows": 2027,
        "min": "2018-01-02 00:00:00",
        "max": "2026-05-15 00:00:00"
      }
    },
    "intraday_5m": {
      "cache_path": "/root/stock_realtime_v021_full/saved_data/601336_pipeline_out_v2_new27_full/00_base/raw_cache/601336_5m_raw.csv",
      "requested_start": "2018-01-01 09:30:00",
      "requested_end": "2026-05-15 15:00:00",
      "mode": "initial_fetch",
      "fetch_segments": [
        {
          "provider": "baostock",
          "code": "sh.601336",
          "adjustflag": "2",
          "requested_start": "2018-01-01 09:30:00",
          "effective_start": "2018-01-01 09:30:00",
          "requested_end": "2026-05-15 15:00:00",
          "rows": 73920
        }
      ],
      "cache_after": {
        "rows": 73920,
        "min": "2020-01-02 09:35:00",
        "max": "2026-05-15 15:00:00"
      }
    },
    "benchmark_daily": {
      "cache_path": "/root/stock_realtime_v021_full/saved_data/601336_pipeline_out_v2_new27_full/00_base/raw_cache/000300_benchmark_daily_raw.csv",
      "requested_start": "2018-01-01",
      "requested_end": "2026-05-15",
      "mode": "initial_fetch",
      "fetch_segments": [
        {
          "provider": "baostock",
          "code": "sh.000300",
          "rows": 2027,
          "start": "2018-01-01",
          "end": "2026-05-15"
        }
      ],
      "cache_after": {
        "rows": 2027,
        "min": "2018-01-02 00:00:00",
        "max": "2026-05-15 00:00:00"
      }
    },
    "feature_build": {
      "mode": "full_rebuild",
      "reason": "feature_cache_missing",
      "daily_cache_after": {
        "rows": 2027,
        "min": "2018-01-02 00:00:00",
        "max": "2026-05-15 00:00:00"
      },
      "intraday_cache_after": {
        "rows": 73920,
        "min": "2020-01-02 09:35:00",
        "max": "2026-05-15 15:00:00"
      },
      "daily_context_days": 260,
      "intraday_context_days": 40,
      "daily_appended_rows": 2027,
      "intraday_appended_rows": 73920
    },
    "feature_state": {
      "daily_feature_max": "2026-05-15 00:00:00",
      "intraday_feature_max": "2026-05-15 15:00:00",
      "daily_context_days": 260,
      "intraday_context_days": 40,
      "feature_build_mode": "full_rebuild"
    }
  }
}

[2026-05-16T20:14:00] RUN samples
  /usr/bin/python3 feature_building/build_nextday_samples_from_baostock.py --daily-features /root/stock_realtime_v021_full/saved_data/601336_pipeline_out_v2_new27_full/00_base/daily_features.csv --intraday-bars /root/stock_realtime_v021_full/saved_data/601336_pipeline_out_v2_new27_full/00_base/601336_5m.csv --out-dir /root/stock_realtime_v021_full/saved_data/601336_pipeline_out_v2_new27_full/01_samples --min-bars 40 --keep-unlabeled-tail
{
  "rows": 1540,
  "date_min": "2020-01-02",
  "date_max": "2026-05-15",
  "out": "/root/stock_realtime_v021_full/saved_data/601336_pipeline_out_v2_new27_full/01_samples/training_samples.csv"
}

[2026-05-16T20:14:01] RUN fundamental
  /usr/bin/python3 feature_building/build_fundamental_features.py --symbol 601336.SH --daily-samples /root/stock_realtime_v021_full/saved_data/601336_pipeline_out_v2_new27_full/01_samples/training_samples.csv --out-dir /root/stock_realtime_v021_full/saved_data/601336_pipeline_out_v2_new27_full/02_fundamental --start-date 2018-01-01 --end-date 2026-05-15 --fallback-lag-days 120
login success!
logout success!
{
  "rows": 1540,
  "date_min": "2020-01-02",
  "date_max": "2026-05-15",
  "source_errors": [],
  "top_missing_rates": {
    "profit_gpMargin": 1.0,
    "operation_INVTurnDays": 1.0,
    "operation_NRTurnRatio": 1.0,
    "operation_INVTurnRatio": 1.0,
    "operation_NRTurnDays": 1.0,
    "operation_CATurnRatio": 1.0,
    "cashflow_ebitToInterest": 1.0,
    "cashflow_tangibleAssetToAsset": 1.0,
    "cashflow_CAToAsset": 1.0,
    "cashflow_NCAToAsset": 1.0,
    "solvency_cashRatio": 1.0,
    "solvency_quickRatio": 1.0,
    "solvency_currentRatio": 1.0,
    "dupont_dupontIntburden": 1.0,
    "dupont_dupontEbittogr": 1.0,
    "solvency_cashRatio_chg4q": 1.0,
    "cashflow_CAToAsset_chg4q": 1.0,
    "cashflow_ebitToInterest_chg4q": 1.0,
    "cashflow_tangibleAssetToAsset_chg4q": 1.0,
    "dupont_dupontIntburden_chg4q": 1.0,
    "dupont_dupontEbittogr_chg4q": 1.0,
    "solvency_currentRatio_chg4q": 1.0,
    "solvency_quickRatio_chg4q": 1.0,
    "cashflow_NCAToAsset_chg4q": 1.0,
    "profit_gpMargin_chg4q": 1.0,
    "ak_fund_超大单净流入-净占比_sum10": 0.9246753246753247,
    "ak_fund_超大单净流入-净额_sum10": 0.9246753246753247,
    "ak_fund_涨跌幅_sum10": 0.9246753246753247,
    "ak_fund_收盘价_sum10": 0.9246753246753247,
    "ak_fund_主力净流入-净额_sum10": 0.9246753246753247
  },
  "valuation_non_null": {
    "peTTM": 1540,
    "pbMRQ": 1540,
    "psTTM": 1540,
    "pcfNcfTTM": 1540
  },
  "future_effective_date_violations": 0,
  "rows_with_quarterly": 1540,
  "sample_rows": 1540,
  "quarterly_raw_rows": 37,
  "quarterly_used_pubDate_rows": 37,
  "quarterly_fallback_rows": 0,
  "elapsed_seconds": 24.424,
  "symbol": "601336",
  "baostock_code": "sh.601336",
  "valuation_rows": 2027,
  "fund_flow_rows": 120,
  "feature_columns": 125,
  "merged_columns": 194,
  "outputs": {
    "daily_valuation": "/root/stock_realtime_v021_full/saved_data/601336_pipeline_out_v2_new27_full/02_fundamental/baostock_daily_valuation.csv",
    "quarterly_fundamentals": "/root/stock_realtime_v021_full/saved_data/601336_pipeline_out_v2_new27_full/02_fundamental/baostock_quarterly_fundamentals_pit.csv",
    "fundamental_features": "/root/stock_realtime_v021_full/saved_data/601336_pipeline_out_v2_new27_full/02_fundamental/fundamental_features.csv",
    "merged_samples": "/root/stock_realtime_v021_full/saved_data/601336_pipeline_out_v2_new27_full/02_fundamental/training_samples_with_fundamentals.csv"
  }
}

[2026-05-16T20:14:26] RUN sector
  /usr/bin/python3 feature_building/build_sector_features.py --samples /root/stock_realtime_v021_full/saved_data/601336_pipeline_out_v2_new27_full/02_fundamental/training_samples_with_fundamentals.csv --out-dir /root/stock_realtime_v021_full/saved_data/601336_pipeline_out_v2_new27_full/03_sector --sector-symbol '保险' --start-date 2018-01-01 --end-date 2026-05-15

  0%|          | 0/9 [00:00<?, ?it/s]
 11%|█         | 1/9 [00:00<00:01,  4.33it/s]
 22%|██▏       | 2/9 [00:00<00:01,  4.15it/s]
 33%|███▎      | 3/9 [00:00<00:01,  4.10it/s]
 44%|████▍     | 4/9 [00:00<00:01,  4.28it/s]
 56%|█████▌    | 5/9 [00:01<00:00,  4.11it/s]
 67%|██████▋   | 6/9 [00:01<00:00,  4.13it/s]
 78%|███████▊  | 7/9 [00:01<00:00,  4.27it/s]
 89%|████████▉ | 8/9 [00:01<00:00,  4.06it/s]
100%|██████████| 9/9 [00:02<00:00,  4.13it/s]
                                             
{
  "sector_symbol": "保险",
  "sector_rows": 2027,
  "sector_date_min": "2018-01-02",
  "sector_date_max": "2026-05-15",
  "sample_rows": 1540,
  "merged_rows": 1540,
  "sector_feature_cols": 23,
  "top_missing": {
    "sector_ret60": 0.03896103896103896,
    "sector_ma60_gap": 0.01948051948051948,
    "stock_vs_sector_ret20": 0.012987012987012988,
    "sector_ret20": 0.012987012987012988,
    "sector_vol20": 0.007142857142857143,
    "sector_ma20_gap": 0.006493506493506494,
    "sector_range_z20": 0.006493506493506494,
    "sector_volume_shock20": 0.006493506493506494,
    "sector_amount_z20": 0.006493506493506494,
    "sector_volume_z20": 0.006493506493506494,
    "sector_amount_shock20": 0.006493506493506494,
    "sector_ret5": 0.003246753246753247,
    "stock_vs_sector_ret5": 0.003246753246753247,
    "sector_vs_bench_ret5": 0.003246753246753247,
    "stock_vs_sector_ret1": 0.0006493506493506494,
    "sector_ret1": 0.0006493506493506494,
    "sector_amount": 0.0,
    "sector_volume": 0.0,
    "sector_close": 0.0,
    "sector_low": 0.0
  },
  "outputs": {
    "sector_index": "/root/stock_realtime_v021_full/saved_data/601336_pipeline_out_v2_new27_full/03_sector/sector_index_ths.csv",
    "sector_features": "/root/stock_realtime_v021_full/saved_data/601336_pipeline_out_v2_new27_full/03_sector/sector_features.csv",
    "merged_samples": "/root/stock_realtime_v021_full/saved_data/601336_pipeline_out_v2_new27_full/03_sector/training_samples_with_sector.csv"
  }
}
[INFO] final samples for search: /root/stock_realtime_v021_full/saved_data/601336_pipeline_out_v2_new27_full/03_sector/training_samples_with_sector.csv

[2026-05-16T20:14:30] RUN search_vwap_low_hit_50bps
  /usr/bin/python3 model_training/search_walk_forward_model_complexity.py --samples /root/stock_realtime_v021_full/saved_data/601336_pipeline_out_v2_new27_full/03_sector/training_samples_with_sector.csv --intraday-bars /root/stock_realtime_v021_full/saved_data/601336_pipeline_out_v2_new27_full/00_base/601336_5m.csv --out-dir /root/stock_realtime_v021_full/saved_data/601336_pipeline_out_v2_new27_full/10_search/search_vwap_low_hit_50bps --round-trip-cost-bps 1.7 --target-hit-bps 50.0 --label-mode hit --entry-policy vwap_low --entry-vwap-premium-bps 50.0 --max-missing 0.35 --groups reversal_fundamental_regime,reversal_fundamental_regime_sector,reversal_fundamental_regime_sector_external,all_no_ak --models xgb_d2_200_lr003_mcw5,xgb_d3_400_lr003_mcw3,xgb_d3_600_lr002_mcw3,xgb_d4_500_lr002_mcw5,lgbm_leaves7_400,lgbm_leaves15_700,extra_trees_600_d3,random_forest_600_d4 --quantiles 0.5,0.6,0.7,0.8 --train-rows 756 --valid-rows 126 --test-rows 63 --min-valid-trades 8 --min-train-entries 80
{
  "rows": 1539,
  "target_hit_bps": 50.0,
  "label_mode": "hit",
  "entry_policy": "vwap_low",
  "entry_vwap_premium_bps": 50.0,
  "groups": {
    "reversal_fundamental_regime": 112,
    "reversal_fundamental_regime_sector": 135,
    "reversal_fundamental_regime_sector_external": 135,
    "all_no_ak": 190
  },
  "models": [
    "xgb_d2_200_lr003_mcw5",
    "xgb_d3_400_lr003_mcw3",
    "xgb_d3_600_lr002_mcw3",
    "xgb_d4_500_lr002_mcw5",
    "extra_trees_600_d3",
    "random_forest_600_d4",
    "lgbm_leaves7_400",
    "lgbm_leaves15_700"
  ],
  "top": [
    {
      "entry_policy": "vwap_low",
      "feature_group": "reversal_fundamental_regime",
      "model_name": "xgb_d3_600_lr002_mcw3",
      "target_hit_bps": 50.0,
      "trades": 199,
      "win_rate": 0.7587939698492462,
      "avg_return": -0.0003471962642285972,
      "median_return": 0.005,
      "compound_return": -0.08106568473348863,
      "max_drawdown": -0.1768939203580625,
      "profit_factor": 0.915352084303191,
      "windows": 10
    },
    {
      "entry_policy": "vwap_low",
      "feature_group": "reversal_fundamental_regime_sector",
      "model_name": "extra_trees_600_d3",
      "target_hit_bps": 50.0,
      "trades": 164,
      "win_rate": 0.7682926829268293,
      "avg_return": -0.0004422591840139375,
      "median_return": 0.005,
      "compound_return": -0.08125226553012121,
      "max_drawdown": -0.16500643386940594,
      "profit_factor": 0.894019440521763,
      "windows": 10
    },
    {
      "entry_policy": "vwap_low",
      "feature_group": "reversal_fundamental_regime_sector_external",
      "model_name": "extra_trees_600_d3",
      "target_hit_bps": 50.0,
      "trades": 164,
      "win_rate": 0.7682926829268293,
      "avg_return": -0.0004422591840139375,
      "median_return": 0.005,
      "compound_return": -0.08125226553012121,
      "max_drawdown": -0.16500643386940594,
      "profit_factor": 0.894019440521763,
      "windows": 10
    },
    {
      "entry_policy": "vwap_low",
      "feature_group": "all_no_ak",
      "model_name": "extra_trees_600_d3",
      "target_hit_bps": 50.0,
      "trades": 163,
      "win_rate": 0.7791411042944786,
      "avg_return": -0.00045382608814448493,
      "median_return": 0.005,
      "compound_return": -0.0830229983680355,
      "max_drawdown": -0.17947459647996777,
      "profit_factor": 0.8931923151856149,
      "windows": 10
    },
    {
      "entry_policy": "vwap_low",
      "feature_group": "reversal_fundamental_regime",
      "model_name": "extra_trees_600_d3",
      "target_hit_bps": 50.0,
      "trades": 152,
      "win_rate": 0.7631578947368421,
      "avg_return": -0.0005108580936939708,
      "median_return": 0.005,
      "compound_return": -0.08591702839819615,
      "max_drawdown": -0.21906522890845692,
      "profit_factor": 0.8801988788768249,
      "windows": 10
    },
    {
      "entry_policy": "vwap_low",
      "feature_group": "reversal_fundamental_regime_sector",
      "model_name": "lgbm_leaves7_400",
      "target_hit_bps": 50.0,
      "trades": 179,
      "win_rate": 0.7430167597765364,
      "avg_return": -0.0005740559224699959,
      "median_return": 0.005,
      "compound_return": -0.10862434267865062,
      "max_drawdown": -0.2176308044198927,
      "profit_factor": 0.8636798687739736,
      "windows": 10
    },
    {
      "entry_policy": "vwap_low",
      "feature_group": "reversal_fundamental_regime_sector_external",
      "model_name": "lgbm_leaves7_400",
      "target_hit_bps": 50.0,
      "trades": 179,
      "win_rate": 0.7430167597765364,
      "avg_return": -0.0005740559224699959,
      "median_return": 0.005,
      "compound_return": -0.10862434267865062,
      "max_drawdown": -0.2176308044198927,
      "profit_factor": 0.8636798687739736,
      "windows": 10
    },
    {
      "entry_policy": "vwap_low",
      "feature_group": "reversal_fundamental_regime_sector",
      "model_name": "lgbm_leaves15_700",
      "target_hit_bps": 50.0,
      "trades": 198,
      "win_rate": 0.7676767676767676,
      "avg_return": -0.0005121015242291354,
      "median_return": 0.005,
      "compound_return": -0.11086193634338981,
      "max_drawdown": -0.239924861616427,
      "profit_factor": 0.8797512059015987,
      "windows": 10
    },
    {
      "entry_policy": "vwap_low",
      "feature_group": "reversal_fundamental_regime_sector_external",
      "model_name": "lgbm_leaves15_700",
      "target_hit_bps": 50.0,
      "trades": 198,
      "win_rate": 0.7676767676767676,
      "avg_return": -0.0005121015242291354,
      "median_return": 0.005,
      "compound_return": -0.11086193634338981,
      "max_drawdown": -0.239924861616427,
      "profit_factor": 0.8797512059015987,
      "windows": 10
    },
    {
      "entry_policy": "vwap_low",
      "feature_group": "reversal_fundamental_regime_sector",
      "model_name": "random_forest_600_d4",
      "target_hit_bps": 50.0,
      "trades": 143,
      "win_rate": 0.7762237762237763,
      "avg_return": -0.0007665428483343792,
      "median_return": 0.005,
      "compound_return": -0.11493046367950577,
      "max_drawdown": -0.20306241669119396,
      "profit_factor": 0.8326437100839023,
      "windows": 10
    },
    {
      "entry_policy": "vwap_low",
      "feature_group": "reversal_fundamental_regime_sector_external",
      "model_name": "random_forest_600_d4",
      "target_hit_bps": 50.0,
      "trades": 143,
      "win_rate": 0.7762237762237763,
      "avg_return": -0.0007665428483343792,
      "median_return": 0.005,
      "compound_return": -0.11493046367950577,
      "max_drawdown": -0.20306241669119396,
      "profit_factor": 0.8326437100839023,
      "windows": 10
    },
    {
      "entry_policy": "vwap_low",
      "feature_group": "reversal_fundamental_regime",
      "model_name": "lgbm_leaves7_400",
      "target_hit_bps": 50.0,
      "trades": 216,
      "win_rate": 0.7638888888888888,
      "avg_return": -0.0005143469320539603,
      "median_return": 0.005,
      "compound_return": -0.12074233840264492,
      "max_drawdown": -0.1964963075930476,
      "profit_factor": 0.8799554668394304,
      "windows": 10
    },
    {
      "entry_policy": "vwap_low",
      "feature_group": "all_no_ak",
      "model_name": "lgbm_leaves7_400",
      "target_hit_bps": 50.0,
      "trades": 201,
      "win_rate": 0.7810945273631841,
      "avg_return": -0.0006375133301945071,
      "median_return": 0.005,
      "compound_return": -0.13636277471377378,
      "max_drawdown": -0.25511079288901706,
      "profit_factor": 0.8580988256462516,
      "windows": 10
    },
    {
      "entry_policy": "vwap_low",
      "feature_group": "reversal_fundamental_regime",
      "model_name": "random_forest_600_d4",
      "target_hit_bps": 50.0,
      "trades": 189,
      "win_rate": 0.7566137566137566,
      "avg_return": -0.0008933698646927655,
      "median_return": 0.005,
      "compound_return": -0.16928392230870293,
      "max_drawdown": -0.2785032545055206,
      "profit_factor": 0.8072487679729496,
      "windows": 10
    },
    {
      "entry_policy": "vwap_low",
      "feature_group": "all_no_ak",
      "model_name": "xgb_d2_200_lr003_mcw5",
      "target_hit_bps": 50.0,
      "trades": 171,
      "win_rate": 0.7485380116959064,
      "avg_return": -0.0010088119641247697,
      "median_return": 0.005,
      "compound_return": -0.17167976936425988,
      "max_drawdown": -0.26315428519575124,
      "profit_factor": 0.7851333319517821,
      "windows": 10
    },
    {
      "entry_policy": "vwap_low",
      "feature_group": "all_no_ak",
      "model_name": "random_forest_600_d4",
      "target_hit_bps": 50.0,
      "trades": 175,
      "win_rate": 0.7485714285714286,
      "avg_return": -0.0010665955083729577,
      "median_return": 0.005,
      "compound_return": -0.18338667100181483,
      "max_drawdown": -0.2164472842800621,
      "profit_factor": 0.7745282864492953,
      "windows": 10
    },
    {
      "entry_policy": "vwap_low",
      "feature_group": "all_no_ak",
      "model_name": "xgb_d3_400_lr003_mcw3",
      "target_hit_bps": 50.0,
      "trades": 151,
      "win_rate": 0.7417218543046358,
      "avg_return": -0.0014333896514772564,
      "median_return": 0.005,
      "compound_return": -0.20720821118809718,
      "max_drawdown": -0.26538147515778776,
      "profit_factor": 0.7145647168398233,
      "windows": 10
    },
    {
      "entry_policy": "vwap_low",
      "feature_group": "reversal_fundamental_regime",
      "model_name": "xgb_d2_200_lr003_mcw5",
      "target_hit_bps": 50.0,
      "trades": 187,
      "win_rate": 0.7433155080213903,
      "avg_return": -0.001224676366996889,
      "median_return": 0.005,
      "compound_return": -0.21802997811474034,
      "max_drawdown": -0.314824026606465,
      "profit_factor": 0.7500254277287955,
      "windows": 10
    },
    {
      "entry_policy": "vwap_low",
      "feature_group": "reversal_fundamental_regime",
      "model_name": "xgb_d3_400_lr003_mcw3",
      "target_hit_bps": 50.0,
      "trades": 182,
      "win_rate": 0.7307692307692307,
      "avg_return": -0.0013993470230332062,
      "median_return": 0.005,
      "compound_return": -0.23793706201278686,
      "max_drawdown": -0.26961343144245,
      "profit_factor": 0.7203862063594303,
      "windows": 10
    },
    {
      "entry_policy": "vwap_low",
      "feature_group": "all_no_ak",
      "model_name": "xgb_d3_600_lr002_mcw3",
      "target_hit_bps": 50.0,
      "trades": 174,
      "win_rate": 0.7413793103448276,
      "avg_return": -0.001485169784357385,
      "median_return": 0.005,
      "compound_return": -0.24105024270656206,
      "max_drawdown": -0.29580923648287605,
      "profit_factor": 0.7095117272556226,
      "windows": 10
    }
  ]
}

[2026-05-16T20:24:07] RUN search_vwap_low_hit_80bps
  /usr/bin/python3 model_training/search_walk_forward_model_complexity.py --samples /root/stock_realtime_v021_full/saved_data/601336_pipeline_out_v2_new27_full/03_sector/training_samples_with_sector.csv --intraday-bars /root/stock_realtime_v021_full/saved_data/601336_pipeline_out_v2_new27_full/00_base/601336_5m.csv --out-dir /root/stock_realtime_v021_full/saved_data/601336_pipeline_out_v2_new27_full/10_search/search_vwap_low_hit_80bps --round-trip-cost-bps 1.7 --target-hit-bps 80.0 --label-mode hit --entry-policy vwap_low --entry-vwap-premium-bps 50.0 --max-missing 0.35 --groups reversal_fundamental_regime,reversal_fundamental_regime_sector,reversal_fundamental_regime_sector_external,all_no_ak --models xgb_d2_200_lr003_mcw5,xgb_d3_400_lr003_mcw3,xgb_d3_600_lr002_mcw3,xgb_d4_500_lr002_mcw5,lgbm_leaves7_400,lgbm_leaves15_700,extra_trees_600_d3,random_forest_600_d4 --quantiles 0.5,0.6,0.7,0.8 --train-rows 756 --valid-rows 126 --test-rows 63 --min-valid-trades 8 --min-train-entries 80
{
  "rows": 1539,
  "target_hit_bps": 80.0,
  "label_mode": "hit",
  "entry_policy": "vwap_low",
  "entry_vwap_premium_bps": 50.0,
  "groups": {
    "reversal_fundamental_regime": 112,
    "reversal_fundamental_regime_sector": 135,
    "reversal_fundamental_regime_sector_external": 135,
    "all_no_ak": 190
  },
  "models": [
    "xgb_d2_200_lr003_mcw5",
    "xgb_d3_400_lr003_mcw3",
    "xgb_d3_600_lr002_mcw3",
    "xgb_d4_500_lr002_mcw5",
    "extra_trees_600_d3",
    "random_forest_600_d4",
    "lgbm_leaves7_400",
    "lgbm_leaves15_700"
  ],
  "top": [
    {
      "entry_policy": "vwap_low",
      "feature_group": "reversal_fundamental_regime",
      "model_name": "extra_trees_600_d3",
      "target_hit_bps": 80.0,
      "trades": 219,
      "win_rate": 0.680365296803653,
      "avg_return": 0.0005135257138050365,
      "median_return": 0.008,
      "compound_return": 0.09846109602110809,
      "max_drawdown": -0.1330472220820753,
      "profit_factor": 1.1079302460286784,
      "windows": 10
    },
    {
      "entry_policy": "vwap_low",
      "feature_group": "reversal_fundamental_regime",
      "model_name": "xgb_d2_200_lr003_mcw5",
      "target_hit_bps": 80.0,
      "trades": 201,
      "win_rate": 0.6965174129353234,
      "avg_return": 0.00033924715129831794,
      "median_return": 0.008,
      "compound_return": 0.04886787823238148,
      "max_drawdown": -0.1502589019455165,
      "profit_factor": 1.067525292628977,
      "windows": 10
    },
    {
      "entry_policy": "vwap_low",
      "feature_group": "reversal_fundamental_regime",
      "model_name": "lgbm_leaves15_700",
      "target_hit_bps": 80.0,
      "trades": 188,
      "win_rate": 0.6542553191489362,
      "avg_return": 0.0003270162345362585,
      "median_return": 0.008,
      "compound_return": 0.04795145858366601,
      "max_drawdown": -0.16122003581492428,
      "profit_factor": 1.069924535661571,
      "windows": 10
    },
    {
      "entry_policy": "vwap_low",
      "feature_group": "all_no_ak",
      "model_name": "lgbm_leaves15_700",
      "target_hit_bps": 80.0,
      "trades": 162,
      "win_rate": 0.6604938271604939,
      "avg_return": 0.0003576346028122081,
      "median_return": 0.008,
      "compound_return": 0.04500079170831994,
      "max_drawdown": -0.15266305286354853,
      "profit_factor": 1.0761135150018066,
      "windows": 10
    },
    {
      "entry_policy": "vwap_low",
      "feature_group": "all_no_ak",
      "model_name": "extra_trees_600_d3",
      "target_hit_bps": 80.0,
      "trades": 125,
      "win_rate": 0.656,
      "avg_return": 0.00040045609738947495,
      "median_return": 0.008,
      "compound_return": 0.04202123676396896,
      "max_drawdown": -0.05852573057963095,
      "profit_factor": 1.085832851309074,
      "windows": 10
    },
    {
      "entry_policy": "vwap_low",
      "feature_group": "all_no_ak",
      "model_name": "random_forest_600_d4",
      "target_hit_bps": 80.0,
      "trades": 159,
      "win_rate": 0.6792452830188679,
      "avg_return": 0.00031214271529160785,
      "median_return": 0.008,
      "compound_return": 0.035991369212272195,
      "max_drawdown": -0.1319605708893965,
      "profit_factor": 1.0637046607404421,
      "windows": 10
    },
    {
      "entry_policy": "vwap_low",
      "feature_group": "all_no_ak",
      "model_name": "xgb_d3_400_lr003_mcw3",
      "target_hit_bps": 80.0,
      "trades": 159,
      "win_rate": 0.6855345911949685,
      "avg_return": 0.000285677093159369,
      "median_return": 0.008,
      "compound_return": 0.03152132366461058,
      "max_drawdown": -0.17549718742532616,
      "profit_factor": 1.0583162415117429,
      "windows": 10
    },
    {
      "entry_policy": "vwap_low",
      "feature_group": "all_no_ak",
      "model_name": "xgb_d4_500_lr002_mcw5",
      "target_hit_bps": 80.0,
      "trades": 185,
      "win_rate": 0.6756756756756757,
      "avg_return": 0.0002056458435758435,
      "median_return": 0.008,
      "compound_return": 0.019726933534713664,
      "max_drawdown": -0.14766393309961656,
      "profit_factor": 1.0418490580163928,
      "windows": 10
    },
    {
      "entry_policy": "vwap_low",
      "feature_group": "reversal_fundamental_regime",
      "model_name": "lgbm_leaves7_400",
      "target_hit_bps": 80.0,
      "trades": 179,
      "win_rate": 0.659217877094972,
      "avg_return": 0.00018930763644594783,
      "median_return": 0.008,
      "compound_return": 0.018923085437357656,
      "max_drawdown": -0.10271652944174547,
      "profit_factor": 1.0383168099045426,
      "windows": 10
    },
    {
      "entry_policy": "vwap_low",
      "feature_group": "reversal_fundamental_regime",
      "model_name": "xgb_d4_500_lr002_mcw5",
      "target_hit_bps": 80.0,
      "trades": 173,
      "win_rate": 0.6763005780346821,
      "avg_return": 5.42538891027525e-05,
      "median_return": 0.008,
      "compound_return": -0.00942102722680227,
      "max_drawdown": -0.1905199172426143,
      "profit_factor": 1.010450258801565,
      "windows": 10
    },
    {
      "entry_policy": "vwap_low",
      "feature_group": "reversal_fundamental_regime_sector",
      "model_name": "lgbm_leaves7_400",
      "target_hit_bps": 80.0,
      "trades": 158,
      "win_rate": 0.6518987341772152,
      "avg_return": -5.672337677596301e-05,
      "median_return": 0.008,
      "compound_return": -0.022649537367680717,
      "max_drawdown": -0.22189322536177325,
      "profit_factor": 0.9887355165134475,
      "windows": 10
    },
    {
      "entry_policy": "vwap_low",
      "feature_group": "reversal_fundamental_regime_sector_external",
      "model_name": "lgbm_leaves7_400",
      "target_hit_bps": 80.0,
      "trades": 158,
      "win_rate": 0.6518987341772152,
      "avg_return": -5.672337677596301e-05,
      "median_return": 0.008,
      "compound_return": -0.022649537367680717,
      "max_drawdown": -0.22189322536177325,
      "profit_factor": 0.9887355165134475,
      "windows": 10
    },
    {
      "entry_policy": "vwap_low",
      "feature_group": "reversal_fundamental_regime",
      "model_name": "xgb_d3_400_lr003_mcw3",
      "target_hit_bps": 80.0,
      "trades": 201,
      "win_rate": 0.6616915422885572,
      "avg_return": -2.9772083267948416e-05,
      "median_return": 0.008,
      "compound_return": -0.023998779672874337,
      "max_drawdown": -0.1706158314127485,
      "profit_factor": 0.9942323096007277,
      "windows": 10
    },
    {
      "entry_policy": "vwap_low",
      "feature_group": "reversal_fundamental_regime_sector",
      "model_name": "extra_trees_600_d3",
      "target_hit_bps": 80.0,
      "trades": 171,
      "win_rate": 0.6374269005847953,
      "avg_return": -0.00021671887044647132,
      "median_return": 0.008,
      "compound_return": -0.04859902325501553,
      "max_drawdown": -0.12003171420740122,
      "profit_factor": 0.9576629671705028,
      "windows": 10
    },
    {
      "entry_policy": "vwap_low",
      "feature_group": "reversal_fundamental_regime_sector_external",
      "model_name": "extra_trees_600_d3",
      "target_hit_bps": 80.0,
      "trades": 171,
      "win_rate": 0.6374269005847953,
      "avg_return": -0.00021671887044647132,
      "median_return": 0.008,
      "compound_return": -0.04859902325501553,
      "max_drawdown": -0.12003171420740122,
      "profit_factor": 0.9576629671705028,
      "windows": 10
    },
    {
      "entry_policy": "vwap_low",
      "feature_group": "reversal_fundamental_regime",
      "model_name": "xgb_d3_600_lr002_mcw3",
      "target_hit_bps": 80.0,
      "trades": 183,
      "win_rate": 0.639344262295082,
      "avg_return": -0.00030812264837382374,
      "median_return": 0.008,
      "compound_return": -0.07031622179487762,
      "max_drawdown": -0.18548065114996304,
      "profit_factor": 0.9407895106664688,
      "windows": 10
    },
    {
      "entry_policy": "vwap_low",
      "feature_group": "all_no_ak",
      "model_name": "xgb_d2_200_lr003_mcw5",
      "target_hit_bps": 80.0,
      "trades": 132,
      "win_rate": 0.6590909090909091,
      "avg_return": -0.0008483995018287124,
      "median_return": 0.008,
      "compound_return": -0.12062766869418096,
      "max_drawdown": -0.17382670294306746,
      "profit_factor": 0.855301205564885,
      "windows": 10
    },
    {
      "entry_policy": "vwap_low",
      "feature_group": "reversal_fundamental_regime_sector",
      "model_name": "xgb_d2_200_lr003_mcw5",
      "target_hit_bps": 80.0,
      "trades": 172,
      "win_rate": 0.6744186046511628,
      "avg_return": -0.0006738245841980033,
      "median_return": 0.008,
      "compound_return": -0.12747522639640219,
      "max_drawdown": -0.2138033072449388,
      "profit_factor": 0.884449535133614,
      "windows": 10
    },
    {
      "entry_policy": "vwap_low",
      "feature_group": "reversal_fundamental_regime_sector_external",
      "model_name": "xgb_d2_200_lr003_mcw5",
      "target_hit_bps": 80.0,
      "trades": 172,
      "win_rate": 0.6744186046511628,
      "avg_return": -0.0006738245841980033,
      "median_return": 0.008,
      "compound_return": -0.12747522639640219,
      "max_drawdown": -0.2138033072449388,
      "profit_factor": 0.884449535133614,
      "windows": 10
    },
    {
      "entry_policy": "vwap_low",
      "feature_group": "all_no_ak",
      "model_name": "xgb_d3_600_lr002_mcw3",
      "target_hit_bps": 80.0,
      "trades": 173,
      "win_rate": 0.630057803468208,
      "avg_return": -0.0007686253816715665,
      "median_return": 0.008,
      "compound_return": -0.1388464617163344,
      "max_drawdown": -0.2357974189291666,
      "profit_factor": 0.8617847291422975,
      "windows": 10
    }
  ]
}

[2026-05-16T20:33:47] RUN search_vwap_low_close_profit_50bps
  /usr/bin/python3 model_training/search_walk_forward_model_complexity.py --samples /root/stock_realtime_v021_full/saved_data/601336_pipeline_out_v2_new27_full/03_sector/training_samples_with_sector.csv --intraday-bars /root/stock_realtime_v021_full/saved_data/601336_pipeline_out_v2_new27_full/00_base/601336_5m.csv --out-dir /root/stock_realtime_v021_full/saved_data/601336_pipeline_out_v2_new27_full/10_search/search_vwap_low_close_profit_50bps --round-trip-cost-bps 1.7 --target-hit-bps 50.0 --label-mode close_profit --entry-policy vwap_low --entry-vwap-premium-bps 50.0 --max-missing 0.35 --groups reversal_fundamental_regime,reversal_fundamental_regime_sector,reversal_fundamental_regime_sector_external,all_no_ak --models xgb_d2_200_lr003_mcw5,xgb_d3_400_lr003_mcw3,xgb_d3_600_lr002_mcw3,xgb_d4_500_lr002_mcw5,lgbm_leaves7_400,lgbm_leaves15_700,extra_trees_600_d3,random_forest_600_d4 --quantiles 0.5,0.6,0.7,0.8 --train-rows 756 --valid-rows 126 --test-rows 63 --min-valid-trades 8 --min-train-entries 80
{
  "rows": 1539,
  "target_hit_bps": 50.0,
  "label_mode": "close_profit",
  "entry_policy": "vwap_low",
  "entry_vwap_premium_bps": 50.0,
  "groups": {
    "reversal_fundamental_regime": 112,
    "reversal_fundamental_regime_sector": 135,
    "reversal_fundamental_regime_sector_external": 135,
    "all_no_ak": 190
  },
  "models": [
    "xgb_d2_200_lr003_mcw5",
    "xgb_d3_400_lr003_mcw3",
    "xgb_d3_600_lr002_mcw3",
    "xgb_d4_500_lr002_mcw5",
    "extra_trees_600_d3",
    "random_forest_600_d4",
    "lgbm_leaves7_400",
    "lgbm_leaves15_700"
  ],
  "top": [
    {
      "entry_policy": "vwap_low",
      "feature_group": "reversal_fundamental_regime",
      "model_name": "lgbm_leaves15_700",
      "target_hit_bps": 50.0,
      "trades": 211,
      "win_rate": 0.4834123222748815,
      "avg_return": 0.002672792483254629,
      "median_return": -0.0006825576627370565,
      "compound_return": 0.668255353789311,
      "max_drawdown": -0.2308871734602611,
      "profit_factor": 1.437556904638455,
      "windows": 10
    },
    {
      "entry_policy": "vwap_low",
      "feature_group": "reversal_fundamental_regime_sector",
      "model_name": "xgb_d3_600_lr002_mcw3",
      "target_hit_bps": 50.0,
      "trades": 152,
      "win_rate": 0.506578947368421,
      "avg_return": 0.003123496223837326,
      "median_return": 0.0002647240393416385,
      "compound_return": 0.5672414713809151,
      "max_drawdown": -0.13308878810440938,
      "profit_factor": 1.658903094847571,
      "windows": 10
    },
    {
      "entry_policy": "vwap_low",
      "feature_group": "reversal_fundamental_regime_sector_external",
      "model_name": "xgb_d3_600_lr002_mcw3",
      "target_hit_bps": 50.0,
      "trades": 152,
      "win_rate": 0.506578947368421,
      "avg_return": 0.003123496223837326,
      "median_return": 0.0002647240393416385,
      "compound_return": 0.5672414713809151,
      "max_drawdown": -0.13308878810440938,
      "profit_factor": 1.658903094847571,
      "windows": 10
    },
    {
      "entry_policy": "vwap_low",
      "feature_group": "reversal_fundamental_regime",
      "model_name": "xgb_d3_400_lr003_mcw3",
      "target_hit_bps": 50.0,
      "trades": 203,
      "win_rate": 0.49261083743842365,
      "avg_return": 0.0023632956019547235,
      "median_return": -0.00016999999999999999,
      "compound_return": 0.5512468406990199,
      "max_drawdown": -0.13889483670803804,
      "profit_factor": 1.4134735813410695,
      "windows": 10
    },
    {
      "entry_policy": "vwap_low",
      "feature_group": "reversal_fundamental_regime",
      "model_name": "xgb_d3_600_lr002_mcw3",
      "target_hit_bps": 50.0,
      "trades": 180,
      "win_rate": 0.5,
      "avg_return": 0.002226596675119799,
      "median_return": -3.444370419655008e-06,
      "compound_return": 0.432273496260583,
      "max_drawdown": -0.18341161139401418,
      "profit_factor": 1.371011442295877,
      "windows": 10
    },
    {
      "entry_policy": "vwap_low",
      "feature_group": "all_no_ak",
      "model_name": "xgb_d3_400_lr003_mcw3",
      "target_hit_bps": 50.0,
      "trades": 130,
      "win_rate": 0.5153846153846153,
      "avg_return": 0.0026662316521996487,
      "median_return": 0.00042358331376391237,
      "compound_return": 0.3767566710879675,
      "max_drawdown": -0.13641608825206164,
      "profit_factor": 1.4997931324692564,
      "windows": 10
    },
    {
      "entry_policy": "vwap_low",
      "feature_group": "reversal_fundamental_regime_sector",
      "model_name": "xgb_d3_400_lr003_mcw3",
      "target_hit_bps": 50.0,
      "trades": 140,
      "win_rate": 0.4714285714285714,
      "avg_return": 0.002349555645280167,
      "median_return": -0.0012876131297923608,
      "compound_return": 0.35262868682756654,
      "max_drawdown": -0.1761511465492993,
      "profit_factor": 1.4334591518431197,
      "windows": 10
    },
    {
      "entry_policy": "vwap_low",
      "feature_group": "reversal_fundamental_regime_sector_external",
      "model_name": "xgb_d3_400_lr003_mcw3",
      "target_hit_bps": 50.0,
      "trades": 140,
      "win_rate": 0.4714285714285714,
      "avg_return": 0.002349555645280167,
      "median_return": -0.0012876131297923608,
      "compound_return": 0.35262868682756654,
      "max_drawdown": -0.1761511465492993,
      "profit_factor": 1.4334591518431197,
      "windows": 10
    },
    {
      "entry_policy": "vwap_low",
      "feature_group": "reversal_fundamental_regime_sector",
      "model_name": "xgb_d2_200_lr003_mcw5",
      "target_hit_bps": 50.0,
      "trades": 166,
      "win_rate": 0.4759036144578313,
      "avg_return": 0.0019881068775130174,
      "median_return": -0.0006654856924139772,
      "compound_return": 0.349886956419176,
      "max_drawdown": -0.1510155170048364,
      "profit_factor": 1.3542749223303743,
      "windows": 10
    },
    {
      "entry_policy": "vwap_low",
      "feature_group": "reversal_fundamental_regime_sector_external",
      "model_name": "xgb_d2_200_lr003_mcw5",
      "target_hit_bps": 50.0,
      "trades": 166,
      "win_rate": 0.4759036144578313,
      "avg_return": 0.0019881068775130174,
      "median_return": -0.0006654856924139772,
      "compound_return": 0.349886956419176,
      "max_drawdown": -0.1510155170048364,
      "profit_factor": 1.3542749223303743,
      "windows": 10
    },
    {
      "entry_policy": "vwap_low",
      "feature_group": "reversal_fundamental_regime",
      "model_name": "lgbm_leaves7_400",
      "target_hit_bps": 50.0,
      "trades": 174,
      "win_rate": 0.47701149425287354,
      "avg_return": 0.0019092529576221614,
      "median_return": -0.0007866412724580295,
      "compound_return": 0.33557742401323165,
      "max_drawdown": -0.19226705185398962,
      "profit_factor": 1.2845138972210797,
      "windows": 10
    },
    {
      "entry_policy": "vwap_low",
      "feature_group": "reversal_fundamental_regime",
      "model_name": "xgb_d4_500_lr002_mcw5",
      "target_hit_bps": 50.0,
      "trades": 204,
      "win_rate": 0.46568627450980393,
      "avg_return": 0.0015388474092149808,
      "median_return": -0.0010686578643659926,
      "compound_return": 0.30713745915445756,
      "max_drawdown": -0.27426632066339607,
      "profit_factor": 1.2396145381641825,
      "windows": 10
    },
    {
      "entry_policy": "vwap_low",
      "feature_group": "all_no_ak",
      "model_name": "xgb_d3_600_lr002_mcw3",
      "target_hit_bps": 50.0,
      "trades": 132,
      "win_rate": 0.5,
      "avg_return": 0.00199682700894882,
      "median_return": -3.444370419655008e-06,
      "compound_return": 0.26557043080917553,
      "max_drawdown": -0.23127373664343354,
      "profit_factor": 1.3293370654773158,
      "windows": 10
    },
    {
      "entry_policy": "vwap_low",
      "feature_group": "reversal_fundamental_regime_sector",
      "model_name": "xgb_d4_500_lr002_mcw5",
      "target_hit_bps": 50.0,
      "trades": 149,
      "win_rate": 0.4899328859060403,
      "avg_return": 0.0015769568364790182,
      "median_return": -0.00016999999999999999,
      "compound_return": 0.23448672178469154,
      "max_drawdown": -0.18093046789320577,
      "profit_factor": 1.2828671413995845,
      "windows": 10
    },
    {
      "entry_policy": "vwap_low",
      "feature_group": "reversal_fundamental_regime_sector_external",
      "model_name": "xgb_d4_500_lr002_mcw5",
      "target_hit_bps": 50.0,
      "trades": 149,
      "win_rate": 0.4899328859060403,
      "avg_return": 0.0015769568364790182,
      "median_return": -0.00016999999999999999,
      "compound_return": 0.23448672178469154,
      "max_drawdown": -0.18093046789320577,
      "profit_factor": 1.2828671413995845,
      "windows": 10
    },
    {
      "entry_policy": "vwap_low",
      "feature_group": "reversal_fundamental_regime_sector",
      "model_name": "lgbm_leaves15_700",
      "target_hit_bps": 50.0,
      "trades": 138,
      "win_rate": 0.4855072463768116,
      "avg_return": 0.0014268093852009129,
      "median_return": -0.00016999999999999999,
      "compound_return": 0.18881901654141653,
      "max_drawdown": -0.10379311824734316,
      "profit_factor": 1.2523134224659205,
      "windows": 10
    },
    {
      "entry_policy": "vwap_low",
      "feature_group": "reversal_fundamental_regime_sector_external",
      "model_name": "lgbm_leaves15_700",
      "target_hit_bps": 50.0,
      "trades": 138,
      "win_rate": 0.4855072463768116,
      "avg_return": 0.0014268093852009129,
      "median_return": -0.00016999999999999999,
      "compound_return": 0.18881901654141653,
      "max_drawdown": -0.10379311824734316,
      "profit_factor": 1.2523134224659205,
      "windows": 10
    },
    {
      "entry_policy": "vwap_low",
      "feature_group": "reversal_fundamental_regime",
      "model_name": "extra_trees_600_d3",
      "target_hit_bps": 50.0,
      "trades": 102,
      "win_rate": 0.5,
      "avg_return": 0.0015492324716270772,
      "median_return": -3.444370419655008e-06,
      "compound_return": 0.14961158768248262,
      "max_drawdown": -0.10407220535399453,
      "profit_factor": 1.2702213699443672,
      "windows": 10
    },
    {
      "entry_policy": "vwap_low",
      "feature_group": "reversal_fundamental_regime_sector",
      "model_name": "random_forest_600_d4",
      "target_hit_bps": 50.0,
      "trades": 131,
      "win_rate": 0.4961832061068702,
      "avg_return": 0.0011636134314748556,
      "median_return": -0.00016999999999999999,
      "compound_return": 0.13961572284099333,
      "max_drawdown": -0.1581780823666259,
      "profit_factor": 1.2146547563206938,
      "windows": 10
    },
    {
      "entry_policy": "vwap_low",
      "feature_group": "reversal_fundamental_regime_sector_external",
      "model_name": "random_forest_600_d4",
      "target_hit_bps": 50.0,
      "trades": 131,
      "win_rate": 0.4961832061068702,
      "avg_return": 0.0011636134314748556,
      "median_return": -0.00016999999999999999,
      "compound_return": 0.13961572284099333,
      "max_drawdown": -0.1581780823666259,
      "profit_factor": 1.2146547563206938,
      "windows": 10
    }
  ]
}

[2026-05-16T20:43:31] RUN search_all_days_hit_50bps
  /usr/bin/python3 model_training/search_walk_forward_model_complexity.py --samples /root/stock_realtime_v021_full/saved_data/601336_pipeline_out_v2_new27_full/03_sector/training_samples_with_sector.csv --intraday-bars /root/stock_realtime_v021_full/saved_data/601336_pipeline_out_v2_new27_full/00_base/601336_5m.csv --out-dir /root/stock_realtime_v021_full/saved_data/601336_pipeline_out_v2_new27_full/10_search/search_all_days_hit_50bps --round-trip-cost-bps 1.7 --target-hit-bps 50.0 --label-mode hit --entry-policy all_days --entry-vwap-premium-bps 50.0 --max-missing 0.35 --groups reversal_fundamental_regime,reversal_fundamental_regime_sector,reversal_fundamental_regime_sector_external,all_no_ak --models xgb_d2_200_lr003_mcw5,xgb_d3_400_lr003_mcw3,xgb_d3_600_lr002_mcw3,xgb_d4_500_lr002_mcw5,lgbm_leaves7_400,lgbm_leaves15_700,extra_trees_600_d3,random_forest_600_d4 --quantiles 0.5,0.6,0.7,0.8 --train-rows 756 --valid-rows 126 --test-rows 63 --min-valid-trades 8 --min-train-entries 80
{
  "rows": 1539,
  "target_hit_bps": 50.0,
  "label_mode": "hit",
  "entry_policy": "all_days",
  "entry_vwap_premium_bps": 50.0,
  "groups": {
    "reversal_fundamental_regime": 112,
    "reversal_fundamental_regime_sector": 135,
    "reversal_fundamental_regime_sector_external": 135,
    "all_no_ak": 190
  },
  "models": [
    "xgb_d2_200_lr003_mcw5",
    "xgb_d3_400_lr003_mcw3",
    "xgb_d3_600_lr002_mcw3",
    "xgb_d4_500_lr002_mcw5",
    "extra_trees_600_d3",
    "random_forest_600_d4",
    "lgbm_leaves7_400",
    "lgbm_leaves15_700"
  ],
  "top": [
    {
      "entry_policy": "all_days",
      "feature_group": "reversal_fundamental_regime_sector",
      "model_name": "extra_trees_600_d3",
      "target_hit_bps": 50.0,
      "trades": 156,
      "win_rate": 0.7756410256410257,
      "avg_return": 7.529079427395762e-05,
      "median_return": 0.005,
      "compound_return": 0.0032129757050050056,
      "max_drawdown": -0.13065311071748664,
      "profit_factor": 1.0202702287826704,
      "windows": 10
    },
    {
      "entry_policy": "all_days",
      "feature_group": "reversal_fundamental_regime_sector_external",
      "model_name": "extra_trees_600_d3",
      "target_hit_bps": 50.0,
      "trades": 156,
      "win_rate": 0.7756410256410257,
      "avg_return": 7.529079427395762e-05,
      "median_return": 0.005,
      "compound_return": 0.0032129757050050056,
      "max_drawdown": -0.13065311071748664,
      "profit_factor": 1.0202702287826704,
      "windows": 10
    },
    {
      "entry_policy": "all_days",
      "feature_group": "reversal_fundamental_regime_sector",
      "model_name": "lgbm_leaves7_400",
      "target_hit_bps": 50.0,
      "trades": 192,
      "win_rate": 0.7604166666666666,
      "avg_return": -0.00033876200466807045,
      "median_return": 0.005,
      "compound_return": -0.07486400338224952,
      "max_drawdown": -0.2176308044198927,
      "profit_factor": 0.9167267546768784,
      "windows": 10
    },
    {
      "entry_policy": "all_days",
      "feature_group": "reversal_fundamental_regime_sector_external",
      "model_name": "lgbm_leaves7_400",
      "target_hit_bps": 50.0,
      "trades": 192,
      "win_rate": 0.7604166666666666,
      "avg_return": -0.00033876200466807045,
      "median_return": 0.005,
      "compound_return": -0.07486400338224952,
      "max_drawdown": -0.2176308044198927,
      "profit_factor": 0.9167267546768784,
      "windows": 10
    },
    {
      "entry_policy": "all_days",
      "feature_group": "reversal_fundamental_regime_sector",
      "model_name": "random_forest_600_d4",
      "target_hit_bps": 50.0,
      "trades": 143,
      "win_rate": 0.7762237762237763,
      "avg_return": -0.0005108970110620582,
      "median_return": 0.005,
      "compound_return": -0.08126208412881641,
      "max_drawdown": -0.17274660993029556,
      "profit_factor": 0.8818642130948355,
      "windows": 10
    },
    {
      "entry_policy": "all_days",
      "feature_group": "reversal_fundamental_regime_sector_external",
      "model_name": "random_forest_600_d4",
      "target_hit_bps": 50.0,
      "trades": 143,
      "win_rate": 0.7762237762237763,
      "avg_return": -0.0005108970110620582,
      "median_return": 0.005,
      "compound_return": -0.08126208412881641,
      "max_drawdown": -0.17274660993029556,
      "profit_factor": 0.8818642130948355,
      "windows": 10
    },
    {
      "entry_policy": "all_days",
      "feature_group": "reversal_fundamental_regime_sector",
      "model_name": "lgbm_leaves15_700",
      "target_hit_bps": 50.0,
      "trades": 208,
      "win_rate": 0.7740384615384616,
      "avg_return": -0.00035939893451171137,
      "median_return": 0.005,
      "compound_return": -0.0871181514719217,
      "max_drawdown": -0.239924861616427,
      "profit_factor": 0.9132348265204224,
      "windows": 10
    },
    {
      "entry_policy": "all_days",
      "feature_group": "reversal_fundamental_regime_sector_external",
      "model_name": "lgbm_leaves15_700",
      "target_hit_bps": 50.0,
      "trades": 208,
      "win_rate": 0.7740384615384616,
      "avg_return": -0.00035939893451171137,
      "median_return": 0.005,
      "compound_return": -0.0871181514719217,
      "max_drawdown": -0.239924861616427,
      "profit_factor": 0.9132348265204224,
      "windows": 10
    },
    {
      "entry_policy": "all_days",
      "feature_group": "reversal_fundamental_regime",
      "model_name": "extra_trees_600_d3",
      "target_hit_bps": 50.0,
      "trades": 168,
      "win_rate": 0.7619047619047619,
      "avg_return": -0.00048439765193150505,
      "median_return": 0.005,
      "compound_return": -0.08999891505738344,
      "max_drawdown": -0.21516055505299914,
      "profit_factor": 0.8856861848212846,
      "windows": 10
    },
    {
      "entry_policy": "all_days",
      "feature_group": "all_no_ak",
      "model_name": "lgbm_leaves7_400",
      "target_hit_bps": 50.0,
      "trades": 212,
      "win_rate": 0.7877358490566038,
      "avg_return": -0.0004368922728403881,
      "median_return": 0.005,
      "compound_return": -0.10534214312691503,
      "max_drawdown": -0.25511079288901706,
      "profit_factor": 0.8990510633182396,
      "windows": 10
    },
    {
      "entry_policy": "all_days",
      "feature_group": "all_no_ak",
      "model_name": "extra_trees_600_d3",
      "target_hit_bps": 50.0,
      "trades": 173,
      "win_rate": 0.7687861271676301,
      "avg_return": -0.0006171831321988602,
      "median_return": 0.005,
      "compound_return": -0.11319507180836175,
      "max_drawdown": -0.17947459647996777,
      "profit_factor": 0.8586515676379043,
      "windows": 10
    },
    {
      "entry_policy": "all_days",
      "feature_group": "reversal_fundamental_regime",
      "model_name": "lgbm_leaves7_400",
      "target_hit_bps": 50.0,
      "trades": 218,
      "win_rate": 0.7660550458715596,
      "avg_return": -0.0004925981200265531,
      "median_return": 0.005,
      "compound_return": -0.11758538438892696,
      "max_drawdown": -0.20147707655363412,
      "profit_factor": 0.884749921273279,
      "windows": 10
    },
    {
      "entry_policy": "all_days",
      "feature_group": "reversal_fundamental_regime",
      "model_name": "xgb_d3_600_lr002_mcw3",
      "target_hit_bps": 50.0,
      "trades": 208,
      "win_rate": 0.7596153846153846,
      "avg_return": -0.0005253313741974821,
      "median_return": 0.005,
      "compound_return": -0.11850425053405234,
      "max_drawdown": -0.1768939203580625,
      "profit_factor": 0.8774195137128569,
      "windows": 10
    },
    {
      "entry_policy": "all_days",
      "feature_group": "all_no_ak",
      "model_name": "xgb_d2_200_lr003_mcw5",
      "target_hit_bps": 50.0,
      "trades": 176,
      "win_rate": 0.75,
      "avg_return": -0.0009673455533740836,
      "median_return": 0.005,
      "compound_return": -0.169999238024798,
      "max_drawdown": -0.26315428519575124,
      "profit_factor": 0.7925267474449429,
      "windows": 10
    },
    {
      "entry_policy": "all_days",
      "feature_group": "all_no_ak",
      "model_name": "random_forest_600_d4",
      "target_hit_bps": 50.0,
      "trades": 164,
      "win_rate": 0.75,
      "avg_return": -0.001122574348469833,
      "median_return": 0.005,
      "compound_return": -0.18095010953985624,
      "max_drawdown": -0.2164472842800621,
      "profit_factor": 0.7655605345817595,
      "windows": 10
    },
    {
      "entry_policy": "all_days",
      "feature_group": "reversal_fundamental_regime",
      "model_name": "lgbm_leaves15_700",
      "target_hit_bps": 50.0,
      "trades": 226,
      "win_rate": 0.7610619469026548,
      "avg_return": -0.000882417646437323,
      "median_return": 0.005,
      "compound_return": -0.19701716099652022,
      "max_drawdown": -0.24985548763193088,
      "profit_factor": 0.8092728472211368,
      "windows": 10
    },
    {
      "entry_policy": "all_days",
      "feature_group": "all_no_ak",
      "model_name": "xgb_d3_400_lr003_mcw3",
      "target_hit_bps": 50.0,
      "trades": 155,
      "win_rate": 0.7483870967741936,
      "avg_return": -0.001490141379636485,
      "median_return": 0.005,
      "compound_return": -0.2194630837796534,
      "max_drawdown": -0.26538147515778776,
      "profit_factor": 0.7086693154717962,
      "windows": 10
    },
    {
      "entry_policy": "all_days",
      "feature_group": "reversal_fundamental_regime",
      "model_name": "xgb_d4_500_lr002_mcw5",
      "target_hit_bps": 50.0,
      "trades": 209,
      "win_rate": 0.7320574162679426,
      "avg_return": -0.0011623259821690257,
      "median_return": 0.005,
      "compound_return": -0.22944373988032463,
      "max_drawdown": -0.28197802117300663,
      "profit_factor": 0.7570891135327775,
      "windows": 10
    },
    {
      "entry_policy": "all_days",
      "feature_group": "all_no_ak",
      "model_name": "xgb_d3_600_lr002_mcw3",
      "target_hit_bps": 50.0,
      "trades": 197,
      "win_rate": 0.751269035532995,
      "avg_return": -0.0012339136704739516,
      "median_return": 0.005,
      "compound_return": -0.23061931353250276,
      "max_drawdown": -0.29801778376592714,
      "profit_factor": 0.7492111354747366,
      "windows": 10
    },
    {
      "entry_policy": "all_days",
      "feature_group": "reversal_fundamental_regime",
      "model_name": "random_forest_600_d4",
      "target_hit_bps": 50.0,
      "trades": 183,
      "win_rate": 0.7377049180327869,
      "avg_return": -0.0013544326071590806,
      "median_return": 0.005,
      "compound_return": -0.23269408893977628,
      "max_drawdown": -0.2785032545055206,
      "profit_factor": 0.729112824756884,
      "windows": 10
    }
  ]
}

[2026-05-16T20:52:57] RUN search_all_days_hit_80bps
  /usr/bin/python3 model_training/search_walk_forward_model_complexity.py --samples /root/stock_realtime_v021_full/saved_data/601336_pipeline_out_v2_new27_full/03_sector/training_samples_with_sector.csv --intraday-bars /root/stock_realtime_v021_full/saved_data/601336_pipeline_out_v2_new27_full/00_base/601336_5m.csv --out-dir /root/stock_realtime_v021_full/saved_data/601336_pipeline_out_v2_new27_full/10_search/search_all_days_hit_80bps --round-trip-cost-bps 1.7 --target-hit-bps 80.0 --label-mode hit --entry-policy all_days --entry-vwap-premium-bps 50.0 --max-missing 0.35 --groups reversal_fundamental_regime,reversal_fundamental_regime_sector,reversal_fundamental_regime_sector_external,all_no_ak --models xgb_d2_200_lr003_mcw5,xgb_d3_400_lr003_mcw3,xgb_d3_600_lr002_mcw3,xgb_d4_500_lr002_mcw5,lgbm_leaves7_400,lgbm_leaves15_700,extra_trees_600_d3,random_forest_600_d4 --quantiles 0.5,0.6,0.7,0.8 --train-rows 756 --valid-rows 126 --test-rows 63 --min-valid-trades 8 --min-train-entries 80
{
  "rows": 1539,
  "target_hit_bps": 80.0,
  "label_mode": "hit",
  "entry_policy": "all_days",
  "entry_vwap_premium_bps": 50.0,
  "groups": {
    "reversal_fundamental_regime": 112,
    "reversal_fundamental_regime_sector": 135,
    "reversal_fundamental_regime_sector_external": 135,
    "all_no_ak": 190
  },
  "models": [
    "xgb_d2_200_lr003_mcw5",
    "xgb_d3_400_lr003_mcw3",
    "xgb_d3_600_lr002_mcw3",
    "xgb_d4_500_lr002_mcw5",
    "extra_trees_600_d3",
    "random_forest_600_d4",
    "lgbm_leaves7_400",
    "lgbm_leaves15_700"
  ],
  "top": [
    {
      "entry_policy": "all_days",
      "feature_group": "all_no_ak",
      "model_name": "extra_trees_600_d3",
      "target_hit_bps": 80.0,
      "trades": 141,
      "win_rate": 0.6879432624113475,
      "avg_return": 0.0011254776079973018,
      "median_return": 0.008,
      "compound_return": 0.16093056090861158,
      "max_drawdown": -0.05852573057963095,
      "profit_factor": 1.266908796455314,
      "windows": 10
    },
    {
      "entry_policy": "all_days",
      "feature_group": "reversal_fundamental_regime",
      "model_name": "extra_trees_600_d3",
      "target_hit_bps": 80.0,
      "trades": 225,
      "win_rate": 0.6888888888888889,
      "avg_return": 0.0007131650281035685,
      "median_return": 0.008,
      "compound_return": 0.1522530672296296,
      "max_drawdown": -0.1330472220820753,
      "profit_factor": 1.1539959905456783,
      "windows": 10
    },
    {
      "entry_policy": "all_days",
      "feature_group": "all_no_ak",
      "model_name": "lgbm_leaves15_700",
      "target_hit_bps": 80.0,
      "trades": 197,
      "win_rate": 0.6700507614213198,
      "avg_return": 0.0006143410792631466,
      "median_return": 0.008,
      "compound_return": 0.11075433865750539,
      "max_drawdown": -0.14091145270109973,
      "profit_factor": 1.1353574972469664,
      "windows": 10
    },
    {
      "entry_policy": "all_days",
      "feature_group": "reversal_fundamental_regime",
      "model_name": "lgbm_leaves7_400",
      "target_hit_bps": 80.0,
      "trades": 191,
      "win_rate": 0.680628272251309,
      "avg_return": 0.0005119716757884642,
      "median_return": 0.008,
      "compound_return": 0.08553244781024305,
      "max_drawdown": -0.10271652944174547,
      "profit_factor": 1.1066997501175504,
      "windows": 10
    },
    {
      "entry_policy": "all_days",
      "feature_group": "all_no_ak",
      "model_name": "xgb_d4_500_lr002_mcw5",
      "target_hit_bps": 80.0,
      "trades": 206,
      "win_rate": 0.6893203883495146,
      "avg_return": 0.0004100912911047639,
      "median_return": 0.008,
      "compound_return": 0.06671794544401699,
      "max_drawdown": -0.14766393309961656,
      "profit_factor": 1.0845926858939297,
      "windows": 10
    },
    {
      "entry_policy": "all_days",
      "feature_group": "reversal_fundamental_regime",
      "model_name": "xgb_d3_400_lr003_mcw3",
      "target_hit_bps": 80.0,
      "trades": 201,
      "win_rate": 0.6716417910447762,
      "avg_return": 0.0004060737222466379,
      "median_return": 0.008,
      "compound_return": 0.06642853055368447,
      "max_drawdown": -0.1706158314127485,
      "profit_factor": 1.0844996018365156,
      "windows": 10
    },
    {
      "entry_policy": "all_days",
      "feature_group": "all_no_ak",
      "model_name": "xgb_d3_400_lr003_mcw3",
      "target_hit_bps": 80.0,
      "trades": 162,
      "win_rate": 0.691358024691358,
      "avg_return": 0.0004214231398496586,
      "median_return": 0.008,
      "compound_return": 0.05523358035117898,
      "max_drawdown": -0.17549718742532616,
      "profit_factor": 1.0875202333254226,
      "windows": 10
    },
    {
      "entry_policy": "all_days",
      "feature_group": "reversal_fundamental_regime",
      "model_name": "xgb_d4_500_lr002_mcw5",
      "target_hit_bps": 80.0,
      "trades": 168,
      "win_rate": 0.6666666666666666,
      "avg_return": 0.00038287541569800274,
      "median_return": 0.008,
      "compound_return": 0.0512628235350141,
      "max_drawdown": -0.16050501910503634,
      "profit_factor": 1.0800820035758534,
      "windows": 10
    },
    {
      "entry_policy": "all_days",
      "feature_group": "reversal_fundamental_regime",
      "model_name": "lgbm_leaves15_700",
      "target_hit_bps": 80.0,
      "trades": 192,
      "win_rate": 0.6510416666666666,
      "avg_return": 0.00028080366783495865,
      "median_return": 0.008,
      "compound_return": 0.03956100751160552,
      "max_drawdown": -0.16122003581492428,
      "profit_factor": 1.0597199972340152,
      "windows": 10
    },
    {
      "entry_policy": "all_days",
      "feature_group": "reversal_fundamental_regime",
      "model_name": "xgb_d2_200_lr003_mcw5",
      "target_hit_bps": 80.0,
      "trades": 203,
      "win_rate": 0.6896551724137931,
      "avg_return": 0.0002152428992519449,
      "median_return": 0.008,
      "compound_return": 0.023262931879677096,
      "max_drawdown": -0.1502589019455165,
      "profit_factor": 1.0422445348178724,
      "windows": 10
    },
    {
      "entry_policy": "all_days",
      "feature_group": "all_no_ak",
      "model_name": "random_forest_600_d4",
      "target_hit_bps": 80.0,
      "trades": 157,
      "win_rate": 0.6815286624203821,
      "avg_return": 0.000228322511976652,
      "median_return": 0.008,
      "compound_return": 0.021653718850909165,
      "max_drawdown": -0.1319605708893965,
      "profit_factor": 1.0456727180687444,
      "windows": 10
    },
    {
      "entry_policy": "all_days",
      "feature_group": "reversal_fundamental_regime_sector",
      "model_name": "extra_trees_600_d3",
      "target_hit_bps": 80.0,
      "trades": 177,
      "win_rate": 0.6384180790960452,
      "avg_return": -0.00028051922823998633,
      "median_return": 0.008,
      "compound_return": -0.061550588893894975,
      "max_drawdown": -0.12553167962636935,
      "profit_factor": 0.9460260929457666,
      "windows": 10
    },
    {
      "entry_policy": "all_days",
      "feature_group": "reversal_fundamental_regime_sector_external",
      "model_name": "extra_trees_600_d3",
      "target_hit_bps": 80.0,
      "trades": 177,
      "win_rate": 0.6384180790960452,
      "avg_return": -0.00028051922823998633,
      "median_return": 0.008,
      "compound_return": -0.061550588893894975,
      "max_drawdown": -0.12553167962636935,
      "profit_factor": 0.9460260929457666,
      "windows": 10
    },
    {
      "entry_policy": "all_days",
      "feature_group": "reversal_fundamental_regime_sector",
      "model_name": "lgbm_leaves7_400",
      "target_hit_bps": 80.0,
      "trades": 153,
      "win_rate": 0.6339869281045751,
      "avg_return": -0.00047334956751431096,
      "median_return": 0.008,
      "compound_return": -0.0827703771080266,
      "max_drawdown": -0.22189322536177325,
      "profit_factor": 0.9107090438502141,
      "windows": 10
    },
    {
      "entry_policy": "all_days",
      "feature_group": "reversal_fundamental_regime_sector_external",
      "model_name": "lgbm_leaves7_400",
      "target_hit_bps": 80.0,
      "trades": 153,
      "win_rate": 0.6339869281045751,
      "avg_return": -0.00047334956751431096,
      "median_return": 0.008,
      "compound_return": -0.0827703771080266,
      "max_drawdown": -0.22189322536177325,
      "profit_factor": 0.9107090438502141,
      "windows": 10
    },
    {
      "entry_policy": "all_days",
      "feature_group": "all_no_ak",
      "model_name": "xgb_d2_200_lr003_mcw5",
      "target_hit_bps": 80.0,
      "trades": 142,
      "win_rate": 0.6690140845070423,
      "avg_return": -0.000608294769129493,
      "median_return": 0.008,
      "compound_return": -0.0983397307541315,
      "max_drawdown": -0.17609803312686623,
      "profit_factor": 0.8936669249774658,
      "windows": 10
    },
    {
      "entry_policy": "all_days",
      "feature_group": "reversal_fundamental_regime_sector",
      "model_name": "xgb_d4_500_lr002_mcw5",
      "target_hit_bps": 80.0,
      "trades": 194,
      "win_rate": 0.6597938144329897,
      "avg_return": -0.0004727376608280717,
      "median_return": 0.008,
      "compound_return": -0.10697394244117531,
      "max_drawdown": -0.28394217916847875,
      "profit_factor": 0.9152769037660019,
      "windows": 10
    },
    {
      "entry_policy": "all_days",
      "feature_group": "reversal_fundamental_regime_sector_external",
      "model_name": "xgb_d4_500_lr002_mcw5",
      "target_hit_bps": 80.0,
      "trades": 194,
      "win_rate": 0.6597938144329897,
      "avg_return": -0.0004727376608280717,
      "median_return": 0.008,
      "compound_return": -0.10697394244117531,
      "max_drawdown": -0.28394217916847875,
      "profit_factor": 0.9152769037660019,
      "windows": 10
    },
    {
      "entry_policy": "all_days",
      "feature_group": "all_no_ak",
      "model_name": "xgb_d3_600_lr002_mcw3",
      "target_hit_bps": 80.0,
      "trades": 178,
      "win_rate": 0.6348314606741573,
      "avg_return": -0.0005501973531116451,
      "median_return": 0.008,
      "compound_return": -0.10817391233820983,
      "max_drawdown": -0.2357974189291666,
      "profit_factor": 0.8978809282426637,
      "windows": 10
    },
    {
      "entry_policy": "all_days",
      "feature_group": "reversal_fundamental_regime",
      "model_name": "xgb_d3_600_lr002_mcw3",
      "target_hit_bps": 80.0,
      "trades": 216,
      "win_rate": 0.6342592592592593,
      "avg_return": -0.0005448338201345173,
      "median_return": 0.008,
      "compound_return": -0.1283942888936136,
      "max_drawdown": -0.2013696076333018,
      "profit_factor": 0.8997240635397562,
      "windows": 10
    }
  ]
}

[2026-05-16T21:02:39] RUN search_all_days_close_profit_50bps
  /usr/bin/python3 model_training/search_walk_forward_model_complexity.py --samples /root/stock_realtime_v021_full/saved_data/601336_pipeline_out_v2_new27_full/03_sector/training_samples_with_sector.csv --intraday-bars /root/stock_realtime_v021_full/saved_data/601336_pipeline_out_v2_new27_full/00_base/601336_5m.csv --out-dir /root/stock_realtime_v021_full/saved_data/601336_pipeline_out_v2_new27_full/10_search/search_all_days_close_profit_50bps --round-trip-cost-bps 1.7 --target-hit-bps 50.0 --label-mode close_profit --entry-policy all_days --entry-vwap-premium-bps 50.0 --max-missing 0.35 --groups reversal_fundamental_regime,reversal_fundamental_regime_sector,reversal_fundamental_regime_sector_external,all_no_ak --models xgb_d2_200_lr003_mcw5,xgb_d3_400_lr003_mcw3,xgb_d3_600_lr002_mcw3,xgb_d4_500_lr002_mcw5,lgbm_leaves7_400,lgbm_leaves15_700,extra_trees_600_d3,random_forest_600_d4 --quantiles 0.5,0.6,0.7,0.8 --train-rows 756 --valid-rows 126 --test-rows 63 --min-valid-trades 8 --min-train-entries 80
{
  "rows": 1539,
  "target_hit_bps": 50.0,
  "label_mode": "close_profit",
  "entry_policy": "all_days",
  "entry_vwap_premium_bps": 50.0,
  "groups": {
    "reversal_fundamental_regime": 112,
    "reversal_fundamental_regime_sector": 135,
    "reversal_fundamental_regime_sector_external": 135,
    "all_no_ak": 190
  },
  "models": [
    "xgb_d2_200_lr003_mcw5",
    "xgb_d3_400_lr003_mcw3",
    "xgb_d3_600_lr002_mcw3",
    "xgb_d4_500_lr002_mcw5",
    "extra_trees_600_d3",
    "random_forest_600_d4",
    "lgbm_leaves7_400",
    "lgbm_leaves15_700"
  ],
  "top": [
    {
      "entry_policy": "all_days",
      "feature_group": "reversal_fundamental_regime",
      "model_name": "lgbm_leaves15_700",
      "target_hit_bps": 50.0,
      "trades": 192,
      "win_rate": 0.484375,
      "avg_return": 0.0032598399442841943,
      "median_return": -0.0008495787396920439,
      "compound_return": 0.7759106194832959,
      "max_drawdown": -0.2308871734602611,
      "profit_factor": 1.5312882780410244,
      "windows": 10
    },
    {
      "entry_policy": "all_days",
      "feature_group": "reversal_fundamental_regime",
      "model_name": "xgb_d3_400_lr003_mcw3",
      "target_hit_bps": 50.0,
      "trades": 203,
      "win_rate": 0.49261083743842365,
      "avg_return": 0.0028769786885297207,
      "median_return": -0.00016999999999999999,
      "compound_return": 0.7146132187481469,
      "max_drawdown": -0.13889483670803804,
      "profit_factor": 1.4954748601088088,
      "windows": 10
    },
    {
      "entry_policy": "all_days",
      "feature_group": "reversal_fundamental_regime_sector",
      "model_name": "xgb_d3_400_lr003_mcw3",
      "target_hit_bps": 50.0,
      "trades": 137,
      "win_rate": 0.5036496350364964,
      "avg_return": 0.0036079797371689247,
      "median_return": 0.0001346458492004245,
      "compound_return": 0.5947049364682209,
      "max_drawdown": -0.1761511465492993,
      "profit_factor": 1.7643175572209118,
      "windows": 10
    },
    {
      "entry_policy": "all_days",
      "feature_group": "reversal_fundamental_regime_sector_external",
      "model_name": "xgb_d3_400_lr003_mcw3",
      "target_hit_bps": 50.0,
      "trades": 137,
      "win_rate": 0.5036496350364964,
      "avg_return": 0.0036079797371689247,
      "median_return": 0.0001346458492004245,
      "compound_return": 0.5947049364682209,
      "max_drawdown": -0.1761511465492993,
      "profit_factor": 1.7643175572209118,
      "windows": 10
    },
    {
      "entry_policy": "all_days",
      "feature_group": "reversal_fundamental_regime_sector",
      "model_name": "xgb_d3_600_lr002_mcw3",
      "target_hit_bps": 50.0,
      "trades": 145,
      "win_rate": 0.5103448275862069,
      "avg_return": 0.0031017011931445764,
      "median_return": 0.00036633681952258704,
      "compound_return": 0.5263907562372079,
      "max_drawdown": -0.13308878810440938,
      "profit_factor": 1.6147015484552398,
      "windows": 10
    },
    {
      "entry_policy": "all_days",
      "feature_group": "reversal_fundamental_regime_sector_external",
      "model_name": "xgb_d3_600_lr002_mcw3",
      "target_hit_bps": 50.0,
      "trades": 145,
      "win_rate": 0.5103448275862069,
      "avg_return": 0.0031017011931445764,
      "median_return": 0.00036633681952258704,
      "compound_return": 0.5263907562372079,
      "max_drawdown": -0.13308878810440938,
      "profit_factor": 1.6147015484552398,
      "windows": 10
    },
    {
      "entry_policy": "all_days",
      "feature_group": "all_no_ak",
      "model_name": "xgb_d3_400_lr003_mcw3",
      "target_hit_bps": 50.0,
      "trades": 135,
      "win_rate": 0.5259259259259259,
      "avg_return": 0.0029233579105263393,
      "median_return": 0.000829400359784186,
      "compound_return": 0.44347282670952204,
      "max_drawdown": -0.13641608825206164,
      "profit_factor": 1.5570175465842004,
      "windows": 10
    },
    {
      "entry_policy": "all_days",
      "feature_group": "reversal_fundamental_regime",
      "model_name": "xgb_d3_600_lr002_mcw3",
      "target_hit_bps": 50.0,
      "trades": 179,
      "win_rate": 0.4860335195530726,
      "avg_return": 0.0021746756645212003,
      "median_return": -0.00016999999999999999,
      "compound_return": 0.41371469290996266,
      "max_drawdown": -0.18341161139401418,
      "profit_factor": 1.352572110898976,
      "windows": 10
    },
    {
      "entry_policy": "all_days",
      "feature_group": "reversal_fundamental_regime",
      "model_name": "xgb_d4_500_lr002_mcw5",
      "target_hit_bps": 50.0,
      "trades": 202,
      "win_rate": 0.4752475247524752,
      "avg_return": 0.0018956036130498711,
      "median_return": -0.0009307802475240178,
      "compound_return": 0.39997133625095116,
      "max_drawdown": -0.27426632066339607,
      "profit_factor": 1.2987318939615533,
      "windows": 10
    },
    {
      "entry_policy": "all_days",
      "feature_group": "reversal_fundamental_regime",
      "model_name": "lgbm_leaves7_400",
      "target_hit_bps": 50.0,
      "trades": 170,
      "win_rate": 0.47058823529411764,
      "avg_return": 0.0021864448451132112,
      "median_return": -0.0007866412724580295,
      "compound_return": 0.39049911975549234,
      "max_drawdown": -0.19226705185398962,
      "profit_factor": 1.3401527533098547,
      "windows": 10
    },
    {
      "entry_policy": "all_days",
      "feature_group": "reversal_fundamental_regime_sector",
      "model_name": "lgbm_leaves15_700",
      "target_hit_bps": 50.0,
      "trades": 147,
      "win_rate": 0.48299319727891155,
      "avg_return": 0.0021476044347111317,
      "median_return": -0.00016999999999999999,
      "compound_return": 0.33527811428724763,
      "max_drawdown": -0.10379311824734316,
      "profit_factor": 1.4071181934064425,
      "windows": 10
    },
    {
      "entry_policy": "all_days",
      "feature_group": "reversal_fundamental_regime_sector_external",
      "model_name": "lgbm_leaves15_700",
      "target_hit_bps": 50.0,
      "trades": 147,
      "win_rate": 0.48299319727891155,
      "avg_return": 0.0021476044347111317,
      "median_return": -0.00016999999999999999,
      "compound_return": 0.33527811428724763,
      "max_drawdown": -0.10379311824734316,
      "profit_factor": 1.4071181934064425,
      "windows": 10
    },
    {
      "entry_policy": "all_days",
      "feature_group": "reversal_fundamental_regime_sector",
      "model_name": "xgb_d2_200_lr003_mcw5",
      "target_hit_bps": 50.0,
      "trades": 181,
      "win_rate": 0.46408839779005523,
      "avg_return": 0.001728789918766751,
      "median_return": -0.0010117508417508657,
      "compound_return": 0.319627229716795,
      "max_drawdown": -0.1510155170048364,
      "profit_factor": 1.2854415116847424,
      "windows": 10
    },
    {
      "entry_policy": "all_days",
      "feature_group": "reversal_fundamental_regime_sector_external",
      "model_name": "xgb_d2_200_lr003_mcw5",
      "target_hit_bps": 50.0,
      "trades": 181,
      "win_rate": 0.46408839779005523,
      "avg_return": 0.001728789918766751,
      "median_return": -0.0010117508417508657,
      "compound_return": 0.319627229716795,
      "max_drawdown": -0.1510155170048364,
      "profit_factor": 1.2854415116847424,
      "windows": 10
    },
    {
      "entry_policy": "all_days",
      "feature_group": "reversal_fundamental_regime_sector",
      "model_name": "xgb_d4_500_lr002_mcw5",
      "target_hit_bps": 50.0,
      "trades": 155,
      "win_rate": 0.49032258064516127,
      "avg_return": 0.0017248858975409968,
      "median_return": -0.00016999999999999999,
      "compound_return": 0.2708086982795943,
      "max_drawdown": -0.18093046789320577,
      "profit_factor": 1.2965596886489064,
      "windows": 10
    },
    {
      "entry_policy": "all_days",
      "feature_group": "reversal_fundamental_regime_sector_external",
      "model_name": "xgb_d4_500_lr002_mcw5",
      "target_hit_bps": 50.0,
      "trades": 155,
      "win_rate": 0.49032258064516127,
      "avg_return": 0.0017248858975409968,
      "median_return": -0.00016999999999999999,
      "compound_return": 0.2708086982795943,
      "max_drawdown": -0.18093046789320577,
      "profit_factor": 1.2965596886489064,
      "windows": 10
    },
    {
      "entry_policy": "all_days",
      "feature_group": "all_no_ak",
      "model_name": "xgb_d3_600_lr002_mcw3",
      "target_hit_bps": 50.0,
      "trades": 141,
      "win_rate": 0.475177304964539,
      "avg_return": 0.0015276642904751632,
      "median_return": -0.0010916589861750224,
      "compound_return": 0.1997715234838775,
      "max_drawdown": -0.23127373664343354,
      "profit_factor": 1.2301250749779526,
      "windows": 10
    },
    {
      "entry_policy": "all_days",
      "feature_group": "reversal_fundamental_regime",
      "model_name": "extra_trees_600_d3",
      "target_hit_bps": 50.0,
      "trades": 109,
      "win_rate": 0.5137614678899083,
      "avg_return": 0.0012458457545728129,
      "median_return": 0.00036633681952258704,
      "compound_return": 0.12021488533260061,
      "max_drawdown": -0.15004697288443247,
      "profit_factor": 1.2059351815618875,
      "windows": 10
    },
    {
      "entry_policy": "all_days",
      "feature_group": "all_no_ak",
      "model_name": "lgbm_leaves7_400",
      "target_hit_bps": 50.0,
      "trades": 122,
      "win_rate": 0.47540983606557374,
      "avg_return": 0.0010686758867020643,
      "median_return": -0.0007866412724580295,
      "compound_return": 0.10533713903534347,
      "max_drawdown": -0.23483933841579785,
      "profit_factor": 1.1574157674973435,
      "windows": 10
    },
    {
      "entry_policy": "all_days",
      "feature_group": "reversal_fundamental_regime_sector",
      "model_name": "extra_trees_600_d3",
      "target_hit_bps": 50.0,
      "trades": 129,
      "win_rate": 0.4728682170542636,
      "avg_return": 0.0009243051879731318,
      "median_return": -0.00048162355874103654,
      "compound_return": 0.10464445460835803,
      "max_drawdown": -0.12722273368036674,
      "profit_factor": 1.1626963420929943,
      "windows": 10
    }
  ]
}

[2026-05-16T21:12:17] RUN summarize
  /usr/bin/python3 model_training/summarize_nextday_search_results.py --pipeline-out /root/stock_realtime_v021_full/saved_data/601336_pipeline_out_v2_new27_full --out-dir /root/stock_realtime_v021_full/saved_data/601336_pipeline_out_v2_new27_full/99_summary --excel
{
  "rows": 192,
  "outputs": {
    "final_leaderboard": "/root/stock_realtime_v021_full/saved_data/601336_pipeline_out_v2_new27_full/99_summary/final_leaderboard.csv",
    "best_by_target_top5": "/root/stock_realtime_v021_full/saved_data/601336_pipeline_out_v2_new27_full/99_summary/best_by_target_top5.csv",
    "best_by_entry_policy_top5": "/root/stock_realtime_v021_full/saved_data/601336_pipeline_out_v2_new27_full/99_summary/best_by_entry_policy_top5.csv",
    "excel": "/root/stock_realtime_v021_full/saved_data/601336_pipeline_out_v2_new27_full/99_summary/final_leaderboard.xlsx",
    "summary_manifest": "/root/stock_realtime_v021_full/saved_data/601336_pipeline_out_v2_new27_full/99_summary/summary_manifest.json"
  }
}
=== nextday pipeline end: 2026-05-16T21:12:18 status=ok ===
