=== nextday pipeline start: 2026-05-17T10:58:45 ===
symbol=601991.SH, out_root=/root/stock_realtime_v021_full/saved_data/601991_pipeline_out_v2_new27_full

[2026-05-17T10:58:45] RUN update_data
  /usr/bin/python3 bootstrap/ashare_xgb_dual_opportunity_regression_baostock_full_v19_compressed_trading_axis.py --mode update_data --symbol 601991 --benchmark_symbol 000300 --daily_start 2018-01-01 --daily_end 2026-05-15 --intraday_start '2018-01-01 09:30:00' --intraday_end '2026-05-15 15:00:00' --output_dir /root/stock_realtime_v021_full/saved_data/601991_pipeline_out_v2_new27_full/00_base --cache_mode incremental --feature_cache_mode incremental --adjust qfq
/root/stock_realtime_v021_full/bootstrap/ashare_fetch_and_train_xgb_sell_signal_baostock_state_cache_helper_fix2.py:246: FutureWarning: The behavior of DataFrame concatenation with empty or all-NA entries is deprecated. In a future version, this will no longer exclude empty or all-NA columns when determining the result dtypes. To retain the old behavior, exclude the relevant entries before the concat operation.
  merged = _normalize_daily_df(pd.concat([df_old, df_new], axis=0, ignore_index=True))
/root/stock_realtime_v021_full/bootstrap/ashare_fetch_and_train_xgb_sell_signal_baostock_state_cache_helper_fix2.py:248: FutureWarning: The behavior of DataFrame concatenation with empty or all-NA entries is deprecated. In a future version, this will no longer exclude empty or all-NA columns when determining the result dtypes. To retain the old behavior, exclude the relevant entries before the concat operation.
  merged = _normalize_intraday_df(pd.concat([df_old, df_new], axis=0, ignore_index=True))
/root/stock_realtime_v021_full/bootstrap/ashare_fetch_and_train_xgb_sell_signal_baostock_state_cache_helper_fix2.py:254: FutureWarning: The behavior of DataFrame concatenation with empty or all-NA entries is deprecated. In a future version, this will no longer exclude empty or all-NA columns when determining the result dtypes. To retain the old behavior, exclude the relevant entries before the concat operation.
  merged = _normalize_bench_df(pd.concat([df_old, df_new], axis=0, ignore_index=True))
/root/stock_realtime_v021_full/bootstrap/ashare_fetch_and_train_xgb_sell_signal_baostock_state_cache_helper_fix2.py:250: FutureWarning: The behavior of DataFrame concatenation with empty or all-NA entries is deprecated. In a future version, this will no longer exclude empty or all-NA columns when determining the result dtypes. To retain the old behavior, exclude the relevant entries before the concat operation.
  merged = _normalize_daily_feature_df(pd.concat([df_old, df_new], axis=0, ignore_index=True))
/root/stock_realtime_v021_full/bootstrap/ashare_fetch_and_train_xgb_sell_signal_baostock_state_cache_helper_fix2.py:252: FutureWarning: The behavior of DataFrame concatenation with empty or all-NA entries is deprecated. In a future version, this will no longer exclude empty or all-NA columns when determining the result dtypes. To retain the old behavior, exclude the relevant entries before the concat operation.
  merged = _normalize_intraday_feature_df(pd.concat([df_old, df_new], axis=0, ignore_index=True))
login success!
logout success!
login success!
logout success!
login success!
logout success!
{
  "mode": "update_data",
  "symbol": "601991",
  "data_source": "baostock",
  "daily_rows": 2027,
  "intraday_rows": 73920,
  "daily_min": "2018-01-02 00:00:00",
  "daily_max": "2026-05-15 00:00:00",
  "intraday_min": "2020-01-02 09:35:00",
  "intraday_max": "2026-05-15 15:00:00",
  "base_paths": {
    "daily_csv": "/root/stock_realtime_v021_full/saved_data/601991_pipeline_out_v2_new27_full/00_base/601991_daily.csv",
    "intraday_csv": "/root/stock_realtime_v021_full/saved_data/601991_pipeline_out_v2_new27_full/00_base/601991_5m.csv",
    "benchmark_csv": "/root/stock_realtime_v021_full/saved_data/601991_pipeline_out_v2_new27_full/00_base/000300_benchmark_daily.csv",
    "raw_daily_cache_csv": "/root/stock_realtime_v021_full/saved_data/601991_pipeline_out_v2_new27_full/00_base/raw_cache/601991_daily_raw.csv",
    "raw_intraday_cache_csv": "/root/stock_realtime_v021_full/saved_data/601991_pipeline_out_v2_new27_full/00_base/raw_cache/601991_5m_raw.csv",
    "raw_benchmark_cache_csv": "/root/stock_realtime_v021_full/saved_data/601991_pipeline_out_v2_new27_full/00_base/raw_cache/000300_benchmark_daily_raw.csv",
    "daily_features_csv": "/root/stock_realtime_v021_full/saved_data/601991_pipeline_out_v2_new27_full/00_base/daily_features.csv",
    "intraday_features_csv": "/root/stock_realtime_v021_full/saved_data/601991_pipeline_out_v2_new27_full/00_base/intraday_features.csv",
    "daily_features_cache_csv": "/root/stock_realtime_v021_full/saved_data/601991_pipeline_out_v2_new27_full/00_base/feature_cache/daily_features_cache.csv",
    "intraday_features_cache_csv": "/root/stock_realtime_v021_full/saved_data/601991_pipeline_out_v2_new27_full/00_base/feature_cache/intraday_features_cache.csv",
    "feature_state_json": "/root/stock_realtime_v021_full/saved_data/601991_pipeline_out_v2_new27_full/00_base/feature_cache/feature_state.json"
  },
  "fetch_logs": {
    "symbol": "601991",
    "benchmark_symbol": "000300",
    "daily_start": "2018-01-01",
    "daily_end": "2026-05-15",
    "intraday_start": "2018-01-01 09:30:00",
    "intraday_end": "2026-05-15 15:00:00",
    "perf_start": "2018-01-01",
    "data_source": "baostock",
    "cache_mode": "incremental",
    "force_refresh": false,
    "raw_cache_dir": "/root/stock_realtime_v021_full/saved_data/601991_pipeline_out_v2_new27_full/00_base/raw_cache",
    "feature_cache_dir": "/root/stock_realtime_v021_full/saved_data/601991_pipeline_out_v2_new27_full/00_base/feature_cache",
    "feature_cache_mode": "incremental",
    "daily": {
      "cache_path": "/root/stock_realtime_v021_full/saved_data/601991_pipeline_out_v2_new27_full/00_base/raw_cache/601991_daily_raw.csv",
      "requested_start": "2018-01-01",
      "requested_end": "2026-05-15",
      "mode": "initial_fetch",
      "fetch_segments": [
        {
          "provider": "baostock",
          "code": "sh.601991",
          "adjustflag": "2",
          "rows": 2027,
          "start": "2018-01-01",
          "end": "2026-05-15"
        }
      ],
      "cache_after": {
        "rows": 2027,
        "min": "2018-01-02 00:00:00",
        "max": "2026-05-15 00:00:00"
      }
    },
    "intraday_5m": {
      "cache_path": "/root/stock_realtime_v021_full/saved_data/601991_pipeline_out_v2_new27_full/00_base/raw_cache/601991_5m_raw.csv",
      "requested_start": "2018-01-01 09:30:00",
      "requested_end": "2026-05-15 15:00:00",
      "mode": "initial_fetch",
      "fetch_segments": [
        {
          "provider": "baostock",
          "code": "sh.601991",
          "adjustflag": "2",
          "requested_start": "2018-01-01 09:30:00",
          "effective_start": "2018-01-01 09:30:00",
          "requested_end": "2026-05-15 15:00:00",
          "rows": 73920
        }
      ],
      "cache_after": {
        "rows": 73920,
        "min": "2020-01-02 09:35:00",
        "max": "2026-05-15 15:00:00"
      }
    },
    "benchmark_daily": {
      "cache_path": "/root/stock_realtime_v021_full/saved_data/601991_pipeline_out_v2_new27_full/00_base/raw_cache/000300_benchmark_daily_raw.csv",
      "requested_start": "2018-01-01",
      "requested_end": "2026-05-15",
      "mode": "initial_fetch",
      "fetch_segments": [
        {
          "provider": "baostock",
          "code": "sh.000300",
          "rows": 2027,
          "start": "2018-01-01",
          "end": "2026-05-15"
        }
      ],
      "cache_after": {
        "rows": 2027,
        "min": "2018-01-02 00:00:00",
        "max": "2026-05-15 00:00:00"
      }
    },
    "feature_build": {
      "mode": "full_rebuild",
      "reason": "feature_cache_missing",
      "daily_cache_after": {
        "rows": 2027,
        "min": "2018-01-02 00:00:00",
        "max": "2026-05-15 00:00:00"
      },
      "intraday_cache_after": {
        "rows": 73920,
        "min": "2020-01-02 09:35:00",
        "max": "2026-05-15 15:00:00"
      },
      "daily_context_days": 260,
      "intraday_context_days": 40,
      "daily_appended_rows": 2027,
      "intraday_appended_rows": 73920
    },
    "feature_state": {
      "daily_feature_max": "2026-05-15 00:00:00",
      "intraday_feature_max": "2026-05-15 15:00:00",
      "daily_context_days": 260,
      "intraday_context_days": 40,
      "feature_build_mode": "full_rebuild"
    }
  }
}

[2026-05-17T11:01:47] RUN samples
  /usr/bin/python3 feature_building/build_nextday_samples_from_baostock.py --daily-features /root/stock_realtime_v021_full/saved_data/601991_pipeline_out_v2_new27_full/00_base/daily_features.csv --intraday-bars /root/stock_realtime_v021_full/saved_data/601991_pipeline_out_v2_new27_full/00_base/601991_5m.csv --out-dir /root/stock_realtime_v021_full/saved_data/601991_pipeline_out_v2_new27_full/01_samples --min-bars 40 --keep-unlabeled-tail
{
  "rows": 1540,
  "date_min": "2020-01-02",
  "date_max": "2026-05-15",
  "out": "/root/stock_realtime_v021_full/saved_data/601991_pipeline_out_v2_new27_full/01_samples/training_samples.csv"
}

[2026-05-17T11:01:48] RUN fundamental
  /usr/bin/python3 feature_building/build_fundamental_features.py --symbol 601991.SH --daily-samples /root/stock_realtime_v021_full/saved_data/601991_pipeline_out_v2_new27_full/01_samples/training_samples.csv --out-dir /root/stock_realtime_v021_full/saved_data/601991_pipeline_out_v2_new27_full/02_fundamental --start-date 2018-01-01 --end-date 2026-05-15 --fallback-lag-days 120
login success!
logout success!
{
  "rows": 1540,
  "date_min": "2020-01-02",
  "date_max": "2026-05-15",
  "source_errors": [],
  "top_missing_rates": {
    "ak_fund_小单净流入-净额_sum10": 0.9246753246753247,
    "ak_fund_主力净流入-净额_sum10": 0.9246753246753247,
    "ak_fund_主力净流入-净占比_sum10": 0.9246753246753247,
    "ak_fund_涨跌幅_sum10": 0.9246753246753247,
    "ak_fund_收盘价_sum10": 0.9246753246753247,
    "ak_fund_中单净流入-净额_sum10": 0.9246753246753247,
    "ak_fund_中单净流入-净占比_sum10": 0.9246753246753247,
    "ak_fund_小单净流入-净占比_sum10": 0.9246753246753247,
    "ak_fund_超大单净流入-净额_sum10": 0.9246753246753247,
    "ak_fund_大单净流入-净额_sum10": 0.9246753246753247,
    "ak_fund_大单净流入-净占比_sum10": 0.9246753246753247,
    "ak_fund_超大单净流入-净占比_sum10": 0.9246753246753247,
    "ak_fund_涨跌幅_sum5": 0.9233766233766234,
    "ak_fund_主力净流入-净占比_sum5": 0.9233766233766234,
    "ak_fund_主力净流入-净额_sum5": 0.9233766233766234,
    "ak_fund_收盘价_sum5": 0.9233766233766234,
    "ak_fund_超大单净流入-净占比_sum5": 0.9233766233766234,
    "ak_fund_中单净流入-净占比_sum5": 0.9233766233766234,
    "ak_fund_中单净流入-净额_sum5": 0.9233766233766234,
    "ak_fund_小单净流入-净额_sum5": 0.9233766233766234,
    "ak_fund_小单净流入-净占比_sum5": 0.9233766233766234,
    "ak_fund_大单净流入-净占比_sum5": 0.9233766233766234,
    "ak_fund_大单净流入-净额_sum5": 0.9233766233766234,
    "ak_fund_超大单净流入-净额_sum5": 0.9233766233766234,
    "ak_fund_大单净流入-净额": 0.922077922077922,
    "ak_fund_超大单净流入-净占比": 0.922077922077922,
    "ak_fund_超大单净流入-净额": 0.922077922077922,
    "ak_fund_收盘价": 0.922077922077922,
    "ak_fund_涨跌幅": 0.922077922077922,
    "ak_fund_中单净流入-净额": 0.922077922077922
  },
  "valuation_non_null": {
    "peTTM": 1540,
    "pbMRQ": 1540,
    "psTTM": 1540,
    "pcfNcfTTM": 1540
  },
  "future_effective_date_violations": 0,
  "rows_with_quarterly": 1540,
  "sample_rows": 1540,
  "quarterly_raw_rows": 37,
  "quarterly_used_pubDate_rows": 37,
  "quarterly_fallback_rows": 0,
  "elapsed_seconds": 21.885,
  "symbol": "601991",
  "baostock_code": "sh.601991",
  "valuation_rows": 2027,
  "fund_flow_rows": 120,
  "feature_columns": 125,
  "merged_columns": 194,
  "outputs": {
    "daily_valuation": "/root/stock_realtime_v021_full/saved_data/601991_pipeline_out_v2_new27_full/02_fundamental/baostock_daily_valuation.csv",
    "quarterly_fundamentals": "/root/stock_realtime_v021_full/saved_data/601991_pipeline_out_v2_new27_full/02_fundamental/baostock_quarterly_fundamentals_pit.csv",
    "fundamental_features": "/root/stock_realtime_v021_full/saved_data/601991_pipeline_out_v2_new27_full/02_fundamental/fundamental_features.csv",
    "merged_samples": "/root/stock_realtime_v021_full/saved_data/601991_pipeline_out_v2_new27_full/02_fundamental/training_samples_with_fundamentals.csv"
  }
}

[2026-05-17T11:02:11] RUN sector
  /usr/bin/python3 feature_building/build_sector_features.py --samples /root/stock_realtime_v021_full/saved_data/601991_pipeline_out_v2_new27_full/02_fundamental/training_samples_with_fundamentals.csv --out-dir /root/stock_realtime_v021_full/saved_data/601991_pipeline_out_v2_new27_full/03_sector --sector-symbol '电力' --start-date 2018-01-01 --end-date 2026-05-15

  0%|          | 0/9 [00:00<?, ?it/s]
 11%|█         | 1/9 [00:00<00:03,  2.34it/s]
 22%|██▏       | 2/9 [00:00<00:02,  3.24it/s]
 33%|███▎      | 3/9 [00:00<00:01,  3.84it/s]
 44%|████▍     | 4/9 [00:01<00:01,  4.05it/s]
 56%|█████▌    | 5/9 [00:01<00:00,  4.03it/s]
 67%|██████▋   | 6/9 [00:01<00:00,  4.13it/s]
 78%|███████▊  | 7/9 [00:01<00:00,  4.28it/s]
 89%|████████▉ | 8/9 [00:02<00:00,  4.22it/s]
100%|██████████| 9/9 [00:02<00:00,  4.54it/s]
                                             
{
  "sector_symbol": "电力",
  "sector_rows": 2027,
  "sector_date_min": "2018-01-02",
  "sector_date_max": "2026-05-15",
  "sample_rows": 1540,
  "merged_rows": 1540,
  "sector_feature_cols": 23,
  "top_missing": {
    "sector_ret60": 0.03896103896103896,
    "sector_ma60_gap": 0.01948051948051948,
    "stock_vs_sector_ret20": 0.012987012987012988,
    "sector_ret20": 0.012987012987012988,
    "sector_vol20": 0.007142857142857143,
    "sector_ma20_gap": 0.006493506493506494,
    "sector_range_z20": 0.006493506493506494,
    "sector_volume_shock20": 0.006493506493506494,
    "sector_amount_z20": 0.006493506493506494,
    "sector_volume_z20": 0.006493506493506494,
    "sector_amount_shock20": 0.006493506493506494,
    "sector_ret5": 0.003246753246753247,
    "stock_vs_sector_ret5": 0.003246753246753247,
    "sector_vs_bench_ret5": 0.003246753246753247,
    "stock_vs_sector_ret1": 0.0006493506493506494,
    "sector_ret1": 0.0006493506493506494,
    "sector_amount": 0.0,
    "sector_volume": 0.0,
    "sector_close": 0.0,
    "sector_low": 0.0
  },
  "outputs": {
    "sector_index": "/root/stock_realtime_v021_full/saved_data/601991_pipeline_out_v2_new27_full/03_sector/sector_index_ths.csv",
    "sector_features": "/root/stock_realtime_v021_full/saved_data/601991_pipeline_out_v2_new27_full/03_sector/sector_features.csv",
    "merged_samples": "/root/stock_realtime_v021_full/saved_data/601991_pipeline_out_v2_new27_full/03_sector/training_samples_with_sector.csv"
  }
}

[2026-05-17T11:02:15] RUN external_power_utility_rate
  /usr/bin/python3 feature_building/build_stock_external_features.py --samples /root/stock_realtime_v021_full/saved_data/601991_pipeline_out_v2_new27_full/03_sector/training_samples_with_sector.csv --out-dir /root/stock_realtime_v021_full/saved_data/601991_pipeline_out_v2_new27_full/04_external/power_utility_rate --profile power_utility_rate --target-symbol 601991.SH --start-date 2018-01-01 --end-date 2026-05-15 --adjust qfq --domestic-lag-days 0 --future-lag-days 1 --us-lag-days 1
login success!

  0%|          | 0/9 [00:00<?, ?it/s]
 11%|█         | 1/9 [00:00<00:02,  3.94it/s]
 22%|██▏       | 2/9 [00:00<00:01,  4.01it/s]
 33%|███▎      | 3/9 [00:00<00:01,  4.36it/s]
 44%|████▍     | 4/9 [00:00<00:01,  4.48it/s]
 56%|█████▌    | 5/9 [00:01<00:00,  4.29it/s]
 67%|██████▋   | 6/9 [00:01<00:00,  4.38it/s]
 78%|███████▊  | 7/9 [00:01<00:00,  4.45it/s]
 89%|████████▉ | 8/9 [00:01<00:00,  4.37it/s]
100%|██████████| 9/9 [00:02<00:00,  4.38it/s]
                                             

  0%|          | 0/9 [00:00<?, ?it/s]
 11%|█         | 1/9 [00:00<00:02,  3.75it/s]
 22%|██▏       | 2/9 [00:00<00:01,  4.10it/s]
 33%|███▎      | 3/9 [00:00<00:01,  4.20it/s]
 44%|████▍     | 4/9 [00:00<00:01,  4.20it/s]
 56%|█████▌    | 5/9 [00:01<00:00,  4.21it/s]
 67%|██████▋   | 6/9 [00:01<00:00,  4.11it/s]
 78%|███████▊  | 7/9 [00:01<00:00,  4.28it/s]
 89%|████████▉ | 8/9 [00:01<00:00,  4.46it/s]
100%|██████████| 9/9 [00:02<00:00,  4.48it/s]
                                             
{
  "profile": "power_utility_rate",
  "description": "Utility/power/defensive style proxy for 中国核电",
  "sample_rows": 1540,
  "merged_rows": 1540,
  "raw_rows": 2027,
  "raw_date_min": "2018-01-02",
  "raw_date_max": "2026-05-15",
  "lag_days_legacy": null,
  "lag_policy": {
    "domestic": 0,
    "futures": 1,
    "us": 1
  },
  "enable_us_yf": false,
  "feature_cols": 335,
  "source_meta": {
    "profile": {
      "key": "power_utility_rate",
      "prefix": "pur",
      "description": "Utility/power/defensive style proxy for 中国核电",
      "stocks": [
        "003816",
        "600900",
        "600025",
        "600011",
        "601991",
        "601611"
      ],
      "etfs": [
        "512890",
        "159611",
        "516260"
      ],
      "futures": [
        "ZC0"
      ],
      "boards": [
        "电力",
        "燃气"
      ],
      "us_tickers": []
    },
    "used": {
      "stocks": [
        "003816",
        "600900",
        "600025",
        "600011",
        "601611"
      ],
      "etfs": [
        "512890",
        "159611",
        "516260"
      ],
      "futures": [
        "ZC0"
      ],
      "boards": [
        "电力",
        "燃气"
      ],
      "us_yf": []
    },
    "start_date": "20180101",
    "end_date": "20260515",
    "target_symbol_excluded": "601991",
    "em_sources_used": false,
    "baostock_cache_dir": "/root/stock_realtime_v021_full/saved_data/601991_pipeline_out_v2_new27_full/04_external/power_utility_rate/baostock_external_cache",
    "us_yfinance_enabled": false
  },
  "errors": {},
  "top_missing": {
    "pur_etf_159611_range_pct_ret60": 0.9837662337662337,
    "pur_etf_512890_close_ret60": 0.9837662337662337,
    "pur_etf_516260_close_ret60": 0.9837662337662337,
    "pur_etf_basket_close_ret60": 0.9837662337662337,
    "pur_etf_159611_close_ret60": 0.9837662337662337,
    "pur_etf_512890_range_pct_ret60": 0.9837662337662337,
    "pur_etf_516260_range_pct_ret60": 0.9837662337662337,
    "pur_etf_512890_close_z60": 0.9577922077922078,
    "pur_etf_159611_range_pct_z60": 0.9577922077922078,
    "pur_etf_512890_close_ret20": 0.9577922077922078,
    "pur_etf_512890_range_pct_ret20": 0.9577922077922078,
    "pur_etf_516260_range_pct_ret20": 0.9577922077922078,
    "pur_etf_159611_close_z60": 0.9577922077922078,
    "pur_etf_159611_range_pct_ret20": 0.9577922077922078,
    "pur_etf_basket_close_ret20": 0.9577922077922078,
    "pur_etf_516260_close_ret20": 0.9577922077922078,
    "pur_etf_512890_range_pct_z60": 0.9577922077922078,
    "pur_etf_516260_close_z60": 0.9577922077922078,
    "pur_stock_vs_etf_basket_ret20": 0.9577922077922078,
    "pur_etf_basket_close_z60": 0.9577922077922078,
    "pur_etf_159611_close_ret20": 0.9577922077922078,
    "pur_etf_516260_range_pct_z60": 0.9577922077922078,
    "pur_etf_159611_close_vol20": 0.951948051948052,
    "pur_etf_512890_close_vol20": 0.951948051948052,
    "pur_etf_516260_close_vol20": 0.951948051948052,
    "pur_etf_basket_close_vol20": 0.951948051948052,
    "pur_etf_512890_close_z20": 0.9512987012987013,
    "pur_etf_512890_close_ma20_gap": 0.9512987012987013,
    "pur_etf_516260_range_pct_ma20_gap": 0.9512987012987013,
    "pur_etf_516260_range_pct_z20": 0.9512987012987013,
    "pur_etf_516260_volume_shock20": 0.9512987012987013,
    "pur_etf_512890_range_pct_ma20_gap": 0.9512987012987013,
    "pur_etf_516260_volume_z20": 0.9512987012987013,
    "pur_etf_512890_range_pct_z20": 0.9512987012987013,
    "pur_etf_basket_close_ma20_gap": 0.9512987012987013,
    "pur_etf_512890_volume_shock20": 0.9512987012987013,
    "pur_etf_basket_close_z20": 0.9512987012987013,
    "pur_etf_512890_volume_z20": 0.9512987012987013,
    "pur_etf_159611_volume_z20": 0.9512987012987013,
    "pur_etf_159611_volume_shock20": 0.9512987012987013,
    "pur_etf_159611_range_pct_z20": 0.9512987012987013,
    "pur_etf_159611_range_pct_ma20_gap": 0.9512987012987013,
    "pur_etf_159611_close_z20": 0.9512987012987013,
    "pur_etf_159611_close_ma20_gap": 0.9512987012987013,
    "pur_etf_516260_close_ma20_gap": 0.9512987012987013,
    "pur_etf_516260_close_z20": 0.9512987012987013,
    "pur_etf_512890_close_ret5": 0.948051948051948,
    "pur_etf_159611_close_ret5": 0.948051948051948,
    "pur_etf_159611_range_pct_ret5": 0.948051948051948,
    "pur_etf_512890_range_pct_ret5": 0.948051948051948
  },
  "outputs": {
    "features": "/root/stock_realtime_v021_full/saved_data/601991_pipeline_out_v2_new27_full/04_external/power_utility_rate/stock_external_features_power_utility_rate.csv",
    "merged_samples": "/root/stock_realtime_v021_full/saved_data/601991_pipeline_out_v2_new27_full/04_external/power_utility_rate/training_samples_with_power_utility_rate_external.csv",
    "report": "/root/stock_realtime_v021_full/saved_data/601991_pipeline_out_v2_new27_full/04_external/power_utility_rate/validation_report.json"
  }
}
logout success!
[INFO] final samples for search: /root/stock_realtime_v021_full/saved_data/601991_pipeline_out_v2_new27_full/04_external/power_utility_rate/training_samples_with_power_utility_rate_external.csv

[2026-05-17T11:02:30] RUN search_vwap_low_hit_50bps
  /usr/bin/python3 model_training/search_walk_forward_model_complexity.py --samples /root/stock_realtime_v021_full/saved_data/601991_pipeline_out_v2_new27_full/04_external/power_utility_rate/training_samples_with_power_utility_rate_external.csv --intraday-bars /root/stock_realtime_v021_full/saved_data/601991_pipeline_out_v2_new27_full/00_base/601991_5m.csv --out-dir /root/stock_realtime_v021_full/saved_data/601991_pipeline_out_v2_new27_full/10_search/search_vwap_low_hit_50bps --round-trip-cost-bps 1.7 --target-hit-bps 50.0 --label-mode hit --entry-policy vwap_low --entry-vwap-premium-bps 50.0 --max-missing 0.35 --groups reversal_fundamental_regime,reversal_fundamental_regime_sector,reversal_fundamental_regime_sector_external,all_no_ak --models xgb_d2_200_lr003_mcw5,xgb_d3_400_lr003_mcw3,xgb_d3_600_lr002_mcw3,xgb_d4_500_lr002_mcw5,lgbm_leaves7_400,lgbm_leaves15_700,extra_trees_600_d3,random_forest_600_d4 --quantiles 0.5,0.6,0.7,0.8 --train-rows 756 --valid-rows 126 --test-rows 63 --min-valid-trades 8 --min-train-entries 80
{
  "rows": 1539,
  "target_hit_bps": 50.0,
  "label_mode": "hit",
  "entry_policy": "vwap_low",
  "entry_vwap_premium_bps": 50.0,
  "groups": {
    "reversal_fundamental_regime": 137,
    "reversal_fundamental_regime_sector": 160,
    "reversal_fundamental_regime_sector_external": 405,
    "all_no_ak": 460
  },
  "models": [
    "xgb_d2_200_lr003_mcw5",
    "xgb_d3_400_lr003_mcw3",
    "xgb_d3_600_lr002_mcw3",
    "xgb_d4_500_lr002_mcw5",
    "extra_trees_600_d3",
    "random_forest_600_d4",
    "lgbm_leaves7_400",
    "lgbm_leaves15_700"
  ],
  "top": [
    {
      "entry_policy": "vwap_low",
      "feature_group": "all_no_ak",
      "model_name": "lgbm_leaves15_700",
      "target_hit_bps": 50.0,
      "trades": 211,
      "win_rate": 0.6966824644549763,
      "avg_return": -0.0005124854633602368,
      "median_return": 0.005,
      "compound_return": -0.1128749178072469,
      "max_drawdown": -0.1865173841822073,
      "profit_factor": 0.8717471039418039,
      "windows": 10
    },
    {
      "entry_policy": "vwap_low",
      "feature_group": "reversal_fundamental_regime_sector_external",
      "model_name": "lgbm_leaves15_700",
      "target_hit_bps": 50.0,
      "trades": 169,
      "win_rate": 0.6982248520710059,
      "avg_return": -0.0006566893352082218,
      "median_return": 0.005,
      "compound_return": -0.11377257409683394,
      "max_drawdown": -0.1670204263495496,
      "profit_factor": 0.841678195010823,
      "windows": 10
    },
    {
      "entry_policy": "vwap_low",
      "feature_group": "reversal_fundamental_regime",
      "model_name": "xgb_d3_400_lr003_mcw3",
      "target_hit_bps": 50.0,
      "trades": 201,
      "win_rate": 0.746268656716418,
      "avg_return": -0.0005883981597971048,
      "median_return": 0.005,
      "compound_return": -0.12527243505323515,
      "max_drawdown": -0.2020157888959604,
      "profit_factor": 0.8637885698693993,
      "windows": 10
    },
    {
      "entry_policy": "vwap_low",
      "feature_group": "reversal_fundamental_regime",
      "model_name": "lgbm_leaves15_700",
      "target_hit_bps": 50.0,
      "trades": 201,
      "win_rate": 0.7064676616915423,
      "avg_return": -0.0007335467801054597,
      "median_return": 0.005,
      "compound_return": -0.14972998961001505,
      "max_drawdown": -0.19975471058079253,
      "profit_factor": 0.8277300742178134,
      "windows": 10
    },
    {
      "entry_policy": "vwap_low",
      "feature_group": "reversal_fundamental_regime",
      "model_name": "xgb_d4_500_lr002_mcw5",
      "target_hit_bps": 50.0,
      "trades": 192,
      "win_rate": 0.71875,
      "avg_return": -0.000827790928752383,
      "median_return": 0.005,
      "compound_return": -0.15872919792108642,
      "max_drawdown": -0.17256948343203593,
      "profit_factor": 0.8127822534968687,
      "windows": 10
    },
    {
      "entry_policy": "vwap_low",
      "feature_group": "reversal_fundamental_regime_sector",
      "model_name": "xgb_d3_600_lr002_mcw3",
      "target_hit_bps": 50.0,
      "trades": 201,
      "win_rate": 0.7164179104477612,
      "avg_return": -0.0008484831642173785,
      "median_return": 0.005,
      "compound_return": -0.16899304377993984,
      "max_drawdown": -0.19292889315766648,
      "profit_factor": 0.8084935699021678,
      "windows": 10
    },
    {
      "entry_policy": "vwap_low",
      "feature_group": "reversal_fundamental_regime_sector",
      "model_name": "lgbm_leaves7_400",
      "target_hit_bps": 50.0,
      "trades": 205,
      "win_rate": 0.6878048780487804,
      "avg_return": -0.0008446305811276159,
      "median_return": 0.005,
      "compound_return": -0.16969524703170713,
      "max_drawdown": -0.25821215068559245,
      "profit_factor": 0.8028247870632806,
      "windows": 10
    },
    {
      "entry_policy": "vwap_low",
      "feature_group": "reversal_fundamental_regime",
      "model_name": "xgb_d3_600_lr002_mcw3",
      "target_hit_bps": 50.0,
      "trades": 199,
      "win_rate": 0.7336683417085427,
      "avg_return": -0.0008949661072536656,
      "median_return": 0.005,
      "compound_return": -0.17653919899139836,
      "max_drawdown": -0.22649882600411797,
      "profit_factor": 0.8038777695084156,
      "windows": 10
    },
    {
      "entry_policy": "vwap_low",
      "feature_group": "reversal_fundamental_regime_sector",
      "model_name": "xgb_d2_200_lr003_mcw5",
      "target_hit_bps": 50.0,
      "trades": 208,
      "win_rate": 0.75,
      "avg_return": -0.0009780317325039335,
      "median_return": 0.005,
      "compound_return": -0.19987893687078373,
      "max_drawdown": -0.23635299841428603,
      "profit_factor": 0.793141884860833,
      "windows": 10
    },
    {
      "entry_policy": "vwap_low",
      "feature_group": "reversal_fundamental_regime_sector",
      "model_name": "xgb_d3_400_lr003_mcw3",
      "target_hit_bps": 50.0,
      "trades": 208,
      "win_rate": 0.7211538461538461,
      "avg_return": -0.00116809680950321,
      "median_return": 0.005,
      "compound_return": -0.23024570244360654,
      "max_drawdown": -0.2524172652521476,
      "profit_factor": 0.7553142883254119,
      "windows": 10
    },
    {
      "entry_policy": "vwap_low",
      "feature_group": "reversal_fundamental_regime_sector_external",
      "model_name": "xgb_d3_600_lr002_mcw3",
      "target_hit_bps": 50.0,
      "trades": 195,
      "win_rate": 0.7076923076923077,
      "avg_return": -0.0013618910446684914,
      "median_return": 0.005,
      "compound_return": -0.2476423558581552,
      "max_drawdown": -0.280667335101603,
      "profit_factor": 0.7220830498285078,
      "windows": 10
    },
    {
      "entry_policy": "vwap_low",
      "feature_group": "all_no_ak",
      "model_name": "xgb_d3_600_lr002_mcw3",
      "target_hit_bps": 50.0,
      "trades": 171,
      "win_rate": 0.7134502923976608,
      "avg_return": -0.0015773751149749267,
      "median_return": 0.005,
      "compound_return": -0.24988487260544323,
      "max_drawdown": -0.26470150538082804,
      "profit_factor": 0.6933936620321197,
      "windows": 10
    },
    {
      "entry_policy": "vwap_low",
      "feature_group": "reversal_fundamental_regime",
      "model_name": "lgbm_leaves7_400",
      "target_hit_bps": 50.0,
      "trades": 236,
      "win_rate": 0.6991525423728814,
      "avg_return": -0.0011943191971389273,
      "median_return": 0.005,
      "compound_return": -0.25933697020524804,
      "max_drawdown": -0.2913535387494096,
      "profit_factor": 0.7453521664842893,
      "windows": 10
    },
    {
      "entry_policy": "vwap_low",
      "feature_group": "all_no_ak",
      "model_name": "xgb_d3_400_lr003_mcw3",
      "target_hit_bps": 50.0,
      "trades": 196,
      "win_rate": 0.7091836734693877,
      "avg_return": -0.0016084141273238538,
      "median_return": 0.005,
      "compound_return": -0.2844338763537103,
      "max_drawdown": -0.30898521494388465,
      "profit_factor": 0.6879490935078718,
      "windows": 10
    },
    {
      "entry_policy": "vwap_low",
      "feature_group": "reversal_fundamental_regime_sector_external",
      "model_name": "lgbm_leaves7_400",
      "target_hit_bps": 50.0,
      "trades": 195,
      "win_rate": 0.6974358974358974,
      "avg_return": -0.0016648837188812974,
      "median_return": 0.005,
      "compound_return": -0.29113173228410594,
      "max_drawdown": -0.3051336373587986,
      "profit_factor": 0.6768510687285897,
      "windows": 10
    },
    {
      "entry_policy": "vwap_low",
      "feature_group": "all_no_ak",
      "model_name": "extra_trees_600_d3",
      "target_hit_bps": 50.0,
      "trades": 145,
      "win_rate": 0.7448275862068966,
      "avg_return": -0.002295955975806869,
      "median_return": 0.005,
      "compound_return": -0.2982866764422947,
      "max_drawdown": -0.33124795397220075,
      "profit_factor": 0.6186179133854206,
      "windows": 10
    },
    {
      "entry_policy": "vwap_low",
      "feature_group": "reversal_fundamental_regime",
      "model_name": "xgb_d2_200_lr003_mcw5",
      "target_hit_bps": 50.0,
      "trades": 247,
      "win_rate": 0.708502024291498,
      "avg_return": -0.0013528796996073872,
      "median_return": 0.005,
      "compound_return": -0.3003960393396746,
      "max_drawdown": -0.31532902764670323,
      "profit_factor": 0.7236420899953785,
      "windows": 10
    },
    {
      "entry_policy": "vwap_low",
      "feature_group": "reversal_fundamental_regime",
      "model_name": "extra_trees_600_d3",
      "target_hit_bps": 50.0,
      "trades": 244,
      "win_rate": 0.7540983606557377,
      "avg_return": -0.0013868412249770732,
      "median_return": 0.005,
      "compound_return": -0.3061602500274807,
      "max_drawdown": -0.3893436048798312,
      "profit_factor": 0.7310933349894393,
      "windows": 10
    },
    {
      "entry_policy": "vwap_low",
      "feature_group": "all_no_ak",
      "model_name": "xgb_d4_500_lr002_mcw5",
      "target_hit_bps": 50.0,
      "trades": 194,
      "win_rate": 0.6958762886597938,
      "avg_return": -0.0017914461458593807,
      "median_return": 0.005,
      "compound_return": -0.3074858886576789,
      "max_drawdown": -0.3245420483716508,
      "profit_factor": 0.6601205189211207,
      "windows": 10
    },
    {
      "entry_policy": "vwap_low",
      "feature_group": "reversal_fundamental_regime_sector_external",
      "model_name": "xgb_d2_200_lr003_mcw5",
      "target_hit_bps": 50.0,
      "trades": 179,
      "win_rate": 0.7150837988826816,
      "avg_return": -0.0019742104200458203,
      "median_return": 0.005,
      "compound_return": -0.313117606578978,
      "max_drawdown": -0.3266852361487834,
      "profit_factor": 0.6442626574484176,
      "windows": 10
    }
  ]
}

[2026-05-17T11:21:06] RUN search_vwap_low_hit_80bps
  /usr/bin/python3 model_training/search_walk_forward_model_complexity.py --samples /root/stock_realtime_v021_full/saved_data/601991_pipeline_out_v2_new27_full/04_external/power_utility_rate/training_samples_with_power_utility_rate_external.csv --intraday-bars /root/stock_realtime_v021_full/saved_data/601991_pipeline_out_v2_new27_full/00_base/601991_5m.csv --out-dir /root/stock_realtime_v021_full/saved_data/601991_pipeline_out_v2_new27_full/10_search/search_vwap_low_hit_80bps --round-trip-cost-bps 1.7 --target-hit-bps 80.0 --label-mode hit --entry-policy vwap_low --entry-vwap-premium-bps 50.0 --max-missing 0.35 --groups reversal_fundamental_regime,reversal_fundamental_regime_sector,reversal_fundamental_regime_sector_external,all_no_ak --models xgb_d2_200_lr003_mcw5,xgb_d3_400_lr003_mcw3,xgb_d3_600_lr002_mcw3,xgb_d4_500_lr002_mcw5,lgbm_leaves7_400,lgbm_leaves15_700,extra_trees_600_d3,random_forest_600_d4 --quantiles 0.5,0.6,0.7,0.8 --train-rows 756 --valid-rows 126 --test-rows 63 --min-valid-trades 8 --min-train-entries 80
{
  "rows": 1539,
  "target_hit_bps": 80.0,
  "label_mode": "hit",
  "entry_policy": "vwap_low",
  "entry_vwap_premium_bps": 50.0,
  "groups": {
    "reversal_fundamental_regime": 137,
    "reversal_fundamental_regime_sector": 160,
    "reversal_fundamental_regime_sector_external": 405,
    "all_no_ak": 460
  },
  "models": [
    "xgb_d2_200_lr003_mcw5",
    "xgb_d3_400_lr003_mcw3",
    "xgb_d3_600_lr002_mcw3",
    "xgb_d4_500_lr002_mcw5",
    "extra_trees_600_d3",
    "random_forest_600_d4",
    "lgbm_leaves7_400",
    "lgbm_leaves15_700"
  ],
  "top": [
    {
      "entry_policy": "vwap_low",
      "feature_group": "reversal_fundamental_regime_sector",
      "model_name": "xgb_d3_400_lr003_mcw3",
      "target_hit_bps": 80.0,
      "trades": 199,
      "win_rate": 0.5879396984924623,
      "avg_return": -0.0010582722251651284,
      "median_return": 0.008,
      "compound_return": -0.2068215768550461,
      "max_drawdown": -0.24843169293730882,
      "profit_factor": 0.8117509356742699,
      "windows": 10
    },
    {
      "entry_policy": "vwap_low",
      "feature_group": "reversal_fundamental_regime_sector",
      "model_name": "xgb_d3_600_lr002_mcw3",
      "target_hit_bps": 80.0,
      "trades": 211,
      "win_rate": 0.6018957345971564,
      "avg_return": -0.001139828527464315,
      "median_return": 0.008,
      "compound_return": -0.232240165607161,
      "max_drawdown": -0.2898967268042688,
      "profit_factor": 0.8061625777060417,
      "windows": 10
    },
    {
      "entry_policy": "vwap_low",
      "feature_group": "all_no_ak",
      "model_name": "lgbm_leaves7_400",
      "target_hit_bps": 80.0,
      "trades": 215,
      "win_rate": 0.6139534883720931,
      "avg_return": -0.0012339601214354386,
      "median_return": 0.008,
      "compound_return": -0.2513219212605191,
      "max_drawdown": -0.261912878100367,
      "profit_factor": 0.7949375410608498,
      "windows": 10
    },
    {
      "entry_policy": "vwap_low",
      "feature_group": "reversal_fundamental_regime_sector",
      "model_name": "lgbm_leaves7_400",
      "target_hit_bps": 80.0,
      "trades": 232,
      "win_rate": 0.5905172413793104,
      "avg_return": -0.001177700353803246,
      "median_return": 0.008,
      "compound_return": -0.25572108525105897,
      "max_drawdown": -0.28817607470612505,
      "profit_factor": 0.7974892255619266,
      "windows": 10
    },
    {
      "entry_policy": "vwap_low",
      "feature_group": "reversal_fundamental_regime",
      "model_name": "lgbm_leaves7_400",
      "target_hit_bps": 80.0,
      "trades": 227,
      "win_rate": 0.5991189427312775,
      "avg_return": -0.0012262414199999076,
      "median_return": 0.008,
      "compound_return": -0.26165620158465086,
      "max_drawdown": -0.306686619806147,
      "profit_factor": 0.7947792096831531,
      "windows": 10
    },
    {
      "entry_policy": "vwap_low",
      "feature_group": "reversal_fundamental_regime",
      "model_name": "xgb_d3_600_lr002_mcw3",
      "target_hit_bps": 80.0,
      "trades": 206,
      "win_rate": 0.6019417475728155,
      "avg_return": -0.0013553688865755463,
      "median_return": 0.008,
      "compound_return": -0.2631203471522626,
      "max_drawdown": -0.30252596121144926,
      "profit_factor": 0.7786234162808886,
      "windows": 10
    },
    {
      "entry_policy": "vwap_low",
      "feature_group": "reversal_fundamental_regime_sector",
      "model_name": "extra_trees_600_d3",
      "target_hit_bps": 80.0,
      "trades": 193,
      "win_rate": 0.6424870466321243,
      "avg_return": -0.001578181226369636,
      "median_return": 0.008,
      "compound_return": -0.2831674236221814,
      "max_drawdown": -0.32610985905579215,
      "profit_factor": 0.7639380170607678,
      "windows": 10
    },
    {
      "entry_policy": "vwap_low",
      "feature_group": "reversal_fundamental_regime",
      "model_name": "xgb_d3_400_lr003_mcw3",
      "target_hit_bps": 80.0,
      "trades": 201,
      "win_rate": 0.5870646766169154,
      "avg_return": -0.0015679981393386271,
      "median_return": 0.008,
      "compound_return": -0.2870362260615501,
      "max_drawdown": -0.3203203438401425,
      "profit_factor": 0.7478723583224305,
      "windows": 10
    },
    {
      "entry_policy": "vwap_low",
      "feature_group": "reversal_fundamental_regime",
      "model_name": "lgbm_leaves15_700",
      "target_hit_bps": 80.0,
      "trades": 211,
      "win_rate": 0.5876777251184834,
      "avg_return": -0.001542598165659659,
      "median_return": 0.008,
      "compound_return": -0.29368900609600257,
      "max_drawdown": -0.3256706999573469,
      "profit_factor": 0.7509421057469415,
      "windows": 10
    },
    {
      "entry_policy": "vwap_low",
      "feature_group": "reversal_fundamental_regime_sector_external",
      "model_name": "extra_trees_600_d3",
      "target_hit_bps": 80.0,
      "trades": 234,
      "win_rate": 0.6410256410256411,
      "avg_return": -0.0013517797426449163,
      "median_return": 0.008,
      "compound_return": -0.2939072008934147,
      "max_drawdown": -0.35397012418422014,
      "profit_factor": 0.7900281556602035,
      "windows": 10
    },
    {
      "entry_policy": "vwap_low",
      "feature_group": "reversal_fundamental_regime_sector",
      "model_name": "random_forest_600_d4",
      "target_hit_bps": 80.0,
      "trades": 183,
      "win_rate": 0.6229508196721312,
      "avg_return": -0.0017702719058589728,
      "median_return": 0.008,
      "compound_return": -0.29622753799004564,
      "max_drawdown": -0.32343911011714654,
      "profit_factor": 0.7377089924164771,
      "windows": 10
    },
    {
      "entry_policy": "vwap_low",
      "feature_group": "reversal_fundamental_regime",
      "model_name": "xgb_d4_500_lr002_mcw5",
      "target_hit_bps": 80.0,
      "trades": 214,
      "win_rate": 0.5934579439252337,
      "avg_return": -0.0015527815795868527,
      "median_return": 0.008,
      "compound_return": -0.3018699387577668,
      "max_drawdown": -0.3444477848752632,
      "profit_factor": 0.7506708020319973,
      "windows": 10
    },
    {
      "entry_policy": "vwap_low",
      "feature_group": "all_no_ak",
      "model_name": "lgbm_leaves15_700",
      "target_hit_bps": 80.0,
      "trades": 214,
      "win_rate": 0.5700934579439252,
      "avg_return": -0.0015803699650676919,
      "median_return": 0.008,
      "compound_return": -0.30317968611021173,
      "max_drawdown": -0.3381393098968517,
      "profit_factor": 0.7379430782354742,
      "windows": 10
    },
    {
      "entry_policy": "vwap_low",
      "feature_group": "all_no_ak",
      "model_name": "extra_trees_600_d3",
      "target_hit_bps": 80.0,
      "trades": 216,
      "win_rate": 0.6296296296296297,
      "avg_return": -0.0016119283705327647,
      "median_return": 0.008,
      "compound_return": -0.31506955566128625,
      "max_drawdown": -0.39557329500452787,
      "profit_factor": 0.7550199353802564,
      "windows": 10
    },
    {
      "entry_policy": "vwap_low",
      "feature_group": "reversal_fundamental_regime_sector",
      "model_name": "xgb_d4_500_lr002_mcw5",
      "target_hit_bps": 80.0,
      "trades": 207,
      "win_rate": 0.5603864734299517,
      "avg_return": -0.001724980639146912,
      "median_return": 0.008,
      "compound_return": -0.3163466516040685,
      "max_drawdown": -0.34615800561857113,
      "profit_factor": 0.7177705163304487,
      "windows": 10
    },
    {
      "entry_policy": "vwap_low",
      "feature_group": "reversal_fundamental_regime_sector_external",
      "model_name": "lgbm_leaves15_700",
      "target_hit_bps": 80.0,
      "trades": 212,
      "win_rate": 0.5613207547169812,
      "avg_return": -0.001756551754611997,
      "median_return": 0.008,
      "compound_return": -0.32642215648147643,
      "max_drawdown": -0.3578675750233957,
      "profit_factor": 0.7169388303828641,
      "windows": 10
    },
    {
      "entry_policy": "vwap_low",
      "feature_group": "all_no_ak",
      "model_name": "random_forest_600_d4",
      "target_hit_bps": 80.0,
      "trades": 224,
      "win_rate": 0.6071428571428571,
      "avg_return": -0.0016303806142224965,
      "median_return": 0.008,
      "compound_return": -0.32667899511161314,
      "max_drawdown": -0.4005379939354373,
      "profit_factor": 0.7470397144142615,
      "windows": 10
    },
    {
      "entry_policy": "vwap_low",
      "feature_group": "reversal_fundamental_regime",
      "model_name": "extra_trees_600_d3",
      "target_hit_bps": 80.0,
      "trades": 203,
      "win_rate": 0.6157635467980296,
      "avg_return": -0.0018877052916663733,
      "median_return": 0.008,
      "compound_return": -0.3378183093068814,
      "max_drawdown": -0.38401735564058814,
      "profit_factor": 0.7226314241143318,
      "windows": 10
    },
    {
      "entry_policy": "vwap_low",
      "feature_group": "reversal_fundamental_regime_sector",
      "model_name": "lgbm_leaves15_700",
      "target_hit_bps": 80.0,
      "trades": 196,
      "win_rate": 0.5816326530612245,
      "avg_return": -0.001983335002414806,
      "median_return": 0.008,
      "compound_return": -0.3398722814835029,
      "max_drawdown": -0.3606620898064048,
      "profit_factor": 0.6964172142735434,
      "windows": 10
    },
    {
      "entry_policy": "vwap_low",
      "feature_group": "all_no_ak",
      "model_name": "xgb_d3_400_lr003_mcw3",
      "target_hit_bps": 80.0,
      "trades": 221,
      "win_rate": 0.5610859728506787,
      "avg_return": -0.0017827373253648578,
      "median_return": 0.008,
      "compound_return": -0.3421069812233132,
      "max_drawdown": -0.3811742447663786,
      "profit_factor": 0.7115576201400918,
      "windows": 10
    }
  ]
}

[2026-05-17T11:40:08] RUN search_vwap_low_close_profit_50bps
  /usr/bin/python3 model_training/search_walk_forward_model_complexity.py --samples /root/stock_realtime_v021_full/saved_data/601991_pipeline_out_v2_new27_full/04_external/power_utility_rate/training_samples_with_power_utility_rate_external.csv --intraday-bars /root/stock_realtime_v021_full/saved_data/601991_pipeline_out_v2_new27_full/00_base/601991_5m.csv --out-dir /root/stock_realtime_v021_full/saved_data/601991_pipeline_out_v2_new27_full/10_search/search_vwap_low_close_profit_50bps --round-trip-cost-bps 1.7 --target-hit-bps 50.0 --label-mode close_profit --entry-policy vwap_low --entry-vwap-premium-bps 50.0 --max-missing 0.35 --groups reversal_fundamental_regime,reversal_fundamental_regime_sector,reversal_fundamental_regime_sector_external,all_no_ak --models xgb_d2_200_lr003_mcw5,xgb_d3_400_lr003_mcw3,xgb_d3_600_lr002_mcw3,xgb_d4_500_lr002_mcw5,lgbm_leaves7_400,lgbm_leaves15_700,extra_trees_600_d3,random_forest_600_d4 --quantiles 0.5,0.6,0.7,0.8 --train-rows 756 --valid-rows 126 --test-rows 63 --min-valid-trades 8 --min-train-entries 80
{
  "rows": 1539,
  "target_hit_bps": 50.0,
  "label_mode": "close_profit",
  "entry_policy": "vwap_low",
  "entry_vwap_premium_bps": 50.0,
  "groups": {
    "reversal_fundamental_regime": 137,
    "reversal_fundamental_regime_sector": 160,
    "reversal_fundamental_regime_sector_external": 405,
    "all_no_ak": 460
  },
  "models": [
    "xgb_d2_200_lr003_mcw5",
    "xgb_d3_400_lr003_mcw3",
    "xgb_d3_600_lr002_mcw3",
    "xgb_d4_500_lr002_mcw5",
    "extra_trees_600_d3",
    "random_forest_600_d4",
    "lgbm_leaves7_400",
    "lgbm_leaves15_700"
  ],
  "top": [
    {
      "entry_policy": "vwap_low",
      "feature_group": "reversal_fundamental_regime_sector_external",
      "model_name": "lgbm_leaves15_700",
      "target_hit_bps": 50.0,
      "trades": 163,
      "win_rate": 0.5276073619631901,
      "avg_return": 0.0016208105465910754,
      "median_return": 0.0033511267605634866,
      "compound_return": 0.267042648035164,
      "max_drawdown": -0.1319689483433073,
      "profit_factor": 1.2551118902327092,
      "windows": 10
    },
    {
      "entry_policy": "vwap_low",
      "feature_group": "reversal_fundamental_regime",
      "model_name": "extra_trees_600_d3",
      "target_hit_bps": 50.0,
      "trades": 164,
      "win_rate": 0.45121951219512196,
      "avg_return": 0.001328591069826164,
      "median_return": -0.00016999999999999999,
      "compound_return": 0.20565476695346896,
      "max_drawdown": -0.1645878497497384,
      "profit_factor": 1.2065697080701172,
      "windows": 10
    },
    {
      "entry_policy": "vwap_low",
      "feature_group": "all_no_ak",
      "model_name": "lgbm_leaves15_700",
      "target_hit_bps": 50.0,
      "trades": 192,
      "win_rate": 0.4739583333333333,
      "avg_return": 0.0007566821147336613,
      "median_return": -0.00016999999999999999,
      "compound_return": 0.12214052419716848,
      "max_drawdown": -0.18983591285587686,
      "profit_factor": 1.1205096395089098,
      "windows": 10
    },
    {
      "entry_policy": "vwap_low",
      "feature_group": "reversal_fundamental_regime_sector",
      "model_name": "lgbm_leaves7_400",
      "target_hit_bps": 50.0,
      "trades": 190,
      "win_rate": 0.42105263157894735,
      "avg_return": 0.000679075428967608,
      "median_return": -0.00016999999999999999,
      "compound_return": 0.10398466054977296,
      "max_drawdown": -0.2396020137849918,
      "profit_factor": 1.1074346605137817,
      "windows": 10
    },
    {
      "entry_policy": "vwap_low",
      "feature_group": "reversal_fundamental_regime_sector",
      "model_name": "xgb_d3_400_lr003_mcw3",
      "target_hit_bps": 50.0,
      "trades": 184,
      "win_rate": 0.42934782608695654,
      "avg_return": 0.0006933103931989022,
      "median_return": -0.00016999999999999999,
      "compound_return": 0.10380967534014118,
      "max_drawdown": -0.21225466695689532,
      "profit_factor": 1.108459383682539,
      "windows": 10
    },
    {
      "entry_policy": "vwap_low",
      "feature_group": "reversal_fundamental_regime_sector",
      "model_name": "xgb_d3_600_lr002_mcw3",
      "target_hit_bps": 50.0,
      "trades": 164,
      "win_rate": 0.4268292682926829,
      "avg_return": 0.0006017028383757993,
      "median_return": -0.00016999999999999999,
      "compound_return": 0.07487779797821226,
      "max_drawdown": -0.21479611992080005,
      "profit_factor": 1.0920117965137133,
      "windows": 10
    },
    {
      "entry_policy": "vwap_low",
      "feature_group": "reversal_fundamental_regime_sector",
      "model_name": "xgb_d4_500_lr002_mcw5",
      "target_hit_bps": 50.0,
      "trades": 181,
      "win_rate": 0.47513812154696133,
      "avg_return": 0.00045210240605500696,
      "median_return": -0.00016999999999999999,
      "compound_return": 0.05674532874884575,
      "max_drawdown": -0.21268526511502284,
      "profit_factor": 1.0690756455708252,
      "windows": 10
    },
    {
      "entry_policy": "vwap_low",
      "feature_group": "reversal_fundamental_regime_sector",
      "model_name": "extra_trees_600_d3",
      "target_hit_bps": 50.0,
      "trades": 171,
      "win_rate": 0.47953216374269003,
      "avg_return": 0.0005758373318568433,
      "median_return": -0.00016999999999999999,
      "compound_return": 0.05273451930356132,
      "max_drawdown": -0.17959812273215692,
      "profit_factor": 1.0713349857619754,
      "windows": 10
    },
    {
      "entry_policy": "vwap_low",
      "feature_group": "reversal_fundamental_regime",
      "model_name": "lgbm_leaves15_700",
      "target_hit_bps": 50.0,
      "trades": 220,
      "win_rate": 0.4409090909090909,
      "avg_return": 0.0004278229652248154,
      "median_return": -0.00016999999999999999,
      "compound_return": 0.05260659227663367,
      "max_drawdown": -0.26761148564421255,
      "profit_factor": 1.0602228402961533,
      "windows": 10
    },
    {
      "entry_policy": "vwap_low",
      "feature_group": "all_no_ak",
      "model_name": "xgb_d3_600_lr002_mcw3",
      "target_hit_bps": 50.0,
      "trades": 209,
      "win_rate": 0.44976076555023925,
      "avg_return": 0.00033869346618111985,
      "median_return": -0.00016999999999999999,
      "compound_return": 0.04010101693950885,
      "max_drawdown": -0.2363165567784793,
      "profit_factor": 1.0534791191926176,
      "windows": 10
    },
    {
      "entry_policy": "vwap_low",
      "feature_group": "reversal_fundamental_regime_sector_external",
      "model_name": "xgb_d3_600_lr002_mcw3",
      "target_hit_bps": 50.0,
      "trades": 189,
      "win_rate": 0.455026455026455,
      "avg_return": 0.00027771939531508655,
      "median_return": -0.00016999999999999999,
      "compound_return": 0.025241187152214684,
      "max_drawdown": -0.1649597573090864,
      "profit_factor": 1.0461210440899513,
      "windows": 10
    },
    {
      "entry_policy": "vwap_low",
      "feature_group": "reversal_fundamental_regime_sector",
      "model_name": "lgbm_leaves15_700",
      "target_hit_bps": 50.0,
      "trades": 228,
      "win_rate": 0.44298245614035087,
      "avg_return": 0.00023591795510286378,
      "median_return": -0.00016999999999999999,
      "compound_return": 0.020753091883244368,
      "max_drawdown": -0.2741361043165126,
      "profit_factor": 1.036511994820391,
      "windows": 10
    },
    {
      "entry_policy": "vwap_low",
      "feature_group": "reversal_fundamental_regime_sector_external",
      "model_name": "xgb_d3_400_lr003_mcw3",
      "target_hit_bps": 50.0,
      "trades": 187,
      "win_rate": 0.44385026737967914,
      "avg_return": 5.371975052341028e-05,
      "median_return": -0.00016999999999999999,
      "compound_return": -0.018890415489499324,
      "max_drawdown": -0.2166289042793822,
      "profit_factor": 1.0085696365907768,
      "windows": 10
    },
    {
      "entry_policy": "vwap_low",
      "feature_group": "reversal_fundamental_regime",
      "model_name": "xgb_d3_600_lr002_mcw3",
      "target_hit_bps": 50.0,
      "trades": 221,
      "win_rate": 0.4298642533936652,
      "avg_return": 7.84647762059083e-05,
      "median_return": -0.00016999999999999999,
      "compound_return": -0.01966785380460112,
      "max_drawdown": -0.2641436824074018,
      "profit_factor": 1.0113118725686463,
      "windows": 10
    },
    {
      "entry_policy": "vwap_low",
      "feature_group": "reversal_fundamental_regime",
      "model_name": "xgb_d3_400_lr003_mcw3",
      "target_hit_bps": 50.0,
      "trades": 203,
      "win_rate": 0.4236453201970443,
      "avg_return": -0.00010381225632435863,
      "median_return": -0.00016999999999999999,
      "compound_return": -0.054517121637727706,
      "max_drawdown": -0.28955682847711506,
      "profit_factor": 0.985344301630392,
      "windows": 10
    },
    {
      "entry_policy": "vwap_low",
      "feature_group": "all_no_ak",
      "model_name": "random_forest_600_d4",
      "target_hit_bps": 50.0,
      "trades": 189,
      "win_rate": 0.43386243386243384,
      "avg_return": -0.00012118634644356393,
      "median_return": -0.00016999999999999999,
      "compound_return": -0.05672407750685304,
      "max_drawdown": -0.17875782358182268,
      "profit_factor": 0.9827034529115004,
      "windows": 10
    },
    {
      "entry_policy": "vwap_low",
      "feature_group": "reversal_fundamental_regime",
      "model_name": "random_forest_600_d4",
      "target_hit_bps": 50.0,
      "trades": 183,
      "win_rate": 0.4371584699453552,
      "avg_return": -0.00013408535466032792,
      "median_return": -0.00016999999999999999,
      "compound_return": -0.058282216596534764,
      "max_drawdown": -0.2773519435135279,
      "profit_factor": 0.9823280149794675,
      "windows": 10
    },
    {
      "entry_policy": "vwap_low",
      "feature_group": "reversal_fundamental_regime_sector_external",
      "model_name": "xgb_d4_500_lr002_mcw5",
      "target_hit_bps": 50.0,
      "trades": 175,
      "win_rate": 0.44571428571428573,
      "avg_return": -0.00017934131050775603,
      "median_return": -0.00016999999999999999,
      "compound_return": -0.05856976636108424,
      "max_drawdown": -0.2037336252294284,
      "profit_factor": 0.973817526541426,
      "windows": 10
    },
    {
      "entry_policy": "vwap_low",
      "feature_group": "all_no_ak",
      "model_name": "xgb_d3_400_lr003_mcw3",
      "target_hit_bps": 50.0,
      "trades": 170,
      "win_rate": 0.4411764705882353,
      "avg_return": -0.00025564853362883847,
      "median_return": -0.00016999999999999999,
      "compound_return": -0.06486590726785157,
      "max_drawdown": -0.1706403712136868,
      "profit_factor": 0.9590969140883919,
      "windows": 10
    },
    {
      "entry_policy": "vwap_low",
      "feature_group": "reversal_fundamental_regime_sector_external",
      "model_name": "lgbm_leaves7_400",
      "target_hit_bps": 50.0,
      "trades": 205,
      "win_rate": 0.43902439024390244,
      "avg_return": -0.00022339548451466836,
      "median_return": -0.00016999999999999999,
      "compound_return": -0.07666669549738214,
      "max_drawdown": -0.19190776871010795,
      "profit_factor": 0.967283617320256,
      "windows": 10
    }
  ]
}

[2026-05-17T12:07:24] RUN search_all_days_hit_50bps
  /usr/bin/python3 model_training/search_walk_forward_model_complexity.py --samples /root/stock_realtime_v021_full/saved_data/601991_pipeline_out_v2_new27_full/04_external/power_utility_rate/training_samples_with_power_utility_rate_external.csv --intraday-bars /root/stock_realtime_v021_full/saved_data/601991_pipeline_out_v2_new27_full/00_base/601991_5m.csv --out-dir /root/stock_realtime_v021_full/saved_data/601991_pipeline_out_v2_new27_full/10_search/search_all_days_hit_50bps --round-trip-cost-bps 1.7 --target-hit-bps 50.0 --label-mode hit --entry-policy all_days --entry-vwap-premium-bps 50.0 --max-missing 0.35 --groups reversal_fundamental_regime,reversal_fundamental_regime_sector,reversal_fundamental_regime_sector_external,all_no_ak --models xgb_d2_200_lr003_mcw5,xgb_d3_400_lr003_mcw3,xgb_d3_600_lr002_mcw3,xgb_d4_500_lr002_mcw5,lgbm_leaves7_400,lgbm_leaves15_700,extra_trees_600_d3,random_forest_600_d4 --quantiles 0.5,0.6,0.7,0.8 --train-rows 756 --valid-rows 126 --test-rows 63 --min-valid-trades 8 --min-train-entries 80
{
  "rows": 1539,
  "target_hit_bps": 50.0,
  "label_mode": "hit",
  "entry_policy": "all_days",
  "entry_vwap_premium_bps": 50.0,
  "groups": {
    "reversal_fundamental_regime": 137,
    "reversal_fundamental_regime_sector": 160,
    "reversal_fundamental_regime_sector_external": 405,
    "all_no_ak": 460
  },
  "models": [
    "xgb_d2_200_lr003_mcw5",
    "xgb_d3_400_lr003_mcw3",
    "xgb_d3_600_lr002_mcw3",
    "xgb_d4_500_lr002_mcw5",
    "extra_trees_600_d3",
    "random_forest_600_d4",
    "lgbm_leaves7_400",
    "lgbm_leaves15_700"
  ],
  "top": [
    {
      "entry_policy": "all_days",
      "feature_group": "reversal_fundamental_regime",
      "model_name": "xgb_d3_400_lr003_mcw3",
      "target_hit_bps": 50.0,
      "trades": 205,
      "win_rate": 0.751219512195122,
      "avg_return": -0.0004793562444839905,
      "median_return": 0.005,
      "compound_return": -0.10764623670907125,
      "max_drawdown": -0.2020157888959604,
      "profit_factor": 0.8868229317325833,
      "windows": 10
    },
    {
      "entry_policy": "all_days",
      "feature_group": "all_no_ak",
      "model_name": "lgbm_leaves15_700",
      "target_hit_bps": 50.0,
      "trades": 212,
      "win_rate": 0.6981132075471698,
      "avg_return": -0.00048648317343872634,
      "median_return": 0.005,
      "compound_return": -0.10843929239628336,
      "max_drawdown": -0.1865173841822073,
      "profit_factor": 0.8776773563495712,
      "windows": 10
    },
    {
      "entry_policy": "all_days",
      "feature_group": "reversal_fundamental_regime_sector_external",
      "model_name": "lgbm_leaves15_700",
      "target_hit_bps": 50.0,
      "trades": 170,
      "win_rate": 0.7,
      "avg_return": -0.0006234146920599381,
      "median_return": 0.005,
      "compound_return": -0.10934143696731813,
      "max_drawdown": -0.1670204263495496,
      "profit_factor": 0.8488110610702367,
      "windows": 10
    },
    {
      "entry_policy": "all_days",
      "feature_group": "reversal_fundamental_regime_sector",
      "model_name": "xgb_d2_200_lr003_mcw5",
      "target_hit_bps": 50.0,
      "trades": 210,
      "win_rate": 0.7571428571428571,
      "avg_return": -0.000484584333645045,
      "median_return": 0.005,
      "compound_return": -0.1107473617305863,
      "max_drawdown": -0.1715110243479171,
      "profit_factor": 0.8865221435690258,
      "windows": 10
    },
    {
      "entry_policy": "all_days",
      "feature_group": "reversal_fundamental_regime",
      "model_name": "lgbm_leaves15_700",
      "target_hit_bps": 50.0,
      "trades": 203,
      "win_rate": 0.7093596059113301,
      "avg_return": -0.0006770586344886571,
      "median_return": 0.005,
      "compound_return": -0.14120603275585586,
      "max_drawdown": -0.19975471058079253,
      "profit_factor": 0.8394139140303314,
      "windows": 10
    },
    {
      "entry_policy": "all_days",
      "feature_group": "reversal_fundamental_regime_sector",
      "model_name": "xgb_d3_600_lr002_mcw3",
      "target_hit_bps": 50.0,
      "trades": 206,
      "win_rate": 0.7233009708737864,
      "avg_return": -0.0007065296893577333,
      "median_return": 0.005,
      "compound_return": -0.148009076777195,
      "max_drawdown": -0.17328047706447125,
      "profit_factor": 0.8365662633015486,
      "windows": 10
    },
    {
      "entry_policy": "all_days",
      "feature_group": "reversal_fundamental_regime",
      "model_name": "xgb_d4_500_lr002_mcw5",
      "target_hit_bps": 50.0,
      "trades": 185,
      "win_rate": 0.7135135135135136,
      "avg_return": -0.0008058557764211777,
      "median_return": 0.005,
      "compound_return": -0.1496425750939704,
      "max_drawdown": -0.16363235046472113,
      "profit_factor": 0.8157379898909572,
      "windows": 10
    },
    {
      "entry_policy": "all_days",
      "feature_group": "reversal_fundamental_regime_sector",
      "model_name": "lgbm_leaves7_400",
      "target_hit_bps": 50.0,
      "trades": 208,
      "win_rate": 0.6923076923076923,
      "avg_return": -0.0007603330246690443,
      "median_return": 0.005,
      "compound_return": -0.15717829909261616,
      "max_drawdown": -0.25821215068559245,
      "profit_factor": 0.8199061655114354,
      "windows": 10
    },
    {
      "entry_policy": "all_days",
      "feature_group": "reversal_fundamental_regime",
      "model_name": "xgb_d3_600_lr002_mcw3",
      "target_hit_bps": 50.0,
      "trades": 202,
      "win_rate": 0.7376237623762376,
      "avg_return": -0.0008074171056607893,
      "median_return": 0.005,
      "compound_return": -0.1641254244835939,
      "max_drawdown": -0.22649882600411797,
      "profit_factor": 0.8203958058681776,
      "windows": 10
    },
    {
      "entry_policy": "all_days",
      "feature_group": "reversal_fundamental_regime_sector",
      "model_name": "xgb_d3_400_lr003_mcw3",
      "target_hit_bps": 50.0,
      "trades": 214,
      "win_rate": 0.7242990654205608,
      "avg_return": -0.0011554221961163583,
      "median_return": 0.005,
      "compound_return": -0.23392876628289727,
      "max_drawdown": -0.2559942442257871,
      "profit_factor": 0.7581238967388073,
      "windows": 10
    },
    {
      "entry_policy": "all_days",
      "feature_group": "reversal_fundamental_regime_sector_external",
      "model_name": "xgb_d3_600_lr002_mcw3",
      "target_hit_bps": 50.0,
      "trades": 196,
      "win_rate": 0.7091836734693877,
      "avg_return": -0.0013294324168895706,
      "median_return": 0.005,
      "compound_return": -0.24388056763744603,
      "max_drawdown": -0.2770706717771111,
      "profit_factor": 0.7273155356968304,
      "windows": 10
    },
    {
      "entry_policy": "all_days",
      "feature_group": "reversal_fundamental_regime",
      "model_name": "lgbm_leaves7_400",
      "target_hit_bps": 50.0,
      "trades": 238,
      "win_rate": 0.7016806722689075,
      "avg_return": -0.0011422660946419614,
      "median_return": 0.005,
      "compound_return": -0.2519118233315558,
      "max_drawdown": -0.28424935797537254,
      "profit_factor": 0.7543867381992504,
      "windows": 10
    },
    {
      "entry_policy": "all_days",
      "feature_group": "all_no_ak",
      "model_name": "xgb_d3_600_lr002_mcw3",
      "target_hit_bps": 50.0,
      "trades": 173,
      "win_rate": 0.7109826589595376,
      "avg_return": -0.0016609539591620035,
      "median_return": 0.005,
      "compound_return": -0.2631821332583941,
      "max_drawdown": -0.27773611218129945,
      "profit_factor": 0.6815574710224709,
      "windows": 10
    },
    {
      "entry_policy": "all_days",
      "feature_group": "reversal_fundamental_regime_sector_external",
      "model_name": "lgbm_leaves7_400",
      "target_hit_bps": 50.0,
      "trades": 197,
      "win_rate": 0.700507614213198,
      "avg_return": -0.0015972199247809796,
      "median_return": 0.005,
      "compound_return": -0.28402532790025425,
      "max_drawdown": -0.2981676020733207,
      "profit_factor": 0.6868047609157749,
      "windows": 10
    },
    {
      "entry_policy": "all_days",
      "feature_group": "all_no_ak",
      "model_name": "xgb_d3_400_lr003_mcw3",
      "target_hit_bps": 50.0,
      "trades": 196,
      "win_rate": 0.7091836734693877,
      "avg_return": -0.0016084141273238538,
      "median_return": 0.005,
      "compound_return": -0.2844338763537103,
      "max_drawdown": -0.30898521494388465,
      "profit_factor": 0.6879490935078718,
      "windows": 10
    },
    {
      "entry_policy": "all_days",
      "feature_group": "reversal_fundamental_regime_sector_external",
      "model_name": "xgb_d2_200_lr003_mcw5",
      "target_hit_bps": 50.0,
      "trades": 180,
      "win_rate": 0.7166666666666667,
      "avg_return": -0.0019354648066011214,
      "median_return": 0.005,
      "compound_return": -0.3096831946118731,
      "max_drawdown": -0.32331866232952744,
      "profit_factor": 0.6492959594597333,
      "windows": 10
    },
    {
      "entry_policy": "all_days",
      "feature_group": "reversal_fundamental_regime",
      "model_name": "xgb_d2_200_lr003_mcw5",
      "target_hit_bps": 50.0,
      "trades": 251,
      "win_rate": 0.7091633466135459,
      "avg_return": -0.001392405174486311,
      "median_return": 0.005,
      "compound_return": -0.3113900027958394,
      "max_drawdown": -0.32608832586800596,
      "profit_factor": 0.7180351145507783,
      "windows": 10
    },
    {
      "entry_policy": "all_days",
      "feature_group": "all_no_ak",
      "model_name": "xgb_d2_200_lr003_mcw5",
      "target_hit_bps": 50.0,
      "trades": 178,
      "win_rate": 0.7134831460674157,
      "avg_return": -0.0019996790255645347,
      "median_return": 0.005,
      "compound_return": -0.31493489235159633,
      "max_drawdown": -0.3403553963226208,
      "profit_factor": 0.6408038459477093,
      "windows": 10
    },
    {
      "entry_policy": "all_days",
      "feature_group": "all_no_ak",
      "model_name": "extra_trees_600_d3",
      "target_hit_bps": 50.0,
      "trades": 151,
      "win_rate": 0.7417218543046358,
      "avg_return": -0.0023713569360847885,
      "median_return": 0.005,
      "compound_return": -0.3161429301886348,
      "max_drawdown": -0.34826545360682815,
      "profit_factor": 0.6099720203843453,
      "windows": 10
    },
    {
      "entry_policy": "all_days",
      "feature_group": "reversal_fundamental_regime_sector",
      "model_name": "xgb_d4_500_lr002_mcw5",
      "target_hit_bps": 50.0,
      "trades": 186,
      "win_rate": 0.7150537634408602,
      "avg_return": -0.0019302733193471994,
      "median_return": 0.005,
      "compound_return": -0.316613581510479,
      "max_drawdown": -0.32496761003869334,
      "profit_factor": 0.6493945062136492,
      "windows": 10
    }
  ]
}

[2026-05-17T12:26:15] RUN search_all_days_hit_80bps
  /usr/bin/python3 model_training/search_walk_forward_model_complexity.py --samples /root/stock_realtime_v021_full/saved_data/601991_pipeline_out_v2_new27_full/04_external/power_utility_rate/training_samples_with_power_utility_rate_external.csv --intraday-bars /root/stock_realtime_v021_full/saved_data/601991_pipeline_out_v2_new27_full/00_base/601991_5m.csv --out-dir /root/stock_realtime_v021_full/saved_data/601991_pipeline_out_v2_new27_full/10_search/search_all_days_hit_80bps --round-trip-cost-bps 1.7 --target-hit-bps 80.0 --label-mode hit --entry-policy all_days --entry-vwap-premium-bps 50.0 --max-missing 0.35 --groups reversal_fundamental_regime,reversal_fundamental_regime_sector,reversal_fundamental_regime_sector_external,all_no_ak --models xgb_d2_200_lr003_mcw5,xgb_d3_400_lr003_mcw3,xgb_d3_600_lr002_mcw3,xgb_d4_500_lr002_mcw5,lgbm_leaves7_400,lgbm_leaves15_700,extra_trees_600_d3,random_forest_600_d4 --quantiles 0.5,0.6,0.7,0.8 --train-rows 756 --valid-rows 126 --test-rows 63 --min-valid-trades 8 --min-train-entries 80
{
  "rows": 1539,
  "target_hit_bps": 80.0,
  "label_mode": "hit",
  "entry_policy": "all_days",
  "entry_vwap_premium_bps": 50.0,
  "groups": {
    "reversal_fundamental_regime": 137,
    "reversal_fundamental_regime_sector": 160,
    "reversal_fundamental_regime_sector_external": 405,
    "all_no_ak": 460
  },
  "models": [
    "xgb_d2_200_lr003_mcw5",
    "xgb_d3_400_lr003_mcw3",
    "xgb_d3_600_lr002_mcw3",
    "xgb_d4_500_lr002_mcw5",
    "extra_trees_600_d3",
    "random_forest_600_d4",
    "lgbm_leaves7_400",
    "lgbm_leaves15_700"
  ],
  "top": [
    {
      "entry_policy": "all_days",
      "feature_group": "reversal_fundamental_regime_sector",
      "model_name": "xgb_d3_400_lr003_mcw3",
      "target_hit_bps": 80.0,
      "trades": 204,
      "win_rate": 0.5882352941176471,
      "avg_return": -0.0012557320503517222,
      "median_return": 0.008,
      "compound_return": -0.24319300717429204,
      "max_drawdown": -0.28289507912234724,
      "profit_factor": 0.7844206880551509,
      "windows": 10
    },
    {
      "entry_policy": "all_days",
      "feature_group": "all_no_ak",
      "model_name": "lgbm_leaves7_400",
      "target_hit_bps": 80.0,
      "trades": 233,
      "win_rate": 0.6266094420600858,
      "avg_return": -0.0011270063502498808,
      "median_return": 0.008,
      "compound_return": -0.25102348264230767,
      "max_drawdown": -0.2616186612573278,
      "profit_factor": 0.8128417038434204,
      "windows": 10
    },
    {
      "entry_policy": "all_days",
      "feature_group": "reversal_fundamental_regime_sector_external",
      "model_name": "xgb_d3_400_lr003_mcw3",
      "target_hit_bps": 80.0,
      "trades": 227,
      "win_rate": 0.5726872246696035,
      "avg_return": -0.001265294101631354,
      "median_return": 0.008,
      "compound_return": -0.26586828877623825,
      "max_drawdown": -0.3577878568562055,
      "profit_factor": 0.7804804922884584,
      "windows": 10
    },
    {
      "entry_policy": "all_days",
      "feature_group": "reversal_fundamental_regime_sector",
      "model_name": "xgb_d3_600_lr002_mcw3",
      "target_hit_bps": 80.0,
      "trades": 216,
      "win_rate": 0.6018518518518519,
      "avg_return": -0.0013244304849947281,
      "median_return": 0.008,
      "compound_return": -0.2674460190490813,
      "max_drawdown": -0.3224587216428334,
      "profit_factor": 0.7816745136107139,
      "windows": 10
    },
    {
      "entry_policy": "all_days",
      "feature_group": "reversal_fundamental_regime_sector",
      "model_name": "extra_trees_600_d3",
      "target_hit_bps": 80.0,
      "trades": 200,
      "win_rate": 0.645,
      "avg_return": -0.0015487512877307339,
      "median_return": 0.008,
      "compound_return": -0.28737383247896386,
      "max_drawdown": -0.33006427958685913,
      "profit_factor": 0.7680561537170946,
      "windows": 10
    },
    {
      "entry_policy": "all_days",
      "feature_group": "all_no_ak",
      "model_name": "lgbm_leaves15_700",
      "target_hit_bps": 80.0,
      "trades": 216,
      "win_rate": 0.5740740740740741,
      "avg_return": -0.0014916628357615096,
      "median_return": 0.008,
      "compound_return": -0.29198596458788617,
      "max_drawdown": -0.3275071797710347,
      "profit_factor": 0.7503408340222033,
      "windows": 10
    },
    {
      "entry_policy": "all_days",
      "feature_group": "reversal_fundamental_regime_sector",
      "model_name": "lgbm_leaves7_400",
      "target_hit_bps": 80.0,
      "trades": 236,
      "win_rate": 0.5889830508474576,
      "avg_return": -0.0013847442692637455,
      "median_return": 0.008,
      "compound_return": -0.295486323614667,
      "max_drawdown": -0.32620731205721687,
      "profit_factor": 0.7696595514749458,
      "windows": 10
    },
    {
      "entry_policy": "all_days",
      "feature_group": "reversal_fundamental_regime",
      "model_name": "lgbm_leaves7_400",
      "target_hit_bps": 80.0,
      "trades": 237,
      "win_rate": 0.5991561181434599,
      "avg_return": -0.0013980997909411785,
      "median_return": 0.008,
      "compound_return": -0.3009620601934557,
      "max_drawdown": -0.34359527638588605,
      "profit_factor": 0.7726386312494388,
      "windows": 10
    },
    {
      "entry_policy": "all_days",
      "feature_group": "reversal_fundamental_regime",
      "model_name": "xgb_d3_600_lr002_mcw3",
      "target_hit_bps": 80.0,
      "trades": 218,
      "win_rate": 0.6009174311926605,
      "avg_return": -0.0015369909445569641,
      "median_return": 0.008,
      "compound_return": -0.3044078054613254,
      "max_drawdown": -0.3416055180791787,
      "profit_factor": 0.7559771136353646,
      "windows": 10
    },
    {
      "entry_policy": "all_days",
      "feature_group": "reversal_fundamental_regime_sector_external",
      "model_name": "lgbm_leaves15_700",
      "target_hit_bps": 80.0,
      "trades": 215,
      "win_rate": 0.5674418604651162,
      "avg_return": -0.001620413823152295,
      "median_return": 0.008,
      "compound_return": -0.31012661641922046,
      "max_drawdown": -0.3423327786265602,
      "profit_factor": 0.7351817660818765,
      "windows": 10
    },
    {
      "entry_policy": "all_days",
      "feature_group": "all_no_ak",
      "model_name": "extra_trees_600_d3",
      "target_hit_bps": 80.0,
      "trades": 220,
      "win_rate": 0.6318181818181818,
      "avg_return": -0.001562668628327208,
      "median_return": 0.008,
      "compound_return": -0.3122823111079134,
      "max_drawdown": -0.3979302093536766,
      "profit_factor": 0.7614006115676235,
      "windows": 10
    },
    {
      "entry_policy": "all_days",
      "feature_group": "reversal_fundamental_regime",
      "model_name": "xgb_d3_400_lr003_mcw3",
      "target_hit_bps": 80.0,
      "trades": 210,
      "win_rate": 0.5904761904761905,
      "avg_return": -0.0016775971755027155,
      "median_return": 0.008,
      "compound_return": -0.3141092721860612,
      "max_drawdown": -0.34612950743825865,
      "profit_factor": 0.7361398944064743,
      "windows": 10
    },
    {
      "entry_policy": "all_days",
      "feature_group": "reversal_fundamental_regime_sector",
      "model_name": "xgb_d4_500_lr002_mcw5",
      "target_hit_bps": 80.0,
      "trades": 211,
      "win_rate": 0.5639810426540285,
      "avg_return": -0.00171738012272817,
      "median_return": 0.008,
      "compound_return": -0.32032035291307215,
      "max_drawdown": -0.3499584299053111,
      "profit_factor": 0.7200664584831318,
      "windows": 10
    },
    {
      "entry_policy": "all_days",
      "feature_group": "reversal_fundamental_regime",
      "model_name": "lgbm_leaves15_700",
      "target_hit_bps": 80.0,
      "trades": 220,
      "win_rate": 0.5909090909090909,
      "avg_return": -0.001648254517284974,
      "median_return": 0.008,
      "compound_return": -0.3205094292580115,
      "max_drawdown": -0.35127669693853436,
      "profit_factor": 0.7395010338547302,
      "windows": 10
    },
    {
      "entry_policy": "all_days",
      "feature_group": "reversal_fundamental_regime_sector_external",
      "model_name": "extra_trees_600_d3",
      "target_hit_bps": 80.0,
      "trades": 243,
      "win_rate": 0.6419753086419753,
      "avg_return": -0.001455780627602367,
      "median_return": 0.008,
      "compound_return": -0.3209335546504555,
      "max_drawdown": -0.3786975141016732,
      "profit_factor": 0.777779585805173,
      "windows": 10
    },
    {
      "entry_policy": "all_days",
      "feature_group": "reversal_fundamental_regime_sector",
      "model_name": "random_forest_600_d4",
      "target_hit_bps": 80.0,
      "trades": 192,
      "win_rate": 0.625,
      "avg_return": -0.00188102920252746,
      "median_return": 0.008,
      "compound_return": -0.322999766900407,
      "max_drawdown": -0.34917618281250484,
      "profit_factor": 0.7264607416011398,
      "windows": 10
    },
    {
      "entry_policy": "all_days",
      "feature_group": "all_no_ak",
      "model_name": "xgb_d3_400_lr003_mcw3",
      "target_hit_bps": 80.0,
      "trades": 221,
      "win_rate": 0.5610859728506787,
      "avg_return": -0.0017827373253648578,
      "median_return": 0.008,
      "compound_return": -0.3421069812233132,
      "max_drawdown": -0.3811742447663786,
      "profit_factor": 0.7115576201400918,
      "windows": 10
    },
    {
      "entry_policy": "all_days",
      "feature_group": "reversal_fundamental_regime",
      "model_name": "extra_trees_600_d3",
      "target_hit_bps": 80.0,
      "trades": 209,
      "win_rate": 0.6172248803827751,
      "avg_return": -0.001896485430933401,
      "median_return": 0.008,
      "compound_return": -0.3469285953128196,
      "max_drawdown": -0.3924920358434407,
      "profit_factor": 0.7221863784387611,
      "windows": 10
    },
    {
      "entry_policy": "all_days",
      "feature_group": "reversal_fundamental_regime",
      "model_name": "xgb_d4_500_lr002_mcw5",
      "target_hit_bps": 80.0,
      "trades": 222,
      "win_rate": 0.5900900900900901,
      "avg_return": -0.001807604081732733,
      "median_return": 0.008,
      "compound_return": -0.349484886954322,
      "max_drawdown": -0.38915877283610223,
      "profit_factor": 0.7201129056233846,
      "windows": 10
    },
    {
      "entry_policy": "all_days",
      "feature_group": "all_no_ak",
      "model_name": "random_forest_600_d4",
      "target_hit_bps": 80.0,
      "trades": 234,
      "win_rate": 0.6068376068376068,
      "avg_return": -0.0017871713918757243,
      "median_return": 0.008,
      "compound_return": -0.36252335416667936,
      "max_drawdown": -0.43245045653388303,
      "profit_factor": 0.7292722907025357,
      "windows": 10
    }
  ]
}

[2026-05-17T12:45:25] RUN search_all_days_close_profit_50bps
  /usr/bin/python3 model_training/search_walk_forward_model_complexity.py --samples /root/stock_realtime_v021_full/saved_data/601991_pipeline_out_v2_new27_full/04_external/power_utility_rate/training_samples_with_power_utility_rate_external.csv --intraday-bars /root/stock_realtime_v021_full/saved_data/601991_pipeline_out_v2_new27_full/00_base/601991_5m.csv --out-dir /root/stock_realtime_v021_full/saved_data/601991_pipeline_out_v2_new27_full/10_search/search_all_days_close_profit_50bps --round-trip-cost-bps 1.7 --target-hit-bps 50.0 --label-mode close_profit --entry-policy all_days --entry-vwap-premium-bps 50.0 --max-missing 0.35 --groups reversal_fundamental_regime,reversal_fundamental_regime_sector,reversal_fundamental_regime_sector_external,all_no_ak --models xgb_d2_200_lr003_mcw5,xgb_d3_400_lr003_mcw3,xgb_d3_600_lr002_mcw3,xgb_d4_500_lr002_mcw5,lgbm_leaves7_400,lgbm_leaves15_700,extra_trees_600_d3,random_forest_600_d4 --quantiles 0.5,0.6,0.7,0.8 --train-rows 756 --valid-rows 126 --test-rows 63 --min-valid-trades 8 --min-train-entries 80
{
  "rows": 1539,
  "target_hit_bps": 50.0,
  "label_mode": "close_profit",
  "entry_policy": "all_days",
  "entry_vwap_premium_bps": 50.0,
  "groups": {
    "reversal_fundamental_regime": 137,
    "reversal_fundamental_regime_sector": 160,
    "reversal_fundamental_regime_sector_external": 405,
    "all_no_ak": 460
  },
  "models": [
    "xgb_d2_200_lr003_mcw5",
    "xgb_d3_400_lr003_mcw3",
    "xgb_d3_600_lr002_mcw3",
    "xgb_d4_500_lr002_mcw5",
    "extra_trees_600_d3",
    "random_forest_600_d4",
    "lgbm_leaves7_400",
    "lgbm_leaves15_700"
  ],
  "top": [
    {
      "entry_policy": "all_days",
      "feature_group": "reversal_fundamental_regime_sector_external",
      "model_name": "lgbm_leaves15_700",
      "target_hit_bps": 50.0,
      "trades": 164,
      "win_rate": 0.524390243902439,
      "avg_return": 0.001432292106720197,
      "median_return": 0.0030482893278035474,
      "compound_return": 0.22992309598785732,
      "max_drawdown": -0.1319689483433073,
      "profit_factor": 1.2205824562732892,
      "windows": 10
    },
    {
      "entry_policy": "all_days",
      "feature_group": "reversal_fundamental_regime",
      "model_name": "extra_trees_600_d3",
      "target_hit_bps": 50.0,
      "trades": 164,
      "win_rate": 0.45121951219512196,
      "avg_return": 0.001328591069826164,
      "median_return": -0.00016999999999999999,
      "compound_return": 0.20565476695346896,
      "max_drawdown": -0.1645878497497384,
      "profit_factor": 1.2065697080701172,
      "windows": 10
    },
    {
      "entry_policy": "all_days",
      "feature_group": "reversal_fundamental_regime_sector",
      "model_name": "lgbm_leaves7_400",
      "target_hit_bps": 50.0,
      "trades": 195,
      "win_rate": 0.4256410256410256,
      "avg_return": 0.0008601638593536927,
      "median_return": -0.00016999999999999999,
      "compound_return": 0.14560005752933125,
      "max_drawdown": -0.2396020137849918,
      "profit_factor": 1.1349859797261264,
      "windows": 10
    },
    {
      "entry_policy": "all_days",
      "feature_group": "reversal_fundamental_regime_sector",
      "model_name": "xgb_d3_400_lr003_mcw3",
      "target_hit_bps": 50.0,
      "trades": 187,
      "win_rate": 0.43315508021390375,
      "avg_return": 0.0007692389610897505,
      "median_return": -0.00016999999999999999,
      "compound_return": 0.12076148588901026,
      "max_drawdown": -0.21225466695689532,
      "profit_factor": 1.1193272782439936,
      "windows": 10
    },
    {
      "entry_policy": "all_days",
      "feature_group": "reversal_fundamental_regime_sector",
      "model_name": "xgb_d3_600_lr002_mcw3",
      "target_hit_bps": 50.0,
      "trades": 168,
      "win_rate": 0.43452380952380953,
      "avg_return": 0.0008298713139329626,
      "median_return": -0.00016999999999999999,
      "compound_return": 0.11808116130144519,
      "max_drawdown": -0.21479611992080005,
      "profit_factor": 1.1265415837082848,
      "windows": 10
    },
    {
      "entry_policy": "all_days",
      "feature_group": "reversal_fundamental_regime_sector",
      "model_name": "xgb_d4_500_lr002_mcw5",
      "target_hit_bps": 50.0,
      "trades": 180,
      "win_rate": 0.4777777777777778,
      "avg_return": 0.0006259295694129965,
      "median_return": -0.00016999999999999999,
      "compound_return": 0.0892231489497659,
      "max_drawdown": -0.21268526511502284,
      "profit_factor": 1.0956959699860385,
      "windows": 10
    },
    {
      "entry_policy": "all_days",
      "feature_group": "all_no_ak",
      "model_name": "lgbm_leaves15_700",
      "target_hit_bps": 50.0,
      "trades": 192,
      "win_rate": 0.46875,
      "avg_return": 0.0005209777092633621,
      "median_return": -0.00016999999999999999,
      "compound_return": 0.0721554916429965,
      "max_drawdown": -0.18983591285587686,
      "profit_factor": 1.0810027933230764,
      "windows": 10
    },
    {
      "entry_policy": "all_days",
      "feature_group": "reversal_fundamental_regime_sector",
      "model_name": "extra_trees_600_d3",
      "target_hit_bps": 50.0,
      "trades": 171,
      "win_rate": 0.47953216374269003,
      "avg_return": 0.0005758373318568433,
      "median_return": -0.00016999999999999999,
      "compound_return": 0.05273451930356132,
      "max_drawdown": -0.17959812273215692,
      "profit_factor": 1.0713349857619754,
      "windows": 10
    },
    {
      "entry_policy": "all_days",
      "feature_group": "reversal_fundamental_regime_sector",
      "model_name": "lgbm_leaves15_700",
      "target_hit_bps": 50.0,
      "trades": 231,
      "win_rate": 0.4458874458874459,
      "avg_return": 0.00031351043861968454,
      "median_return": -0.00016999999999999999,
      "compound_return": 0.038791558607788046,
      "max_drawdown": -0.2741361043165126,
      "profit_factor": 1.048200550747958,
      "windows": 10
    },
    {
      "entry_policy": "all_days",
      "feature_group": "reversal_fundamental_regime",
      "model_name": "lgbm_leaves15_700",
      "target_hit_bps": 50.0,
      "trades": 222,
      "win_rate": 0.44144144144144143,
      "avg_return": 0.00035129807247999813,
      "median_return": -0.00016999999999999999,
      "compound_return": 0.03521909335217854,
      "max_drawdown": -0.26761148564421255,
      "profit_factor": 1.0489821339684173,
      "windows": 10
    },
    {
      "entry_policy": "all_days",
      "feature_group": "all_no_ak",
      "model_name": "xgb_d3_600_lr002_mcw3",
      "target_hit_bps": 50.0,
      "trades": 210,
      "win_rate": 0.44761904761904764,
      "avg_return": 0.00019757486114105262,
      "median_return": -0.00016999999999999999,
      "compound_return": 0.00962999538975029,
      "max_drawdown": -0.2363165567784793,
      "profit_factor": 1.030667237766506,
      "windows": 10
    },
    {
      "entry_policy": "all_days",
      "feature_group": "reversal_fundamental_regime_sector_external",
      "model_name": "xgb_d3_600_lr002_mcw3",
      "target_hit_bps": 50.0,
      "trades": 190,
      "win_rate": 0.45263157894736844,
      "avg_return": 0.00012206711643325453,
      "median_return": -0.00016999999999999999,
      "compound_return": -0.004794497650151053,
      "max_drawdown": -0.1649597573090864,
      "profit_factor": 1.0198675930156669,
      "windows": 10
    },
    {
      "entry_policy": "all_days",
      "feature_group": "reversal_fundamental_regime",
      "model_name": "xgb_d3_600_lr002_mcw3",
      "target_hit_bps": 50.0,
      "trades": 222,
      "win_rate": 0.43243243243243246,
      "avg_return": 0.00013935130186116396,
      "median_return": -0.00016999999999999999,
      "compound_return": -0.007342182616587922,
      "max_drawdown": -0.2641436824074018,
      "profit_factor": 1.0198042020975793,
      "windows": 10
    },
    {
      "entry_policy": "all_days",
      "feature_group": "reversal_fundamental_regime_sector_external",
      "model_name": "xgb_d3_400_lr003_mcw3",
      "target_hit_bps": 50.0,
      "trades": 187,
      "win_rate": 0.44385026737967914,
      "avg_return": 5.371975052341028e-05,
      "median_return": -0.00016999999999999999,
      "compound_return": -0.018890415489499324,
      "max_drawdown": -0.2166289042793822,
      "profit_factor": 1.0085696365907768,
      "windows": 10
    },
    {
      "entry_policy": "all_days",
      "feature_group": "reversal_fundamental_regime",
      "model_name": "xgb_d3_400_lr003_mcw3",
      "target_hit_bps": 50.0,
      "trades": 207,
      "win_rate": 0.4251207729468599,
      "avg_return": -8.84412451242741e-05,
      "median_return": -0.00016999999999999999,
      "compound_return": -0.053074037299362775,
      "max_drawdown": -0.28955682847711506,
      "profit_factor": 0.9876559714135468,
      "windows": 10
    },
    {
      "entry_policy": "all_days",
      "feature_group": "all_no_ak",
      "model_name": "random_forest_600_d4",
      "target_hit_bps": 50.0,
      "trades": 189,
      "win_rate": 0.43386243386243384,
      "avg_return": -0.00012118634644356393,
      "median_return": -0.00016999999999999999,
      "compound_return": -0.05672407750685304,
      "max_drawdown": -0.17875782358182268,
      "profit_factor": 0.9827034529115004,
      "windows": 10
    },
    {
      "entry_policy": "all_days",
      "feature_group": "reversal_fundamental_regime",
      "model_name": "random_forest_600_d4",
      "target_hit_bps": 50.0,
      "trades": 183,
      "win_rate": 0.4371584699453552,
      "avg_return": -0.00013408535466032792,
      "median_return": -0.00016999999999999999,
      "compound_return": -0.058282216596534764,
      "max_drawdown": -0.2773519435135279,
      "profit_factor": 0.9823280149794675,
      "windows": 10
    },
    {
      "entry_policy": "all_days",
      "feature_group": "reversal_fundamental_regime_sector_external",
      "model_name": "xgb_d4_500_lr002_mcw5",
      "target_hit_bps": 50.0,
      "trades": 177,
      "win_rate": 0.4463276836158192,
      "avg_return": -0.00031196124358298834,
      "median_return": -0.00016999999999999999,
      "compound_return": -0.08115701195146041,
      "max_drawdown": -0.2037336252294284,
      "profit_factor": 0.9550344816035645,
      "windows": 10
    },
    {
      "entry_policy": "all_days",
      "feature_group": "reversal_fundamental_regime_sector_external",
      "model_name": "random_forest_600_d4",
      "target_hit_bps": 50.0,
      "trades": 193,
      "win_rate": 0.43523316062176165,
      "avg_return": -0.00030901406278878923,
      "median_return": -0.00016999999999999999,
      "compound_return": -0.09246115924050069,
      "max_drawdown": -0.22768563380077633,
      "profit_factor": 0.9577620600931568,
      "windows": 10
    },
    {
      "entry_policy": "all_days",
      "feature_group": "all_no_ak",
      "model_name": "extra_trees_600_d3",
      "target_hit_bps": 50.0,
      "trades": 174,
      "win_rate": 0.4367816091954023,
      "avg_return": -0.00036628105579688977,
      "median_return": -0.00016999999999999999,
      "compound_return": -0.09714635417457695,
      "max_drawdown": -0.2305755309530111,
      "profit_factor": 0.952571767017427,
      "windows": 10
    }
  ]
}

[2026-05-17T13:04:38] RUN summarize
  /usr/bin/python3 model_training/summarize_nextday_search_results.py --pipeline-out /root/stock_realtime_v021_full/saved_data/601991_pipeline_out_v2_new27_full --out-dir /root/stock_realtime_v021_full/saved_data/601991_pipeline_out_v2_new27_full/99_summary --excel
{
  "rows": 192,
  "outputs": {
    "final_leaderboard": "/root/stock_realtime_v021_full/saved_data/601991_pipeline_out_v2_new27_full/99_summary/final_leaderboard.csv",
    "best_by_target_top5": "/root/stock_realtime_v021_full/saved_data/601991_pipeline_out_v2_new27_full/99_summary/best_by_target_top5.csv",
    "best_by_entry_policy_top5": "/root/stock_realtime_v021_full/saved_data/601991_pipeline_out_v2_new27_full/99_summary/best_by_entry_policy_top5.csv",
    "excel": "/root/stock_realtime_v021_full/saved_data/601991_pipeline_out_v2_new27_full/99_summary/final_leaderboard.xlsx",
    "summary_manifest": "/root/stock_realtime_v021_full/saved_data/601991_pipeline_out_v2_new27_full/99_summary/summary_manifest.json"
  }
}
=== nextday pipeline end: 2026-05-17T13:04:39 status=ok ===
