=== nextday pipeline start: 2026-05-18T16:42:09 ===
symbol=002261.SZ, out_root=/root/stock_realtime_v021_full/saved_data/002261_pipeline_out_v2_new27_full

[2026-05-18T16:42:09] RUN update_data
  /usr/bin/python3 bootstrap/ashare_xgb_dual_opportunity_regression_baostock_full_v19_compressed_trading_axis.py --mode update_data --symbol 002261 --benchmark_symbol 000300 --daily_start 2018-01-01 --daily_end 2026-05-15 --intraday_start '2018-01-01 09:30:00' --intraday_end '2026-05-15 15:00:00' --output_dir /root/stock_realtime_v021_full/saved_data/002261_pipeline_out_v2_new27_full/00_base --cache_mode incremental --feature_cache_mode incremental --adjust qfq
/root/stock_realtime_v021_full/bootstrap/ashare_fetch_and_train_xgb_sell_signal_baostock_state_cache_helper_fix2.py:246: FutureWarning: The behavior of DataFrame concatenation with empty or all-NA entries is deprecated. In a future version, this will no longer exclude empty or all-NA columns when determining the result dtypes. To retain the old behavior, exclude the relevant entries before the concat operation.
  merged = _normalize_daily_df(pd.concat([df_old, df_new], axis=0, ignore_index=True))
/root/stock_realtime_v021_full/bootstrap/ashare_fetch_and_train_xgb_sell_signal_baostock_state_cache_helper_fix2.py:248: FutureWarning: The behavior of DataFrame concatenation with empty or all-NA entries is deprecated. In a future version, this will no longer exclude empty or all-NA columns when determining the result dtypes. To retain the old behavior, exclude the relevant entries before the concat operation.
  merged = _normalize_intraday_df(pd.concat([df_old, df_new], axis=0, ignore_index=True))
/root/stock_realtime_v021_full/bootstrap/ashare_fetch_and_train_xgb_sell_signal_baostock_state_cache_helper_fix2.py:254: FutureWarning: The behavior of DataFrame concatenation with empty or all-NA entries is deprecated. In a future version, this will no longer exclude empty or all-NA columns when determining the result dtypes. To retain the old behavior, exclude the relevant entries before the concat operation.
  merged = _normalize_bench_df(pd.concat([df_old, df_new], axis=0, ignore_index=True))
/root/stock_realtime_v021_full/bootstrap/ashare_fetch_and_train_xgb_sell_signal_baostock_state_cache_helper_fix2.py:250: FutureWarning: The behavior of DataFrame concatenation with empty or all-NA entries is deprecated. In a future version, this will no longer exclude empty or all-NA columns when determining the result dtypes. To retain the old behavior, exclude the relevant entries before the concat operation.
  merged = _normalize_daily_feature_df(pd.concat([df_old, df_new], axis=0, ignore_index=True))
/root/stock_realtime_v021_full/bootstrap/ashare_fetch_and_train_xgb_sell_signal_baostock_state_cache_helper_fix2.py:252: FutureWarning: The behavior of DataFrame concatenation with empty or all-NA entries is deprecated. In a future version, this will no longer exclude empty or all-NA columns when determining the result dtypes. To retain the old behavior, exclude the relevant entries before the concat operation.
  merged = _normalize_intraday_feature_df(pd.concat([df_old, df_new], axis=0, ignore_index=True))
login success!
logout success!
login success!
logout success!
login success!
logout success!
{
  "mode": "update_data",
  "symbol": "002261",
  "data_source": "baostock",
  "daily_rows": 2027,
  "intraday_rows": 73920,
  "daily_min": "2018-01-02 00:00:00",
  "daily_max": "2026-05-15 00:00:00",
  "intraday_min": "2020-01-02 09:35:00",
  "intraday_max": "2026-05-15 15:00:00",
  "base_paths": {
    "daily_csv": "/root/stock_realtime_v021_full/saved_data/002261_pipeline_out_v2_new27_full/00_base/002261_daily.csv",
    "intraday_csv": "/root/stock_realtime_v021_full/saved_data/002261_pipeline_out_v2_new27_full/00_base/002261_5m.csv",
    "benchmark_csv": "/root/stock_realtime_v021_full/saved_data/002261_pipeline_out_v2_new27_full/00_base/000300_benchmark_daily.csv",
    "raw_daily_cache_csv": "/root/stock_realtime_v021_full/saved_data/002261_pipeline_out_v2_new27_full/00_base/raw_cache/002261_daily_raw.csv",
    "raw_intraday_cache_csv": "/root/stock_realtime_v021_full/saved_data/002261_pipeline_out_v2_new27_full/00_base/raw_cache/002261_5m_raw.csv",
    "raw_benchmark_cache_csv": "/root/stock_realtime_v021_full/saved_data/002261_pipeline_out_v2_new27_full/00_base/raw_cache/000300_benchmark_daily_raw.csv",
    "daily_features_csv": "/root/stock_realtime_v021_full/saved_data/002261_pipeline_out_v2_new27_full/00_base/daily_features.csv",
    "intraday_features_csv": "/root/stock_realtime_v021_full/saved_data/002261_pipeline_out_v2_new27_full/00_base/intraday_features.csv",
    "daily_features_cache_csv": "/root/stock_realtime_v021_full/saved_data/002261_pipeline_out_v2_new27_full/00_base/feature_cache/daily_features_cache.csv",
    "intraday_features_cache_csv": "/root/stock_realtime_v021_full/saved_data/002261_pipeline_out_v2_new27_full/00_base/feature_cache/intraday_features_cache.csv",
    "feature_state_json": "/root/stock_realtime_v021_full/saved_data/002261_pipeline_out_v2_new27_full/00_base/feature_cache/feature_state.json"
  },
  "fetch_logs": {
    "symbol": "002261",
    "benchmark_symbol": "000300",
    "daily_start": "2018-01-01",
    "daily_end": "2026-05-15",
    "intraday_start": "2018-01-01 09:30:00",
    "intraday_end": "2026-05-15 15:00:00",
    "perf_start": "2018-01-01",
    "data_source": "baostock",
    "cache_mode": "incremental",
    "force_refresh": false,
    "raw_cache_dir": "/root/stock_realtime_v021_full/saved_data/002261_pipeline_out_v2_new27_full/00_base/raw_cache",
    "feature_cache_dir": "/root/stock_realtime_v021_full/saved_data/002261_pipeline_out_v2_new27_full/00_base/feature_cache",
    "feature_cache_mode": "incremental",
    "daily": {
      "cache_path": "/root/stock_realtime_v021_full/saved_data/002261_pipeline_out_v2_new27_full/00_base/raw_cache/002261_daily_raw.csv",
      "requested_start": "2018-01-01",
      "requested_end": "2026-05-15",
      "mode": "initial_fetch",
      "fetch_segments": [
        {
          "provider": "baostock",
          "code": "sz.002261",
          "adjustflag": "2",
          "rows": 2027,
          "start": "2018-01-01",
          "end": "2026-05-15"
        }
      ],
      "cache_after": {
        "rows": 2027,
        "min": "2018-01-02 00:00:00",
        "max": "2026-05-15 00:00:00"
      }
    },
    "intraday_5m": {
      "cache_path": "/root/stock_realtime_v021_full/saved_data/002261_pipeline_out_v2_new27_full/00_base/raw_cache/002261_5m_raw.csv",
      "requested_start": "2018-01-01 09:30:00",
      "requested_end": "2026-05-15 15:00:00",
      "mode": "initial_fetch",
      "fetch_segments": [
        {
          "provider": "baostock",
          "code": "sz.002261",
          "adjustflag": "2",
          "requested_start": "2018-01-01 09:30:00",
          "effective_start": "2018-01-01 09:30:00",
          "requested_end": "2026-05-15 15:00:00",
          "rows": 73920
        }
      ],
      "cache_after": {
        "rows": 73920,
        "min": "2020-01-02 09:35:00",
        "max": "2026-05-15 15:00:00"
      }
    },
    "benchmark_daily": {
      "cache_path": "/root/stock_realtime_v021_full/saved_data/002261_pipeline_out_v2_new27_full/00_base/raw_cache/000300_benchmark_daily_raw.csv",
      "requested_start": "2018-01-01",
      "requested_end": "2026-05-15",
      "mode": "initial_fetch",
      "fetch_segments": [
        {
          "provider": "baostock",
          "code": "sh.000300",
          "rows": 2027,
          "start": "2018-01-01",
          "end": "2026-05-15"
        }
      ],
      "cache_after": {
        "rows": 2027,
        "min": "2018-01-02 00:00:00",
        "max": "2026-05-15 00:00:00"
      }
    },
    "feature_build": {
      "mode": "full_rebuild",
      "reason": "feature_cache_missing",
      "daily_cache_after": {
        "rows": 2027,
        "min": "2018-01-02 00:00:00",
        "max": "2026-05-15 00:00:00"
      },
      "intraday_cache_after": {
        "rows": 73920,
        "min": "2020-01-02 09:35:00",
        "max": "2026-05-15 15:00:00"
      },
      "daily_context_days": 260,
      "intraday_context_days": 40,
      "daily_appended_rows": 2027,
      "intraday_appended_rows": 73920
    },
    "feature_state": {
      "daily_feature_max": "2026-05-15 00:00:00",
      "intraday_feature_max": "2026-05-15 15:00:00",
      "daily_context_days": 260,
      "intraday_context_days": 40,
      "feature_build_mode": "full_rebuild"
    }
  }
}

[2026-05-18T16:46:23] RUN samples
  /usr/bin/python3 feature_building/build_nextday_samples_from_baostock.py --daily-features /root/stock_realtime_v021_full/saved_data/002261_pipeline_out_v2_new27_full/00_base/daily_features.csv --intraday-bars /root/stock_realtime_v021_full/saved_data/002261_pipeline_out_v2_new27_full/00_base/002261_5m.csv --out-dir /root/stock_realtime_v021_full/saved_data/002261_pipeline_out_v2_new27_full/01_samples --min-bars 40 --keep-unlabeled-tail
{
  "rows": 1540,
  "date_min": "2020-01-02",
  "date_max": "2026-05-15",
  "out": "/root/stock_realtime_v021_full/saved_data/002261_pipeline_out_v2_new27_full/01_samples/training_samples.csv"
}

[2026-05-18T16:46:24] RUN fundamental
  /usr/bin/python3 feature_building/build_fundamental_features.py --symbol 002261.SZ --daily-samples /root/stock_realtime_v021_full/saved_data/002261_pipeline_out_v2_new27_full/01_samples/training_samples.csv --out-dir /root/stock_realtime_v021_full/saved_data/002261_pipeline_out_v2_new27_full/02_fundamental --start-date 2018-01-01 --end-date 2026-05-15 --fallback-lag-days 120
login success!
[Errno 104] Connection reset by peer
接收数据异常，请稍后再试。
[Errno 32] Broken pipe
接收数据异常，请稍后再试。
[Errno 32] Broken pipe
接收数据异常，请稍后再试。
[Errno 32] Broken pipe
接收数据异常，请稍后再试。
[Errno 32] Broken pipe
接收数据异常，请稍后再试。
[Errno 32] Broken pipe
接收数据异常，请稍后再试。
[Errno 32] Broken pipe
接收数据异常，请稍后再试。
[Errno 32] Broken pipe
接收数据异常，请稍后再试。
[Errno 32] Broken pipe
接收数据异常，请稍后再试。
[Errno 32] Broken pipe
接收数据异常，请稍后再试。
[Errno 32] Broken pipe
接收数据异常，请稍后再试。
[Errno 32] Broken pipe
接收数据异常，请稍后再试。
[Errno 32] Broken pipe
接收数据异常，请稍后再试。
[Errno 32] Broken pipe
接收数据异常，请稍后再试。
[Errno 32] Broken pipe
接收数据异常，请稍后再试。
[Errno 32] Broken pipe
接收数据异常，请稍后再试。
[Errno 32] Broken pipe
接收数据异常，请稍后再试。
[Errno 32] Broken pipe
接收数据异常，请稍后再试。
[Errno 32] Broken pipe
接收数据异常，请稍后再试。
[Errno 32] Broken pipe
接收数据异常，请稍后再试。
[Errno 32] Broken pipe
接收数据异常，请稍后再试。
[Errno 32] Broken pipe
接收数据异常，请稍后再试。
[Errno 32] Broken pipe
接收数据异常，请稍后再试。
[Errno 32] Broken pipe
接收数据异常，请稍后再试。
[Errno 32] Broken pipe
接收数据异常，请稍后再试。
[Errno 32] Broken pipe
接收数据异常，请稍后再试。
[Errno 32] Broken pipe
接收数据异常，请稍后再试。
[Errno 32] Broken pipe
接收数据异常，请稍后再试。
[Errno 32] Broken pipe
接收数据异常，请稍后再试。
[Errno 32] Broken pipe
接收数据异常，请稍后再试。
[Errno 32] Broken pipe
接收数据异常，请稍后再试。
[Errno 32] Broken pipe
接收数据异常，请稍后再试。
[Errno 32] Broken pipe
接收数据异常，请稍后再试。
[Errno 32] Broken pipe
接收数据异常，请稍后再试。
[Errno 32] Broken pipe
接收数据异常，请稍后再试。
[Errno 32] Broken pipe
接收数据异常，请稍后再试。
[Errno 32] Broken pipe
接收数据异常，请稍后再试。
[Errno 32] Broken pipe
接收数据异常，请稍后再试。
[Errno 32] Broken pipe
接收数据异常，请稍后再试。
[Errno 32] Broken pipe
接收数据异常，请稍后再试。
[Errno 32] Broken pipe
接收数据异常，请稍后再试。
[Errno 32] Broken pipe
接收数据异常，请稍后再试。
[Errno 32] Broken pipe
接收数据异常，请稍后再试。
[Errno 32] Broken pipe
接收数据异常，请稍后再试。
[Errno 32] Broken pipe
接收数据异常，请稍后再试。
[Errno 32] Broken pipe
接收数据异常，请稍后再试。
[Errno 32] Broken pipe
接收数据异常，请稍后再试。
[Errno 32] Broken pipe
接收数据异常，请稍后再试。
[Errno 32] Broken pipe
接收数据异常，请稍后再试。
[Errno 32] Broken pipe
接收数据异常，请稍后再试。
[Errno 32] Broken pipe
接收数据异常，请稍后再试。
[Errno 32] Broken pipe
接收数据异常，请稍后再试。
[Errno 32] Broken pipe
接收数据异常，请稍后再试。
[Errno 32] Broken pipe
接收数据异常，请稍后再试。
[Errno 32] Broken pipe
接收数据异常，请稍后再试。
[Errno 32] Broken pipe
接收数据异常，请稍后再试。
[Errno 32] Broken pipe
接收数据异常，请稍后再试。
[Errno 32] Broken pipe
接收数据异常，请稍后再试。
[Errno 32] Broken pipe
接收数据异常，请稍后再试。
[Errno 32] Broken pipe
接收数据异常，请稍后再试。
[Errno 32] Broken pipe
接收数据异常，请稍后再试。
[Errno 32] Broken pipe
接收数据异常，请稍后再试。
[Errno 32] Broken pipe
接收数据异常，请稍后再试。
[Errno 32] Broken pipe
接收数据异常，请稍后再试。
[Errno 32] Broken pipe
接收数据异常，请稍后再试。
[Errno 32] Broken pipe
接收数据异常，请稍后再试。
[Errno 32] Broken pipe
接收数据异常，请稍后再试。
[Errno 32] Broken pipe
接收数据异常，请稍后再试。
[Errno 32] Broken pipe
接收数据异常，请稍后再试。
[Errno 32] Broken pipe
接收数据异常，请稍后再试。
[Errno 32] Broken pipe
接收数据异常，请稍后再试。
[Errno 32] Broken pipe
接收数据异常，请稍后再试。
[Errno 32] Broken pipe
接收数据异常，请稍后再试。
[Errno 32] Broken pipe
接收数据异常，请稍后再试。
[Errno 32] Broken pipe
接收数据异常，请稍后再试。
[Errno 32] Broken pipe
接收数据异常，请稍后再试。
[Errno 32] Broken pipe
接收数据异常，请稍后再试。
[Errno 32] Broken pipe
接收数据异常，请稍后再试。
[Errno 32] Broken pipe
接收数据异常，请稍后再试。
[Errno 32] Broken pipe
接收数据异常，请稍后再试。
[Errno 32] Broken pipe
接收数据异常，请稍后再试。
[Errno 32] Broken pipe
接收数据异常，请稍后再试。
[Errno 32] Broken pipe
接收数据异常，请稍后再试。
[Errno 32] Broken pipe
接收数据异常，请稍后再试。
[Errno 32] Broken pipe
接收数据异常，请稍后再试。
[Errno 32] Broken pipe
接收数据异常，请稍后再试。
[Errno 32] Broken pipe
接收数据异常，请稍后再试。
[Errno 32] Broken pipe
接收数据异常，请稍后再试。
[Errno 32] Broken pipe
接收数据异常，请稍后再试。
[Errno 32] Broken pipe
接收数据异常，请稍后再试。
[Errno 32] Broken pipe
接收数据异常，请稍后再试。
[Errno 32] Broken pipe
接收数据异常，请稍后再试。
[Errno 32] Broken pipe
接收数据异常，请稍后再试。
[Errno 32] Broken pipe
接收数据异常，请稍后再试。
[Errno 32] Broken pipe
接收数据异常，请稍后再试。
[Errno 32] Broken pipe
接收数据异常，请稍后再试。
[Errno 32] Broken pipe
接收数据异常，请稍后再试。
[Errno 32] Broken pipe
接收数据异常，请稍后再试。
[Errno 32] Broken pipe
接收数据异常，请稍后再试。
[Errno 32] Broken pipe
接收数据异常，请稍后再试。
[Errno 32] Broken pipe
接收数据异常，请稍后再试。
[Errno 32] Broken pipe
接收数据异常，请稍后再试。
[Errno 32] Broken pipe
接收数据异常，请稍后再试。
[Errno 32] Broken pipe
接收数据异常，请稍后再试。
[Errno 32] Broken pipe
接收数据异常，请稍后再试。
[Errno 32] Broken pipe
接收数据异常，请稍后再试。
[Errno 32] Broken pipe
接收数据异常，请稍后再试。
[Errno 32] Broken pipe
接收数据异常，请稍后再试。
[Errno 32] Broken pipe
接收数据异常，请稍后再试。
[Errno 32] Broken pipe
接收数据异常，请稍后再试。
[Errno 32] Broken pipe
接收数据异常，请稍后再试。
[Errno 32] Broken pipe
接收数据异常，请稍后再试。
[Errno 32] Broken pipe
接收数据异常，请稍后再试。
[Errno 32] Broken pipe
接收数据异常，请稍后再试。
[Errno 32] Broken pipe
接收数据异常，请稍后再试。
[Errno 32] Broken pipe
接收数据异常，请稍后再试。
[Errno 32] Broken pipe
接收数据异常，请稍后再试。
[Errno 32] Broken pipe
接收数据异常，请稍后再试。
[Errno 32] Broken pipe
接收数据异常，请稍后再试。
[Errno 32] Broken pipe
接收数据异常，请稍后再试。
[Errno 32] Broken pipe
接收数据异常，请稍后再试。
[Errno 32] Broken pipe
接收数据异常，请稍后再试。
[Errno 32] Broken pipe
接收数据异常，请稍后再试。
[Errno 32] Broken pipe
接收数据异常，请稍后再试。
[Errno 32] Broken pipe
接收数据异常，请稍后再试。
[Errno 32] Broken pipe
接收数据异常，请稍后再试。
[Errno 32] Broken pipe
接收数据异常，请稍后再试。
[Errno 32] Broken pipe
接收数据异常，请稍后再试。
[Errno 32] Broken pipe
接收数据异常，请稍后再试。
[Errno 32] Broken pipe
接收数据异常，请稍后再试。
[Errno 32] Broken pipe
接收数据异常，请稍后再试。
[Errno 32] Broken pipe
接收数据异常，请稍后再试。
[Errno 32] Broken pipe
接收数据异常，请稍后再试。
[Errno 32] Broken pipe
接收数据异常，请稍后再试。
[Errno 32] Broken pipe
接收数据异常，请稍后再试。
[Errno 32] Broken pipe
接收数据异常，请稍后再试。
[Errno 32] Broken pipe
接收数据异常，请稍后再试。
[Errno 32] Broken pipe
接收数据异常，请稍后再试。
[Errno 32] Broken pipe
接收数据异常，请稍后再试。
[Errno 32] Broken pipe
接收数据异常，请稍后再试。
[Errno 32] Broken pipe
接收数据异常，请稍后再试。
[Errno 32] Broken pipe
接收数据异常，请稍后再试。
[Errno 32] Broken pipe
接收数据异常，请稍后再试。
[Errno 32] Broken pipe
接收数据异常，请稍后再试。
[Errno 32] Broken pipe
接收数据异常，请稍后再试。
[Errno 32] Broken pipe
接收数据异常，请稍后再试。
[Errno 32] Broken pipe
接收数据异常，请稍后再试。
[Errno 32] Broken pipe
接收数据异常，请稍后再试。
[Errno 32] Broken pipe
接收数据异常，请稍后再试。
[Errno 32] Broken pipe
接收数据异常，请稍后再试。
[Errno 32] Broken pipe
接收数据异常，请稍后再试。
[Errno 32] Broken pipe
接收数据异常，请稍后再试。
[Errno 32] Broken pipe
接收数据异常，请稍后再试。
[Errno 32] Broken pipe
接收数据异常，请稍后再试。
[Errno 32] Broken pipe
接收数据异常，请稍后再试。
[Errno 32] Broken pipe
接收数据异常，请稍后再试。
[Errno 32] Broken pipe
接收数据异常，请稍后再试。
[Errno 32] Broken pipe
接收数据异常，请稍后再试。
[Errno 32] Broken pipe
接收数据异常，请稍后再试。
[Errno 32] Broken pipe
接收数据异常，请稍后再试。
[Errno 32] Broken pipe
接收数据异常，请稍后再试。
[Errno 32] Broken pipe
接收数据异常，请稍后再试。
[Errno 32] Broken pipe
接收数据异常，请稍后再试。
[Errno 32] Broken pipe
接收数据异常，请稍后再试。
[Errno 32] Broken pipe
接收数据异常，请稍后再试。
[Errno 32] Broken pipe
接收数据异常，请稍后再试。
[Errno 32] Broken pipe
接收数据异常，请稍后再试。
[Errno 32] Broken pipe
接收数据异常，请稍后再试。
[Errno 32] Broken pipe
接收数据异常，请稍后再试。
{
  "rows": 1540,
  "date_min": "2020-01-02",
  "date_max": "2026-05-15",
  "source_errors": [],
  "top_missing_rates": {
    "ak_fund_收盘价_sum10": 0.9246753246753247,
    "ak_fund_中单净流入-净额_sum10": 0.9246753246753247,
    "ak_fund_中单净流入-净占比_sum10": 0.9246753246753247,
    "ak_fund_小单净流入-净占比_sum10": 0.9246753246753247,
    "ak_fund_小单净流入-净额_sum10": 0.9246753246753247,
    "ak_fund_大单净流入-净额_sum10": 0.9246753246753247,
    "ak_fund_大单净流入-净占比_sum10": 0.9246753246753247,
    "ak_fund_超大单净流入-净占比_sum10": 0.9246753246753247,
    "ak_fund_超大单净流入-净额_sum10": 0.9246753246753247,
    "ak_fund_主力净流入-净占比_sum10": 0.9246753246753247,
    "ak_fund_涨跌幅_sum10": 0.9246753246753247,
    "ak_fund_主力净流入-净额_sum10": 0.9246753246753247,
    "ak_fund_小单净流入-净占比_sum5": 0.9233766233766234,
    "ak_fund_超大单净流入-净占比_sum5": 0.9233766233766234,
    "ak_fund_超大单净流入-净额_sum5": 0.9233766233766234,
    "ak_fund_大单净流入-净额_sum5": 0.9233766233766234,
    "ak_fund_大单净流入-净占比_sum5": 0.9233766233766234,
    "ak_fund_涨跌幅_sum5": 0.9233766233766234,
    "ak_fund_小单净流入-净额_sum5": 0.9233766233766234,
    "ak_fund_中单净流入-净额_sum5": 0.9233766233766234,
    "ak_fund_中单净流入-净占比_sum5": 0.9233766233766234,
    "ak_fund_主力净流入-净额_sum5": 0.9233766233766234,
    "ak_fund_收盘价_sum5": 0.9233766233766234,
    "ak_fund_主力净流入-净占比_sum5": 0.9233766233766234,
    "ak_fund_大单净流入-净占比": 0.922077922077922,
    "ak_fund_收盘价": 0.922077922077922,
    "ak_fund_涨跌幅": 0.922077922077922,
    "ak_fund_主力净流入-净额": 0.922077922077922,
    "ak_fund_主力净流入-净占比": 0.922077922077922,
    "ak_fund_小单净流入-净占比": 0.922077922077922
  },
  "valuation_non_null": {
    "peTTM": 1540,
    "pbMRQ": 1540,
    "psTTM": 1540,
    "pcfNcfTTM": 1540
  },
  "future_effective_date_violations": 0,
  "rows_with_quarterly": 1540,
  "sample_rows": 1540,
  "quarterly_raw_rows": 37,
  "quarterly_used_pubDate_rows": 37,
  "quarterly_fallback_rows": 0,
  "elapsed_seconds": 789.544,
  "symbol": "002261",
  "baostock_code": "sz.002261",
  "valuation_rows": 2027,
  "fund_flow_rows": 121,
  "feature_columns": 73,
  "merged_columns": 142,
  "outputs": {
    "daily_valuation": "/root/stock_realtime_v021_full/saved_data/002261_pipeline_out_v2_new27_full/02_fundamental/baostock_daily_valuation.csv",
    "quarterly_fundamentals": "/root/stock_realtime_v021_full/saved_data/002261_pipeline_out_v2_new27_full/02_fundamental/baostock_quarterly_fundamentals_pit.csv",
    "fundamental_features": "/root/stock_realtime_v021_full/saved_data/002261_pipeline_out_v2_new27_full/02_fundamental/fundamental_features.csv",
    "merged_samples": "/root/stock_realtime_v021_full/saved_data/002261_pipeline_out_v2_new27_full/02_fundamental/training_samples_with_fundamentals.csv"
  }
}

[2026-05-18T16:59:34] RUN sector
  /usr/bin/python3 feature_building/build_sector_features.py --samples /root/stock_realtime_v021_full/saved_data/002261_pipeline_out_v2_new27_full/02_fundamental/training_samples_with_fundamentals.csv --out-dir /root/stock_realtime_v021_full/saved_data/002261_pipeline_out_v2_new27_full/03_sector --sector-symbol '软件开发' --start-date 2018-01-01 --end-date 2026-05-15

  0%|          | 0/9 [00:00<?, ?it/s]
 11%|█         | 1/9 [00:00<00:01,  6.12it/s]
 22%|██▏       | 2/9 [00:00<00:01,  4.75it/s]
 33%|███▎      | 3/9 [00:00<00:01,  4.60it/s]
 44%|████▍     | 4/9 [00:00<00:01,  4.53it/s]
 56%|█████▌    | 5/9 [00:01<00:00,  4.59it/s]
 67%|██████▋   | 6/9 [00:01<00:00,  4.47it/s]
 78%|███████▊  | 7/9 [00:01<00:00,  4.24it/s]
 89%|████████▉ | 8/9 [00:01<00:00,  4.27it/s]
100%|██████████| 9/9 [00:01<00:00,  4.47it/s]
                                             
{
  "sector_symbol": "软件开发",
  "sector_rows": 1809,
  "sector_date_min": "2018-11-26",
  "sector_date_max": "2026-05-15",
  "sample_rows": 1540,
  "merged_rows": 1540,
  "sector_feature_cols": 23,
  "top_missing": {
    "sector_ret60": 0.03896103896103896,
    "sector_ma60_gap": 0.01948051948051948,
    "stock_vs_sector_ret20": 0.012987012987012988,
    "sector_ret20": 0.012987012987012988,
    "sector_vol20": 0.007142857142857143,
    "sector_ma20_gap": 0.006493506493506494,
    "sector_range_z20": 0.006493506493506494,
    "sector_volume_shock20": 0.006493506493506494,
    "sector_amount_z20": 0.006493506493506494,
    "sector_volume_z20": 0.006493506493506494,
    "sector_amount_shock20": 0.006493506493506494,
    "sector_ret5": 0.003246753246753247,
    "stock_vs_sector_ret5": 0.003246753246753247,
    "sector_vs_bench_ret5": 0.003246753246753247,
    "stock_vs_sector_ret1": 0.0006493506493506494,
    "sector_ret1": 0.0006493506493506494,
    "sector_amount": 0.0,
    "sector_volume": 0.0,
    "sector_close": 0.0,
    "sector_low": 0.0
  },
  "outputs": {
    "sector_index": "/root/stock_realtime_v021_full/saved_data/002261_pipeline_out_v2_new27_full/03_sector/sector_index_ths.csv",
    "sector_features": "/root/stock_realtime_v021_full/saved_data/002261_pipeline_out_v2_new27_full/03_sector/sector_features.csv",
    "merged_samples": "/root/stock_realtime_v021_full/saved_data/002261_pipeline_out_v2_new27_full/03_sector/training_samples_with_sector.csv"
  }
}

[2026-05-18T16:59:38] RUN external_ai_compute
  /usr/bin/python3 feature_building/build_stock_external_features.py --samples /root/stock_realtime_v021_full/saved_data/002261_pipeline_out_v2_new27_full/03_sector/training_samples_with_sector.csv --out-dir /root/stock_realtime_v021_full/saved_data/002261_pipeline_out_v2_new27_full/04_external/ai_compute --profile ai_compute --target-symbol 002261.SZ --start-date 2018-01-01 --end-date 2026-05-15 --adjust qfq --domestic-lag-days 0 --future-lag-days 1 --us-lag-days 1 --enable-us-yf
服务器连接失败，请稍后再试。
[Errno 32] Broken pipe
接收数据异常，请稍后再试。
服务器连接失败，请稍后再试。
[Errno 32] Broken pipe
接收数据异常，请稍后再试。
服务器连接失败，请稍后再试。
[Errno 32] Broken pipe
接收数据异常，请稍后再试。
服务器连接失败，请稍后再试。
[Errno 32] Broken pipe
接收数据异常，请稍后再试。
服务器连接失败，请稍后再试。
[Errno 32] Broken pipe
接收数据异常，请稍后再试。
服务器连接失败，请稍后再试。
[Errno 32] Broken pipe
接收数据异常，请稍后再试。
服务器连接失败，请稍后再试。
[Errno 32] Broken pipe
接收数据异常，请稍后再试。
服务器连接失败，请稍后再试。
[Errno 32] Broken pipe
接收数据异常，请稍后再试。
服务器连接失败，请稍后再试。
[Errno 32] Broken pipe
接收数据异常，请稍后再试。
服务器连接失败，请稍后再试。
[Errno 32] Broken pipe
接收数据异常，请稍后再试。
服务器连接失败，请稍后再试。
[Errno 32] Broken pipe
接收数据异常，请稍后再试。

  0%|          | 0/9 [00:00<?, ?it/s]
 11%|█         | 1/9 [00:00<00:02,  3.33it/s]
 22%|██▏       | 2/9 [00:00<00:02,  3.03it/s]
 33%|███▎      | 3/9 [00:00<00:01,  3.25it/s]
 44%|████▍     | 4/9 [00:01<00:01,  3.16it/s]
 56%|█████▌    | 5/9 [00:01<00:01,  3.48it/s]
 67%|██████▋   | 6/9 [00:01<00:00,  3.48it/s]
 78%|███████▊  | 7/9 [00:02<00:00,  3.40it/s]
 89%|████████▉ | 8/9 [00:02<00:00,  3.55it/s]
100%|██████████| 9/9 [00:02<00:00,  3.74it/s]
                                             

  0%|          | 0/9 [00:00<?, ?it/s]
 11%|█         | 1/9 [00:00<00:02,  3.96it/s]
 22%|██▏       | 2/9 [00:00<00:01,  4.01it/s]
 33%|███▎      | 3/9 [00:00<00:01,  3.93it/s]
 44%|████▍     | 4/9 [00:01<00:01,  3.78it/s]
 56%|█████▌    | 5/9 [00:01<00:01,  3.79it/s]
 67%|██████▋   | 6/9 [00:01<00:00,  3.85it/s]
 78%|███████▊  | 7/9 [00:01<00:00,  3.86it/s]
 89%|████████▉ | 8/9 [00:02<00:00,  4.10it/s]
100%|██████████| 9/9 [00:02<00:00,  4.46it/s]
                                             

  0%|          | 0/9 [00:00<?, ?it/s]
 11%|█         | 1/9 [00:00<00:01,  4.50it/s]
 22%|██▏       | 2/9 [00:00<00:01,  4.11it/s]
 33%|███▎      | 3/9 [00:00<00:01,  3.99it/s]
 44%|████▍     | 4/9 [00:00<00:01,  3.98it/s]
 56%|█████▌    | 5/9 [00:01<00:02,  1.94it/s]
 67%|██████▋   | 6/9 [00:02<00:01,  2.40it/s]
 78%|███████▊  | 7/9 [00:02<00:00,  2.79it/s]
 89%|████████▉ | 8/9 [00:02<00:00,  3.17it/s]
100%|██████████| 9/9 [00:03<00:00,  2.34it/s]
                                             
1 Failed download:
['NVDA']: YFRateLimitError('Too Many Requests. Rate limited. Try after a while.')

1 Failed download:
['AMD']: YFRateLimitError('Too Many Requests. Rate limited. Try after a while.')

1 Failed download:
['AVGO']: YFRateLimitError('Too Many Requests. Rate limited. Try after a while.')

1 Failed download:
['SMCI']: YFRateLimitError('Too Many Requests. Rate limited. Try after a while.')

1 Failed download:
['DELL']: YFRateLimitError('Too Many Requests. Rate limited. Try after a while.')

1 Failed download:
['MSFT']: YFRateLimitError('Too Many Requests. Rate limited. Try after a while.')

1 Failed download:
['AMZN']: YFRateLimitError('Too Many Requests. Rate limited. Try after a while.')

1 Failed download:
['GOOGL']: YFRateLimitError('Too Many Requests. Rate limited. Try after a while.')

1 Failed download:
['META']: YFRateLimitError('Too Many Requests. Rate limited. Try after a while.')

1 Failed download:
['^IXIC']: YFRateLimitError('Too Many Requests. Rate limited. Try after a while.')

1 Failed download:
['^GSPC']: YFRateLimitError('Too Many Requests. Rate limited. Try after a while.')

1 Failed download:
['^SOX']: YFRateLimitError('Too Many Requests. Rate limited. Try after a while.')
{
  "profile": "ai_compute",
  "description": "AI compute/server/cloud-capex proxy for 工业富联",
  "sample_rows": 1540,
  "merged_rows": 1540,
  "raw_rows": 2027,
  "raw_date_min": "2018-01-02",
  "raw_date_max": "2026-05-15",
  "lag_days_legacy": null,
  "lag_policy": {
    "domestic": 0,
    "futures": 1,
    "us": 1
  },
  "enable_us_yf": true,
  "feature_cols": 168,
  "source_meta": {
    "profile": {
      "key": "ai_compute",
      "prefix": "ai",
      "description": "AI compute/server/cloud-capex proxy for 工业富联",
      "stocks": [
        "300308",
        "300502",
        "300394",
        "002463",
        "603019",
        "000977",
        "000938"
      ],
      "etfs": [
        "512480",
        "159995",
        "515050",
        "159819"
      ],
      "futures": [
        "CU0",
        "AL0"
      ],
      "boards": [
        "半导体",
        "通信设备",
        "消费电子"
      ],
      "us_tickers": [
        "NVDA",
        "AMD",
        "AVGO",
        "SMCI",
        "DELL",
        "MSFT",
        "AMZN",
        "GOOGL",
        "META",
        "^IXIC",
        "^GSPC",
        "^SOX"
      ]
    },
    "used": {
      "stocks": [],
      "etfs": [],
      "futures": [
        "CU0",
        "AL0"
      ],
      "boards": [
        "半导体",
        "通信设备",
        "消费电子"
      ],
      "us_yf": []
    },
    "start_date": "20180101",
    "end_date": "20260515",
    "target_symbol_excluded": "002261",
    "em_sources_used": false,
    "baostock_cache_dir": "/root/stock_realtime_v021_full/saved_data/002261_pipeline_out_v2_new27_full/04_external/ai_compute/baostock_external_cache",
    "us_yfinance_enabled": true
  },
  "errors": {
    "stock_300308": "RuntimeError: BaoStock login failed: 10002007 网络接收错误。",
    "stock_300502": "RuntimeError: BaoStock login failed: 10002007 网络接收错误。",
    "stock_300394": "RuntimeError: BaoStock login failed: 10002007 网络接收错误。",
    "stock_002463": "RuntimeError: BaoStock login failed: 10002007 网络接收错误。",
    "stock_603019": "RuntimeError: BaoStock login failed: 10002007 网络接收错误。",
    "stock_000977": "RuntimeError: BaoStock login failed: 10002007 网络接收错误。",
    "stock_000938": "RuntimeError: BaoStock login failed: 10002007 网络接收错误。",
    "etf_512480": "RuntimeError: BaoStock login failed: 10002007 网络接收错误。",
    "etf_159995": "RuntimeError: BaoStock login failed: 10002007 网络接收错误。",
    "etf_515050": "RuntimeError: BaoStock login failed: 10002007 网络接收错误。",
    "etf_159819": "RuntimeError: BaoStock login failed: 10002007 网络接收错误。",
    "us_yf_NVDA": "empty",
    "us_yf_AMD": "empty",
    "us_yf_AVGO": "empty",
    "us_yf_SMCI": "empty",
    "us_yf_DELL": "empty",
    "us_yf_MSFT": "empty",
    "us_yf_AMZN": "empty",
    "us_yf_GOOGL": "empty",
    "us_yf_META": "empty",
    "us_yf_^IXIC": "empty",
    "us_yf_^GSPC": "empty",
    "us_yf_^SOX": "empty"
  },
  "top_missing": {
    "ai_stock_vs_future_basket_ret20": 0.012987012987012988,
    "ai_stock_vs_board_basket_ret20": 0.012987012987012988,
    "ai_stock_vs_future_basket_ret5": 0.003246753246753247,
    "ai_stock_vs_board_basket_ret5": 0.003246753246753247,
    "ai_domestic_feature_date": 0.0,
    "ai_board_b01_open": 0.0,
    "ai_board_b01_high": 0.0,
    "ai_board_b01_low": 0.0,
    "ai_board_b01_close_ret1": 0.0,
    "ai_board_b01_close_ret3": 0.0,
    "ai_board_b01_close_ret5": 0.0,
    "ai_board_b01_close_ret20": 0.0,
    "ai_board_b01_close_ret60": 0.0,
    "ai_board_b01_close_ma20_gap": 0.0,
    "ai_board_b01_close_z20": 0.0,
    "ai_board_b01_close_z60": 0.0,
    "ai_board_b01_close_vol20": 0.0,
    "ai_board_b01_range_pct_ret1": 0.0,
    "ai_board_b01_range_pct_ret3": 0.0,
    "ai_board_b01_range_pct_ret5": 0.0,
    "ai_board_b01_range_pct_ret20": 0.0,
    "ai_board_b01_range_pct_ret60": 0.0,
    "ai_board_b01_range_pct_ma20_gap": 0.0,
    "ai_board_b01_range_pct_z20": 0.0,
    "ai_board_b01_range_pct_z60": 0.0,
    "ai_board_b01_volume_shock20": 0.0,
    "ai_board_b01_volume_z20": 0.0,
    "ai_board_b01_amount_shock20": 0.0,
    "ai_board_b01_amount_z20": 0.0,
    "ai_board_b02_open": 0.0,
    "ai_board_b02_high": 0.0,
    "ai_board_b02_low": 0.0,
    "ai_board_b02_close": 0.0,
    "ai_board_b02_volume": 0.0,
    "ai_board_b02_amount": 0.0,
    "ai_board_b02_range_pct": 0.0,
    "ai_board_b01_close": 0.0,
    "ai_board_b01_volume": 0.0,
    "ai_board_b01_amount": 0.0,
    "ai_board_b01_range_pct": 0.0,
    "ai_board_b02_close_ret20": 0.0,
    "ai_board_b02_close_ret5": 0.0,
    "ai_board_b02_close_ret3": 0.0,
    "ai_board_b02_close_ret1": 0.0,
    "ai_board_b02_close_ret60": 0.0,
    "ai_board_b02_close_ma20_gap": 0.0,
    "ai_board_b02_close_z20": 0.0,
    "ai_board_b02_close_z60": 0.0,
    "ai_board_b02_range_pct_ret20": 0.0,
    "ai_board_b02_range_pct_ret60": 0.0
  },
  "outputs": {
    "features": "/root/stock_realtime_v021_full/saved_data/002261_pipeline_out_v2_new27_full/04_external/ai_compute/stock_external_features_ai_compute.csv",
    "merged_samples": "/root/stock_realtime_v021_full/saved_data/002261_pipeline_out_v2_new27_full/04_external/ai_compute/training_samples_with_ai_compute_external.csv",
    "report": "/root/stock_realtime_v021_full/saved_data/002261_pipeline_out_v2_new27_full/04_external/ai_compute/validation_report.json"
  }
}
[INFO] final samples for search: /root/stock_realtime_v021_full/saved_data/002261_pipeline_out_v2_new27_full/04_external/ai_compute/training_samples_with_ai_compute_external.csv

[2026-05-18T17:00:08] RUN search_vwap_low_hit_50bps
  /usr/bin/python3 model_training/search_walk_forward_model_complexity.py --samples /root/stock_realtime_v021_full/saved_data/002261_pipeline_out_v2_new27_full/04_external/ai_compute/training_samples_with_ai_compute_external.csv --intraday-bars /root/stock_realtime_v021_full/saved_data/002261_pipeline_out_v2_new27_full/00_base/002261_5m.csv --out-dir /root/stock_realtime_v021_full/saved_data/002261_pipeline_out_v2_new27_full/10_search/search_vwap_low_hit_50bps --round-trip-cost-bps 1.7 --target-hit-bps 50.0 --label-mode hit --entry-policy vwap_low --entry-vwap-premium-bps 50.0 --max-missing 0.35 --groups reversal_fundamental_regime,reversal_fundamental_regime_sector,reversal_fundamental_regime_sector_external,all_no_ak --models xgb_d2_200_lr003_mcw5,xgb_d3_400_lr003_mcw3,xgb_d3_600_lr002_mcw3,xgb_d4_500_lr002_mcw5,lgbm_leaves7_400,lgbm_leaves15_700,extra_trees_600_d3,random_forest_600_d4 --quantiles 0.5,0.6,0.7,0.8 --train-rows 756 --valid-rows 126 --test-rows 63 --min-valid-trades 8 --min-train-entries 80
{
  "rows": 1539,
  "target_hit_bps": 50.0,
  "label_mode": "hit",
  "entry_policy": "vwap_low",
  "entry_vwap_premium_bps": 50.0,
  "groups": {
    "reversal_fundamental_regime": 85,
    "reversal_fundamental_regime_sector": 108,
    "reversal_fundamental_regime_sector_external": 274,
    "all_no_ak": 329
  },
  "models": [
    "xgb_d2_200_lr003_mcw5",
    "xgb_d3_400_lr003_mcw3",
    "xgb_d3_600_lr002_mcw3",
    "xgb_d4_500_lr002_mcw5",
    "extra_trees_600_d3",
    "random_forest_600_d4",
    "lgbm_leaves7_400",
    "lgbm_leaves15_700"
  ],
  "top": [
    {
      "entry_policy": "vwap_low",
      "feature_group": "all_no_ak",
      "model_name": "xgb_d4_500_lr002_mcw5",
      "target_hit_bps": 50.0,
      "trades": 101,
      "win_rate": 0.8415841584158416,
      "avg_return": -0.002121423780201158,
      "median_return": 0.005,
      "compound_return": -0.206304511032263,
      "max_drawdown": -0.2586236806763804,
      "profit_factor": 0.6642905820332928,
      "windows": 10
    },
    {
      "entry_policy": "vwap_low",
      "feature_group": "reversal_fundamental_regime_sector",
      "model_name": "random_forest_600_d4",
      "target_hit_bps": 50.0,
      "trades": 93,
      "win_rate": 0.8709677419354839,
      "avg_return": -0.002827472643938436,
      "median_return": 0.005,
      "compound_return": -0.24972542553645838,
      "max_drawdown": -0.32433265138169143,
      "profit_factor": 0.6063283106607489,
      "windows": 10
    },
    {
      "entry_policy": "vwap_low",
      "feature_group": "reversal_fundamental_regime_sector",
      "model_name": "xgb_d3_400_lr003_mcw3",
      "target_hit_bps": 50.0,
      "trades": 122,
      "win_rate": 0.8360655737704918,
      "avg_return": -0.002252744551131002,
      "median_return": 0.005,
      "compound_return": -0.25716373264724424,
      "max_drawdown": -0.29046590866022604,
      "profit_factor": 0.6493616791075468,
      "windows": 10
    },
    {
      "entry_policy": "vwap_low",
      "feature_group": "reversal_fundamental_regime_sector",
      "model_name": "lgbm_leaves15_700",
      "target_hit_bps": 50.0,
      "trades": 96,
      "win_rate": 0.8229166666666666,
      "avg_return": -0.0029855963508293747,
      "median_return": 0.005,
      "compound_return": -0.26329615889049907,
      "max_drawdown": -0.31823402169588944,
      "profit_factor": 0.5788727187858663,
      "windows": 10
    },
    {
      "entry_policy": "vwap_low",
      "feature_group": "reversal_fundamental_regime_sector",
      "model_name": "xgb_d4_500_lr002_mcw5",
      "target_hit_bps": 50.0,
      "trades": 100,
      "win_rate": 0.85,
      "avg_return": -0.002991196127730555,
      "median_return": 0.005,
      "compound_return": -0.2769923708451991,
      "max_drawdown": -0.29479956552225983,
      "profit_factor": 0.58633580679209,
      "windows": 10
    },
    {
      "entry_policy": "vwap_low",
      "feature_group": "reversal_fundamental_regime_sector_external",
      "model_name": "lgbm_leaves15_700",
      "target_hit_bps": 50.0,
      "trades": 116,
      "win_rate": 0.8017241379310345,
      "avg_return": -0.002661282175014306,
      "median_return": 0.005,
      "compound_return": -0.280598530896051,
      "max_drawdown": -0.31009321412744706,
      "profit_factor": 0.6004736486606546,
      "windows": 10
    },
    {
      "entry_policy": "vwap_low",
      "feature_group": "reversal_fundamental_regime",
      "model_name": "xgb_d3_400_lr003_mcw3",
      "target_hit_bps": 50.0,
      "trades": 84,
      "win_rate": 0.8214285714285714,
      "avg_return": -0.003999326098165756,
      "median_return": 0.005,
      "compound_return": -0.2997067145328387,
      "max_drawdown": -0.26970855907044944,
      "profit_factor": 0.5066500445244101,
      "windows": 10
    },
    {
      "entry_policy": "vwap_low",
      "feature_group": "reversal_fundamental_regime_sector",
      "model_name": "lgbm_leaves7_400",
      "target_hit_bps": 50.0,
      "trades": 110,
      "win_rate": 0.8181818181818182,
      "avg_return": -0.003170528870541706,
      "median_return": 0.005,
      "compound_return": -0.31104638804779694,
      "max_drawdown": -0.3746573311568576,
      "profit_factor": 0.5628151725826578,
      "windows": 10
    },
    {
      "entry_policy": "vwap_low",
      "feature_group": "reversal_fundamental_regime_sector",
      "model_name": "xgb_d3_600_lr002_mcw3",
      "target_hit_bps": 50.0,
      "trades": 128,
      "win_rate": 0.84375,
      "avg_return": -0.002700949622505184,
      "median_return": 0.005,
      "compound_return": -0.31248806285900055,
      "max_drawdown": -0.3784766133580786,
      "profit_factor": 0.609221537327586,
      "windows": 10
    },
    {
      "entry_policy": "vwap_low",
      "feature_group": "reversal_fundamental_regime",
      "model_name": "xgb_d3_600_lr002_mcw3",
      "target_hit_bps": 50.0,
      "trades": 86,
      "win_rate": 0.8372093023255814,
      "avg_return": -0.004111996059968695,
      "median_return": 0.005,
      "compound_return": -0.3138999943082368,
      "max_drawdown": -0.2893333154588915,
      "profit_factor": 0.5037512767069745,
      "windows": 10
    },
    {
      "entry_policy": "vwap_low",
      "feature_group": "all_no_ak",
      "model_name": "lgbm_leaves7_400",
      "target_hit_bps": 50.0,
      "trades": 106,
      "win_rate": 0.8207547169811321,
      "avg_return": -0.0033475100892593986,
      "median_return": 0.005,
      "compound_return": -0.31503138547831366,
      "max_drawdown": -0.34835651913335364,
      "profit_factor": 0.5501651668180046,
      "windows": 10
    },
    {
      "entry_policy": "vwap_low",
      "feature_group": "reversal_fundamental_regime_sector_external",
      "model_name": "xgb_d2_200_lr003_mcw5",
      "target_hit_bps": 50.0,
      "trades": 93,
      "win_rate": 0.8172043010752689,
      "avg_return": -0.003879874414088765,
      "median_return": 0.005,
      "compound_return": -0.31847508496377275,
      "max_drawdown": -0.3485364878909799,
      "profit_factor": 0.5122665427944244,
      "windows": 10
    },
    {
      "entry_policy": "vwap_low",
      "feature_group": "reversal_fundamental_regime",
      "model_name": "lgbm_leaves15_700",
      "target_hit_bps": 50.0,
      "trades": 111,
      "win_rate": 0.8198198198198198,
      "avg_return": -0.003573642544281243,
      "median_return": 0.005,
      "compound_return": -0.3437011199017873,
      "max_drawdown": -0.3527590955470311,
      "profit_factor": 0.5342417729698479,
      "windows": 10
    },
    {
      "entry_policy": "vwap_low",
      "feature_group": "all_no_ak",
      "model_name": "lgbm_leaves15_700",
      "target_hit_bps": 50.0,
      "trades": 139,
      "win_rate": 0.8273381294964028,
      "avg_return": -0.002927512159454827,
      "median_return": 0.005,
      "compound_return": -0.3534495514621344,
      "max_drawdown": -0.3693736568814835,
      "profit_factor": 0.5851531661296683,
      "windows": 10
    },
    {
      "entry_policy": "vwap_low",
      "feature_group": "reversal_fundamental_regime",
      "model_name": "lgbm_leaves7_400",
      "target_hit_bps": 50.0,
      "trades": 121,
      "win_rate": 0.8181818181818182,
      "avg_return": -0.003531039293646315,
      "median_return": 0.005,
      "compound_return": -0.3646394346775058,
      "max_drawdown": -0.3678004325149311,
      "profit_factor": 0.5367274723610865,
      "windows": 10
    },
    {
      "entry_policy": "vwap_low",
      "feature_group": "reversal_fundamental_regime_sector_external",
      "model_name": "random_forest_600_d4",
      "target_hit_bps": 50.0,
      "trades": 94,
      "win_rate": 0.8191489361702128,
      "avg_return": -0.004829087276417081,
      "median_return": 0.005,
      "compound_return": -0.3822855948886126,
      "max_drawdown": -0.40644736795339265,
      "profit_factor": 0.4582556826541146,
      "windows": 10
    },
    {
      "entry_policy": "vwap_low",
      "feature_group": "all_no_ak",
      "model_name": "xgb_d2_200_lr003_mcw5",
      "target_hit_bps": 50.0,
      "trades": 100,
      "win_rate": 0.82,
      "avg_return": -0.004643290266344232,
      "median_return": 0.005,
      "compound_return": -0.38858360662762914,
      "max_drawdown": -0.4183302732573768,
      "profit_factor": 0.46830955898491416,
      "windows": 10
    },
    {
      "entry_policy": "vwap_low",
      "feature_group": "reversal_fundamental_regime_sector_external",
      "model_name": "xgb_d4_500_lr002_mcw5",
      "target_hit_bps": 50.0,
      "trades": 124,
      "win_rate": 0.7983870967741935,
      "avg_return": -0.0037737705165674174,
      "median_return": 0.005,
      "compound_return": -0.3905084716359454,
      "max_drawdown": -0.3995601770223117,
      "profit_factor": 0.5135304173288344,
      "windows": 10
    },
    {
      "entry_policy": "vwap_low",
      "feature_group": "reversal_fundamental_regime_sector",
      "model_name": "xgb_d2_200_lr003_mcw5",
      "target_hit_bps": 50.0,
      "trades": 113,
      "win_rate": 0.8230088495575221,
      "avg_return": -0.00448084673407077,
      "median_return": 0.005,
      "compound_return": -0.4174005988603334,
      "max_drawdown": -0.4664127964639434,
      "profit_factor": 0.47817323107160775,
      "windows": 10
    },
    {
      "entry_policy": "vwap_low",
      "feature_group": "reversal_fundamental_regime_sector_external",
      "model_name": "xgb_d3_600_lr002_mcw3",
      "target_hit_bps": 50.0,
      "trades": 94,
      "win_rate": 0.7872340425531915,
      "avg_return": -0.005444404628594371,
      "median_return": 0.005,
      "compound_return": -0.41745885361519197,
      "max_drawdown": -0.42611031239209196,
      "profit_factor": 0.4189352013379385,
      "windows": 10
    }
  ]
}

[2026-05-18T17:13:50] RUN search_vwap_low_hit_80bps
  /usr/bin/python3 model_training/search_walk_forward_model_complexity.py --samples /root/stock_realtime_v021_full/saved_data/002261_pipeline_out_v2_new27_full/04_external/ai_compute/training_samples_with_ai_compute_external.csv --intraday-bars /root/stock_realtime_v021_full/saved_data/002261_pipeline_out_v2_new27_full/00_base/002261_5m.csv --out-dir /root/stock_realtime_v021_full/saved_data/002261_pipeline_out_v2_new27_full/10_search/search_vwap_low_hit_80bps --round-trip-cost-bps 1.7 --target-hit-bps 80.0 --label-mode hit --entry-policy vwap_low --entry-vwap-premium-bps 50.0 --max-missing 0.35 --groups reversal_fundamental_regime,reversal_fundamental_regime_sector,reversal_fundamental_regime_sector_external,all_no_ak --models xgb_d2_200_lr003_mcw5,xgb_d3_400_lr003_mcw3,xgb_d3_600_lr002_mcw3,xgb_d4_500_lr002_mcw5,lgbm_leaves7_400,lgbm_leaves15_700,extra_trees_600_d3,random_forest_600_d4 --quantiles 0.5,0.6,0.7,0.8 --train-rows 756 --valid-rows 126 --test-rows 63 --min-valid-trades 8 --min-train-entries 80
{
  "rows": 1539,
  "target_hit_bps": 80.0,
  "label_mode": "hit",
  "entry_policy": "vwap_low",
  "entry_vwap_premium_bps": 50.0,
  "groups": {
    "reversal_fundamental_regime": 85,
    "reversal_fundamental_regime_sector": 108,
    "reversal_fundamental_regime_sector_external": 274,
    "all_no_ak": 329
  },
  "models": [
    "xgb_d2_200_lr003_mcw5",
    "xgb_d3_400_lr003_mcw3",
    "xgb_d3_600_lr002_mcw3",
    "xgb_d4_500_lr002_mcw5",
    "extra_trees_600_d3",
    "random_forest_600_d4",
    "lgbm_leaves7_400",
    "lgbm_leaves15_700"
  ],
  "top": [
    {
      "entry_policy": "vwap_low",
      "feature_group": "all_no_ak",
      "model_name": "lgbm_leaves15_700",
      "target_hit_bps": 80.0,
      "trades": 110,
      "win_rate": 0.7818181818181819,
      "avg_return": -0.0027497621836949783,
      "median_return": 0.008,
      "compound_return": -0.2843373325252607,
      "max_drawdown": -0.347613916099474,
      "profit_factor": 0.6933719301429268,
      "windows": 10
    },
    {
      "entry_policy": "vwap_low",
      "feature_group": "all_no_ak",
      "model_name": "random_forest_600_d4",
      "target_hit_bps": 80.0,
      "trades": 113,
      "win_rate": 0.8141592920353983,
      "avg_return": -0.0027136055105226238,
      "median_return": 0.008,
      "compound_return": -0.28914720009388784,
      "max_drawdown": -0.29888424307695827,
      "profit_factor": 0.7059021515857251,
      "windows": 10
    },
    {
      "entry_policy": "vwap_low",
      "feature_group": "reversal_fundamental_regime_sector_external",
      "model_name": "lgbm_leaves15_700",
      "target_hit_bps": 80.0,
      "trades": 114,
      "win_rate": 0.7894736842105263,
      "avg_return": -0.003111023057308356,
      "median_return": 0.008,
      "compound_return": -0.3234743952161472,
      "max_drawdown": -0.363371632521313,
      "profit_factor": 0.6699814441965157,
      "windows": 10
    },
    {
      "entry_policy": "vwap_low",
      "feature_group": "reversal_fundamental_regime_sector",
      "model_name": "extra_trees_600_d3",
      "target_hit_bps": 80.0,
      "trades": 132,
      "win_rate": 0.7954545454545454,
      "avg_return": -0.0027931223198604874,
      "median_return": 0.008,
      "compound_return": -0.3372258986055554,
      "max_drawdown": -0.4393467354888606,
      "profit_factor": 0.6949660446010764,
      "windows": 10
    },
    {
      "entry_policy": "vwap_low",
      "feature_group": "all_no_ak",
      "model_name": "xgb_d3_600_lr002_mcw3",
      "target_hit_bps": 80.0,
      "trades": 128,
      "win_rate": 0.7734375,
      "avg_return": -0.003321356326099238,
      "median_return": 0.008,
      "compound_return": -0.37083578519476235,
      "max_drawdown": -0.40020779060812717,
      "profit_factor": 0.6507091692001895,
      "windows": 10
    },
    {
      "entry_policy": "vwap_low",
      "feature_group": "reversal_fundamental_regime_sector_external",
      "model_name": "lgbm_leaves7_400",
      "target_hit_bps": 80.0,
      "trades": 124,
      "win_rate": 0.7903225806451613,
      "avg_return": -0.0035300517385154035,
      "median_return": 0.008,
      "compound_return": -0.381994199566173,
      "max_drawdown": -0.43484865436778464,
      "profit_factor": 0.6402411910074052,
      "windows": 10
    },
    {
      "entry_policy": "vwap_low",
      "feature_group": "reversal_fundamental_regime_sector_external",
      "model_name": "xgb_d3_400_lr003_mcw3",
      "target_hit_bps": 80.0,
      "trades": 129,
      "win_rate": 0.7674418604651163,
      "avg_return": -0.003482453100496886,
      "median_return": 0.008,
      "compound_return": -0.3871866514068054,
      "max_drawdown": -0.4111216929420951,
      "profit_factor": 0.6364254324201676,
      "windows": 10
    },
    {
      "entry_policy": "vwap_low",
      "feature_group": "reversal_fundamental_regime",
      "model_name": "random_forest_600_d4",
      "target_hit_bps": 80.0,
      "trades": 120,
      "win_rate": 0.8,
      "avg_return": -0.003743081789799368,
      "median_return": 0.008,
      "compound_return": -0.3881833094597049,
      "max_drawdown": -0.45967440721608976,
      "profit_factor": 0.6297568562062688,
      "windows": 10
    },
    {
      "entry_policy": "vwap_low",
      "feature_group": "reversal_fundamental_regime_sector_external",
      "model_name": "random_forest_600_d4",
      "target_hit_bps": 80.0,
      "trades": 95,
      "win_rate": 0.7894736842105263,
      "avg_return": -0.00493960838640797,
      "median_return": 0.008,
      "compound_return": -0.3979909306019661,
      "max_drawdown": -0.426095220752555,
      "profit_factor": 0.5611342710574324,
      "windows": 10
    },
    {
      "entry_policy": "vwap_low",
      "feature_group": "all_no_ak",
      "model_name": "extra_trees_600_d3",
      "target_hit_bps": 80.0,
      "trades": 116,
      "win_rate": 0.7844827586206896,
      "avg_return": -0.004082924195694607,
      "median_return": 0.008,
      "compound_return": -0.40304890210951805,
      "max_drawdown": -0.44316685324568494,
      "profit_factor": 0.6058491708025825,
      "windows": 10
    },
    {
      "entry_policy": "vwap_low",
      "feature_group": "reversal_fundamental_regime_sector_external",
      "model_name": "extra_trees_600_d3",
      "target_hit_bps": 80.0,
      "trades": 113,
      "win_rate": 0.7699115044247787,
      "avg_return": -0.004273385269447463,
      "median_return": 0.008,
      "compound_return": -0.40774538408008654,
      "max_drawdown": -0.4718637986723436,
      "profit_factor": 0.590384601710762,
      "windows": 10
    },
    {
      "entry_policy": "vwap_low",
      "feature_group": "reversal_fundamental_regime_sector",
      "model_name": "xgb_d3_400_lr003_mcw3",
      "target_hit_bps": 80.0,
      "trades": 150,
      "win_rate": 0.76,
      "avg_return": -0.003206722123329318,
      "median_return": 0.008,
      "compound_return": -0.4083269702198046,
      "max_drawdown": -0.4537097388877406,
      "profit_factor": 0.6532526125985397,
      "windows": 10
    },
    {
      "entry_policy": "vwap_low",
      "feature_group": "reversal_fundamental_regime_sector",
      "model_name": "xgb_d2_200_lr003_mcw5",
      "target_hit_bps": 80.0,
      "trades": 113,
      "win_rate": 0.7699115044247787,
      "avg_return": -0.004503584175303968,
      "median_return": 0.008,
      "compound_return": -0.42272757804205485,
      "max_drawdown": -0.4557399953243719,
      "profit_factor": 0.5755933652384677,
      "windows": 10
    },
    {
      "entry_policy": "vwap_low",
      "feature_group": "reversal_fundamental_regime_sector_external",
      "model_name": "xgb_d2_200_lr003_mcw5",
      "target_hit_bps": 80.0,
      "trades": 111,
      "win_rate": 0.7567567567567568,
      "avg_return": -0.0048616881168042055,
      "median_return": 0.008,
      "compound_return": -0.439991727919532,
      "max_drawdown": -0.46186432792591614,
      "profit_factor": 0.5546168056457539,
      "windows": 10
    },
    {
      "entry_policy": "vwap_low",
      "feature_group": "reversal_fundamental_regime_sector",
      "model_name": "xgb_d3_600_lr002_mcw3",
      "target_hit_bps": 80.0,
      "trades": 132,
      "win_rate": 0.75,
      "avg_return": -0.0041522179239780405,
      "median_return": 0.008,
      "compound_return": -0.44608845458088486,
      "max_drawdown": -0.4766198468110241,
      "profit_factor": 0.5888617653299677,
      "windows": 10
    },
    {
      "entry_policy": "vwap_low",
      "feature_group": "reversal_fundamental_regime_sector_external",
      "model_name": "xgb_d3_600_lr002_mcw3",
      "target_hit_bps": 80.0,
      "trades": 133,
      "win_rate": 0.7593984962406015,
      "avg_return": -0.00419695383354938,
      "median_return": 0.008,
      "compound_return": -0.45190193322881267,
      "max_drawdown": -0.47748943328909765,
      "profit_factor": 0.5902173253165994,
      "windows": 10
    },
    {
      "entry_policy": "vwap_low",
      "feature_group": "all_no_ak",
      "model_name": "lgbm_leaves7_400",
      "target_hit_bps": 80.0,
      "trades": 147,
      "win_rate": 0.7619047619047619,
      "avg_return": -0.003791471720692275,
      "median_return": 0.008,
      "compound_return": -0.4527963264526659,
      "max_drawdown": -0.4935937040724184,
      "profit_factor": 0.6165082427540144,
      "windows": 10
    },
    {
      "entry_policy": "vwap_low",
      "feature_group": "all_no_ak",
      "model_name": "xgb_d3_400_lr003_mcw3",
      "target_hit_bps": 80.0,
      "trades": 139,
      "win_rate": 0.7697841726618705,
      "avg_return": -0.004090197117686691,
      "median_return": 0.008,
      "compound_return": -0.4596400612333644,
      "max_drawdown": -0.48895467584970864,
      "profit_factor": 0.5985086803969097,
      "windows": 10
    },
    {
      "entry_policy": "vwap_low",
      "feature_group": "reversal_fundamental_regime_sector",
      "model_name": "random_forest_600_d4",
      "target_hit_bps": 80.0,
      "trades": 134,
      "win_rate": 0.7761194029850746,
      "avg_return": -0.0043021053745073996,
      "median_return": 0.008,
      "compound_return": -0.463980406545354,
      "max_drawdown": -0.5010977284515908,
      "profit_factor": 0.5903651608913218,
      "windows": 10
    },
    {
      "entry_policy": "vwap_low",
      "feature_group": "all_no_ak",
      "model_name": "xgb_d4_500_lr002_mcw5",
      "target_hit_bps": 80.0,
      "trades": 130,
      "win_rate": 0.7769230769230769,
      "avg_return": -0.0045115433700815555,
      "median_return": 0.008,
      "compound_return": -0.470005428333785,
      "max_drawdown": -0.4875312813744448,
      "profit_factor": 0.5780720212938782,
      "windows": 10
    }
  ]
}

[2026-05-18T17:27:52] RUN search_vwap_low_close_profit_50bps
  /usr/bin/python3 model_training/search_walk_forward_model_complexity.py --samples /root/stock_realtime_v021_full/saved_data/002261_pipeline_out_v2_new27_full/04_external/ai_compute/training_samples_with_ai_compute_external.csv --intraday-bars /root/stock_realtime_v021_full/saved_data/002261_pipeline_out_v2_new27_full/00_base/002261_5m.csv --out-dir /root/stock_realtime_v021_full/saved_data/002261_pipeline_out_v2_new27_full/10_search/search_vwap_low_close_profit_50bps --round-trip-cost-bps 1.7 --target-hit-bps 50.0 --label-mode close_profit --entry-policy vwap_low --entry-vwap-premium-bps 50.0 --max-missing 0.35 --groups reversal_fundamental_regime,reversal_fundamental_regime_sector,reversal_fundamental_regime_sector_external,all_no_ak --models xgb_d2_200_lr003_mcw5,xgb_d3_400_lr003_mcw3,xgb_d3_600_lr002_mcw3,xgb_d4_500_lr002_mcw5,lgbm_leaves7_400,lgbm_leaves15_700,extra_trees_600_d3,random_forest_600_d4 --quantiles 0.5,0.6,0.7,0.8 --train-rows 756 --valid-rows 126 --test-rows 63 --min-valid-trades 8 --min-train-entries 80
{
  "rows": 1539,
  "target_hit_bps": 50.0,
  "label_mode": "close_profit",
  "entry_policy": "vwap_low",
  "entry_vwap_premium_bps": 50.0,
  "groups": {
    "reversal_fundamental_regime": 85,
    "reversal_fundamental_regime_sector": 108,
    "reversal_fundamental_regime_sector_external": 274,
    "all_no_ak": 329
  },
  "models": [
    "xgb_d2_200_lr003_mcw5",
    "xgb_d3_400_lr003_mcw3",
    "xgb_d3_600_lr002_mcw3",
    "xgb_d4_500_lr002_mcw5",
    "extra_trees_600_d3",
    "random_forest_600_d4",
    "lgbm_leaves7_400",
    "lgbm_leaves15_700"
  ],
  "top": [
    {
      "entry_policy": "vwap_low",
      "feature_group": "reversal_fundamental_regime",
      "model_name": "xgb_d4_500_lr002_mcw5",
      "target_hit_bps": 50.0,
      "trades": 113,
      "win_rate": 0.5752212389380531,
      "avg_return": 0.00540133972415723,
      "median_return": 0.003978053605615765,
      "compound_return": 0.6765066126891366,
      "max_drawdown": -0.23905546087595397,
      "profit_factor": 1.4313913514318042,
      "windows": 10
    },
    {
      "entry_policy": "vwap_low",
      "feature_group": "reversal_fundamental_regime_sector",
      "model_name": "random_forest_600_d4",
      "target_hit_bps": 50.0,
      "trades": 155,
      "win_rate": 0.6129032258064516,
      "avg_return": 0.003668813888803963,
      "median_return": 0.0038163325740319144,
      "compound_return": 0.5973897669807717,
      "max_drawdown": -0.292543206364522,
      "profit_factor": 1.3156552709834661,
      "windows": 10
    },
    {
      "entry_policy": "vwap_low",
      "feature_group": "all_no_ak",
      "model_name": "xgb_d3_400_lr003_mcw3",
      "target_hit_bps": 50.0,
      "trades": 118,
      "win_rate": 0.6016949152542372,
      "avg_return": 0.0045315463406291265,
      "median_return": 0.0050394101537741855,
      "compound_return": 0.5848068204901349,
      "max_drawdown": -0.21127037887529598,
      "profit_factor": 1.406274300360053,
      "windows": 10
    },
    {
      "entry_policy": "vwap_low",
      "feature_group": "reversal_fundamental_regime_sector",
      "model_name": "xgb_d4_500_lr002_mcw5",
      "target_hit_bps": 50.0,
      "trades": 119,
      "win_rate": 0.5798319327731093,
      "avg_return": 0.0037786397520486294,
      "median_return": 0.0031346926635822427,
      "compound_return": 0.4389744013954586,
      "max_drawdown": -0.2741049939690793,
      "profit_factor": 1.2956483070007387,
      "windows": 10
    },
    {
      "entry_policy": "vwap_low",
      "feature_group": "reversal_fundamental_regime_sector_external",
      "model_name": "xgb_d3_600_lr002_mcw3",
      "target_hit_bps": 50.0,
      "trades": 106,
      "win_rate": 0.5566037735849056,
      "avg_return": 0.0035730310893314415,
      "median_return": 0.0038971930898238395,
      "compound_return": 0.3638159286050764,
      "max_drawdown": -0.2657138889899865,
      "profit_factor": 1.2992568481682705,
      "windows": 10
    },
    {
      "entry_policy": "vwap_low",
      "feature_group": "reversal_fundamental_regime_sector",
      "model_name": "lgbm_leaves7_400",
      "target_hit_bps": 50.0,
      "trades": 124,
      "win_rate": 0.532258064516129,
      "avg_return": 0.00315187368150947,
      "median_return": 0.002384732670694393,
      "compound_return": 0.3442332014861844,
      "max_drawdown": -0.24049997302876924,
      "profit_factor": 1.2363701769005866,
      "windows": 10
    },
    {
      "entry_policy": "vwap_low",
      "feature_group": "reversal_fundamental_regime_sector_external",
      "model_name": "xgb_d4_500_lr002_mcw5",
      "target_hit_bps": 50.0,
      "trades": 112,
      "win_rate": 0.5803571428571429,
      "avg_return": 0.003115920472448371,
      "median_return": 0.0038971930898238395,
      "compound_return": 0.3143673210044329,
      "max_drawdown": -0.26784430847460816,
      "profit_factor": 1.259353472815321,
      "windows": 10
    },
    {
      "entry_policy": "vwap_low",
      "feature_group": "reversal_fundamental_regime_sector_external",
      "model_name": "lgbm_leaves7_400",
      "target_hit_bps": 50.0,
      "trades": 128,
      "win_rate": 0.5859375,
      "avg_return": 0.0027354478686234755,
      "median_return": 0.0037705859559547007,
      "compound_return": 0.3103767553549164,
      "max_drawdown": -0.3306927768441219,
      "profit_factor": 1.2332159084903827,
      "windows": 10
    },
    {
      "entry_policy": "vwap_low",
      "feature_group": "reversal_fundamental_regime_sector_external",
      "model_name": "xgb_d3_400_lr003_mcw3",
      "target_hit_bps": 50.0,
      "trades": 95,
      "win_rate": 0.5684210526315789,
      "avg_return": 0.0031852375948131302,
      "median_return": 0.0038163325740319144,
      "compound_return": 0.2778815824585583,
      "max_drawdown": -0.19784313313884527,
      "profit_factor": 1.2727654931926062,
      "windows": 10
    },
    {
      "entry_policy": "vwap_low",
      "feature_group": "reversal_fundamental_regime",
      "model_name": "extra_trees_600_d3",
      "target_hit_bps": 50.0,
      "trades": 121,
      "win_rate": 0.5785123966942148,
      "avg_return": 0.0023308512396423976,
      "median_return": 0.002937520198881275,
      "compound_return": 0.21831310184803088,
      "max_drawdown": -0.34315360963060637,
      "profit_factor": 1.1756381787314938,
      "windows": 10
    },
    {
      "entry_policy": "vwap_low",
      "feature_group": "reversal_fundamental_regime_sector",
      "model_name": "xgb_d3_600_lr002_mcw3",
      "target_hit_bps": 50.0,
      "trades": 124,
      "win_rate": 0.5483870967741935,
      "avg_return": 0.0018725128529646484,
      "median_return": 0.001980640239625856,
      "compound_return": 0.15967579551585898,
      "max_drawdown": -0.27259708061917376,
      "profit_factor": 1.1417522145224948,
      "windows": 10
    },
    {
      "entry_policy": "vwap_low",
      "feature_group": "reversal_fundamental_regime_sector",
      "model_name": "xgb_d3_400_lr003_mcw3",
      "target_hit_bps": 50.0,
      "trades": 150,
      "win_rate": 0.5333333333333333,
      "avg_return": 0.0013318469706748368,
      "median_return": 0.002201811098922705,
      "compound_return": 0.10011912149951407,
      "max_drawdown": -0.2807286873611894,
      "profit_factor": 1.0977879518658538,
      "windows": 10
    },
    {
      "entry_policy": "vwap_low",
      "feature_group": "reversal_fundamental_regime",
      "model_name": "random_forest_600_d4",
      "target_hit_bps": 50.0,
      "trades": 116,
      "win_rate": 0.603448275862069,
      "avg_return": 0.0014652767046884434,
      "median_return": 0.0038971930898238395,
      "compound_return": 0.08852542945005837,
      "max_drawdown": -0.25898221617675254,
      "profit_factor": 1.105158947886924,
      "windows": 10
    },
    {
      "entry_policy": "vwap_low",
      "feature_group": "all_no_ak",
      "model_name": "xgb_d2_200_lr003_mcw5",
      "target_hit_bps": 50.0,
      "trades": 125,
      "win_rate": 0.568,
      "avg_return": 0.001258393011652844,
      "median_return": 0.0031346926635822427,
      "compound_return": 0.0806171186187854,
      "max_drawdown": -0.32528649780695074,
      "profit_factor": 1.0931350598384952,
      "windows": 10
    },
    {
      "entry_policy": "vwap_low",
      "feature_group": "reversal_fundamental_regime_sector_external",
      "model_name": "xgb_d2_200_lr003_mcw5",
      "target_hit_bps": 50.0,
      "trades": 87,
      "win_rate": 0.5747126436781609,
      "avg_return": 0.0011791730357551616,
      "median_return": 0.003724839337877487,
      "compound_return": 0.051446225825520164,
      "max_drawdown": -0.27752439686268704,
      "profit_factor": 1.0897296050619276,
      "windows": 10
    },
    {
      "entry_policy": "vwap_low",
      "feature_group": "reversal_fundamental_regime_sector",
      "model_name": "lgbm_leaves15_700",
      "target_hit_bps": 50.0,
      "trades": 184,
      "win_rate": 0.5380434782608695,
      "avg_return": 0.0007771199101786605,
      "median_return": 0.0019792463341291623,
      "compound_return": 0.01920655540621863,
      "max_drawdown": -0.388262315371268,
      "profit_factor": 1.0573991355403514,
      "windows": 10
    },
    {
      "entry_policy": "vwap_low",
      "feature_group": "reversal_fundamental_regime",
      "model_name": "lgbm_leaves7_400",
      "target_hit_bps": 50.0,
      "trades": 162,
      "win_rate": 0.5370370370370371,
      "avg_return": 0.000835127029775428,
      "median_return": 0.002384732670694393,
      "compound_return": 0.017742084866825936,
      "max_drawdown": -0.32943421628516834,
      "profit_factor": 1.0600348548010348,
      "windows": 10
    },
    {
      "entry_policy": "vwap_low",
      "feature_group": "reversal_fundamental_regime",
      "model_name": "lgbm_leaves15_700",
      "target_hit_bps": 50.0,
      "trades": 179,
      "win_rate": 0.5307262569832403,
      "avg_return": 0.0008027967651229645,
      "median_return": 0.0012545014245015675,
      "compound_return": 0.01759404032288092,
      "max_drawdown": -0.32861926890412996,
      "profit_factor": 1.0587910010151018,
      "windows": 10
    },
    {
      "entry_policy": "vwap_low",
      "feature_group": "reversal_fundamental_regime_sector_external",
      "model_name": "random_forest_600_d4",
      "target_hit_bps": 50.0,
      "trades": 138,
      "win_rate": 0.5797101449275363,
      "avg_return": 0.0006830391085399383,
      "median_return": 0.0038971930898238395,
      "compound_return": 0.008387776813668868,
      "max_drawdown": -0.3323692706225416,
      "profit_factor": 1.0524667627661224,
      "windows": 10
    },
    {
      "entry_policy": "vwap_low",
      "feature_group": "reversal_fundamental_regime",
      "model_name": "xgb_d2_200_lr003_mcw5",
      "target_hit_bps": 50.0,
      "trades": 147,
      "win_rate": 0.564625850340136,
      "avg_return": 0.000591758790875707,
      "median_return": 0.0033511267605634866,
      "compound_return": -0.02338271735734243,
      "max_drawdown": -0.2660332004161923,
      "profit_factor": 1.042134365953279,
      "windows": 10
    }
  ]
}

[2026-05-18T17:42:22] RUN search_all_days_hit_50bps
  /usr/bin/python3 model_training/search_walk_forward_model_complexity.py --samples /root/stock_realtime_v021_full/saved_data/002261_pipeline_out_v2_new27_full/04_external/ai_compute/training_samples_with_ai_compute_external.csv --intraday-bars /root/stock_realtime_v021_full/saved_data/002261_pipeline_out_v2_new27_full/00_base/002261_5m.csv --out-dir /root/stock_realtime_v021_full/saved_data/002261_pipeline_out_v2_new27_full/10_search/search_all_days_hit_50bps --round-trip-cost-bps 1.7 --target-hit-bps 50.0 --label-mode hit --entry-policy all_days --entry-vwap-premium-bps 50.0 --max-missing 0.35 --groups reversal_fundamental_regime,reversal_fundamental_regime_sector,reversal_fundamental_regime_sector_external,all_no_ak --models xgb_d2_200_lr003_mcw5,xgb_d3_400_lr003_mcw3,xgb_d3_600_lr002_mcw3,xgb_d4_500_lr002_mcw5,lgbm_leaves7_400,lgbm_leaves15_700,extra_trees_600_d3,random_forest_600_d4 --quantiles 0.5,0.6,0.7,0.8 --train-rows 756 --valid-rows 126 --test-rows 63 --min-valid-trades 8 --min-train-entries 80
{
  "rows": 1539,
  "target_hit_bps": 50.0,
  "label_mode": "hit",
  "entry_policy": "all_days",
  "entry_vwap_premium_bps": 50.0,
  "groups": {
    "reversal_fundamental_regime": 85,
    "reversal_fundamental_regime_sector": 108,
    "reversal_fundamental_regime_sector_external": 274,
    "all_no_ak": 329
  },
  "models": [
    "xgb_d2_200_lr003_mcw5",
    "xgb_d3_400_lr003_mcw3",
    "xgb_d3_600_lr002_mcw3",
    "xgb_d4_500_lr002_mcw5",
    "extra_trees_600_d3",
    "random_forest_600_d4",
    "lgbm_leaves7_400",
    "lgbm_leaves15_700"
  ],
  "top": [
    {
      "entry_policy": "all_days",
      "feature_group": "reversal_fundamental_regime",
      "model_name": "lgbm_leaves15_700",
      "target_hit_bps": 50.0,
      "trades": 133,
      "win_rate": 0.8721804511278195,
      "avg_return": -0.0013908761367499441,
      "median_return": 0.005,
      "compound_return": -0.1882053378647578,
      "max_drawdown": -0.1783893327341246,
      "profit_factor": 0.7581832883912214,
      "windows": 10
    },
    {
      "entry_policy": "all_days",
      "feature_group": "reversal_fundamental_regime_sector",
      "model_name": "xgb_d4_500_lr002_mcw5",
      "target_hit_bps": 50.0,
      "trades": 127,
      "win_rate": 0.8582677165354331,
      "avg_return": -0.0026343031819755806,
      "median_return": 0.005,
      "compound_return": -0.3059574336471679,
      "max_drawdown": -0.38117665843897464,
      "profit_factor": 0.619630458592213,
      "windows": 10
    },
    {
      "entry_policy": "all_days",
      "feature_group": "reversal_fundamental_regime_sector",
      "model_name": "lgbm_leaves15_700",
      "target_hit_bps": 50.0,
      "trades": 161,
      "win_rate": 0.8571428571428571,
      "avg_return": -0.0024690971915276323,
      "median_return": 0.005,
      "compound_return": -0.35257575468542013,
      "max_drawdown": -0.36451188268911416,
      "profit_factor": 0.6344683785999904,
      "windows": 10
    },
    {
      "entry_policy": "all_days",
      "feature_group": "all_no_ak",
      "model_name": "random_forest_600_d4",
      "target_hit_bps": 50.0,
      "trades": 155,
      "win_rate": 0.8580645161290322,
      "avg_return": -0.0026187372269539494,
      "median_return": 0.005,
      "compound_return": -0.3570224532976659,
      "max_drawdown": -0.3759786671968046,
      "profit_factor": 0.6209705372540467,
      "windows": 10
    },
    {
      "entry_policy": "all_days",
      "feature_group": "reversal_fundamental_regime",
      "model_name": "random_forest_600_d4",
      "target_hit_bps": 50.0,
      "trades": 171,
      "win_rate": 0.847953216374269,
      "avg_return": -0.002485501402366414,
      "median_return": 0.005,
      "compound_return": -0.37212136163038567,
      "max_drawdown": -0.4353778466034476,
      "profit_factor": 0.6300947031082782,
      "windows": 10
    },
    {
      "entry_policy": "all_days",
      "feature_group": "reversal_fundamental_regime_sector",
      "model_name": "xgb_d2_200_lr003_mcw5",
      "target_hit_bps": 50.0,
      "trades": 190,
      "win_rate": 0.8631578947368421,
      "avg_return": -0.002410709082786854,
      "median_return": 0.005,
      "compound_return": -0.3949944233767917,
      "max_drawdown": -0.41573621897323365,
      "profit_factor": 0.6416101092495308,
      "windows": 10
    },
    {
      "entry_policy": "all_days",
      "feature_group": "reversal_fundamental_regime",
      "model_name": "xgb_d4_500_lr002_mcw5",
      "target_hit_bps": 50.0,
      "trades": 136,
      "win_rate": 0.8382352941176471,
      "avg_return": -0.0034556186631330248,
      "median_return": 0.005,
      "compound_return": -0.39546034042418876,
      "max_drawdown": -0.3648771013272799,
      "profit_factor": 0.5465671316988511,
      "windows": 10
    },
    {
      "entry_policy": "all_days",
      "feature_group": "reversal_fundamental_regime",
      "model_name": "xgb_d3_600_lr002_mcw3",
      "target_hit_bps": 50.0,
      "trades": 186,
      "win_rate": 0.8279569892473119,
      "avg_return": -0.002923470034428315,
      "median_return": 0.005,
      "compound_return": -0.44155480804594105,
      "max_drawdown": -0.4553089398816167,
      "profit_factor": 0.5861015859641068,
      "windows": 10
    },
    {
      "entry_policy": "all_days",
      "feature_group": "reversal_fundamental_regime",
      "model_name": "xgb_d3_400_lr003_mcw3",
      "target_hit_bps": 50.0,
      "trades": 162,
      "win_rate": 0.8209876543209876,
      "avg_return": -0.003549964663812616,
      "median_return": 0.005,
      "compound_return": -0.4568157279830274,
      "max_drawdown": -0.429336415084959,
      "profit_factor": 0.5362495522460893,
      "windows": 10
    },
    {
      "entry_policy": "all_days",
      "feature_group": "reversal_fundamental_regime_sector",
      "model_name": "xgb_d3_400_lr003_mcw3",
      "target_hit_bps": 50.0,
      "trades": 164,
      "win_rate": 0.8475609756097561,
      "avg_return": -0.003554167569758769,
      "median_return": 0.005,
      "compound_return": -0.46585303938642353,
      "max_drawdown": -0.4539747040339497,
      "profit_factor": 0.5438680522081651,
      "windows": 10
    },
    {
      "entry_policy": "all_days",
      "feature_group": "all_no_ak",
      "model_name": "xgb_d3_400_lr003_mcw3",
      "target_hit_bps": 50.0,
      "trades": 184,
      "win_rate": 0.8315217391304348,
      "avg_return": -0.0032757178268982387,
      "median_return": 0.005,
      "compound_return": -0.4759702381882681,
      "max_drawdown": -0.4914196427675802,
      "profit_factor": 0.5589905531077515,
      "windows": 10
    },
    {
      "entry_policy": "all_days",
      "feature_group": "reversal_fundamental_regime",
      "model_name": "extra_trees_600_d3",
      "target_hit_bps": 50.0,
      "trades": 223,
      "win_rate": 0.8385650224215246,
      "avg_return": -0.0028874564629379415,
      "median_return": 0.005,
      "compound_return": -0.5002375538209977,
      "max_drawdown": -0.5149715112929399,
      "profit_factor": 0.5912757736068318,
      "windows": 10
    },
    {
      "entry_policy": "all_days",
      "feature_group": "all_no_ak",
      "model_name": "extra_trees_600_d3",
      "target_hit_bps": 50.0,
      "trades": 254,
      "win_rate": 0.8385826771653543,
      "avg_return": -0.002620747573749671,
      "median_return": 0.005,
      "compound_return": -0.5120396961860367,
      "max_drawdown": -0.524057832336067,
      "profit_factor": 0.6153686558081127,
      "windows": 10
    },
    {
      "entry_policy": "all_days",
      "feature_group": "reversal_fundamental_regime_sector",
      "model_name": "extra_trees_600_d3",
      "target_hit_bps": 50.0,
      "trades": 239,
      "win_rate": 0.8451882845188284,
      "avg_return": -0.0028162073704904055,
      "median_return": 0.005,
      "compound_return": -0.5163358378871641,
      "max_drawdown": -0.5352542630167028,
      "profit_factor": 0.600092606214747,
      "windows": 10
    },
    {
      "entry_policy": "all_days",
      "feature_group": "reversal_fundamental_regime_sector_external",
      "model_name": "random_forest_600_d4",
      "target_hit_bps": 50.0,
      "trades": 187,
      "win_rate": 0.839572192513369,
      "avg_return": -0.0036357316183437023,
      "median_return": 0.005,
      "compound_return": -0.5170528733825,
      "max_drawdown": -0.5289475383287858,
      "profit_factor": 0.5358794089951129,
      "windows": 10
    },
    {
      "entry_policy": "all_days",
      "feature_group": "all_no_ak",
      "model_name": "xgb_d4_500_lr002_mcw5",
      "target_hit_bps": 50.0,
      "trades": 197,
      "win_rate": 0.8071065989847716,
      "avg_return": -0.0035630977891902287,
      "median_return": 0.005,
      "compound_return": -0.5260919961092174,
      "max_drawdown": -0.5070590542066034,
      "profit_factor": 0.5307665209233962,
      "windows": 10
    },
    {
      "entry_policy": "all_days",
      "feature_group": "reversal_fundamental_regime_sector",
      "model_name": "random_forest_600_d4",
      "target_hit_bps": 50.0,
      "trades": 194,
      "win_rate": 0.845360824742268,
      "avg_return": -0.0036016263047595216,
      "median_return": 0.005,
      "compound_return": -0.5291713692817259,
      "max_drawdown": -0.5407675637735259,
      "profit_factor": 0.5399299594384934,
      "windows": 10
    },
    {
      "entry_policy": "all_days",
      "feature_group": "reversal_fundamental_regime_sector",
      "model_name": "xgb_d3_600_lr002_mcw3",
      "target_hit_bps": 50.0,
      "trades": 174,
      "win_rate": 0.8390804597701149,
      "avg_return": -0.004107581234609645,
      "median_return": 0.005,
      "compound_return": -0.5342774256362834,
      "max_drawdown": -0.5155732243401955,
      "profit_factor": 0.5052885245338028,
      "windows": 10
    },
    {
      "entry_policy": "all_days",
      "feature_group": "all_no_ak",
      "model_name": "lgbm_leaves7_400",
      "target_hit_bps": 50.0,
      "trades": 183,
      "win_rate": 0.8032786885245902,
      "avg_return": -0.0039662973238254245,
      "median_return": 0.005,
      "compound_return": -0.5370861575309744,
      "max_drawdown": -0.5484874160781195,
      "profit_factor": 0.5027899660768265,
      "windows": 10
    },
    {
      "entry_policy": "all_days",
      "feature_group": "reversal_fundamental_regime_sector_external",
      "model_name": "xgb_d4_500_lr002_mcw5",
      "target_hit_bps": 50.0,
      "trades": 213,
      "win_rate": 0.8169014084507042,
      "avg_return": -0.0034986037758803204,
      "median_return": 0.005,
      "compound_return": -0.5483622329294653,
      "max_drawdown": -0.5278748196715196,
      "profit_factor": 0.5383400236955448,
      "windows": 10
    }
  ]
}

[2026-05-18T17:58:02] RUN search_all_days_hit_80bps
  /usr/bin/python3 model_training/search_walk_forward_model_complexity.py --samples /root/stock_realtime_v021_full/saved_data/002261_pipeline_out_v2_new27_full/04_external/ai_compute/training_samples_with_ai_compute_external.csv --intraday-bars /root/stock_realtime_v021_full/saved_data/002261_pipeline_out_v2_new27_full/00_base/002261_5m.csv --out-dir /root/stock_realtime_v021_full/saved_data/002261_pipeline_out_v2_new27_full/10_search/search_all_days_hit_80bps --round-trip-cost-bps 1.7 --target-hit-bps 80.0 --label-mode hit --entry-policy all_days --entry-vwap-premium-bps 50.0 --max-missing 0.35 --groups reversal_fundamental_regime,reversal_fundamental_regime_sector,reversal_fundamental_regime_sector_external,all_no_ak --models xgb_d2_200_lr003_mcw5,xgb_d3_400_lr003_mcw3,xgb_d3_600_lr002_mcw3,xgb_d4_500_lr002_mcw5,lgbm_leaves7_400,lgbm_leaves15_700,extra_trees_600_d3,random_forest_600_d4 --quantiles 0.5,0.6,0.7,0.8 --train-rows 756 --valid-rows 126 --test-rows 63 --min-valid-trades 8 --min-train-entries 80
{
  "rows": 1539,
  "target_hit_bps": 80.0,
  "label_mode": "hit",
  "entry_policy": "all_days",
  "entry_vwap_premium_bps": 50.0,
  "groups": {
    "reversal_fundamental_regime": 85,
    "reversal_fundamental_regime_sector": 108,
    "reversal_fundamental_regime_sector_external": 274,
    "all_no_ak": 329
  },
  "models": [
    "xgb_d2_200_lr003_mcw5",
    "xgb_d3_400_lr003_mcw3",
    "xgb_d3_600_lr002_mcw3",
    "xgb_d4_500_lr002_mcw5",
    "extra_trees_600_d3",
    "random_forest_600_d4",
    "lgbm_leaves7_400",
    "lgbm_leaves15_700"
  ],
  "top": [
    {
      "entry_policy": "all_days",
      "feature_group": "reversal_fundamental_regime",
      "model_name": "xgb_d2_200_lr003_mcw5",
      "target_hit_bps": 80.0,
      "trades": 166,
      "win_rate": 0.8253012048192772,
      "avg_return": -0.001395702196521371,
      "median_return": 0.008,
      "compound_return": -0.24192529628283377,
      "max_drawdown": -0.35341048242037465,
      "profit_factor": 0.8246513292400381,
      "windows": 10
    },
    {
      "entry_policy": "all_days",
      "feature_group": "all_no_ak",
      "model_name": "xgb_d3_600_lr002_mcw3",
      "target_hit_bps": 80.0,
      "trades": 151,
      "win_rate": 0.8145695364238411,
      "avg_return": -0.0016122123669301425,
      "median_return": 0.008,
      "compound_return": -0.2486627667256751,
      "max_drawdown": -0.3432283239496996,
      "profit_factor": 0.8005312137209345,
      "windows": 10
    },
    {
      "entry_policy": "all_days",
      "feature_group": "all_no_ak",
      "model_name": "xgb_d2_200_lr003_mcw5",
      "target_hit_bps": 80.0,
      "trades": 140,
      "win_rate": 0.8142857142857143,
      "avg_return": -0.0017844211044526594,
      "median_return": 0.008,
      "compound_return": -0.25033912527176216,
      "max_drawdown": -0.3616154254809716,
      "profit_factor": 0.7849760036800605,
      "windows": 10
    },
    {
      "entry_policy": "all_days",
      "feature_group": "reversal_fundamental_regime_sector",
      "model_name": "xgb_d2_200_lr003_mcw5",
      "target_hit_bps": 80.0,
      "trades": 185,
      "win_rate": 0.8216216216216217,
      "avg_return": -0.0015925821179445362,
      "median_return": 0.008,
      "compound_return": -0.29377976604059475,
      "max_drawdown": -0.40130526988361004,
      "profit_factor": 0.8048116059412155,
      "windows": 10
    },
    {
      "entry_policy": "all_days",
      "feature_group": "all_no_ak",
      "model_name": "extra_trees_600_d3",
      "target_hit_bps": 80.0,
      "trades": 184,
      "win_rate": 0.8369565217391305,
      "avg_return": -0.001606585133140333,
      "median_return": 0.008,
      "compound_return": -0.29589933414679204,
      "max_drawdown": -0.3421178056213634,
      "profit_factor": 0.8061298250359693,
      "windows": 10
    },
    {
      "entry_policy": "all_days",
      "feature_group": "reversal_fundamental_regime_sector_external",
      "model_name": "random_forest_600_d4",
      "target_hit_bps": 80.0,
      "trades": 180,
      "win_rate": 0.8222222222222222,
      "avg_return": -0.0018467747879561897,
      "median_return": 0.008,
      "compound_return": -0.32041043492165333,
      "max_drawdown": -0.37744052307617093,
      "profit_factor": 0.7807866027843705,
      "windows": 10
    },
    {
      "entry_policy": "all_days",
      "feature_group": "reversal_fundamental_regime",
      "model_name": "xgb_d3_400_lr003_mcw3",
      "target_hit_bps": 80.0,
      "trades": 146,
      "win_rate": 0.8287671232876712,
      "avg_return": -0.0024596887793817876,
      "median_return": 0.008,
      "compound_return": -0.3373172538247501,
      "max_drawdown": -0.3794153708058754,
      "profit_factor": 0.7291622410977513,
      "windows": 10
    },
    {
      "entry_policy": "all_days",
      "feature_group": "reversal_fundamental_regime_sector_external",
      "model_name": "lgbm_leaves7_400",
      "target_hit_bps": 80.0,
      "trades": 151,
      "win_rate": 0.7615894039735099,
      "avg_return": -0.0025083105709756935,
      "median_return": 0.008,
      "compound_return": -0.34108010670648903,
      "max_drawdown": -0.35016732682559915,
      "profit_factor": 0.7067944941817254,
      "windows": 10
    },
    {
      "entry_policy": "all_days",
      "feature_group": "reversal_fundamental_regime_sector_external",
      "model_name": "xgb_d3_400_lr003_mcw3",
      "target_hit_bps": 80.0,
      "trades": 168,
      "win_rate": 0.7976190476190477,
      "avg_return": -0.002250798167193143,
      "median_return": 0.008,
      "compound_return": -0.3464789932982134,
      "max_drawdown": -0.360168725099019,
      "profit_factor": 0.7381935292886096,
      "windows": 10
    },
    {
      "entry_policy": "all_days",
      "feature_group": "reversal_fundamental_regime_sector",
      "model_name": "extra_trees_600_d3",
      "target_hit_bps": 80.0,
      "trades": 239,
      "win_rate": 0.8075313807531381,
      "avg_return": -0.0015187250497821698,
      "median_return": 0.008,
      "compound_return": -0.34710434142444735,
      "max_drawdown": -0.4018943189014751,
      "profit_factor": 0.8089375826875985,
      "windows": 10
    },
    {
      "entry_policy": "all_days",
      "feature_group": "all_no_ak",
      "model_name": "random_forest_600_d4",
      "target_hit_bps": 80.0,
      "trades": 164,
      "win_rate": 0.8170731707317073,
      "avg_return": -0.0024084307230028464,
      "median_return": 0.008,
      "compound_return": -0.36153193284681895,
      "max_drawdown": -0.38395753042494263,
      "profit_factor": 0.7307516611397477,
      "windows": 10
    },
    {
      "entry_policy": "all_days",
      "feature_group": "all_no_ak",
      "model_name": "xgb_d3_400_lr003_mcw3",
      "target_hit_bps": 80.0,
      "trades": 151,
      "win_rate": 0.8079470198675497,
      "avg_return": -0.002661926372150425,
      "median_return": 0.008,
      "compound_return": -0.3622539899449525,
      "max_drawdown": -0.38716284232989917,
      "profit_factor": 0.7071886313573359,
      "windows": 10
    },
    {
      "entry_policy": "all_days",
      "feature_group": "reversal_fundamental_regime",
      "model_name": "random_forest_600_d4",
      "target_hit_bps": 80.0,
      "trades": 192,
      "win_rate": 0.8125,
      "avg_return": -0.002067392484814849,
      "median_return": 0.008,
      "compound_return": -0.36367887417925737,
      "max_drawdown": -0.4487015593800582,
      "profit_factor": 0.7581031602041105,
      "windows": 10
    },
    {
      "entry_policy": "all_days",
      "feature_group": "reversal_fundamental_regime_sector",
      "model_name": "random_forest_600_d4",
      "target_hit_bps": 80.0,
      "trades": 191,
      "win_rate": 0.8167539267015707,
      "avg_return": -0.00215495952096024,
      "median_return": 0.008,
      "compound_return": -0.37426689416393233,
      "max_drawdown": -0.40821301698743484,
      "profit_factor": 0.7519896686293196,
      "windows": 10
    },
    {
      "entry_policy": "all_days",
      "feature_group": "reversal_fundamental_regime",
      "model_name": "extra_trees_600_d3",
      "target_hit_bps": 80.0,
      "trades": 217,
      "win_rate": 0.8064516129032258,
      "avg_return": -0.0019068818216139108,
      "median_return": 0.008,
      "compound_return": -0.37783723977934114,
      "max_drawdown": -0.45230913297859254,
      "profit_factor": 0.7715077863361675,
      "windows": 10
    },
    {
      "entry_policy": "all_days",
      "feature_group": "reversal_fundamental_regime",
      "model_name": "xgb_d4_500_lr002_mcw5",
      "target_hit_bps": 80.0,
      "trades": 122,
      "win_rate": 0.8032786885245902,
      "avg_return": -0.0035507158773433723,
      "median_return": 0.008,
      "compound_return": -0.38040510102099556,
      "max_drawdown": -0.45143623884318196,
      "profit_factor": 0.643764095378622,
      "windows": 10
    },
    {
      "entry_policy": "all_days",
      "feature_group": "reversal_fundamental_regime_sector_external",
      "model_name": "xgb_d3_600_lr002_mcw3",
      "target_hit_bps": 80.0,
      "trades": 161,
      "win_rate": 0.782608695652174,
      "avg_return": -0.0027231231637423157,
      "median_return": 0.008,
      "compound_return": -0.38436712072759815,
      "max_drawdown": -0.3790891617718162,
      "profit_factor": 0.6956697816924474,
      "windows": 10
    },
    {
      "entry_policy": "all_days",
      "feature_group": "reversal_fundamental_regime_sector",
      "model_name": "xgb_d4_500_lr002_mcw5",
      "target_hit_bps": 80.0,
      "trades": 161,
      "win_rate": 0.8074534161490683,
      "avg_return": -0.002725986841442526,
      "median_return": 0.008,
      "compound_return": -0.3880444778738088,
      "max_drawdown": -0.4899708996313591,
      "profit_factor": 0.7029971068668821,
      "windows": 10
    },
    {
      "entry_policy": "all_days",
      "feature_group": "reversal_fundamental_regime",
      "model_name": "xgb_d3_600_lr002_mcw3",
      "target_hit_bps": 80.0,
      "trades": 133,
      "win_rate": 0.8045112781954887,
      "avg_return": -0.0033375519245828896,
      "median_return": 0.008,
      "compound_return": -0.3890213608496319,
      "max_drawdown": -0.4227929877936827,
      "profit_factor": 0.6582061335672137,
      "windows": 10
    },
    {
      "entry_policy": "all_days",
      "feature_group": "all_no_ak",
      "model_name": "xgb_d4_500_lr002_mcw5",
      "target_hit_bps": 80.0,
      "trades": 151,
      "win_rate": 0.7880794701986755,
      "avg_return": -0.003007942134455404,
      "median_return": 0.008,
      "compound_return": -0.3938805450992987,
      "max_drawdown": -0.4313121271504259,
      "profit_factor": 0.6770022041122555,
      "windows": 10
    }
  ]
}

[2026-05-18T18:13:42] RUN search_all_days_close_profit_50bps
  /usr/bin/python3 model_training/search_walk_forward_model_complexity.py --samples /root/stock_realtime_v021_full/saved_data/002261_pipeline_out_v2_new27_full/04_external/ai_compute/training_samples_with_ai_compute_external.csv --intraday-bars /root/stock_realtime_v021_full/saved_data/002261_pipeline_out_v2_new27_full/00_base/002261_5m.csv --out-dir /root/stock_realtime_v021_full/saved_data/002261_pipeline_out_v2_new27_full/10_search/search_all_days_close_profit_50bps --round-trip-cost-bps 1.7 --target-hit-bps 50.0 --label-mode close_profit --entry-policy all_days --entry-vwap-premium-bps 50.0 --max-missing 0.35 --groups reversal_fundamental_regime,reversal_fundamental_regime_sector,reversal_fundamental_regime_sector_external,all_no_ak --models xgb_d2_200_lr003_mcw5,xgb_d3_400_lr003_mcw3,xgb_d3_600_lr002_mcw3,xgb_d4_500_lr002_mcw5,lgbm_leaves7_400,lgbm_leaves15_700,extra_trees_600_d3,random_forest_600_d4 --quantiles 0.5,0.6,0.7,0.8 --train-rows 756 --valid-rows 126 --test-rows 63 --min-valid-trades 8 --min-train-entries 80
{
  "rows": 1539,
  "target_hit_bps": 50.0,
  "label_mode": "close_profit",
  "entry_policy": "all_days",
  "entry_vwap_premium_bps": 50.0,
  "groups": {
    "reversal_fundamental_regime": 85,
    "reversal_fundamental_regime_sector": 108,
    "reversal_fundamental_regime_sector_external": 274,
    "all_no_ak": 329
  },
  "models": [
    "xgb_d2_200_lr003_mcw5",
    "xgb_d3_400_lr003_mcw3",
    "xgb_d3_600_lr002_mcw3",
    "xgb_d4_500_lr002_mcw5",
    "extra_trees_600_d3",
    "random_forest_600_d4",
    "lgbm_leaves7_400",
    "lgbm_leaves15_700"
  ],
  "top": [
    {
      "entry_policy": "all_days",
      "feature_group": "reversal_fundamental_regime_sector",
      "model_name": "lgbm_leaves15_700",
      "target_hit_bps": 50.0,
      "trades": 211,
      "win_rate": 0.5402843601895735,
      "avg_return": 0.006787968125962492,
      "median_return": 0.002643731007315745,
      "compound_return": 2.523264538666452,
      "max_drawdown": -0.3239687039978283,
      "profit_factor": 1.5722729769192993,
      "windows": 10
    },
    {
      "entry_policy": "all_days",
      "feature_group": "reversal_fundamental_regime",
      "model_name": "random_forest_600_d4",
      "target_hit_bps": 50.0,
      "trades": 157,
      "win_rate": 0.5987261146496815,
      "avg_return": 0.007284916409548516,
      "median_return": 0.007172558599265914,
      "compound_return": 1.7072335451490361,
      "max_drawdown": -0.2588026937759156,
      "profit_factor": 1.5512345389487774,
      "windows": 10
    },
    {
      "entry_policy": "all_days",
      "feature_group": "reversal_fundamental_regime_sector_external",
      "model_name": "extra_trees_600_d3",
      "target_hit_bps": 50.0,
      "trades": 132,
      "win_rate": 0.6136363636363636,
      "avg_return": 0.008379027332516003,
      "median_return": 0.006821795911123311,
      "compound_return": 1.6832590973357058,
      "max_drawdown": -0.3027726750618279,
      "profit_factor": 1.6845698940034526,
      "windows": 10
    },
    {
      "entry_policy": "all_days",
      "feature_group": "reversal_fundamental_regime_sector",
      "model_name": "xgb_d3_400_lr003_mcw3",
      "target_hit_bps": 50.0,
      "trades": 117,
      "win_rate": 0.5726495726495726,
      "avg_return": 0.0076325075880616785,
      "median_return": 0.0068252305246423485,
      "compound_return": 1.2352519878614272,
      "max_drawdown": -0.1504611116382053,
      "profit_factor": 1.672601082675833,
      "windows": 10
    },
    {
      "entry_policy": "all_days",
      "feature_group": "reversal_fundamental_regime",
      "model_name": "xgb_d2_200_lr003_mcw5",
      "target_hit_bps": 50.0,
      "trades": 184,
      "win_rate": 0.5597826086956522,
      "avg_return": 0.005201724716453357,
      "median_return": 0.0048484848469585486,
      "compound_return": 1.2064164209124582,
      "max_drawdown": -0.3009080240203942,
      "profit_factor": 1.385527889414719,
      "windows": 10
    },
    {
      "entry_policy": "all_days",
      "feature_group": "reversal_fundamental_regime",
      "model_name": "xgb_d4_500_lr002_mcw5",
      "target_hit_bps": 50.0,
      "trades": 151,
      "win_rate": 0.5960264900662252,
      "avg_return": 0.005968036885911951,
      "median_return": 0.007180779182593303,
      "compound_return": 1.1877431507217429,
      "max_drawdown": -0.31867427282733163,
      "profit_factor": 1.4893964382916427,
      "windows": 10
    },
    {
      "entry_policy": "all_days",
      "feature_group": "reversal_fundamental_regime_sector",
      "model_name": "xgb_d4_500_lr002_mcw5",
      "target_hit_bps": 50.0,
      "trades": 191,
      "win_rate": 0.5392670157068062,
      "avg_return": 0.0048173588446703995,
      "median_return": 0.0025585129604364133,
      "compound_return": 1.1478661521157472,
      "max_drawdown": -0.35504589343815496,
      "profit_factor": 1.3780042856144579,
      "windows": 10
    },
    {
      "entry_policy": "all_days",
      "feature_group": "reversal_fundamental_regime_sector",
      "model_name": "random_forest_600_d4",
      "target_hit_bps": 50.0,
      "trades": 151,
      "win_rate": 0.5827814569536424,
      "avg_return": 0.004889920116009778,
      "median_return": 0.004886890012642201,
      "compound_return": 0.8481376176142548,
      "max_drawdown": -0.2986440950269855,
      "profit_factor": 1.3644145781610237,
      "windows": 10
    },
    {
      "entry_policy": "all_days",
      "feature_group": "reversal_fundamental_regime_sector",
      "model_name": "extra_trees_600_d3",
      "target_hit_bps": 50.0,
      "trades": 162,
      "win_rate": 0.5432098765432098,
      "avg_return": 0.004381192260212298,
      "median_return": 0.00279062560309851,
      "compound_return": 0.7506395021245116,
      "max_drawdown": -0.3646476466344558,
      "profit_factor": 1.292868340301452,
      "windows": 10
    },
    {
      "entry_policy": "all_days",
      "feature_group": "all_no_ak",
      "model_name": "extra_trees_600_d3",
      "target_hit_bps": 50.0,
      "trades": 182,
      "win_rate": 0.5714285714285714,
      "avg_return": 0.0038720094055704982,
      "median_return": 0.004696616126149914,
      "compound_return": 0.7134533260476967,
      "max_drawdown": -0.38296613807840507,
      "profit_factor": 1.2651047777783566,
      "windows": 10
    },
    {
      "entry_policy": "all_days",
      "feature_group": "reversal_fundamental_regime",
      "model_name": "xgb_d3_400_lr003_mcw3",
      "target_hit_bps": 50.0,
      "trades": 185,
      "win_rate": 0.5675675675675675,
      "avg_return": 0.003601955166920634,
      "median_return": 0.0031346926635822427,
      "compound_return": 0.6839035914901681,
      "max_drawdown": -0.313813033296078,
      "profit_factor": 1.2754562246927899,
      "windows": 10
    },
    {
      "entry_policy": "all_days",
      "feature_group": "reversal_fundamental_regime_sector",
      "model_name": "xgb_d3_600_lr002_mcw3",
      "target_hit_bps": 50.0,
      "trades": 184,
      "win_rate": 0.5271739130434783,
      "avg_return": 0.0035793846493198693,
      "median_return": 0.002601121983876079,
      "compound_return": 0.6643008430966724,
      "max_drawdown": -0.2083955271303285,
      "profit_factor": 1.2603450141380261,
      "windows": 10
    },
    {
      "entry_policy": "all_days",
      "feature_group": "reversal_fundamental_regime",
      "model_name": "lgbm_leaves15_700",
      "target_hit_bps": 50.0,
      "trades": 186,
      "win_rate": 0.532258064516129,
      "avg_return": 0.0032081413989801365,
      "median_return": 0.002427341694134059,
      "compound_return": 0.570490468443897,
      "max_drawdown": -0.31531609636737645,
      "profit_factor": 1.2391426698966306,
      "windows": 10
    },
    {
      "entry_policy": "all_days",
      "feature_group": "all_no_ak",
      "model_name": "lgbm_leaves15_700",
      "target_hit_bps": 50.0,
      "trades": 176,
      "win_rate": 0.5511363636363636,
      "avg_return": 0.003032448257403568,
      "median_return": 0.0038971930898238395,
      "compound_return": 0.5218316358650215,
      "max_drawdown": -0.23214439600713777,
      "profit_factor": 1.2543028554516948,
      "windows": 10
    },
    {
      "entry_policy": "all_days",
      "feature_group": "reversal_fundamental_regime_sector",
      "model_name": "lgbm_leaves7_400",
      "target_hit_bps": 50.0,
      "trades": 126,
      "win_rate": 0.5396825396825397,
      "avg_return": 0.003953260060952475,
      "median_return": 0.003360153481888343,
      "compound_return": 0.5080808013151445,
      "max_drawdown": -0.18949409667549644,
      "profit_factor": 1.3230134639922355,
      "windows": 10
    },
    {
      "entry_policy": "all_days",
      "feature_group": "reversal_fundamental_regime",
      "model_name": "extra_trees_600_d3",
      "target_hit_bps": 50.0,
      "trades": 151,
      "win_rate": 0.5496688741721855,
      "avg_return": 0.0033706841872916653,
      "median_return": 0.002937520198881275,
      "compound_return": 0.4498471637775998,
      "max_drawdown": -0.3120927554318317,
      "profit_factor": 1.2231340737120109,
      "windows": 10
    },
    {
      "entry_policy": "all_days",
      "feature_group": "reversal_fundamental_regime_sector",
      "model_name": "xgb_d2_200_lr003_mcw5",
      "target_hit_bps": 50.0,
      "trades": 163,
      "win_rate": 0.5276073619631901,
      "avg_return": 0.0030730809367744533,
      "median_return": 0.0025585129604364133,
      "compound_return": 0.4209721857396429,
      "max_drawdown": -0.36721275816925836,
      "profit_factor": 1.2028131487532059,
      "windows": 10
    },
    {
      "entry_policy": "all_days",
      "feature_group": "reversal_fundamental_regime",
      "model_name": "xgb_d3_600_lr002_mcw3",
      "target_hit_bps": 50.0,
      "trades": 190,
      "win_rate": 0.531578947368421,
      "avg_return": 0.0023500143854570904,
      "median_return": 0.0021912759113963433,
      "compound_return": 0.34065402328187866,
      "max_drawdown": -0.2781894287706157,
      "profit_factor": 1.1690136238461812,
      "windows": 10
    },
    {
      "entry_policy": "all_days",
      "feature_group": "reversal_fundamental_regime_sector_external",
      "model_name": "lgbm_leaves7_400",
      "target_hit_bps": 50.0,
      "trades": 152,
      "win_rate": 0.5657894736842105,
      "avg_return": 0.0024326142752210526,
      "median_return": 0.0038971930898238395,
      "compound_return": 0.3315075878762417,
      "max_drawdown": -0.21974050478621465,
      "profit_factor": 1.2096352044314542,
      "windows": 10
    },
    {
      "entry_policy": "all_days",
      "feature_group": "reversal_fundamental_regime_sector_external",
      "model_name": "lgbm_leaves15_700",
      "target_hit_bps": 50.0,
      "trades": 134,
      "win_rate": 0.5970149253731343,
      "avg_return": 0.0021851455049108704,
      "median_return": 0.004696616126149914,
      "compound_return": 0.24265850441451842,
      "max_drawdown": -0.2313941032272715,
      "profit_factor": 1.185829826982534,
      "windows": 10
    }
  ]
}

[2026-05-18T18:29:57] RUN summarize
  /usr/bin/python3 model_training/summarize_nextday_search_results.py --pipeline-out /root/stock_realtime_v021_full/saved_data/002261_pipeline_out_v2_new27_full --out-dir /root/stock_realtime_v021_full/saved_data/002261_pipeline_out_v2_new27_full/99_summary --excel
{
  "rows": 192,
  "outputs": {
    "final_leaderboard": "/root/stock_realtime_v021_full/saved_data/002261_pipeline_out_v2_new27_full/99_summary/final_leaderboard.csv",
    "best_by_target_top5": "/root/stock_realtime_v021_full/saved_data/002261_pipeline_out_v2_new27_full/99_summary/best_by_target_top5.csv",
    "best_by_entry_policy_top5": "/root/stock_realtime_v021_full/saved_data/002261_pipeline_out_v2_new27_full/99_summary/best_by_entry_policy_top5.csv",
    "excel": "/root/stock_realtime_v021_full/saved_data/002261_pipeline_out_v2_new27_full/99_summary/final_leaderboard.xlsx",
    "summary_manifest": "/root/stock_realtime_v021_full/saved_data/002261_pipeline_out_v2_new27_full/99_summary/summary_manifest.json"
  }
}
=== nextday pipeline end: 2026-05-18T18:29:58 status=ok ===
