=== nextday pipeline start: 2026-05-26T00:14:04 ===
symbol=600361.SH, out_root=C:\Users\23853\PycharmProjects\stock_realtime_v021_full\saved_data\asof1455_week_check\600361_pipeline_out

[2026-05-26T00:14:04] RUN update_data
  'C:\Users\23853\PycharmProjects\stock_realtime_v021_full\.venv\Scripts\python.exe' bootstrap/ashare_xgb_dual_opportunity_regression_baostock_full_v19_compressed_trading_axis.py --mode update_data --symbol 600361 --benchmark_symbol 000300 --daily_start 2025-01-01 --daily_end 2026-05-25 --intraday_start '2025-01-01 09:30:00' --intraday_end '2026-05-25 15:00:00' --output_dir 'C:\Users\23853\PycharmProjects\stock_realtime_v021_full\saved_data\asof1455_week_check\600361_pipeline_out\00_base' --cache_mode incremental --feature_cache_mode incremental --adjust qfq
login success!
logout success!
login success!
logout success!
login success!
logout success!
{
  "mode": "update_data",
  "symbol": "600361",
  "data_source": "baostock",
  "daily_rows": 334,
  "intraday_rows": 16032,
  "daily_min": "2025-01-02 00:00:00",
  "daily_max": "2026-05-25 00:00:00",
  "intraday_min": "2025-01-02 09:35:00",
  "intraday_max": "2026-05-25 15:00:00",
  "base_paths": {
    "daily_csv": "C:\\Users\\23853\\PycharmProjects\\stock_realtime_v021_full\\saved_data\\asof1455_week_check\\600361_pipeline_out\\00_base\\600361_daily.csv",
    "intraday_csv": "C:\\Users\\23853\\PycharmProjects\\stock_realtime_v021_full\\saved_data\\asof1455_week_check\\600361_pipeline_out\\00_base\\600361_5m.csv",
    "benchmark_csv": "C:\\Users\\23853\\PycharmProjects\\stock_realtime_v021_full\\saved_data\\asof1455_week_check\\600361_pipeline_out\\00_base\\000300_benchmark_daily.csv",
    "raw_daily_cache_csv": "C:\\Users\\23853\\PycharmProjects\\stock_realtime_v021_full\\saved_data\\asof1455_week_check\\600361_pipeline_out\\00_base\\raw_cache\\600361_daily_raw.csv",
    "raw_intraday_cache_csv": "C:\\Users\\23853\\PycharmProjects\\stock_realtime_v021_full\\saved_data\\asof1455_week_check\\600361_pipeline_out\\00_base\\raw_cache\\600361_5m_raw.csv",
    "raw_benchmark_cache_csv": "C:\\Users\\23853\\PycharmProjects\\stock_realtime_v021_full\\saved_data\\asof1455_week_check\\600361_pipeline_out\\00_base\\raw_cache\\000300_benchmark_daily_raw.csv",
    "daily_features_csv": "C:\\Users\\23853\\PycharmProjects\\stock_realtime_v021_full\\saved_data\\asof1455_week_check\\600361_pipeline_out\\00_base\\daily_features.csv",
    "intraday_features_csv": "C:\\Users\\23853\\PycharmProjects\\stock_realtime_v021_full\\saved_data\\asof1455_week_check\\600361_pipeline_out\\00_base\\intraday_features.csv",
    "daily_features_cache_csv": "C:\\Users\\23853\\PycharmProjects\\stock_realtime_v021_full\\saved_data\\asof1455_week_check\\600361_pipeline_out\\00_base\\feature_cache\\daily_features_cache.csv",
    "intraday_features_cache_csv": "C:\\Users\\23853\\PycharmProjects\\stock_realtime_v021_full\\saved_data\\asof1455_week_check\\600361_pipeline_out\\00_base\\feature_cache\\intraday_features_cache.csv",
    "feature_state_json": "C:\\Users\\23853\\PycharmProjects\\stock_realtime_v021_full\\saved_data\\asof1455_week_check\\600361_pipeline_out\\00_base\\feature_cache\\feature_state.json"
  },
  "fetch_logs": {
    "symbol": "600361",
    "benchmark_symbol": "000300",
    "daily_start": "2025-01-01",
    "daily_end": "2026-05-25",
    "intraday_start": "2025-01-01 09:30:00",
    "intraday_end": "2026-05-25 15:00:00",
    "perf_start": "2025-01-01",
    "data_source": "baostock",
    "cache_mode": "incremental",
    "force_refresh": false,
    "raw_cache_dir": "C:\\Users\\23853\\PycharmProjects\\stock_realtime_v021_full\\saved_data\\asof1455_week_check\\600361_pipeline_out\\00_base\\raw_cache",
    "feature_cache_dir": "C:\\Users\\23853\\PycharmProjects\\stock_realtime_v021_full\\saved_data\\asof1455_week_check\\600361_pipeline_out\\00_base\\feature_cache",
    "feature_cache_mode": "incremental",
    "daily": {
      "cache_path": "C:\\Users\\23853\\PycharmProjects\\stock_realtime_v021_full\\saved_data\\asof1455_week_check\\600361_pipeline_out\\00_base\\raw_cache\\600361_daily_raw.csv",
      "requested_start": "2025-01-01",
      "requested_end": "2026-05-25",
      "mode": "initial_fetch",
      "fetch_segments": [
        {
          "provider": "baostock",
          "code": "sh.600361",
          "adjustflag": "2",
          "rows": 334,
          "start": "2025-01-01",
          "end": "2026-05-25"
        }
      ],
      "cache_after": {
        "rows": 334,
        "min": "2025-01-02 00:00:00",
        "max": "2026-05-25 00:00:00"
      }
    },
    "intraday_5m": {
      "cache_path": "C:\\Users\\23853\\PycharmProjects\\stock_realtime_v021_full\\saved_data\\asof1455_week_check\\600361_pipeline_out\\00_base\\raw_cache\\600361_5m_raw.csv",
      "requested_start": "2025-01-01 09:30:00",
      "requested_end": "2026-05-25 15:00:00",
      "mode": "initial_fetch",
      "fetch_segments": [
        {
          "provider": "baostock",
          "code": "sh.600361",
          "adjustflag": "2",
          "requested_start": "2025-01-01 09:30:00",
          "effective_start": "2025-01-01 09:30:00",
          "requested_end": "2026-05-25 15:00:00",
          "rows": 16032
        }
      ],
      "cache_after": {
        "rows": 16032,
        "min": "2025-01-02 09:35:00",
        "max": "2026-05-25 15:00:00"
      }
    },
    "benchmark_daily": {
      "cache_path": "C:\\Users\\23853\\PycharmProjects\\stock_realtime_v021_full\\saved_data\\asof1455_week_check\\600361_pipeline_out\\00_base\\raw_cache\\000300_benchmark_daily_raw.csv",
      "requested_start": "2025-01-01",
      "requested_end": "2026-05-25",
      "mode": "initial_fetch",
      "fetch_segments": [
        {
          "provider": "baostock",
          "code": "sh.000300",
          "rows": 334,
          "start": "2025-01-01",
          "end": "2026-05-25"
        }
      ],
      "cache_after": {
        "rows": 334,
        "min": "2025-01-02 00:00:00",
        "max": "2026-05-25 00:00:00"
      }
    },
    "feature_build": {
      "mode": "full_rebuild",
      "reason": "feature_cache_missing",
      "daily_cache_after": {
        "rows": 334,
        "min": "2025-01-02 00:00:00",
        "max": "2026-05-25 00:00:00"
      },
      "intraday_cache_after": {
        "rows": 16032,
        "min": "2025-01-02 09:35:00",
        "max": "2026-05-25 15:00:00"
      },
      "daily_context_days": 260,
      "intraday_context_days": 40,
      "daily_appended_rows": 334,
      "intraday_appended_rows": 16032
    },
    "feature_state": {
      "daily_feature_max": "2026-05-25 00:00:00",
      "intraday_feature_max": "2026-05-25 15:00:00",
      "daily_context_days": 260,
      "intraday_context_days": 40,
      "feature_build_mode": "full_rebuild"
    }
  }
}

[2026-05-26T00:14:23] RUN samples
  'C:\Users\23853\PycharmProjects\stock_realtime_v021_full\.venv\Scripts\python.exe' feature_building/build_nextday_samples_from_baostock.py --daily-features 'C:\Users\23853\PycharmProjects\stock_realtime_v021_full\saved_data\asof1455_week_check\600361_pipeline_out\00_base\daily_features.csv' --intraday-bars 'C:\Users\23853\PycharmProjects\stock_realtime_v021_full\saved_data\asof1455_week_check\600361_pipeline_out\00_base\600361_5m.csv' --out-dir 'C:\Users\23853\PycharmProjects\stock_realtime_v021_full\saved_data\asof1455_week_check\600361_pipeline_out\01_samples' --min-bars 40 --keep-unlabeled-tail
{
  "rows": 334,
  "date_min": "2025-01-02",
  "date_max": "2026-05-25",
  "out": "C:\\Users\\23853\\PycharmProjects\\stock_realtime_v021_full\\saved_data\\asof1455_week_check\\600361_pipeline_out\\01_samples\\training_samples.csv"
}

[2026-05-26T00:14:24] RUN asof_samples
  'C:\Users\23853\PycharmProjects\stock_realtime_v021_full\.venv\Scripts\python.exe' feature_building/build_asof1455_training_samples.py --samples 'C:\Users\23853\PycharmProjects\stock_realtime_v021_full\saved_data\asof1455_week_check\600361_pipeline_out\01_samples\training_samples.csv' --intraday-bars 'C:\Users\23853\PycharmProjects\stock_realtime_v021_full\saved_data\asof1455_week_check\600361_pipeline_out\00_base\600361_5m.csv' --out-dir 'C:\Users\23853\PycharmProjects\stock_realtime_v021_full\saved_data\asof1455_week_check\600361_pipeline_out\01_samples_asof1455' --cutoff-time 14:55 --min-bars 40
{
  "rows": 334,
  "date_min": "2025-01-02",
  "date_max": "2026-05-25",
  "cutoff_time": "14:55",
  "min_bars": 40,
  "out": "C:\\Users\\23853\\PycharmProjects\\stock_realtime_v021_full\\saved_data\\asof1455_week_check\\600361_pipeline_out\\01_samples_asof1455\\training_samples_asof1455.csv"
}

[2026-05-26T00:14:25] RUN fundamental
  'C:\Users\23853\PycharmProjects\stock_realtime_v021_full\.venv\Scripts\python.exe' feature_building/build_fundamental_features.py --symbol 600361.SH --daily-samples 'C:\Users\23853\PycharmProjects\stock_realtime_v021_full\saved_data\asof1455_week_check\600361_pipeline_out\01_samples_asof1455\training_samples_asof1455.csv' --out-dir 'C:\Users\23853\PycharmProjects\stock_realtime_v021_full\saved_data\asof1455_week_check\600361_pipeline_out\02_fundamental' --start-date 2025-01-01 --end-date 2026-05-25 --fallback-lag-days 120 --skip-akshare
login success!
logout success!
{
  "rows": 334,
  "date_min": "2025-01-02",
  "date_max": "2026-05-25",
  "source_errors": [],
  "top_missing_rates": {
    "profit_MBRevenue_chg4q": 0.9041916167664671,
    "profit_MBRevenue": 0.8922155688622755,
    "pbMRQ_rank252": 0.17664670658682635,
    "peTTM_rank252": 0.17664670658682635,
    "pcfNcfTTM_rank252": 0.17664670658682635,
    "psTTM_rank252": 0.17664670658682635,
    "profit_netProfit_chg4q": 0.011976047904191617,
    "growth_YOYNI_chg4q": 0.011976047904191617,
    "growth_YOYEPSBasic_chg4q": 0.011976047904191617,
    "growth_YOYPNI_chg4q": 0.011976047904191617,
    "profit_epsTTM_chg4q": 0.011976047904191617,
    "profit_totalShare_chg4q": 0.011976047904191617,
    "profit_liqaShare_chg4q": 0.011976047904191617,
    "growth_YOYEquity_chg4q": 0.011976047904191617,
    "growth_YOYAsset_chg4q": 0.011976047904191617,
    "dupont_dupontROE_chg4q": 0.011976047904191617,
    "cashflow_CAToAsset_chg4q": 0.011976047904191617,
    "cashflow_NCAToAsset_chg4q": 0.011976047904191617,
    "cashflow_tangibleAssetToAsset_chg4q": 0.011976047904191617,
    "cashflow_ebitToInterest_chg4q": 0.011976047904191617,
    "cashflow_CFOToOR_chg4q": 0.011976047904191617,
    "cashflow_CFOToNP_chg4q": 0.011976047904191617,
    "cashflow_CFOToGr_chg4q": 0.011976047904191617,
    "profit_npMargin_chg4q": 0.011976047904191617,
    "dupont_dupontAssetStoEquity_chg4q": 0.011976047904191617,
    "profit_roeAvg_chg4q": 0.011976047904191617,
    "solvency_currentRatio_chg4q": 0.011976047904191617,
    "solvency_quickRatio_chg4q": 0.011976047904191617,
    "solvency_cashRatio_chg4q": 0.011976047904191617,
    "solvency_YOYLiability_chg4q": 0.011976047904191617
  },
  "valuation_non_null": {
    "peTTM": 334,
    "pbMRQ": 334,
    "psTTM": 334,
    "pcfNcfTTM": 334
  },
  "future_effective_date_violations": 0,
  "rows_with_quarterly": 334,
  "sample_rows": 334,
  "quarterly_raw_rows": 9,
  "quarterly_used_pubDate_rows": 9,
  "quarterly_fallback_rows": 0,
  "elapsed_seconds": 9.877,
  "symbol": "600361",
  "baostock_code": "sh.600361",
  "valuation_rows": 334,
  "fund_flow_rows": 0,
  "feature_columns": 95,
  "merged_columns": 185,
  "outputs": {
    "daily_valuation": "C:\\Users\\23853\\PycharmProjects\\stock_realtime_v021_full\\saved_data\\asof1455_week_check\\600361_pipeline_out\\02_fundamental\\baostock_daily_valuation.csv",
    "quarterly_fundamentals": "C:\\Users\\23853\\PycharmProjects\\stock_realtime_v021_full\\saved_data\\asof1455_week_check\\600361_pipeline_out\\02_fundamental\\baostock_quarterly_fundamentals_pit.csv",
    "fundamental_features": "C:\\Users\\23853\\PycharmProjects\\stock_realtime_v021_full\\saved_data\\asof1455_week_check\\600361_pipeline_out\\02_fundamental\\fundamental_features.csv",
    "merged_samples": "C:\\Users\\23853\\PycharmProjects\\stock_realtime_v021_full\\saved_data\\asof1455_week_check\\600361_pipeline_out\\02_fundamental\\training_samples_with_fundamentals.csv"
  }
}

[2026-05-26T00:14:35] RUN sector
  'C:\Users\23853\PycharmProjects\stock_realtime_v021_full\.venv\Scripts\python.exe' feature_building/build_sector_features.py --samples 'C:\Users\23853\PycharmProjects\stock_realtime_v021_full\saved_data\asof1455_week_check\600361_pipeline_out\02_fundamental\training_samples_with_fundamentals.csv' --out-dir 'C:\Users\23853\PycharmProjects\stock_realtime_v021_full\saved_data\asof1455_week_check\600361_pipeline_out\03_sector' --sector-symbol '工业金属' --start-date 2025-01-01 --end-date 2026-05-25

  0%|          | 0/2 [00:00<?, ?it/s]
 50%|█████     | 1/2 [00:02<00:02,  2.18s/it]
100%|██████████| 2/2 [00:04<00:00,  2.10s/it]
                                             
{
  "sector_symbol": "工业金属",
  "sector_rows": 334,
  "sector_date_min": "2025-01-02",
  "sector_date_max": "2026-05-25",
  "sample_rows": 334,
  "merged_rows": 334,
  "sector_feature_cols": 23,
  "top_missing": {
    "sector_ret60": 0.17964071856287425,
    "sector_ma60_gap": 0.08982035928143713,
    "stock_vs_sector_ret20": 0.059880239520958084,
    "sector_ret20": 0.059880239520958084,
    "sector_vol20": 0.03293413173652695,
    "sector_ma20_gap": 0.029940119760479042,
    "sector_range_z20": 0.029940119760479042,
    "sector_volume_shock20": 0.029940119760479042,
    "sector_amount_z20": 0.029940119760479042,
    "sector_volume_z20": 0.029940119760479042,
    "sector_amount_shock20": 0.029940119760479042,
    "sector_ret5": 0.014970059880239521,
    "stock_vs_sector_ret5": 0.014970059880239521,
    "sector_vs_bench_ret5": 0.014970059880239521,
    "stock_vs_sector_ret1": 0.0029940119760479044,
    "sector_ret1": 0.0029940119760479044,
    "sector_amount": 0.0,
    "sector_volume": 0.0,
    "sector_close": 0.0,
    "sector_low": 0.0
  },
  "outputs": {
    "sector_index": "C:\\Users\\23853\\PycharmProjects\\stock_realtime_v021_full\\saved_data\\asof1455_week_check\\600361_pipeline_out\\03_sector\\sector_index_ths.csv",
    "sector_features": "C:\\Users\\23853\\PycharmProjects\\stock_realtime_v021_full\\saved_data\\asof1455_week_check\\600361_pipeline_out\\03_sector\\sector_features.csv",
    "merged_samples": "C:\\Users\\23853\\PycharmProjects\\stock_realtime_v021_full\\saved_data\\asof1455_week_check\\600361_pipeline_out\\03_sector\\training_samples_with_sector.csv"
  }
}

[2026-05-26T00:14:43] RUN external_zijin_external
  'C:\Users\23853\PycharmProjects\stock_realtime_v021_full\.venv\Scripts\python.exe' feature_building/build_zijin_external_features.py --samples 'C:\Users\23853\PycharmProjects\stock_realtime_v021_full\saved_data\asof1455_week_check\600361_pipeline_out\03_sector\training_samples_with_sector.csv' --out-dir 'C:\Users\23853\PycharmProjects\stock_realtime_v021_full\saved_data\asof1455_week_check\600361_pipeline_out\04_external\zijin_external' --lag-days 1
C:\Users\23853\PycharmProjects\stock_realtime_v021_full\.venv\Lib\site-packages\akshare\futures\futures_basis.py:107: UserWarning: 20250104非交易日
  warnings.warn(f"{date.strftime('%Y%m%d')}非交易日")
C:\Users\23853\PycharmProjects\stock_realtime_v021_full\.venv\Lib\site-packages\akshare\futures\futures_basis.py:107: UserWarning: 20250105非交易日
  warnings.warn(f"{date.strftime('%Y%m%d')}非交易日")
C:\Users\23853\PycharmProjects\stock_realtime_v021_full\.venv\Lib\site-packages\akshare\futures\futures_basis.py:107: UserWarning: 20250111非交易日
  warnings.warn(f"{date.strftime('%Y%m%d')}非交易日")
C:\Users\23853\PycharmProjects\stock_realtime_v021_full\.venv\Lib\site-packages\akshare\futures\futures_basis.py:107: UserWarning: 20250112非交易日
  warnings.warn(f"{date.strftime('%Y%m%d')}非交易日")
C:\Users\23853\PycharmProjects\stock_realtime_v021_full\.venv\Lib\site-packages\akshare\futures\futures_basis.py:107: UserWarning: 20250118非交易日
  warnings.warn(f"{date.strftime('%Y%m%d')}非交易日")
C:\Users\23853\PycharmProjects\stock_realtime_v021_full\.venv\Lib\site-packages\akshare\futures\futures_basis.py:107: UserWarning: 20250119非交易日
  warnings.warn(f"{date.strftime('%Y%m%d')}非交易日")
C:\Users\23853\PycharmProjects\stock_realtime_v021_full\.venv\Lib\site-packages\akshare\futures\futures_basis.py:107: UserWarning: 20250125非交易日
  warnings.warn(f"{date.strftime('%Y%m%d')}非交易日")
C:\Users\23853\PycharmProjects\stock_realtime_v021_full\.venv\Lib\site-packages\akshare\futures\futures_basis.py:107: UserWarning: 20250126非交易日
  warnings.warn(f"{date.strftime('%Y%m%d')}非交易日")
C:\Users\23853\PycharmProjects\stock_realtime_v021_full\.venv\Lib\site-packages\akshare\futures\futures_basis.py:107: UserWarning: 20250128非交易日
  warnings.warn(f"{date.strftime('%Y%m%d')}非交易日")
C:\Users\23853\PycharmProjects\stock_realtime_v021_full\.venv\Lib\site-packages\akshare\futures\futures_basis.py:107: UserWarning: 20250129非交易日
  warnings.warn(f"{date.strftime('%Y%m%d')}非交易日")
C:\Users\23853\PycharmProjects\stock_realtime_v021_full\.venv\Lib\site-packages\akshare\futures\futures_basis.py:107: UserWarning: 20250130非交易日
  warnings.warn(f"{date.strftime('%Y%m%d')}非交易日")
C:\Users\23853\PycharmProjects\stock_realtime_v021_full\.venv\Lib\site-packages\akshare\futures\futures_basis.py:107: UserWarning: 20250131非交易日
  warnings.warn(f"{date.strftime('%Y%m%d')}非交易日")
C:\Users\23853\PycharmProjects\stock_realtime_v021_full\.venv\Lib\site-packages\akshare\futures\futures_basis.py:107: UserWarning: 20250201非交易日
  warnings.warn(f"{date.strftime('%Y%m%d')}非交易日")
C:\Users\23853\PycharmProjects\stock_realtime_v021_full\.venv\Lib\site-packages\akshare\futures\futures_basis.py:107: UserWarning: 20250202非交易日
  warnings.warn(f"{date.strftime('%Y%m%d')}非交易日")
C:\Users\23853\PycharmProjects\stock_realtime_v021_full\.venv\Lib\site-packages\akshare\futures\futures_basis.py:107: UserWarning: 20250203非交易日
  warnings.warn(f"{date.strftime('%Y%m%d')}非交易日")
C:\Users\23853\PycharmProjects\stock_realtime_v021_full\.venv\Lib\site-packages\akshare\futures\futures_basis.py:107: UserWarning: 20250204非交易日
  warnings.warn(f"{date.strftime('%Y%m%d')}非交易日")
C:\Users\23853\PycharmProjects\stock_realtime_v021_full\.venv\Lib\site-packages\akshare\futures\futures_basis.py:107: UserWarning: 20250208非交易日
  warnings.warn(f"{date.strftime('%Y%m%d')}非交易日")
C:\Users\23853\PycharmProjects\stock_realtime_v021_full\.venv\Lib\site-packages\akshare\futures\futures_basis.py:107: UserWarning: 20250209非交易日
  warnings.warn(f"{date.strftime('%Y%m%d')}非交易日")
C:\Users\23853\PycharmProjects\stock_realtime_v021_full\.venv\Lib\site-packages\akshare\futures\futures_basis.py:107: UserWarning: 20250215非交易日
  warnings.warn(f"{date.strftime('%Y%m%d')}非交易日")
C:\Users\23853\PycharmProjects\stock_realtime_v021_full\.venv\Lib\site-packages\akshare\futures\futures_basis.py:107: UserWarning: 20250216非交易日
  warnings.warn(f"{date.strftime('%Y%m%d')}非交易日")
C:\Users\23853\PycharmProjects\stock_realtime_v021_full\.venv\Lib\site-packages\akshare\futures\futures_basis.py:107: UserWarning: 20250222非交易日
  warnings.warn(f"{date.strftime('%Y%m%d')}非交易日")
C:\Users\23853\PycharmProjects\stock_realtime_v021_full\.venv\Lib\site-packages\akshare\futures\futures_basis.py:107: UserWarning: 20250223非交易日
  warnings.warn(f"{date.strftime('%Y%m%d')}非交易日")
C:\Users\23853\PycharmProjects\stock_realtime_v021_full\.venv\Lib\site-packages\akshare\futures\futures_basis.py:107: UserWarning: 20250301非交易日
  warnings.warn(f"{date.strftime('%Y%m%d')}非交易日")
C:\Users\23853\PycharmProjects\stock_realtime_v021_full\.venv\Lib\site-packages\akshare\futures\futures_basis.py:107: UserWarning: 20250302非交易日
  warnings.warn(f"{date.strftime('%Y%m%d')}非交易日")
C:\Users\23853\PycharmProjects\stock_realtime_v021_full\.venv\Lib\site-packages\akshare\futures\futures_basis.py:107: UserWarning: 20250308非交易日
  warnings.warn(f"{date.strftime('%Y%m%d')}非交易日")
C:\Users\23853\PycharmProjects\stock_realtime_v021_full\.venv\Lib\site-packages\akshare\futures\futures_basis.py:107: UserWarning: 20250309非交易日
  warnings.warn(f"{date.strftime('%Y%m%d')}非交易日")
C:\Users\23853\PycharmProjects\stock_realtime_v021_full\.venv\Lib\site-packages\akshare\futures\futures_basis.py:107: UserWarning: 20250315非交易日
  warnings.warn(f"{date.strftime('%Y%m%d')}非交易日")
C:\Users\23853\PycharmProjects\stock_realtime_v021_full\.venv\Lib\site-packages\akshare\futures\futures_basis.py:107: UserWarning: 20250316非交易日
  warnings.warn(f"{date.strftime('%Y%m%d')}非交易日")
C:\Users\23853\PycharmProjects\stock_realtime_v021_full\.venv\Lib\site-packages\akshare\futures\futures_basis.py:107: UserWarning: 20250322非交易日
  warnings.warn(f"{date.strftime('%Y%m%d')}非交易日")
C:\Users\23853\PycharmProjects\stock_realtime_v021_full\.venv\Lib\site-packages\akshare\futures\futures_basis.py:107: UserWarning: 20250323非交易日
  warnings.warn(f"{date.strftime('%Y%m%d')}非交易日")
C:\Users\23853\PycharmProjects\stock_realtime_v021_full\.venv\Lib\site-packages\akshare\futures\futures_basis.py:107: UserWarning: 20250329非交易日
  warnings.warn(f"{date.strftime('%Y%m%d')}非交易日")
C:\Users\23853\PycharmProjects\stock_realtime_v021_full\.venv\Lib\site-packages\akshare\futures\futures_basis.py:107: UserWarning: 20250330非交易日
  warnings.warn(f"{date.strftime('%Y%m%d')}非交易日")
C:\Users\23853\PycharmProjects\stock_realtime_v021_full\.venv\Lib\site-packages\akshare\futures\futures_basis.py:107: UserWarning: 20250404非交易日
  warnings.warn(f"{date.strftime('%Y%m%d')}非交易日")
C:\Users\23853\PycharmProjects\stock_realtime_v021_full\.venv\Lib\site-packages\akshare\futures\futures_basis.py:107: UserWarning: 20250405非交易日
  warnings.warn(f"{date.strftime('%Y%m%d')}非交易日")
C:\Users\23853\PycharmProjects\stock_realtime_v021_full\.venv\Lib\site-packages\akshare\futures\futures_basis.py:107: UserWarning: 20250406非交易日
  warnings.warn(f"{date.strftime('%Y%m%d')}非交易日")
C:\Users\23853\PycharmProjects\stock_realtime_v021_full\.venv\Lib\site-packages\akshare\futures\futures_basis.py:107: UserWarning: 20250412非交易日
  warnings.warn(f"{date.strftime('%Y%m%d')}非交易日")
C:\Users\23853\PycharmProjects\stock_realtime_v021_full\.venv\Lib\site-packages\akshare\futures\futures_basis.py:107: UserWarning: 20250413非交易日
  warnings.warn(f"{date.strftime('%Y%m%d')}非交易日")
C:\Users\23853\PycharmProjects\stock_realtime_v021_full\.venv\Lib\site-packages\akshare\futures\futures_basis.py:107: UserWarning: 20250419非交易日
  warnings.warn(f"{date.strftime('%Y%m%d')}非交易日")
C:\Users\23853\PycharmProjects\stock_realtime_v021_full\.venv\Lib\site-packages\akshare\futures\futures_basis.py:107: UserWarning: 20250420非交易日
  warnings.warn(f"{date.strftime('%Y%m%d')}非交易日")
C:\Users\23853\PycharmProjects\stock_realtime_v021_full\.venv\Lib\site-packages\akshare\futures\futures_basis.py:107: UserWarning: 20250426非交易日
  warnings.warn(f"{date.strftime('%Y%m%d')}非交易日")
C:\Users\23853\PycharmProjects\stock_realtime_v021_full\.venv\Lib\site-packages\akshare\futures\futures_basis.py:107: UserWarning: 20250427非交易日
  warnings.warn(f"{date.strftime('%Y%m%d')}非交易日")
C:\Users\23853\PycharmProjects\stock_realtime_v021_full\.venv\Lib\site-packages\akshare\futures\futures_basis.py:107: UserWarning: 20250501非交易日
  warnings.warn(f"{date.strftime('%Y%m%d')}非交易日")
C:\Users\23853\PycharmProjects\stock_realtime_v021_full\.venv\Lib\site-packages\akshare\futures\futures_basis.py:107: UserWarning: 20250502非交易日
  warnings.warn(f"{date.strftime('%Y%m%d')}非交易日")
C:\Users\23853\PycharmProjects\stock_realtime_v021_full\.venv\Lib\site-packages\akshare\futures\futures_basis.py:107: UserWarning: 20250503非交易日
  warnings.warn(f"{date.strftime('%Y%m%d')}非交易日")
C:\Users\23853\PycharmProjects\stock_realtime_v021_full\.venv\Lib\site-packages\akshare\futures\futures_basis.py:107: UserWarning: 20250504非交易日
  warnings.warn(f"{date.strftime('%Y%m%d')}非交易日")
C:\Users\23853\PycharmProjects\stock_realtime_v021_full\.venv\Lib\site-packages\akshare\futures\futures_basis.py:107: UserWarning: 20250505非交易日
  warnings.warn(f"{date.strftime('%Y%m%d')}非交易日")
C:\Users\23853\PycharmProjects\stock_realtime_v021_full\.venv\Lib\site-packages\akshare\futures\futures_basis.py:107: UserWarning: 20250510非交易日
  warnings.warn(f"{date.strftime('%Y%m%d')}非交易日")
C:\Users\23853\PycharmProjects\stock_realtime_v021_full\.venv\Lib\site-packages\akshare\futures\futures_basis.py:107: UserWarning: 20250511非交易日
  warnings.warn(f"{date.strftime('%Y%m%d')}非交易日")
C:\Users\23853\PycharmProjects\stock_realtime_v021_full\.venv\Lib\site-packages\akshare\futures\futures_basis.py:107: UserWarning: 20250517非交易日
  warnings.warn(f"{date.strftime('%Y%m%d')}非交易日")
C:\Users\23853\PycharmProjects\stock_realtime_v021_full\.venv\Lib\site-packages\akshare\futures\futures_basis.py:107: UserWarning: 20250518非交易日
  warnings.warn(f"{date.strftime('%Y%m%d')}非交易日")
C:\Users\23853\PycharmProjects\stock_realtime_v021_full\.venv\Lib\site-packages\akshare\futures\futures_basis.py:107: UserWarning: 20250524非交易日
  warnings.warn(f"{date.strftime('%Y%m%d')}非交易日")
C:\Users\23853\PycharmProjects\stock_realtime_v021_full\.venv\Lib\site-packages\akshare\futures\futures_basis.py:107: UserWarning: 20250525非交易日
  warnings.warn(f"{date.strftime('%Y%m%d')}非交易日")
C:\Users\23853\PycharmProjects\stock_realtime_v021_full\.venv\Lib\site-packages\akshare\futures\futures_basis.py:107: UserWarning: 20250531非交易日
  warnings.warn(f"{date.strftime('%Y%m%d')}非交易日")
C:\Users\23853\PycharmProjects\stock_realtime_v021_full\.venv\Lib\site-packages\akshare\futures\futures_basis.py:107: UserWarning: 20250601非交易日
  warnings.warn(f"{date.strftime('%Y%m%d')}非交易日")
C:\Users\23853\PycharmProjects\stock_realtime_v021_full\.venv\Lib\site-packages\akshare\futures\futures_basis.py:107: UserWarning: 20250602非交易日
  warnings.warn(f"{date.strftime('%Y%m%d')}非交易日")
C:\Users\23853\PycharmProjects\stock_realtime_v021_full\.venv\Lib\site-packages\akshare\futures\futures_basis.py:107: UserWarning: 20250607非交易日
  warnings.warn(f"{date.strftime('%Y%m%d')}非交易日")
C:\Users\23853\PycharmProjects\stock_realtime_v021_full\.venv\Lib\site-packages\akshare\futures\futures_basis.py:107: UserWarning: 20250608非交易日
  warnings.warn(f"{date.strftime('%Y%m%d')}非交易日")
C:\Users\23853\PycharmProjects\stock_realtime_v021_full\.venv\Lib\site-packages\akshare\futures\futures_basis.py:107: UserWarning: 20250614非交易日
  warnings.warn(f"{date.strftime('%Y%m%d')}非交易日")
C:\Users\23853\PycharmProjects\stock_realtime_v021_full\.venv\Lib\site-packages\akshare\futures\futures_basis.py:107: UserWarning: 20250615非交易日
  warnings.warn(f"{date.strftime('%Y%m%d')}非交易日")
C:\Users\23853\PycharmProjects\stock_realtime_v021_full\.venv\Lib\site-packages\akshare\futures\futures_basis.py:107: UserWarning: 20250621非交易日
  warnings.warn(f"{date.strftime('%Y%m%d')}非交易日")
C:\Users\23853\PycharmProjects\stock_realtime_v021_full\.venv\Lib\site-packages\akshare\futures\futures_basis.py:107: UserWarning: 20250622非交易日
  warnings.warn(f"{date.strftime('%Y%m%d')}非交易日")
C:\Users\23853\PycharmProjects\stock_realtime_v021_full\.venv\Lib\site-packages\akshare\futures\futures_basis.py:107: UserWarning: 20250628非交易日
  warnings.warn(f"{date.strftime('%Y%m%d')}非交易日")
C:\Users\23853\PycharmProjects\stock_realtime_v021_full\.venv\Lib\site-packages\akshare\futures\futures_basis.py:107: UserWarning: 20250629非交易日
  warnings.warn(f"{date.strftime('%Y%m%d')}非交易日")
C:\Users\23853\PycharmProjects\stock_realtime_v021_full\.venv\Lib\site-packages\akshare\futures\futures_basis.py:107: UserWarning: 20250705非交易日
  warnings.warn(f"{date.strftime('%Y%m%d')}非交易日")
C:\Users\23853\PycharmProjects\stock_realtime_v021_full\.venv\Lib\site-packages\akshare\futures\futures_basis.py:107: UserWarning: 20250706非交易日
  warnings.warn(f"{date.strftime('%Y%m%d')}非交易日")
C:\Users\23853\PycharmProjects\stock_realtime_v021_full\.venv\Lib\site-packages\akshare\futures\futures_basis.py:107: UserWarning: 20250712非交易日
  warnings.warn(f"{date.strftime('%Y%m%d')}非交易日")
C:\Users\23853\PycharmProjects\stock_realtime_v021_full\.venv\Lib\site-packages\akshare\futures\futures_basis.py:107: UserWarning: 20250713非交易日
  warnings.warn(f"{date.strftime('%Y%m%d')}非交易日")
C:\Users\23853\PycharmProjects\stock_realtime_v021_full\.venv\Lib\site-packages\akshare\futures\futures_basis.py:107: UserWarning: 20250719非交易日
  warnings.warn(f"{date.strftime('%Y%m%d')}非交易日")
C:\Users\23853\PycharmProjects\stock_realtime_v021_full\.venv\Lib\site-packages\akshare\futures\futures_basis.py:107: UserWarning: 20250720非交易日
  warnings.warn(f"{date.strftime('%Y%m%d')}非交易日")
C:\Users\23853\PycharmProjects\stock_realtime_v021_full\.venv\Lib\site-packages\akshare\futures\futures_basis.py:107: UserWarning: 20250726非交易日
  warnings.warn(f"{date.strftime('%Y%m%d')}非交易日")
C:\Users\23853\PycharmProjects\stock_realtime_v021_full\.venv\Lib\site-packages\akshare\futures\futures_basis.py:107: UserWarning: 20250727非交易日
  warnings.warn(f"{date.strftime('%Y%m%d')}非交易日")
C:\Users\23853\PycharmProjects\stock_realtime_v021_full\.venv\Lib\site-packages\akshare\futures\futures_basis.py:107: UserWarning: 20250802非交易日
  warnings.warn(f"{date.strftime('%Y%m%d')}非交易日")
C:\Users\23853\PycharmProjects\stock_realtime_v021_full\.venv\Lib\site-packages\akshare\futures\futures_basis.py:107: UserWarning: 20250803非交易日
  warnings.warn(f"{date.strftime('%Y%m%d')}非交易日")
C:\Users\23853\PycharmProjects\stock_realtime_v021_full\.venv\Lib\site-packages\akshare\futures\futures_basis.py:107: UserWarning: 20250809非交易日
  warnings.warn(f"{date.strftime('%Y%m%d')}非交易日")
C:\Users\23853\PycharmProjects\stock_realtime_v021_full\.venv\Lib\site-packages\akshare\futures\futures_basis.py:107: UserWarning: 20250810非交易日
  warnings.warn(f"{date.strftime('%Y%m%d')}非交易日")
C:\Users\23853\PycharmProjects\stock_realtime_v021_full\.venv\Lib\site-packages\akshare\futures\futures_basis.py:107: UserWarning: 20250816非交易日
  warnings.warn(f"{date.strftime('%Y%m%d')}非交易日")
C:\Users\23853\PycharmProjects\stock_realtime_v021_full\.venv\Lib\site-packages\akshare\futures\futures_basis.py:107: UserWarning: 20250817非交易日
  warnings.warn(f"{date.strftime('%Y%m%d')}非交易日")
C:\Users\23853\PycharmProjects\stock_realtime_v021_full\.venv\Lib\site-packages\akshare\futures\futures_basis.py:107: UserWarning: 20250823非交易日
  warnings.warn(f"{date.strftime('%Y%m%d')}非交易日")
C:\Users\23853\PycharmProjects\stock_realtime_v021_full\.venv\Lib\site-packages\akshare\futures\futures_basis.py:107: UserWarning: 20250824非交易日
  warnings.warn(f"{date.strftime('%Y%m%d')}非交易日")
C:\Users\23853\PycharmProjects\stock_realtime_v021_full\.venv\Lib\site-packages\akshare\futures\futures_basis.py:107: UserWarning: 20250830非交易日
  warnings.warn(f"{date.strftime('%Y%m%d')}非交易日")
C:\Users\23853\PycharmProjects\stock_realtime_v021_full\.venv\Lib\site-packages\akshare\futures\futures_basis.py:107: UserWarning: 20250831非交易日
  warnings.warn(f"{date.strftime('%Y%m%d')}非交易日")
C:\Users\23853\PycharmProjects\stock_realtime_v021_full\.venv\Lib\site-packages\akshare\futures\futures_basis.py:107: UserWarning: 20250906非交易日
  warnings.warn(f"{date.strftime('%Y%m%d')}非交易日")
C:\Users\23853\PycharmProjects\stock_realtime_v021_full\.venv\Lib\site-packages\akshare\futures\futures_basis.py:107: UserWarning: 20250907非交易日
  warnings.warn(f"{date.strftime('%Y%m%d')}非交易日")
C:\Users\23853\PycharmProjects\stock_realtime_v021_full\.venv\Lib\site-packages\akshare\futures\futures_basis.py:107: UserWarning: 20250913非交易日
  warnings.warn(f"{date.strftime('%Y%m%d')}非交易日")
C:\Users\23853\PycharmProjects\stock_realtime_v021_full\.venv\Lib\site-packages\akshare\futures\futures_basis.py:107: UserWarning: 20250914非交易日
  warnings.warn(f"{date.strftime('%Y%m%d')}非交易日")
C:\Users\23853\PycharmProjects\stock_realtime_v021_full\.venv\Lib\site-packages\akshare\futures\futures_basis.py:107: UserWarning: 20250920非交易日
  warnings.warn(f"{date.strftime('%Y%m%d')}非交易日")
C:\Users\23853\PycharmProjects\stock_realtime_v021_full\.venv\Lib\site-packages\akshare\futures\futures_basis.py:107: UserWarning: 20250921非交易日
  warnings.warn(f"{date.strftime('%Y%m%d')}非交易日")
C:\Users\23853\PycharmProjects\stock_realtime_v021_full\.venv\Lib\site-packages\akshare\futures\futures_basis.py:107: UserWarning: 20250927非交易日
  warnings.warn(f"{date.strftime('%Y%m%d')}非交易日")
C:\Users\23853\PycharmProjects\stock_realtime_v021_full\.venv\Lib\site-packages\akshare\futures\futures_basis.py:107: UserWarning: 20250928非交易日
  warnings.warn(f"{date.strftime('%Y%m%d')}非交易日")
C:\Users\23853\PycharmProjects\stock_realtime_v021_full\.venv\Lib\site-packages\akshare\futures\futures_basis.py:107: UserWarning: 20251001非交易日
  warnings.warn(f"{date.strftime('%Y%m%d')}非交易日")
C:\Users\23853\PycharmProjects\stock_realtime_v021_full\.venv\Lib\site-packages\akshare\futures\futures_basis.py:107: UserWarning: 20251002非交易日
  warnings.warn(f"{date.strftime('%Y%m%d')}非交易日")
C:\Users\23853\PycharmProjects\stock_realtime_v021_full\.venv\Lib\site-packages\akshare\futures\futures_basis.py:107: UserWarning: 20251003非交易日
  warnings.warn(f"{date.strftime('%Y%m%d')}非交易日")
C:\Users\23853\PycharmProjects\stock_realtime_v021_full\.venv\Lib\site-packages\akshare\futures\futures_basis.py:107: UserWarning: 20251004非交易日
  warnings.warn(f"{date.strftime('%Y%m%d')}非交易日")
C:\Users\23853\PycharmProjects\stock_realtime_v021_full\.venv\Lib\site-packages\akshare\futures\futures_basis.py:107: UserWarning: 20251005非交易日
  warnings.warn(f"{date.strftime('%Y%m%d')}非交易日")
C:\Users\23853\PycharmProjects\stock_realtime_v021_full\.venv\Lib\site-packages\akshare\futures\futures_basis.py:107: UserWarning: 20251006非交易日
  warnings.warn(f"{date.strftime('%Y%m%d')}非交易日")
C:\Users\23853\PycharmProjects\stock_realtime_v021_full\.venv\Lib\site-packages\akshare\futures\futures_basis.py:107: UserWarning: 20251007非交易日
  warnings.warn(f"{date.strftime('%Y%m%d')}非交易日")
C:\Users\23853\PycharmProjects\stock_realtime_v021_full\.venv\Lib\site-packages\akshare\futures\futures_basis.py:107: UserWarning: 20251008非交易日
  warnings.warn(f"{date.strftime('%Y%m%d')}非交易日")
C:\Users\23853\PycharmProjects\stock_realtime_v021_full\.venv\Lib\site-packages\akshare\futures\futures_basis.py:107: UserWarning: 20251011非交易日
  warnings.warn(f"{date.strftime('%Y%m%d')}非交易日")
C:\Users\23853\PycharmProjects\stock_realtime_v021_full\.venv\Lib\site-packages\akshare\futures\futures_basis.py:107: UserWarning: 20251012非交易日
  warnings.warn(f"{date.strftime('%Y%m%d')}非交易日")
C:\Users\23853\PycharmProjects\stock_realtime_v021_full\.venv\Lib\site-packages\akshare\futures\futures_basis.py:107: UserWarning: 20251018非交易日
  warnings.warn(f"{date.strftime('%Y%m%d')}非交易日")
C:\Users\23853\PycharmProjects\stock_realtime_v021_full\.venv\Lib\site-packages\akshare\futures\futures_basis.py:107: UserWarning: 20251019非交易日
  warnings.warn(f"{date.strftime('%Y%m%d')}非交易日")
C:\Users\23853\PycharmProjects\stock_realtime_v021_full\.venv\Lib\site-packages\akshare\futures\futures_basis.py:107: UserWarning: 20251025非交易日
  warnings.warn(f"{date.strftime('%Y%m%d')}非交易日")
C:\Users\23853\PycharmProjects\stock_realtime_v021_full\.venv\Lib\site-packages\akshare\futures\futures_basis.py:107: UserWarning: 20251026非交易日
  warnings.warn(f"{date.strftime('%Y%m%d')}非交易日")
C:\Users\23853\PycharmProjects\stock_realtime_v021_full\.venv\Lib\site-packages\akshare\futures\futures_basis.py:107: UserWarning: 20251101非交易日
  warnings.warn(f"{date.strftime('%Y%m%d')}非交易日")
C:\Users\23853\PycharmProjects\stock_realtime_v021_full\.venv\Lib\site-packages\akshare\futures\futures_basis.py:107: UserWarning: 20251102非交易日
  warnings.warn(f"{date.strftime('%Y%m%d')}非交易日")
C:\Users\23853\PycharmProjects\stock_realtime_v021_full\.venv\Lib\site-packages\akshare\futures\futures_basis.py:107: UserWarning: 20251108非交易日
  warnings.warn(f"{date.strftime('%Y%m%d')}非交易日")
C:\Users\23853\PycharmProjects\stock_realtime_v021_full\.venv\Lib\site-packages\akshare\futures\futures_basis.py:107: UserWarning: 20251109非交易日
  warnings.warn(f"{date.strftime('%Y%m%d')}非交易日")
C:\Users\23853\PycharmProjects\stock_realtime_v021_full\.venv\Lib\site-packages\akshare\futures\futures_basis.py:107: UserWarning: 20251115非交易日
  warnings.warn(f"{date.strftime('%Y%m%d')}非交易日")
C:\Users\23853\PycharmProjects\stock_realtime_v021_full\.venv\Lib\site-packages\akshare\futures\futures_basis.py:107: UserWarning: 20251116非交易日
  warnings.warn(f"{date.strftime('%Y%m%d')}非交易日")
C:\Users\23853\PycharmProjects\stock_realtime_v021_full\.venv\Lib\site-packages\akshare\futures\futures_basis.py:107: UserWarning: 20251122非交易日
  warnings.warn(f"{date.strftime('%Y%m%d')}非交易日")
C:\Users\23853\PycharmProjects\stock_realtime_v021_full\.venv\Lib\site-packages\akshare\futures\futures_basis.py:107: UserWarning: 20251123非交易日
  warnings.warn(f"{date.strftime('%Y%m%d')}非交易日")
C:\Users\23853\PycharmProjects\stock_realtime_v021_full\.venv\Lib\site-packages\akshare\futures\futures_basis.py:107: UserWarning: 20251129非交易日
  warnings.warn(f"{date.strftime('%Y%m%d')}非交易日")
C:\Users\23853\PycharmProjects\stock_realtime_v021_full\.venv\Lib\site-packages\akshare\futures\futures_basis.py:107: UserWarning: 20251130非交易日
  warnings.warn(f"{date.strftime('%Y%m%d')}非交易日")
C:\Users\23853\PycharmProjects\stock_realtime_v021_full\.venv\Lib\site-packages\akshare\futures\futures_basis.py:107: UserWarning: 20251206非交易日
  warnings.warn(f"{date.strftime('%Y%m%d')}非交易日")
C:\Users\23853\PycharmProjects\stock_realtime_v021_full\.venv\Lib\site-packages\akshare\futures\futures_basis.py:107: UserWarning: 20251207非交易日
  warnings.warn(f"{date.strftime('%Y%m%d')}非交易日")
C:\Users\23853\PycharmProjects\stock_realtime_v021_full\.venv\Lib\site-packages\akshare\futures\futures_basis.py:107: UserWarning: 20251213非交易日
  warnings.warn(f"{date.strftime('%Y%m%d')}非交易日")
C:\Users\23853\PycharmProjects\stock_realtime_v021_full\.venv\Lib\site-packages\akshare\futures\futures_basis.py:107: UserWarning: 20251214非交易日
  warnings.warn(f"{date.strftime('%Y%m%d')}非交易日")
C:\Users\23853\PycharmProjects\stock_realtime_v021_full\.venv\Lib\site-packages\akshare\futures\futures_basis.py:107: UserWarning: 20251220非交易日
  warnings.warn(f"{date.strftime('%Y%m%d')}非交易日")
C:\Users\23853\PycharmProjects\stock_realtime_v021_full\.venv\Lib\site-packages\akshare\futures\futures_basis.py:107: UserWarning: 20251221非交易日
  warnings.warn(f"{date.strftime('%Y%m%d')}非交易日")
C:\Users\23853\PycharmProjects\stock_realtime_v021_full\.venv\Lib\site-packages\akshare\futures\futures_basis.py:107: UserWarning: 20251227非交易日
  warnings.warn(f"{date.strftime('%Y%m%d')}非交易日")
C:\Users\23853\PycharmProjects\stock_realtime_v021_full\.venv\Lib\site-packages\akshare\futures\futures_basis.py:107: UserWarning: 20251228非交易日
  warnings.warn(f"{date.strftime('%Y%m%d')}非交易日")
C:\Users\23853\PycharmProjects\stock_realtime_v021_full\.venv\Lib\site-packages\akshare\futures\futures_basis.py:107: UserWarning: 20260101非交易日
  warnings.warn(f"{date.strftime('%Y%m%d')}非交易日")
C:\Users\23853\PycharmProjects\stock_realtime_v021_full\.venv\Lib\site-packages\akshare\futures\futures_basis.py:107: UserWarning: 20260102非交易日
  warnings.warn(f"{date.strftime('%Y%m%d')}非交易日")
C:\Users\23853\PycharmProjects\stock_realtime_v021_full\.venv\Lib\site-packages\akshare\futures\futures_basis.py:107: UserWarning: 20260103非交易日
  warnings.warn(f"{date.strftime('%Y%m%d')}非交易日")
C:\Users\23853\PycharmProjects\stock_realtime_v021_full\.venv\Lib\site-packages\akshare\futures\futures_basis.py:107: UserWarning: 20260104非交易日
  warnings.warn(f"{date.strftime('%Y%m%d')}非交易日")
C:\Users\23853\PycharmProjects\stock_realtime_v021_full\.venv\Lib\site-packages\akshare\futures\futures_basis.py:107: UserWarning: 20260110非交易日
  warnings.warn(f"{date.strftime('%Y%m%d')}非交易日")
C:\Users\23853\PycharmProjects\stock_realtime_v021_full\.venv\Lib\site-packages\akshare\futures\futures_basis.py:107: UserWarning: 20260111非交易日
  warnings.warn(f"{date.strftime('%Y%m%d')}非交易日")
C:\Users\23853\PycharmProjects\stock_realtime_v021_full\.venv\Lib\site-packages\akshare\futures\futures_basis.py:107: UserWarning: 20260117非交易日
  warnings.warn(f"{date.strftime('%Y%m%d')}非交易日")
C:\Users\23853\PycharmProjects\stock_realtime_v021_full\.venv\Lib\site-packages\akshare\futures\futures_basis.py:107: UserWarning: 20260118非交易日
  warnings.warn(f"{date.strftime('%Y%m%d')}非交易日")
C:\Users\23853\PycharmProjects\stock_realtime_v021_full\.venv\Lib\site-packages\akshare\futures\futures_basis.py:107: UserWarning: 20260124非交易日
  warnings.warn(f"{date.strftime('%Y%m%d')}非交易日")
C:\Users\23853\PycharmProjects\stock_realtime_v021_full\.venv\Lib\site-packages\akshare\futures\futures_basis.py:107: UserWarning: 20260125非交易日
  warnings.warn(f"{date.strftime('%Y%m%d')}非交易日")
C:\Users\23853\PycharmProjects\stock_realtime_v021_full\.venv\Lib\site-packages\akshare\futures\futures_basis.py:107: UserWarning: 20260131非交易日
  warnings.warn(f"{date.strftime('%Y%m%d')}非交易日")
C:\Users\23853\PycharmProjects\stock_realtime_v021_full\.venv\Lib\site-packages\akshare\futures\futures_basis.py:107: UserWarning: 20260201非交易日
  warnings.warn(f"{date.strftime('%Y%m%d')}非交易日")
C:\Users\23853\PycharmProjects\stock_realtime_v021_full\.venv\Lib\site-packages\akshare\futures\futures_basis.py:107: UserWarning: 20260207非交易日
  warnings.warn(f"{date.strftime('%Y%m%d')}非交易日")
C:\Users\23853\PycharmProjects\stock_realtime_v021_full\.venv\Lib\site-packages\akshare\futures\futures_basis.py:107: UserWarning: 20260208非交易日
  warnings.warn(f"{date.strftime('%Y%m%d')}非交易日")
C:\Users\23853\PycharmProjects\stock_realtime_v021_full\.venv\Lib\site-packages\akshare\futures\futures_basis.py:107: UserWarning: 20260214非交易日
  warnings.warn(f"{date.strftime('%Y%m%d')}非交易日")
C:\Users\23853\PycharmProjects\stock_realtime_v021_full\.venv\Lib\site-packages\akshare\futures\futures_basis.py:107: UserWarning: 20260215非交易日
  warnings.warn(f"{date.strftime('%Y%m%d')}非交易日")
C:\Users\23853\PycharmProjects\stock_realtime_v021_full\.venv\Lib\site-packages\akshare\futures\futures_basis.py:107: UserWarning: 20260216非交易日
  warnings.warn(f"{date.strftime('%Y%m%d')}非交易日")
C:\Users\23853\PycharmProjects\stock_realtime_v021_full\.venv\Lib\site-packages\akshare\futures\futures_basis.py:107: UserWarning: 20260217非交易日
  warnings.warn(f"{date.strftime('%Y%m%d')}非交易日")
C:\Users\23853\PycharmProjects\stock_realtime_v021_full\.venv\Lib\site-packages\akshare\futures\futures_basis.py:107: UserWarning: 20260218非交易日
  warnings.warn(f"{date.strftime('%Y%m%d')}非交易日")
C:\Users\23853\PycharmProjects\stock_realtime_v021_full\.venv\Lib\site-packages\akshare\futures\futures_basis.py:107: UserWarning: 20260219非交易日
  warnings.warn(f"{date.strftime('%Y%m%d')}非交易日")
C:\Users\23853\PycharmProjects\stock_realtime_v021_full\.venv\Lib\site-packages\akshare\futures\futures_basis.py:107: UserWarning: 20260220非交易日
  warnings.warn(f"{date.strftime('%Y%m%d')}非交易日")
C:\Users\23853\PycharmProjects\stock_realtime_v021_full\.venv\Lib\site-packages\akshare\futures\futures_basis.py:107: UserWarning: 20260221非交易日
  warnings.warn(f"{date.strftime('%Y%m%d')}非交易日")
C:\Users\23853\PycharmProjects\stock_realtime_v021_full\.venv\Lib\site-packages\akshare\futures\futures_basis.py:107: UserWarning: 20260222非交易日
  warnings.warn(f"{date.strftime('%Y%m%d')}非交易日")
C:\Users\23853\PycharmProjects\stock_realtime_v021_full\.venv\Lib\site-packages\akshare\futures\futures_basis.py:107: UserWarning: 20260223非交易日
  warnings.warn(f"{date.strftime('%Y%m%d')}非交易日")
C:\Users\23853\PycharmProjects\stock_realtime_v021_full\.venv\Lib\site-packages\akshare\futures\futures_basis.py:107: UserWarning: 20260228非交易日
  warnings.warn(f"{date.strftime('%Y%m%d')}非交易日")
C:\Users\23853\PycharmProjects\stock_realtime_v021_full\.venv\Lib\site-packages\akshare\futures\futures_basis.py:107: UserWarning: 20260301非交易日
  warnings.warn(f"{date.strftime('%Y%m%d')}非交易日")
C:\Users\23853\PycharmProjects\stock_realtime_v021_full\.venv\Lib\site-packages\akshare\futures\futures_basis.py:107: UserWarning: 20260307非交易日
  warnings.warn(f"{date.strftime('%Y%m%d')}非交易日")
C:\Users\23853\PycharmProjects\stock_realtime_v021_full\.venv\Lib\site-packages\akshare\futures\futures_basis.py:107: UserWarning: 20260308非交易日
  warnings.warn(f"{date.strftime('%Y%m%d')}非交易日")
C:\Users\23853\PycharmProjects\stock_realtime_v021_full\.venv\Lib\site-packages\akshare\futures\futures_basis.py:107: UserWarning: 20260314非交易日
  warnings.warn(f"{date.strftime('%Y%m%d')}非交易日")
C:\Users\23853\PycharmProjects\stock_realtime_v021_full\.venv\Lib\site-packages\akshare\futures\futures_basis.py:107: UserWarning: 20260315非交易日
  warnings.warn(f"{date.strftime('%Y%m%d')}非交易日")
C:\Users\23853\PycharmProjects\stock_realtime_v021_full\.venv\Lib\site-packages\akshare\futures\futures_basis.py:107: UserWarning: 20260321非交易日
  warnings.warn(f"{date.strftime('%Y%m%d')}非交易日")
C:\Users\23853\PycharmProjects\stock_realtime_v021_full\.venv\Lib\site-packages\akshare\futures\futures_basis.py:107: UserWarning: 20260322非交易日
  warnings.warn(f"{date.strftime('%Y%m%d')}非交易日")
C:\Users\23853\PycharmProjects\stock_realtime_v021_full\.venv\Lib\site-packages\akshare\futures\futures_basis.py:107: UserWarning: 20260328非交易日
  warnings.warn(f"{date.strftime('%Y%m%d')}非交易日")
C:\Users\23853\PycharmProjects\stock_realtime_v021_full\.venv\Lib\site-packages\akshare\futures\futures_basis.py:107: UserWarning: 20260329非交易日
  warnings.warn(f"{date.strftime('%Y%m%d')}非交易日")
C:\Users\23853\PycharmProjects\stock_realtime_v021_full\.venv\Lib\site-packages\akshare\futures\futures_basis.py:107: UserWarning: 20260404非交易日
  warnings.warn(f"{date.strftime('%Y%m%d')}非交易日")
C:\Users\23853\PycharmProjects\stock_realtime_v021_full\.venv\Lib\site-packages\akshare\futures\futures_basis.py:107: UserWarning: 20260405非交易日
  warnings.warn(f"{date.strftime('%Y%m%d')}非交易日")
C:\Users\23853\PycharmProjects\stock_realtime_v021_full\.venv\Lib\site-packages\akshare\futures\futures_basis.py:107: UserWarning: 20260406非交易日
  warnings.warn(f"{date.strftime('%Y%m%d')}非交易日")
C:\Users\23853\PycharmProjects\stock_realtime_v021_full\.venv\Lib\site-packages\akshare\futures\futures_basis.py:107: UserWarning: 20260411非交易日
  warnings.warn(f"{date.strftime('%Y%m%d')}非交易日")
C:\Users\23853\PycharmProjects\stock_realtime_v021_full\.venv\Lib\site-packages\akshare\futures\futures_basis.py:107: UserWarning: 20260412非交易日
  warnings.warn(f"{date.strftime('%Y%m%d')}非交易日")
C:\Users\23853\PycharmProjects\stock_realtime_v021_full\.venv\Lib\site-packages\akshare\futures\futures_basis.py:107: UserWarning: 20260418非交易日
  warnings.warn(f"{date.strftime('%Y%m%d')}非交易日")
C:\Users\23853\PycharmProjects\stock_realtime_v021_full\.venv\Lib\site-packages\akshare\futures\futures_basis.py:107: UserWarning: 20260419非交易日
  warnings.warn(f"{date.strftime('%Y%m%d')}非交易日")
C:\Users\23853\PycharmProjects\stock_realtime_v021_full\.venv\Lib\site-packages\akshare\futures\futures_basis.py:107: UserWarning: 20260425非交易日
  warnings.warn(f"{date.strftime('%Y%m%d')}非交易日")
C:\Users\23853\PycharmProjects\stock_realtime_v021_full\.venv\Lib\site-packages\akshare\futures\futures_basis.py:107: UserWarning: 20260426非交易日
  warnings.warn(f"{date.strftime('%Y%m%d')}非交易日")
C:\Users\23853\PycharmProjects\stock_realtime_v021_full\.venv\Lib\site-packages\akshare\futures\futures_basis.py:107: UserWarning: 20260501非交易日
  warnings.warn(f"{date.strftime('%Y%m%d')}非交易日")
C:\Users\23853\PycharmProjects\stock_realtime_v021_full\.venv\Lib\site-packages\akshare\futures\futures_basis.py:107: UserWarning: 20260502非交易日
  warnings.warn(f"{date.strftime('%Y%m%d')}非交易日")
C:\Users\23853\PycharmProjects\stock_realtime_v021_full\.venv\Lib\site-packages\akshare\futures\futures_basis.py:107: UserWarning: 20260503非交易日
  warnings.warn(f"{date.strftime('%Y%m%d')}非交易日")
C:\Users\23853\PycharmProjects\stock_realtime_v021_full\.venv\Lib\site-packages\akshare\futures\futures_basis.py:107: UserWarning: 20260504非交易日
  warnings.warn(f"{date.strftime('%Y%m%d')}非交易日")
C:\Users\23853\PycharmProjects\stock_realtime_v021_full\.venv\Lib\site-packages\akshare\futures\futures_basis.py:107: UserWarning: 20260505非交易日
  warnings.warn(f"{date.strftime('%Y%m%d')}非交易日")
C:\Users\23853\PycharmProjects\stock_realtime_v021_full\.venv\Lib\site-packages\akshare\futures\futures_basis.py:107: UserWarning: 20260509非交易日
  warnings.warn(f"{date.strftime('%Y%m%d')}非交易日")
C:\Users\23853\PycharmProjects\stock_realtime_v021_full\.venv\Lib\site-packages\akshare\futures\futures_basis.py:107: UserWarning: 20260510非交易日
  warnings.warn(f"{date.strftime('%Y%m%d')}非交易日")
C:\Users\23853\PycharmProjects\stock_realtime_v021_full\.venv\Lib\site-packages\akshare\futures\futures_basis.py:107: UserWarning: 20260516非交易日
  warnings.warn(f"{date.strftime('%Y%m%d')}非交易日")
C:\Users\23853\PycharmProjects\stock_realtime_v021_full\.venv\Lib\site-packages\akshare\futures\futures_basis.py:107: UserWarning: 20260517非交易日
  warnings.warn(f"{date.strftime('%Y%m%d')}非交易日")
C:\Users\23853\PycharmProjects\stock_realtime_v021_full\.venv\Lib\site-packages\akshare\futures\futures_basis.py:107: UserWarning: 20260523非交易日
  warnings.warn(f"{date.strftime('%Y%m%d')}非交易日")
C:\Users\23853\PycharmProjects\stock_realtime_v021_full\.venv\Lib\site-packages\akshare\futures\futures_basis.py:107: UserWarning: 20260524非交易日
  warnings.warn(f"{date.strftime('%Y%m%d')}非交易日")

  0%|          | 0/2 [00:00<?, ?it/s]
 50%|█████     | 1/2 [00:05<00:05,  5.39s/it]
100%|██████████| 2/2 [00:07<00:00,  3.42s/it]
                                             

  0%|          | 0/2 [00:00<?, ?it/s]
 50%|█████     | 1/2 [00:02<00:02,  2.16s/it]
100%|██████████| 2/2 [00:04<00:00,  2.14s/it]
                                             

  0%|          | 0/2 [00:00<?, ?it/s]
 50%|█████     | 1/2 [00:02<00:02,  2.13s/it]
100%|██████████| 2/2 [00:04<00:00,  2.10s/it]
                                             
{
  "sample_rows": 334,
  "external_rows": 5224,
  "external_date_min": "2005-01-04",
  "external_date_max": "2026-05-25",
  "feature_cols": 212,
  "lag_days": 1,
  "errors": {},
  "top_missing": {
    "gold_spot_ret20": 0.08383233532934131,
    "gold_dom_basis_rate_ret20": 0.08383233532934131,
    "copper_dom_basis_rate_ret20": 0.08383233532934131,
    "copper_spot_ret20": 0.08383233532934131,
    "silver_spot_ret20": 0.08383233532934131,
    "silver_dom_basis_rate_ret20": 0.08383233532934131,
    "precious_sector_close_ret20": 0.08083832335329341,
    "precious_sector_volume_ret20": 0.08083832335329341,
    "industrial_metal_sector_close_ret20": 0.08083832335329341,
    "minor_metal_sector_amount_ret20": 0.08083832335329341,
    "minor_metal_sector_close_ret20": 0.08083832335329341,
    "industrial_metal_sector_amount_ret20": 0.08083832335329341,
    "minor_metal_sector_volume_ret20": 0.08083832335329341,
    "stock_vs_industrial_metal_sector_ret20": 0.08083832335329341,
    "precious_sector_amount_ret20": 0.08083832335329341,
    "industrial_metal_sector_volume_ret20": 0.08083832335329341,
    "stock_vs_precious_sector_ret20": 0.08083832335329341,
    "stock_vs_gold_ret20": 0.07784431137724551,
    "stock_vs_copper_ret20": 0.07784431137724551,
    "zijin_hk_close_ret20": 0.07784431137724551,
    "zijin_hk_volume_ret20": 0.07784431137724551,
    "zijin_hk_volume_ma20_gap": 0.05688622754491018,
    "zijin_hk_volume_z20": 0.05688622754491018,
    "zijin_a_h_close_ratio_z20": 0.05688622754491018,
    "zijin_hk_close_ma20_gap": 0.05688622754491018,
    "zijin_hk_close_z20": 0.05688622754491018,
    "gold_spot_z20": 0.05389221556886228,
    "gold_spot_ma20_gap": 0.05389221556886228,
    "copper_spot_ma20_gap": 0.05389221556886228,
    "copper_spot_z20": 0.05389221556886228
  },
  "outputs": {
    "external": "C:\\Users\\23853\\PycharmProjects\\stock_realtime_v021_full\\saved_data\\asof1455_week_check\\600361_pipeline_out\\04_external\\zijin_external\\zijin_external_features.csv",
    "merged_samples": "C:\\Users\\23853\\PycharmProjects\\stock_realtime_v021_full\\saved_data\\asof1455_week_check\\600361_pipeline_out\\04_external\\zijin_external\\training_samples_with_zijin_external.csv"
  }
}
[INFO] final samples for search: C:\Users\23853\PycharmProjects\stock_realtime_v021_full\saved_data\asof1455_week_check\600361_pipeline_out\04_external\zijin_external\training_samples_with_zijin_external.csv
=== nextday pipeline end: 2026-05-26T00:26:24 status=ok ===
