{
  "artifact_created_at": "2026-05-18T01:29:24",
  "stock_code": "002311.SZ",
  "artifact_name": "nextday_vwap_low_close_profit_xgb_d3_600_reversal_fundamental_regime_sector_v1",
  "samples": "/root/stock_realtime_v021_full/saved_data/002311_pipeline_out/03_sector/training_samples_with_sector.csv",
  "intraday_bars": "/root/stock_realtime_v021_full/saved_data/002311_pipeline_out/00_base/002311_5m.csv",
  "feature_group": "reversal_fundamental_regime_sector",
  "model_name": "xgb_d3_600_lr002_mcw3",
  "label_mode": "close_profit",
  "entry_policy": "vwap_low",
  "entry_vwap_premium_bps": 50.0,
  "label_col": "trade_close_profit_label",
  "return_col": "trade_net_close_return",
  "target_hit_bps": 50.0,
  "round_trip_cost_bps": 1.7,
  "threshold": 0.745189368724823,
  "threshold_quantile": 0.8,
  "feature_count": 160,
  "rows": 1539,
  "train_rows_for_threshold": 1413,
  "valid_rows_for_threshold": 126,
  "train_entry_rows_for_saved_model": 1401,
  "saved_model_scope": "validation_train",
  "saved_model_matches_validation_tail_predictions": true,
  "date_min": "2020-01-02",
  "date_max": "2026-05-14",
  "validation_tail_auc": 0.5836133367795296,
  "validation_tail_trade_metrics": {
    "trades": 22,
    "win_rate": 0.5454545454545454,
    "avg_return": 0.004896958175305028,
    "median_return": 0.0013880434267131737,
    "compound_return": 0.1085038788726409,
    "max_drawdown": -0.059961222731217734,
    "profit_factor": 1.8969886184374432
  },
  "files": {
    "model": "saved_models/002311.SZ/nextday_vwap_low_close_profit_xgb_d3_600_reversal_fundamental_regime_sector_v1/model.joblib",
    "feature_median": "saved_models/002311.SZ/nextday_vwap_low_close_profit_xgb_d3_600_reversal_fundamental_regime_sector_v1/feature_median.csv",
    "feature_columns": "saved_models/002311.SZ/nextday_vwap_low_close_profit_xgb_d3_600_reversal_fundamental_regime_sector_v1/feature_columns.txt",
    "validation_tail_predictions": "saved_models/002311.SZ/nextday_vwap_low_close_profit_xgb_d3_600_reversal_fundamental_regime_sector_v1/validation_tail_predictions.csv",
    "metadata": "saved_models/002311.SZ/nextday_vwap_low_close_profit_xgb_d3_600_reversal_fundamental_regime_sector_v1/metadata.json"
  },
  "usage_note": "This artifact is stock-specific. Use only for 002311.SZ with the same feature-building pipeline. model.joblib is the validation-train model whose scores produced validation_tail_predictions.csv and threshold."
}
