{
  "artifact_created_at": "2026-05-18T01:37:32",
  "stock_code": "600487.SH",
  "artifact_name": "nextday_vwap_low_close_profit_extra_trees_600_d3_reversal_fundamental_regime_sector_external_optical_cable_grid_safe_20260515",
  "samples": "/root/stock_realtime_v021_full/saved_data/600487_pipeline_out_v2_all14/04_external/optical_cable_grid/training_samples_with_optical_cable_grid_external.csv",
  "intraday_bars": "/root/stock_realtime_v021_full/saved_data/600487_pipeline_out_v2_all14/00_base/600487_5m.csv",
  "feature_group": "reversal_fundamental_regime_sector_external",
  "model_name": "extra_trees_600_d3",
  "label_mode": "close_profit",
  "entry_policy": "vwap_low",
  "entry_vwap_premium_bps": 50.0,
  "label_col": "trade_close_profit_label",
  "return_col": "trade_net_close_return",
  "target_hit_bps": 50.0,
  "round_trip_cost_bps": 1.7,
  "threshold": 0.5359463039752785,
  "threshold_quantile": 0.6,
  "feature_count": 616,
  "rows": 1536,
  "train_rows_for_threshold": 1410,
  "valid_rows_for_threshold": 126,
  "train_entry_rows_for_saved_model": 1380,
  "saved_model_scope": "validation_train",
  "saved_model_matches_validation_tail_predictions": true,
  "date_min": "2020-01-02",
  "date_max": "2026-05-11",
  "validation_tail_auc": 0.48665141113653704,
  "validation_tail_trade_metrics": {
    "trades": 34,
    "win_rate": 0.5294117647058824,
    "avg_return": 0.009415666804413537,
    "median_return": 0.005510037228608215,
    "compound_return": 0.34267507488789595,
    "max_drawdown": -0.11279985203370124,
    "profit_factor": 2.023979717533491
  },
  "files": {
    "model": "saved_models/600487.SH/nextday_vwap_low_close_profit_extra_trees_600_d3_reversal_fundamental_regime_sector_external_optical_cable_grid_safe_20260515/model.joblib",
    "feature_median": "saved_models/600487.SH/nextday_vwap_low_close_profit_extra_trees_600_d3_reversal_fundamental_regime_sector_external_optical_cable_grid_safe_20260515/feature_median.csv",
    "feature_columns": "saved_models/600487.SH/nextday_vwap_low_close_profit_extra_trees_600_d3_reversal_fundamental_regime_sector_external_optical_cable_grid_safe_20260515/feature_columns.txt",
    "validation_tail_predictions": "saved_models/600487.SH/nextday_vwap_low_close_profit_extra_trees_600_d3_reversal_fundamental_regime_sector_external_optical_cable_grid_safe_20260515/validation_tail_predictions.csv",
    "metadata": "saved_models/600487.SH/nextday_vwap_low_close_profit_extra_trees_600_d3_reversal_fundamental_regime_sector_external_optical_cable_grid_safe_20260515/metadata.json"
  },
  "usage_note": "This artifact is stock-specific. Use only for 600487.SH with the same feature-building pipeline. model.joblib is the validation-train model whose scores produced validation_tail_predictions.csv and threshold."
}
