{
  "artifact_created_at": "2026-05-18T01:39:27",
  "stock_code": "601899.SH",
  "artifact_name": "nextday_vwap_low_close_profit_extra_trees_reversal_fundamental_regime_sector_zijin_v1",
  "samples": "/root/stock_realtime_v021_full/saved_data/601899_pipeline_out/03_sector/training_samples_with_sector.csv",
  "intraday_bars": "/root/stock_realtime_v021_full/saved_data/601899_pipeline_out/00_base/601899_5m.csv",
  "feature_group": "reversal_fundamental_regime_sector",
  "model_name": "extra_trees_600_d3",
  "label_mode": "close_profit",
  "entry_policy": "vwap_low",
  "entry_vwap_premium_bps": 50.0,
  "label_col": "trade_close_profit_label",
  "return_col": "trade_net_close_return",
  "target_hit_bps": 50.0,
  "round_trip_cost_bps": 1.7,
  "threshold": 0.5093421745364382,
  "threshold_quantile": 0.6,
  "feature_count": 160,
  "rows": 1539,
  "train_rows_for_threshold": 1413,
  "valid_rows_for_threshold": 126,
  "train_entry_rows_for_saved_model": 1402,
  "saved_model_scope": "validation_train",
  "saved_model_matches_validation_tail_predictions": true,
  "date_min": "2020-01-02",
  "date_max": "2026-05-14",
  "validation_tail_auc": 0.5313131313131314,
  "validation_tail_trade_metrics": {
    "trades": 39,
    "win_rate": 0.6153846153846154,
    "avg_return": 0.008006944357917902,
    "median_return": 0.00756369199731011,
    "compound_return": 0.3443907611264423,
    "max_drawdown": -0.08092873425684766,
    "profit_factor": 2.0332704492496667
  },
  "files": {
    "model": "saved_models/601899.SH/nextday_vwap_low_close_profit_extra_trees_reversal_fundamental_regime_sector_zijin_v1/model.joblib",
    "feature_median": "saved_models/601899.SH/nextday_vwap_low_close_profit_extra_trees_reversal_fundamental_regime_sector_zijin_v1/feature_median.csv",
    "feature_columns": "saved_models/601899.SH/nextday_vwap_low_close_profit_extra_trees_reversal_fundamental_regime_sector_zijin_v1/feature_columns.txt",
    "validation_tail_predictions": "saved_models/601899.SH/nextday_vwap_low_close_profit_extra_trees_reversal_fundamental_regime_sector_zijin_v1/validation_tail_predictions.csv",
    "metadata": "saved_models/601899.SH/nextday_vwap_low_close_profit_extra_trees_reversal_fundamental_regime_sector_zijin_v1/metadata.json"
  },
  "usage_note": "This artifact is stock-specific. Use only for 601899.SH with the same feature-building pipeline. model.joblib is the validation-train model whose scores produced validation_tail_predictions.csv and threshold."
}
