{
  "artifact_created_at": "2026-05-18T01:41:58",
  "stock_code": "603308.SH",
  "artifact_name": "nextday_all_days_close_profit_xgb_d3_600_reversal_fundamental_regime_external_ane_live_board_v2_external_full_selected_20260516",
  "samples": "/root/stock_realtime_v021_full/saved_data/603308_pipeline_out/04_external/aero_nuclear_equipment/training_samples_with_aero_nuclear_equipment_external.csv",
  "intraday_bars": "/root/stock_realtime_v021_full/saved_data/603308_pipeline_out/00_base/603308_5m.csv",
  "feature_group": "reversal_fundamental_regime_external",
  "model_name": "xgb_d3_600_lr002_mcw3",
  "label_mode": "close_profit",
  "entry_policy": "all_days",
  "entry_vwap_premium_bps": 50.0,
  "label_col": "trade_close_profit_label",
  "return_col": "trade_net_close_return",
  "target_hit_bps": 50.0,
  "round_trip_cost_bps": 1.7,
  "threshold": 0.5925617814064026,
  "threshold_quantile": 0.8,
  "feature_count": 547,
  "rows": 1539,
  "train_rows_for_threshold": 1413,
  "valid_rows_for_threshold": 126,
  "train_entry_rows_for_saved_model": 1413,
  "saved_model_scope": "validation_train",
  "saved_model_matches_validation_tail_predictions": true,
  "date_min": "2020-01-02",
  "date_max": "2026-05-14",
  "validation_tail_auc": 0.6128625472887768,
  "validation_tail_trade_metrics": {
    "trades": 26,
    "win_rate": 0.6153846153846154,
    "avg_return": 0.009409708417723829,
    "median_return": 0.0020431584037268226,
    "compound_return": 0.25481471986360993,
    "max_drawdown": -0.08425855573224583,
    "profit_factor": 1.995508529948923
  },
  "files": {
    "model": "saved_models/603308.SH/nextday_all_days_close_profit_xgb_d3_600_reversal_fundamental_regime_external_ane_live_board_v2_external_full_selected_20260516/model.joblib",
    "feature_median": "saved_models/603308.SH/nextday_all_days_close_profit_xgb_d3_600_reversal_fundamental_regime_external_ane_live_board_v2_external_full_selected_20260516/feature_median.csv",
    "feature_columns": "saved_models/603308.SH/nextday_all_days_close_profit_xgb_d3_600_reversal_fundamental_regime_external_ane_live_board_v2_external_full_selected_20260516/feature_columns.txt",
    "validation_tail_predictions": "saved_models/603308.SH/nextday_all_days_close_profit_xgb_d3_600_reversal_fundamental_regime_external_ane_live_board_v2_external_full_selected_20260516/validation_tail_predictions.csv",
    "metadata": "saved_models/603308.SH/nextday_all_days_close_profit_xgb_d3_600_reversal_fundamental_regime_external_ane_live_board_v2_external_full_selected_20260516/metadata.json"
  },
  "usage_note": "This artifact is stock-specific. Use only for 603308.SH with the same feature-building pipeline. model.joblib is the validation-train model whose scores produced validation_tail_predictions.csv and threshold."
}
