{
  "artifact_created_at": "2026-05-18T01:28:15",
  "stock_code": "002270.SZ",
  "artifact_name": "nextday_all_days_close_profit_extra_trees_all_no_ak_v1",
  "samples": "/root/stock_realtime_v021_full/saved_data/002270_pipeline_out/03_sector/training_samples_with_sector.csv",
  "intraday_bars": "/root/stock_realtime_v021_full/saved_data/002270_pipeline_out/00_base/002270_5m.csv",
  "feature_group": "all_no_ak",
  "model_name": "extra_trees_600_d3",
  "label_mode": "close_profit",
  "entry_policy": "all_days",
  "entry_vwap_premium_bps": 50.0,
  "label_col": "trade_close_profit_label",
  "return_col": "trade_net_close_return",
  "target_hit_bps": 50.0,
  "round_trip_cost_bps": 1.7,
  "threshold": 0.5278047087339155,
  "threshold_quantile": 0.8,
  "feature_count": 213,
  "rows": 1529,
  "train_rows_for_threshold": 1403,
  "valid_rows_for_threshold": 126,
  "train_entry_rows_for_saved_model": 1403,
  "saved_model_scope": "validation_train",
  "saved_model_matches_validation_tail_predictions": true,
  "date_min": "2020-01-02",
  "date_max": "2026-05-14",
  "validation_tail_auc": 0.5380116959064328,
  "validation_tail_trade_metrics": {
    "trades": 26,
    "win_rate": 0.5384615384615384,
    "avg_return": 0.0016854313356625514,
    "median_return": 0.003253092820998175,
    "compound_return": 0.03547345512851208,
    "max_drawdown": -0.13539195767996104,
    "profit_factor": 1.1678065926275147
  },
  "files": {
    "model": "saved_models/002270.SZ/nextday_all_days_close_profit_extra_trees_all_no_ak_v1/model.joblib",
    "feature_median": "saved_models/002270.SZ/nextday_all_days_close_profit_extra_trees_all_no_ak_v1/feature_median.csv",
    "feature_columns": "saved_models/002270.SZ/nextday_all_days_close_profit_extra_trees_all_no_ak_v1/feature_columns.txt",
    "validation_tail_predictions": "saved_models/002270.SZ/nextday_all_days_close_profit_extra_trees_all_no_ak_v1/validation_tail_predictions.csv",
    "metadata": "saved_models/002270.SZ/nextday_all_days_close_profit_extra_trees_all_no_ak_v1/metadata.json"
  },
  "usage_note": "This artifact is stock-specific. Use only for 002270.SZ with the same feature-building pipeline. model.joblib is the validation-train model whose scores produced validation_tail_predictions.csv and threshold."
}
