{
  "artifact_created_at": "2026-05-18T01:33:20",
  "stock_code": "600096.SH",
  "artifact_name": "nextday_vwap_low_close_profit_xgb_d4_reversal_fundamental_regime_sector_v1",
  "samples": "/root/stock_realtime_v021_full/saved_data/600096_pipeline_out/03_sector/training_samples_with_sector.csv",
  "intraday_bars": "/root/stock_realtime_v021_full/saved_data/600096_pipeline_out/00_base/600096_5m.csv",
  "feature_group": "reversal_fundamental_regime_sector",
  "model_name": "xgb_d4_500_lr002_mcw5",
  "label_mode": "close_profit",
  "entry_policy": "vwap_low",
  "entry_vwap_premium_bps": 50.0,
  "label_col": "trade_close_profit_label",
  "return_col": "trade_net_close_return",
  "target_hit_bps": 50.0,
  "round_trip_cost_bps": 1.7,
  "threshold": 0.5220376133918763,
  "threshold_quantile": 0.6,
  "feature_count": 160,
  "rows": 1539,
  "train_rows_for_threshold": 1413,
  "valid_rows_for_threshold": 126,
  "train_entry_rows_for_saved_model": 1405,
  "saved_model_scope": "validation_train",
  "saved_model_matches_validation_tail_predictions": true,
  "date_min": "2020-01-02",
  "date_max": "2026-05-14",
  "validation_tail_auc": 0.5747793190416142,
  "validation_tail_trade_metrics": {
    "trades": 37,
    "win_rate": 0.5675675675675675,
    "avg_return": 0.00720899653432212,
    "median_return": 0.00558043128234598,
    "compound_return": 0.2890701742733792,
    "max_drawdown": -0.08642703916422989,
    "profit_factor": 2.2223541344292195
  },
  "files": {
    "model": "saved_models/600096.SH/nextday_vwap_low_close_profit_xgb_d4_reversal_fundamental_regime_sector_v1/model.joblib",
    "feature_median": "saved_models/600096.SH/nextday_vwap_low_close_profit_xgb_d4_reversal_fundamental_regime_sector_v1/feature_median.csv",
    "feature_columns": "saved_models/600096.SH/nextday_vwap_low_close_profit_xgb_d4_reversal_fundamental_regime_sector_v1/feature_columns.txt",
    "validation_tail_predictions": "saved_models/600096.SH/nextday_vwap_low_close_profit_xgb_d4_reversal_fundamental_regime_sector_v1/validation_tail_predictions.csv",
    "metadata": "saved_models/600096.SH/nextday_vwap_low_close_profit_xgb_d4_reversal_fundamental_regime_sector_v1/metadata.json"
  },
  "usage_note": "This artifact is stock-specific. Use only for 600096.SH with the same feature-building pipeline. model.joblib is the validation-train model whose scores produced validation_tail_predictions.csv and threshold."
}
